[  1/ 50] S3  Z_ZHUYI     seed  1  goal      clr  0.50  t  16.7  inf  53  N 26.0  mpc   4.8 ms  err 0.17
[  2/ 50] S3  Z_ZHUYI     seed  2  goal      clr  0.43  t  21.1  inf  52  N 25.8  mpc   4.9 ms  err 0.35
[  3/ 50] S3  Z_ZHUYI     seed  3  goal      clr  0.48  t  25.5  inf  68  N 25.4  mpc   4.7 ms  err 0.31
[  4/ 50] S3  Z_ZHUYI     seed  4  goal      clr  0.55  t  21.7  inf  50  N 25.7  mpc   4.6 ms  err 0.29
[  5/ 50] S3  Z_ZHUYI     seed  5  timeout   clr  0.72  t  40.0  inf  50  N 17.1  mpc   3.0 ms  err 0.34
[  6/ 50] S3  Z_ZHUYI     seed  6  goal      clr  0.68  t  14.5  inf  45  N 25.7  mpc   4.2 ms  err 0.36
[  7/ 50] S3  Z_ZHUYI     seed  7  goal      clr  0.55  t  23.2  inf  52  N 25.1  mpc   4.4 ms  err 0.38
[  8/ 50] S3  Z_ZHUYI     seed  8  goal      clr  0.59  t  21.1  inf  46  N 23.3  mpc   3.7 ms  err 0.29
[  9/ 50] S3  Z_ZHUYI     seed  9  goal      clr  0.69  t  18.5  inf  41  N 24.8  mpc   4.0 ms  err 0.32
[ 10/ 50] S3  Z_ZHUYI     seed 10  goal      clr  0.60  t  27.9  inf  58  N 23.5  mpc   3.9 ms  err 0.33
[ 11/ 50] S3  Z_ZHUYI     seed 11  goal      clr  0.65  t  19.4  inf  51  N 25.1  mpc   3.9 ms  err 0.28
[ 12/ 50] S3  Z_ZHUYI     seed 12  goal      clr  0.55  t  29.8  inf  65  N 21.8  mpc   3.6 ms  err 0.23
[ 13/ 50] S3  Z_ZHUYI     seed 13  goal      clr  0.72  t  22.9  inf  49  N 24.2  mpc   3.9 ms  err 0.40
[ 14/ 50] S3  Z_ZHUYI     seed 14  goal      clr  0.71  t  22.1  inf  53  N 24.7  mpc   3.9 ms  err 0.26
[ 15/ 50] S3  Z_ZHUYI     seed 15  goal      clr  0.70  t  24.1  inf  56  N 23.4  mpc   4.3 ms  err 0.37
[ 16/ 50] S3  Z_ZHUYI     seed 16  goal      clr  0.52  t  32.0  inf  61  N 20.7  mpc   3.4 ms  err 0.21
[ 17/ 50] S3  Z_ZHUYI     seed 17  goal      clr  0.77  t  17.7  inf  46  N 24.5  mpc   4.0 ms  err 0.30
[ 18/ 50] S3  Z_ZHUYI     seed 18  goal      clr  0.57  t  15.7  inf  54  N 25.7  mpc   4.3 ms  err 0.38
[ 19/ 50] S3  Z_ZHUYI     seed 19  goal      clr  0.54  t  23.0  inf  52  N 23.0  mpc   4.0 ms  err 0.50
[ 20/ 50] S3  Z_ZHUYI     seed 20  goal      clr  0.72  t  18.9  inf  47  N 25.3  mpc   4.2 ms  err 0.23
[ 21/ 50] S3  Z_ZHUYI     seed 21  goal      clr  0.57  t  21.1  inf  50  N 24.9  mpc   4.2 ms  err 0.22
[ 22/ 50] S3  Z_ZHUYI     seed 22  goal      clr  0.55  t  17.7  inf  47  N 25.3  mpc   4.3 ms  err 0.36
[ 23/ 50] S3  Z_ZHUYI     seed 23  goal      clr  0.70  t  19.3  inf  46  N 24.7  mpc   3.9 ms  err 0.22
[ 24/ 50] S3  Z_ZHUYI     seed 24  collision clr -0.00  t  39.0  inf  75  N 20.1  mpc   3.8 ms  err 0.22
[ 25/ 50] S3  Z_ZHUYI     seed 25  goal      clr  0.65  t  17.3  inf  50  N 26.7  mpc   4.5 ms  err 0.26
[ 26/ 50] S3  Z_ZHUYI     seed 26  goal      clr  0.44  t  18.5  inf  51  N 26.0  mpc   4.3 ms  err 0.39
[ 27/ 50] S3  Z_ZHUYI     seed 27  goal      clr  0.63  t  14.4  inf  50  N 26.0  mpc   4.0 ms  err 0.15
[ 28/ 50] S3  Z_ZHUYI     seed 28  goal      clr  0.58  t  14.2  inf  44  N 26.2  mpc   4.3 ms  err 0.29
[ 29/ 50] S3  Z_ZHUYI     seed 29  timeout   clr  0.75  t  40.0  inf  50  N 16.5  mpc   2.7 ms  err 0.23
[ 30/ 50] S3  Z_ZHUYI     seed 30  goal      clr  0.59  t  19.7  inf  49  N 24.2  mpc   4.2 ms  err 0.22
[ 31/ 50] S3  Z_ZHUYI     seed 31  goal      clr  0.59  t  21.9  inf  53  N 24.4  mpc   4.2 ms  err 0.22
[ 32/ 50] S3  Z_ZHUYI     seed 32  goal      clr  0.66  t  15.4  inf  49  N 26.2  mpc   4.3 ms  err 0.31
[ 33/ 50] S3  Z_ZHUYI     seed 33  goal      clr  0.68  t  23.2  inf  51  N 24.4  mpc   4.0 ms  err 0.27
[ 34/ 50] S3  Z_ZHUYI     seed 34  goal      clr  0.64  t  15.6  inf  46  N 25.7  mpc   4.3 ms  err 0.25
[ 35/ 50] S3  Z_ZHUYI     seed 35  goal      clr  0.63  t  20.8  inf  40  N 24.3  mpc   3.8 ms  err 0.40
[ 36/ 50] S3  Z_ZHUYI     seed 36  goal      clr  0.59  t  19.5  inf  53  N 25.4  mpc   4.1 ms  err 0.24
[ 37/ 50] S3  Z_ZHUYI     seed 37  goal      clr  0.65  t  22.9  inf  47  N 25.1  mpc   4.2 ms  err 0.30
[ 38/ 50] S3  Z_ZHUYI     seed 38  timeout   clr  0.55  t  40.0  inf  89  N 16.4  mpc   2.6 ms  err 0.53
[ 39/ 50] S3  Z_ZHUYI     seed 39  goal      clr  0.63  t  18.3  inf  48  N 26.5  mpc   4.4 ms  err 0.25
[ 40/ 50] S3  Z_ZHUYI     seed 40  goal      clr  0.61  t  18.4  inf  50  N 25.5  mpc   4.2 ms  err 0.43
[ 41/ 50] S3  Z_ZHUYI     seed 41  goal      clr  0.50  t  25.5  inf  51  N 23.8  mpc   3.9 ms  err 0.32
[ 42/ 50] S3  Z_ZHUYI     seed 42  goal      clr  0.72  t  25.5  inf  54  N 22.1  mpc   3.6 ms  err 0.24
[ 43/ 50] S3  Z_ZHUYI     seed 43  goal      clr  0.42  t  22.1  inf  49  N 24.3  mpc   4.1 ms  err 0.28
[ 44/ 50] S3  Z_ZHUYI     seed 44  timeout   clr  0.55  t  40.0  inf  57  N 15.1  mpc   2.6 ms  err 0.63
[ 45/ 50] S3  Z_ZHUYI     seed 45  goal      clr  0.56  t  22.8  inf  58  N 23.3  mpc   4.1 ms  err 0.27
[ 46/ 50] S3  Z_ZHUYI     seed 46  goal      clr  0.63  t  15.1  inf  52  N 26.0  mpc   4.2 ms  err 0.23
[ 47/ 50] S3  Z_ZHUYI     seed 47  timeout   clr  0.73  t  40.0  inf  42  N 14.8  mpc   2.2 ms  err 0.71
[ 48/ 50] S3  Z_ZHUYI     seed 48  goal      clr  0.64  t  16.6  inf  46  N 26.3  mpc   4.5 ms  err 0.39
[ 49/ 50] S3  Z_ZHUYI     seed 49  goal      clr  0.72  t  14.1  inf  39  N 26.1  mpc   3.9 ms  err 0.23
[ 50/ 50] S3  Z_ZHUYI     seed 50  goal      clr  0.51  t  16.3  inf  50  N 25.9  mpc   4.2 ms  err 0.54
