[  1/450] speed=6 S2  E_DART      seed  1  goal      clr  0.50  t  14.4  inf  79  N 25.3  mpc   6.2 ms  err 0.63
[  2/450] speed=6 S2  E_DART      seed  2  goal      clr  0.79  t  13.3  inf  79  N 25.3  mpc   4.8 ms  err 0.38
[  3/450] speed=6 S2  E_DART      seed  3  goal      clr  0.43  t  15.2  inf 103  N 24.5  mpc   3.8 ms  err 0.38
[  4/450] speed=6 S2  E_DART      seed  4  goal      clr  0.72  t  13.7  inf  84  N 24.0  mpc   3.7 ms  err 0.74
[  5/450] speed=6 S2  E_DART      seed  5  goal      clr  0.69  t  14.4  inf  78  N 24.5  mpc   3.6 ms  err 0.83
[  6/450] speed=6 S2  E_DART      seed  6  goal      clr  0.72  t  12.8  inf  75  N 25.2  mpc   3.6 ms  err 0.49
[  7/450] speed=6 S2  E_DART      seed  7  goal      clr  0.62  t  15.8  inf  78  N 23.7  mpc   3.4 ms  err 0.34
[  8/450] speed=6 S2  E_DART      seed  8  goal      clr  0.93  t  14.0  inf  72  N 24.2  mpc   3.4 ms  err 0.29
[  9/450] speed=6 S2  E_DART      seed  9  goal      clr  0.66  t  15.8  inf 105  N 25.3  mpc   3.7 ms  err 0.45
[ 10/450] speed=6 S2  E_DART      seed 10  goal      clr  0.79  t  17.9  inf  76  N 23.2  mpc   3.4 ms  err 0.90
[ 11/450] speed=6 S2  E_DART      seed 11  goal      clr  0.39  t  15.1  inf 102  N 25.3  mpc   3.8 ms  err 0.31
[ 12/450] speed=6 S2  E_DART      seed 12  goal      clr  0.67  t  18.3  inf 124  N 23.7  mpc   3.5 ms  err 0.76
[ 13/450] speed=6 S2  E_DART      seed 13  goal      clr  0.65  t  15.1  inf  87  N 25.2  mpc   3.8 ms  err 0.71
[ 14/450] speed=6 S2  E_DART      seed 14  goal      clr  0.28  t  14.5  inf  97  N 24.3  mpc   3.5 ms  err 0.55
[ 15/450] speed=6 S2  E_DART      seed 15  goal      clr  0.49  t  20.7  inf 125  N 24.4  mpc   3.8 ms  err 0.50
[ 16/450] speed=6 S2  E_DART      seed 16  goal      clr  0.65  t  15.2  inf 101  N 25.4  mpc   3.9 ms  err 0.64
[ 17/450] speed=6 S2  E_DART      seed 17  goal      clr  0.71  t  13.0  inf  83  N 25.2  mpc   4.0 ms  err 0.25
[ 18/450] speed=6 S2  E_DART      seed 18  goal      clr  0.64  t  14.8  inf  74  N 24.3  mpc   4.4 ms  err 1.00
[ 19/450] speed=6 S2  E_DART      seed 19  goal      clr  0.67  t  17.8  inf  96  N 23.3  mpc   3.4 ms  err 0.71
[ 20/450] speed=6 S2  E_DART      seed 20  goal      clr  0.73  t  15.4  inf  90  N 23.9  mpc   3.4 ms  err 0.27
[ 21/450] speed=6 S2  E_DART      seed 21  goal      clr  0.87  t  12.6  inf  82  N 24.6  mpc   3.5 ms  err 0.25
[ 22/450] speed=6 S2  E_DART      seed 22  goal      clr  0.59  t  15.8  inf  88  N 24.8  mpc   3.7 ms  err 0.47
[ 23/450] speed=6 S2  E_DART      seed 23  goal      clr  0.39  t  18.7  inf 112  N 26.0  mpc   4.1 ms  err 0.62
[ 24/450] speed=6 S2  E_DART      seed 24  goal      clr  0.55  t  14.5  inf  98  N 25.9  mpc   3.9 ms  err 0.29
[ 25/450] speed=6 S2  E_DART      seed 25  goal      clr  0.45  t  17.0  inf 107  N 24.8  mpc   4.1 ms  err 0.62
[ 26/450] speed=6 S2  E_DART      seed 26  goal      clr  0.66  t  14.3  inf  78  N 25.4  mpc   4.7 ms  err 0.36
[ 27/450] speed=6 S2  E_DART      seed 27  goal      clr  0.44  t  15.2  inf  97  N 25.2  mpc   3.8 ms  err 0.54
[ 28/450] speed=6 S2  E_DART      seed 28  goal      clr  0.88  t  17.9  inf  77  N 22.5  mpc   3.2 ms  err 0.51
[ 29/450] speed=6 S2  E_DART      seed 29  goal      clr  0.62  t  13.3  inf  87  N 25.6  mpc   3.7 ms  err 0.54
[ 30/450] speed=6 S2  E_DART      seed 30  goal      clr  0.69  t  15.1  inf  96  N 25.0  mpc   3.6 ms  err 0.64
[ 31/450] speed=6 S2  E_DART      seed 31  goal      clr  0.44  t  19.6  inf  91  N 23.4  mpc   3.5 ms  err 0.50
[ 32/450] speed=6 S2  E_DART      seed 32  goal      clr  0.47  t  14.6  inf 104  N 26.3  mpc   4.0 ms  err 0.50
[ 33/450] speed=6 S2  E_DART      seed 33  goal      clr  0.76  t  13.3  inf  86  N 25.0  mpc   3.6 ms  err 0.38
[ 34/450] speed=6 S2  E_DART      seed 34  goal      clr  0.19  t  16.6  inf 103  N 24.4  mpc   4.7 ms  err 0.55
[ 35/450] speed=6 S2  E_DART      seed 35  goal      clr  0.74  t  13.5  inf  83  N 24.6  mpc   3.7 ms  err 0.48
[ 36/450] speed=6 S2  E_DART      seed 36  goal      clr  0.63  t  16.2  inf 100  N 25.0  mpc   4.0 ms  err 0.44
[ 37/450] speed=6 S2  E_DART      seed 37  goal      clr  0.74  t  19.0  inf  77  N 21.5  mpc   3.0 ms  err 0.34
[ 38/450] speed=6 S2  E_DART      seed 38  goal      clr  0.61  t  14.7  inf 101  N 27.2  mpc   4.1 ms  err 0.39
[ 39/450] speed=6 S2  E_DART      seed 39  goal      clr  0.80  t  13.9  inf  80  N 26.2  mpc   3.8 ms  err 0.92
[ 40/450] speed=6 S2  E_DART      seed 40  goal      clr  0.56  t  14.6  inf  97  N 26.1  mpc   4.6 ms  err 0.34
[ 41/450] speed=6 S2  E_DART      seed 41  goal      clr  0.87  t  14.5  inf  71  N 25.1  mpc   3.9 ms  err 0.74
[ 42/450] speed=6 S2  E_DART      seed 42  goal      clr  0.38  t  14.5  inf  89  N 24.4  mpc   3.9 ms  err 0.39
[ 43/450] speed=6 S2  E_DART      seed 43  goal      clr  0.55  t  15.3  inf  97  N 25.1  mpc   3.9 ms  err 0.66
[ 44/450] speed=6 S2  E_DART      seed 44  goal      clr  0.65  t  13.2  inf  81  N 25.1  mpc   3.9 ms  err 0.28
[ 45/450] speed=6 S2  E_DART      seed 45  goal      clr  0.89  t  19.0  inf  89  N 23.2  mpc   3.7 ms  err 0.35
[ 46/450] speed=6 S2  E_DART      seed 46  goal      clr  0.49  t  13.9  inf  87  N 24.6  mpc   3.7 ms  err 0.37
[ 47/450] speed=6 S2  E_DART      seed 47  goal      clr  0.70  t  13.1  inf  80  N 26.1  mpc   3.8 ms  err 0.51
[ 48/450] speed=6 S2  E_DART      seed 48  goal      clr  0.65  t  13.2  inf  82  N 25.6  mpc   3.8 ms  err 0.31
[ 49/450] speed=6 S2  E_DART      seed 49  goal      clr  0.90  t  15.5  inf  87  N 24.6  mpc   3.6 ms  err 0.61
[ 50/450] speed=6 S2  E_DART      seed 50  goal      clr  0.51  t  14.3  inf  86  N 25.0  mpc   3.6 ms  err 0.53
[ 51/450] speed=6 S2  Z_ZHUYI     seed  1  goal      clr  0.60  t  12.8  inf  57  N 25.5  mpc   3.7 ms  err 0.22
[ 52/450] speed=6 S2  Z_ZHUYI     seed  2  goal      clr  1.00  t  12.5  inf  51  N 25.1  mpc   3.6 ms  err 0.38
[ 53/450] speed=6 S2  Z_ZHUYI     seed  3  goal      clr  0.85  t  15.3  inf  62  N 23.5  mpc   3.6 ms  err 0.25
[ 54/450] speed=6 S2  Z_ZHUYI     seed  4  goal      clr  0.71  t  19.3  inf  36  N 22.2  mpc   3.8 ms  err 0.55
[ 55/450] speed=6 S2  Z_ZHUYI     seed  5  goal      clr  1.05  t  14.3  inf  38  N 23.4  mpc   3.7 ms  err 0.66
[ 56/450] speed=6 S2  Z_ZHUYI     seed  6  goal      clr  0.76  t  15.9  inf  30  N 21.9  mpc   2.9 ms  err 0.64
[ 57/450] speed=6 S2  Z_ZHUYI     seed  7  goal      clr  1.01  t  14.3  inf  35  N 21.8  mpc   2.8 ms  err 0.55
[ 58/450] speed=6 S2  Z_ZHUYI     seed  8  goal      clr  0.81  t  17.6  inf  39  N 23.3  mpc   3.1 ms  err 0.34
[ 59/450] speed=6 S2  Z_ZHUYI     seed  9  goal      clr  0.60  t  14.2  inf  49  N 26.1  mpc   3.8 ms  err 0.48
[ 60/450] speed=6 S2  Z_ZHUYI     seed 10  goal      clr  0.52  t  13.1  inf  51  N 25.2  mpc   3.7 ms  err 0.46
[ 61/450] speed=6 S2  Z_ZHUYI     seed 11  goal      clr  0.52  t  15.0  inf  44  N 25.6  mpc   3.8 ms  err 0.82
[ 62/450] speed=6 S2  Z_ZHUYI     seed 12  goal      clr  0.65  t  20.4  inf  48  N 23.2  mpc   3.3 ms  err 0.38
[ 63/450] speed=6 S2  Z_ZHUYI     seed 13  goal      clr  0.62  t  17.7  inf  42  N 23.7  mpc   3.5 ms  err 0.39
[ 64/450] speed=6 S2  Z_ZHUYI     seed 14  goal      clr  0.55  t  14.7  inf  50  N 23.5  mpc   4.2 ms  err 0.60
[ 65/450] speed=6 S2  Z_ZHUYI     seed 15  goal      clr  0.75  t  19.8  inf  34  N 25.6  mpc   4.0 ms  err 0.49
[ 66/450] speed=6 S2  Z_ZHUYI     seed 16  goal      clr  0.52  t  15.4  inf  63  N 25.9  mpc   4.1 ms  err 0.25
[ 67/450] speed=6 S2  Z_ZHUYI     seed 17  goal      clr  0.73  t  14.1  inf  48  N 24.6  mpc   4.0 ms  err 0.29
[ 68/450] speed=6 S2  Z_ZHUYI     seed 18  goal      clr  0.68  t  13.1  inf  53  N 25.8  mpc   3.8 ms  err 0.32
[ 69/450] speed=6 S2  Z_ZHUYI     seed 19  goal      clr  0.71  t  14.3  inf  36  N 23.9  mpc   3.5 ms  err 0.69
[ 70/450] speed=6 S2  Z_ZHUYI     seed 20  goal      clr  0.39  t  21.4  inf  59  N 22.2  mpc   3.2 ms  err 0.74
[ 71/450] speed=6 S2  Z_ZHUYI     seed 21  goal      clr  0.83  t  12.1  inf  57  N 25.1  mpc   3.5 ms  err 0.34
[ 72/450] speed=6 S2  Z_ZHUYI     seed 22  goal      clr  0.56  t  15.5  inf  39  N 23.1  mpc   3.3 ms  err 0.83
[ 73/450] speed=6 S2  Z_ZHUYI     seed 23  goal      clr  0.86  t  21.1  inf  38  N 22.1  mpc   3.1 ms  err 0.81
[ 74/450] speed=6 S2  Z_ZHUYI     seed 24  goal      clr  0.47  t  15.6  inf  37  N 24.6  mpc   3.5 ms  err 0.30
[ 75/450] speed=6 S2  Z_ZHUYI     seed 25  goal      clr  0.89  t  17.2  inf  19  N 23.7  mpc   3.0 ms  err 1.13
[ 76/450] speed=6 S2  Z_ZHUYI     seed 26  goal      clr  0.97  t  17.3  inf  19  N 21.6  mpc   2.7 ms  err 0.64
[ 77/450] speed=6 S2  Z_ZHUYI     seed 27  goal      clr  0.76  t  16.5  inf  40  N 23.7  mpc   3.8 ms  err 0.28
[ 78/450] speed=6 S2  Z_ZHUYI     seed 28  goal      clr  0.83  t  13.6  inf  59  N 24.4  mpc   4.1 ms  err 0.30
[ 79/450] speed=6 S2  Z_ZHUYI     seed 29  goal      clr  2.89  t  13.3  inf  14  N 23.5  mpc   2.7 ms  err 0.41
[ 80/450] speed=6 S2  Z_ZHUYI     seed 30  goal      clr  1.05  t  14.9  inf  51  N 25.4  mpc   3.7 ms  err 0.34
[ 81/450] speed=6 S2  Z_ZHUYI     seed 31  goal      clr  0.91  t  15.9  inf  26  N 22.9  mpc   3.0 ms  err 0.39
[ 82/450] speed=6 S2  Z_ZHUYI     seed 32  goal      clr  0.73  t  13.9  inf  55  N 25.7  mpc   3.8 ms  err 0.52
[ 83/450] speed=6 S2  Z_ZHUYI     seed 33  goal      clr  0.68  t  14.4  inf  51  N 25.7  mpc   3.8 ms  err 0.84
[ 84/450] speed=6 S2  Z_ZHUYI     seed 34  goal      clr  0.63  t  14.6  inf  46  N 25.9  mpc   4.4 ms  err 0.29
[ 85/450] speed=6 S2  Z_ZHUYI     seed 35  goal      clr  2.01  t  13.3  inf  16  N 23.1  mpc   3.1 ms  err 0.71
[ 86/450] speed=6 S2  Z_ZHUYI     seed 36  goal      clr  0.65  t  14.1  inf  49  N 26.1  mpc   4.1 ms  err 0.63
[ 87/450] speed=6 S2  Z_ZHUYI     seed 37  goal      clr  0.75  t  19.6  inf  50  N 21.4  mpc   3.4 ms  err 0.34
[ 88/450] speed=6 S2  Z_ZHUYI     seed 38  goal      clr  1.13  t  12.7  inf  31  N 23.5  mpc   3.0 ms  err 0.57
[ 89/450] speed=6 S2  Z_ZHUYI     seed 39  goal      clr  2.30  t  13.1  inf  18  N 23.8  mpc   3.2 ms  err 0.99
[ 90/450] speed=6 S2  Z_ZHUYI     seed 40  goal      clr  0.58  t  13.9  inf  56  N 25.0  mpc   4.1 ms  err 0.44
[ 91/450] speed=6 S2  Z_ZHUYI     seed 41  goal      clr  0.67  t  16.4  inf  51  N 22.2  mpc   3.1 ms  err 0.47
[ 92/450] speed=6 S2  Z_ZHUYI     seed 42  goal      clr  0.77  t  16.5  inf  40  N 22.5  mpc   3.1 ms  err 0.51
[ 93/450] speed=6 S2  Z_ZHUYI     seed 43  goal      clr  0.52  t  16.2  inf  42  N 24.8  mpc   3.5 ms  err 0.30
[ 94/450] speed=6 S2  Z_ZHUYI     seed 44  goal      clr  0.70  t  17.5  inf  51  N 23.9  mpc   3.5 ms  err 0.41
[ 95/450] speed=6 S2  Z_ZHUYI     seed 45  goal      clr  0.78  t  14.8  inf  47  N 25.5  mpc   3.7 ms  err 0.28
[ 96/450] speed=6 S2  Z_ZHUYI     seed 46  goal      clr  0.71  t  12.7  inf  42  N 25.8  mpc   3.6 ms  err 0.64
[ 97/450] speed=6 S2  Z_ZHUYI     seed 47  goal      clr  0.89  t  17.0  inf  39  N 23.5  mpc   3.3 ms  err 0.68
[ 98/450] speed=6 S2  Z_ZHUYI     seed 48  goal      clr  0.56  t  17.4  inf  46  N 23.4  mpc   3.2 ms  err 0.27
[ 99/450] speed=6 S2  Z_ZHUYI     seed 49  goal      clr  0.39  t  17.1  inf  23  N 22.8  mpc   3.1 ms  err 0.82
[100/450] speed=6 S2  Z_ZHUYI     seed 50  goal      clr  0.67  t  14.9  inf  52  N 25.9  mpc   3.8 ms  err 0.54
[101/450] speed=6 S2  A_FR_FN     seed  1  collision clr -0.01  t   9.2  inf  87  N 20.0  mpc   2.6 ms  err 0.26
[102/450] speed=6 S2  A_FR_FN     seed  2  goal      clr  0.53  t  38.0  inf 350  N 20.0  mpc   2.8 ms  err 1.46
[103/450] speed=6 S2  A_FR_FN     seed  3  goal      clr  0.35  t  15.0  inf 141  N 20.0  mpc   2.5 ms  err 0.53
[104/450] speed=6 S2  A_FR_FN     seed  4  goal      clr  0.52  t  11.4  inf 108  N 20.0  mpc   2.4 ms  err 0.24
[105/450] speed=6 S2  A_FR_FN     seed  5  goal      clr  0.36  t  14.0  inf 127  N 20.0  mpc   2.9 ms  err 0.82
[106/450] speed=6 S2  A_FR_FN     seed  6  goal      clr  0.54  t  23.8  inf 222  N 20.0  mpc   2.9 ms  err 1.65
[107/450] speed=6 S2  A_FR_FN     seed  7  goal      clr  0.38  t  15.6  inf 143  N 20.0  mpc   2.5 ms  err 0.29
[108/450] speed=6 S2  A_FR_FN     seed  8  goal      clr  0.47  t  11.5  inf 108  N 20.0  mpc   2.4 ms  err 0.56
[109/450] speed=6 S2  A_FR_FN     seed  9  goal      clr  0.36  t  13.9  inf 130  N 20.0  mpc   2.5 ms  err 0.47
[110/450] speed=6 S2  A_FR_FN     seed 10  goal      clr  0.37  t  15.8  inf 144  N 20.0  mpc   2.4 ms  err 0.29
[111/450] speed=6 S2  A_FR_FN     seed 11  goal      clr  0.44  t  11.9  inf 108  N 20.0  mpc   3.0 ms  err 0.38
[112/450] speed=6 S2  A_FR_FN     seed 12  goal      clr  0.10  t  12.3  inf 114  N 20.0  mpc   3.1 ms  err 0.39
[113/450] speed=6 S2  A_FR_FN     seed 13  goal      clr  0.35  t  15.2  inf 145  N 20.0  mpc   2.5 ms  err 0.30
[114/450] speed=6 S2  A_FR_FN     seed 14  collision clr -0.01  t   5.2  inf  48  N 20.0  mpc   2.9 ms  err 0.24
[115/450] speed=6 S2  A_FR_FN     seed 15  goal      clr  0.39  t  14.7  inf 135  N 20.0  mpc   2.5 ms  err 0.44
[116/450] speed=6 S2  A_FR_FN     seed 16  collision clr -0.01  t   3.3  inf  32  N 20.0  mpc   2.6 ms  err 0.20
[117/450] speed=6 S2  A_FR_FN     seed 17  goal      clr  0.29  t  14.4  inf 137  N 20.0  mpc   2.4 ms  err 0.46
[118/450] speed=6 S2  A_FR_FN     seed 18  goal      clr  0.37  t  12.8  inf 120  N 20.0  mpc   2.5 ms  err 0.51
[119/450] speed=6 S2  A_FR_FN     seed 19  goal      clr  0.38  t  13.5  inf 128  N 20.0  mpc   2.4 ms  err 0.25
[120/450] speed=6 S2  A_FR_FN     seed 20  goal      clr  0.58  t  11.4  inf 106  N 20.0  mpc   2.4 ms  err 0.25
[121/450] speed=6 S2  A_FR_FN     seed 21  goal      clr  0.65  t  12.9  inf 119  N 20.0  mpc   2.4 ms  err 0.40
[122/450] speed=6 S2  A_FR_FN     seed 22  goal      clr  0.52  t  11.8  inf 112  N 20.0  mpc   2.5 ms  err 0.44
[123/450] speed=6 S2  A_FR_FN     seed 23  goal      clr  0.33  t  17.8  inf 164  N 20.0  mpc   2.7 ms  err 0.67
[124/450] speed=6 S2  A_FR_FN     seed 24  goal      clr  0.52  t  11.4  inf 106  N 20.0  mpc   3.0 ms  err 0.43
[125/450] speed=6 S2  A_FR_FN     seed 25  collision clr -0.00  t   8.5  inf  79  N 20.0  mpc   3.2 ms  err 0.30
[126/450] speed=6 S2  A_FR_FN     seed 26  goal      clr  0.42  t  11.9  inf 111  N 20.0  mpc   2.5 ms  err 0.47
[127/450] speed=6 S2  A_FR_FN     seed 27  goal      clr  0.34  t  16.5  inf 154  N 20.0  mpc   2.5 ms  err 0.57
[128/450] speed=6 S2  A_FR_FN     seed 28  goal      clr  0.52  t  11.6  inf 109  N 20.0  mpc   2.7 ms  err 0.55
[129/450] speed=6 S2  A_FR_FN     seed 29  goal      clr  0.41  t  13.8  inf 130  N 20.0  mpc   2.4 ms  err 0.34
[130/450] speed=6 S2  A_FR_FN     seed 30  goal      clr  0.39  t  12.4  inf 114  N 20.0  mpc   2.5 ms  err 0.36
[131/450] speed=6 S2  A_FR_FN     seed 31  goal      clr  0.45  t  14.6  inf 136  N 20.0  mpc   2.8 ms  err 0.49
[132/450] speed=6 S2  A_FR_FN     seed 32  goal      clr  0.29  t  26.6  inf 248  N 20.0  mpc   2.7 ms  err 0.41
[133/450] speed=6 S2  A_FR_FN     seed 33  collision clr -0.04  t   7.9  inf  75  N 20.0  mpc   2.6 ms  err 0.53
[134/450] speed=6 S2  A_FR_FN     seed 34  goal      clr  0.12  t  11.5  inf 110  N 20.0  mpc   2.4 ms  err 0.20
[135/450] speed=6 S2  A_FR_FN     seed 35  goal      clr  0.43  t  13.1  inf 124  N 20.0  mpc   2.4 ms  err 0.36
[136/450] speed=6 S2  A_FR_FN     seed 36  goal      clr  0.06  t  15.3  inf 144  N 20.0  mpc   2.5 ms  err 0.38
[137/450] speed=6 S2  A_FR_FN     seed 37  goal      clr  0.28  t  14.6  inf 137  N 20.0  mpc   2.4 ms  err 0.25
[138/450] speed=6 S2  A_FR_FN     seed 38  goal      clr  0.32  t  20.6  inf 192  N 20.0  mpc   2.6 ms  err 0.78
[139/450] speed=6 S2  A_FR_FN     seed 39  goal      clr  0.53  t  11.4  inf 104  N 20.0  mpc   2.4 ms  err 0.43
[140/450] speed=6 S2  A_FR_FN     seed 40  goal      clr  0.48  t  12.1  inf 114  N 20.0  mpc   2.4 ms  err 0.33
[141/450] speed=6 S2  A_FR_FN     seed 41  goal      clr  0.25  t  13.4  inf 125  N 20.0  mpc   2.5 ms  err 0.34
[142/450] speed=6 S2  A_FR_FN     seed 42  goal      clr  0.23  t  18.2  inf 170  N 20.0  mpc   2.5 ms  err 0.59
[143/450] speed=6 S2  A_FR_FN     seed 43  goal      clr  0.24  t  11.5  inf 106  N 20.0  mpc   2.4 ms  err 0.48
[144/450] speed=6 S2  A_FR_FN     seed 44  goal      clr  0.35  t  12.2  inf 111  N 20.0  mpc   2.5 ms  err 0.32
[145/450] speed=6 S2  A_FR_FN     seed 45  goal      clr  0.39  t  13.2  inf 124  N 20.0  mpc   2.5 ms  err 0.22
[146/450] speed=6 S2  A_FR_FN     seed 46  goal      clr  0.29  t  13.9  inf 128  N 20.0  mpc   2.5 ms  err 0.71
[147/450] speed=6 S2  A_FR_FN     seed 47  goal      clr  0.41  t  11.5  inf 106  N 20.0  mpc   2.5 ms  err 0.57
[148/450] speed=6 S2  A_FR_FN     seed 48  goal      clr  0.38  t  11.9  inf 113  N 20.0  mpc   2.5 ms  err 0.46
[149/450] speed=6 S2  A_FR_FN     seed 49  goal      clr  0.47  t  11.6  inf 110  N 20.0  mpc   2.4 ms  err 0.53
[150/450] speed=6 S2  A_FR_FN     seed 50  goal      clr  0.14  t  14.3  inf 135  N 20.0  mpc   2.4 ms  err 0.43
[151/450] speed=6 S2  F_NODELAY   seed  1  goal      clr  0.10  t  13.8  inf 100  N 25.3  mpc   3.7 ms  err 1.82
[152/450] speed=6 S2  F_NODELAY   seed  2  collision clr -0.01  t   2.8  inf  16  N 23.4  mpc   4.3 ms  err 1.62
[153/450] speed=6 S2  F_NODELAY   seed  3  goal      clr  0.71  t  14.2  inf  82  N 23.8  mpc   4.4 ms  err 2.67
[154/450] speed=6 S2  F_NODELAY   seed  4  goal      clr  0.72  t  14.9  inf  51  N 22.8  mpc   3.4 ms  err 2.65
[155/450] speed=6 S2  F_NODELAY   seed  5  goal      clr  0.39  t  15.8  inf  62  N 22.6  mpc   3.0 ms  err 2.35
[156/450] speed=6 S2  F_NODELAY   seed  6  goal      clr  0.31  t  12.2  inf  94  N 25.7  mpc   4.1 ms  err 2.00
[157/450] speed=6 S2  F_NODELAY   seed  7  goal      clr  0.14  t  18.5  inf 140  N 25.9  mpc   4.1 ms  err 1.63
[158/450] speed=6 S2  F_NODELAY   seed  8  goal      clr  1.65  t  14.5  inf  75  N 22.0  mpc   3.0 ms  err 3.94
[159/450] speed=6 S2  F_NODELAY   seed  9  collision clr -0.01  t  10.4  inf  91  N 28.0  mpc   4.6 ms  err 2.56
[160/450] speed=6 S2  F_NODELAY   seed 10  goal      clr  0.48  t  24.5  inf 167  N 23.7  mpc   3.6 ms  err 2.46
[161/450] speed=6 S2  F_NODELAY   seed 11  collision clr -0.01  t   3.7  inf  36  N 26.9  mpc   4.2 ms  err 1.50
[162/450] speed=6 S2  F_NODELAY   seed 12  goal      clr  0.30  t  15.6  inf 101  N 24.2  mpc   3.5 ms  err 2.59
[163/450] speed=6 S2  F_NODELAY   seed 13  goal      clr  0.06  t  18.3  inf 125  N 25.6  mpc   4.0 ms  err 2.24
[164/450] speed=6 S2  F_NODELAY   seed 14  goal      clr  0.07  t  20.3  inf 148  N 25.1  mpc   4.5 ms  err 2.34
[165/450] speed=6 S2  F_NODELAY   seed 15  goal      clr  1.40  t  15.7  inf  73  N 23.7  mpc   3.5 ms  err 2.52
[166/450] speed=6 S2  F_NODELAY   seed 16  goal      clr  0.32  t  17.6  inf  90  N 22.8  mpc   3.1 ms  err 3.66
[167/450] speed=6 S2  F_NODELAY   seed 17  goal      clr  1.30  t  14.8  inf  89  N 23.6  mpc   3.4 ms  err 2.14
[168/450] speed=6 S2  F_NODELAY   seed 18  collision clr -0.01  t   4.3  inf  39  N 27.3  mpc   4.3 ms  err 1.64
[169/450] speed=6 S2  F_NODELAY   seed 19  goal      clr  0.13  t  18.1  inf 108  N 23.2  mpc   3.5 ms  err 2.14
[170/450] speed=6 S2  F_NODELAY   seed 20  goal      clr  0.49  t  17.1  inf  78  N 21.1  mpc   3.0 ms  err 2.31
[171/450] speed=6 S2  F_NODELAY   seed 21  goal      clr  0.59  t  13.5  inf  71  N 24.3  mpc   3.2 ms  err 3.52
[172/450] speed=6 S2  F_NODELAY   seed 22  goal      clr  1.25  t  16.2  inf  89  N 22.6  mpc   3.9 ms  err 2.22
[173/450] speed=6 S2  F_NODELAY   seed 23  goal      clr  0.25  t  22.9  inf 143  N 23.3  mpc   3.7 ms  err 1.91
[174/450] speed=6 S2  F_NODELAY   seed 24  goal      clr  1.41  t  16.3  inf  77  N 22.1  mpc   3.0 ms  err 2.50
[175/450] speed=6 S2  F_NODELAY   seed 25  goal      clr  0.61  t  16.1  inf  83  N 23.9  mpc   3.4 ms  err 2.98
[176/450] speed=6 S2  F_NODELAY   seed 26  goal      clr  0.14  t  14.4  inf  77  N 23.6  mpc   3.7 ms  err 2.56
[177/450] speed=6 S2  F_NODELAY   seed 27  goal      clr  0.61  t  17.0  inf 104  N 22.6  mpc   4.1 ms  err 3.35
[178/450] speed=6 S2  F_NODELAY   seed 28  collision clr -0.01  t   2.6  inf  23  N 27.2  mpc   4.2 ms  err 1.08
[179/450] speed=6 S2  F_NODELAY   seed 29  goal      clr  0.92  t  16.6  inf  80  N 22.4  mpc   3.3 ms  err 2.42
[180/450] speed=6 S2  F_NODELAY   seed 30  goal      clr  0.46  t  19.9  inf 122  N 23.4  mpc   3.7 ms  err 2.33
[181/450] speed=6 S2  F_NODELAY   seed 31  goal      clr  0.91  t  18.5  inf 123  N 23.7  mpc   3.7 ms  err 2.71
[182/450] speed=6 S2  F_NODELAY   seed 32  goal      clr  0.76  t  14.3  inf  71  N 22.7  mpc   3.3 ms  err 2.82
[183/450] speed=6 S2  F_NODELAY   seed 33  goal      clr  0.93  t  15.2  inf  93  N 24.0  mpc   3.4 ms  err 3.13
[184/450] speed=6 S2  F_NODELAY   seed 34  collision clr -0.01  t  19.9  inf 162  N 26.0  mpc   4.4 ms  err 1.69
[185/450] speed=6 S2  F_NODELAY   seed 35  goal      clr  1.06  t  14.7  inf  91  N 23.2  mpc   4.0 ms  err 3.16
[186/450] speed=6 S2  F_NODELAY   seed 36  goal      clr  0.05  t  15.9  inf  78  N 22.7  mpc   3.2 ms  err 2.23
[187/450] speed=6 S2  F_NODELAY   seed 37  goal      clr  1.71  t  17.3  inf  87  N 21.7  mpc   3.1 ms  err 3.53
[188/450] speed=6 S2  F_NODELAY   seed 38  goal      clr  0.56  t  15.4  inf  60  N 21.8  mpc   2.7 ms  err 2.79
[189/450] speed=6 S2  F_NODELAY   seed 39  goal      clr  1.34  t  16.4  inf  89  N 22.7  mpc   3.4 ms  err 2.20
[190/450] speed=6 S2  F_NODELAY   seed 40  goal      clr  1.09  t  17.9  inf  89  N 22.1  mpc   3.0 ms  err 2.16
[191/450] speed=6 S2  F_NODELAY   seed 41  goal      clr  1.47  t  18.3  inf 110  N 23.1  mpc   3.3 ms  err 2.38
[192/450] speed=6 S2  F_NODELAY   seed 42  goal      clr  0.21  t  20.6  inf 153  N 24.0  mpc   4.0 ms  err 2.71
[193/450] speed=6 S2  F_NODELAY   seed 43  collision clr -0.00  t   3.3  inf  27  N 25.4  mpc   5.3 ms  err 1.95
[194/450] speed=6 S2  F_NODELAY   seed 44  goal      clr  0.34  t  25.1  inf 146  N 22.1  mpc   3.3 ms  err 1.93
[195/450] speed=6 S2  F_NODELAY   seed 45  goal      clr  0.61  t  21.4  inf 136  N 23.7  mpc   3.5 ms  err 1.84
[196/450] speed=6 S2  F_NODELAY   seed 46  goal      clr  0.88  t  14.1  inf  86  N 24.2  mpc   3.5 ms  err 2.21
[197/450] speed=6 S2  F_NODELAY   seed 47  goal      clr  0.79  t  20.4  inf 107  N 20.7  mpc   2.9 ms  err 2.76
[198/450] speed=6 S2  F_NODELAY   seed 48  goal      clr  0.93  t  19.2  inf 128  N 24.6  mpc   3.5 ms  err 4.45
[199/450] speed=6 S2  F_NODELAY   seed 49  goal      clr  0.32  t  17.7  inf 114  N 22.4  mpc   3.2 ms  err 2.20
[200/450] speed=6 S2  F_NODELAY   seed 50  goal      clr  0.25  t  26.9  inf 211  N 24.2  mpc   3.9 ms  err 1.55
[201/450] speed=6 S2  FR_SAFE_1   seed  1  goal      clr  0.24  t  19.7  inf  20  N 23.6  mpc   3.8 ms  err 0.72
[202/450] speed=6 S2  FR_SAFE_1   seed  2  goal      clr  0.90  t  17.5  inf  18  N 24.7  mpc   3.6 ms  err 0.45
[203/450] speed=6 S2  FR_SAFE_1   seed  3  goal      clr  0.60  t  25.9  inf  26  N 22.8  mpc   3.5 ms  err 0.21
[204/450] speed=6 S2  FR_SAFE_1   seed  4  goal      clr  0.65  t  24.4  inf  25  N 22.0  mpc   3.1 ms  err 1.08
[205/450] speed=6 S2  FR_SAFE_1   seed  5  goal      clr  2.93  t  15.0  inf  16  N 22.2  mpc   2.7 ms  err 0.57
[206/450] speed=6 S2  FR_SAFE_1   seed  6  goal      clr  0.80  t  14.4  inf  15  N 23.0  mpc   2.9 ms  err 1.19
[207/450] speed=6 S2  FR_SAFE_1   seed  7  goal      clr  2.66  t  18.1  inf  19  N 21.1  mpc   2.6 ms  err 0.71
[208/450] speed=6 S2  FR_SAFE_1   seed  8  goal      clr  0.80  t  20.8  inf  21  N 23.5  mpc   3.3 ms  err 0.49
[209/450] speed=6 S2  FR_SAFE_1   seed  9  goal      clr  1.78  t  13.6  inf  14  N 24.9  mpc   3.9 ms  err 0.64
[210/450] speed=6 S2  FR_SAFE_1   seed 10  goal      clr  0.82  t  16.8  inf  17  N 23.6  mpc   4.1 ms  err 0.80
[211/450] speed=6 S2  FR_SAFE_1   seed 11  goal      clr  0.68  t  15.2  inf  16  N 24.8  mpc   3.9 ms  err 0.71
[212/450] speed=6 S2  FR_SAFE_1   seed 12  goal      clr  1.09  t  16.0  inf  16  N 22.9  mpc   3.3 ms  err 0.63
[213/450] speed=6 S2  FR_SAFE_1   seed 13  goal      clr  0.84  t  19.5  inf  20  N 23.2  mpc   3.4 ms  err 0.64
[214/450] speed=6 S2  FR_SAFE_1   seed 14  goal      clr  1.21  t  23.0  inf  24  N 25.2  mpc   4.7 ms  err 0.45
[215/450] speed=6 S2  FR_SAFE_1   seed 15  goal      clr  1.01  t  21.5  inf  22  N 21.9  mpc   3.4 ms  err 0.56
[216/450] speed=6 S2  FR_SAFE_1   seed 16  goal      clr  0.77  t  19.0  inf  20  N 23.1  mpc   3.2 ms  err 0.52
[217/450] speed=6 S2  FR_SAFE_1   seed 17  goal      clr  0.91  t  16.4  inf  17  N 25.3  mpc   3.7 ms  err 0.49
[218/450] speed=6 S2  FR_SAFE_1   seed 18  goal      clr  0.85  t  17.0  inf  17  N 26.6  mpc   4.6 ms  err 0.78
[219/450] speed=6 S2  FR_SAFE_1   seed 19  goal      clr  2.70  t  15.6  inf  16  N 22.8  mpc   3.6 ms  err 0.82
[220/450] speed=6 S2  FR_SAFE_1   seed 20  goal      clr  1.01  t  15.8  inf  16  N 23.0  mpc   3.1 ms  err 0.91
[221/450] speed=6 S2  FR_SAFE_1   seed 21  goal      clr  0.84  t  23.8  inf  24  N 24.9  mpc   4.2 ms  err 0.87
[222/450] speed=6 S2  FR_SAFE_1   seed 22  goal      clr  0.80  t  20.6  inf  21  N 24.8  mpc   3.7 ms  err 0.48
[223/450] speed=6 S2  FR_SAFE_1   seed 23  goal      clr  0.79  t  23.6  inf  24  N 24.1  mpc   3.3 ms  err 0.51
[224/450] speed=6 S2  FR_SAFE_1   seed 24  goal      clr  0.92  t  18.0  inf  18  N 23.4  mpc   3.4 ms  err 0.80
[225/450] speed=6 S2  FR_SAFE_1   seed 25  goal      clr  1.08  t  18.3  inf  19  N 23.6  mpc   3.5 ms  err 1.00
[226/450] speed=6 S2  FR_SAFE_1   seed 26  goal      clr  1.62  t  17.2  inf  18  N 21.6  mpc   2.9 ms  err 0.61
[227/450] speed=6 S2  FR_SAFE_1   seed 27  goal      clr  0.95  t  22.2  inf  23  N 22.9  mpc   4.1 ms  err 0.28
[228/450] speed=6 S2  FR_SAFE_1   seed 28  goal      clr  0.67  t  17.9  inf  18  N 23.9  mpc   3.4 ms  err 0.75
[229/450] speed=6 S2  FR_SAFE_1   seed 29  goal      clr  2.92  t  13.5  inf  14  N 23.7  mpc   2.8 ms  err 0.39
[230/450] speed=6 S2  FR_SAFE_1   seed 30  goal      clr  1.50  t  15.7  inf  16  N 25.5  mpc   3.7 ms  err 0.77
[231/450] speed=6 S2  FR_SAFE_1   seed 31  goal      clr  0.91  t  21.3  inf  22  N 23.1  mpc   3.1 ms  err 0.46
[232/450] speed=6 S2  FR_SAFE_1   seed 32  goal      clr  0.93  t  20.9  inf  21  N 24.5  mpc   4.1 ms  err 0.65
[233/450] speed=6 S2  FR_SAFE_1   seed 33  goal      clr  1.31  t  13.1  inf  14  N 24.2  mpc   4.2 ms  err 0.77
[234/450] speed=6 S2  FR_SAFE_1   seed 34  goal      clr  1.00  t  21.9  inf  22  N 23.8  mpc   4.0 ms  err 0.81
[235/450] speed=6 S2  FR_SAFE_1   seed 35  goal      clr  0.69  t  16.4  inf  17  N 23.1  mpc   3.2 ms  err 0.75
[236/450] speed=6 S2  FR_SAFE_1   seed 36  goal      clr  1.30  t  16.5  inf  17  N 24.5  mpc   3.7 ms  err 1.12
[237/450] speed=6 S2  FR_SAFE_1   seed 37  goal      clr  1.07  t  25.6  inf  26  N 22.7  mpc   3.3 ms  err 0.49
[238/450] speed=6 S2  FR_SAFE_1   seed 38  goal      clr  1.03  t  18.8  inf  19  N 23.8  mpc   3.1 ms  err 0.55
[239/450] speed=6 S2  FR_SAFE_1   seed 39  goal      clr  3.03  t  13.4  inf  14  N 24.2  mpc   2.8 ms  err 0.79
[240/450] speed=6 S2  FR_SAFE_1   seed 40  goal      clr  0.85  t  20.7  inf  21  N 22.6  mpc   3.1 ms  err 0.41
[241/450] speed=6 S2  FR_SAFE_1   seed 41  goal      clr  0.88  t  16.5  inf  17  N 22.1  mpc   2.7 ms  err 0.80
[242/450] speed=6 S2  FR_SAFE_1   seed 42  goal      clr  0.58  t  20.6  inf  21  N 22.1  mpc   3.1 ms  err 0.73
[243/450] speed=6 S2  FR_SAFE_1   seed 43  goal      clr  0.62  t  18.4  inf  19  N 25.1  mpc   3.7 ms  err 0.45
[244/450] speed=6 S2  FR_SAFE_1   seed 44  goal      clr  1.41  t  13.4  inf  14  N 23.9  mpc   3.3 ms  err 0.49
[245/450] speed=6 S2  FR_SAFE_1   seed 45  goal      clr  0.95  t  14.2  inf  15  N 25.8  mpc   3.7 ms  err 1.28
[246/450] speed=6 S2  FR_SAFE_1   seed 46  goal      clr  0.79  t  21.4  inf  22  N 24.1  mpc   3.7 ms  err 0.58
[247/450] speed=6 S2  FR_SAFE_1   seed 47  goal      clr  0.49  t  22.8  inf  23  N 23.8  mpc   3.7 ms  err 0.99
[248/450] speed=6 S2  FR_SAFE_1   seed 48  goal      clr  1.58  t  20.9  inf  21  N 20.7  mpc   2.6 ms  err 0.37
[249/450] speed=6 S2  FR_SAFE_1   seed 49  goal      clr  1.04  t  15.2  inf  16  N 24.2  mpc   3.1 ms  err 0.57
[250/450] speed=6 S2  FR_SAFE_1   seed 50  goal      clr  1.15  t  23.0  inf  24  N 23.7  mpc   3.4 ms  err 0.41
[251/450] speed=6 S2  FR_SAFE_2   seed  1  goal      clr  0.83  t  14.4  inf  29  N 23.0  mpc   3.2 ms  err 0.72
[252/450] speed=6 S2  FR_SAFE_2   seed  2  goal      clr  0.85  t  17.3  inf  35  N 24.5  mpc   4.8 ms  err 0.63
[253/450] speed=6 S2  FR_SAFE_2   seed  3  goal      clr  0.89  t  14.9  inf  30  N 25.9  mpc   3.8 ms  err 0.22
[254/450] speed=6 S2  FR_SAFE_2   seed  4  goal      clr  0.79  t  15.7  inf  32  N 25.1  mpc   3.6 ms  err 0.50
[255/450] speed=6 S2  FR_SAFE_2   seed  5  goal      clr  0.84  t  14.3  inf  29  N 23.2  mpc   3.3 ms  err 0.81
[256/450] speed=6 S2  FR_SAFE_2   seed  6  goal      clr  1.09  t  12.6  inf  26  N 26.5  mpc   3.6 ms  err 0.64
[257/450] speed=6 S2  FR_SAFE_2   seed  7  goal      clr  1.10  t  18.6  inf  38  N 21.6  mpc   3.0 ms  err 0.43
[258/450] speed=6 S2  FR_SAFE_2   seed  8  goal      clr  1.07  t  14.0  inf  28  N 25.2  mpc   3.5 ms  err 0.68
[259/450] speed=6 S2  FR_SAFE_2   seed  9  goal      clr  0.54  t  17.9  inf  36  N 23.6  mpc   3.4 ms  err 0.60
[260/450] speed=6 S2  FR_SAFE_2   seed 10  goal      clr  0.64  t  20.5  inf  41  N 22.2  mpc   3.2 ms  err 0.32
[261/450] speed=6 S2  FR_SAFE_2   seed 11  goal      clr  0.67  t  16.4  inf  33  N 25.3  mpc   3.7 ms  err 1.17
[262/450] speed=6 S2  FR_SAFE_2   seed 12  goal      clr  0.86  t  17.7  inf  36  N 25.2  mpc   4.0 ms  err 0.47
[263/450] speed=6 S2  FR_SAFE_2   seed 13  goal      clr  0.71  t  16.1  inf  33  N 25.6  mpc   4.6 ms  err 0.39
[264/450] speed=6 S2  FR_SAFE_2   seed 14  goal      clr  0.77  t  15.3  inf  31  N 23.8  mpc   3.3 ms  err 0.47
[265/450] speed=6 S2  FR_SAFE_2   seed 15  goal      clr  1.32  t  15.4  inf  31  N 25.8  mpc   3.9 ms  err 0.74
[266/450] speed=6 S2  FR_SAFE_2   seed 16  goal      clr  0.67  t  16.5  inf  33  N 24.9  mpc   3.5 ms  err 0.39
[267/450] speed=6 S2  FR_SAFE_2   seed 17  goal      clr  0.68  t  16.1  inf  33  N 25.7  mpc   3.8 ms  err 0.37
[268/450] speed=6 S2  FR_SAFE_2   seed 18  goal      clr  1.29  t  13.1  inf  27  N 25.3  mpc   3.6 ms  err 0.79
[269/450] speed=6 S2  FR_SAFE_2   seed 19  goal      clr  0.55  t  21.2  inf  43  N 22.2  mpc   4.0 ms  err 0.39
[270/450] speed=6 S2  FR_SAFE_2   seed 20  goal      clr  0.75  t  16.8  inf  34  N 23.7  mpc   3.6 ms  err 0.65
[271/450] speed=6 S2  FR_SAFE_2   seed 21  goal      clr  0.98  t  16.6  inf  34  N 25.8  mpc   4.0 ms  err 0.71
[272/450] speed=6 S2  FR_SAFE_2   seed 22  goal      clr  0.78  t  15.5  inf  32  N 24.2  mpc   3.5 ms  err 0.55
[273/450] speed=6 S2  FR_SAFE_2   seed 23  goal      clr  0.63  t  18.4  inf  37  N 22.8  mpc   3.7 ms  err 0.56
[274/450] speed=6 S2  FR_SAFE_2   seed 24  goal      clr  0.42  t  15.8  inf  32  N 24.9  mpc   3.7 ms  err 0.57
[275/450] speed=6 S2  FR_SAFE_2   seed 25  goal      clr  0.78  t  18.5  inf  37  N 25.7  mpc   3.8 ms  err 0.56
[276/450] speed=6 S2  FR_SAFE_2   seed 26  goal      clr  0.62  t  15.6  inf  32  N 23.4  mpc   3.5 ms  err 0.57
[277/450] speed=6 S2  FR_SAFE_2   seed 27  goal      clr  0.85  t  15.1  inf  31  N 25.1  mpc   3.6 ms  err 0.20
[278/450] speed=6 S2  FR_SAFE_2   seed 28  goal      clr  0.58  t  18.1  inf  37  N 26.5  mpc   4.0 ms  err 0.55
[279/450] speed=6 S2  FR_SAFE_2   seed 29  goal      clr  1.04  t  12.9  inf  26  N 25.5  mpc   3.5 ms  err 0.57
[280/450] speed=6 S2  FR_SAFE_2   seed 30  goal      clr  0.79  t  21.6  inf  44  N 23.5  mpc   3.4 ms  err 0.55
[281/450] speed=6 S2  FR_SAFE_2   seed 31  goal      clr  0.61  t  16.4  inf  33  N 25.4  mpc   4.8 ms  err 0.46
[282/450] speed=6 S2  FR_SAFE_2   seed 32  goal      clr  0.67  t  15.2  inf  31  N 26.3  mpc   3.9 ms  err 0.54
[283/450] speed=6 S2  FR_SAFE_2   seed 33  goal      clr  0.99  t  12.6  inf  26  N 25.2  mpc   4.1 ms  err 0.54
[284/450] speed=6 S2  FR_SAFE_2   seed 34  goal      clr  0.83  t  13.6  inf  28  N 25.0  mpc   3.6 ms  err 0.52
[285/450] speed=6 S2  FR_SAFE_2   seed 35  goal      clr  1.20  t  12.9  inf  26  N 24.1  mpc   3.2 ms  err 0.51
[286/450] speed=6 S2  FR_SAFE_2   seed 36  goal      clr  0.91  t  15.7  inf  32  N 26.0  mpc   4.0 ms  err 0.34
[287/450] speed=6 S2  FR_SAFE_2   seed 37  goal      clr  0.73  t  19.1  inf  39  N 23.1  mpc   3.2 ms  err 0.32
[288/450] speed=6 S2  FR_SAFE_2   seed 38  goal      clr  0.70  t  15.4  inf  31  N 26.6  mpc   4.7 ms  err 0.27
[289/450] speed=6 S2  FR_SAFE_2   seed 39  goal      clr  0.80  t  14.9  inf  30  N 26.1  mpc   4.2 ms  err 0.62
[290/450] speed=6 S2  FR_SAFE_2   seed 40  goal      clr  0.96  t  15.6  inf  32  N 23.8  mpc   3.3 ms  err 0.52
[291/450] speed=6 S2  FR_SAFE_2   seed 41  goal      clr  0.61  t  19.2  inf  39  N 23.7  mpc   3.5 ms  err 0.47
[292/450] speed=6 S2  FR_SAFE_2   seed 42  goal      clr  0.62  t  20.8  inf  42  N 22.7  mpc   3.2 ms  err 0.24
[293/450] speed=6 S2  FR_SAFE_2   seed 43  goal      clr  0.61  t  16.0  inf  32  N 25.1  mpc   3.7 ms  err 0.62
[294/450] speed=6 S2  FR_SAFE_2   seed 44  goal      clr  0.98  t  13.0  inf  26  N 25.4  mpc   3.5 ms  err 0.40
[295/450] speed=6 S2  FR_SAFE_2   seed 45  goal      clr  0.79  t  15.7  inf  32  N 23.1  mpc   3.4 ms  err 0.55
[296/450] speed=6 S2  FR_SAFE_2   seed 46  goal      clr  0.72  t  18.5  inf  38  N 24.2  mpc   3.5 ms  err 0.23
[297/450] speed=6 S2  FR_SAFE_2   seed 47  goal      clr  0.72  t  15.3  inf  31  N 23.9  mpc   3.5 ms  err 0.63
[298/450] speed=6 S2  FR_SAFE_2   seed 48  goal      clr  0.75  t  17.6  inf  36  N 24.5  mpc   3.4 ms  err 0.70
[299/450] speed=6 S2  FR_SAFE_2   seed 49  goal      clr  0.49  t  14.2  inf  29  N 24.5  mpc   4.0 ms  err 0.73
[300/450] speed=6 S2  FR_SAFE_2   seed 50  goal      clr  1.11  t  14.1  inf  29  N 25.0  mpc   4.4 ms  err 1.19
[301/450] speed=6 S2  FR_SAFE_3   seed  1  goal      clr  0.54  t  14.8  inf  44  N 25.7  mpc   4.1 ms  err 0.59
[302/450] speed=6 S2  FR_SAFE_3   seed  2  goal      clr  1.02  t  16.4  inf  49  N 25.8  mpc   3.8 ms  err 0.37
[303/450] speed=6 S2  FR_SAFE_3   seed  3  goal      clr  0.70  t  15.6  inf  46  N 24.8  mpc   3.6 ms  err 0.19
[304/450] speed=6 S2  FR_SAFE_3   seed  4  goal      clr  1.42  t  16.4  inf  49  N 22.7  mpc   3.4 ms  err 0.74
[305/450] speed=6 S2  FR_SAFE_3   seed  5  goal      clr  0.78  t  18.5  inf  55  N 24.5  mpc   3.7 ms  err 0.81
[306/450] speed=6 S2  FR_SAFE_3   seed  6  goal      clr  0.82  t  13.4  inf  40  N 26.5  mpc   3.6 ms  err 0.35
[307/450] speed=6 S2  FR_SAFE_3   seed  7  goal      clr  0.46  t  14.3  inf  42  N 25.2  mpc   3.9 ms  err 0.61
[308/450] speed=6 S2  FR_SAFE_3   seed  8  goal      clr  0.69  t  16.9  inf  50  N 23.8  mpc   3.7 ms  err 0.31
[309/450] speed=6 S2  FR_SAFE_3   seed  9  goal      clr  0.64  t  16.0  inf  48  N 25.1  mpc   3.7 ms  err 0.53
[310/450] speed=6 S2  FR_SAFE_3   seed 10  goal      clr  0.82  t  19.9  inf  59  N 20.9  mpc   3.0 ms  err 0.23
[311/450] speed=6 S2  FR_SAFE_3   seed 11  goal      clr  0.63  t  15.1  inf  45  N 25.5  mpc   3.6 ms  err 0.35
[312/450] speed=6 S2  FR_SAFE_3   seed 12  goal      clr  0.83  t  17.4  inf  52  N 24.9  mpc   3.6 ms  err 0.67
[313/450] speed=6 S2  FR_SAFE_3   seed 13  goal      clr  0.60  t  14.3  inf  43  N 25.0  mpc   3.7 ms  err 0.56
[314/450] speed=6 S2  FR_SAFE_3   seed 14  goal      clr  1.05  t  15.6  inf  46  N 20.9  mpc   3.0 ms  err 0.44
[315/450] speed=6 S2  FR_SAFE_3   seed 15  goal      clr  0.70  t  12.7  inf  38  N 25.3  mpc   3.6 ms  err 0.63
[316/450] speed=6 S2  FR_SAFE_3   seed 16  goal      clr  0.83  t  14.0  inf  42  N 25.9  mpc   4.4 ms  err 0.62
[317/450] speed=6 S2  FR_SAFE_3   seed 17  goal      clr  0.73  t  13.0  inf  39  N 25.3  mpc   4.1 ms  err 0.35
[318/450] speed=6 S2  FR_SAFE_3   seed 18  goal      clr  0.58  t  13.8  inf  41  N 25.3  mpc   3.6 ms  err 0.57
[319/450] speed=6 S2  FR_SAFE_3   seed 19  goal      clr  0.56  t  16.7  inf  49  N 24.2  mpc   3.6 ms  err 0.64
[320/450] speed=6 S2  FR_SAFE_3   seed 20  goal      clr  0.84  t  16.1  inf  48  N 23.5  mpc   3.9 ms  err 0.45
[321/450] speed=6 S2  FR_SAFE_3   seed 21  goal      clr  0.84  t  13.4  inf  40  N 24.7  mpc   4.0 ms  err 0.36
[322/450] speed=6 S2  FR_SAFE_3   seed 22  goal      clr  0.69  t  13.3  inf  40  N 25.0  mpc   3.6 ms  err 0.41
[323/450] speed=6 S2  FR_SAFE_3   seed 23  goal      clr  0.51  t  18.7  inf  56  N 22.9  mpc   3.3 ms  err 0.50
[324/450] speed=6 S2  FR_SAFE_3   seed 24  goal      clr  0.69  t  22.3  inf  66  N 22.8  mpc   3.4 ms  err 0.55
[325/450] speed=6 S2  FR_SAFE_3   seed 25  goal      clr  0.53  t  15.3  inf  45  N 25.0  mpc   3.6 ms  err 0.71
[326/450] speed=6 S2  FR_SAFE_3   seed 26  goal      clr  1.04  t  15.4  inf  46  N 24.7  mpc   3.4 ms  err 0.48
[327/450] speed=6 S2  FR_SAFE_3   seed 27  goal      clr  0.52  t  16.5  inf  49  N 25.4  mpc   4.5 ms  err 0.37
[328/450] speed=6 S2  FR_SAFE_3   seed 28  goal      clr  0.57  t  14.6  inf  43  N 26.0  mpc   4.1 ms  err 0.38
[329/450] speed=6 S2  FR_SAFE_3   seed 29  goal      clr  1.18  t  12.0  inf  36  N 25.1  mpc   4.0 ms  err 0.69
[330/450] speed=6 S2  FR_SAFE_3   seed 30  goal      clr  0.83  t  13.7  inf  41  N 25.1  mpc   3.7 ms  err 0.43
[331/450] speed=6 S2  FR_SAFE_3   seed 31  goal      clr  0.34  t  15.3  inf  45  N 24.1  mpc   4.0 ms  err 0.49
[332/450] speed=6 S2  FR_SAFE_3   seed 32  goal      clr  0.96  t  16.8  inf  50  N 23.2  mpc   3.5 ms  err 0.58
[333/450] speed=6 S2  FR_SAFE_3   seed 33  goal      clr  0.66  t  13.0  inf  39  N 25.4  mpc   3.6 ms  err 0.55
[334/450] speed=6 S2  FR_SAFE_3   seed 34  goal      clr  0.52  t  13.6  inf  41  N 24.8  mpc   3.6 ms  err 0.80
[335/450] speed=6 S2  FR_SAFE_3   seed 35  goal      clr  0.55  t  14.0  inf  42  N 25.2  mpc   3.7 ms  err 0.50
[336/450] speed=6 S2  FR_SAFE_3   seed 36  goal      clr  0.69  t  13.6  inf  40  N 24.8  mpc   4.4 ms  err 0.70
[337/450] speed=6 S2  FR_SAFE_3   seed 37  goal      clr  0.72  t  14.9  inf  44  N 25.8  mpc   3.5 ms  err 0.20
[338/450] speed=6 S2  FR_SAFE_3   seed 38  goal      clr  0.69  t  15.9  inf  47  N 26.3  mpc   4.0 ms  err 0.39
[339/450] speed=6 S2  FR_SAFE_3   seed 39  goal      clr  0.64  t  14.5  inf  43  N 25.6  mpc   4.3 ms  err 0.39
[340/450] speed=6 S2  FR_SAFE_3   seed 40  goal      clr  0.62  t  18.8  inf  56  N 25.3  mpc   3.9 ms  err 0.62
[341/450] speed=6 S2  FR_SAFE_3   seed 41  goal      clr  0.70  t  18.2  inf  54  N 25.7  mpc   3.9 ms  err 0.34
[342/450] speed=6 S2  FR_SAFE_3   seed 42  goal      clr  0.90  t  17.9  inf  53  N 22.5  mpc   3.2 ms  err 0.47
[343/450] speed=6 S2  FR_SAFE_3   seed 43  goal      clr  0.94  t  17.5  inf  52  N 23.4  mpc   3.2 ms  err 0.43
[344/450] speed=6 S2  FR_SAFE_3   seed 44  goal      clr  0.92  t  13.0  inf  39  N 25.1  mpc   3.5 ms  err 0.31
[345/450] speed=6 S2  FR_SAFE_3   seed 45  goal      clr  0.81  t  17.0  inf  50  N 23.4  mpc   3.0 ms  err 0.37
[346/450] speed=6 S2  FR_SAFE_3   seed 46  goal      clr  0.67  t  16.4  inf  49  N 25.6  mpc   3.6 ms  err 0.78
[347/450] speed=6 S2  FR_SAFE_3   seed 47  goal      clr  1.08  t  15.3  inf  45  N 22.8  mpc   3.3 ms  err 0.89
[348/450] speed=6 S2  FR_SAFE_3   seed 48  goal      clr  0.40  t  19.0  inf  56  N 24.2  mpc   3.5 ms  err 0.18
[349/450] speed=6 S2  FR_SAFE_3   seed 49  goal      clr  0.49  t  14.9  inf  44  N 23.3  mpc   3.7 ms  err 0.64
[350/450] speed=6 S2  FR_SAFE_3   seed 50  goal      clr  0.85  t  12.8  inf  38  N 25.1  mpc   4.0 ms  err 0.74
[351/450] speed=6 S2  FR_SAFE_5   seed  1  goal      clr  0.72  t  14.7  inf  74  N 24.4  mpc   3.6 ms  err 0.70
[352/450] speed=6 S2  FR_SAFE_5   seed  2  goal      clr  0.45  t  15.6  inf  78  N 24.7  mpc   3.7 ms  err 0.42
[353/450] speed=6 S2  FR_SAFE_5   seed  3  goal      clr  0.95  t  12.2  inf  62  N 25.3  mpc   4.2 ms  err 0.53
[354/450] speed=6 S2  FR_SAFE_5   seed  4  goal      clr  0.81  t  14.1  inf  71  N 25.3  mpc   4.4 ms  err 0.58
[355/450] speed=6 S2  FR_SAFE_5   seed  5  goal      clr  0.47  t  14.5  inf  73  N 23.9  mpc   3.5 ms  err 0.81
[356/450] speed=6 S2  FR_SAFE_5   seed  6  goal      clr  0.62  t  15.1  inf  76  N 25.3  mpc   3.8 ms  err 0.24
[357/450] speed=6 S2  FR_SAFE_5   seed  7  goal      clr  0.44  t  15.9  inf  80  N 24.2  mpc   3.7 ms  err 0.82
[358/450] speed=6 S2  FR_SAFE_5   seed  8  goal      clr  0.83  t  14.7  inf  74  N 25.2  mpc   4.1 ms  err 0.40
[359/450] speed=6 S2  FR_SAFE_5   seed  9  goal      clr  0.85  t  14.9  inf  75  N 25.5  mpc   3.8 ms  err 0.65
[360/450] speed=6 S2  FR_SAFE_5   seed 10  goal      clr  0.83  t  13.7  inf  69  N 25.5  mpc   4.0 ms  err 0.73
[361/450] speed=6 S2  FR_SAFE_5   seed 11  goal      clr  0.66  t  19.8  inf  99  N 25.5  mpc   4.0 ms  err 0.27
[362/450] speed=6 S2  FR_SAFE_5   seed 12  goal      clr  1.12  t  12.5  inf  63  N 25.1  mpc   3.6 ms  err 0.53
[363/450] speed=6 S2  FR_SAFE_5   seed 13  goal      clr  0.47  t  14.6  inf  73  N 25.4  mpc   3.8 ms  err 0.21
[364/450] speed=6 S2  FR_SAFE_5   seed 14  goal      clr  0.88  t  15.0  inf  75  N 24.7  mpc   3.6 ms  err 0.32
[365/450] speed=6 S2  FR_SAFE_5   seed 15  goal      clr  0.58  t  14.3  inf  72  N 25.9  mpc   3.9 ms  err 0.35
[366/450] speed=6 S2  FR_SAFE_5   seed 16  goal      clr  0.55  t  14.1  inf  71  N 25.7  mpc   3.9 ms  err 0.25
[367/450] speed=6 S2  FR_SAFE_5   seed 17  goal      clr  0.78  t  13.2  inf  67  N 25.1  mpc   3.6 ms  err 0.23
[368/450] speed=6 S2  FR_SAFE_5   seed 18  goal      clr  0.71  t  16.7  inf  84  N 24.2  mpc   3.9 ms  err 0.91
[369/450] speed=6 S2  FR_SAFE_5   seed 19  goal      clr  0.86  t  13.4  inf  68  N 25.0  mpc   3.5 ms  err 0.24
[370/450] speed=6 S2  FR_SAFE_5   seed 20  goal      clr  0.54  t  18.5  inf  93  N 22.1  mpc   3.3 ms  err 0.66
[371/450] speed=6 S2  FR_SAFE_5   seed 21  goal      clr  0.92  t  12.9  inf  65  N 24.6  mpc   3.5 ms  err 0.36
[372/450] speed=6 S2  FR_SAFE_5   seed 22  goal      clr  0.56  t  14.6  inf  74  N 24.8  mpc   3.6 ms  err 0.36
[373/450] speed=6 S2  FR_SAFE_5   seed 23  goal      clr  0.63  t  14.7  inf  74  N 25.4  mpc   4.6 ms  err 0.30
[374/450] speed=6 S2  FR_SAFE_5   seed 24  goal      clr  0.68  t  15.4  inf  78  N 24.6  mpc   4.1 ms  err 0.34
[375/450] speed=6 S2  FR_SAFE_5   seed 25  goal      clr  0.50  t  16.1  inf  81  N 25.4  mpc   3.8 ms  err 0.27
[376/450] speed=6 S2  FR_SAFE_5   seed 26  goal      clr  0.69  t  13.7  inf  69  N 25.1  mpc   3.8 ms  err 0.42
[377/450] speed=6 S2  FR_SAFE_5   seed 27  goal      clr  0.73  t  15.5  inf  78  N 24.4  mpc   3.7 ms  err 0.57
[378/450] speed=6 S2  FR_SAFE_5   seed 28  goal      clr  0.71  t  14.5  inf  73  N 25.6  mpc   3.8 ms  err 0.24
[379/450] speed=6 S2  FR_SAFE_5   seed 29  goal      clr  0.82  t  13.1  inf  66  N 24.4  mpc   3.5 ms  err 0.80
[380/450] speed=6 S2  FR_SAFE_5   seed 30  goal      clr  0.69  t  15.6  inf  79  N 25.0  mpc   4.0 ms  err 0.18
[381/450] speed=6 S2  FR_SAFE_5   seed 31  goal      clr  0.68  t  13.2  inf  67  N 25.7  mpc   4.1 ms  err 0.24
[382/450] speed=6 S2  FR_SAFE_5   seed 32  goal      clr  0.45  t  15.5  inf  78  N 25.1  mpc   3.9 ms  err 0.38
[383/450] speed=6 S2  FR_SAFE_5   seed 33  goal      clr  0.46  t  14.2  inf  72  N 24.2  mpc   3.9 ms  err 0.98
[384/450] speed=6 S2  FR_SAFE_5   seed 34  goal      clr  0.49  t  14.9  inf  75  N 24.8  mpc   3.6 ms  err 0.37
[385/450] speed=6 S2  FR_SAFE_5   seed 35  goal      clr  0.95  t  12.8  inf  65  N 25.3  mpc   3.6 ms  err 0.61
[386/450] speed=6 S2  FR_SAFE_5   seed 36  goal      clr  0.54  t  13.9  inf  70  N 24.1  mpc   3.5 ms  err 0.87
[387/450] speed=6 S2  FR_SAFE_5   seed 37  goal      clr  0.65  t  14.2  inf  71  N 25.9  mpc   3.9 ms  err 0.19
[388/450] speed=6 S2  FR_SAFE_5   seed 38  goal      clr  0.61  t  16.0  inf  81  N 25.7  mpc   5.0 ms  err 0.29
[389/450] speed=6 S2  FR_SAFE_5   seed 39  goal      clr  0.91  t  12.9  inf  65  N 25.2  mpc   3.6 ms  err 0.87
[390/450] speed=6 S2  FR_SAFE_5   seed 40  goal      clr  0.88  t  15.6  inf  78  N 23.1  mpc   3.3 ms  err 0.49
[391/450] speed=6 S2  FR_SAFE_5   seed 41  goal      clr  0.72  t  20.7  inf 104  N 24.2  mpc   3.8 ms  err 0.67
[392/450] speed=6 S2  FR_SAFE_5   seed 42  goal      clr  0.54  t  13.2  inf  67  N 25.5  mpc   3.7 ms  err 0.35
[393/450] speed=6 S2  FR_SAFE_5   seed 43  goal      clr  0.57  t  13.8  inf  69  N 25.1  mpc   3.7 ms  err 0.56
[394/450] speed=6 S2  FR_SAFE_5   seed 44  goal      clr  0.44  t  19.8  inf  99  N 23.8  mpc   3.6 ms  err 0.46
[395/450] speed=6 S2  FR_SAFE_5   seed 45  goal      clr  0.63  t  14.6  inf  73  N 24.7  mpc   3.6 ms  err 0.21
[396/450] speed=6 S2  FR_SAFE_5   seed 46  goal      clr  0.92  t  13.1  inf  66  N 25.5  mpc   3.7 ms  err 0.54
[397/450] speed=6 S2  FR_SAFE_5   seed 47  goal      clr  0.64  t  13.7  inf  69  N 25.3  mpc   4.0 ms  err 0.69
[398/450] speed=6 S2  FR_SAFE_5   seed 48  goal      clr  0.89  t  14.8  inf  74  N 24.8  mpc   4.6 ms  err 0.60
[399/450] speed=6 S2  FR_SAFE_5   seed 49  goal      clr  0.75  t  12.5  inf  63  N 25.6  mpc   4.0 ms  err 0.63
[400/450] speed=6 S2  FR_SAFE_5   seed 50  goal      clr  0.40  t  17.6  inf  88  N 24.5  mpc   3.8 ms  err 0.58
[401/450] speed=6 S2  FR_SAFE_10  seed  1  goal      clr  0.62  t  16.6  inf 153  N 22.2  mpc   3.2 ms  err 0.87
[402/450] speed=6 S2  FR_SAFE_10  seed  2  goal      clr  0.65  t  14.1  inf 131  N 25.2  mpc   3.7 ms  err 0.50
[403/450] speed=6 S2  FR_SAFE_10  seed  3  goal      clr  0.60  t  20.0  inf 186  N 21.4  mpc   3.2 ms  err 0.42
[404/450] speed=6 S2  FR_SAFE_10  seed  4  goal      clr  0.60  t  16.9  inf 161  N 22.7  mpc   3.4 ms  err 0.58
[405/450] speed=6 S2  FR_SAFE_10  seed  5  goal      clr  0.64  t  15.1  inf 137  N 25.9  mpc   4.6 ms  err 0.59
[406/450] speed=6 S2  FR_SAFE_10  seed  6  goal      clr  0.88  t  13.2  inf 124  N 25.2  mpc   3.6 ms  err 0.44
[407/450] speed=6 S2  FR_SAFE_10  seed  7  goal      clr  0.82  t  16.2  inf 148  N 23.6  mpc   3.5 ms  err 0.57
[408/450] speed=6 S2  FR_SAFE_10  seed  8  goal      clr  0.68  t  16.5  inf 155  N 23.9  mpc   3.5 ms  err 0.38
[409/450] speed=6 S2  FR_SAFE_10  seed  9  goal      clr  0.54  t  15.1  inf 141  N 24.4  mpc   3.7 ms  err 0.43
[410/450] speed=6 S2  FR_SAFE_10  seed 10  goal      clr  0.60  t  19.9  inf 181  N 23.4  mpc   3.5 ms  err 0.50
[411/450] speed=6 S2  FR_SAFE_10  seed 11  goal      clr  0.48  t  15.4  inf 139  N 25.3  mpc   3.9 ms  err 0.55
[412/450] speed=6 S2  FR_SAFE_10  seed 12  goal      clr  0.49  t  17.7  inf 163  N 24.8  mpc   3.7 ms  err 0.58
[413/450] speed=6 S2  FR_SAFE_10  seed 13  goal      clr  0.44  t  14.2  inf 135  N 24.8  mpc   3.7 ms  err 0.18
[414/450] speed=6 S2  FR_SAFE_10  seed 14  goal      clr  0.46  t  16.2  inf 150  N 23.5  mpc   3.4 ms  err 0.56
[415/450] speed=6 S2  FR_SAFE_10  seed 15  goal      clr  0.94  t  13.6  inf 124  N 25.5  mpc   3.8 ms  err 0.41
[416/450] speed=6 S2  FR_SAFE_10  seed 16  goal      clr  0.54  t  14.1  inf 133  N 25.3  mpc   4.6 ms  err 0.29
[417/450] speed=6 S2  FR_SAFE_10  seed 17  goal      clr  0.76  t  13.0  inf 124  N 24.8  mpc   3.6 ms  err 0.26
[418/450] speed=6 S2  FR_SAFE_10  seed 18  goal      clr  0.37  t  20.8  inf 195  N 25.3  mpc   3.9 ms  err 0.44
[419/450] speed=6 S2  FR_SAFE_10  seed 19  goal      clr  0.93  t  13.5  inf 128  N 24.7  mpc   3.5 ms  err 0.34
[420/450] speed=6 S2  FR_SAFE_10  seed 20  goal      clr  0.44  t  16.9  inf 157  N 25.3  mpc   3.9 ms  err 0.59
[421/450] speed=6 S2  FR_SAFE_10  seed 21  goal      clr  0.82  t  12.4  inf 114  N 24.8  mpc   3.5 ms  err 0.31
[422/450] speed=6 S2  FR_SAFE_10  seed 22  goal      clr  0.60  t  15.5  inf 147  N 23.2  mpc   4.1 ms  err 0.75
[423/450] speed=6 S2  FR_SAFE_10  seed 23  goal      clr  0.75  t  16.0  inf 148  N 25.8  mpc   4.6 ms  err 0.21
[424/450] speed=6 S2  FR_SAFE_10  seed 24  goal      clr  0.67  t  14.7  inf 137  N 25.5  mpc   3.8 ms  err 0.49
[425/450] speed=6 S2  FR_SAFE_10  seed 25  goal      clr  0.61  t  17.4  inf 161  N 25.5  mpc   3.9 ms  err 0.46
[426/450] speed=6 S2  FR_SAFE_10  seed 26  goal      clr  0.42  t  15.3  inf 142  N 24.5  mpc   3.5 ms  err 0.74
[427/450] speed=6 S2  FR_SAFE_10  seed 27  goal      clr  0.52  t  15.3  inf 142  N 24.9  mpc   4.6 ms  err 0.34
[428/450] speed=6 S2  FR_SAFE_10  seed 28  goal      clr  0.86  t  14.3  inf 134  N 24.0  mpc   3.5 ms  err 0.43
[429/450] speed=6 S2  FR_SAFE_10  seed 29  goal      clr  0.68  t  13.2  inf 124  N 25.6  mpc   3.7 ms  err 0.43
[430/450] speed=6 S2  FR_SAFE_10  seed 30  goal      clr  0.49  t  17.2  inf 159  N 25.0  mpc   3.8 ms  err 0.46
[431/450] speed=6 S2  FR_SAFE_10  seed 31  goal      clr  0.39  t  18.2  inf 169  N 23.8  mpc   3.6 ms  err 0.65
[432/450] speed=6 S2  FR_SAFE_10  seed 32  goal      clr  0.77  t  13.1  inf 123  N 25.3  mpc   3.7 ms  err 0.44
[433/450] speed=6 S2  FR_SAFE_10  seed 33  goal      clr  0.74  t  13.0  inf 121  N 25.0  mpc   3.7 ms  err 0.70
[434/450] speed=6 S2  FR_SAFE_10  seed 34  goal      clr  0.51  t  13.3  inf 127  N 24.7  mpc   4.5 ms  err 0.31
[435/450] speed=6 S2  FR_SAFE_10  seed 35  goal      clr  0.65  t  12.9  inf 122  N 25.0  mpc   3.8 ms  err 0.35
[436/450] speed=6 S2  FR_SAFE_10  seed 36  timeout   clr  0.05  t  40.0  inf 377  N 20.8  mpc   3.7 ms  err 0.94
[437/450] speed=6 S2  FR_SAFE_10  seed 37  goal      clr  0.65  t  15.3  inf 144  N 24.9  mpc   3.6 ms  err 0.31
[438/450] speed=6 S2  FR_SAFE_10  seed 38  goal      clr  0.60  t  15.2  inf 141  N 26.6  mpc   4.2 ms  err 0.54
[439/450] speed=6 S2  FR_SAFE_10  seed 39  goal      clr  0.84  t  13.1  inf 119  N 25.2  mpc   3.7 ms  err 1.21
[440/450] speed=6 S2  FR_SAFE_10  seed 40  goal      clr  0.71  t  17.5  inf 164  N 21.8  mpc   3.2 ms  err 0.51
[441/450] speed=6 S2  FR_SAFE_10  seed 41  goal      clr  0.86  t  18.7  inf 176  N 23.6  mpc   3.6 ms  err 0.97
[442/450] speed=6 S2  FR_SAFE_10  seed 42  goal      clr  0.86  t  14.5  inf 136  N 24.9  mpc   3.6 ms  err 0.64
[443/450] speed=6 S2  FR_SAFE_10  seed 43  goal      clr  0.58  t  17.9  inf 167  N 24.7  mpc   4.6 ms  err 0.70
[444/450] speed=6 S2  FR_SAFE_10  seed 44  goal      clr  0.61  t  14.9  inf 138  N 24.0  mpc   3.9 ms  err 0.64
[445/450] speed=6 S2  FR_SAFE_10  seed 45  goal      clr  0.96  t  16.4  inf 153  N 22.0  mpc   3.6 ms  err 0.47
[446/450] speed=6 S2  FR_SAFE_10  seed 46  goal      clr  0.66  t  13.2  inf 122  N 25.1  mpc   3.7 ms  err 0.46
[447/450] speed=6 S2  FR_SAFE_10  seed 47  goal      clr  1.03  t  12.6  inf 115  N 25.1  mpc   3.5 ms  err 0.67
[448/450] speed=6 S2  FR_SAFE_10  seed 48  goal      clr  0.59  t  13.3  inf 126  N 25.4  mpc   3.8 ms  err 0.29
[449/450] speed=6 S2  FR_SAFE_10  seed 49  goal      clr  0.34  t  18.4  inf 173  N 25.7  mpc   4.0 ms  err 0.39
[450/450] speed=6 S2  FR_SAFE_10  seed 50  goal      clr  0.79  t  16.4  inf 153  N 24.0  mpc   3.5 ms  err 0.47
