[  1/450] latency=0.2 S1  E_DART      seed  1  goal      clr  0.58  t  14.5  inf  50  N 26.1  mpc   4.8 ms  err 0.15
[  2/450] latency=0.2 S1  E_DART      seed  2  goal      clr  0.43  t  15.5  inf  50  N 25.3  mpc   4.4 ms  err 0.35
[  3/450] latency=0.2 S1  E_DART      seed  3  goal      clr  0.54  t  16.5  inf  57  N 26.2  mpc   4.0 ms  err 0.21
[  4/450] latency=0.2 S1  E_DART      seed  4  goal      clr  0.60  t  15.1  inf  50  N 26.0  mpc   3.9 ms  err 0.14
[  5/450] latency=0.2 S1  E_DART      seed  5  goal      clr  0.68  t  15.6  inf  49  N 25.7  mpc   3.5 ms  err 0.30
[  6/450] latency=0.2 S1  E_DART      seed  6  goal      clr  0.68  t  14.1  inf  45  N 25.5  mpc   3.2 ms  err 0.24
[  7/450] latency=0.2 S1  E_DART      seed  7  goal      clr  0.53  t  14.6  inf  49  N 25.5  mpc   3.4 ms  err 0.24
[  8/450] latency=0.2 S1  E_DART      seed  8  goal      clr  0.56  t  15.1  inf  51  N 26.0  mpc   3.4 ms  err 0.28
[  9/450] latency=0.2 S1  E_DART      seed  9  goal      clr  0.66  t  14.0  inf  45  N 25.7  mpc   3.6 ms  err 0.24
[ 10/450] latency=0.2 S1  E_DART      seed 10  goal      clr  0.61  t  14.4  inf  46  N 25.4  mpc   3.4 ms  err 0.15
[ 11/450] latency=0.2 S1  E_DART      seed 11  goal      clr  0.57  t  14.4  inf  50  N 25.8  mpc   3.4 ms  err 0.25
[ 12/450] latency=0.2 S1  E_DART      seed 12  goal      clr  0.47  t  15.2  inf  52  N 26.0  mpc   3.6 ms  err 0.19
[ 13/450] latency=0.2 S1  E_DART      seed 13  goal      clr  0.69  t  14.2  inf  50  N 25.9  mpc   3.4 ms  err 0.14
[ 14/450] latency=0.2 S1  E_DART      seed 14  goal      clr  0.52  t  14.5  inf  46  N 25.3  mpc   3.4 ms  err 0.20
[ 15/450] latency=0.2 S1  E_DART      seed 15  goal      clr  0.41  t  15.6  inf  51  N 25.5  mpc   3.5 ms  err 0.50
[ 16/450] latency=0.2 S1  E_DART      seed 16  goal      clr  0.59  t  15.1  inf  46  N 25.5  mpc   3.4 ms  err 0.19
[ 17/450] latency=0.2 S1  E_DART      seed 17  goal      clr  0.67  t  14.4  inf  48  N 25.3  mpc   3.4 ms  err 0.30
[ 18/450] latency=0.2 S1  E_DART      seed 18  goal      clr  0.62  t  14.8  inf  51  N 25.7  mpc   3.5 ms  err 0.19
[ 19/450] latency=0.2 S1  E_DART      seed 19  goal      clr  0.51  t  16.5  inf  58  N 25.8  mpc   3.7 ms  err 0.17
[ 20/450] latency=0.2 S1  E_DART      seed 20  goal      clr  0.60  t  15.0  inf  50  N 25.7  mpc   3.3 ms  err 0.44
[ 21/450] latency=0.2 S1  E_DART      seed 21  goal      clr  0.69  t  14.3  inf  46  N 25.6  mpc   3.3 ms  err 0.15
[ 22/450] latency=0.2 S1  E_DART      seed 22  goal      clr  0.59  t  14.0  inf  47  N 25.7  mpc   3.3 ms  err 0.30
[ 23/450] latency=0.2 S1  E_DART      seed 23  goal      clr  0.69  t  14.6  inf  48  N 25.0  mpc   3.2 ms  err 0.18
[ 24/450] latency=0.2 S1  E_DART      seed 24  goal      clr  0.55  t  14.2  inf  47  N 25.6  mpc   3.2 ms  err 0.19
[ 25/450] latency=0.2 S1  E_DART      seed 25  goal      clr  0.64  t  14.8  inf  51  N 25.9  mpc   3.6 ms  err 0.32
[ 26/450] latency=0.2 S1  E_DART      seed 26  goal      clr  0.53  t  14.8  inf  48  N 25.1  mpc   3.3 ms  err 0.25
[ 27/450] latency=0.2 S1  E_DART      seed 27  goal      clr  0.57  t  14.4  inf  51  N 25.9  mpc   3.4 ms  err 0.12
[ 28/450] latency=0.2 S1  E_DART      seed 28  goal      clr  0.56  t  14.1  inf  47  N 25.8  mpc   3.5 ms  err 0.27
[ 29/450] latency=0.2 S1  E_DART      seed 29  goal      clr  0.50  t  16.4  inf  53  N 26.5  mpc   3.8 ms  err 0.24
[ 30/450] latency=0.2 S1  E_DART      seed 30  goal      clr  0.68  t  15.2  inf  49  N 25.8  mpc   3.4 ms  err 0.42
[ 31/450] latency=0.2 S1  E_DART      seed 31  goal      clr  0.56  t  14.9  inf  49  N 25.8  mpc   3.5 ms  err 0.15
[ 32/450] latency=0.2 S1  E_DART      seed 32  goal      clr  0.59  t  15.6  inf  48  N 25.5  mpc   3.6 ms  err 0.37
[ 33/450] latency=0.2 S1  E_DART      seed 33  goal      clr  0.71  t  14.1  inf  48  N 25.6  mpc   3.4 ms  err 0.15
[ 34/450] latency=0.2 S1  E_DART      seed 34  goal      clr  0.62  t  15.2  inf  50  N 25.4  mpc   3.4 ms  err 0.25
[ 35/450] latency=0.2 S1  E_DART      seed 35  goal      clr  0.61  t  14.5  inf  49  N 25.8  mpc   3.4 ms  err 0.33
[ 36/450] latency=0.2 S1  E_DART      seed 36  goal      clr  0.60  t  16.5  inf  51  N 25.0  mpc   3.2 ms  err 0.20
[ 37/450] latency=0.2 S1  E_DART      seed 37  goal      clr  0.63  t  14.3  inf  47  N 24.6  mpc   3.2 ms  err 0.26
[ 38/450] latency=0.2 S1  E_DART      seed 38  goal      clr  0.57  t  15.2  inf  53  N 25.9  mpc   3.6 ms  err 0.18
[ 39/450] latency=0.2 S1  E_DART      seed 39  goal      clr  0.59  t  14.7  inf  50  N 26.1  mpc   3.6 ms  err 0.20
[ 40/450] latency=0.2 S1  E_DART      seed 40  goal      clr  0.62  t  14.8  inf  52  N 25.6  mpc   3.3 ms  err 0.25
[ 41/450] latency=0.2 S1  E_DART      seed 41  goal      clr  0.62  t  17.3  inf  50  N 24.4  mpc   3.4 ms  err 0.23
[ 42/450] latency=0.2 S1  E_DART      seed 42  goal      clr  0.63  t  14.4  inf  47  N 25.7  mpc   3.5 ms  err 0.19
[ 43/450] latency=0.2 S1  E_DART      seed 43  goal      clr  0.49  t  15.9  inf  47  N 24.9  mpc   3.3 ms  err 0.16
[ 44/450] latency=0.2 S1  E_DART      seed 44  goal      clr  0.66  t  14.2  inf  44  N 25.1  mpc   3.3 ms  err 0.16
[ 45/450] latency=0.2 S1  E_DART      seed 45  goal      clr  0.45  t  17.9  inf  58  N 25.5  mpc   3.7 ms  err 0.28
[ 46/450] latency=0.2 S1  E_DART      seed 46  goal      clr  0.63  t  14.4  inf  50  N 26.0  mpc   3.4 ms  err 0.21
[ 47/450] latency=0.2 S1  E_DART      seed 47  goal      clr  0.49  t  15.1  inf  47  N 25.3  mpc   3.4 ms  err 0.18
[ 48/450] latency=0.2 S1  E_DART      seed 48  goal      clr  0.64  t  16.2  inf  53  N 25.5  mpc   3.7 ms  err 0.21
[ 49/450] latency=0.2 S1  E_DART      seed 49  goal      clr  0.75  t  14.5  inf  49  N 25.4  mpc   3.4 ms  err 0.19
[ 50/450] latency=0.2 S1  E_DART      seed 50  goal      clr  0.65  t  14.4  inf  53  N 26.0  mpc   3.5 ms  err 0.39
[ 51/450] latency=0.2 S1  Z_ZHUYI     seed  1  goal      clr  0.51  t  15.2  inf  45  N 25.9  mpc   3.5 ms  err 0.25
[ 52/450] latency=0.2 S1  Z_ZHUYI     seed  2  goal      clr  0.40  t  15.2  inf  39  N 25.1  mpc   3.5 ms  err 0.30
[ 53/450] latency=0.2 S1  Z_ZHUYI     seed  3  goal      clr  0.15  t  23.2  inf  62  N 26.1  mpc   4.0 ms  err 0.36
[ 54/450] latency=0.2 S1  Z_ZHUYI     seed  4  goal      clr  0.68  t  14.7  inf  36  N 25.6  mpc   3.4 ms  err 0.17
[ 55/450] latency=0.2 S1  Z_ZHUYI     seed  5  goal      clr  0.64  t  15.7  inf  40  N 25.4  mpc   3.6 ms  err 0.33
[ 56/450] latency=0.2 S1  Z_ZHUYI     seed  6  goal      clr  0.65  t  14.8  inf  39  N 25.5  mpc   3.4 ms  err 0.20
[ 57/450] latency=0.2 S1  Z_ZHUYI     seed  7  goal      clr  0.50  t  14.1  inf  40  N 25.5  mpc   3.4 ms  err 0.37
[ 58/450] latency=0.2 S1  Z_ZHUYI     seed  8  goal      clr  0.51  t  21.3  inf  46  N 23.7  mpc   3.3 ms  err 0.38
[ 59/450] latency=0.2 S1  Z_ZHUYI     seed  9  goal      clr  0.51  t  19.2  inf  46  N 24.8  mpc   3.4 ms  err 0.22
[ 60/450] latency=0.2 S1  Z_ZHUYI     seed 10  goal      clr  0.34  t  18.1  inf  45  N 26.0  mpc   3.8 ms  err 0.20
[ 61/450] latency=0.2 S1  Z_ZHUYI     seed 11  goal      clr  0.48  t  16.0  inf  38  N 26.1  mpc   3.7 ms  err 0.36
[ 62/450] latency=0.2 S1  Z_ZHUYI     seed 12  goal      clr  0.48  t  36.1  inf  72  N 20.8  mpc   2.9 ms  err 0.42
[ 63/450] latency=0.2 S1  Z_ZHUYI     seed 13  goal      clr  0.63  t  19.2  inf  45  N 24.7  mpc   3.3 ms  err 0.19
[ 64/450] latency=0.2 S1  Z_ZHUYI     seed 14  goal      clr  0.61  t  17.6  inf  45  N 24.0  mpc   3.2 ms  err 0.23
[ 65/450] latency=0.2 S1  Z_ZHUYI     seed 15  goal      clr  0.50  t  15.3  inf  41  N 25.0  mpc   3.4 ms  err 0.33
[ 66/450] latency=0.2 S1  Z_ZHUYI     seed 16  goal      clr  0.72  t  14.1  inf  37  N 25.2  mpc   3.3 ms  err 0.22
[ 67/450] latency=0.2 S1  Z_ZHUYI     seed 17  goal      clr  0.58  t  18.5  inf  42  N 25.0  mpc   3.4 ms  err 0.31
[ 68/450] latency=0.2 S1  Z_ZHUYI     seed 18  goal      clr  0.65  t  14.4  inf  45  N 25.9  mpc   3.4 ms  err 0.34
[ 69/450] latency=0.2 S1  Z_ZHUYI     seed 19  goal      clr  0.50  t  15.7  inf  46  N 26.3  mpc   3.7 ms  err 0.23
[ 70/450] latency=0.2 S1  Z_ZHUYI     seed 20  goal      clr  0.54  t  14.2  inf  36  N 25.2  mpc   3.2 ms  err 0.32
[ 71/450] latency=0.2 S1  Z_ZHUYI     seed 21  goal      clr  0.62  t  15.2  inf  40  N 26.1  mpc   3.6 ms  err 0.19
[ 72/450] latency=0.2 S1  Z_ZHUYI     seed 22  goal      clr  0.61  t  14.8  inf  34  N 25.6  mpc   3.3 ms  err 0.31
[ 73/450] latency=0.2 S1  Z_ZHUYI     seed 23  goal      clr  0.69  t  21.0  inf  44  N 22.7  mpc   3.0 ms  err 0.19
[ 74/450] latency=0.2 S1  Z_ZHUYI     seed 24  goal      clr  0.47  t  21.6  inf  45  N 23.5  mpc   3.2 ms  err 0.19
[ 75/450] latency=0.2 S1  Z_ZHUYI     seed 25  goal      clr  0.53  t  14.4  inf  40  N 25.9  mpc   3.6 ms  err 0.19
[ 76/450] latency=0.2 S1  Z_ZHUYI     seed 26  goal      clr  0.37  t  15.2  inf  38  N 24.9  mpc   3.5 ms  err 0.31
[ 77/450] latency=0.2 S1  Z_ZHUYI     seed 27  goal      clr  0.57  t  14.4  inf  43  N 26.0  mpc   3.5 ms  err 0.10
[ 78/450] latency=0.2 S1  Z_ZHUYI     seed 28  goal      clr  0.61  t  13.9  inf  39  N 26.1  mpc   3.5 ms  err 0.30
[ 79/450] latency=0.2 S1  Z_ZHUYI     seed 29  goal      clr  0.64  t  19.8  inf  44  N 24.4  mpc   3.5 ms  err 0.28
[ 80/450] latency=0.2 S1  Z_ZHUYI     seed 30  goal      clr  0.56  t  20.6  inf  43  N 23.5  mpc   3.2 ms  err 0.23
[ 81/450] latency=0.2 S1  Z_ZHUYI     seed 31  goal      clr  0.58  t  15.2  inf  41  N 25.7  mpc   3.7 ms  err 0.16
[ 82/450] latency=0.2 S1  Z_ZHUYI     seed 32  goal      clr  0.65  t  14.7  inf  43  N 26.1  mpc   3.6 ms  err 0.31
[ 83/450] latency=0.2 S1  Z_ZHUYI     seed 33  goal      clr  0.57  t  26.5  inf  52  N 22.4  mpc   3.2 ms  err 0.65
[ 84/450] latency=0.2 S1  Z_ZHUYI     seed 34  goal      clr  0.45  t  17.1  inf  44  N 25.1  mpc   3.5 ms  err 0.16
[ 85/450] latency=0.2 S1  Z_ZHUYI     seed 35  goal      clr  0.59  t  21.3  inf  45  N 23.9  mpc   3.3 ms  err 0.31
[ 86/450] latency=0.2 S1  Z_ZHUYI     seed 36  goal      clr  0.52  t  17.9  inf  39  N 25.7  mpc   3.9 ms  err 0.30
[ 87/450] latency=0.2 S1  Z_ZHUYI     seed 37  goal      clr  0.36  t  15.7  inf  33  N 25.8  mpc   3.6 ms  err 0.35
[ 88/450] latency=0.2 S1  Z_ZHUYI     seed 38  goal      clr  0.49  t  23.6  inf  56  N 24.7  mpc   4.1 ms  err 0.37
[ 89/450] latency=0.2 S1  Z_ZHUYI     seed 39  goal      clr  0.53  t  15.4  inf  47  N 26.1  mpc   3.8 ms  err 0.23
[ 90/450] latency=0.2 S1  Z_ZHUYI     seed 40  goal      clr  0.47  t  15.0  inf  46  N 25.7  mpc   3.6 ms  err 0.27
[ 91/450] latency=0.2 S1  Z_ZHUYI     seed 41  goal      clr  0.59  t  15.6  inf  42  N 26.2  mpc   3.8 ms  err 0.27
[ 92/450] latency=0.2 S1  Z_ZHUYI     seed 42  goal      clr  0.61  t  21.6  inf  48  N 23.8  mpc   3.3 ms  err 0.20
[ 93/450] latency=0.2 S1  Z_ZHUYI     seed 43  goal      clr  0.60  t  15.0  inf  40  N 25.9  mpc   3.5 ms  err 0.22
[ 94/450] latency=0.2 S1  Z_ZHUYI     seed 44  goal      clr  0.59  t  21.5  inf  49  N 24.2  mpc   3.4 ms  err 0.23
[ 95/450] latency=0.2 S1  Z_ZHUYI     seed 45  goal      clr  0.52  t  21.5  inf  48  N 24.3  mpc   3.5 ms  err 0.34
[ 96/450] latency=0.2 S1  Z_ZHUYI     seed 46  goal      clr  0.60  t  14.2  inf  44  N 26.0  mpc   3.7 ms  err 0.18
[ 97/450] latency=0.2 S1  Z_ZHUYI     seed 47  goal      clr  0.56  t  20.0  inf  38  N 24.2  mpc   3.4 ms  err 0.40
[ 98/450] latency=0.2 S1  Z_ZHUYI     seed 48  goal      clr  0.49  t  17.4  inf  42  N 26.0  mpc   3.9 ms  err 0.31
[ 99/450] latency=0.2 S1  Z_ZHUYI     seed 49  goal      clr  0.56  t  13.9  inf  37  N 25.7  mpc   3.4 ms  err 0.26
[100/450] latency=0.2 S1  Z_ZHUYI     seed 50  goal      clr  0.62  t  18.5  inf  43  N 24.6  mpc   3.6 ms  err 0.17
[101/450] latency=0.2 S1  A_FR_FN     seed  1  goal      clr  0.42  t  13.5  inf  61  N 20.0  mpc   2.3 ms  err 0.15
[102/450] latency=0.2 S1  A_FR_FN     seed  2  goal      clr  0.41  t  13.7  inf  62  N 20.0  mpc   2.2 ms  err 0.19
[103/450] latency=0.2 S1  A_FR_FN     seed  3  goal      clr  0.40  t  31.2  inf 148  N 20.0  mpc   2.5 ms  err 0.78
[104/450] latency=0.2 S1  A_FR_FN     seed  4  goal      clr  0.54  t  13.6  inf  63  N 20.0  mpc   2.2 ms  err 0.14
[105/450] latency=0.2 S1  A_FR_FN     seed  5  goal      clr  0.42  t  14.1  inf  59  N 20.0  mpc   2.2 ms  err 0.21
[106/450] latency=0.2 S1  A_FR_FN     seed  6  goal      clr  0.46  t  13.4  inf  60  N 20.0  mpc   2.1 ms  err 0.15
[107/450] latency=0.2 S1  A_FR_FN     seed  7  goal      clr  0.46  t  13.4  inf  60  N 20.0  mpc   2.1 ms  err 0.23
[108/450] latency=0.2 S1  A_FR_FN     seed  8  goal      clr  0.30  t  13.8  inf  64  N 20.0  mpc   2.2 ms  err 0.19
[109/450] latency=0.2 S1  A_FR_FN     seed  9  goal      clr  0.38  t  13.7  inf  62  N 20.0  mpc   2.2 ms  err 0.17
[110/450] latency=0.2 S1  A_FR_FN     seed 10  goal      clr  0.29  t  13.7  inf  64  N 20.0  mpc   2.2 ms  err 0.31
[111/450] latency=0.2 S1  A_FR_FN     seed 11  goal      clr  0.42  t  13.4  inf  61  N 20.0  mpc   2.0 ms  err 0.24
[112/450] latency=0.2 S1  A_FR_FN     seed 12  goal      clr  0.44  t  13.5  inf  60  N 20.0  mpc   2.2 ms  err 0.17
[113/450] latency=0.2 S1  A_FR_FN     seed 13  goal      clr  0.43  t  13.6  inf  64  N 20.0  mpc   2.1 ms  err 0.12
[114/450] latency=0.2 S1  A_FR_FN     seed 14  goal      clr  0.39  t  14.0  inf  63  N 20.0  mpc   2.2 ms  err 0.19
[115/450] latency=0.2 S1  A_FR_FN     seed 15  goal      clr  0.36  t  14.4  inf  67  N 20.0  mpc   2.2 ms  err 0.19
[116/450] latency=0.2 S1  A_FR_FN     seed 16  goal      clr  0.48  t  13.3  inf  62  N 20.0  mpc   2.1 ms  err 0.14
[117/450] latency=0.2 S1  A_FR_FN     seed 17  goal      clr  0.44  t  13.5  inf  65  N 20.0  mpc   2.1 ms  err 0.22
[118/450] latency=0.2 S1  A_FR_FN     seed 18  goal      clr  0.41  t  13.8  inf  66  N 20.0  mpc   2.3 ms  err 0.17
[119/450] latency=0.2 S1  A_FR_FN     seed 19  goal      clr  0.42  t  15.1  inf  72  N 20.0  mpc   2.2 ms  err 0.17
[120/450] latency=0.2 S1  A_FR_FN     seed 20  goal      clr  0.20  t  13.7  inf  63  N 20.0  mpc   2.2 ms  err 0.24
[121/450] latency=0.2 S1  A_FR_FN     seed 21  goal      clr  0.53  t  13.5  inf  60  N 20.0  mpc   2.4 ms  err 0.13
[122/450] latency=0.2 S1  A_FR_FN     seed 22  goal      clr  0.47  t  13.4  inf  64  N 20.0  mpc   2.1 ms  err 0.23
[123/450] latency=0.2 S1  A_FR_FN     seed 23  goal      clr  0.43  t  13.3  inf  61  N 20.0  mpc   2.1 ms  err 0.26
[124/450] latency=0.2 S1  A_FR_FN     seed 24  goal      clr  0.45  t  13.2  inf  60  N 20.0  mpc   2.1 ms  err 0.30
[125/450] latency=0.2 S1  A_FR_FN     seed 25  goal      clr  0.46  t  13.6  inf  61  N 20.0  mpc   2.1 ms  err 0.16
[126/450] latency=0.2 S1  A_FR_FN     seed 26  goal      clr  0.39  t  13.6  inf  65  N 20.0  mpc   2.2 ms  err 0.21
[127/450] latency=0.2 S1  A_FR_FN     seed 27  goal      clr  0.41  t  13.4  inf  60  N 20.0  mpc   2.2 ms  err 0.11
[128/450] latency=0.2 S1  A_FR_FN     seed 28  goal      clr  0.37  t  13.4  inf  61  N 20.0  mpc   2.1 ms  err 0.24
[129/450] latency=0.2 S1  A_FR_FN     seed 29  goal      clr  0.39  t  13.8  inf  65  N 20.0  mpc   2.2 ms  err 0.23
[130/450] latency=0.2 S1  A_FR_FN     seed 30  goal      clr  0.57  t  13.4  inf  58  N 20.0  mpc   2.2 ms  err 0.24
[131/450] latency=0.2 S1  A_FR_FN     seed 31  goal      clr  0.41  t  13.7  inf  65  N 20.0  mpc   2.3 ms  err 0.18
[132/450] latency=0.2 S1  A_FR_FN     seed 32  goal      clr  0.37  t  14.0  inf  62  N 20.0  mpc   2.2 ms  err 0.14
[133/450] latency=0.2 S1  A_FR_FN     seed 33  goal      clr  0.49  t  13.5  inf  65  N 20.0  mpc   2.1 ms  err 0.14
[134/450] latency=0.2 S1  A_FR_FN     seed 34  goal      clr  0.39  t  13.8  inf  65  N 20.0  mpc   2.1 ms  err 0.15
[135/450] latency=0.2 S1  A_FR_FN     seed 35  goal      clr  0.41  t  13.8  inf  66  N 20.0  mpc   2.2 ms  err 0.16
[136/450] latency=0.2 S1  A_FR_FN     seed 36  goal      clr  0.45  t  13.4  inf  63  N 20.0  mpc   2.1 ms  err 0.29
[137/450] latency=0.2 S1  A_FR_FN     seed 37  goal      clr  0.40  t  13.9  inf  68  N 20.0  mpc   2.7 ms  err 0.16
[138/450] latency=0.2 S1  A_FR_FN     seed 38  goal      clr  0.43  t  13.9  inf  62  N 20.0  mpc   2.2 ms  err 0.26
[139/450] latency=0.2 S1  A_FR_FN     seed 39  goal      clr  0.40  t  14.0  inf  62  N 20.0  mpc   2.2 ms  err 0.15
[140/450] latency=0.2 S1  A_FR_FN     seed 40  goal      clr  0.41  t  13.4  inf  63  N 20.0  mpc   2.2 ms  err 0.27
[141/450] latency=0.2 S1  A_FR_FN     seed 41  goal      clr  0.31  t  14.1  inf  64  N 20.0  mpc   2.3 ms  err 0.26
[142/450] latency=0.2 S1  A_FR_FN     seed 42  goal      clr  0.34  t  13.8  inf  62  N 20.0  mpc   2.3 ms  err 0.19
[143/450] latency=0.2 S1  A_FR_FN     seed 43  goal      clr  0.41  t  13.7  inf  65  N 20.0  mpc   2.2 ms  err 0.18
[144/450] latency=0.2 S1  A_FR_FN     seed 44  goal      clr  0.47  t  13.3  inf  59  N 20.0  mpc   2.1 ms  err 0.22
[145/450] latency=0.2 S1  A_FR_FN     seed 45  goal      clr  0.34  t  14.2  inf  66  N 20.0  mpc   2.2 ms  err 0.24
[146/450] latency=0.2 S1  A_FR_FN     seed 46  goal      clr  0.44  t  13.6  inf  62  N 20.0  mpc   2.2 ms  err 0.21
[147/450] latency=0.2 S1  A_FR_FN     seed 47  goal      clr  0.41  t  13.9  inf  63  N 20.0  mpc   2.2 ms  err 0.26
[148/450] latency=0.2 S1  A_FR_FN     seed 48  goal      clr  0.35  t  13.6  inf  64  N 20.0  mpc   2.1 ms  err 0.23
[149/450] latency=0.2 S1  A_FR_FN     seed 49  goal      clr  0.49  t  13.5  inf  66  N 20.0  mpc   2.1 ms  err 0.17
[150/450] latency=0.2 S1  A_FR_FN     seed 50  goal      clr  0.42  t  13.6  inf  65  N 20.0  mpc   2.1 ms  err 0.12
[151/450] latency=0.2 S1  F_NODELAY   seed  1  collision clr -0.01  t   8.2  inf  30  N 26.7  mpc   3.6 ms  err 1.65
[152/450] latency=0.2 S1  F_NODELAY   seed  2  goal      clr  0.19  t  31.0  inf 120  N 25.7  mpc   4.5 ms  err 1.53
[153/450] latency=0.2 S1  F_NODELAY   seed  3  collision clr -0.00  t   5.4  inf  19  N 26.7  mpc   4.4 ms  err 1.42
[154/450] latency=0.2 S1  F_NODELAY   seed  4  collision clr -0.00  t  22.9  inf  81  N 24.3  mpc   3.8 ms  err 1.64
[155/450] latency=0.2 S1  F_NODELAY   seed  5  collision clr -0.00  t   8.1  inf  30  N 23.6  mpc   3.6 ms  err 1.21
[156/450] latency=0.2 S1  F_NODELAY   seed  6  goal      clr  0.58  t  25.5  inf  82  N 23.9  mpc   3.8 ms  err 2.13
[157/450] latency=0.2 S1  F_NODELAY   seed  7  goal      clr  0.17  t  30.9  inf 104  N 23.3  mpc   3.5 ms  err 1.75
[158/450] latency=0.2 S1  F_NODELAY   seed  8  collision clr -0.00  t   4.9  inf  18  N 25.8  mpc   4.3 ms  err 1.81
[159/450] latency=0.2 S1  F_NODELAY   seed  9  collision clr -0.01  t   3.5  inf  13  N 26.0  mpc   4.1 ms  err 2.26
[160/450] latency=0.2 S1  F_NODELAY   seed 10  collision clr -0.01  t  18.9  inf  77  N 27.1  mpc   4.5 ms  err 1.64
[161/450] latency=0.2 S1  F_NODELAY   seed 11  goal      clr  0.01  t  19.9  inf  72  N 25.5  mpc   3.6 ms  err 1.65
[162/450] latency=0.2 S1  F_NODELAY   seed 12  collision clr -0.02  t  14.4  inf  58  N 27.3  mpc   4.1 ms  err 1.38
[163/450] latency=0.2 S1  F_NODELAY   seed 13  goal      clr  0.30  t  25.2  inf  92  N 26.2  mpc   3.8 ms  err 1.56
[164/450] latency=0.2 S1  F_NODELAY   seed 14  collision clr -0.00  t   7.7  inf  32  N 23.0  mpc   3.3 ms  err 1.57
[165/450] latency=0.2 S1  F_NODELAY   seed 15  collision clr -0.03  t  19.6  inf  68  N 25.3  mpc   3.9 ms  err 1.40
[166/450] latency=0.2 S1  F_NODELAY   seed 16  collision clr -0.01  t  10.6  inf  40  N 27.1  mpc   3.7 ms  err 1.70
[167/450] latency=0.2 S1  F_NODELAY   seed 17  collision clr -0.00  t  15.6  inf  62  N 25.3  mpc   3.9 ms  err 1.57
[168/450] latency=0.2 S1  F_NODELAY   seed 18  goal      clr  0.31  t  17.9  inf  69  N 26.3  mpc   3.7 ms  err 1.55
[169/450] latency=0.2 S1  F_NODELAY   seed 19  goal      clr  0.04  t  34.9  inf 130  N 23.3  mpc   3.5 ms  err 1.50
[170/450] latency=0.2 S1  F_NODELAY   seed 20  goal      clr  0.05  t  35.3  inf 122  N 24.0  mpc   3.7 ms  err 1.27
[171/450] latency=0.2 S1  F_NODELAY   seed 21  collision clr -0.01  t   3.6  inf  14  N 25.0  mpc   3.7 ms  err 2.20
[172/450] latency=0.2 S1  F_NODELAY   seed 22  goal      clr  0.38  t  17.0  inf  67  N 26.3  mpc   3.7 ms  err 1.37
[173/450] latency=0.2 S1  F_NODELAY   seed 23  timeout   clr  0.59  t  40.0  inf 152  N 21.1  mpc   3.3 ms  err 1.03
[174/450] latency=0.2 S1  F_NODELAY   seed 24  collision clr -0.01  t  18.5  inf  69  N 26.5  mpc   4.0 ms  err 1.66
[175/450] latency=0.2 S1  F_NODELAY   seed 25  collision clr -0.00  t  10.3  inf  39  N 27.1  mpc   3.9 ms  err 1.52
[176/450] latency=0.2 S1  F_NODELAY   seed 26  collision clr -0.01  t   4.6  inf  19  N 27.2  mpc   4.5 ms  err 1.88
[177/450] latency=0.2 S1  F_NODELAY   seed 27  collision clr -0.01  t  13.4  inf  54  N 28.0  mpc   4.6 ms  err 1.80
[178/450] latency=0.2 S1  F_NODELAY   seed 28  collision clr -0.01  t  15.9  inf  57  N 27.8  mpc   3.8 ms  err 1.47
[179/450] latency=0.2 S1  F_NODELAY   seed 29  goal      clr  0.26  t  24.5  inf  86  N 24.9  mpc   4.0 ms  err 2.29
[180/450] latency=0.2 S1  F_NODELAY   seed 30  collision clr -0.00  t  21.5  inf  83  N 23.5  mpc   3.7 ms  err 1.57
[181/450] latency=0.2 S1  F_NODELAY   seed 31  collision clr -0.01  t  24.9  inf  98  N 26.6  mpc   4.3 ms  err 1.58
[182/450] latency=0.2 S1  F_NODELAY   seed 32  collision clr -0.00  t  11.7  inf  46  N 26.7  mpc   4.2 ms  err 1.67
[183/450] latency=0.2 S1  F_NODELAY   seed 33  collision clr -0.01  t  10.3  inf  42  N 27.7  mpc   4.2 ms  err 2.19
[184/450] latency=0.2 S1  F_NODELAY   seed 34  goal      clr  0.41  t  29.3  inf 105  N 23.6  mpc   3.6 ms  err 1.64
[185/450] latency=0.2 S1  F_NODELAY   seed 35  collision clr -0.01  t  15.5  inf  64  N 26.3  mpc   3.9 ms  err 1.75
[186/450] latency=0.2 S1  F_NODELAY   seed 36  goal      clr  0.24  t  22.6  inf  68  N 24.8  mpc   3.9 ms  err 1.86
[187/450] latency=0.2 S1  F_NODELAY   seed 37  goal      clr  0.18  t  20.3  inf  80  N 25.9  mpc   4.1 ms  err 1.39
[188/450] latency=0.2 S1  F_NODELAY   seed 38  collision clr -0.00  t   3.7  inf  15  N 25.3  mpc   3.9 ms  err 1.95
[189/450] latency=0.2 S1  F_NODELAY   seed 39  collision clr -0.01  t  12.8  inf  47  N 26.0  mpc   4.1 ms  err 1.92
[190/450] latency=0.2 S1  F_NODELAY   seed 40  goal      clr  0.12  t  35.8  inf 136  N 23.9  mpc   3.5 ms  err 1.45
[191/450] latency=0.2 S1  F_NODELAY   seed 41  goal      clr  0.14  t  22.9  inf  75  N 24.7  mpc   3.5 ms  err 1.95
[192/450] latency=0.2 S1  F_NODELAY   seed 42  collision clr -0.02  t  16.4  inf  52  N 25.5  mpc   3.8 ms  err 2.15
[193/450] latency=0.2 S1  F_NODELAY   seed 43  collision clr -0.00  t   3.9  inf  16  N 26.5  mpc   3.7 ms  err 1.78
[194/450] latency=0.2 S1  F_NODELAY   seed 44  collision clr -0.01  t   3.2  inf  13  N 25.3  mpc   3.8 ms  err 2.10
[195/450] latency=0.2 S1  F_NODELAY   seed 45  goal      clr  0.13  t  22.1  inf  73  N 23.7  mpc   3.5 ms  err 1.71
[196/450] latency=0.2 S1  F_NODELAY   seed 46  collision clr -0.02  t  12.5  inf  52  N 26.8  mpc   4.1 ms  err 1.67
[197/450] latency=0.2 S1  F_NODELAY   seed 47  collision clr -0.00  t   9.0  inf  34  N 24.6  mpc   4.2 ms  err 1.57
[198/450] latency=0.2 S1  F_NODELAY   seed 48  collision clr -0.00  t  16.4  inf  64  N 27.2  mpc   4.1 ms  err 1.77
[199/450] latency=0.2 S1  F_NODELAY   seed 49  goal      clr  0.19  t  18.9  inf  63  N 26.3  mpc   3.8 ms  err 2.08
[200/450] latency=0.2 S1  F_NODELAY   seed 50  goal      clr  0.47  t  31.4  inf 118  N 25.6  mpc   4.3 ms  err 1.37
[201/450] latency=0.2 S1  FR_SAFE_1   seed  1  goal      clr  0.50  t  33.7  inf  34  N 21.3  mpc   3.1 ms  err 0.33
[202/450] latency=0.2 S1  FR_SAFE_1   seed  2  goal      clr  0.64  t  20.5  inf  21  N 24.7  mpc   3.8 ms  err 0.25
[203/450] latency=0.2 S1  FR_SAFE_1   seed  3  timeout   clr  0.63  t  40.0  inf  40  N 19.8  mpc   2.9 ms  err 0.27
[204/450] latency=0.2 S1  FR_SAFE_1   seed  4  goal      clr  0.75  t  23.8  inf  24  N 25.0  mpc   3.8 ms  err 0.33
[205/450] latency=0.2 S1  FR_SAFE_1   seed  5  goal      clr  0.39  t  21.0  inf  22  N 25.5  mpc   4.1 ms  err 0.50
[206/450] latency=0.2 S1  FR_SAFE_1   seed  6  goal      clr  0.53  t  15.7  inf  16  N 25.8  mpc   3.6 ms  err 0.36
[207/450] latency=0.2 S1  FR_SAFE_1   seed  7  goal      clr  0.72  t  26.5  inf  27  N 22.5  mpc   3.1 ms  err 0.43
[208/450] latency=0.2 S1  FR_SAFE_1   seed  8  goal      clr  0.30  t  26.8  inf  27  N 24.6  mpc   3.6 ms  err 0.37
[209/450] latency=0.2 S1  FR_SAFE_1   seed  9  timeout   clr  0.47  t  40.0  inf  40  N 19.6  mpc   2.7 ms  err 0.47
[210/450] latency=0.2 S1  FR_SAFE_1   seed 10  goal      clr  0.18  t  24.9  inf  25  N 25.1  mpc   4.1 ms  err 0.44
[211/450] latency=0.2 S1  FR_SAFE_1   seed 11  goal      clr  0.63  t  30.7  inf  31  N 24.8  mpc   3.8 ms  err 0.32
[212/450] latency=0.2 S1  FR_SAFE_1   seed 12  goal      clr  0.77  t  20.8  inf  21  N 25.4  mpc   3.8 ms  err 0.38
[213/450] latency=0.2 S1  FR_SAFE_1   seed 13  goal      clr  0.56  t  23.0  inf  24  N 24.5  mpc   3.8 ms  err 0.19
[214/450] latency=0.2 S1  FR_SAFE_1   seed 14  timeout   clr  0.70  t  40.0  inf  40  N 19.9  mpc   3.0 ms  err 0.42
[215/450] latency=0.2 S1  FR_SAFE_1   seed 15  goal      clr  0.74  t  22.4  inf  23  N 24.2  mpc   3.4 ms  err 0.28
[216/450] latency=0.2 S1  FR_SAFE_1   seed 16  goal      clr  0.54  t  16.9  inf  17  N 25.8  mpc   3.8 ms  err 0.34
[217/450] latency=0.2 S1  FR_SAFE_1   seed 17  goal      clr  0.22  t  28.0  inf  28  N 24.9  mpc   3.5 ms  err 0.29
[218/450] latency=0.2 S1  FR_SAFE_1   seed 18  goal      clr  0.64  t  22.3  inf  23  N 25.3  mpc   3.8 ms  err 0.41
[219/450] latency=0.2 S1  FR_SAFE_1   seed 19  goal      clr  0.64  t  28.1  inf  29  N 24.5  mpc   3.7 ms  err 0.39
[220/450] latency=0.2 S1  FR_SAFE_1   seed 20  goal      clr  0.74  t  16.1  inf  17  N 26.3  mpc   3.9 ms  err 0.32
[221/450] latency=0.2 S1  FR_SAFE_1   seed 21  goal      clr  0.63  t  25.2  inf  26  N 25.8  mpc   3.7 ms  err 0.44
[222/450] latency=0.2 S1  FR_SAFE_1   seed 22  goal      clr  0.59  t  16.8  inf  17  N 26.4  mpc   3.9 ms  err 0.33
[223/450] latency=0.2 S1  FR_SAFE_1   seed 23  timeout   clr  0.31  t  40.0  inf  40  N 21.1  mpc   2.7 ms  err 0.74
[224/450] latency=0.2 S1  FR_SAFE_1   seed 24  goal      clr  0.59  t  23.7  inf  24  N 24.4  mpc   3.6 ms  err 0.24
[225/450] latency=0.2 S1  FR_SAFE_1   seed 25  goal      clr  0.46  t  22.2  inf  23  N 26.2  mpc   4.3 ms  err 0.42
[226/450] latency=0.2 S1  FR_SAFE_1   seed 26  goal      clr  0.64  t  22.3  inf  23  N 24.5  mpc   3.6 ms  err 0.46
[227/450] latency=0.2 S1  FR_SAFE_1   seed 27  goal      clr  0.74  t  21.0  inf  21  N 24.2  mpc   3.6 ms  err 0.32
[228/450] latency=0.2 S1  FR_SAFE_1   seed 28  goal      clr  0.68  t  19.9  inf  20  N 26.2  mpc   4.0 ms  err 0.60
[229/450] latency=0.2 S1  FR_SAFE_1   seed 29  goal      clr  0.50  t  22.9  inf  23  N 24.3  mpc   3.6 ms  err 0.33
[230/450] latency=0.2 S1  FR_SAFE_1   seed 30  timeout   clr  0.53  t  40.0  inf  40  N 23.2  mpc   3.5 ms  err 0.30
[231/450] latency=0.2 S1  FR_SAFE_1   seed 31  goal      clr  0.55  t  20.6  inf  21  N 26.5  mpc   4.2 ms  err 0.29
[232/450] latency=0.2 S1  FR_SAFE_1   seed 32  goal      clr  0.54  t  19.7  inf  20  N 26.4  mpc   3.9 ms  err 0.30
[233/450] latency=0.2 S1  FR_SAFE_1   seed 33  goal      clr  0.60  t  24.2  inf  25  N 23.1  mpc   3.2 ms  err 0.24
[234/450] latency=0.2 S1  FR_SAFE_1   seed 34  goal      clr  0.38  t  19.9  inf  20  N 24.8  mpc   3.9 ms  err 0.52
[235/450] latency=0.2 S1  FR_SAFE_1   seed 35  goal      clr  0.68  t  17.3  inf  18  N 26.9  mpc   3.9 ms  err 0.45
[236/450] latency=0.2 S1  FR_SAFE_1   seed 36  goal      clr  0.97  t  19.2  inf  20  N 25.6  mpc   3.8 ms  err 0.43
[237/450] latency=0.2 S1  FR_SAFE_1   seed 37  goal      clr  0.26  t  19.1  inf  20  N 26.2  mpc   3.9 ms  err 0.26
[238/450] latency=0.2 S1  FR_SAFE_1   seed 38  goal      clr  0.39  t  34.9  inf  35  N 26.1  mpc   4.2 ms  err 0.29
[239/450] latency=0.2 S1  FR_SAFE_1   seed 39  goal      clr  0.86  t  16.5  inf  17  N 26.4  mpc   3.7 ms  err 0.45
[240/450] latency=0.2 S1  FR_SAFE_1   seed 40  goal      clr  0.68  t  17.3  inf  18  N 26.1  mpc   3.9 ms  err 0.36
[241/450] latency=0.2 S1  FR_SAFE_1   seed 41  goal      clr  0.33  t  23.6  inf  24  N 26.0  mpc   4.1 ms  err 0.43
[242/450] latency=0.2 S1  FR_SAFE_1   seed 42  goal      clr  0.54  t  27.0  inf  28  N 23.0  mpc   3.3 ms  err 0.31
[243/450] latency=0.2 S1  FR_SAFE_1   seed 43  goal      clr  0.68  t  16.7  inf  17  N 26.5  mpc   3.9 ms  err 0.32
[244/450] latency=0.2 S1  FR_SAFE_1   seed 44  goal      clr  0.57  t  28.7  inf  29  N 24.0  mpc   3.5 ms  err 0.33
[245/450] latency=0.2 S1  FR_SAFE_1   seed 45  goal      clr  0.49  t  22.0  inf  22  N 25.6  mpc   3.7 ms  err 0.36
[246/450] latency=0.2 S1  FR_SAFE_1   seed 46  goal      clr  0.27  t  24.2  inf  25  N 26.4  mpc   4.3 ms  err 0.35
[247/450] latency=0.2 S1  FR_SAFE_1   seed 47  goal      clr  0.59  t  30.1  inf  31  N 24.5  mpc   3.7 ms  err 0.53
[248/450] latency=0.2 S1  FR_SAFE_1   seed 48  goal      clr  0.30  t  31.1  inf  32  N 24.9  mpc   3.7 ms  err 0.31
[249/450] latency=0.2 S1  FR_SAFE_1   seed 49  goal      clr  0.83  t  17.6  inf  18  N 26.6  mpc   3.9 ms  err 0.36
[250/450] latency=0.2 S1  FR_SAFE_1   seed 50  goal      clr  0.47  t  25.8  inf  26  N 25.2  mpc   3.7 ms  err 0.34
[251/450] latency=0.2 S1  FR_SAFE_2   seed  1  goal      clr  0.49  t  15.6  inf  32  N 26.2  mpc   3.7 ms  err 0.34
[252/450] latency=0.2 S1  FR_SAFE_2   seed  2  goal      clr  0.56  t  15.6  inf  32  N 25.8  mpc   3.6 ms  err 0.23
[253/450] latency=0.2 S1  FR_SAFE_2   seed  3  goal      clr  0.25  t  22.5  inf  46  N 26.6  mpc   4.2 ms  err 0.32
[254/450] latency=0.2 S1  FR_SAFE_2   seed  4  goal      clr  0.67  t  15.5  inf  32  N 25.7  mpc   3.5 ms  err 0.18
[255/450] latency=0.2 S1  FR_SAFE_2   seed  5  goal      clr  0.67  t  14.7  inf  30  N 25.2  mpc   3.4 ms  err 0.25
[256/450] latency=0.2 S1  FR_SAFE_2   seed  6  goal      clr  0.70  t  14.4  inf  29  N 25.7  mpc   3.3 ms  err 0.33
[257/450] latency=0.2 S1  FR_SAFE_2   seed  7  goal      clr  0.50  t  17.6  inf  36  N 26.1  mpc   3.7 ms  err 0.22
[258/450] latency=0.2 S1  FR_SAFE_2   seed  8  goal      clr  0.56  t  16.0  inf  32  N 25.4  mpc   3.5 ms  err 0.22
[259/450] latency=0.2 S1  FR_SAFE_2   seed  9  goal      clr  0.60  t  14.1  inf  29  N 26.3  mpc   3.6 ms  err 0.29
[260/450] latency=0.2 S1  FR_SAFE_2   seed 10  goal      clr  0.63  t  15.0  inf  30  N 25.9  mpc   3.7 ms  err 0.26
[261/450] latency=0.2 S1  FR_SAFE_2   seed 11  goal      clr  0.60  t  14.3  inf  29  N 26.0  mpc   3.4 ms  err 0.21
[262/450] latency=0.2 S1  FR_SAFE_2   seed 12  goal      clr  0.57  t  16.3  inf  33  N 25.8  mpc   3.5 ms  err 0.16
[263/450] latency=0.2 S1  FR_SAFE_2   seed 13  goal      clr  0.45  t  17.9  inf  36  N 25.5  mpc   3.5 ms  err 0.21
[264/450] latency=0.2 S1  FR_SAFE_2   seed 14  goal      clr  0.42  t  16.1  inf  33  N 25.9  mpc   3.7 ms  err 0.21
[265/450] latency=0.2 S1  FR_SAFE_2   seed 15  goal      clr  0.44  t  16.7  inf  34  N 25.5  mpc   3.5 ms  err 0.42
[266/450] latency=0.2 S1  FR_SAFE_2   seed 16  goal      clr  0.67  t  15.5  inf  32  N 25.5  mpc   3.3 ms  err 0.30
[267/450] latency=0.2 S1  FR_SAFE_2   seed 17  goal      clr  0.54  t  16.4  inf  33  N 25.0  mpc   3.3 ms  err 0.27
[268/450] latency=0.2 S1  FR_SAFE_2   seed 18  goal      clr  0.64  t  18.0  inf  36  N 26.5  mpc   3.9 ms  err 0.27
[269/450] latency=0.2 S1  FR_SAFE_2   seed 19  goal      clr  0.57  t  19.4  inf  39  N 25.2  mpc   3.6 ms  err 0.46
[270/450] latency=0.2 S1  FR_SAFE_2   seed 20  goal      clr  0.79  t  14.4  inf  29  N 25.3  mpc   3.2 ms  err 0.29
[271/450] latency=0.2 S1  FR_SAFE_2   seed 21  goal      clr  0.63  t  18.0  inf  36  N 25.5  mpc   3.6 ms  err 0.24
[272/450] latency=0.2 S1  FR_SAFE_2   seed 22  goal      clr  0.63  t  14.3  inf  29  N 25.5  mpc   3.3 ms  err 0.31
[273/450] latency=0.2 S1  FR_SAFE_2   seed 23  goal      clr  0.66  t  16.1  inf  33  N 25.3  mpc   3.4 ms  err 0.19
[274/450] latency=0.2 S1  FR_SAFE_2   seed 24  goal      clr  0.49  t  17.7  inf  36  N 25.5  mpc   3.7 ms  err 0.45
[275/450] latency=0.2 S1  FR_SAFE_2   seed 25  goal      clr  0.55  t  15.5  inf  32  N 25.9  mpc   3.6 ms  err 0.20
[276/450] latency=0.2 S1  FR_SAFE_2   seed 26  goal      clr  0.42  t  16.2  inf  33  N 25.6  mpc   3.5 ms  err 0.30
[277/450] latency=0.2 S1  FR_SAFE_2   seed 27  goal      clr  0.55  t  14.4  inf  29  N 26.1  mpc   3.5 ms  err 0.17
[278/450] latency=0.2 S1  FR_SAFE_2   seed 28  goal      clr  0.74  t  14.2  inf  29  N 26.2  mpc   3.3 ms  err 0.24
[279/450] latency=0.2 S1  FR_SAFE_2   seed 29  goal      clr  0.61  t  15.7  inf  32  N 26.3  mpc   3.7 ms  err 0.18
[280/450] latency=0.2 S1  FR_SAFE_2   seed 30  goal      clr  0.57  t  15.3  inf  31  N 25.6  mpc   3.6 ms  err 0.21
[281/450] latency=0.2 S1  FR_SAFE_2   seed 31  goal      clr  0.60  t  15.8  inf  32  N 25.7  mpc   3.7 ms  err 0.20
[282/450] latency=0.2 S1  FR_SAFE_2   seed 32  goal      clr  0.66  t  15.0  inf  31  N 26.2  mpc   3.8 ms  err 0.19
[283/450] latency=0.2 S1  FR_SAFE_2   seed 33  goal      clr  0.69  t  15.3  inf  31  N 25.9  mpc   3.6 ms  err 0.15
[284/450] latency=0.2 S1  FR_SAFE_2   seed 34  goal      clr  0.64  t  15.9  inf  32  N 25.7  mpc   3.6 ms  err 0.15
[285/450] latency=0.2 S1  FR_SAFE_2   seed 35  goal      clr  0.64  t  14.8  inf  30  N 26.1  mpc   3.5 ms  err 0.35
[286/450] latency=0.2 S1  FR_SAFE_2   seed 36  goal      clr  0.42  t  21.3  inf  43  N 24.4  mpc   3.5 ms  err 0.34
[287/450] latency=0.2 S1  FR_SAFE_2   seed 37  goal      clr  0.60  t  17.6  inf  36  N 25.3  mpc   3.5 ms  err 0.24
[288/450] latency=0.2 S1  FR_SAFE_2   seed 38  goal      clr  0.68  t  15.7  inf  32  N 25.9  mpc   3.5 ms  err 0.23
[289/450] latency=0.2 S1  FR_SAFE_2   seed 39  goal      clr  0.64  t  17.1  inf  35  N 26.3  mpc   3.7 ms  err 0.18
[290/450] latency=0.2 S1  FR_SAFE_2   seed 40  goal      clr  0.65  t  14.9  inf  30  N 25.7  mpc   3.3 ms  err 0.27
[291/450] latency=0.2 S1  FR_SAFE_2   seed 41  goal      clr  0.64  t  19.6  inf  40  N 25.0  mpc   3.6 ms  err 0.24
[292/450] latency=0.2 S1  FR_SAFE_2   seed 42  goal      clr  0.75  t  16.1  inf  33  N 25.8  mpc   3.6 ms  err 0.20
[293/450] latency=0.2 S1  FR_SAFE_2   seed 43  goal      clr  0.64  t  15.3  inf  31  N 25.9  mpc   3.3 ms  err 0.34
[294/450] latency=0.2 S1  FR_SAFE_2   seed 44  goal      clr  0.51  t  17.7  inf  36  N 25.4  mpc   3.4 ms  err 0.35
[295/450] latency=0.2 S1  FR_SAFE_2   seed 45  goal      clr  0.59  t  15.9  inf  32  N 25.4  mpc   3.5 ms  err 0.21
[296/450] latency=0.2 S1  FR_SAFE_2   seed 46  goal      clr  0.54  t  16.2  inf  33  N 26.1  mpc   3.7 ms  err 0.23
[297/450] latency=0.2 S1  FR_SAFE_2   seed 47  goal      clr  0.59  t  15.2  inf  31  N 25.6  mpc   3.6 ms  err 0.22
[298/450] latency=0.2 S1  FR_SAFE_2   seed 48  goal      clr  0.66  t  15.0  inf  30  N 25.9  mpc   3.5 ms  err 0.23
[299/450] latency=0.2 S1  FR_SAFE_2   seed 49  goal      clr  0.76  t  14.2  inf  29  N 26.0  mpc   3.3 ms  err 0.22
[300/450] latency=0.2 S1  FR_SAFE_2   seed 50  goal      clr  0.68  t  15.1  inf  31  N 26.2  mpc   3.5 ms  err 0.29
[301/450] latency=0.2 S1  FR_SAFE_3   seed  1  goal      clr  0.52  t  14.6  inf  43  N 26.1  mpc   3.5 ms  err 0.17
[302/450] latency=0.2 S1  FR_SAFE_3   seed  2  goal      clr  0.48  t  15.7  inf  46  N 25.5  mpc   3.5 ms  err 0.23
[303/450] latency=0.2 S1  FR_SAFE_3   seed  3  goal      clr  0.50  t  22.8  inf  67  N 22.9  mpc   3.4 ms  err 0.41
[304/450] latency=0.2 S1  FR_SAFE_3   seed  4  goal      clr  0.60  t  15.7  inf  47  N 26.0  mpc   3.6 ms  err 0.23
[305/450] latency=0.2 S1  FR_SAFE_3   seed  5  goal      clr  0.61  t  22.7  inf  67  N 25.1  mpc   3.7 ms  err 0.45
[306/450] latency=0.2 S1  FR_SAFE_3   seed  6  goal      clr  0.69  t  14.4  inf  43  N 25.4  mpc   3.5 ms  err 0.21
[307/450] latency=0.2 S1  FR_SAFE_3   seed  7  goal      clr  0.55  t  14.9  inf  44  N 25.0  mpc   3.6 ms  err 0.32
[308/450] latency=0.2 S1  FR_SAFE_3   seed  8  goal      clr  0.69  t  15.0  inf  45  N 26.0  mpc   3.5 ms  err 0.22
[309/450] latency=0.2 S1  FR_SAFE_3   seed  9  goal      clr  0.61  t  14.3  inf  42  N 25.6  mpc   3.3 ms  err 0.26
[310/450] latency=0.2 S1  FR_SAFE_3   seed 10  goal      clr  0.58  t  15.2  inf  45  N 25.4  mpc   3.6 ms  err 0.19
[311/450] latency=0.2 S1  FR_SAFE_3   seed 11  goal      clr  0.72  t  16.1  inf  47  N 25.1  mpc   3.3 ms  err 0.20
[312/450] latency=0.2 S1  FR_SAFE_3   seed 12  goal      clr  0.47  t  15.1  inf  45  N 26.3  mpc   3.6 ms  err 0.20
[313/450] latency=0.2 S1  FR_SAFE_3   seed 13  goal      clr  0.66  t  14.2  inf  42  N 26.2  mpc   3.5 ms  err 0.22
[314/450] latency=0.2 S1  FR_SAFE_3   seed 14  goal      clr  0.56  t  14.9  inf  44  N 26.0  mpc   3.4 ms  err 0.21
[315/450] latency=0.2 S1  FR_SAFE_3   seed 15  goal      clr  0.56  t  16.0  inf  47  N 25.8  mpc   3.5 ms  err 0.26
[316/450] latency=0.2 S1  FR_SAFE_3   seed 16  goal      clr  0.72  t  14.8  inf  44  N 25.2  mpc   3.3 ms  err 0.18
[317/450] latency=0.2 S1  FR_SAFE_3   seed 17  goal      clr  0.68  t  14.2  inf  42  N 25.4  mpc   3.3 ms  err 0.19
[318/450] latency=0.2 S1  FR_SAFE_3   seed 18  goal      clr  0.68  t  14.5  inf  43  N 25.8  mpc   3.4 ms  err 0.15
[319/450] latency=0.2 S1  FR_SAFE_3   seed 19  goal      clr  0.46  t  18.1  inf  54  N 26.1  mpc   3.6 ms  err 0.23
[320/450] latency=0.2 S1  FR_SAFE_3   seed 20  goal      clr  0.77  t  14.3  inf  42  N 25.5  mpc   3.4 ms  err 0.41
[321/450] latency=0.2 S1  FR_SAFE_3   seed 21  goal      clr  0.79  t  14.2  inf  42  N 25.7  mpc   3.5 ms  err 0.21
[322/450] latency=0.2 S1  FR_SAFE_3   seed 22  goal      clr  0.56  t  14.1  inf  42  N 25.8  mpc   3.4 ms  err 0.29
[323/450] latency=0.2 S1  FR_SAFE_3   seed 23  goal      clr  0.65  t  15.0  inf  44  N 24.9  mpc   3.2 ms  err 0.20
[324/450] latency=0.2 S1  FR_SAFE_3   seed 24  goal      clr  0.36  t  16.3  inf  48  N 25.5  mpc   3.4 ms  err 0.24
[325/450] latency=0.2 S1  FR_SAFE_3   seed 25  goal      clr  0.64  t  15.1  inf  45  N 25.8  mpc   3.9 ms  err 0.17
[326/450] latency=0.2 S1  FR_SAFE_3   seed 26  goal      clr  0.49  t  15.2  inf  45  N 25.4  mpc   3.7 ms  err 0.18
[327/450] latency=0.2 S1  FR_SAFE_3   seed 27  goal      clr  0.62  t  14.3  inf  43  N 26.0  mpc   3.5 ms  err 0.11
[328/450] latency=0.2 S1  FR_SAFE_3   seed 28  goal      clr  0.63  t  14.1  inf  42  N 26.0  mpc   3.4 ms  err 0.36
[329/450] latency=0.2 S1  FR_SAFE_3   seed 29  goal      clr  0.54  t  16.3  inf  48  N 25.7  mpc   3.6 ms  err 0.31
[330/450] latency=0.2 S1  FR_SAFE_3   seed 30  goal      clr  0.64  t  14.7  inf  44  N 25.4  mpc   3.5 ms  err 0.28
[331/450] latency=0.2 S1  FR_SAFE_3   seed 31  goal      clr  0.59  t  15.4  inf  46  N 25.7  mpc   3.6 ms  err 0.15
[332/450] latency=0.2 S1  FR_SAFE_3   seed 32  goal      clr  0.56  t  16.4  inf  49  N 26.0  mpc   3.7 ms  err 0.16
[333/450] latency=0.2 S1  FR_SAFE_3   seed 33  goal      clr  0.69  t  15.0  inf  44  N 25.5  mpc   3.4 ms  err 0.11
[334/450] latency=0.2 S1  FR_SAFE_3   seed 34  goal      clr  0.60  t  18.4  inf  54  N 23.9  mpc   3.3 ms  err 0.23
[335/450] latency=0.2 S1  FR_SAFE_3   seed 35  goal      clr  0.65  t  14.7  inf  44  N 26.0  mpc   3.4 ms  err 0.27
[336/450] latency=0.2 S1  FR_SAFE_3   seed 36  goal      clr  0.63  t  19.2  inf  57  N 24.1  mpc   3.2 ms  err 0.36
[337/450] latency=0.2 S1  FR_SAFE_3   seed 37  goal      clr  0.62  t  14.4  inf  43  N 25.0  mpc   3.3 ms  err 0.15
[338/450] latency=0.2 S1  FR_SAFE_3   seed 38  goal      clr  0.63  t  15.9  inf  47  N 26.3  mpc   3.7 ms  err 0.25
[339/450] latency=0.2 S1  FR_SAFE_3   seed 39  goal      clr  0.57  t  15.3  inf  45  N 26.0  mpc   3.6 ms  err 0.15
[340/450] latency=0.2 S1  FR_SAFE_3   seed 40  goal      clr  0.58  t  14.7  inf  44  N 26.0  mpc   3.4 ms  err 0.23
[341/450] latency=0.2 S1  FR_SAFE_3   seed 41  goal      clr  0.54  t  15.9  inf  47  N 25.8  mpc   3.6 ms  err 0.19
[342/450] latency=0.2 S1  FR_SAFE_3   seed 42  goal      clr  0.67  t  14.9  inf  44  N 25.7  mpc   3.4 ms  err 0.21
[343/450] latency=0.2 S1  FR_SAFE_3   seed 43  goal      clr  0.56  t  15.1  inf  45  N 25.8  mpc   3.3 ms  err 0.29
[344/450] latency=0.2 S1  FR_SAFE_3   seed 44  goal      clr  0.44  t  20.2  inf  59  N 26.0  mpc   3.8 ms  err 0.27
[345/450] latency=0.2 S1  FR_SAFE_3   seed 45  goal      clr  0.66  t  15.8  inf  47  N 25.4  mpc   3.5 ms  err 0.32
[346/450] latency=0.2 S1  FR_SAFE_3   seed 46  goal      clr  0.66  t  14.3  inf  43  N 25.9  mpc   3.4 ms  err 0.20
[347/450] latency=0.2 S1  FR_SAFE_3   seed 47  goal      clr  0.58  t  14.8  inf  44  N 25.1  mpc   3.4 ms  err 0.30
[348/450] latency=0.2 S1  FR_SAFE_3   seed 48  goal      clr  0.59  t  16.4  inf  49  N 25.0  mpc   3.4 ms  err 0.32
[349/450] latency=0.2 S1  FR_SAFE_3   seed 49  goal      clr  0.60  t  14.6  inf  43  N 25.8  mpc   3.3 ms  err 0.24
[350/450] latency=0.2 S1  FR_SAFE_3   seed 50  goal      clr  0.57  t  15.6  inf  46  N 26.0  mpc   3.6 ms  err 0.21
[351/450] latency=0.2 S1  FR_SAFE_5   seed  1  goal      clr  0.44  t  17.2  inf  74  N 26.0  mpc   3.5 ms  err 0.18
[352/450] latency=0.2 S1  FR_SAFE_5   seed  2  goal      clr  0.42  t  15.1  inf  66  N 25.3  mpc   3.4 ms  err 0.29
[353/450] latency=0.2 S1  FR_SAFE_5   seed  3  goal      clr  0.38  t  17.1  inf  74  N 25.9  mpc   3.7 ms  err 0.25
[354/450] latency=0.2 S1  FR_SAFE_5   seed  4  goal      clr  0.62  t  14.8  inf  66  N 25.7  mpc   3.4 ms  err 0.16
[355/450] latency=0.2 S1  FR_SAFE_5   seed  5  goal      clr  0.63  t  17.1  inf  70  N 24.3  mpc   3.3 ms  err 0.25
[356/450] latency=0.2 S1  FR_SAFE_5   seed  6  goal      clr  0.67  t  14.0  inf  60  N 25.4  mpc   3.3 ms  err 0.16
[357/450] latency=0.2 S1  FR_SAFE_5   seed  7  goal      clr  0.60  t  14.3  inf  62  N 25.4  mpc   3.9 ms  err 0.22
[358/450] latency=0.2 S1  FR_SAFE_5   seed  8  goal      clr  0.67  t  14.6  inf  65  N 25.9  mpc   3.4 ms  err 0.27
[359/450] latency=0.2 S1  FR_SAFE_5   seed  9  goal      clr  0.59  t  14.3  inf  62  N 25.6  mpc   3.3 ms  err 0.16
[360/450] latency=0.2 S1  FR_SAFE_5   seed 10  goal      clr  0.41  t  16.7  inf  72  N 24.8  mpc   3.4 ms  err 0.19
[361/450] latency=0.2 S1  FR_SAFE_5   seed 11  goal      clr  0.66  t  14.6  inf  63  N 25.6  mpc   3.3 ms  err 0.20
[362/450] latency=0.2 S1  FR_SAFE_5   seed 12  goal      clr  0.56  t  15.2  inf  66  N 26.1  mpc   3.6 ms  err 0.16
[363/450] latency=0.2 S1  FR_SAFE_5   seed 13  goal      clr  0.59  t  15.4  inf  69  N 26.0  mpc   3.5 ms  err 0.17
[364/450] latency=0.2 S1  FR_SAFE_5   seed 14  goal      clr  0.53  t  16.2  inf  70  N 25.6  mpc   3.5 ms  err 0.14
[365/450] latency=0.2 S1  FR_SAFE_5   seed 15  goal      clr  0.54  t  15.9  inf  69  N 25.5  mpc   3.5 ms  err 0.20
[366/450] latency=0.2 S1  FR_SAFE_5   seed 16  goal      clr  0.65  t  16.4  inf  73  N 25.3  mpc   3.3 ms  err 0.24
[367/450] latency=0.2 S1  FR_SAFE_5   seed 17  goal      clr  0.63  t  14.2  inf  64  N 24.9  mpc   3.2 ms  err 0.20
[368/450] latency=0.2 S1  FR_SAFE_5   seed 18  goal      clr  0.65  t  14.3  inf  65  N 25.5  mpc   3.3 ms  err 0.16
[369/450] latency=0.2 S1  FR_SAFE_5   seed 19  goal      clr  0.58  t  15.9  inf  71  N 25.7  mpc   3.6 ms  err 0.14
[370/450] latency=0.2 S1  FR_SAFE_5   seed 20  goal      clr  0.62  t  14.5  inf  64  N 25.2  mpc   3.3 ms  err 0.35
[371/450] latency=0.2 S1  FR_SAFE_5   seed 21  goal      clr  0.73  t  14.2  inf  60  N 25.2  mpc   3.3 ms  err 0.16
[372/450] latency=0.2 S1  FR_SAFE_5   seed 22  goal      clr  0.58  t  14.1  inf  65  N 25.2  mpc   3.2 ms  err 0.24
[373/450] latency=0.2 S1  FR_SAFE_5   seed 23  goal      clr  0.67  t  14.7  inf  65  N 24.9  mpc   3.3 ms  err 0.16
[374/450] latency=0.2 S1  FR_SAFE_5   seed 24  goal      clr  0.54  t  13.8  inf  60  N 25.3  mpc   3.1 ms  err 0.27
[375/450] latency=0.2 S1  FR_SAFE_5   seed 25  goal      clr  0.59  t  19.9  inf  87  N 23.7  mpc   3.3 ms  err 0.29
[376/450] latency=0.2 S1  FR_SAFE_5   seed 26  goal      clr  0.66  t  14.5  inf  66  N 25.0  mpc   3.5 ms  err 0.21
[377/450] latency=0.2 S1  FR_SAFE_5   seed 27  goal      clr  0.57  t  14.5  inf  62  N 25.8  mpc   3.6 ms  err 0.10
[378/450] latency=0.2 S1  FR_SAFE_5   seed 28  goal      clr  0.59  t  14.1  inf  62  N 25.8  mpc   3.7 ms  err 0.27
[379/450] latency=0.2 S1  FR_SAFE_5   seed 29  goal      clr  0.56  t  15.6  inf  70  N 26.0  mpc   3.9 ms  err 0.17
[380/450] latency=0.2 S1  FR_SAFE_5   seed 30  goal      clr  0.70  t  14.8  inf  62  N 25.1  mpc   3.4 ms  err 0.21
[381/450] latency=0.2 S1  FR_SAFE_5   seed 31  goal      clr  0.59  t  14.8  inf  67  N 25.5  mpc   3.5 ms  err 0.18
[382/450] latency=0.2 S1  FR_SAFE_5   seed 32  goal      clr  0.65  t  14.8  inf  64  N 25.8  mpc   3.6 ms  err 0.18
[383/450] latency=0.2 S1  FR_SAFE_5   seed 33  goal      clr  0.71  t  14.1  inf  63  N 25.3  mpc   3.4 ms  err 0.14
[384/450] latency=0.2 S1  FR_SAFE_5   seed 34  goal      clr  0.58  t  15.3  inf  69  N 25.4  mpc   3.5 ms  err 0.14
[385/450] latency=0.2 S1  FR_SAFE_5   seed 35  goal      clr  0.62  t  14.7  inf  66  N 25.8  mpc   3.6 ms  err 0.19
[386/450] latency=0.2 S1  FR_SAFE_5   seed 36  goal      clr  0.53  t  14.9  inf  66  N 25.8  mpc   3.7 ms  err 0.16
[387/450] latency=0.2 S1  FR_SAFE_5   seed 37  goal      clr  0.67  t  20.9  inf  93  N 23.5  mpc   3.2 ms  err 0.40
[388/450] latency=0.2 S1  FR_SAFE_5   seed 38  goal      clr  0.60  t  16.8  inf  73  N 26.0  mpc   3.8 ms  err 0.21
[389/450] latency=0.2 S1  FR_SAFE_5   seed 39  goal      clr  0.55  t  14.8  inf  63  N 26.0  mpc   3.5 ms  err 0.14
[390/450] latency=0.2 S1  FR_SAFE_5   seed 40  goal      clr  0.45  t  16.3  inf  72  N 25.8  mpc   3.6 ms  err 0.29
[391/450] latency=0.2 S1  FR_SAFE_5   seed 41  goal      clr  0.65  t  16.8  inf  73  N 24.8  mpc   3.7 ms  err 0.18
[392/450] latency=0.2 S1  FR_SAFE_5   seed 42  goal      clr  0.66  t  14.4  inf  62  N 25.8  mpc   3.5 ms  err 0.20
[393/450] latency=0.2 S1  FR_SAFE_5   seed 43  goal      clr  0.47  t  16.3  inf  72  N 24.2  mpc   3.3 ms  err 0.11
[394/450] latency=0.2 S1  FR_SAFE_5   seed 44  goal      clr  0.43  t  16.3  inf  70  N 25.9  mpc   3.7 ms  err 0.22
[395/450] latency=0.2 S1  FR_SAFE_5   seed 45  goal      clr  0.43  t  15.7  inf  71  N 25.4  mpc   3.5 ms  err 0.36
[396/450] latency=0.2 S1  FR_SAFE_5   seed 46  goal      clr  0.66  t  14.3  inf  63  N 26.4  mpc   3.5 ms  err 0.28
[397/450] latency=0.2 S1  FR_SAFE_5   seed 47  goal      clr  0.55  t  14.8  inf  64  N 25.2  mpc   3.4 ms  err 0.20
[398/450] latency=0.2 S1  FR_SAFE_5   seed 48  goal      clr  0.51  t  18.3  inf  83  N 24.5  mpc   3.6 ms  err 0.37
[399/450] latency=0.2 S1  FR_SAFE_5   seed 49  goal      clr  0.61  t  14.1  inf  65  N 25.5  mpc   3.3 ms  err 0.20
[400/450] latency=0.2 S1  FR_SAFE_5   seed 50  goal      clr  0.54  t  14.5  inf  66  N 25.7  mpc   3.6 ms  err 0.15
[401/450] latency=0.2 S1  FR_SAFE_10  seed  1  goal      clr  0.58  t  15.3  inf  69  N 26.0  mpc   3.6 ms  err 0.20
[402/450] latency=0.2 S1  FR_SAFE_10  seed  2  goal      clr  0.42  t  15.2  inf  70  N 25.8  mpc   3.5 ms  err 0.30
[403/450] latency=0.2 S1  FR_SAFE_10  seed  3  goal      clr  0.51  t  17.7  inf  82  N 26.2  mpc   3.9 ms  err 0.22
[404/450] latency=0.2 S1  FR_SAFE_10  seed  4  goal      clr  0.53  t  15.1  inf  70  N 25.8  mpc   3.6 ms  err 0.27
[405/450] latency=0.2 S1  FR_SAFE_10  seed  5  goal      clr  0.68  t  16.9  inf  72  N 25.5  mpc   3.4 ms  err 0.37
[406/450] latency=0.2 S1  FR_SAFE_10  seed  6  goal      clr  0.67  t  13.9  inf  63  N 25.5  mpc   3.2 ms  err 0.26
[407/450] latency=0.2 S1  FR_SAFE_10  seed  7  goal      clr  0.62  t  14.5  inf  65  N 25.4  mpc   3.2 ms  err 0.20
[408/450] latency=0.2 S1  FR_SAFE_10  seed  8  goal      clr  0.55  t  14.5  inf  67  N 25.9  mpc   3.4 ms  err 0.24
[409/450] latency=0.2 S1  FR_SAFE_10  seed  9  goal      clr  0.35  t  16.3  inf  75  N 25.4  mpc   3.4 ms  err 0.25
[410/450] latency=0.2 S1  FR_SAFE_10  seed 10  goal      clr  0.56  t  14.8  inf  69  N 25.3  mpc   3.5 ms  err 0.24
[411/450] latency=0.2 S1  FR_SAFE_10  seed 11  goal      clr  0.73  t  14.5  inf  65  N 25.6  mpc   3.4 ms  err 0.19
[412/450] latency=0.2 S1  FR_SAFE_10  seed 12  goal      clr  0.56  t  16.6  inf  74  N 26.0  mpc   3.7 ms  err 0.14
[413/450] latency=0.2 S1  FR_SAFE_10  seed 13  goal      clr  0.64  t  14.1  inf  67  N 25.9  mpc   3.3 ms  err 0.14
[414/450] latency=0.2 S1  FR_SAFE_10  seed 14  goal      clr  0.50  t  17.5  inf  80  N 25.8  mpc   3.6 ms  err 0.14
[415/450] latency=0.2 S1  FR_SAFE_10  seed 15  goal      clr  0.54  t  16.4  inf  75  N 25.6  mpc   3.7 ms  err 0.20
[416/450] latency=0.2 S1  FR_SAFE_10  seed 16  goal      clr  0.69  t  14.3  inf  67  N 25.2  mpc   3.2 ms  err 0.15
[417/450] latency=0.2 S1  FR_SAFE_10  seed 17  goal      clr  0.68  t  14.1  inf  68  N 25.0  mpc   3.3 ms  err 0.15
[418/450] latency=0.2 S1  FR_SAFE_10  seed 18  goal      clr  0.62  t  14.4  inf  69  N 25.8  mpc   3.5 ms  err 0.15
[419/450] latency=0.2 S1  FR_SAFE_10  seed 19  goal      clr  0.54  t  15.3  inf  73  N 25.9  mpc   3.8 ms  err 0.21
[420/450] latency=0.2 S1  FR_SAFE_10  seed 20  goal      clr  0.62  t  14.1  inf  65  N 25.4  mpc   3.3 ms  err 0.25
[421/450] latency=0.2 S1  FR_SAFE_10  seed 21  goal      clr  0.75  t  14.1  inf  63  N 25.3  mpc   3.6 ms  err 0.15
[422/450] latency=0.2 S1  FR_SAFE_10  seed 22  goal      clr  0.60  t  13.9  inf  67  N 25.5  mpc   3.6 ms  err 0.24
[423/450] latency=0.2 S1  FR_SAFE_10  seed 23  goal      clr  0.63  t  14.8  inf  68  N 24.8  mpc   3.4 ms  err 0.26
[424/450] latency=0.2 S1  FR_SAFE_10  seed 24  goal      clr  0.59  t  13.8  inf  63  N 25.3  mpc   3.2 ms  err 0.24
[425/450] latency=0.2 S1  FR_SAFE_10  seed 25  goal      clr  0.57  t  15.2  inf  69  N 25.7  mpc   3.5 ms  err 0.17
[426/450] latency=0.2 S1  FR_SAFE_10  seed 26  goal      clr  0.59  t  14.6  inf  70  N 24.5  mpc   3.2 ms  err 0.16
[427/450] latency=0.2 S1  FR_SAFE_10  seed 27  goal      clr  0.57  t  14.4  inf  65  N 25.7  mpc   3.4 ms  err 0.13
[428/450] latency=0.2 S1  FR_SAFE_10  seed 28  goal      clr  0.65  t  14.0  inf  63  N 25.9  mpc   3.3 ms  err 0.28
[429/450] latency=0.2 S1  FR_SAFE_10  seed 29  goal      clr  0.57  t  15.5  inf  74  N 25.8  mpc   3.7 ms  err 0.15
[430/450] latency=0.2 S1  FR_SAFE_10  seed 30  goal      clr  0.68  t  14.5  inf  63  N 25.2  mpc   3.3 ms  err 0.27
[431/450] latency=0.2 S1  FR_SAFE_10  seed 31  goal      clr  0.58  t  14.8  inf  70  N 25.5  mpc   3.4 ms  err 0.18
[432/450] latency=0.2 S1  FR_SAFE_10  seed 32  goal      clr  0.67  t  14.8  inf  66  N 25.9  mpc   3.4 ms  err 0.22
[433/450] latency=0.2 S1  FR_SAFE_10  seed 33  goal      clr  0.71  t  14.2  inf  68  N 25.2  mpc   3.3 ms  err 0.17
[434/450] latency=0.2 S1  FR_SAFE_10  seed 34  goal      clr  0.60  t  14.7  inf  69  N 25.1  mpc   3.4 ms  err 0.12
[435/450] latency=0.2 S1  FR_SAFE_10  seed 35  goal      clr  0.64  t  14.8  inf  71  N 25.9  mpc   3.5 ms  err 0.25
[436/450] latency=0.2 S1  FR_SAFE_10  seed 36  goal      clr  0.58  t  15.2  inf  71  N 25.7  mpc   3.5 ms  err 0.18
[437/450] latency=0.2 S1  FR_SAFE_10  seed 37  goal      clr  0.51  t  14.6  inf  70  N 25.4  mpc   3.3 ms  err 0.30
[438/450] latency=0.2 S1  FR_SAFE_10  seed 38  goal      clr  0.59  t  16.8  inf  76  N 26.1  mpc   3.8 ms  err 0.19
[439/450] latency=0.2 S1  FR_SAFE_10  seed 39  goal      clr  0.51  t  14.8  inf  66  N 26.0  mpc   3.5 ms  err 0.13
[440/450] latency=0.2 S1  FR_SAFE_10  seed 40  goal      clr  0.45  t  15.8  inf  73  N 25.8  mpc   3.6 ms  err 0.32
[441/450] latency=0.2 S1  FR_SAFE_10  seed 41  goal      clr  0.55  t  19.2  inf  89  N 25.6  mpc   3.8 ms  err 0.25
[442/450] latency=0.2 S1  FR_SAFE_10  seed 42  goal      clr  0.61  t  15.2  inf  68  N 25.8  mpc   3.4 ms  err 0.28
[443/450] latency=0.2 S1  FR_SAFE_10  seed 43  goal      clr  0.53  t  16.3  inf  76  N 24.5  mpc   3.2 ms  err 0.14
[444/450] latency=0.2 S1  FR_SAFE_10  seed 44  goal      clr  0.47  t  15.9  inf  71  N 25.6  mpc   3.6 ms  err 0.19
[445/450] latency=0.2 S1  FR_SAFE_10  seed 45  goal      clr  0.49  t  17.3  inf  80  N 25.0  mpc   3.5 ms  err 0.22
[446/450] latency=0.2 S1  FR_SAFE_10  seed 46  goal      clr  0.67  t  14.2  inf  65  N 26.6  mpc   3.4 ms  err 0.30
[447/450] latency=0.2 S1  FR_SAFE_10  seed 47  goal      clr  0.58  t  15.6  inf  71  N 25.3  mpc   3.4 ms  err 0.13
[448/450] latency=0.2 S1  FR_SAFE_10  seed 48  goal      clr  0.59  t  15.2  inf  72  N 25.6  mpc   3.5 ms  err 0.23
[449/450] latency=0.2 S1  FR_SAFE_10  seed 49  goal      clr  0.65  t  14.4  inf  70  N 25.5  mpc   3.2 ms  err 0.17
[450/450] latency=0.2 S1  FR_SAFE_10  seed 50  goal      clr  0.51  t  15.5  inf  73  N 25.7  mpc   3.4 ms  err 0.21
