[  1/450] latency=0.25 S2  E_DART      seed  1  goal      clr  0.50  t  14.7  inf  39  N 24.9  mpc   7.4 ms  err 0.61
[  2/450] latency=0.25 S2  E_DART      seed  2  goal      clr  1.04  t  14.3  inf  43  N 24.6  mpc   8.0 ms  err 0.38
[  3/450] latency=0.25 S2  E_DART      seed  3  goal      clr  0.69  t  16.7  inf  49  N 25.8  mpc   7.2 ms  err 0.33
[  4/450] latency=0.25 S2  E_DART      seed  4  goal      clr  0.40  t  21.0  inf  55  N 24.3  mpc   7.4 ms  err 0.27
[  5/450] latency=0.25 S2  E_DART      seed  5  goal      clr  0.73  t  15.6  inf  39  N 23.0  mpc   5.5 ms  err 0.72
[  6/450] latency=0.25 S2  E_DART      seed  6  goal      clr  0.60  t  15.2  inf  41  N 24.2  mpc   6.1 ms  err 0.55
[  7/450] latency=0.25 S2  E_DART      seed  7  goal      clr  0.69  t  16.9  inf  51  N 23.6  mpc   6.0 ms  err 0.24
[  8/450] latency=0.25 S2  E_DART      seed  8  goal      clr  0.78  t  21.1  inf  52  N 21.5  mpc   5.2 ms  err 0.50
[  9/450] latency=0.25 S2  E_DART      seed  9  goal      clr  0.58  t  16.6  inf  51  N 25.1  mpc   6.6 ms  err 0.55
[ 10/450] latency=0.25 S2  E_DART      seed 10  goal      clr  0.76  t  19.8  inf  48  N 22.2  mpc   5.4 ms  err 0.76
[ 11/450] latency=0.25 S2  E_DART      seed 11  goal      clr  0.77  t  16.3  inf  50  N 26.0  mpc   6.5 ms  err 0.46
[ 12/450] latency=0.25 S2  E_DART      seed 12  goal      clr  0.58  t  17.6  inf  50  N 24.4  mpc   6.1 ms  err 0.35
[ 13/450] latency=0.25 S2  E_DART      seed 13  goal      clr  0.60  t  14.9  inf  47  N 25.2  mpc   6.5 ms  err 0.58
[ 14/450] latency=0.25 S2  E_DART      seed 14  goal      clr  1.21  t  17.1  inf  45  N 21.0  mpc   5.0 ms  err 0.57
[ 15/450] latency=0.25 S2  E_DART      seed 15  goal      clr  0.74  t  13.5  inf  40  N 25.1  mpc   6.4 ms  err 0.43
[ 16/450] latency=0.25 S2  E_DART      seed 16  goal      clr  0.63  t  15.3  inf  46  N 25.5  mpc   6.4 ms  err 0.40
[ 17/450] latency=0.25 S2  E_DART      seed 17  goal      clr  0.77  t  15.0  inf  48  N 25.6  mpc   6.6 ms  err 0.29
[ 18/450] latency=0.25 S2  E_DART      seed 18  goal      clr  0.47  t  19.5  inf  59  N 25.3  mpc   6.6 ms  err 0.61
[ 19/450] latency=0.25 S2  E_DART      seed 19  goal      clr  0.54  t  18.0  inf  57  N 24.2  mpc   6.5 ms  err 0.46
[ 20/450] latency=0.25 S2  E_DART      seed 20  goal      clr  0.78  t  15.2  inf  43  N 24.8  mpc   6.4 ms  err 0.29
[ 21/450] latency=0.25 S2  E_DART      seed 21  goal      clr  0.71  t  14.3  inf  42  N 24.5  mpc   6.2 ms  err 0.39
[ 22/450] latency=0.25 S2  E_DART      seed 22  goal      clr  0.72  t  18.6  inf  54  N 24.1  mpc   6.3 ms  err 0.16
[ 23/450] latency=0.25 S2  E_DART      seed 23  goal      clr  0.65  t  15.2  inf  47  N 25.8  mpc   6.8 ms  err 0.26
[ 24/450] latency=0.25 S2  E_DART      seed 24  goal      clr  0.57  t  14.6  inf  44  N 25.9  mpc   7.1 ms  err 0.52
[ 25/450] latency=0.25 S2  E_DART      seed 25  goal      clr  0.77  t  16.4  inf  51  N 25.6  mpc   6.7 ms  err 0.22
[ 26/450] latency=0.25 S2  E_DART      seed 26  goal      clr  0.61  t  14.7  inf  42  N 24.8  mpc   6.7 ms  err 0.61
[ 27/450] latency=0.25 S2  E_DART      seed 27  goal      clr  0.77  t  17.0  inf  49  N 25.2  mpc   6.7 ms  err 0.33
[ 28/450] latency=0.25 S2  E_DART      seed 28  goal      clr  0.66  t  14.5  inf  46  N 26.2  mpc   6.5 ms  err 0.33
[ 29/450] latency=0.25 S2  E_DART      seed 29  goal      clr  0.84  t  13.3  inf  40  N 24.3  mpc   6.0 ms  err 0.56
[ 30/450] latency=0.25 S2  E_DART      seed 30  goal      clr  0.58  t  17.6  inf  49  N 23.8  mpc   6.0 ms  err 0.28
[ 31/450] latency=0.25 S2  E_DART      seed 31  goal      clr  0.73  t  21.3  inf  56  N 21.6  mpc   5.3 ms  err 0.66
[ 32/450] latency=0.25 S2  E_DART      seed 32  goal      clr  0.52  t  16.9  inf  43  N 23.8  mpc   6.1 ms  err 0.72
[ 33/450] latency=0.25 S2  E_DART      seed 33  goal      clr  0.71  t  20.2  inf  50  N 22.4  mpc   6.1 ms  err 0.50
[ 34/450] latency=0.25 S2  E_DART      seed 34  goal      clr  0.79  t  18.6  inf  54  N 23.2  mpc   5.9 ms  err 0.30
[ 35/450] latency=0.25 S2  E_DART      seed 35  goal      clr  0.50  t  14.8  inf  46  N 25.2  mpc   6.3 ms  err 0.52
[ 36/450] latency=0.25 S2  E_DART      seed 36  goal      clr  0.61  t  16.3  inf  46  N 23.4  mpc   6.1 ms  err 0.59
[ 37/450] latency=0.25 S2  E_DART      seed 37  goal      clr  0.56  t  16.5  inf  50  N 24.4  mpc   6.4 ms  err 0.48
[ 38/450] latency=0.25 S2  E_DART      seed 38  goal      clr  0.77  t  15.1  inf  46  N 25.3  mpc   6.3 ms  err 0.54
[ 39/450] latency=0.25 S2  E_DART      seed 39  goal      clr  1.15  t  13.7  inf  40  N 24.4  mpc   6.1 ms  err 0.48
[ 40/450] latency=0.25 S2  E_DART      seed 40  goal      clr  0.69  t  22.8  inf  63  N 22.5  mpc   5.9 ms  err 0.20
[ 41/450] latency=0.25 S2  E_DART      seed 41  goal      clr  0.71  t  19.2  inf  59  N 25.7  mpc   7.3 ms  err 0.24
[ 42/450] latency=0.25 S2  E_DART      seed 42  goal      clr  0.45  t  19.9  inf  50  N 23.1  mpc   5.9 ms  err 0.25
[ 43/450] latency=0.25 S2  E_DART      seed 43  goal      clr  0.52  t  15.3  inf  48  N 24.8  mpc   6.2 ms  err 0.53
[ 44/450] latency=0.25 S2  E_DART      seed 44  goal      clr  0.83  t  14.0  inf  42  N 25.7  mpc   6.4 ms  err 0.47
[ 45/450] latency=0.25 S2  E_DART      seed 45  goal      clr  0.66  t  16.6  inf  49  N 24.8  mpc   6.1 ms  err 0.29
[ 46/450] latency=0.25 S2  E_DART      seed 46  goal      clr  0.73  t  18.6  inf  49  N 24.3  mpc   5.9 ms  err 0.90
[ 47/450] latency=0.25 S2  E_DART      seed 47  goal      clr  0.57  t  15.8  inf  45  N 24.3  mpc   6.5 ms  err 0.73
[ 48/450] latency=0.25 S2  E_DART      seed 48  goal      clr  0.57  t  14.3  inf  45  N 26.7  mpc   7.0 ms  err 0.64
[ 49/450] latency=0.25 S2  E_DART      seed 49  goal      clr  0.68  t  13.7  inf  41  N 24.8  mpc   6.3 ms  err 0.54
[ 50/450] latency=0.25 S2  E_DART      seed 50  goal      clr  0.54  t  22.1  inf  62  N 24.3  mpc   6.3 ms  err 0.38
[ 51/450] latency=0.25 S2  Z_ZHUYI     seed  1  goal      clr  0.22  t  14.7  inf  31  N 24.8  mpc   6.4 ms  err 0.58
[ 52/450] latency=0.25 S2  Z_ZHUYI     seed  2  goal      clr  0.30  t  26.6  inf  51  N 21.8  mpc   6.1 ms  err 0.53
[ 53/450] latency=0.25 S2  Z_ZHUYI     seed  3  goal      clr  0.83  t  17.6  inf  29  N 23.4  mpc   6.0 ms  err 0.43
[ 54/450] latency=0.25 S2  Z_ZHUYI     seed  4  goal      clr  0.49  t  16.3  inf  27  N 25.3  mpc   6.7 ms  err 1.02
[ 55/450] latency=0.25 S2  Z_ZHUYI     seed  5  goal      clr  3.57  t  16.3  inf  17  N 21.9  mpc   4.8 ms  err 1.39
[ 56/450] latency=0.25 S2  Z_ZHUYI     seed  6  goal      clr  0.45  t  17.8  inf  33  N 22.8  mpc   5.9 ms  err 0.44
[ 57/450] latency=0.25 S2  Z_ZHUYI     seed  7  goal      clr  0.60  t  18.8  inf  34  N 22.6  mpc   5.3 ms  err 0.61
[ 58/450] latency=0.25 S2  Z_ZHUYI     seed  8  goal      clr  0.81  t  15.6  inf  31  N 24.1  mpc   6.0 ms  err 0.65
[ 59/450] latency=0.25 S2  Z_ZHUYI     seed  9  goal      clr  0.83  t  15.6  inf  21  N 23.4  mpc   5.8 ms  err 0.85
[ 60/450] latency=0.25 S2  Z_ZHUYI     seed 10  goal      clr  0.50  t  25.2  inf  45  N 24.3  mpc   6.8 ms  err 0.51
[ 61/450] latency=0.25 S2  Z_ZHUYI     seed 11  goal      clr  0.86  t  16.5  inf  36  N 26.2  mpc   6.6 ms  err 0.41
[ 62/450] latency=0.25 S2  Z_ZHUYI     seed 12  goal      clr  0.70  t  17.8  inf  37  N 24.2  mpc   6.0 ms  err 0.31
[ 63/450] latency=0.25 S2  Z_ZHUYI     seed 13  goal      clr  0.58  t  16.6  inf  36  N 25.0  mpc   6.3 ms  err 0.30
[ 64/450] latency=0.25 S2  Z_ZHUYI     seed 14  goal      clr  0.81  t  16.8  inf  33  N 23.6  mpc   5.9 ms  err 0.58
[ 65/450] latency=0.25 S2  Z_ZHUYI     seed 15  goal      clr  0.81  t  15.5  inf  23  N 22.9  mpc   5.2 ms  err 0.58
[ 66/450] latency=0.25 S2  Z_ZHUYI     seed 16  goal      clr  0.62  t  23.0  inf  36  N 21.2  mpc   5.2 ms  err 0.47
[ 67/450] latency=0.25 S2  Z_ZHUYI     seed 17  goal      clr  1.10  t  19.6  inf  22  N 24.4  mpc   5.3 ms  err 0.65
[ 68/450] latency=0.25 S2  Z_ZHUYI     seed 18  goal      clr  1.45  t  16.4  inf  25  N 23.4  mpc   5.2 ms  err 1.03
[ 69/450] latency=0.25 S2  Z_ZHUYI     seed 19  goal      clr  0.89  t  18.6  inf  31  N 22.7  mpc   5.4 ms  err 0.43
[ 70/450] latency=0.25 S2  Z_ZHUYI     seed 20  goal      clr  0.78  t  16.8  inf  42  N 25.3  mpc   6.3 ms  err 0.45
[ 71/450] latency=0.25 S2  Z_ZHUYI     seed 21  goal      clr  0.64  t  17.6  inf  28  N 22.7  mpc   5.1 ms  err 0.61
[ 72/450] latency=0.25 S2  Z_ZHUYI     seed 22  goal      clr  1.05  t  18.9  inf  26  N 22.5  mpc   5.6 ms  err 0.85
[ 73/450] latency=0.25 S2  Z_ZHUYI     seed 23  goal      clr  0.86  t  20.3  inf  34  N 23.3  mpc   5.6 ms  err 0.41
[ 74/450] latency=0.25 S2  Z_ZHUYI     seed 24  goal      clr  0.77  t  15.7  inf  35  N 25.0  mpc   6.2 ms  err 0.21
[ 75/450] latency=0.25 S2  Z_ZHUYI     seed 25  goal      clr  1.09  t  17.0  inf  21  N 21.5  mpc   4.7 ms  err 0.71
[ 76/450] latency=0.25 S2  Z_ZHUYI     seed 26  goal      clr  1.69  t  16.4  inf  20  N 22.8  mpc   5.3 ms  err 0.47
[ 77/450] latency=0.25 S2  Z_ZHUYI     seed 27  goal      clr  0.58  t  17.4  inf  37  N 23.3  mpc   5.7 ms  err 0.45
[ 78/450] latency=0.25 S2  Z_ZHUYI     seed 28  goal      clr  0.90  t  15.1  inf  39  N 24.6  mpc   6.0 ms  err 0.35
[ 79/450] latency=0.25 S2  Z_ZHUYI     seed 29  goal      clr  0.71  t  17.2  inf  25  N 22.3  mpc   4.9 ms  err 0.37
[ 80/450] latency=0.25 S2  Z_ZHUYI     seed 30  goal      clr  2.44  t  16.2  inf  18  N 21.5  mpc   4.6 ms  err 1.05
[ 81/450] latency=0.25 S2  Z_ZHUYI     seed 31  goal      clr  0.69  t  26.3  inf  30  N 19.8  mpc   4.9 ms  err 0.53
[ 82/450] latency=0.25 S2  Z_ZHUYI     seed 32  goal      clr  2.40  t  13.9  inf  16  N 25.5  mpc   6.1 ms  err 0.98
[ 83/450] latency=0.25 S2  Z_ZHUYI     seed 33  goal      clr  2.19  t  18.2  inf  20  N 21.5  mpc   5.2 ms  err 0.86
[ 84/450] latency=0.25 S2  Z_ZHUYI     seed 34  goal      clr  0.49  t  24.2  inf  44  N 20.6  mpc   5.2 ms  err 0.29
[ 85/450] latency=0.25 S2  Z_ZHUYI     seed 35  goal      clr  1.08  t  16.2  inf  18  N 22.6  mpc   4.5 ms  err 0.72
[ 86/450] latency=0.25 S2  Z_ZHUYI     seed 36  goal      clr  0.63  t  15.9  inf  32  N 24.5  mpc   6.2 ms  err 0.48
[ 87/450] latency=0.25 S2  Z_ZHUYI     seed 37  goal      clr  0.53  t  22.7  inf  38  N 22.0  mpc   5.4 ms  err 0.21
[ 88/450] latency=0.25 S2  Z_ZHUYI     seed 38  goal      clr  0.61  t  16.9  inf  32  N 23.3  mpc   5.8 ms  err 0.42
[ 89/450] latency=0.25 S2  Z_ZHUYI     seed 39  goal      clr  0.69  t  13.2  inf  25  N 25.2  mpc   6.8 ms  err 0.72
[ 90/450] latency=0.25 S2  Z_ZHUYI     seed 40  goal      clr  1.03  t  18.4  inf  26  N 22.3  mpc   4.7 ms  err 0.72
[ 91/450] latency=0.25 S2  Z_ZHUYI     seed 41  goal      clr  1.41  t  17.2  inf  19  N 22.9  mpc   4.9 ms  err 0.81
[ 92/450] latency=0.25 S2  Z_ZHUYI     seed 42  goal      clr  0.62  t  19.5  inf  31  N 23.7  mpc   5.9 ms  err 0.44
[ 93/450] latency=0.25 S2  Z_ZHUYI     seed 43  goal      clr  0.56  t  18.5  inf  32  N 24.6  mpc   6.4 ms  err 0.48
[ 94/450] latency=0.25 S2  Z_ZHUYI     seed 44  goal      clr  0.34  t  20.5  inf  38  N 22.1  mpc   5.9 ms  err 0.48
[ 95/450] latency=0.25 S2  Z_ZHUYI     seed 45  goal      clr  0.87  t  15.7  inf  33  N 25.0  mpc   6.1 ms  err 0.29
[ 96/450] latency=0.25 S2  Z_ZHUYI     seed 46  goal      clr  1.78  t  17.5  inf  21  N 22.2  mpc   5.4 ms  err 0.81
[ 97/450] latency=0.25 S2  Z_ZHUYI     seed 47  goal      clr  0.67  t  16.7  inf  34  N 24.4  mpc   6.0 ms  err 0.83
[ 98/450] latency=0.25 S2  Z_ZHUYI     seed 48  goal      clr  1.70  t  20.7  inf  24  N 22.2  mpc   4.8 ms  err 0.71
[ 99/450] latency=0.25 S2  Z_ZHUYI     seed 49  goal      clr  0.80  t  15.4  inf  24  N 23.2  mpc   5.3 ms  err 0.67
[100/450] latency=0.25 S2  Z_ZHUYI     seed 50  goal      clr  0.69  t  16.7  inf  31  N 24.8  mpc   6.4 ms  err 0.56
[101/450] latency=0.25 S2  A_FR_FN     seed  1  collision clr -0.01  t   7.8  inf  28  N 20.0  mpc   4.6 ms  err 0.39
[102/450] latency=0.25 S2  A_FR_FN     seed  2  goal      clr  0.41  t  14.9  inf  55  N 20.0  mpc   4.3 ms  err 0.48
[103/450] latency=0.25 S2  A_FR_FN     seed  3  goal      clr  0.43  t  14.5  inf  55  N 20.0  mpc   4.3 ms  err 0.25
[104/450] latency=0.25 S2  A_FR_FN     seed  4  goal      clr  0.23  t  16.9  inf  64  N 20.0  mpc   4.3 ms  err 0.39
[105/450] latency=0.25 S2  A_FR_FN     seed  5  goal      clr  0.12  t  18.1  inf  62  N 20.0  mpc   4.2 ms  err 0.25
[106/450] latency=0.25 S2  A_FR_FN     seed  6  collision clr -0.04  t   3.0  inf  11  N 20.0  mpc   4.4 ms  err 0.35
[107/450] latency=0.25 S2  A_FR_FN     seed  7  goal      clr  0.40  t  15.7  inf  58  N 20.0  mpc   4.2 ms  err 0.44
[108/450] latency=0.25 S2  A_FR_FN     seed  8  goal      clr  0.34  t  15.3  inf  57  N 20.0  mpc   4.3 ms  err 0.44
[109/450] latency=0.25 S2  A_FR_FN     seed  9  goal      clr  0.32  t  14.1  inf  51  N 20.0  mpc   4.1 ms  err 0.47
[110/450] latency=0.25 S2  A_FR_FN     seed 10  goal      clr  0.33  t  15.2  inf  58  N 20.0  mpc   4.3 ms  err 0.28
[111/450] latency=0.25 S2  A_FR_FN     seed 11  collision clr -0.00  t   8.5  inf  33  N 20.0  mpc   4.4 ms  err 0.37
[112/450] latency=0.25 S2  A_FR_FN     seed 12  goal      clr  0.45  t  13.6  inf  49  N 20.0  mpc   4.2 ms  err 0.74
[113/450] latency=0.25 S2  A_FR_FN     seed 13  goal      clr  0.33  t  14.9  inf  58  N 20.0  mpc   4.3 ms  err 0.36
[114/450] latency=0.25 S2  A_FR_FN     seed 14  goal      clr  0.24  t  19.9  inf  74  N 20.0  mpc   4.6 ms  err 0.24
[115/450] latency=0.25 S2  A_FR_FN     seed 15  goal      clr  0.02  t  15.1  inf  56  N 20.0  mpc   4.4 ms  err 0.46
[116/450] latency=0.25 S2  A_FR_FN     seed 16  goal      clr  0.22  t  16.5  inf  62  N 20.0  mpc   4.3 ms  err 0.35
[117/450] latency=0.25 S2  A_FR_FN     seed 17  goal      clr  0.13  t  14.9  inf  59  N 20.0  mpc   4.2 ms  err 0.33
[118/450] latency=0.25 S2  A_FR_FN     seed 18  goal      clr  0.41  t  18.6  inf  73  N 20.0  mpc   4.3 ms  err 0.49
[119/450] latency=0.25 S2  A_FR_FN     seed 19  goal      clr  0.32  t  15.8  inf  63  N 20.0  mpc   4.2 ms  err 0.47
[120/450] latency=0.25 S2  A_FR_FN     seed 20  goal      clr  0.44  t  13.5  inf  51  N 20.0  mpc   4.1 ms  err 0.33
[121/450] latency=0.25 S2  A_FR_FN     seed 21  goal      clr  0.45  t  15.5  inf  56  N 20.0  mpc   4.3 ms  err 0.45
[122/450] latency=0.25 S2  A_FR_FN     seed 22  goal      clr  0.41  t  14.9  inf  59  N 20.0  mpc   4.2 ms  err 0.54
[123/450] latency=0.25 S2  A_FR_FN     seed 23  goal      clr  0.48  t  15.8  inf  58  N 20.0  mpc   4.3 ms  err 0.54
[124/450] latency=0.25 S2  A_FR_FN     seed 24  goal      clr  0.16  t  14.1  inf  53  N 20.0  mpc   4.1 ms  err 0.61
[125/450] latency=0.25 S2  A_FR_FN     seed 25  goal      clr  0.37  t  14.9  inf  54  N 20.0  mpc   4.3 ms  err 0.44
[126/450] latency=0.25 S2  A_FR_FN     seed 26  goal      clr  0.46  t  16.2  inf  64  N 20.0  mpc   4.2 ms  err 0.35
[127/450] latency=0.25 S2  A_FR_FN     seed 27  goal      clr  0.42  t  16.0  inf  58  N 20.0  mpc   4.3 ms  err 0.65
[128/450] latency=0.25 S2  A_FR_FN     seed 28  goal      clr  0.36  t  20.0  inf  73  N 20.0  mpc   4.6 ms  err 0.49
[129/450] latency=0.25 S2  A_FR_FN     seed 29  goal      clr  0.42  t  15.6  inf  60  N 20.0  mpc   4.2 ms  err 0.24
[130/450] latency=0.25 S2  A_FR_FN     seed 30  goal      clr  0.40  t  14.0  inf  51  N 20.0  mpc   4.2 ms  err 0.49
[131/450] latency=0.25 S2  A_FR_FN     seed 31  goal      clr  0.33  t  15.6  inf  61  N 20.0  mpc   4.2 ms  err 0.53
[132/450] latency=0.25 S2  A_FR_FN     seed 32  goal      clr  0.09  t  14.1  inf  51  N 20.0  mpc   4.2 ms  err 0.49
[133/450] latency=0.25 S2  A_FR_FN     seed 33  goal      clr  0.10  t  31.4  inf 118  N 20.0  mpc   4.6 ms  err 0.72
[134/450] latency=0.25 S2  A_FR_FN     seed 34  goal      clr  0.28  t  15.3  inf  58  N 20.0  mpc   4.2 ms  err 0.40
[135/450] latency=0.25 S2  A_FR_FN     seed 35  goal      clr  0.23  t  14.1  inf  56  N 20.0  mpc   4.1 ms  err 0.51
[136/450] latency=0.25 S2  A_FR_FN     seed 36  collision clr -0.00  t   6.3  inf  24  N 20.0  mpc   4.5 ms  err 0.32
[137/450] latency=0.25 S2  A_FR_FN     seed 37  goal      clr  0.39  t  15.4  inf  61  N 20.0  mpc   4.2 ms  err 0.42
[138/450] latency=0.25 S2  A_FR_FN     seed 38  goal      clr  0.26  t  16.4  inf  60  N 20.0  mpc   4.2 ms  err 0.36
[139/450] latency=0.25 S2  A_FR_FN     seed 39  goal      clr  0.51  t  13.6  inf  49  N 20.0  mpc   4.0 ms  err 0.60
[140/450] latency=0.25 S2  A_FR_FN     seed 40  goal      clr  0.33  t  16.7  inf  64  N 20.0  mpc   4.3 ms  err 0.29
[141/450] latency=0.25 S2  A_FR_FN     seed 41  collision clr -0.02  t   3.8  inf  15  N 20.0  mpc   4.6 ms  err 0.25
[142/450] latency=0.25 S2  A_FR_FN     seed 42  goal      clr  0.38  t  13.8  inf  49  N 20.0  mpc   4.1 ms  err 0.35
[143/450] latency=0.25 S2  A_FR_FN     seed 43  goal      clr  0.04  t  15.2  inf  59  N 20.0  mpc   4.3 ms  err 0.33
[144/450] latency=0.25 S2  A_FR_FN     seed 44  goal      clr  0.30  t  15.3  inf  56  N 20.0  mpc   4.4 ms  err 0.36
[145/450] latency=0.25 S2  A_FR_FN     seed 45  goal      clr  0.37  t  15.3  inf  58  N 20.0  mpc   4.4 ms  err 0.22
[146/450] latency=0.25 S2  A_FR_FN     seed 46  goal      clr  0.41  t  13.9  inf  53  N 20.0  mpc   4.1 ms  err 0.89
[147/450] latency=0.25 S2  A_FR_FN     seed 47  goal      clr  0.37  t  15.5  inf  57  N 20.0  mpc   4.3 ms  err 0.42
[148/450] latency=0.25 S2  A_FR_FN     seed 48  collision clr -0.00  t   8.3  inf  33  N 20.0  mpc   4.5 ms  err 0.23
[149/450] latency=0.25 S2  A_FR_FN     seed 49  goal      clr  0.42  t  13.4  inf  54  N 20.0  mpc   4.3 ms  err 0.31
[150/450] latency=0.25 S2  A_FR_FN     seed 50  goal      clr  0.18  t  15.9  inf  61  N 20.0  mpc   4.3 ms  err 0.42
[151/450] latency=0.25 S2  F_NODELAY   seed  1  goal      clr  0.57  t  19.1  inf  52  N 21.5  mpc   5.5 ms  err 3.82
[152/450] latency=0.25 S2  F_NODELAY   seed  2  collision clr -0.02  t   3.5  inf  10  N 20.8  mpc   4.9 ms  err 2.67
[153/450] latency=0.25 S2  F_NODELAY   seed  3  goal      clr  1.52  t  21.5  inf  54  N 21.0  mpc   5.3 ms  err 4.06
[154/450] latency=0.25 S2  F_NODELAY   seed  4  goal      clr  0.51  t  27.2  inf  72  N 21.6  mpc   4.9 ms  err 3.45
[155/450] latency=0.25 S2  F_NODELAY   seed  5  goal      clr  2.69  t  22.0  inf  56  N 18.8  mpc   4.1 ms  err 5.07
[156/450] latency=0.25 S2  F_NODELAY   seed  6  collision clr -0.01  t  15.1  inf  48  N 24.9  mpc   7.8 ms  err 2.95
[157/450] latency=0.25 S2  F_NODELAY   seed  7  goal      clr  0.19  t  20.3  inf  53  N 20.9  mpc   4.8 ms  err 3.52
[158/450] latency=0.25 S2  F_NODELAY   seed  8  goal      clr  0.06  t  20.9  inf  55  N 19.7  mpc   4.6 ms  err 4.77
[159/450] latency=0.25 S2  F_NODELAY   seed  9  collision clr -0.00  t  12.4  inf  42  N 26.8  mpc   7.2 ms  err 4.09
[160/450] latency=0.25 S2  F_NODELAY   seed 10  collision clr -0.00  t   6.6  inf  20  N 19.9  mpc   5.2 ms  err 3.27
[161/450] latency=0.25 S2  F_NODELAY   seed 11  collision clr -0.01  t   5.9  inf  22  N 27.7  mpc   7.7 ms  err 2.86
[162/450] latency=0.25 S2  F_NODELAY   seed 12  goal      clr  0.05  t  25.2  inf  69  N 21.0  mpc   5.3 ms  err 3.70
[163/450] latency=0.25 S2  F_NODELAY   seed 13  collision clr -0.01  t   4.3  inf  12  N 21.5  mpc   5.9 ms  err 3.06
[164/450] latency=0.25 S2  F_NODELAY   seed 14  goal      clr  1.72  t  16.9  inf  45  N 21.3  mpc   5.4 ms  err 6.42
[165/450] latency=0.25 S2  F_NODELAY   seed 15  goal      clr  0.23  t  22.9  inf  67  N 22.1  mpc   5.3 ms  err 4.43
[166/450] latency=0.25 S2  F_NODELAY   seed 16  collision clr -0.01  t   3.0  inf  11  N 26.3  mpc   7.0 ms  err 3.07
[167/450] latency=0.25 S2  F_NODELAY   seed 17  collision clr -0.02  t   4.5  inf  17  N 26.7  mpc   7.4 ms  err 4.24
[168/450] latency=0.25 S2  F_NODELAY   seed 18  collision clr -0.01  t   3.4  inf  12  N 24.9  mpc   6.2 ms  err 2.71
[169/450] latency=0.25 S2  F_NODELAY   seed 19  collision clr -0.02  t   4.9  inf  18  N 27.0  mpc   8.5 ms  err 2.75
[170/450] latency=0.25 S2  F_NODELAY   seed 20  collision clr -0.01  t  10.3  inf  34  N 27.2  mpc   7.4 ms  err 3.10
[171/450] latency=0.25 S2  F_NODELAY   seed 21  goal      clr  0.52  t  19.9  inf  51  N 20.6  mpc   4.9 ms  err 4.47
[172/450] latency=0.25 S2  F_NODELAY   seed 22  goal      clr  0.37  t  17.6  inf  50  N 21.5  mpc   5.3 ms  err 2.79
[173/450] latency=0.25 S2  F_NODELAY   seed 23  goal      clr  2.21  t  15.9  inf  37  N 20.2  mpc   4.0 ms  err 4.43
[174/450] latency=0.25 S2  F_NODELAY   seed 24  collision clr -0.01  t  15.0  inf  47  N 22.7  mpc   6.2 ms  err 2.35
[175/450] latency=0.25 S2  F_NODELAY   seed 25  goal      clr  1.31  t  16.2  inf  43  N 24.5  mpc   5.8 ms  err 5.07
[176/450] latency=0.25 S2  F_NODELAY   seed 26  collision clr -0.04  t  10.8  inf  37  N 25.5  mpc   7.1 ms  err 3.10
[177/450] latency=0.25 S2  F_NODELAY   seed 27  collision clr -0.02  t  13.8  inf  44  N 23.2  mpc   6.7 ms  err 2.48
[178/450] latency=0.25 S2  F_NODELAY   seed 28  collision clr -0.02  t   3.6  inf  14  N 27.7  mpc   9.5 ms  err 2.24
[179/450] latency=0.25 S2  F_NODELAY   seed 29  goal      clr  1.30  t  16.4  inf  44  N 20.6  mpc   4.7 ms  err 4.99
[180/450] latency=0.25 S2  F_NODELAY   seed 30  goal      clr  0.90  t  17.8  inf  49  N 20.6  mpc   4.8 ms  err 4.15
[181/450] latency=0.25 S2  F_NODELAY   seed 31  collision clr -0.01  t   2.5  inf  11  N 26.2  mpc   8.5 ms  err 2.55
[182/450] latency=0.25 S2  F_NODELAY   seed 32  goal      clr  1.73  t  14.9  inf  36  N 24.1  mpc   5.3 ms  err 3.68
[183/450] latency=0.25 S2  F_NODELAY   seed 33  goal      clr  0.07  t  19.3  inf  58  N 23.4  mpc   6.3 ms  err 3.15
[184/450] latency=0.25 S2  F_NODELAY   seed 34  goal      clr  0.36  t  24.1  inf  65  N 19.6  mpc   4.9 ms  err 3.21
[185/450] latency=0.25 S2  F_NODELAY   seed 35  goal      clr  0.81  t  14.3  inf  46  N 25.0  mpc   6.3 ms  err 3.58
[186/450] latency=0.25 S2  F_NODELAY   seed 36  goal      clr  0.04  t  17.5  inf  47  N 22.1  mpc   5.3 ms  err 4.55
[187/450] latency=0.25 S2  F_NODELAY   seed 37  goal      clr  0.10  t  23.6  inf  68  N 21.0  mpc   5.3 ms  err 3.67
[188/450] latency=0.25 S2  F_NODELAY   seed 38  goal      clr  0.12  t  21.8  inf  62  N 21.9  mpc   5.3 ms  err 2.71
[189/450] latency=0.25 S2  F_NODELAY   seed 39  goal      clr  1.19  t  19.0  inf  47  N 19.9  mpc   4.8 ms  err 2.98
[190/450] latency=0.25 S2  F_NODELAY   seed 40  goal      clr  0.69  t  18.5  inf  47  N 22.2  mpc   5.1 ms  err 3.46
[191/450] latency=0.25 S2  F_NODELAY   seed 41  collision clr -0.02  t  11.8  inf  35  N 26.5  mpc   6.7 ms  err 2.96
[192/450] latency=0.25 S2  F_NODELAY   seed 42  collision clr -0.01  t   5.0  inf  15  N 21.2  mpc   5.7 ms  err 3.10
[193/450] latency=0.25 S2  F_NODELAY   seed 43  goal      clr  0.25  t  28.8  inf  85  N 20.2  mpc   4.9 ms  err 3.78
[194/450] latency=0.25 S2  F_NODELAY   seed 44  goal      clr  0.87  t  21.0  inf  57  N 21.3  mpc   5.1 ms  err 3.80
[195/450] latency=0.25 S2  F_NODELAY   seed 45  collision clr -0.01  t   4.8  inf  11  N 22.4  mpc   5.6 ms  err 5.41
[196/450] latency=0.25 S2  F_NODELAY   seed 46  goal      clr  0.60  t  18.5  inf  54  N 22.3  mpc   5.1 ms  err 3.67
[197/450] latency=0.25 S2  F_NODELAY   seed 47  goal      clr  0.31  t  18.8  inf  56  N 23.5  mpc   5.6 ms  err 4.00
[198/450] latency=0.25 S2  F_NODELAY   seed 48  collision clr -0.01  t   6.8  inf  18  N 19.8  mpc   5.0 ms  err 3.08
[199/450] latency=0.25 S2  F_NODELAY   seed 49  collision clr -0.01  t   2.5  inf   9  N 25.6  mpc   8.0 ms  err 2.93
[200/450] latency=0.25 S2  F_NODELAY   seed 50  collision clr -0.01  t  10.3  inf  38  N 24.2  mpc   7.2 ms  err 1.70
[201/450] latency=0.25 S2  FR_SAFE_1   seed  1  goal      clr  1.42  t  20.1  inf  21  N 21.4  mpc   4.8 ms  err 0.49
[202/450] latency=0.25 S2  FR_SAFE_1   seed  2  goal      clr  1.28  t  18.6  inf  19  N 23.1  mpc   6.0 ms  err 0.41
[203/450] latency=0.25 S2  FR_SAFE_1   seed  3  goal      clr  1.62  t  14.8  inf  15  N 25.8  mpc   6.4 ms  err 0.61
[204/450] latency=0.25 S2  FR_SAFE_1   seed  4  goal      clr  0.60  t  23.2  inf  24  N 24.8  mpc   7.1 ms  err 0.44
[205/450] latency=0.25 S2  FR_SAFE_1   seed  5  goal      clr  2.94  t  16.5  inf  17  N 22.2  mpc   4.6 ms  err 1.03
[206/450] latency=0.25 S2  FR_SAFE_1   seed  6  goal      clr  0.78  t  18.0  inf  19  N 22.3  mpc   5.0 ms  err 0.97
[207/450] latency=0.25 S2  FR_SAFE_1   seed  7  goal      clr  2.32  t  20.5  inf  21  N 20.1  mpc   4.5 ms  err 0.59
[208/450] latency=0.25 S2  FR_SAFE_1   seed  8  goal      clr  1.39  t  19.7  inf  20  N 22.3  mpc   5.2 ms  err 0.93
[209/450] latency=0.25 S2  FR_SAFE_1   seed  9  goal      clr  0.78  t  16.0  inf  16  N 25.0  mpc   6.4 ms  err 0.35
[210/450] latency=0.25 S2  FR_SAFE_1   seed 10  goal      clr  0.63  t  17.0  inf  17  N 22.8  mpc   5.0 ms  err 0.64
[211/450] latency=0.25 S2  FR_SAFE_1   seed 11  goal      clr  0.91  t  19.4  inf  20  N 25.4  mpc   6.9 ms  err 0.65
[212/450] latency=0.25 S2  FR_SAFE_1   seed 12  goal      clr  0.63  t  25.0  inf  25  N 22.9  mpc   6.1 ms  err 0.27
[213/450] latency=0.25 S2  FR_SAFE_1   seed 13  goal      clr  0.44  t  21.1  inf  22  N 23.4  mpc   6.3 ms  err 0.35
[214/450] latency=0.25 S2  FR_SAFE_1   seed 14  goal      clr  0.77  t  19.9  inf  20  N 23.4  mpc   6.2 ms  err 0.79
[215/450] latency=0.25 S2  FR_SAFE_1   seed 15  goal      clr  0.85  t  19.2  inf  20  N 26.2  mpc   7.5 ms  err 0.75
[216/450] latency=0.25 S2  FR_SAFE_1   seed 16  goal      clr  1.93  t  21.4  inf  22  N 20.7  mpc   4.6 ms  err 0.59
[217/450] latency=0.25 S2  FR_SAFE_1   seed 17  goal      clr  0.89  t  23.7  inf  24  N 23.4  mpc   6.0 ms  err 0.65
[218/450] latency=0.25 S2  FR_SAFE_1   seed 18  goal      clr  2.00  t  20.7  inf  21  N 21.3  mpc   4.9 ms  err 0.91
[219/450] latency=0.25 S2  FR_SAFE_1   seed 19  goal      clr  1.74  t  17.1  inf  18  N 22.8  mpc   5.2 ms  err 0.87
[220/450] latency=0.25 S2  FR_SAFE_1   seed 20  goal      clr  1.30  t  25.4  inf  26  N 21.2  mpc   5.0 ms  err 0.66
[221/450] latency=0.25 S2  FR_SAFE_1   seed 21  goal      clr  0.64  t  24.2  inf  25  N 19.6  mpc   4.3 ms  err 0.81
[222/450] latency=0.25 S2  FR_SAFE_1   seed 22  goal      clr  0.92  t  23.2  inf  24  N 21.5  mpc   5.3 ms  err 0.56
[223/450] latency=0.25 S2  FR_SAFE_1   seed 23  goal      clr  1.00  t  19.6  inf  20  N 23.1  mpc   5.4 ms  err 0.57
[224/450] latency=0.25 S2  FR_SAFE_1   seed 24  goal      clr  0.77  t  16.9  inf  17  N 26.0  mpc   6.4 ms  err 0.49
[225/450] latency=0.25 S2  FR_SAFE_1   seed 25  goal      clr  2.48  t  16.5  inf  17  N 21.3  mpc   4.1 ms  err 1.03
[226/450] latency=0.25 S2  FR_SAFE_1   seed 26  goal      clr  1.88  t  17.3  inf  18  N 21.7  mpc   5.0 ms  err 0.80
[227/450] latency=0.25 S2  FR_SAFE_1   seed 27  goal      clr  0.93  t  21.5  inf  22  N 24.4  mpc   6.7 ms  err 0.41
[228/450] latency=0.25 S2  FR_SAFE_1   seed 28  goal      clr  0.71  t  26.1  inf  27  N 21.7  mpc   5.7 ms  err 0.62
[229/450] latency=0.25 S2  FR_SAFE_1   seed 29  goal      clr  1.03  t  18.1  inf  19  N 21.2  mpc   4.5 ms  err 0.85
[230/450] latency=0.25 S2  FR_SAFE_1   seed 30  goal      clr  2.44  t  16.6  inf  17  N 22.1  mpc   4.5 ms  err 0.75
[231/450] latency=0.25 S2  FR_SAFE_1   seed 31  goal      clr  0.55  t  27.7  inf  28  N 20.0  mpc   4.7 ms  err 0.44
[232/450] latency=0.25 S2  FR_SAFE_1   seed 32  goal      clr  2.95  t  14.4  inf  15  N 24.4  mpc   5.6 ms  err 0.87
[233/450] latency=0.25 S2  FR_SAFE_1   seed 33  goal      clr  2.19  t  17.9  inf  18  N 21.3  mpc   4.8 ms  err 0.56
[234/450] latency=0.25 S2  FR_SAFE_1   seed 34  goal      clr  1.48  t  19.6  inf  20  N 20.6  mpc   4.6 ms  err 0.71
[235/450] latency=0.25 S2  FR_SAFE_1   seed 35  goal      clr  1.88  t  16.6  inf  17  N 21.8  mpc   4.2 ms  err 0.47
[236/450] latency=0.25 S2  FR_SAFE_1   seed 36  goal      clr  1.47  t  25.7  inf  26  N 21.2  mpc   5.2 ms  err 0.53
[237/450] latency=0.25 S2  FR_SAFE_1   seed 37  goal      clr  0.61  t  25.5  inf  26  N 22.1  mpc   5.6 ms  err 0.61
[238/450] latency=0.25 S2  FR_SAFE_1   seed 38  goal      clr  0.90  t  19.8  inf  20  N 23.5  mpc   6.1 ms  err 0.49
[239/450] latency=0.25 S2  FR_SAFE_1   seed 39  goal      clr  0.97  t  16.8  inf  17  N 23.1  mpc   5.2 ms  err 0.62
[240/450] latency=0.25 S2  FR_SAFE_1   seed 40  goal      clr  0.65  t  22.1  inf  23  N 21.9  mpc   4.5 ms  err 0.61
[241/450] latency=0.25 S2  FR_SAFE_1   seed 41  goal      clr  1.93  t  17.9  inf  18  N 21.0  mpc   4.4 ms  err 0.74
[242/450] latency=0.25 S2  FR_SAFE_1   seed 42  goal      clr  1.16  t  18.5  inf  19  N 24.5  mpc   6.5 ms  err 0.71
[243/450] latency=0.25 S2  FR_SAFE_1   seed 43  goal      clr  0.60  t  21.8  inf  22  N 24.6  mpc   6.2 ms  err 0.43
[244/450] latency=0.25 S2  FR_SAFE_1   seed 44  goal      clr  0.98  t  20.1  inf  21  N 21.8  mpc   5.5 ms  err 0.57
[245/450] latency=0.25 S2  FR_SAFE_1   seed 45  goal      clr  0.80  t  23.1  inf  24  N 24.9  mpc   6.4 ms  err 0.38
[246/450] latency=0.25 S2  FR_SAFE_1   seed 46  goal      clr  0.80  t  19.6  inf  20  N 24.1  mpc   5.9 ms  err 0.68
[247/450] latency=0.25 S2  FR_SAFE_1   seed 47  goal      clr  1.15  t  17.2  inf  18  N 22.8  mpc   5.7 ms  err 0.76
[248/450] latency=0.25 S2  FR_SAFE_1   seed 48  goal      clr  1.63  t  18.7  inf  19  N 21.9  mpc   4.6 ms  err 0.96
[249/450] latency=0.25 S2  FR_SAFE_1   seed 49  goal      clr  0.96  t  17.5  inf  18  N 22.6  mpc   5.0 ms  err 0.42
[250/450] latency=0.25 S2  FR_SAFE_1   seed 50  goal      clr  0.77  t  24.4  inf  25  N 23.5  mpc   6.4 ms  err 0.59
[251/450] latency=0.25 S2  FR_SAFE_2   seed  1  goal      clr  0.78  t  16.3  inf  33  N 22.8  mpc   5.4 ms  err 0.58
[252/450] latency=0.25 S2  FR_SAFE_2   seed  2  goal      clr  0.37  t  17.1  inf  35  N 25.0  mpc   6.5 ms  err 0.38
[253/450] latency=0.25 S2  FR_SAFE_2   seed  3  goal      clr  0.64  t  17.4  inf  35  N 25.1  mpc   6.5 ms  err 0.44
[254/450] latency=0.25 S2  FR_SAFE_2   seed  4  goal      clr  0.65  t  19.3  inf  39  N 23.4  mpc   5.9 ms  err 0.68
[255/450] latency=0.25 S2  FR_SAFE_2   seed  5  goal      clr  2.14  t  14.4  inf  29  N 23.5  mpc   5.3 ms  err 0.56
[256/450] latency=0.25 S2  FR_SAFE_2   seed  6  goal      clr  0.97  t  17.6  inf  36  N 23.8  mpc   5.9 ms  err 0.68
[257/450] latency=0.25 S2  FR_SAFE_2   seed  7  goal      clr  0.72  t  17.6  inf  36  N 23.6  mpc   5.4 ms  err 0.38
[258/450] latency=0.25 S2  FR_SAFE_2   seed  8  goal      clr  0.59  t  15.7  inf  32  N 24.6  mpc   6.3 ms  err 0.61
[259/450] latency=0.25 S2  FR_SAFE_2   seed  9  goal      clr  0.68  t  17.7  inf  36  N 25.3  mpc   6.4 ms  err 0.61
[260/450] latency=0.25 S2  FR_SAFE_2   seed 10  goal      clr  0.76  t  14.0  inf  29  N 26.1  mpc   6.6 ms  err 0.43
[261/450] latency=0.25 S2  FR_SAFE_2   seed 11  goal      clr  0.68  t  15.8  inf  32  N 26.4  mpc   6.5 ms  err 0.74
[262/450] latency=0.25 S2  FR_SAFE_2   seed 12  goal      clr  0.83  t  16.0  inf  32  N 24.8  mpc   5.9 ms  err 0.53
[263/450] latency=0.25 S2  FR_SAFE_2   seed 13  goal      clr  0.94  t  16.9  inf  34  N 24.7  mpc   5.7 ms  err 0.56
[264/450] latency=0.25 S2  FR_SAFE_2   seed 14  goal      clr  0.75  t  17.9  inf  36  N 23.7  mpc   5.8 ms  err 0.56
[265/450] latency=0.25 S2  FR_SAFE_2   seed 15  goal      clr  0.82  t  13.6  inf  28  N 25.5  mpc   6.2 ms  err 0.77
[266/450] latency=0.25 S2  FR_SAFE_2   seed 16  goal      clr  0.54  t  17.2  inf  35  N 25.1  mpc   6.1 ms  err 0.67
[267/450] latency=0.25 S2  FR_SAFE_2   seed 17  goal      clr  0.60  t  14.3  inf  29  N 25.3  mpc   6.4 ms  err 0.40
[268/450] latency=0.25 S2  FR_SAFE_2   seed 18  goal      clr  0.81  t  19.8  inf  40  N 22.7  mpc   5.8 ms  err 0.55
[269/450] latency=0.25 S2  FR_SAFE_2   seed 19  goal      clr  0.75  t  18.2  inf  37  N 23.3  mpc   6.2 ms  err 0.32
[270/450] latency=0.25 S2  FR_SAFE_2   seed 20  goal      clr  0.80  t  17.4  inf  35  N 23.8  mpc   5.8 ms  err 0.25
[271/450] latency=0.25 S2  FR_SAFE_2   seed 21  goal      clr  0.76  t  14.4  inf  29  N 25.9  mpc   6.7 ms  err 0.52
[272/450] latency=0.25 S2  FR_SAFE_2   seed 22  goal      clr  0.82  t  17.0  inf  34  N 24.4  mpc   6.3 ms  err 0.55
[273/450] latency=0.25 S2  FR_SAFE_2   seed 23  goal      clr  0.60  t  19.4  inf  39  N 24.3  mpc   6.8 ms  err 0.54
[274/450] latency=0.25 S2  FR_SAFE_2   seed 24  goal      clr  0.54  t  17.5  inf  36  N 24.5  mpc   6.1 ms  err 0.39
[275/450] latency=0.25 S2  FR_SAFE_2   seed 25  goal      clr  0.83  t  16.0  inf  32  N 25.1  mpc   6.0 ms  err 0.90
[276/450] latency=0.25 S2  FR_SAFE_2   seed 26  goal      clr  1.14  t  16.6  inf  34  N 24.5  mpc   5.9 ms  err 0.79
[277/450] latency=0.25 S2  FR_SAFE_2   seed 27  goal      clr  0.65  t  15.2  inf  31  N 25.7  mpc   6.4 ms  err 0.15
[278/450] latency=0.25 S2  FR_SAFE_2   seed 28  goal      clr  0.67  t  14.5  inf  30  N 26.2  mpc   6.4 ms  err 0.40
[279/450] latency=0.25 S2  FR_SAFE_2   seed 29  goal      clr  0.95  t  13.6  inf  28  N 24.0  mpc   5.6 ms  err 0.73
[280/450] latency=0.25 S2  FR_SAFE_2   seed 30  goal      clr  0.72  t  18.0  inf  36  N 22.2  mpc   5.2 ms  err 0.68
[281/450] latency=0.25 S2  FR_SAFE_2   seed 31  goal      clr  0.62  t  20.7  inf  42  N 24.4  mpc   6.6 ms  err 0.55
[282/450] latency=0.25 S2  FR_SAFE_2   seed 32  goal      clr  1.59  t  13.4  inf  27  N 25.1  mpc   6.4 ms  err 0.78
[283/450] latency=0.25 S2  FR_SAFE_2   seed 33  goal      clr  0.66  t  17.9  inf  36  N 24.2  mpc   6.7 ms  err 0.73
[284/450] latency=0.25 S2  FR_SAFE_2   seed 34  goal      clr  0.66  t  21.9  inf  44  N 23.3  mpc   6.0 ms  err 0.21
[285/450] latency=0.25 S2  FR_SAFE_2   seed 35  goal      clr  0.32  t  16.4  inf  33  N 25.4  mpc   6.2 ms  err 0.54
[286/450] latency=0.25 S2  FR_SAFE_2   seed 36  goal      clr  0.93  t  14.6  inf  30  N 23.8  mpc   5.8 ms  err 0.97
[287/450] latency=0.25 S2  FR_SAFE_2   seed 37  goal      clr  0.63  t  17.3  inf  35  N 23.8  mpc   5.9 ms  err 0.30
[288/450] latency=0.25 S2  FR_SAFE_2   seed 38  goal      clr  0.73  t  17.4  inf  35  N 24.0  mpc   5.8 ms  err 0.43
[289/450] latency=0.25 S2  FR_SAFE_2   seed 39  goal      clr  0.79  t  17.9  inf  36  N 24.6  mpc   6.3 ms  err 0.69
[290/450] latency=0.25 S2  FR_SAFE_2   seed 40  goal      clr  0.79  t  21.3  inf  43  N 22.8  mpc   5.6 ms  err 0.72
[291/450] latency=0.25 S2  FR_SAFE_2   seed 41  goal      clr  0.77  t  14.2  inf  29  N 25.7  mpc   6.4 ms  err 0.48
[292/450] latency=0.25 S2  FR_SAFE_2   seed 42  goal      clr  0.70  t  19.0  inf  38  N 23.9  mpc   6.3 ms  err 0.60
[293/450] latency=0.25 S2  FR_SAFE_2   seed 43  goal      clr  0.91  t  18.6  inf  38  N 23.6  mpc   5.8 ms  err 0.66
[294/450] latency=0.25 S2  FR_SAFE_2   seed 44  goal      clr  0.40  t  15.6  inf  32  N 25.8  mpc   6.5 ms  err 0.60
[295/450] latency=0.25 S2  FR_SAFE_2   seed 45  goal      clr  0.99  t  15.1  inf  31  N 24.2  mpc   5.9 ms  err 0.64
[296/450] latency=0.25 S2  FR_SAFE_2   seed 46  goal      clr  1.44  t  15.4  inf  31  N 23.7  mpc   5.8 ms  err 0.84
[297/450] latency=0.25 S2  FR_SAFE_2   seed 47  goal      clr  0.66  t  14.9  inf  30  N 24.8  mpc   6.7 ms  err 0.85
[298/450] latency=0.25 S2  FR_SAFE_2   seed 48  goal      clr  1.18  t  18.0  inf  37  N 25.1  mpc   6.6 ms  err 0.62
[299/450] latency=0.25 S2  FR_SAFE_2   seed 49  goal      clr  0.93  t  14.8  inf  30  N 24.3  mpc   6.3 ms  err 0.94
[300/450] latency=0.25 S2  FR_SAFE_2   seed 50  goal      clr  0.70  t  16.3  inf  33  N 25.2  mpc   6.6 ms  err 0.91
[301/450] latency=0.25 S2  FR_SAFE_3   seed  1  goal      clr  0.45  t  18.8  inf  55  N 24.1  mpc   6.3 ms  err 0.49
[302/450] latency=0.25 S2  FR_SAFE_3   seed  2  goal      clr  0.84  t  17.5  inf  51  N 25.2  mpc   6.7 ms  err 0.37
[303/450] latency=0.25 S2  FR_SAFE_3   seed  3  goal      clr  0.64  t  16.3  inf  47  N 23.8  mpc   6.1 ms  err 0.38
[304/450] latency=0.25 S2  FR_SAFE_3   seed  4  goal      clr  0.67  t  15.2  inf  45  N 25.8  mpc   6.7 ms  err 0.61
[305/450] latency=0.25 S2  FR_SAFE_3   seed  5  goal      clr  0.68  t  19.0  inf  54  N 24.0  mpc   5.9 ms  err 0.50
[306/450] latency=0.25 S2  FR_SAFE_3   seed  6  goal      clr  1.11  t  15.5  inf  45  N 23.9  mpc   5.6 ms  err 0.93
[307/450] latency=0.25 S2  FR_SAFE_3   seed  7  goal      clr  0.58  t  18.7  inf  54  N 22.4  mpc   5.5 ms  err 0.51
[308/450] latency=0.25 S2  FR_SAFE_3   seed  8  goal      clr  0.50  t  16.0  inf  47  N 25.2  mpc   6.6 ms  err 0.54
[309/450] latency=0.25 S2  FR_SAFE_3   seed  9  goal      clr  0.66  t  16.1  inf  46  N 25.6  mpc   6.4 ms  err 0.51
[310/450] latency=0.25 S2  FR_SAFE_3   seed 10  goal      clr  0.51  t  19.3  inf  57  N 23.2  mpc   6.0 ms  err 0.24
[311/450] latency=0.25 S2  FR_SAFE_3   seed 11  goal      clr  0.64  t  17.3  inf  50  N 25.8  mpc   6.5 ms  err 0.37
[312/450] latency=0.25 S2  FR_SAFE_3   seed 12  goal      clr  0.59  t  20.9  inf  61  N 24.5  mpc   6.8 ms  err 0.65
[313/450] latency=0.25 S2  FR_SAFE_3   seed 13  goal      clr  0.51  t  16.7  inf  50  N 24.5  mpc   6.5 ms  err 0.35
[314/450] latency=0.25 S2  FR_SAFE_3   seed 14  goal      clr  0.58  t  17.9  inf  52  N 20.5  mpc   5.0 ms  err 0.66
[315/450] latency=0.25 S2  FR_SAFE_3   seed 15  goal      clr  0.66  t  14.0  inf  41  N 25.2  mpc   6.3 ms  err 0.57
[316/450] latency=0.25 S2  FR_SAFE_3   seed 16  goal      clr  0.67  t  16.2  inf  48  N 25.6  mpc   6.4 ms  err 0.25
[317/450] latency=0.25 S2  FR_SAFE_3   seed 17  goal      clr  0.66  t  17.7  inf  52  N 24.7  mpc   6.4 ms  err 0.36
[318/450] latency=0.25 S2  FR_SAFE_3   seed 18  goal      clr  0.62  t  16.1  inf  47  N 25.2  mpc   6.5 ms  err 0.57
[319/450] latency=0.25 S2  FR_SAFE_3   seed 19  goal      clr  0.55  t  17.4  inf  51  N 24.8  mpc   6.5 ms  err 0.56
[320/450] latency=0.25 S2  FR_SAFE_3   seed 20  goal      clr  0.65  t  15.1  inf  44  N 25.5  mpc   6.3 ms  err 0.51
[321/450] latency=0.25 S2  FR_SAFE_3   seed 21  goal      clr  0.83  t  13.9  inf  40  N 24.9  mpc   6.0 ms  err 0.38
[322/450] latency=0.25 S2  FR_SAFE_3   seed 22  goal      clr  0.67  t  16.9  inf  50  N 24.4  mpc   6.4 ms  err 0.25
[323/450] latency=0.25 S2  FR_SAFE_3   seed 23  goal      clr  0.55  t  17.6  inf  51  N 24.0  mpc   6.5 ms  err 0.88
[324/450] latency=0.25 S2  FR_SAFE_3   seed 24  goal      clr  0.81  t  17.8  inf  52  N 23.5  mpc   5.7 ms  err 0.44
[325/450] latency=0.25 S2  FR_SAFE_3   seed 25  goal      clr  0.48  t  17.2  inf  50  N 24.9  mpc   6.6 ms  err 0.49
[326/450] latency=0.25 S2  FR_SAFE_3   seed 26  goal      clr  0.59  t  16.0  inf  47  N 24.8  mpc   6.2 ms  err 0.67
[327/450] latency=0.25 S2  FR_SAFE_3   seed 27  goal      clr  0.73  t  16.0  inf  47  N 25.4  mpc   6.5 ms  err 0.45
[328/450] latency=0.25 S2  FR_SAFE_3   seed 28  goal      clr  0.68  t  14.4  inf  42  N 26.3  mpc   6.6 ms  err 0.35
[329/450] latency=0.25 S2  FR_SAFE_3   seed 29  goal      clr  0.53  t  15.3  inf  45  N 25.4  mpc   6.6 ms  err 0.28
[330/450] latency=0.25 S2  FR_SAFE_3   seed 30  goal      clr  0.60  t  25.0  inf  72  N 20.0  mpc   4.9 ms  err 0.34
[331/450] latency=0.25 S2  FR_SAFE_3   seed 31  goal      clr  0.79  t  18.4  inf  54  N 23.7  mpc   6.2 ms  err 0.80
[332/450] latency=0.25 S2  FR_SAFE_3   seed 32  goal      clr  0.56  t  17.0  inf  50  N 24.9  mpc   6.3 ms  err 0.69
[333/450] latency=0.25 S2  FR_SAFE_3   seed 33  goal      clr  0.48  t  15.1  inf  44  N 24.1  mpc   6.4 ms  err 0.50
[334/450] latency=0.25 S2  FR_SAFE_3   seed 34  goal      clr  0.60  t  14.5  inf  42  N 24.0  mpc   6.3 ms  err 0.89
[335/450] latency=0.25 S2  FR_SAFE_3   seed 35  goal      clr  0.57  t  16.6  inf  49  N 24.6  mpc   5.9 ms  err 0.69
[336/450] latency=0.25 S2  FR_SAFE_3   seed 36  goal      clr  1.16  t  15.4  inf  45  N 23.8  mpc   6.0 ms  err 0.55
[337/450] latency=0.25 S2  FR_SAFE_3   seed 37  goal      clr  0.76  t  20.5  inf  60  N 21.7  mpc   5.4 ms  err 0.44
[338/450] latency=0.25 S2  FR_SAFE_3   seed 38  goal      clr  0.79  t  15.7  inf  46  N 24.4  mpc   6.1 ms  err 0.27
[339/450] latency=0.25 S2  FR_SAFE_3   seed 39  goal      clr  0.75  t  13.9  inf  40  N 25.0  mpc   6.3 ms  err 0.62
[340/450] latency=0.25 S2  FR_SAFE_3   seed 40  goal      clr  0.53  t  16.1  inf  47  N 26.1  mpc   6.6 ms  err 0.34
[341/450] latency=0.25 S2  FR_SAFE_3   seed 41  goal      clr  0.70  t  17.9  inf  52  N 23.9  mpc   5.9 ms  err 0.39
[342/450] latency=0.25 S2  FR_SAFE_3   seed 42  goal      clr  0.73  t  18.5  inf  54  N 23.4  mpc   6.0 ms  err 0.32
[343/450] latency=0.25 S2  FR_SAFE_3   seed 43  goal      clr  0.56  t  17.9  inf  53  N 23.4  mpc   5.5 ms  err 0.69
[344/450] latency=0.25 S2  FR_SAFE_3   seed 44  goal      clr  0.83  t  14.1  inf  41  N 25.0  mpc   6.5 ms  err 0.62
[345/450] latency=0.25 S2  FR_SAFE_3   seed 45  goal      clr  0.59  t  15.3  inf  45  N 25.6  mpc   6.6 ms  err 0.27
[346/450] latency=0.25 S2  FR_SAFE_3   seed 46  goal      clr  0.77  t  14.7  inf  43  N 25.0  mpc   6.2 ms  err 0.56
[347/450] latency=0.25 S2  FR_SAFE_3   seed 47  goal      clr  0.79  t  14.1  inf  41  N 25.5  mpc   6.7 ms  err 0.64
[348/450] latency=0.25 S2  FR_SAFE_3   seed 48  goal      clr  0.48  t  18.3  inf  54  N 24.9  mpc   6.5 ms  err 0.36
[349/450] latency=0.25 S2  FR_SAFE_3   seed 49  goal      clr  0.71  t  14.0  inf  41  N 24.7  mpc   6.4 ms  err 0.51
[350/450] latency=0.25 S2  FR_SAFE_3   seed 50  goal      clr  0.64  t  18.3  inf  54  N 23.8  mpc   6.0 ms  err 0.35
[351/450] latency=0.25 S2  FR_SAFE_5   seed  1  goal      clr  0.48  t  16.8  inf  61  N 24.7  mpc   6.7 ms  err 0.74
[352/450] latency=0.25 S2  FR_SAFE_5   seed  2  goal      clr  0.47  t  17.5  inf  65  N 23.1  mpc   6.0 ms  err 0.39
[353/450] latency=0.25 S2  FR_SAFE_5   seed  3  goal      clr  0.61  t  15.3  inf  57  N 25.1  mpc   6.4 ms  err 0.42
[354/450] latency=0.25 S2  FR_SAFE_5   seed  4  goal      clr  0.51  t  16.6  inf  63  N 24.8  mpc   6.1 ms  err 0.51
[355/450] latency=0.25 S2  FR_SAFE_5   seed  5  goal      clr  0.76  t  15.0  inf  52  N 22.6  mpc   5.6 ms  err 0.82
[356/450] latency=0.25 S2  FR_SAFE_5   seed  6  goal      clr  0.52  t  17.4  inf  63  N 25.0  mpc   6.6 ms  err 0.61
[357/450] latency=0.25 S2  FR_SAFE_5   seed  7  goal      clr  1.35  t  18.8  inf  68  N 22.9  mpc   5.4 ms  err 0.38
[358/450] latency=0.25 S2  FR_SAFE_5   seed  8  goal      clr  0.67  t  14.9  inf  56  N 25.5  mpc   6.3 ms  err 0.30
[359/450] latency=0.25 S2  FR_SAFE_5   seed  9  goal      clr  0.47  t  18.9  inf  69  N 27.1  mpc   7.0 ms  err 0.48
[360/450] latency=0.25 S2  FR_SAFE_5   seed 10  goal      clr  0.72  t  21.5  inf  78  N 22.3  mpc   5.7 ms  err 0.31
[361/450] latency=0.25 S2  FR_SAFE_5   seed 11  goal      clr  0.76  t  16.8  inf  62  N 24.5  mpc   6.2 ms  err 0.48
[362/450] latency=0.25 S2  FR_SAFE_5   seed 12  goal      clr  0.78  t  17.9  inf  64  N 25.3  mpc   6.4 ms  err 0.48
[363/450] latency=0.25 S2  FR_SAFE_5   seed 13  goal      clr  0.61  t  15.0  inf  58  N 25.1  mpc   6.2 ms  err 0.24
[364/450] latency=0.25 S2  FR_SAFE_5   seed 14  goal      clr  0.82  t  16.5  inf  61  N 21.5  mpc   5.3 ms  err 0.68
[365/450] latency=0.25 S2  FR_SAFE_5   seed 15  goal      clr  0.93  t  13.5  inf  51  N 24.9  mpc   6.3 ms  err 0.38
[366/450] latency=0.25 S2  FR_SAFE_5   seed 16  goal      clr  0.76  t  15.2  inf  57  N 25.8  mpc   6.4 ms  err 0.31
[367/450] latency=0.25 S2  FR_SAFE_5   seed 17  goal      clr  0.40  t  15.7  inf  60  N 24.8  mpc   6.4 ms  err 0.25
[368/450] latency=0.25 S2  FR_SAFE_5   seed 18  goal      clr  1.17  t  17.3  inf  67  N 23.1  mpc   5.8 ms  err 1.08
[369/450] latency=0.25 S2  FR_SAFE_5   seed 19  goal      clr  0.59  t  18.3  inf  70  N 24.0  mpc   6.3 ms  err 0.27
[370/450] latency=0.25 S2  FR_SAFE_5   seed 20  goal      clr  0.71  t  15.3  inf  57  N 25.2  mpc   6.5 ms  err 0.42
[371/450] latency=0.25 S2  FR_SAFE_5   seed 21  goal      clr  0.76  t  13.8  inf  49  N 24.6  mpc   6.0 ms  err 0.29
[372/450] latency=0.25 S2  FR_SAFE_5   seed 22  goal      clr  0.62  t  16.0  inf  63  N 25.1  mpc   6.2 ms  err 0.58
[373/450] latency=0.25 S2  FR_SAFE_5   seed 23  goal      clr  0.59  t  19.0  inf  70  N 24.9  mpc   6.8 ms  err 0.30
[374/450] latency=0.25 S2  FR_SAFE_5   seed 24  goal      clr  0.34  t  18.4  inf  67  N 25.4  mpc   7.0 ms  err 0.28
[375/450] latency=0.25 S2  FR_SAFE_5   seed 25  goal      clr  0.55  t  18.4  inf  67  N 23.6  mpc   6.0 ms  err 0.66
[376/450] latency=0.25 S2  FR_SAFE_5   seed 26  goal      clr  0.54  t  15.6  inf  60  N 24.8  mpc   6.4 ms  err 0.33
[377/450] latency=0.25 S2  FR_SAFE_5   seed 27  goal      clr  0.77  t  17.8  inf  65  N 25.1  mpc   6.4 ms  err 0.25
[378/450] latency=0.25 S2  FR_SAFE_5   seed 28  goal      clr  0.63  t  14.4  inf  53  N 26.2  mpc   6.2 ms  err 0.28
[379/450] latency=0.25 S2  FR_SAFE_5   seed 29  goal      clr  0.70  t  13.6  inf  51  N 25.6  mpc   6.2 ms  err 0.65
[380/450] latency=0.25 S2  FR_SAFE_5   seed 30  goal      clr  0.61  t  17.6  inf  62  N 24.4  mpc   6.1 ms  err 0.31
[381/450] latency=0.25 S2  FR_SAFE_5   seed 31  goal      clr  0.69  t  18.2  inf  70  N 22.9  mpc   5.7 ms  err 0.50
[382/450] latency=0.25 S2  FR_SAFE_5   seed 32  goal      clr  0.63  t  14.4  inf  52  N 25.9  mpc   6.7 ms  err 0.59
[383/450] latency=0.25 S2  FR_SAFE_5   seed 33  goal      clr  0.24  t  16.2  inf  63  N 24.2  mpc   6.0 ms  err 0.68
[384/450] latency=0.25 S2  FR_SAFE_5   seed 34  goal      clr  0.71  t  15.4  inf  58  N 24.5  mpc   6.0 ms  err 0.59
[385/450] latency=0.25 S2  FR_SAFE_5   seed 35  goal      clr  0.47  t  15.6  inf  60  N 25.6  mpc   6.5 ms  err 0.62
[386/450] latency=0.25 S2  FR_SAFE_5   seed 36  goal      clr  1.24  t  14.9  inf  56  N 23.2  mpc   6.0 ms  err 0.83
[387/450] latency=0.25 S2  FR_SAFE_5   seed 37  goal      clr  0.58  t  15.6  inf  61  N 26.1  mpc   6.6 ms  err 0.22
[388/450] latency=0.25 S2  FR_SAFE_5   seed 38  goal      clr  0.79  t  16.2  inf  59  N 25.6  mpc   6.2 ms  err 0.71
[389/450] latency=0.25 S2  FR_SAFE_5   seed 39  goal      clr  1.07  t  14.6  inf  52  N 25.4  mpc   6.3 ms  err 0.38
[390/450] latency=0.25 S2  FR_SAFE_5   seed 40  goal      clr  0.77  t  16.9  inf  64  N 25.7  mpc   6.6 ms  err 0.49
[391/450] latency=0.25 S2  FR_SAFE_5   seed 41  goal      clr  0.76  t  20.0  inf  74  N 23.3  mpc   6.0 ms  err 0.20
[392/450] latency=0.25 S2  FR_SAFE_5   seed 42  goal      clr  0.78  t  18.0  inf  65  N 24.8  mpc   6.7 ms  err 0.63
[393/450] latency=0.25 S2  FR_SAFE_5   seed 43  goal      clr  1.07  t  15.0  inf  58  N 24.2  mpc   6.1 ms  err 0.78
[394/450] latency=0.25 S2  FR_SAFE_5   seed 44  goal      clr  0.80  t  14.2  inf  52  N 24.8  mpc   6.3 ms  err 0.42
[395/450] latency=0.25 S2  FR_SAFE_5   seed 45  goal      clr  0.77  t  16.1  inf  61  N 25.3  mpc   6.1 ms  err 0.42
[396/450] latency=0.25 S2  FR_SAFE_5   seed 46  goal      clr  0.78  t  16.2  inf  60  N 24.6  mpc   6.2 ms  err 0.56
[397/450] latency=0.25 S2  FR_SAFE_5   seed 47  goal      clr  0.66  t  14.9  inf  54  N 26.3  mpc   6.8 ms  err 0.41
[398/450] latency=0.25 S2  FR_SAFE_5   seed 48  goal      clr  0.94  t  19.4  inf  74  N 24.7  mpc   6.4 ms  err 0.51
[399/450] latency=0.25 S2  FR_SAFE_5   seed 49  goal      clr  0.77  t  14.1  inf  55  N 25.0  mpc   6.1 ms  err 0.36
[400/450] latency=0.25 S2  FR_SAFE_5   seed 50  goal      clr  0.38  t  27.0  inf 103  N 20.5  mpc   5.0 ms  err 0.72
[401/450] latency=0.25 S2  FR_SAFE_10  seed  1  goal      clr  0.51  t  15.7  inf  58  N 25.2  mpc   6.5 ms  err 0.79
[402/450] latency=0.25 S2  FR_SAFE_10  seed  2  goal      clr  0.57  t  24.6  inf  92  N 22.9  mpc   6.1 ms  err 0.52
[403/450] latency=0.25 S2  FR_SAFE_10  seed  3  goal      clr  0.52  t  15.4  inf  57  N 25.1  mpc   6.4 ms  err 0.52
[404/450] latency=0.25 S2  FR_SAFE_10  seed  4  goal      clr  0.64  t  14.8  inf  56  N 24.5  mpc   6.0 ms  err 0.35
[405/450] latency=0.25 S2  FR_SAFE_10  seed  5  goal      clr  0.79  t  17.0  inf  58  N 23.0  mpc   5.7 ms  err 0.56
[406/450] latency=0.25 S2  FR_SAFE_10  seed  6  goal      clr  0.67  t  15.2  inf  55  N 24.3  mpc   5.8 ms  err 0.55
[407/450] latency=0.25 S2  FR_SAFE_10  seed  7  goal      clr  0.69  t  17.1  inf  62  N 23.4  mpc   5.6 ms  err 0.22
[408/450] latency=0.25 S2  FR_SAFE_10  seed  8  goal      clr  0.60  t  15.3  inf  57  N 25.4  mpc   6.4 ms  err 0.41
[409/450] latency=0.25 S2  FR_SAFE_10  seed  9  goal      clr  0.54  t  16.6  inf  61  N 25.7  mpc   6.5 ms  err 0.47
[410/450] latency=0.25 S2  FR_SAFE_10  seed 10  goal      clr  0.61  t  21.1  inf  78  N 23.0  mpc   5.7 ms  err 0.31
[411/450] latency=0.25 S2  FR_SAFE_10  seed 11  goal      clr  0.79  t  16.5  inf  61  N 24.2  mpc   5.9 ms  err 0.46
[412/450] latency=0.25 S2  FR_SAFE_10  seed 12  goal      clr  0.74  t  17.4  inf  62  N 25.1  mpc   6.3 ms  err 0.38
[413/450] latency=0.25 S2  FR_SAFE_10  seed 13  goal      clr  0.65  t  16.5  inf  64  N 25.1  mpc   6.5 ms  err 0.51
[414/450] latency=0.25 S2  FR_SAFE_10  seed 14  goal      clr  0.81  t  16.6  inf  61  N 21.5  mpc   5.3 ms  err 0.66
[415/450] latency=0.25 S2  FR_SAFE_10  seed 15  goal      clr  0.95  t  14.0  inf  53  N 24.6  mpc   6.4 ms  err 0.47
[416/450] latency=0.25 S2  FR_SAFE_10  seed 16  goal      clr  0.73  t  15.2  inf  57  N 25.6  mpc   6.5 ms  err 0.30
[417/450] latency=0.25 S2  FR_SAFE_10  seed 17  goal      clr  0.38  t  18.2  inf  72  N 23.4  mpc   6.0 ms  err 0.32
[418/450] latency=0.25 S2  FR_SAFE_10  seed 18  goal      clr  0.79  t  15.8  inf  62  N 23.8  mpc   6.1 ms  err 0.89
[419/450] latency=0.25 S2  FR_SAFE_10  seed 19  goal      clr  0.39  t  20.3  inf  78  N 25.4  mpc   6.9 ms  err 0.36
[420/450] latency=0.25 S2  FR_SAFE_10  seed 20  goal      clr  0.71  t  15.3  inf  57  N 24.9  mpc   6.4 ms  err 0.34
[421/450] latency=0.25 S2  FR_SAFE_10  seed 21  goal      clr  0.76  t  13.8  inf  50  N 24.6  mpc   6.1 ms  err 0.26
[422/450] latency=0.25 S2  FR_SAFE_10  seed 22  goal      clr  0.59  t  18.4  inf  72  N 24.3  mpc   6.4 ms  err 0.39
[423/450] latency=0.25 S2  FR_SAFE_10  seed 23  goal      clr  0.84  t  15.3  inf  57  N 26.0  mpc   6.7 ms  err 0.32
[424/450] latency=0.25 S2  FR_SAFE_10  seed 24  goal      clr  0.34  t  18.4  inf  67  N 25.4  mpc   7.1 ms  err 0.28
[425/450] latency=0.25 S2  FR_SAFE_10  seed 25  goal      clr  0.76  t  18.6  inf  69  N 24.0  mpc   6.3 ms  err 0.57
[426/450] latency=0.25 S2  FR_SAFE_10  seed 26  goal      clr  0.53  t  15.8  inf  62  N 23.6  mpc   6.3 ms  err 0.57
[427/450] latency=0.25 S2  FR_SAFE_10  seed 27  goal      clr  0.73  t  17.6  inf  64  N 25.2  mpc   6.6 ms  err 0.35
[428/450] latency=0.25 S2  FR_SAFE_10  seed 28  goal      clr  0.68  t  14.4  inf  54  N 26.2  mpc   6.5 ms  err 0.36
[429/450] latency=0.25 S2  FR_SAFE_10  seed 29  goal      clr  0.67  t  14.1  inf  53  N 24.8  mpc   6.1 ms  err 0.54
[430/450] latency=0.25 S2  FR_SAFE_10  seed 30  goal      clr  0.64  t  17.5  inf  62  N 24.6  mpc   6.3 ms  err 0.33
[431/450] latency=0.25 S2  FR_SAFE_10  seed 31  goal      clr  0.54  t  19.3  inf  75  N 23.3  mpc   6.4 ms  err 0.47
[432/450] latency=0.25 S2  FR_SAFE_10  seed 32  goal      clr  0.68  t  17.6  inf  64  N 24.3  mpc   6.2 ms  err 0.66
[433/450] latency=0.25 S2  FR_SAFE_10  seed 33  goal      clr  0.47  t  14.8  inf  59  N 24.8  mpc   6.7 ms  err 0.75
[434/450] latency=0.25 S2  FR_SAFE_10  seed 34  goal      clr  0.64  t  15.2  inf  58  N 25.4  mpc   6.4 ms  err 0.27
[435/450] latency=0.25 S2  FR_SAFE_10  seed 35  goal      clr  0.28  t  18.0  inf  71  N 24.6  mpc   6.4 ms  err 0.70
[436/450] latency=0.25 S2  FR_SAFE_10  seed 36  goal      clr  1.17  t  14.8  inf  55  N 24.0  mpc   6.3 ms  err 0.57
[437/450] latency=0.25 S2  FR_SAFE_10  seed 37  goal      clr  0.56  t  17.4  inf  68  N 24.8  mpc   6.7 ms  err 0.95
[438/450] latency=0.25 S2  FR_SAFE_10  seed 38  goal      clr  0.65  t  18.6  inf  69  N 23.0  mpc   5.6 ms  err 0.44
[439/450] latency=0.25 S2  FR_SAFE_10  seed 39  goal      clr  1.01  t  14.3  inf  51  N 25.1  mpc   6.3 ms  err 0.40
[440/450] latency=0.25 S2  FR_SAFE_10  seed 40  goal      clr  0.67  t  18.0  inf  68  N 25.0  mpc   6.5 ms  err 0.38
[441/450] latency=0.25 S2  FR_SAFE_10  seed 41  goal      clr  0.69  t  19.2  inf  72  N 23.3  mpc   6.1 ms  err 0.24
[442/450] latency=0.25 S2  FR_SAFE_10  seed 42  goal      clr  0.81  t  17.4  inf  64  N 24.5  mpc   6.7 ms  err 0.73
[443/450] latency=0.25 S2  FR_SAFE_10  seed 43  goal      clr  0.88  t  16.6  inf  65  N 23.1  mpc   6.3 ms  err 0.94
[444/450] latency=0.25 S2  FR_SAFE_10  seed 44  goal      clr  0.77  t  14.1  inf  52  N 24.8  mpc   6.5 ms  err 0.44
[445/450] latency=0.25 S2  FR_SAFE_10  seed 45  goal      clr  0.41  t  16.4  inf  62  N 25.7  mpc   7.0 ms  err 0.45
[446/450] latency=0.25 S2  FR_SAFE_10  seed 46  goal      clr  0.81  t  16.7  inf  62  N 24.6  mpc   6.3 ms  err 0.61
[447/450] latency=0.25 S2  FR_SAFE_10  seed 47  goal      clr  0.66  t  14.9  inf  54  N 26.3  mpc   7.1 ms  err 0.41
[448/450] latency=0.25 S2  FR_SAFE_10  seed 48  goal      clr  0.47  t  16.4  inf  63  N 24.0  mpc   6.2 ms  err 0.51
[449/450] latency=0.25 S2  FR_SAFE_10  seed 49  goal      clr  0.75  t  14.1  inf  56  N 25.2  mpc   6.6 ms  err 0.48
[450/450] latency=0.25 S2  FR_SAFE_10  seed 50  goal      clr  0.80  t  14.0  inf  54  N 24.6  mpc   6.1 ms  err 0.52
