[  1/450] speed=5 S2  E_DART      seed  1  goal      clr  0.48  t  14.2  inf  88  N 25.3  mpc   7.7 ms  err 0.70
[  2/450] speed=5 S2  E_DART      seed  2  goal      clr  0.78  t  16.1  inf  96  N 24.2  mpc   7.0 ms  err 0.76
[  3/450] speed=5 S2  E_DART      seed  3  goal      clr  0.62  t  14.2  inf  88  N 25.1  mpc   6.6 ms  err 0.17
[  4/450] speed=5 S2  E_DART      seed  4  goal      clr  0.75  t  14.0  inf  83  N 24.7  mpc   6.8 ms  err 0.72
[  5/450] speed=5 S2  E_DART      seed  5  goal      clr  0.64  t  13.8  inf  66  N 23.8  mpc   6.1 ms  err 0.63
[  6/450] speed=5 S2  E_DART      seed  6  goal      clr  0.95  t  12.2  inf  54  N 24.9  mpc   6.0 ms  err 1.00
[  7/450] speed=5 S2  E_DART      seed  7  goal      clr  0.63  t  17.0  inf  67  N 22.3  mpc   5.5 ms  err 0.53
[  8/450] speed=5 S2  E_DART      seed  8  goal      clr  0.82  t  14.8  inf  87  N 24.6  mpc   6.1 ms  err 0.46
[  9/450] speed=5 S2  E_DART      seed  9  goal      clr  0.51  t  21.8  inf 103  N 24.3  mpc   6.7 ms  err 0.79
[ 10/450] speed=5 S2  E_DART      seed 10  goal      clr  0.73  t  18.9  inf  75  N 22.6  mpc   5.7 ms  err 0.80
[ 11/450] speed=5 S2  E_DART      seed 11  goal      clr  0.38  t  14.8  inf 101  N 25.2  mpc   6.3 ms  err 0.24
[ 12/450] speed=5 S2  E_DART      seed 12  goal      clr  0.67  t  14.4  inf  95  N 25.9  mpc   6.7 ms  err 0.38
[ 13/450] speed=5 S2  E_DART      seed 13  goal      clr  0.50  t  14.9  inf  78  N 25.2  mpc   6.6 ms  err 0.43
[ 14/450] speed=5 S2  E_DART      seed 14  goal      clr  0.46  t  17.0  inf  94  N 23.7  mpc   6.0 ms  err 0.51
[ 15/450] speed=5 S2  E_DART      seed 15  goal      clr  0.89  t  12.2  inf  73  N 25.5  mpc   6.2 ms  err 0.49
[ 16/450] speed=5 S2  E_DART      seed 16  goal      clr  0.46  t  14.5  inf  93  N 24.3  mpc   6.4 ms  err 0.59
[ 17/450] speed=5 S2  E_DART      seed 17  goal      clr  0.57  t  14.4  inf  91  N 25.3  mpc   6.6 ms  err 0.30
[ 18/450] speed=5 S2  E_DART      seed 18  goal      clr  0.55  t  15.5  inf  76  N 22.8  mpc   5.6 ms  err 0.95
[ 19/450] speed=5 S2  E_DART      seed 19  goal      clr  0.97  t  16.8  inf  84  N 23.0  mpc   5.4 ms  err 0.50
[ 20/450] speed=5 S2  E_DART      seed 20  goal      clr  0.72  t  15.6  inf  85  N 23.9  mpc   5.9 ms  err 0.40
[ 21/450] speed=5 S2  E_DART      seed 21  goal      clr  0.83  t  12.7  inf  80  N 24.6  mpc   6.1 ms  err 0.24
[ 22/450] speed=5 S2  E_DART      seed 22  goal      clr  0.50  t  15.1  inf  77  N 24.3  mpc   6.4 ms  err 0.51
[ 23/450] speed=5 S2  E_DART      seed 23  goal      clr  0.46  t  15.3  inf 104  N 25.9  mpc   6.8 ms  err 0.32
[ 24/450] speed=5 S2  E_DART      seed 24  goal      clr  0.76  t  17.9  inf 104  N 24.2  mpc   6.5 ms  err 0.74
[ 25/450] speed=5 S2  E_DART      seed 25  goal      clr  0.57  t  18.9  inf 110  N 23.9  mpc   6.9 ms  err 1.20
[ 26/450] speed=5 S2  E_DART      seed 26  goal      clr  0.60  t  14.3  inf  81  N 25.2  mpc   6.6 ms  err 0.44
[ 27/450] speed=5 S2  E_DART      seed 27  goal      clr  0.50  t  13.6  inf  86  N 25.5  mpc   6.7 ms  err 0.39
[ 28/450] speed=5 S2  E_DART      seed 28  goal      clr  0.65  t  15.0  inf  76  N 23.3  mpc   5.5 ms  err 0.23
[ 29/450] speed=5 S2  E_DART      seed 29  goal      clr  0.68  t  13.6  inf  79  N 25.3  mpc   6.4 ms  err 0.26
[ 30/450] speed=5 S2  E_DART      seed 30  goal      clr  0.63  t  14.5  inf  77  N 23.8  mpc   5.8 ms  err 0.45
[ 31/450] speed=5 S2  E_DART      seed 31  goal      clr  0.63  t  15.8  inf  84  N 25.4  mpc   6.6 ms  err 0.42
[ 32/450] speed=5 S2  E_DART      seed 32  goal      clr  0.54  t  15.0  inf  90  N 25.8  mpc   6.8 ms  err 0.46
[ 33/450] speed=5 S2  E_DART      seed 33  goal      clr  0.76  t  13.3  inf  90  N 25.1  mpc   6.3 ms  err 0.34
[ 34/450] speed=5 S2  E_DART      seed 34  goal      clr  0.53  t  14.1  inf  84  N 24.0  mpc   6.2 ms  err 0.45
[ 35/450] speed=5 S2  E_DART      seed 35  goal      clr  0.40  t  13.2  inf  85  N 25.2  mpc   6.4 ms  err 0.52
[ 36/450] speed=5 S2  E_DART      seed 36  goal      clr  0.53  t  13.6  inf  84  N 24.7  mpc   6.2 ms  err 0.66
[ 37/450] speed=5 S2  E_DART      seed 37  goal      clr  0.77  t  17.1  inf  84  N 22.1  mpc   5.2 ms  err 0.25
[ 38/450] speed=5 S2  E_DART      seed 38  goal      clr  0.73  t  15.0  inf  94  N 25.4  mpc   6.5 ms  err 0.22
[ 39/450] speed=5 S2  E_DART      seed 39  goal      clr  0.88  t  13.7  inf  85  N 25.4  mpc   6.5 ms  err 0.54
[ 40/450] speed=5 S2  E_DART      seed 40  goal      clr  0.61  t  17.8  inf 106  N 25.3  mpc   6.6 ms  err 0.38
[ 41/450] speed=5 S2  E_DART      seed 41  goal      clr  1.05  t  13.1  inf  78  N 24.4  mpc   6.0 ms  err 1.20
[ 42/450] speed=5 S2  E_DART      seed 42  goal      clr  0.41  t  13.9  inf  77  N 24.3  mpc   6.0 ms  err 0.24
[ 43/450] speed=5 S2  E_DART      seed 43  goal      clr  0.69  t  14.0  inf  85  N 25.2  mpc   6.5 ms  err 0.50
[ 44/450] speed=5 S2  E_DART      seed 44  goal      clr  0.62  t  13.6  inf  81  N 24.9  mpc   6.4 ms  err 0.45
[ 45/450] speed=5 S2  E_DART      seed 45  goal      clr  0.42  t  18.4  inf  97  N 23.7  mpc   6.0 ms  err 0.47
[ 46/450] speed=5 S2  E_DART      seed 46  goal      clr  0.51  t  14.2  inf  83  N 25.0  mpc   6.7 ms  err 0.37
[ 47/450] speed=5 S2  E_DART      seed 47  goal      clr  0.21  t  16.4  inf  99  N 23.5  mpc   6.0 ms  err 0.72
[ 48/450] speed=5 S2  E_DART      seed 48  goal      clr  0.60  t  16.5  inf  71  N 23.5  mpc   6.1 ms  err 0.38
[ 49/450] speed=5 S2  E_DART      seed 49  goal      clr  0.43  t  16.3  inf  95  N 24.4  mpc   6.4 ms  err 0.56
[ 50/450] speed=5 S2  E_DART      seed 50  goal      clr  0.44  t  15.2  inf  91  N 23.6  mpc   5.8 ms  err 0.62
[ 51/450] speed=5 S2  Z_ZHUYI     seed  1  goal      clr  0.29  t  18.0  inf  52  N 24.1  mpc   6.1 ms  err 0.44
[ 52/450] speed=5 S2  Z_ZHUYI     seed  2  goal      clr  0.73  t  15.5  inf  36  N 24.8  mpc   6.9 ms  err 0.41
[ 53/450] speed=5 S2  Z_ZHUYI     seed  3  goal      clr  0.73  t  15.6  inf  58  N 23.8  mpc   6.0 ms  err 0.20
[ 54/450] speed=5 S2  Z_ZHUYI     seed  4  goal      clr  2.91  t  16.7  inf  18  N 21.1  mpc   5.0 ms  err 1.13
[ 55/450] speed=5 S2  Z_ZHUYI     seed  5  goal      clr  0.87  t  14.2  inf  35  N 23.4  mpc   5.3 ms  err 0.60
[ 56/450] speed=5 S2  Z_ZHUYI     seed  6  goal      clr  0.91  t  14.1  inf  28  N 23.2  mpc   5.5 ms  err 0.93
[ 57/450] speed=5 S2  Z_ZHUYI     seed  7  goal      clr  0.41  t  17.4  inf  42  N 21.9  mpc   5.2 ms  err 0.61
[ 58/450] speed=5 S2  Z_ZHUYI     seed  8  goal      clr  0.52  t  16.0  inf  67  N 24.5  mpc   6.4 ms  err 0.98
[ 59/450] speed=5 S2  Z_ZHUYI     seed  9  goal      clr  0.83  t  13.6  inf  24  N 25.4  mpc   6.3 ms  err 0.50
[ 60/450] speed=5 S2  Z_ZHUYI     seed 10  goal      clr  0.39  t  18.2  inf  55  N 23.7  mpc   6.4 ms  err 0.55
[ 61/450] speed=5 S2  Z_ZHUYI     seed 11  goal      clr  0.36  t  16.9  inf  62  N 25.8  mpc   6.6 ms  err 0.25
[ 62/450] speed=5 S2  Z_ZHUYI     seed 12  goal      clr  0.74  t  18.1  inf  38  N 24.7  mpc   6.4 ms  err 0.46
[ 63/450] speed=5 S2  Z_ZHUYI     seed 13  goal      clr  0.60  t  19.9  inf  57  N 24.4  mpc   6.4 ms  err 0.63
[ 64/450] speed=5 S2  Z_ZHUYI     seed 14  goal      clr  0.47  t  16.3  inf  49  N 23.4  mpc   6.0 ms  err 0.66
[ 65/450] speed=5 S2  Z_ZHUYI     seed 15  goal      clr  0.71  t  16.9  inf  29  N 23.6  mpc   6.0 ms  err 0.82
[ 66/450] speed=5 S2  Z_ZHUYI     seed 16  goal      clr  0.63  t  15.1  inf  55  N 25.8  mpc   6.8 ms  err 0.54
[ 67/450] speed=5 S2  Z_ZHUYI     seed 17  goal      clr  0.86  t  14.8  inf  43  N 23.4  mpc   5.5 ms  err 0.31
[ 68/450] speed=5 S2  Z_ZHUYI     seed 18  goal      clr  0.61  t  14.5  inf  61  N 25.8  mpc   6.7 ms  err 0.54
[ 69/450] speed=5 S2  Z_ZHUYI     seed 19  goal      clr  0.62  t  17.3  inf  32  N 23.1  mpc   5.8 ms  err 0.64
[ 70/450] speed=5 S2  Z_ZHUYI     seed 20  goal      clr  0.73  t  15.7  inf  52  N 23.2  mpc   5.7 ms  err 0.28
[ 71/450] speed=5 S2  Z_ZHUYI     seed 21  goal      clr  0.84  t  12.2  inf  55  N 25.2  mpc   6.0 ms  err 0.39
[ 72/450] speed=5 S2  Z_ZHUYI     seed 22  goal      clr  0.86  t  16.5  inf  31  N 23.3  mpc   5.9 ms  err 1.22
[ 73/450] speed=5 S2  Z_ZHUYI     seed 23  goal      clr  0.75  t  18.4  inf  49  N 22.9  mpc   5.8 ms  err 0.78
[ 74/450] speed=5 S2  Z_ZHUYI     seed 24  goal      clr  0.81  t  15.1  inf  46  N 24.8  mpc   6.0 ms  err 0.30
[ 75/450] speed=5 S2  Z_ZHUYI     seed 25  goal      clr  1.09  t  14.8  inf  18  N 24.9  mpc   5.7 ms  err 0.58
[ 76/450] speed=5 S2  Z_ZHUYI     seed 26  goal      clr  1.13  t  14.8  inf  26  N 22.9  mpc   5.3 ms  err 0.48
[ 77/450] speed=5 S2  Z_ZHUYI     seed 27  goal      clr  0.77  t  15.9  inf  57  N 23.6  mpc   6.0 ms  err 0.40
[ 78/450] speed=5 S2  Z_ZHUYI     seed 28  goal      clr  0.69  t  19.5  inf  42  N 22.4  mpc   5.4 ms  err 0.43
[ 79/450] speed=5 S2  Z_ZHUYI     seed 29  goal      clr  2.45  t  13.4  inf  15  N 24.2  mpc   5.2 ms  err 0.64
[ 80/450] speed=5 S2  Z_ZHUYI     seed 30  goal      clr  0.49  t  17.0  inf  45  N 23.5  mpc   5.9 ms  err 0.61
[ 81/450] speed=5 S2  Z_ZHUYI     seed 31  goal      clr  1.10  t  16.1  inf  26  N 23.0  mpc   5.3 ms  err 0.48
[ 82/450] speed=5 S2  Z_ZHUYI     seed 32  goal      clr  0.73  t  16.2  inf  56  N 25.4  mpc   6.7 ms  err 0.43
[ 83/450] speed=5 S2  Z_ZHUYI     seed 33  goal      clr  0.77  t  12.3  inf  43  N 25.2  mpc   6.7 ms  err 0.62
[ 84/450] speed=5 S2  Z_ZHUYI     seed 34  goal      clr  0.44  t  32.8  inf  92  N 21.5  mpc   5.7 ms  err 0.39
[ 85/450] speed=5 S2  Z_ZHUYI     seed 35  goal      clr  0.52  t  13.0  inf  42  N 25.6  mpc   6.4 ms  err 0.38
[ 86/450] speed=5 S2  Z_ZHUYI     seed 36  goal      clr  1.02  t  14.7  inf  24  N 23.9  mpc   6.1 ms  err 0.75
[ 87/450] speed=5 S2  Z_ZHUYI     seed 37  goal      clr  1.00  t  24.8  inf  38  N 21.2  mpc   5.0 ms  err 0.31
[ 88/450] speed=5 S2  Z_ZHUYI     seed 38  goal      clr  0.87  t  14.6  inf  46  N 23.0  mpc   5.2 ms  err 0.32
[ 89/450] speed=5 S2  Z_ZHUYI     seed 39  goal      clr  0.59  t  13.2  inf  50  N 24.5  mpc   6.3 ms  err 0.55
[ 90/450] speed=5 S2  Z_ZHUYI     seed 40  goal      clr  0.56  t  17.8  inf  53  N 23.2  mpc   5.8 ms  err 0.65
[ 91/450] speed=5 S2  Z_ZHUYI     seed 41  goal      clr  0.82  t  15.4  inf  46  N 22.9  mpc   5.6 ms  err 0.27
[ 92/450] speed=5 S2  Z_ZHUYI     seed 42  goal      clr  2.97  t  15.3  inf  17  N 22.7  mpc   5.0 ms  err 0.94
[ 93/450] speed=5 S2  Z_ZHUYI     seed 43  goal      clr  0.66  t  18.5  inf  37  N 23.8  mpc   5.9 ms  err 0.30
[ 94/450] speed=5 S2  Z_ZHUYI     seed 44  goal      clr  0.39  t  22.0  inf  63  N 23.5  mpc   6.3 ms  err 0.56
[ 95/450] speed=5 S2  Z_ZHUYI     seed 45  goal      clr  0.96  t  14.9  inf  51  N 24.4  mpc   6.0 ms  err 0.36
[ 96/450] speed=5 S2  Z_ZHUYI     seed 46  goal      clr  1.46  t  15.8  inf  24  N 23.7  mpc   5.7 ms  err 0.64
[ 97/450] speed=5 S2  Z_ZHUYI     seed 47  goal      clr  0.83  t  16.7  inf  39  N 23.1  mpc   5.7 ms  err 0.60
[ 98/450] speed=5 S2  Z_ZHUYI     seed 48  goal      clr  0.42  t  16.4  inf  51  N 24.3  mpc   6.1 ms  err 0.38
[ 99/450] speed=5 S2  Z_ZHUYI     seed 49  goal      clr  0.94  t  18.1  inf  20  N 22.3  mpc   4.9 ms  err 0.63
[100/450] speed=5 S2  Z_ZHUYI     seed 50  goal      clr  0.50  t  16.4  inf  57  N 24.5  mpc   6.6 ms  err 0.36
[101/450] speed=5 S2  A_FR_FN     seed  1  goal      clr  0.15  t  15.2  inf 142  N 20.0  mpc   4.1 ms  err 0.32
[102/450] speed=5 S2  A_FR_FN     seed  2  goal      clr  0.42  t  14.5  inf 135  N 20.0  mpc   4.1 ms  err 0.52
[103/450] speed=5 S2  A_FR_FN     seed  3  goal      clr  0.26  t  15.7  inf 148  N 20.0  mpc   4.2 ms  err 0.25
[104/450] speed=5 S2  A_FR_FN     seed  4  goal      clr  0.52  t  11.7  inf 110  N 20.0  mpc   4.1 ms  err 0.23
[105/450] speed=5 S2  A_FR_FN     seed  5  goal      clr  0.32  t  15.5  inf 141  N 20.0  mpc   4.2 ms  err 0.43
[106/450] speed=5 S2  A_FR_FN     seed  6  goal      clr  0.45  t  14.1  inf 131  N 20.0  mpc   4.1 ms  err 0.18
[107/450] speed=5 S2  A_FR_FN     seed  7  goal      clr  0.22  t  15.1  inf 138  N 20.0  mpc   4.2 ms  err 0.39
[108/450] speed=5 S2  A_FR_FN     seed  8  goal      clr  0.47  t  11.5  inf 108  N 20.0  mpc   4.1 ms  err 0.38
[109/450] speed=5 S2  A_FR_FN     seed  9  goal      clr  0.36  t  16.1  inf 151  N 20.0  mpc   4.3 ms  err 0.65
[110/450] speed=5 S2  A_FR_FN     seed 10  goal      clr  0.36  t  14.5  inf 132  N 20.0  mpc   4.0 ms  err 0.41
[111/450] speed=5 S2  A_FR_FN     seed 11  goal      clr  0.44  t  12.0  inf 109  N 20.0  mpc   4.0 ms  err 0.29
[112/450] speed=5 S2  A_FR_FN     seed 12  goal      clr  0.13  t  13.2  inf 122  N 20.0  mpc   4.1 ms  err 0.32
[113/450] speed=5 S2  A_FR_FN     seed 13  goal      clr  0.37  t  11.8  inf 112  N 20.0  mpc   4.1 ms  err 0.32
[114/450] speed=5 S2  A_FR_FN     seed 14  goal      clr  0.45  t  11.9  inf 111  N 20.0  mpc   4.0 ms  err 0.43
[115/450] speed=5 S2  A_FR_FN     seed 15  goal      clr  0.46  t  14.3  inf 131  N 20.0  mpc   4.3 ms  err 0.52
[116/450] speed=5 S2  A_FR_FN     seed 16  goal      clr  0.16  t  13.0  inf 123  N 20.0  mpc   4.2 ms  err 0.32
[117/450] speed=5 S2  A_FR_FN     seed 17  collision clr -0.00  t   8.0  inf  77  N 20.0  mpc   4.1 ms  err 0.24
[118/450] speed=5 S2  A_FR_FN     seed 18  goal      clr  0.09  t  13.8  inf 129  N 20.0  mpc   4.1 ms  err 0.45
[119/450] speed=5 S2  A_FR_FN     seed 19  goal      clr  0.26  t  13.3  inf 126  N 20.0  mpc   4.0 ms  err 0.22
[120/450] speed=5 S2  A_FR_FN     seed 20  goal      clr  0.59  t  11.6  inf 108  N 20.0  mpc   4.0 ms  err 0.25
[121/450] speed=5 S2  A_FR_FN     seed 21  goal      clr  0.23  t  16.7  inf 154  N 20.0  mpc   4.3 ms  err 0.42
[122/450] speed=5 S2  A_FR_FN     seed 22  goal      clr  0.39  t  15.7  inf 148  N 20.0  mpc   4.2 ms  err 0.58
[123/450] speed=5 S2  A_FR_FN     seed 23  goal      clr  0.36  t  15.7  inf 145  N 20.0  mpc   4.2 ms  err 0.81
[124/450] speed=5 S2  A_FR_FN     seed 24  goal      clr  0.51  t  11.6  inf 108  N 20.0  mpc   4.0 ms  err 0.43
[125/450] speed=5 S2  A_FR_FN     seed 25  goal      clr  0.08  t  13.8  inf 129  N 20.0  mpc   4.1 ms  err 0.28
[126/450] speed=5 S2  A_FR_FN     seed 26  goal      clr  0.21  t  14.8  inf 137  N 20.0  mpc   4.1 ms  err 0.31
[127/450] speed=5 S2  A_FR_FN     seed 27  goal      clr  0.29  t  14.5  inf 134  N 20.0  mpc   4.3 ms  err 0.58
[128/450] speed=5 S2  A_FR_FN     seed 28  goal      clr  0.47  t  12.3  inf 116  N 20.0  mpc   4.1 ms  err 0.57
[129/450] speed=5 S2  A_FR_FN     seed 29  goal      clr  0.37  t  14.1  inf 132  N 20.0  mpc   4.1 ms  err 0.18
[130/450] speed=5 S2  A_FR_FN     seed 30  goal      clr  0.33  t  13.5  inf 124  N 20.0  mpc   4.2 ms  err 0.45
[131/450] speed=5 S2  A_FR_FN     seed 31  goal      clr  0.04  t  15.2  inf 141  N 20.0  mpc   4.3 ms  err 0.84
[132/450] speed=5 S2  A_FR_FN     seed 32  goal      clr  0.20  t  16.2  inf 151  N 20.0  mpc   4.2 ms  err 0.53
[133/450] speed=5 S2  A_FR_FN     seed 33  goal      clr  0.30  t  14.4  inf 134  N 20.0  mpc   4.2 ms  err 0.41
[134/450] speed=5 S2  A_FR_FN     seed 34  goal      clr  0.05  t  11.5  inf 109  N 20.0  mpc   4.1 ms  err 0.35
[135/450] speed=5 S2  A_FR_FN     seed 35  goal      clr  0.36  t  12.8  inf 121  N 20.0  mpc   4.0 ms  err 0.24
[136/450] speed=5 S2  A_FR_FN     seed 36  goal      clr  0.16  t  14.9  inf 141  N 20.0  mpc   4.2 ms  err 0.37
[137/450] speed=5 S2  A_FR_FN     seed 37  goal      clr  0.33  t  15.4  inf 145  N 20.0  mpc   4.1 ms  err 0.35
[138/450] speed=5 S2  A_FR_FN     seed 38  goal      clr  0.14  t  14.7  inf 136  N 20.0  mpc   4.1 ms  err 0.35
[139/450] speed=5 S2  A_FR_FN     seed 39  goal      clr  0.46  t  11.7  inf 107  N 20.0  mpc   4.1 ms  err 0.41
[140/450] speed=5 S2  A_FR_FN     seed 40  timeout   clr  1.56  t  40.0  inf 371  N 20.0  mpc   3.2 ms  err 0.11
[141/450] speed=5 S2  A_FR_FN     seed 41  goal      clr  0.37  t  16.5  inf 154  N 20.0  mpc   4.2 ms  err 0.30
[142/450] speed=5 S2  A_FR_FN     seed 42  goal      clr  0.36  t  12.1  inf 114  N 20.0  mpc   4.1 ms  err 0.31
[143/450] speed=5 S2  A_FR_FN     seed 43  goal      clr  0.28  t  11.6  inf 108  N 20.0  mpc   3.9 ms  err 0.45
[144/450] speed=5 S2  A_FR_FN     seed 44  goal      clr  0.33  t  13.4  inf 123  N 20.0  mpc   4.2 ms  err 0.52
[145/450] speed=5 S2  A_FR_FN     seed 45  goal      clr  0.39  t  13.2  inf 123  N 20.0  mpc   4.1 ms  err 0.27
[146/450] speed=5 S2  A_FR_FN     seed 46  goal      clr  0.10  t  13.5  inf 124  N 20.0  mpc   4.2 ms  err 0.78
[147/450] speed=5 S2  A_FR_FN     seed 47  goal      clr  0.45  t  11.9  inf 109  N 20.0  mpc   4.2 ms  err 0.94
[148/450] speed=5 S2  A_FR_FN     seed 48  goal      clr  0.32  t  12.3  inf 116  N 20.0  mpc   4.3 ms  err 0.19
[149/450] speed=5 S2  A_FR_FN     seed 49  goal      clr  0.43  t  12.9  inf 123  N 20.0  mpc   4.1 ms  err 0.48
[150/450] speed=5 S2  A_FR_FN     seed 50  goal      clr  0.18  t  14.5  inf 137  N 20.0  mpc   4.0 ms  err 0.50
[151/450] speed=5 S2  F_NODELAY   seed  1  goal      clr  0.85  t  17.9  inf 110  N 23.4  mpc   5.7 ms  err 2.28
[152/450] speed=5 S2  F_NODELAY   seed  2  collision clr -0.01  t   2.9  inf  19  N 24.1  mpc   5.7 ms  err 1.54
[153/450] speed=5 S2  F_NODELAY   seed  3  goal      clr  0.75  t  16.7  inf  79  N 22.8  mpc   5.7 ms  err 2.46
[154/450] speed=5 S2  F_NODELAY   seed  4  goal      clr  0.96  t  14.8  inf  83  N 23.0  mpc   5.5 ms  err 2.82
[155/450] speed=5 S2  F_NODELAY   seed  5  goal      clr  0.05  t  13.4  inf  67  N 23.5  mpc   6.0 ms  err 2.71
[156/450] speed=5 S2  F_NODELAY   seed  6  goal      clr  0.61  t  20.0  inf 145  N 23.4  mpc   6.8 ms  err 2.31
[157/450] speed=5 S2  F_NODELAY   seed  7  goal      clr  1.33  t  17.6  inf  91  N 21.5  mpc   5.0 ms  err 2.00
[158/450] speed=5 S2  F_NODELAY   seed  8  goal      clr  1.86  t  14.1  inf  60  N 22.8  mpc   4.9 ms  err 2.44
[159/450] speed=5 S2  F_NODELAY   seed  9  goal      clr  1.77  t  15.7  inf  79  N 22.9  mpc   5.2 ms  err 2.40
[160/450] speed=5 S2  F_NODELAY   seed 10  goal      clr  0.66  t  16.7  inf 111  N 24.2  mpc   6.4 ms  err 3.03
[161/450] speed=5 S2  F_NODELAY   seed 11  goal      clr  0.95  t  22.9  inf 146  N 23.8  mpc   6.2 ms  err 1.96
[162/450] speed=5 S2  F_NODELAY   seed 12  goal      clr  0.69  t  22.3  inf 132  N 22.3  mpc   6.1 ms  err 2.48
[163/450] speed=5 S2  F_NODELAY   seed 13  goal      clr  0.47  t  15.5  inf  87  N 22.0  mpc   5.7 ms  err 1.87
[164/450] speed=5 S2  F_NODELAY   seed 14  goal      clr  0.50  t  18.4  inf 103  N 23.4  mpc   5.7 ms  err 2.44
[165/450] speed=5 S2  F_NODELAY   seed 15  goal      clr  1.36  t  16.5  inf  79  N 23.0  mpc   5.7 ms  err 2.66
[166/450] speed=5 S2  F_NODELAY   seed 16  goal      clr  0.52  t  15.7  inf  74  N 21.0  mpc   4.9 ms  err 3.06
[167/450] speed=5 S2  F_NODELAY   seed 17  goal      clr  0.72  t  19.9  inf  90  N 22.0  mpc   5.2 ms  err 2.83
[168/450] speed=5 S2  F_NODELAY   seed 18  goal      clr  0.82  t  17.0  inf 115  N 23.3  mpc   6.0 ms  err 1.66
[169/450] speed=5 S2  F_NODELAY   seed 19  goal      clr  0.71  t  23.2  inf 144  N 24.1  mpc   6.4 ms  err 2.35
[170/450] speed=5 S2  F_NODELAY   seed 20  goal      clr  0.45  t  21.8  inf 139  N 22.4  mpc   5.9 ms  err 2.51
[171/450] speed=5 S2  F_NODELAY   seed 21  goal      clr  1.11  t  16.8  inf  54  N 22.0  mpc   4.7 ms  err 2.75
[172/450] speed=5 S2  F_NODELAY   seed 22  goal      clr  0.30  t  17.9  inf  95  N 22.5  mpc   5.4 ms  err 1.89
[173/450] speed=5 S2  F_NODELAY   seed 23  goal      clr  0.83  t  17.6  inf  86  N 22.7  mpc   5.4 ms  err 2.44
[174/450] speed=5 S2  F_NODELAY   seed 24  goal      clr  0.41  t  21.6  inf 115  N 20.7  mpc   4.8 ms  err 2.45
[175/450] speed=5 S2  F_NODELAY   seed 25  goal      clr  0.78  t  16.2  inf  79  N 23.7  mpc   5.9 ms  err 2.60
[176/450] speed=5 S2  F_NODELAY   seed 26  goal      clr  0.89  t  17.6  inf 103  N 23.7  mpc   5.9 ms  err 2.74
[177/450] speed=5 S2  F_NODELAY   seed 27  goal      clr  0.73  t  15.2  inf  74  N 23.2  mpc   5.7 ms  err 2.96
[178/450] speed=5 S2  F_NODELAY   seed 28  goal      clr  0.41  t  19.8  inf 109  N 23.0  mpc   5.6 ms  err 2.44
[179/450] speed=5 S2  F_NODELAY   seed 29  goal      clr  1.28  t  12.5  inf  55  N 24.5  mpc   5.3 ms  err 2.00
[180/450] speed=5 S2  F_NODELAY   seed 30  goal      clr  0.87  t  19.6  inf 114  N 23.0  mpc   6.2 ms  err 2.25
[181/450] speed=5 S2  F_NODELAY   seed 31  goal      clr  0.19  t  18.2  inf 111  N 22.8  mpc   5.8 ms  err 3.21
[182/450] speed=5 S2  F_NODELAY   seed 32  goal      clr  1.43  t  14.3  inf  51  N 23.2  mpc   5.1 ms  err 3.11
[183/450] speed=5 S2  F_NODELAY   seed 33  goal      clr  0.32  t  15.1  inf  77  N 22.4  mpc   5.8 ms  err 2.40
[184/450] speed=5 S2  F_NODELAY   seed 34  goal      clr  0.82  t  19.8  inf 129  N 22.9  mpc   5.9 ms  err 1.97
[185/450] speed=5 S2  F_NODELAY   seed 35  goal      clr  1.45  t  11.6  inf  61  N 25.3  mpc   5.9 ms  err 1.75
[186/450] speed=5 S2  F_NODELAY   seed 36  goal      clr  0.29  t  17.5  inf 109  N 21.9  mpc   5.4 ms  err 2.05
[187/450] speed=5 S2  F_NODELAY   seed 37  collision clr -0.00  t  22.6  inf 196  N 25.6  mpc   7.3 ms  err 2.37
[188/450] speed=5 S2  F_NODELAY   seed 38  goal      clr  0.78  t  15.4  inf  91  N 23.4  mpc   5.7 ms  err 3.08
[189/450] speed=5 S2  F_NODELAY   seed 39  goal      clr  0.88  t  14.8  inf  77  N 23.3  mpc   5.4 ms  err 2.11
[190/450] speed=5 S2  F_NODELAY   seed 40  goal      clr  0.80  t  16.3  inf  88  N 22.8  mpc   5.7 ms  err 2.57
[191/450] speed=5 S2  F_NODELAY   seed 41  goal      clr  0.47  t  19.8  inf 105  N 21.1  mpc   4.8 ms  err 3.21
[192/450] speed=5 S2  F_NODELAY   seed 42  collision clr -0.00  t   5.4  inf  37  N 22.9  mpc   6.5 ms  err 1.56
[193/450] speed=5 S2  F_NODELAY   seed 43  goal      clr  0.58  t  19.7  inf 151  N 25.1  mpc   7.3 ms  err 2.79
[194/450] speed=5 S2  F_NODELAY   seed 44  goal      clr  1.40  t  13.7  inf  81  N 23.0  mpc   5.7 ms  err 2.34
[195/450] speed=5 S2  F_NODELAY   seed 45  goal      clr  0.63  t  16.8  inf  93  N 24.3  mpc   6.4 ms  err 1.37
[196/450] speed=5 S2  F_NODELAY   seed 46  goal      clr  0.19  t  16.9  inf  91  N 23.3  mpc   5.4 ms  err 2.25
[197/450] speed=5 S2  F_NODELAY   seed 47  goal      clr  0.63  t  15.1  inf  88  N 23.9  mpc   6.3 ms  err 2.16
[198/450] speed=5 S2  F_NODELAY   seed 48  goal      clr  0.03  t  19.6  inf 153  N 25.5  mpc   6.7 ms  err 1.21
[199/450] speed=5 S2  F_NODELAY   seed 49  goal      clr  0.23  t  19.4  inf 120  N 23.8  mpc   6.3 ms  err 2.44
[200/450] speed=5 S2  F_NODELAY   seed 50  goal      clr  0.62  t  23.0  inf 144  N 24.2  mpc   6.4 ms  err 2.72
[201/450] speed=5 S2  FR_SAFE_1   seed  1  goal      clr  1.00  t  19.0  inf  19  N 22.1  mpc   5.1 ms  err 0.42
[202/450] speed=5 S2  FR_SAFE_1   seed  2  goal      clr  0.95  t  18.1  inf  19  N 24.5  mpc   7.0 ms  err 0.50
[203/450] speed=5 S2  FR_SAFE_1   seed  3  goal      clr  0.13  t  22.8  inf  23  N 24.4  mpc   7.2 ms  err 0.54
[204/450] speed=5 S2  FR_SAFE_1   seed  4  goal      clr  2.02  t  16.0  inf  16  N 22.2  mpc   4.7 ms  err 1.40
[205/450] speed=5 S2  FR_SAFE_1   seed  5  goal      clr  2.93  t  14.8  inf  15  N 22.5  mpc   4.8 ms  err 0.64
[206/450] speed=5 S2  FR_SAFE_1   seed  6  goal      clr  0.99  t  14.6  inf  15  N 22.7  mpc   5.1 ms  err 0.75
[207/450] speed=5 S2  FR_SAFE_1   seed  7  goal      clr  2.49  t  19.1  inf  20  N 20.7  mpc   4.8 ms  err 0.61
[208/450] speed=5 S2  FR_SAFE_1   seed  8  goal      clr  1.18  t  16.7  inf  17  N 24.1  mpc   5.9 ms  err 0.72
[209/450] speed=5 S2  FR_SAFE_1   seed  9  goal      clr  1.91  t  14.1  inf  15  N 25.2  mpc   6.0 ms  err 0.61
[210/450] speed=5 S2  FR_SAFE_1   seed 10  goal      clr  0.96  t  15.9  inf  16  N 22.8  mpc   5.8 ms  err 0.79
[211/450] speed=5 S2  FR_SAFE_1   seed 11  goal      clr  0.85  t  18.0  inf  19  N 24.8  mpc   6.7 ms  err 0.71
[212/450] speed=5 S2  FR_SAFE_1   seed 12  goal      clr  1.01  t  23.2  inf  24  N 23.1  mpc   5.8 ms  err 0.63
[213/450] speed=5 S2  FR_SAFE_1   seed 13  goal      clr  0.72  t  19.8  inf  20  N 25.0  mpc   6.6 ms  err 0.40
[214/450] speed=5 S2  FR_SAFE_1   seed 14  goal      clr  1.12  t  18.3  inf  19  N 22.4  mpc   5.6 ms  err 0.62
[215/450] speed=5 S2  FR_SAFE_1   seed 15  goal      clr  0.81  t  16.5  inf  17  N 26.3  mpc   7.5 ms  err 0.46
[216/450] speed=5 S2  FR_SAFE_1   seed 16  goal      clr  0.82  t  20.7  inf  21  N 23.7  mpc   6.7 ms  err 0.31
[217/450] speed=5 S2  FR_SAFE_1   seed 17  goal      clr  0.60  t  17.9  inf  18  N 24.5  mpc   6.3 ms  err 0.62
[218/450] speed=5 S2  FR_SAFE_1   seed 18  goal      clr  0.82  t  16.2  inf  17  N 25.9  mpc   6.9 ms  err 0.73
[219/450] speed=5 S2  FR_SAFE_1   seed 19  goal      clr  2.39  t  15.3  inf  16  N 23.1  mpc   5.4 ms  err 0.71
[220/450] speed=5 S2  FR_SAFE_1   seed 20  goal      clr  0.49  t  24.8  inf  25  N 23.3  mpc   6.4 ms  err 0.27
[221/450] speed=5 S2  FR_SAFE_1   seed 21  goal      clr  0.98  t  14.4  inf  15  N 24.6  mpc   6.0 ms  err 0.65
[222/450] speed=5 S2  FR_SAFE_1   seed 22  goal      clr  1.61  t  19.1  inf  20  N 21.7  mpc   5.4 ms  err 0.94
[223/450] speed=5 S2  FR_SAFE_1   seed 23  goal      clr  0.77  t  20.7  inf  21  N 23.7  mpc   5.5 ms  err 0.52
[224/450] speed=5 S2  FR_SAFE_1   seed 24  goal      clr  0.89  t  16.4  inf  17  N 25.9  mpc   6.5 ms  err 0.45
[225/450] speed=5 S2  FR_SAFE_1   seed 25  goal      clr  0.64  t  19.1  inf  20  N 24.9  mpc   6.4 ms  err 0.75
[226/450] speed=5 S2  FR_SAFE_1   seed 26  goal      clr  1.51  t  15.1  inf  16  N 23.2  mpc   4.9 ms  err 0.62
[227/450] speed=5 S2  FR_SAFE_1   seed 27  goal      clr  0.89  t  22.3  inf  23  N 23.0  mpc   6.4 ms  err 0.68
[228/450] speed=5 S2  FR_SAFE_1   seed 28  goal      clr  0.72  t  21.6  inf  22  N 22.5  mpc   5.0 ms  err 0.50
[229/450] speed=5 S2  FR_SAFE_1   seed 29  goal      clr  3.34  t  14.1  inf  15  N 23.9  mpc   5.0 ms  err 0.63
[230/450] speed=5 S2  FR_SAFE_1   seed 30  goal      clr  0.75  t  15.6  inf  16  N 24.7  mpc   6.8 ms  err 0.82
[231/450] speed=5 S2  FR_SAFE_1   seed 31  goal      clr  0.68  t  19.9  inf  20  N 22.8  mpc   5.4 ms  err 0.41
[232/450] speed=5 S2  FR_SAFE_1   seed 32  goal      clr  1.01  t  19.4  inf  20  N 24.1  mpc   6.8 ms  err 0.75
[233/450] speed=5 S2  FR_SAFE_1   seed 33  goal      clr  1.33  t  13.6  inf  14  N 23.6  mpc   5.6 ms  err 0.68
[234/450] speed=5 S2  FR_SAFE_1   seed 34  goal      clr  0.76  t  19.4  inf  20  N 24.7  mpc   6.4 ms  err 0.37
[235/450] speed=5 S2  FR_SAFE_1   seed 35  goal      clr  1.74  t  14.2  inf  15  N 23.9  mpc   5.2 ms  err 0.77
[236/450] speed=5 S2  FR_SAFE_1   seed 36  timeout   clr  0.75  t  40.0  inf  40  N 17.1  mpc   4.9 ms  err 0.73
[237/450] speed=5 S2  FR_SAFE_1   seed 37  goal      clr  0.64  t  23.3  inf  24  N 23.2  mpc   5.7 ms  err 0.41
[238/450] speed=5 S2  FR_SAFE_1   seed 38  goal      clr  1.21  t  18.6  inf  19  N 22.7  mpc   5.6 ms  err 0.89
[239/450] speed=5 S2  FR_SAFE_1   seed 39  goal      clr  0.89  t  16.1  inf  17  N 24.0  mpc   5.8 ms  err 0.90
[240/450] speed=5 S2  FR_SAFE_1   seed 40  goal      clr  0.84  t  19.4  inf  20  N 22.8  mpc   5.5 ms  err 0.69
[241/450] speed=5 S2  FR_SAFE_1   seed 41  goal      clr  1.17  t  17.3  inf  18  N 20.9  mpc   4.4 ms  err 0.62
[242/450] speed=5 S2  FR_SAFE_1   seed 42  goal      clr  3.11  t  15.2  inf  16  N 22.5  mpc   4.5 ms  err 0.76
[243/450] speed=5 S2  FR_SAFE_1   seed 43  goal      clr  0.78  t  23.4  inf  24  N 22.9  mpc   5.6 ms  err 0.57
[244/450] speed=5 S2  FR_SAFE_1   seed 44  goal      clr  1.39  t  13.2  inf  14  N 24.6  mpc   6.0 ms  err 0.96
[245/450] speed=5 S2  FR_SAFE_1   seed 45  goal      clr  0.87  t  18.5  inf  19  N 23.1  mpc   5.7 ms  err 0.64
[246/450] speed=5 S2  FR_SAFE_1   seed 46  goal      clr  0.66  t  16.1  inf  17  N 23.0  mpc   5.3 ms  err 0.79
[247/450] speed=5 S2  FR_SAFE_1   seed 47  goal      clr  0.62  t  16.8  inf  17  N 24.0  mpc   6.3 ms  err 1.17
[248/450] speed=5 S2  FR_SAFE_1   seed 48  goal      clr  0.38  t  35.8  inf  36  N 22.2  mpc   5.9 ms  err 0.55
[249/450] speed=5 S2  FR_SAFE_1   seed 49  goal      clr  0.88  t  22.1  inf  23  N 22.5  mpc   4.9 ms  err 0.86
[250/450] speed=5 S2  FR_SAFE_1   seed 50  goal      clr  0.64  t  17.6  inf  18  N 22.8  mpc   5.8 ms  err 0.66
[251/450] speed=5 S2  FR_SAFE_2   seed  1  goal      clr  0.62  t  13.8  inf  28  N 24.0  mpc   6.1 ms  err 0.84
[252/450] speed=5 S2  FR_SAFE_2   seed  2  goal      clr  0.50  t  17.5  inf  35  N 25.7  mpc   7.1 ms  err 0.61
[253/450] speed=5 S2  FR_SAFE_2   seed  3  goal      clr  0.62  t  15.9  inf  32  N 25.1  mpc   6.7 ms  err 0.40
[254/450] speed=5 S2  FR_SAFE_2   seed  4  goal      clr  0.68  t  17.1  inf  35  N 23.8  mpc   6.1 ms  err 0.49
[255/450] speed=5 S2  FR_SAFE_2   seed  5  goal      clr  0.97  t  14.2  inf  29  N 23.9  mpc   5.9 ms  err 0.65
[256/450] speed=5 S2  FR_SAFE_2   seed  6  goal      clr  0.83  t  13.3  inf  27  N 26.3  mpc   6.6 ms  err 0.28
[257/450] speed=5 S2  FR_SAFE_2   seed  7  goal      clr  0.67  t  16.8  inf  34  N 24.3  mpc   6.2 ms  err 0.45
[258/450] speed=5 S2  FR_SAFE_2   seed  8  goal      clr  0.65  t  14.8  inf  30  N 24.1  mpc   6.2 ms  err 0.37
[259/450] speed=5 S2  FR_SAFE_2   seed  9  goal      clr  0.56  t  16.9  inf  34  N 25.4  mpc   6.6 ms  err 0.36
[260/450] speed=5 S2  FR_SAFE_2   seed 10  goal      clr  0.77  t  16.5  inf  33  N 24.4  mpc   6.2 ms  err 0.48
[261/450] speed=5 S2  FR_SAFE_2   seed 11  goal      clr  1.14  t  16.2  inf  33  N 25.9  mpc   6.5 ms  err 0.97
[262/450] speed=5 S2  FR_SAFE_2   seed 12  goal      clr  0.50  t  17.0  inf  34  N 24.7  mpc   6.4 ms  err 0.47
[263/450] speed=5 S2  FR_SAFE_2   seed 13  goal      clr  0.64  t  20.5  inf  41  N 23.8  mpc   6.0 ms  err 0.47
[264/450] speed=5 S2  FR_SAFE_2   seed 14  goal      clr  0.63  t  17.6  inf  36  N 21.2  mpc   5.0 ms  err 0.21
[265/450] speed=5 S2  FR_SAFE_2   seed 15  goal      clr  0.57  t  13.3  inf  27  N 25.5  mpc   6.5 ms  err 0.57
[266/450] speed=5 S2  FR_SAFE_2   seed 16  goal      clr  0.63  t  16.7  inf  34  N 25.8  mpc   7.0 ms  err 0.49
[267/450] speed=5 S2  FR_SAFE_2   seed 17  goal      clr  0.82  t  15.3  inf  31  N 25.6  mpc   6.5 ms  err 0.31
[268/450] speed=5 S2  FR_SAFE_2   seed 18  goal      clr  0.57  t  16.5  inf  34  N 23.2  mpc   5.8 ms  err 0.60
[269/450] speed=5 S2  FR_SAFE_2   seed 19  goal      clr  0.66  t  16.5  inf  34  N 22.4  mpc   5.8 ms  err 0.56
[270/450] speed=5 S2  FR_SAFE_2   seed 20  goal      clr  0.95  t  14.3  inf  29  N 24.2  mpc   6.0 ms  err 0.70
[271/450] speed=5 S2  FR_SAFE_2   seed 21  goal      clr  1.01  t  13.0  inf  27  N 25.1  mpc   6.1 ms  err 0.52
[272/450] speed=5 S2  FR_SAFE_2   seed 22  goal      clr  0.66  t  13.8  inf  28  N 26.0  mpc   6.6 ms  err 0.34
[273/450] speed=5 S2  FR_SAFE_2   seed 23  goal      clr  0.65  t  18.2  inf  37  N 23.0  mpc   6.0 ms  err 0.51
[274/450] speed=5 S2  FR_SAFE_2   seed 24  goal      clr  0.48  t  16.1  inf  33  N 24.3  mpc   6.2 ms  err 0.39
[275/450] speed=5 S2  FR_SAFE_2   seed 25  goal      clr  0.73  t  17.2  inf  35  N 25.7  mpc   6.9 ms  err 0.39
[276/450] speed=5 S2  FR_SAFE_2   seed 26  goal      clr  0.58  t  14.5  inf  29  N 25.5  mpc   6.4 ms  err 0.66
[277/450] speed=5 S2  FR_SAFE_2   seed 27  goal      clr  0.61  t  14.3  inf  29  N 25.5  mpc   6.3 ms  err 0.23
[278/450] speed=5 S2  FR_SAFE_2   seed 28  goal      clr  0.49  t  14.1  inf  29  N 26.6  mpc   6.5 ms  err 0.35
[279/450] speed=5 S2  FR_SAFE_2   seed 29  goal      clr  0.92  t  12.7  inf  26  N 25.4  mpc   6.1 ms  err 0.68
[280/450] speed=5 S2  FR_SAFE_2   seed 30  goal      clr  0.62  t  14.2  inf  29  N 23.6  mpc   5.7 ms  err 0.63
[281/450] speed=5 S2  FR_SAFE_2   seed 31  goal      clr  0.57  t  15.4  inf  31  N 24.5  mpc   6.4 ms  err 0.31
[282/450] speed=5 S2  FR_SAFE_2   seed 32  goal      clr  0.90  t  17.3  inf  35  N 23.3  mpc   6.1 ms  err 1.22
[283/450] speed=5 S2  FR_SAFE_2   seed 33  goal      clr  0.95  t  14.0  inf  29  N 24.8  mpc   6.3 ms  err 0.69
[284/450] speed=5 S2  FR_SAFE_2   seed 34  goal      clr  0.76  t  14.1  inf  29  N 25.0  mpc   6.3 ms  err 0.51
[285/450] speed=5 S2  FR_SAFE_2   seed 35  goal      clr  1.02  t  13.3  inf  27  N 25.0  mpc   5.7 ms  err 0.59
[286/450] speed=5 S2  FR_SAFE_2   seed 36  goal      clr  0.42  t  20.2  inf  41  N 25.7  mpc   7.6 ms  err 0.35
[287/450] speed=5 S2  FR_SAFE_2   seed 37  goal      clr  0.64  t  13.9  inf  28  N 24.9  mpc   6.4 ms  err 0.51
[288/450] speed=5 S2  FR_SAFE_2   seed 38  goal      clr  0.39  t  16.9  inf  34  N 26.6  mpc   6.8 ms  err 0.41
[289/450] speed=5 S2  FR_SAFE_2   seed 39  goal      clr  1.22  t  13.8  inf  28  N 25.2  mpc   6.2 ms  err 1.01
[290/450] speed=5 S2  FR_SAFE_2   seed 40  goal      clr  0.63  t  14.9  inf  30  N 25.7  mpc   6.7 ms  err 0.57
[291/450] speed=5 S2  FR_SAFE_2   seed 41  goal      clr  0.90  t  18.6  inf  38  N 22.6  mpc   5.3 ms  err 0.98
[292/450] speed=5 S2  FR_SAFE_2   seed 42  goal      clr  0.77  t  19.3  inf  39  N 23.2  mpc   5.7 ms  err 0.23
[293/450] speed=5 S2  FR_SAFE_2   seed 43  goal      clr  0.91  t  17.4  inf  35  N 23.7  mpc   5.8 ms  err 0.67
[294/450] speed=5 S2  FR_SAFE_2   seed 44  goal      clr  0.76  t  15.3  inf  31  N 25.1  mpc   6.2 ms  err 0.60
[295/450] speed=5 S2  FR_SAFE_2   seed 45  goal      clr  0.75  t  17.6  inf  36  N 24.9  mpc   6.6 ms  err 0.49
[296/450] speed=5 S2  FR_SAFE_2   seed 46  goal      clr  1.28  t  13.9  inf  28  N 25.6  mpc   6.1 ms  err 0.72
[297/450] speed=5 S2  FR_SAFE_2   seed 47  goal      clr  0.62  t  15.1  inf  31  N 26.1  mpc   6.8 ms  err 0.57
[298/450] speed=5 S2  FR_SAFE_2   seed 48  goal      clr  0.63  t  18.2  inf  37  N 24.3  mpc   6.0 ms  err 0.19
[299/450] speed=5 S2  FR_SAFE_2   seed 49  goal      clr  0.91  t  13.8  inf  28  N 25.9  mpc   6.7 ms  err 0.51
[300/450] speed=5 S2  FR_SAFE_2   seed 50  goal      clr  0.77  t  13.7  inf  28  N 25.5  mpc   6.4 ms  err 1.10
[301/450] speed=5 S2  FR_SAFE_3   seed  1  goal      clr  0.40  t  14.2  inf  42  N 25.7  mpc   6.8 ms  err 0.71
[302/450] speed=5 S2  FR_SAFE_3   seed  2  goal      clr  0.95  t  14.0  inf  42  N 25.3  mpc   6.3 ms  err 0.40
[303/450] speed=5 S2  FR_SAFE_3   seed  3  goal      clr  0.78  t  14.7  inf  44  N 25.7  mpc   6.6 ms  err 0.43
[304/450] speed=5 S2  FR_SAFE_3   seed  4  goal      clr  0.70  t  15.7  inf  47  N 25.2  mpc   6.6 ms  err 0.62
[305/450] speed=5 S2  FR_SAFE_3   seed  5  goal      clr  0.79  t  17.9  inf  53  N 24.2  mpc   6.3 ms  err 0.43
[306/450] speed=5 S2  FR_SAFE_3   seed  6  goal      clr  0.98  t  14.9  inf  44  N 25.0  mpc   6.4 ms  err 0.61
[307/450] speed=5 S2  FR_SAFE_3   seed  7  goal      clr  0.59  t  18.3  inf  54  N 21.9  mpc   5.1 ms  err 0.30
[308/450] speed=5 S2  FR_SAFE_3   seed  8  goal      clr  0.75  t  13.4  inf  40  N 25.4  mpc   6.3 ms  err 0.63
[309/450] speed=5 S2  FR_SAFE_3   seed  9  goal      clr  0.39  t  15.8  inf  47  N 24.9  mpc   6.2 ms  err 0.49
[310/450] speed=5 S2  FR_SAFE_3   seed 10  goal      clr  0.76  t  20.3  inf  60  N 23.2  mpc   5.9 ms  err 0.54
[311/450] speed=5 S2  FR_SAFE_3   seed 11  goal      clr  0.58  t  15.1  inf  45  N 25.7  mpc   6.6 ms  err 0.22
[312/450] speed=5 S2  FR_SAFE_3   seed 12  goal      clr  0.50  t  16.2  inf  48  N 24.5  mpc   6.1 ms  err 0.43
[313/450] speed=5 S2  FR_SAFE_3   seed 13  goal      clr  0.76  t  14.3  inf  43  N 25.4  mpc   6.4 ms  err 0.36
[314/450] speed=5 S2  FR_SAFE_3   seed 14  goal      clr  0.70  t  15.6  inf  46  N 21.4  mpc   5.3 ms  err 0.62
[315/450] speed=5 S2  FR_SAFE_3   seed 15  goal      clr  0.87  t  12.9  inf  38  N 25.2  mpc   6.2 ms  err 0.57
[316/450] speed=5 S2  FR_SAFE_3   seed 16  goal      clr  0.60  t  14.5  inf  43  N 26.0  mpc   6.7 ms  err 0.77
[317/450] speed=5 S2  FR_SAFE_3   seed 17  goal      clr  0.76  t  13.0  inf  39  N 25.3  mpc   6.3 ms  err 0.30
[318/450] speed=5 S2  FR_SAFE_3   seed 18  goal      clr  0.64  t  13.5  inf  40  N 25.8  mpc   6.7 ms  err 0.51
[319/450] speed=5 S2  FR_SAFE_3   seed 19  goal      clr  0.58  t  24.1  inf  71  N 23.6  mpc   6.2 ms  err 0.31
[320/450] speed=5 S2  FR_SAFE_3   seed 20  goal      clr  0.77  t  14.2  inf  42  N 25.4  mpc   6.4 ms  err 0.73
[321/450] speed=5 S2  FR_SAFE_3   seed 21  goal      clr  0.84  t  13.4  inf  40  N 24.6  mpc   6.1 ms  err 0.29
[322/450] speed=5 S2  FR_SAFE_3   seed 22  goal      clr  0.43  t  18.3  inf  54  N 24.8  mpc   6.5 ms  err 0.25
[323/450] speed=5 S2  FR_SAFE_3   seed 23  goal      clr  0.52  t  24.4  inf  72  N 22.8  mpc   6.3 ms  err 0.51
[324/450] speed=5 S2  FR_SAFE_3   seed 24  goal      clr  0.70  t  14.5  inf  43  N 25.7  mpc   6.7 ms  err 0.47
[325/450] speed=5 S2  FR_SAFE_3   seed 25  goal      clr  0.62  t  13.6  inf  41  N 25.9  mpc   6.9 ms  err 0.58
[326/450] speed=5 S2  FR_SAFE_3   seed 26  goal      clr  0.85  t  15.2  inf  45  N 25.4  mpc   6.4 ms  err 0.41
[327/450] speed=5 S2  FR_SAFE_3   seed 27  goal      clr  0.83  t  17.0  inf  50  N 25.9  mpc   6.8 ms  err 0.41
[328/450] speed=5 S2  FR_SAFE_3   seed 28  goal      clr  0.71  t  13.8  inf  41  N 26.0  mpc   6.3 ms  err 0.30
[329/450] speed=5 S2  FR_SAFE_3   seed 29  goal      clr  0.59  t  18.5  inf  55  N 25.3  mpc   6.7 ms  err 0.66
[330/450] speed=5 S2  FR_SAFE_3   seed 30  goal      clr  0.76  t  16.3  inf  48  N 24.1  mpc   6.0 ms  err 0.49
[331/450] speed=5 S2  FR_SAFE_3   seed 31  goal      clr  0.23  t  16.1  inf  48  N 24.0  mpc   6.2 ms  err 0.35
[332/450] speed=5 S2  FR_SAFE_3   seed 32  goal      clr  0.94  t  16.6  inf  49  N 24.0  mpc   6.5 ms  err 1.17
[333/450] speed=5 S2  FR_SAFE_3   seed 33  goal      clr  0.67  t  12.8  inf  38  N 25.5  mpc   6.5 ms  err 0.69
[334/450] speed=5 S2  FR_SAFE_3   seed 34  goal      clr  0.52  t  14.9  inf  44  N 23.3  mpc   6.2 ms  err 0.82
[335/450] speed=5 S2  FR_SAFE_3   seed 35  goal      clr  1.00  t  13.4  inf  40  N 24.6  mpc   6.0 ms  err 0.90
[336/450] speed=5 S2  FR_SAFE_3   seed 36  goal      clr  0.59  t  13.7  inf  41  N 24.4  mpc   6.2 ms  err 0.86
[337/450] speed=5 S2  FR_SAFE_3   seed 37  goal      clr  0.41  t  15.7  inf  47  N 25.6  mpc   6.3 ms  err 0.21
[338/450] speed=5 S2  FR_SAFE_3   seed 38  goal      clr  0.45  t  15.3  inf  46  N 26.6  mpc   6.8 ms  err 0.42
[339/450] speed=5 S2  FR_SAFE_3   seed 39  goal      clr  0.59  t  14.9  inf  44  N 25.8  mpc   6.5 ms  err 0.38
[340/450] speed=5 S2  FR_SAFE_3   seed 40  goal      clr  0.78  t  15.0  inf  45  N 26.2  mpc   6.8 ms  err 0.93
[341/450] speed=5 S2  FR_SAFE_3   seed 41  goal      clr  0.53  t  14.9  inf  44  N 25.2  mpc   6.5 ms  err 0.59
[342/450] speed=5 S2  FR_SAFE_3   seed 42  goal      clr  0.79  t  17.6  inf  52  N 22.0  mpc   5.4 ms  err 0.47
[343/450] speed=5 S2  FR_SAFE_3   seed 43  goal      clr  0.61  t  16.9  inf  50  N 25.2  mpc   6.3 ms  err 0.35
[344/450] speed=5 S2  FR_SAFE_3   seed 44  goal      clr  0.85  t  13.2  inf  39  N 24.8  mpc   6.2 ms  err 0.35
[345/450] speed=5 S2  FR_SAFE_3   seed 45  goal      clr  0.68  t  14.7  inf  44  N 25.5  mpc   6.3 ms  err 0.25
[346/450] speed=5 S2  FR_SAFE_3   seed 46  goal      clr  0.81  t  13.5  inf  40  N 24.7  mpc   6.2 ms  err 0.59
[347/450] speed=5 S2  FR_SAFE_3   seed 47  goal      clr  0.90  t  13.3  inf  40  N 24.7  mpc   6.3 ms  err 0.78
[348/450] speed=5 S2  FR_SAFE_3   seed 48  goal      clr  0.43  t  17.0  inf  51  N 25.2  mpc   6.8 ms  err 0.49
[349/450] speed=5 S2  FR_SAFE_3   seed 49  goal      clr  0.62  t  13.7  inf  41  N 24.3  mpc   6.2 ms  err 0.39
[350/450] speed=5 S2  FR_SAFE_3   seed 50  goal      clr  0.83  t  13.0  inf  39  N 25.4  mpc   6.3 ms  err 0.56
[351/450] speed=5 S2  FR_SAFE_5   seed  1  goal      clr  0.31  t  16.9  inf  85  N 23.0  mpc   6.0 ms  err 0.53
[352/450] speed=5 S2  FR_SAFE_5   seed  2  goal      clr  0.39  t  18.1  inf  91  N 24.9  mpc   6.8 ms  err 0.84
[353/450] speed=5 S2  FR_SAFE_5   seed  3  goal      clr  1.01  t  12.3  inf  62  N 25.3  mpc   6.5 ms  err 0.40
[354/450] speed=5 S2  FR_SAFE_5   seed  4  goal      clr  0.74  t  13.3  inf  67  N 25.9  mpc   6.5 ms  err 0.56
[355/450] speed=5 S2  FR_SAFE_5   seed  5  goal      clr  0.42  t  13.9  inf  70  N 24.8  mpc   6.4 ms  err 0.57
[356/450] speed=5 S2  FR_SAFE_5   seed  6  goal      clr  0.24  t  18.1  inf  91  N 24.7  mpc   6.7 ms  err 0.15
[357/450] speed=5 S2  FR_SAFE_5   seed  7  goal      clr  0.65  t  19.9  inf 100  N 24.3  mpc   6.5 ms  err 0.38
[358/450] speed=5 S2  FR_SAFE_5   seed  8  goal      clr  0.72  t  14.1  inf  71  N 25.3  mpc   6.4 ms  err 0.56
[359/450] speed=5 S2  FR_SAFE_5   seed  9  goal      clr  0.57  t  15.8  inf  79  N 24.2  mpc   6.5 ms  err 0.76
[360/450] speed=5 S2  FR_SAFE_5   seed 10  goal      clr  0.84  t  13.7  inf  69  N 25.0  mpc   6.5 ms  err 0.73
[361/450] speed=5 S2  FR_SAFE_5   seed 11  goal      clr  0.62  t  15.3  inf  77  N 26.6  mpc   7.2 ms  err 0.28
[362/450] speed=5 S2  FR_SAFE_5   seed 12  goal      clr  1.16  t  12.7  inf  64  N 25.0  mpc   6.1 ms  err 0.54
[363/450] speed=5 S2  FR_SAFE_5   seed 13  goal      clr  0.54  t  15.1  inf  76  N 25.8  mpc   6.9 ms  err 0.25
[364/450] speed=5 S2  FR_SAFE_5   seed 14  goal      clr  0.50  t  14.5  inf  73  N 24.1  mpc   6.1 ms  err 0.49
[365/450] speed=5 S2  FR_SAFE_5   seed 15  goal      clr  0.57  t  13.0  inf  66  N 25.7  mpc   6.7 ms  err 0.46
[366/450] speed=5 S2  FR_SAFE_5   seed 16  goal      clr  0.56  t  14.1  inf  71  N 25.8  mpc   6.7 ms  err 0.27
[367/450] speed=5 S2  FR_SAFE_5   seed 17  goal      clr  0.73  t  13.2  inf  66  N 25.1  mpc   6.4 ms  err 0.29
[368/450] speed=5 S2  FR_SAFE_5   seed 18  goal      clr  0.88  t  15.0  inf  76  N 25.5  mpc   6.8 ms  err 0.47
[369/450] speed=5 S2  FR_SAFE_5   seed 19  goal      clr  0.47  t  14.2  inf  72  N 24.6  mpc   6.3 ms  err 0.45
[370/450] speed=5 S2  FR_SAFE_5   seed 20  goal      clr  0.81  t  13.1  inf  66  N 25.4  mpc   6.4 ms  err 0.54
[371/450] speed=5 S2  FR_SAFE_5   seed 21  goal      clr  0.87  t  12.9  inf  65  N 24.9  mpc   6.2 ms  err 0.39
[372/450] speed=5 S2  FR_SAFE_5   seed 22  goal      clr  0.61  t  16.6  inf  83  N 24.9  mpc   6.4 ms  err 0.29
[373/450] speed=5 S2  FR_SAFE_5   seed 23  goal      clr  0.55  t  14.3  inf  72  N 25.8  mpc   6.5 ms  err 0.22
[374/450] speed=5 S2  FR_SAFE_5   seed 24  goal      clr  0.46  t  18.9  inf  95  N 24.3  mpc   6.7 ms  err 0.44
[375/450] speed=5 S2  FR_SAFE_5   seed 25  goal      clr  0.52  t  16.7  inf  84  N 25.4  mpc   6.8 ms  err 0.27
[376/450] speed=5 S2  FR_SAFE_5   seed 26  goal      clr  0.64  t  18.8  inf  94  N 22.5  mpc   5.9 ms  err 0.32
[377/450] speed=5 S2  FR_SAFE_5   seed 27  goal      clr  0.50  t  15.4  inf  78  N 24.8  mpc   6.7 ms  err 0.46
[378/450] speed=5 S2  FR_SAFE_5   seed 28  goal      clr  0.59  t  14.0  inf  70  N 25.9  mpc   6.6 ms  err 0.28
[379/450] speed=5 S2  FR_SAFE_5   seed 29  goal      clr  1.08  t  12.2  inf  61  N 24.4  mpc   6.1 ms  err 0.44
[380/450] speed=5 S2  FR_SAFE_5   seed 30  goal      clr  0.59  t  15.8  inf  79  N 25.2  mpc   6.5 ms  err 0.58
[381/450] speed=5 S2  FR_SAFE_5   seed 31  goal      clr  0.82  t  18.3  inf  92  N 24.0  mpc   6.2 ms  err 0.54
[382/450] speed=5 S2  FR_SAFE_5   seed 32  goal      clr  0.52  t  14.7  inf  74  N 26.3  mpc   7.1 ms  err 0.26
[383/450] speed=5 S2  FR_SAFE_5   seed 33  goal      clr  0.88  t  16.5  inf  83  N 24.6  mpc   6.6 ms  err 0.73
[384/450] speed=5 S2  FR_SAFE_5   seed 34  goal      clr  0.77  t  13.9  inf  70  N 24.6  mpc   6.2 ms  err 0.33
[385/450] speed=5 S2  FR_SAFE_5   seed 35  goal      clr  0.80  t  13.3  inf  67  N 25.1  mpc   6.2 ms  err 0.57
[386/450] speed=5 S2  FR_SAFE_5   seed 36  goal      clr  0.60  t  13.4  inf  67  N 25.1  mpc   6.3 ms  err 0.55
[387/450] speed=5 S2  FR_SAFE_5   seed 37  goal      clr  0.59  t  13.9  inf  70  N 25.5  mpc   6.6 ms  err 0.39
[388/450] speed=5 S2  FR_SAFE_5   seed 38  goal      clr  0.61  t  14.2  inf  71  N 26.1  mpc   6.8 ms  err 0.63
[389/450] speed=5 S2  FR_SAFE_5   seed 39  goal      clr  0.78  t  13.2  inf  67  N 24.8  mpc   6.3 ms  err 0.79
[390/450] speed=5 S2  FR_SAFE_5   seed 40  goal      clr  0.64  t  16.3  inf  82  N 24.3  mpc   6.5 ms  err 0.66
[391/450] speed=5 S2  FR_SAFE_5   seed 41  goal      clr  0.70  t  17.0  inf  86  N 26.1  mpc   7.2 ms  err 0.23
[392/450] speed=5 S2  FR_SAFE_5   seed 42  goal      clr  0.59  t  14.9  inf  75  N 23.9  mpc   6.3 ms  err 0.48
[393/450] speed=5 S2  FR_SAFE_5   seed 43  goal      clr  0.52  t  15.7  inf  79  N 24.6  mpc   6.6 ms  err 0.65
[394/450] speed=5 S2  FR_SAFE_5   seed 44  goal      clr  0.41  t  15.8  inf  79  N 23.6  mpc   6.3 ms  err 0.56
[395/450] speed=5 S2  FR_SAFE_5   seed 45  goal      clr  0.56  t  17.2  inf  86  N 26.1  mpc   7.1 ms  err 0.48
[396/450] speed=5 S2  FR_SAFE_5   seed 46  goal      clr  1.08  t  14.3  inf  72  N 25.2  mpc   6.3 ms  err 0.69
[397/450] speed=5 S2  FR_SAFE_5   seed 47  goal      clr  0.52  t  16.1  inf  81  N 24.9  mpc   6.9 ms  err 0.65
[398/450] speed=5 S2  FR_SAFE_5   seed 48  goal      clr  0.62  t  20.2  inf 101  N 22.9  mpc   6.0 ms  err 0.41
[399/450] speed=5 S2  FR_SAFE_5   seed 49  goal      clr  0.74  t  13.6  inf  69  N 25.2  mpc   6.2 ms  err 0.35
[400/450] speed=5 S2  FR_SAFE_5   seed 50  goal      clr  0.55  t  13.7  inf  69  N 25.4  mpc   6.6 ms  err 0.41
[401/450] speed=5 S2  FR_SAFE_10  seed  1  goal      clr  0.64  t  16.9  inf 156  N 21.7  mpc   5.5 ms  err 0.72
[402/450] speed=5 S2  FR_SAFE_10  seed  2  goal      clr  0.62  t  14.7  inf 137  N 25.2  mpc   6.6 ms  err 0.51
[403/450] speed=5 S2  FR_SAFE_10  seed  3  goal      clr  0.68  t  13.8  inf 130  N 25.9  mpc   6.7 ms  err 0.30
[404/450] speed=5 S2  FR_SAFE_10  seed  4  goal      clr  0.86  t  14.2  inf 136  N 25.7  mpc   6.7 ms  err 0.59
[405/450] speed=5 S2  FR_SAFE_10  seed  5  goal      clr  0.67  t  14.2  inf 129  N 26.0  mpc   6.8 ms  err 0.59
[406/450] speed=5 S2  FR_SAFE_10  seed  6  goal      clr  0.52  t  18.9  inf 175  N 23.5  mpc   6.4 ms  err 0.39
[407/450] speed=5 S2  FR_SAFE_10  seed  7  goal      clr  0.40  t  18.1  inf 167  N 22.6  mpc   5.8 ms  err 0.82
[408/450] speed=5 S2  FR_SAFE_10  seed  8  goal      clr  0.58  t  15.5  inf 146  N 24.8  mpc   6.4 ms  err 0.35
[409/450] speed=5 S2  FR_SAFE_10  seed  9  goal      clr  0.60  t  15.2  inf 143  N 25.0  mpc   6.7 ms  err 0.56
[410/450] speed=5 S2  FR_SAFE_10  seed 10  goal      clr  0.84  t  13.5  inf 123  N 25.4  mpc   6.6 ms  err 0.51
[411/450] speed=5 S2  FR_SAFE_10  seed 11  goal      clr  0.38  t  17.0  inf 155  N 25.4  mpc   7.0 ms  err 0.48
[412/450] speed=5 S2  FR_SAFE_10  seed 12  goal      clr  0.51  t  17.9  inf 165  N 23.9  mpc   6.6 ms  err 0.64
[413/450] speed=5 S2  FR_SAFE_10  seed 13  goal      clr  0.45  t  14.2  inf 135  N 25.1  mpc   6.6 ms  err 0.24
[414/450] speed=5 S2  FR_SAFE_10  seed 14  goal      clr  0.52  t  17.2  inf 159  N 21.9  mpc   5.6 ms  err 0.35
[415/450] speed=5 S2  FR_SAFE_10  seed 15  goal      clr  0.72  t  15.5  inf 142  N 23.6  mpc   6.1 ms  err 0.54
[416/450] speed=5 S2  FR_SAFE_10  seed 16  goal      clr  0.18  t  17.5  inf 164  N 25.3  mpc   7.1 ms  err 0.86
[417/450] speed=5 S2  FR_SAFE_10  seed 17  goal      clr  0.71  t  13.0  inf 124  N 24.7  mpc   6.3 ms  err 0.26
[418/450] speed=5 S2  FR_SAFE_10  seed 18  goal      clr  0.56  t  16.1  inf 150  N 25.3  mpc   6.4 ms  err 0.27
[419/450] speed=5 S2  FR_SAFE_10  seed 19  goal      clr  0.43  t  16.8  inf 159  N 23.7  mpc   6.4 ms  err 0.69
[420/450] speed=5 S2  FR_SAFE_10  seed 20  goal      clr  0.83  t  16.0  inf 148  N 23.4  mpc   5.9 ms  err 0.48
[421/450] speed=5 S2  FR_SAFE_10  seed 21  goal      clr  0.86  t  12.7  inf 117  N 24.8  mpc   6.1 ms  err 0.33
[422/450] speed=5 S2  FR_SAFE_10  seed 22  goal      clr  0.56  t  15.9  inf 150  N 22.9  mpc   5.9 ms  err 0.70
[423/450] speed=5 S2  FR_SAFE_10  seed 23  goal      clr  0.85  t  14.8  inf 136  N 25.2  mpc   6.6 ms  err 0.33
[424/450] speed=5 S2  FR_SAFE_10  seed 24  goal      clr  0.70  t  20.2  inf 190  N 22.3  mpc   5.9 ms  err 0.60
[425/450] speed=5 S2  FR_SAFE_10  seed 25  goal      clr  0.51  t  17.0  inf 157  N 25.0  mpc   6.8 ms  err 0.62
[426/450] speed=5 S2  FR_SAFE_10  seed 26  goal      clr  0.43  t  14.2  inf 132  N 24.7  mpc   6.1 ms  err 0.38
[427/450] speed=5 S2  FR_SAFE_10  seed 27  goal      clr  0.44  t  19.0  inf 177  N 24.1  mpc   6.4 ms  err 0.44
[428/450] speed=5 S2  FR_SAFE_10  seed 28  goal      clr  0.65  t  13.6  inf 127  N 25.7  mpc   6.4 ms  err 0.31
[429/450] speed=5 S2  FR_SAFE_10  seed 29  goal      clr  0.84  t  12.3  inf 115  N 24.7  mpc   6.2 ms  err 0.58
[430/450] speed=5 S2  FR_SAFE_10  seed 30  goal      clr  0.53  t  16.9  inf 157  N 25.9  mpc   7.0 ms  err 0.27
[431/450] speed=5 S2  FR_SAFE_10  seed 31  goal      clr  0.56  t  14.9  inf 139  N 24.8  mpc   6.7 ms  err 0.63
[432/450] speed=5 S2  FR_SAFE_10  seed 32  goal      clr  0.64  t  13.2  inf 124  N 25.5  mpc   6.5 ms  err 0.39
[433/450] speed=5 S2  FR_SAFE_10  seed 33  goal      clr  0.76  t  13.1  inf 121  N 25.1  mpc   6.5 ms  err 0.77
[434/450] speed=5 S2  FR_SAFE_10  seed 34  goal      clr  0.51  t  13.5  inf 129  N 24.5  mpc   6.2 ms  err 0.24
[435/450] speed=5 S2  FR_SAFE_10  seed 35  goal      clr  0.52  t  13.7  inf 129  N 25.1  mpc   6.3 ms  err 0.58
[436/450] speed=5 S2  FR_SAFE_10  seed 36  goal      clr  0.44  t  19.4  inf 184  N 24.2  mpc   6.9 ms  err 0.41
[437/450] speed=5 S2  FR_SAFE_10  seed 37  goal      clr  1.04  t  18.6  inf 175  N 21.4  mpc   5.4 ms  err 0.30
[438/450] speed=5 S2  FR_SAFE_10  seed 38  goal      clr  0.65  t  14.6  inf 135  N 26.7  mpc   7.1 ms  err 0.38
[439/450] speed=5 S2  FR_SAFE_10  seed 39  goal      clr  0.54  t  14.2  inf 130  N 25.3  mpc   6.7 ms  err 0.88
[440/450] speed=5 S2  FR_SAFE_10  seed 40  goal      clr  0.62  t  13.5  inf 127  N 25.6  mpc   6.7 ms  err 0.37
[441/450] speed=5 S2  FR_SAFE_10  seed 41  goal      clr  0.88  t  16.2  inf 151  N 26.1  mpc   6.8 ms  err 0.47
[442/450] speed=5 S2  FR_SAFE_10  seed 42  goal      clr  0.47  t  14.9  inf 139  N 24.0  mpc   6.2 ms  err 0.28
[443/450] speed=5 S2  FR_SAFE_10  seed 43  goal      clr  0.82  t  16.5  inf 153  N 24.3  mpc   6.6 ms  err 0.54
[444/450] speed=5 S2  FR_SAFE_10  seed 44  goal      clr  0.57  t  17.2  inf 159  N 25.0  mpc   7.0 ms  err 0.38
[445/450] speed=5 S2  FR_SAFE_10  seed 45  goal      clr  0.48  t  15.1  inf 141  N 24.5  mpc   6.2 ms  err 0.20
[446/450] speed=5 S2  FR_SAFE_10  seed 46  goal      clr  0.57  t  13.1  inf 121  N 25.4  mpc   6.3 ms  err 0.51
[447/450] speed=5 S2  FR_SAFE_10  seed 47  goal      clr  0.98  t  13.0  inf 119  N 26.1  mpc   6.5 ms  err 0.66
[448/450] speed=5 S2  FR_SAFE_10  seed 48  goal      clr  0.62  t  12.7  inf 120  N 25.9  mpc   6.7 ms  err 0.28
[449/450] speed=5 S2  FR_SAFE_10  seed 49  goal      clr  0.68  t  13.2  inf 126  N 25.4  mpc   6.2 ms  err 0.43
[450/450] speed=5 S2  FR_SAFE_10  seed 50  goal      clr  0.77  t  16.5  inf 155  N 23.4  mpc   5.7 ms  err 0.64
