[  1/200] speed=4 S2  E_DART      seed  1  goal      clr  0.58  t  17.3  inf  56  N 21.4  mpc   5.8 ms  err 0.52
[  2/200] speed=4 S2  E_DART      seed  2  goal      clr  0.82  t  16.9  inf  90  N 24.5  mpc   6.7 ms  err 0.50
[  3/200] speed=4 S2  E_DART      seed  3  goal      clr  0.66  t  14.4  inf  78  N 25.2  mpc   6.2 ms  err 0.21
[  4/200] speed=4 S2  E_DART      seed  4  goal      clr  0.81  t  15.0  inf  77  N 24.0  mpc   5.9 ms  err 0.88
[  5/200] speed=4 S2  E_DART      seed  5  goal      clr  0.64  t  15.6  inf  60  N 22.8  mpc   5.6 ms  err 1.02
[  6/200] speed=4 S2  E_DART      seed  6  goal      clr  0.64  t  14.3  inf  65  N 25.8  mpc   6.0 ms  err 0.52
[  7/200] speed=4 S2  E_DART      seed  7  goal      clr  0.76  t  14.2  inf  71  N 24.4  mpc   5.7 ms  err 0.27
[  8/200] speed=4 S2  E_DART      seed  8  goal      clr  0.74  t  15.4  inf  68  N 24.1  mpc   5.6 ms  err 0.38
[  9/200] speed=4 S2  E_DART      seed  9  goal      clr  0.54  t  23.1  inf 113  N 24.0  mpc   5.9 ms  err 0.56
[ 10/200] speed=4 S2  E_DART      seed 10  goal      clr  0.44  t  16.4  inf  71  N 25.6  mpc   6.5 ms  err 0.37
[ 11/200] speed=4 S2  E_DART      seed 11  goal      clr  0.53  t  14.9  inf  84  N 25.9  mpc   6.3 ms  err 0.34
[ 12/200] speed=4 S2  E_DART      seed 12  goal      clr  0.12  t  19.9  inf 109  N 24.9  mpc   6.8 ms  err 0.94
[ 13/200] speed=4 S2  E_DART      seed 13  goal      clr  0.58  t  15.8  inf  86  N 25.3  mpc   6.2 ms  err 0.36
[ 14/200] speed=4 S2  E_DART      seed 14  goal      clr  0.35  t  15.3  inf  71  N 24.0  mpc   6.1 ms  err 0.34
[ 15/200] speed=4 S2  E_DART      seed 15  goal      clr  0.74  t  14.1  inf  61  N 24.8  mpc   5.8 ms  err 0.55
[ 16/200] speed=4 S2  E_DART      seed 16  goal      clr  0.08  t  17.8  inf 109  N 25.0  mpc   6.7 ms  err 0.69
[ 17/200] speed=4 S2  E_DART      seed 17  goal      clr  0.51  t  15.6  inf  68  N 24.4  mpc   5.9 ms  err 0.25
[ 18/200] speed=4 S2  E_DART      seed 18  goal      clr  0.80  t  14.5  inf  64  N 25.0  mpc   6.0 ms  err 0.77
[ 19/200] speed=4 S2  E_DART      seed 19  goal      clr  0.76  t  21.0  inf  70  N 22.2  mpc   5.2 ms  err 0.50
[ 20/200] speed=4 S2  E_DART      seed 20  goal      clr  0.66  t  15.9  inf  78  N 24.8  mpc   5.9 ms  err 0.25
[ 21/200] speed=4 S2  E_DART      seed 21  goal      clr  0.79  t  13.7  inf  66  N 24.6  mpc   5.9 ms  err 0.37
[ 22/200] speed=4 S2  E_DART      seed 22  goal      clr  0.60  t  16.8  inf  70  N 24.4  mpc   6.0 ms  err 0.26
[ 23/200] speed=4 S2  E_DART      seed 23  goal      clr  0.61  t  17.0  inf  71  N 24.9  mpc   6.3 ms  err 0.29
[ 24/200] speed=4 S2  E_DART      seed 24  goal      clr  0.63  t  15.4  inf  89  N 25.5  mpc   6.6 ms  err 0.60
[ 25/200] speed=4 S2  E_DART      seed 25  goal      clr  0.61  t  16.2  inf 100  N 26.0  mpc   6.7 ms  err 0.33
[ 26/200] speed=4 S2  E_DART      seed 26  goal      clr  0.80  t  15.9  inf  75  N 24.3  mpc   5.8 ms  err 0.49
[ 27/200] speed=4 S2  E_DART      seed 27  goal      clr  0.67  t  16.8  inf  73  N 24.2  mpc   5.8 ms  err 0.24
[ 28/200] speed=4 S2  E_DART      seed 28  goal      clr  0.72  t  15.8  inf  63  N 24.6  mpc   5.7 ms  err 0.31
[ 29/200] speed=4 S2  E_DART      seed 29  goal      clr  0.66  t  13.9  inf  66  N 24.8  mpc   6.1 ms  err 0.55
[ 30/200] speed=4 S2  E_DART      seed 30  goal      clr  0.58  t  17.5  inf  71  N 24.0  mpc   5.7 ms  err 0.56
[ 31/200] speed=4 S2  E_DART      seed 31  goal      clr  0.46  t  18.2  inf  89  N 24.0  mpc   6.4 ms  err 1.03
[ 32/200] speed=4 S2  E_DART      seed 32  goal      clr  0.45  t  16.5  inf  65  N 23.4  mpc   5.8 ms  err 0.56
[ 33/200] speed=4 S2  E_DART      seed 33  goal      clr  0.70  t  20.2  inf  79  N 23.9  mpc   5.7 ms  err 0.31
[ 34/200] speed=4 S2  E_DART      seed 34  goal      clr  0.63  t  19.7  inf  69  N 21.7  mpc   4.9 ms  err 0.27
[ 35/200] speed=4 S2  E_DART      seed 35  goal      clr  0.58  t  14.3  inf  79  N 25.1  mpc   6.1 ms  err 0.60
[ 36/200] speed=4 S2  E_DART      seed 36  goal      clr  0.29  t  17.6  inf  96  N 24.6  mpc   6.1 ms  err 0.25
[ 37/200] speed=4 S2  E_DART      seed 37  goal      clr  0.75  t  15.4  inf  88  N 24.6  mpc   5.6 ms  err 0.45
[ 38/200] speed=4 S2  E_DART      seed 38  goal      clr  0.45  t  16.4  inf  97  N 25.3  mpc   6.4 ms  err 0.51
[ 39/200] speed=4 S2  E_DART      seed 39  goal      clr  0.66  t  13.7  inf  60  N 24.8  mpc   6.0 ms  err 0.80
[ 40/200] speed=4 S2  E_DART      seed 40  goal      clr  0.57  t  16.7  inf  93  N 25.9  mpc   6.7 ms  err 0.32
[ 41/200] speed=4 S2  E_DART      seed 41  goal      clr  0.70  t  15.7  inf  64  N 23.6  mpc   5.4 ms  err 0.64
[ 42/200] speed=4 S2  E_DART      seed 42  goal      clr  0.48  t  17.1  inf  64  N 24.3  mpc   6.1 ms  err 0.48
[ 43/200] speed=4 S2  E_DART      seed 43  goal      clr  0.47  t  15.0  inf  79  N 25.4  mpc   6.3 ms  err 0.51
[ 44/200] speed=4 S2  E_DART      seed 44  goal      clr  0.73  t  13.9  inf  67  N 24.9  mpc   6.1 ms  err 0.46
[ 45/200] speed=4 S2  E_DART      seed 45  goal      clr  0.60  t  15.8  inf  99  N 26.3  mpc   6.6 ms  err 0.84
[ 46/200] speed=4 S2  E_DART      seed 46  goal      clr  0.53  t  13.9  inf  70  N 25.8  mpc   6.3 ms  err 0.45
[ 47/200] speed=4 S2  E_DART      seed 47  goal      clr  0.44  t  15.8  inf  85  N 24.5  mpc   6.1 ms  err 0.73
[ 48/200] speed=4 S2  E_DART      seed 48  goal      clr  0.78  t  18.4  inf  63  N 22.9  mpc   5.4 ms  err 0.33
[ 49/200] speed=4 S2  E_DART      seed 49  goal      clr  0.71  t  14.0  inf  87  N 25.1  mpc   6.1 ms  err 0.40
[ 50/200] speed=4 S2  E_DART      seed 50  goal      clr  0.57  t  16.4  inf  72  N 22.7  mpc   5.4 ms  err 0.61
[ 51/200] speed=4 S2  FN_SAFE_15  seed  1  goal      clr  0.51  t  17.5  inf  72  N 15.3  mpc   3.1 ms  err 0.59
[ 52/200] speed=4 S2  FN_SAFE_15  seed  2  goal      clr  0.66  t  16.5  inf  74  N 15.5  mpc   3.2 ms  err 0.68
[ 53/200] speed=4 S2  FN_SAFE_15  seed  3  goal      clr  0.70  t  17.7  inf  68  N 15.6  mpc   3.2 ms  err 0.65
[ 54/200] speed=4 S2  FN_SAFE_15  seed  4  goal      clr  0.73  t  16.9  inf  58  N 15.0  mpc   2.9 ms  err 0.37
[ 55/200] speed=4 S2  FN_SAFE_15  seed  5  goal      clr  0.34  t  20.0  inf 112  N 16.8  mpc   3.7 ms  err 0.51
[ 56/200] speed=4 S2  FN_SAFE_15  seed  6  goal      clr  0.52  t  17.8  inf  80  N 16.2  mpc   3.4 ms  err 0.33
[ 57/200] speed=4 S2  FN_SAFE_15  seed  7  goal      clr  0.66  t  15.3  inf  77  N 16.8  mpc   3.4 ms  err 0.44
[ 58/200] speed=4 S2  FN_SAFE_15  seed  8  goal      clr  0.53  t  15.8  inf  95  N 18.8  mpc   4.3 ms  err 0.34
[ 59/200] speed=4 S2  FN_SAFE_15  seed  9  goal      clr  0.55  t  15.8  inf  74  N 15.9  mpc   3.7 ms  err 0.56
[ 60/200] speed=4 S2  FN_SAFE_15  seed 10  goal      clr  0.52  t  18.5  inf  95  N 16.9  mpc   4.1 ms  err 0.30
[ 61/200] speed=4 S2  FN_SAFE_15  seed 11  goal      clr  0.76  t  15.8  inf  86  N 17.6  mpc   4.2 ms  err 0.35
[ 62/200] speed=4 S2  FN_SAFE_15  seed 12  goal      clr  1.02  t  16.7  inf  79  N 15.9  mpc   3.7 ms  err 1.14
[ 63/200] speed=4 S2  FN_SAFE_15  seed 13  goal      clr  0.49  t  15.7  inf  82  N 15.9  mpc   3.9 ms  err 0.30
[ 64/200] speed=4 S2  FN_SAFE_15  seed 14  goal      clr  0.55  t  17.5  inf  52  N 15.7  mpc   3.3 ms  err 0.69
[ 65/200] speed=4 S2  FN_SAFE_15  seed 15  goal      clr  0.77  t  13.8  inf  71  N 16.1  mpc   3.9 ms  err 0.33
[ 66/200] speed=4 S2  FN_SAFE_15  seed 16  goal      clr  0.46  t  16.9  inf  96  N 16.5  mpc   4.1 ms  err 0.32
[ 67/200] speed=4 S2  FN_SAFE_15  seed 17  goal      clr  0.67  t  16.0  inf  66  N 15.0  mpc   3.6 ms  err 0.20
[ 68/200] speed=4 S2  FN_SAFE_15  seed 18  goal      clr  0.54  t  19.6  inf  97  N 17.5  mpc   4.7 ms  err 0.64
[ 69/200] speed=4 S2  FN_SAFE_15  seed 19  goal      clr  0.62  t  20.5  inf  75  N 16.2  mpc   3.8 ms  err 0.41
[ 70/200] speed=4 S2  FN_SAFE_15  seed 20  goal      clr  0.63  t  19.9  inf  89  N 15.7  mpc   3.7 ms  err 0.29
[ 71/200] speed=4 S2  FN_SAFE_15  seed 21  goal      clr  0.73  t  14.3  inf  57  N 15.5  mpc   3.5 ms  err 0.58
[ 72/200] speed=4 S2  FN_SAFE_15  seed 22  goal      clr  0.72  t  15.6  inf  65  N 15.0  mpc   3.4 ms  err 0.51
[ 73/200] speed=4 S2  FN_SAFE_15  seed 23  goal      clr  0.54  t  20.7  inf  92  N 15.2  mpc   3.7 ms  err 0.64
[ 74/200] speed=4 S2  FN_SAFE_15  seed 24  goal      clr  0.93  t  19.1  inf  76  N 16.2  mpc   3.7 ms  err 0.34
[ 75/200] speed=4 S2  FN_SAFE_15  seed 25  goal      clr  0.61  t  18.4  inf  97  N 16.0  mpc   3.9 ms  err 0.48
[ 76/200] speed=4 S2  FN_SAFE_15  seed 26  goal      clr  0.60  t  15.8  inf  89  N 16.5  mpc   4.0 ms  err 0.36
[ 77/200] speed=4 S2  FN_SAFE_15  seed 27  goal      clr  0.37  t  20.7  inf  92  N 15.9  mpc   4.1 ms  err 0.53
[ 78/200] speed=4 S2  FN_SAFE_15  seed 28  goal      clr  0.67  t  19.9  inf  76  N 15.0  mpc   3.6 ms  err 0.41
[ 79/200] speed=4 S2  FN_SAFE_15  seed 29  goal      clr  0.65  t  16.6  inf  86  N 15.3  mpc   3.6 ms  err 0.28
[ 80/200] speed=4 S2  FN_SAFE_15  seed 30  goal      clr  0.60  t  17.4  inf  76  N 15.0  mpc   3.5 ms  err 0.17
[ 81/200] speed=4 S2  FN_SAFE_15  seed 31  goal      clr  0.72  t  15.8  inf  81  N 16.4  mpc   3.9 ms  err 0.38
[ 82/200] speed=4 S2  FN_SAFE_15  seed 32  goal      clr  0.62  t  19.5  inf  62  N 16.3  mpc   3.6 ms  err 0.54
[ 83/200] speed=4 S2  FN_SAFE_15  seed 33  goal      clr  0.76  t  17.6  inf  68  N 15.6  mpc   3.7 ms  err 0.55
[ 84/200] speed=4 S2  FN_SAFE_15  seed 34  goal      clr  0.63  t  18.7  inf  96  N 15.5  mpc   3.5 ms  err 0.29
[ 85/200] speed=4 S2  FN_SAFE_15  seed 35  goal      clr  0.58  t  17.5  inf  68  N 15.8  mpc   3.7 ms  err 0.47
[ 86/200] speed=4 S2  FN_SAFE_15  seed 36  goal      clr  0.66  t  17.4  inf  90  N 16.5  mpc   3.9 ms  err 0.30
[ 87/200] speed=4 S2  FN_SAFE_15  seed 37  goal      clr  0.65  t  16.3  inf  71  N 16.1  mpc   3.5 ms  err 0.89
[ 88/200] speed=4 S2  FN_SAFE_15  seed 38  goal      clr  0.52  t  16.3  inf  96  N 16.2  mpc   3.6 ms  err 0.34
[ 89/200] speed=4 S2  FN_SAFE_15  seed 39  goal      clr  0.67  t  13.6  inf  59  N 16.1  mpc   3.8 ms  err 0.98
[ 90/200] speed=4 S2  FN_SAFE_15  seed 40  goal      clr  0.51  t  22.0  inf  82  N 15.9  mpc   3.7 ms  err 0.45
[ 91/200] speed=4 S2  FN_SAFE_15  seed 41  goal      clr  0.85  t  18.2  inf  70  N 15.8  mpc   3.6 ms  err 0.48
[ 92/200] speed=4 S2  FN_SAFE_15  seed 42  goal      clr  0.78  t  22.9  inf 106  N 16.2  mpc   4.0 ms  err 0.31
[ 93/200] speed=4 S2  FN_SAFE_15  seed 43  goal      clr  0.72  t  19.3  inf  78  N 16.6  mpc   4.0 ms  err 0.44
[ 94/200] speed=4 S2  FN_SAFE_15  seed 44  goal      clr  0.54  t  16.2  inf  96  N 16.4  mpc   4.2 ms  err 0.42
[ 95/200] speed=4 S2  FN_SAFE_15  seed 45  goal      clr  0.65  t  16.5  inf  74  N 17.1  mpc   4.1 ms  err 0.58
[ 96/200] speed=4 S2  FN_SAFE_15  seed 46  goal      clr  0.69  t  16.4  inf  75  N 16.6  mpc   3.8 ms  err 0.68
[ 97/200] speed=4 S2  FN_SAFE_15  seed 47  goal      clr  0.90  t  17.4  inf  53  N 15.4  mpc   3.7 ms  err 0.72
[ 98/200] speed=4 S2  FN_SAFE_15  seed 48  goal      clr  0.72  t  21.6  inf  95  N 16.0  mpc   3.7 ms  err 0.45
[ 99/200] speed=4 S2  FN_SAFE_15  seed 49  goal      clr  0.80  t  14.0  inf  84  N 16.9  mpc   4.0 ms  err 0.22
[100/200] speed=4 S2  FN_SAFE_15  seed 50  goal      clr  0.67  t  21.1  inf  84  N 16.0  mpc   3.8 ms  err 0.41
[101/200] speed=4 S2  FN_SAFE_20  seed  1  goal      clr  0.51  t  17.8  inf  74  N 21.7  mpc   5.3 ms  err 0.51
[102/200] speed=4 S2  FN_SAFE_20  seed  2  goal      clr  0.47  t  20.4  inf  98  N 20.9  mpc   5.2 ms  err 0.42
[103/200] speed=4 S2  FN_SAFE_20  seed  3  goal      clr  0.53  t  14.6  inf  94  N 20.4  mpc   4.8 ms  err 0.40
[104/200] speed=4 S2  FN_SAFE_20  seed  4  goal      clr  0.63  t  16.4  inf  75  N 21.0  mpc   5.1 ms  err 0.36
[105/200] speed=4 S2  FN_SAFE_20  seed  5  goal      clr  0.62  t  20.0  inf  80  N 20.0  mpc   4.6 ms  err 0.26
[106/200] speed=4 S2  FN_SAFE_20  seed  6  goal      clr  0.74  t  14.5  inf  58  N 21.7  mpc   4.9 ms  err 0.75
[107/200] speed=4 S2  FN_SAFE_20  seed  7  goal      clr  0.61  t  16.4  inf  80  N 20.6  mpc   4.8 ms  err 0.34
[108/200] speed=4 S2  FN_SAFE_20  seed  8  goal      clr  0.77  t  15.1  inf  61  N 21.1  mpc   4.7 ms  err 0.59
[109/200] speed=4 S2  FN_SAFE_20  seed  9  goal      clr  0.64  t  23.6  inf 114  N 21.2  mpc   5.5 ms  err 0.48
[110/200] speed=4 S2  FN_SAFE_20  seed 10  goal      clr  0.58  t  14.2  inf  72  N 20.8  mpc   4.9 ms  err 0.45
[111/200] speed=4 S2  FN_SAFE_20  seed 11  goal      clr  0.63  t  14.9  inf  88  N 21.6  mpc   5.2 ms  err 0.25
[112/200] speed=4 S2  FN_SAFE_20  seed 12  goal      clr  0.47  t  16.3  inf  90  N 20.6  mpc   5.0 ms  err 0.58
[113/200] speed=4 S2  FN_SAFE_20  seed 13  goal      clr  0.49  t  15.6  inf  83  N 20.8  mpc   4.9 ms  err 0.41
[114/200] speed=4 S2  FN_SAFE_20  seed 14  goal      clr  0.70  t  16.0  inf  63  N 20.0  mpc   4.6 ms  err 0.36
[115/200] speed=4 S2  FN_SAFE_20  seed 15  goal      clr  0.78  t  14.0  inf  70  N 21.6  mpc   5.3 ms  err 0.28
[116/200] speed=4 S2  FN_SAFE_20  seed 16  goal      clr  0.61  t  21.0  inf  84  N 21.0  mpc   4.7 ms  err 0.84
[117/200] speed=4 S2  FN_SAFE_20  seed 17  goal      clr  0.70  t  16.0  inf  66  N 20.0  mpc   4.5 ms  err 0.22
[118/200] speed=4 S2  FN_SAFE_20  seed 18  goal      clr  0.67  t  18.5  inf  68  N 20.6  mpc   5.0 ms  err 1.47
[119/200] speed=4 S2  FN_SAFE_20  seed 19  goal      clr  0.67  t  18.9  inf  54  N 20.7  mpc   4.5 ms  err 0.94
[120/200] speed=4 S2  FN_SAFE_20  seed 20  goal      clr  0.69  t  19.3  inf  77  N 20.2  mpc   4.8 ms  err 0.32
[121/200] speed=4 S2  FN_SAFE_20  seed 21  goal      clr  0.63  t  16.6  inf  77  N 20.3  mpc   4.8 ms  err 0.34
[122/200] speed=4 S2  FN_SAFE_20  seed 22  goal      clr  0.56  t  13.7  inf  74  N 21.2  mpc   5.1 ms  err 0.64
[123/200] speed=4 S2  FN_SAFE_20  seed 23  goal      clr  0.63  t  14.7  inf  71  N 20.3  mpc   4.9 ms  err 0.30
[124/200] speed=4 S2  FN_SAFE_20  seed 24  goal      clr  0.76  t  16.8  inf  66  N 21.0  mpc   4.5 ms  err 0.44
[125/200] speed=4 S2  FN_SAFE_20  seed 25  goal      clr  0.33  t  17.8  inf  96  N 21.5  mpc   5.6 ms  err 0.33
[126/200] speed=4 S2  FN_SAFE_20  seed 26  goal      clr  0.76  t  16.7  inf  71  N 20.0  mpc   4.6 ms  err 0.50
[127/200] speed=4 S2  FN_SAFE_20  seed 27  goal      clr  0.79  t  17.3  inf  70  N 20.0  mpc   4.8 ms  err 0.34
[128/200] speed=4 S2  FN_SAFE_20  seed 28  goal      clr  0.70  t  15.6  inf  61  N 20.0  mpc   4.5 ms  err 0.26
[129/200] speed=4 S2  FN_SAFE_20  seed 29  goal      clr  0.69  t  14.3  inf  65  N 20.9  mpc   4.9 ms  err 0.40
[130/200] speed=4 S2  FN_SAFE_20  seed 30  goal      clr  0.66  t  16.9  inf  75  N 20.3  mpc   4.8 ms  err 0.28
[131/200] speed=4 S2  FN_SAFE_20  seed 31  goal      clr  0.52  t  17.5  inf  60  N 20.6  mpc   4.9 ms  err 0.45
[132/200] speed=4 S2  FN_SAFE_20  seed 32  goal      clr  0.60  t  20.0  inf 103  N 20.4  mpc   5.0 ms  err 0.43
[133/200] speed=4 S2  FN_SAFE_20  seed 33  goal      clr  0.65  t  17.6  inf  72  N 21.1  mpc   5.1 ms  err 0.57
[134/200] speed=4 S2  FN_SAFE_20  seed 34  goal      clr  0.77  t  18.5  inf  71  N 20.2  mpc   5.0 ms  err 0.41
[135/200] speed=4 S2  FN_SAFE_20  seed 35  goal      clr  0.63  t  17.8  inf  78  N 20.9  mpc   5.1 ms  err 0.35
[136/200] speed=4 S2  FN_SAFE_20  seed 36  goal      clr  0.50  t  21.3  inf  93  N 21.5  mpc   5.3 ms  err 0.41
[137/200] speed=4 S2  FN_SAFE_20  seed 37  goal      clr  0.54  t  29.9  inf  78  N 20.3  mpc   4.9 ms  err 0.16
[138/200] speed=4 S2  FN_SAFE_20  seed 38  goal      clr  0.64  t  17.2  inf  83  N 21.4  mpc   5.4 ms  err 0.69
[139/200] speed=4 S2  FN_SAFE_20  seed 39  goal      clr  0.75  t  13.5  inf  68  N 21.1  mpc   4.9 ms  err 0.50
[140/200] speed=4 S2  FN_SAFE_20  seed 40  goal      clr  0.49  t  17.5  inf 104  N 21.2  mpc   5.5 ms  err 0.26
[141/200] speed=4 S2  FN_SAFE_20  seed 41  goal      clr  0.75  t  15.0  inf  68  N 22.2  mpc   5.4 ms  err 0.46
[142/200] speed=4 S2  FN_SAFE_20  seed 42  goal      clr  0.56  t  20.9  inf  57  N 20.1  mpc   4.9 ms  err 0.50
[143/200] speed=4 S2  FN_SAFE_20  seed 43  goal      clr  0.86  t  16.5  inf  68  N 21.1  mpc   4.9 ms  err 0.57
[144/200] speed=4 S2  FN_SAFE_20  seed 44  goal      clr  0.41  t  23.0  inf 129  N 22.4  mpc   6.0 ms  err 0.72
[145/200] speed=4 S2  FN_SAFE_20  seed 45  goal      clr  0.46  t  15.6  inf  91  N 20.5  mpc   4.9 ms  err 0.23
[146/200] speed=4 S2  FN_SAFE_20  seed 46  goal      clr  0.51  t  17.7  inf  90  N 21.0  mpc   5.1 ms  err 0.30
[147/200] speed=4 S2  FN_SAFE_20  seed 47  goal      clr  0.60  t  19.0  inf  71  N 21.3  mpc   5.2 ms  err 0.77
[148/200] speed=4 S2  FN_SAFE_20  seed 48  goal      clr  0.69  t  14.7  inf  78  N 22.2  mpc   5.6 ms  err 0.47
[149/200] speed=4 S2  FN_SAFE_20  seed 49  goal      clr  0.81  t  13.7  inf  82  N 21.4  mpc   5.1 ms  err 0.47
[150/200] speed=4 S2  FN_SAFE_20  seed 50  goal      clr  0.79  t  15.3  inf  65  N 20.3  mpc   4.5 ms  err 0.39
[151/200] speed=4 S2  FN_SAFE_30  seed  1  goal      clr  0.82  t  16.5  inf  35  N 30.0  mpc   7.7 ms  err 0.55
[152/200] speed=4 S2  FN_SAFE_30  seed  2  goal      clr  0.68  t  20.0  inf 102  N 30.0  mpc   8.8 ms  err 0.54
[153/200] speed=4 S2  FN_SAFE_30  seed  3  goal      clr  0.53  t  19.7  inf 125  N 30.0  mpc   8.7 ms  err 0.35
[154/200] speed=4 S2  FN_SAFE_30  seed  4  goal      clr  0.72  t  16.0  inf  61  N 30.0  mpc   7.6 ms  err 0.57
[155/200] speed=4 S2  FN_SAFE_30  seed  5  goal      clr  0.45  t  14.5  inf  57  N 30.0  mpc   7.9 ms  err 0.63
[156/200] speed=4 S2  FN_SAFE_30  seed  6  goal      clr  0.70  t  15.7  inf  77  N 30.0  mpc   8.0 ms  err 0.63
[157/200] speed=4 S2  FN_SAFE_30  seed  7  goal      clr  0.09  t  17.7  inf 100  N 30.0  mpc   8.4 ms  err 0.31
[158/200] speed=4 S2  FN_SAFE_30  seed  8  goal      clr  0.65  t  15.4  inf  93  N 30.0  mpc   8.0 ms  err 0.27
[159/200] speed=4 S2  FN_SAFE_30  seed  9  goal      clr  0.44  t  21.0  inf 114  N 30.0  mpc   8.1 ms  err 0.53
[160/200] speed=4 S2  FN_SAFE_30  seed 10  goal      clr  0.65  t  15.7  inf  67  N 30.0  mpc   7.7 ms  err 0.65
[161/200] speed=4 S2  FN_SAFE_30  seed 11  goal      clr  0.35  t  20.7  inf 123  N 30.0  mpc   8.9 ms  err 0.31
[162/200] speed=4 S2  FN_SAFE_30  seed 12  goal      clr  0.59  t  15.7  inf  77  N 30.0  mpc   8.0 ms  err 0.64
[163/200] speed=4 S2  FN_SAFE_30  seed 13  goal      clr  0.60  t  15.7  inf  85  N 30.0  mpc   7.8 ms  err 0.40
[164/200] speed=4 S2  FN_SAFE_30  seed 14  goal      clr  0.38  t  15.9  inf  85  N 30.0  mpc   8.0 ms  err 0.73
[165/200] speed=4 S2  FN_SAFE_30  seed 15  goal      clr  1.23  t  14.6  inf  53  N 30.0  mpc   7.6 ms  err 0.73
[166/200] speed=4 S2  FN_SAFE_30  seed 16  goal      clr  0.60  t  14.3  inf  85  N 30.0  mpc   7.5 ms  err 0.36
[167/200] speed=4 S2  FN_SAFE_30  seed 17  timeout   clr  2.12  t  40.0  inf  48  N 30.0  mpc   7.0 ms  err 0.20
[168/200] speed=4 S2  FN_SAFE_30  seed 18  goal      clr  0.54  t  15.5  inf  77  N 30.0  mpc   8.1 ms  err 0.55
[169/200] speed=4 S2  FN_SAFE_30  seed 19  goal      clr  0.38  t  16.9  inf  92  N 30.0  mpc   8.2 ms  err 0.65
[170/200] speed=4 S2  FN_SAFE_30  seed 20  goal      clr  0.69  t  14.0  inf  89  N 30.0  mpc   7.6 ms  err 0.44
[171/200] speed=4 S2  FN_SAFE_30  seed 21  goal      clr  0.83  t  13.7  inf  65  N 30.0  mpc   7.6 ms  err 0.39
[172/200] speed=4 S2  FN_SAFE_30  seed 22  goal      clr  0.53  t  16.4  inf  56  N 30.0  mpc   7.6 ms  err 0.17
[173/200] speed=4 S2  FN_SAFE_30  seed 23  goal      clr  0.42  t  15.1  inf  88  N 30.0  mpc   8.1 ms  err 0.34
[174/200] speed=4 S2  FN_SAFE_30  seed 24  goal      clr  0.74  t  24.1  inf  55  N 30.0  mpc   7.8 ms  err 0.18
[175/200] speed=4 S2  FN_SAFE_30  seed 25  goal      clr  0.76  t  17.7  inf  67  N 30.0  mpc   8.1 ms  err 0.53
[176/200] speed=4 S2  FN_SAFE_30  seed 26  goal      clr  0.61  t  17.9  inf  48  N 30.0  mpc   7.7 ms  err 0.35
[177/200] speed=4 S2  FN_SAFE_30  seed 27  goal      clr  0.49  t  14.8  inf  67  N 30.0  mpc   7.9 ms  err 0.19
[178/200] speed=4 S2  FN_SAFE_30  seed 28  goal      clr  0.59  t  14.6  inf  99  N 30.0  mpc   8.1 ms  err 0.45
[179/200] speed=4 S2  FN_SAFE_30  seed 29  goal      clr  0.69  t  15.3  inf  45  N 30.0  mpc   7.3 ms  err 0.63
[180/200] speed=4 S2  FN_SAFE_30  seed 30  goal      clr  0.52  t  19.5  inf  95  N 30.0  mpc   8.0 ms  err 0.48
[181/200] speed=4 S2  FN_SAFE_30  seed 31  goal      clr  0.37  t  30.0  inf 122  N 30.0  mpc   8.6 ms  err 0.65
[182/200] speed=4 S2  FN_SAFE_30  seed 32  goal      clr  0.41  t  19.2  inf 114  N 30.0  mpc   8.2 ms  err 0.56
[183/200] speed=4 S2  FN_SAFE_30  seed 33  goal      clr  0.62  t  13.9  inf  79  N 30.0  mpc   8.0 ms  err 0.42
[184/200] speed=4 S2  FN_SAFE_30  seed 34  goal      clr  0.24  t  18.3  inf  94  N 30.0  mpc   8.0 ms  err 0.56
[185/200] speed=4 S2  FN_SAFE_30  seed 35  goal      clr  0.66  t  14.1  inf  74  N 30.0  mpc   7.6 ms  err 0.60
[186/200] speed=4 S2  FN_SAFE_30  seed 36  goal      clr  0.53  t  16.1  inf  78  N 30.0  mpc   7.9 ms  err 0.58
[187/200] speed=4 S2  FN_SAFE_30  seed 37  goal      clr  0.58  t  16.5  inf  78  N 30.0  mpc   7.9 ms  err 0.29
[188/200] speed=4 S2  FN_SAFE_30  seed 38  goal      clr  0.67  t  16.4  inf  96  N 30.0  mpc   8.1 ms  err 0.32
[189/200] speed=4 S2  FN_SAFE_30  seed 39  goal      clr  0.72  t  13.5  inf  65  N 30.0  mpc   7.8 ms  err 0.48
[190/200] speed=4 S2  FN_SAFE_30  seed 40  goal      clr  0.54  t  15.8  inf  95  N 30.0  mpc   8.1 ms  err 0.34
[191/200] speed=4 S2  FN_SAFE_30  seed 41  goal      clr  0.60  t  16.4  inf  84  N 30.0  mpc   7.8 ms  err 0.61
[192/200] speed=4 S2  FN_SAFE_30  seed 42  goal      clr  0.60  t  17.7  inf  60  N 30.0  mpc   7.9 ms  err 0.43
[193/200] speed=4 S2  FN_SAFE_30  seed 43  goal      clr  0.62  t  14.9  inf  75  N 30.0  mpc   7.9 ms  err 0.51
[194/200] speed=4 S2  FN_SAFE_30  seed 44  goal      clr  0.65  t  14.1  inf  68  N 30.0  mpc   7.8 ms  err 0.51
[195/200] speed=4 S2  FN_SAFE_30  seed 45  goal      clr  0.61  t  15.7  inf  88  N 30.0  mpc   7.6 ms  err 0.27
[196/200] speed=4 S2  FN_SAFE_30  seed 46  goal      clr  0.62  t  16.7  inf  74  N 30.0  mpc   7.9 ms  err 0.33
[197/200] speed=4 S2  FN_SAFE_30  seed 47  goal      clr  1.09  t  13.8  inf  54  N 30.0  mpc   7.6 ms  err 0.48
[198/200] speed=4 S2  FN_SAFE_30  seed 48  goal      clr  0.59  t  18.5  inf  89  N 30.0  mpc   8.5 ms  err 0.34
[199/200] speed=4 S2  FN_SAFE_30  seed 49  goal      clr  0.81  t  13.8  inf  76  N 30.0  mpc   7.8 ms  err 0.30
[200/200] speed=4 S2  FN_SAFE_30  seed 50  goal      clr  0.66  t  14.1  inf  68  N 30.0  mpc   7.4 ms  err 0.69
