[  1/450] latency=0.1 S2  E_DART      seed  1  goal      clr  0.59  t  16.3  inf  56  N 22.8  mpc   4.9 ms  err 0.94
[  2/450] latency=0.1 S2  E_DART      seed  2  goal      clr  0.88  t  15.1  inf  83  N 25.3  mpc   5.9 ms  err 0.43
[  3/450] latency=0.1 S2  E_DART      seed  3  goal      clr  0.56  t  14.2  inf  76  N 25.3  mpc   4.7 ms  err 0.24
[  4/450] latency=0.1 S2  E_DART      seed  4  goal      clr  0.92  t  16.3  inf  49  N 22.8  mpc   4.1 ms  err 0.32
[  5/450] latency=0.1 S2  E_DART      seed  5  goal      clr  0.69  t  16.7  inf  60  N 23.1  mpc   4.3 ms  err 0.72
[  6/450] latency=0.1 S2  E_DART      seed  6  goal      clr  0.68  t  14.3  inf  69  N 25.4  mpc   4.7 ms  err 0.49
[  7/450] latency=0.1 S2  E_DART      seed  7  goal      clr  0.75  t  14.8  inf  60  N 24.1  mpc   4.2 ms  err 0.55
[  8/450] latency=0.1 S2  E_DART      seed  8  goal      clr  0.81  t  14.8  inf  67  N 24.9  mpc   4.6 ms  err 0.59
[  9/450] latency=0.1 S2  E_DART      seed  9  goal      clr  0.68  t  22.0  inf 110  N 23.7  mpc   4.5 ms  err 0.68
[ 10/450] latency=0.1 S2  E_DART      seed 10  goal      clr  0.80  t  14.5  inf  64  N 25.6  mpc   4.6 ms  err 0.52
[ 11/450] latency=0.1 S2  E_DART      seed 11  goal      clr  0.62  t  16.0  inf  79  N 25.6  mpc   4.8 ms  err 0.29
[ 12/450] latency=0.1 S2  E_DART      seed 12  goal      clr  0.57  t  16.0  inf  79  N 25.2  mpc   4.7 ms  err 0.28
[ 13/450] latency=0.1 S2  E_DART      seed 13  goal      clr  0.51  t  15.7  inf  79  N 25.5  mpc   4.8 ms  err 0.47
[ 14/450] latency=0.1 S2  E_DART      seed 14  goal      clr  0.46  t  15.7  inf  67  N 23.2  mpc   4.3 ms  err 0.38
[ 15/450] latency=0.1 S2  E_DART      seed 15  goal      clr  0.99  t  13.8  inf  63  N 25.2  mpc   4.7 ms  err 0.45
[ 16/450] latency=0.1 S2  E_DART      seed 16  goal      clr  0.69  t  15.6  inf  76  N 25.6  mpc   4.9 ms  err 0.30
[ 17/450] latency=0.1 S2  E_DART      seed 17  goal      clr  0.45  t  15.9  inf  68  N 24.6  mpc   4.7 ms  err 0.30
[ 18/450] latency=0.1 S2  E_DART      seed 18  goal      clr  0.70  t  14.5  inf  59  N 24.4  mpc   4.5 ms  err 0.61
[ 19/450] latency=0.1 S2  E_DART      seed 19  goal      clr  0.50  t  19.0  inf  77  N 23.3  mpc   4.3 ms  err 0.37
[ 20/450] latency=0.1 S2  E_DART      seed 20  goal      clr  0.73  t  14.2  inf  55  N 25.0  mpc   4.6 ms  err 0.57
[ 21/450] latency=0.1 S2  E_DART      seed 21  goal      clr  0.78  t  13.7  inf  62  N 24.6  mpc   4.5 ms  err 0.31
[ 22/450] latency=0.1 S2  E_DART      seed 22  goal      clr  0.63  t  14.3  inf  70  N 25.4  mpc   4.7 ms  err 0.44
[ 23/450] latency=0.1 S2  E_DART      seed 23  goal      clr  0.45  t  16.9  inf  79  N 25.2  mpc   5.0 ms  err 0.65
[ 24/450] latency=0.1 S2  E_DART      seed 24  goal      clr  0.85  t  15.3  inf  78  N 25.9  mpc   4.9 ms  err 0.38
[ 25/450] latency=0.1 S2  E_DART      seed 25  goal      clr  0.71  t  18.5  inf  69  N 24.8  mpc   4.6 ms  err 0.39
[ 26/450] latency=0.1 S2  E_DART      seed 26  goal      clr  0.72  t  19.3  inf  61  N 23.5  mpc   4.2 ms  err 0.46
[ 27/450] latency=0.1 S2  E_DART      seed 27  goal      clr  0.64  t  17.5  inf  65  N 23.4  mpc   4.3 ms  err 0.27
[ 28/450] latency=0.1 S2  E_DART      seed 28  goal      clr  0.66  t  17.3  inf  59  N 22.3  mpc   3.9 ms  err 0.52
[ 29/450] latency=0.1 S2  E_DART      seed 29  goal      clr  0.72  t  13.0  inf  54  N 24.6  mpc   4.5 ms  err 0.97
[ 30/450] latency=0.1 S2  E_DART      seed 30  goal      clr  0.64  t  17.2  inf  61  N 24.4  mpc   4.4 ms  err 0.47
[ 31/450] latency=0.1 S2  E_DART      seed 31  goal      clr  0.62  t  16.9  inf  50  N 22.0  mpc   3.9 ms  err 0.73
[ 32/450] latency=0.1 S2  E_DART      seed 32  goal      clr  0.48  t  16.6  inf  72  N 23.8  mpc   4.5 ms  err 0.68
[ 33/450] latency=0.1 S2  E_DART      seed 33  goal      clr  0.59  t  17.6  inf  78  N 25.2  mpc   4.9 ms  err 0.44
[ 34/450] latency=0.1 S2  E_DART      seed 34  goal      clr  0.61  t  18.5  inf  73  N 23.4  mpc   4.4 ms  err 0.77
[ 35/450] latency=0.1 S2  E_DART      seed 35  goal      clr  0.87  t  14.3  inf  66  N 26.1  mpc   4.6 ms  err 0.38
[ 36/450] latency=0.1 S2  E_DART      seed 36  goal      clr  0.38  t  19.3  inf  80  N 24.0  mpc   4.5 ms  err 0.44
[ 37/450] latency=0.1 S2  E_DART      seed 37  goal      clr  0.77  t  18.0  inf  62  N 22.0  mpc   3.8 ms  err 0.21
[ 38/450] latency=0.1 S2  E_DART      seed 38  goal      clr  0.78  t  13.9  inf  56  N 24.4  mpc   4.3 ms  err 0.37
[ 39/450] latency=0.1 S2  E_DART      seed 39  goal      clr  0.89  t  13.8  inf  68  N 24.9  mpc   4.5 ms  err 0.66
[ 40/450] latency=0.1 S2  E_DART      seed 40  goal      clr  0.60  t  16.1  inf  82  N 26.1  mpc   5.0 ms  err 0.48
[ 41/450] latency=0.1 S2  E_DART      seed 41  goal      clr  0.55  t  15.3  inf  67  N 24.8  mpc   4.6 ms  err 0.66
[ 42/450] latency=0.1 S2  E_DART      seed 42  goal      clr  0.51  t  18.0  inf  63  N 23.0  mpc   4.2 ms  err 0.34
[ 43/450] latency=0.1 S2  E_DART      seed 43  goal      clr  0.74  t  16.7  inf  64  N 23.5  mpc   4.3 ms  err 0.94
[ 44/450] latency=0.1 S2  E_DART      seed 44  goal      clr  0.68  t  18.7  inf  77  N 24.7  mpc   4.8 ms  err 0.23
[ 45/450] latency=0.1 S2  E_DART      seed 45  goal      clr  0.45  t  15.5  inf  82  N 25.6  mpc   4.7 ms  err 0.25
[ 46/450] latency=0.1 S2  E_DART      seed 46  goal      clr  0.60  t  14.3  inf  66  N 25.0  mpc   4.6 ms  err 0.25
[ 47/450] latency=0.1 S2  E_DART      seed 47  goal      clr  0.51  t  15.5  inf  74  N 25.6  mpc   4.8 ms  err 0.44
[ 48/450] latency=0.1 S2  E_DART      seed 48  goal      clr  0.71  t  14.1  inf  62  N 25.2  mpc   4.6 ms  err 0.69
[ 49/450] latency=0.1 S2  E_DART      seed 49  goal      clr  0.65  t  15.3  inf  75  N 24.1  mpc   4.4 ms  err 0.39
[ 50/450] latency=0.1 S2  E_DART      seed 50  goal      clr  0.75  t  16.6  inf  65  N 24.3  mpc   4.4 ms  err 0.36
[ 51/450] latency=0.1 S2  Z_ZHUYI     seed  1  goal      clr  0.33  t  13.7  inf  44  N 24.9  mpc   4.7 ms  err 0.62
[ 52/450] latency=0.1 S2  Z_ZHUYI     seed  2  goal      clr  0.55  t  19.2  inf  38  N 23.4  mpc   4.5 ms  err 0.45
[ 53/450] latency=0.1 S2  Z_ZHUYI     seed  3  goal      clr  0.71  t  21.5  inf  51  N 23.2  mpc   4.2 ms  err 0.21
[ 54/450] latency=0.1 S2  Z_ZHUYI     seed  4  goal      clr  0.53  t  18.6  inf  49  N 25.4  mpc   4.7 ms  err 0.47
[ 55/450] latency=0.1 S2  Z_ZHUYI     seed  5  goal      clr  2.58  t  16.6  inf  18  N 22.5  mpc   3.6 ms  err 0.86
[ 56/450] latency=0.1 S2  Z_ZHUYI     seed  6  goal      clr  0.69  t  17.8  inf  28  N 23.3  mpc   4.1 ms  err 0.54
[ 57/450] latency=0.1 S2  Z_ZHUYI     seed  7  goal      clr  0.64  t  23.1  inf  53  N 23.9  mpc   4.4 ms  err 0.51
[ 58/450] latency=0.1 S2  Z_ZHUYI     seed  8  goal      clr  0.74  t  16.2  inf  44  N 25.0  mpc   4.6 ms  err 0.59
[ 59/450] latency=0.1 S2  Z_ZHUYI     seed  9  goal      clr  0.60  t  16.8  inf  22  N 23.9  mpc   3.9 ms  err 0.82
[ 60/450] latency=0.1 S2  Z_ZHUYI     seed 10  goal      clr  1.78  t  19.1  inf  22  N 20.2  mpc   3.5 ms  err 0.98
[ 61/450] latency=0.1 S2  Z_ZHUYI     seed 11  goal      clr  0.54  t  16.5  inf  43  N 24.3  mpc   4.5 ms  err 0.55
[ 62/450] latency=0.1 S2  Z_ZHUYI     seed 12  goal      clr  0.50  t  23.2  inf  42  N 23.2  mpc   4.2 ms  err 0.54
[ 63/450] latency=0.1 S2  Z_ZHUYI     seed 13  goal      clr  0.62  t  20.3  inf  38  N 23.7  mpc   4.3 ms  err 0.53
[ 64/450] latency=0.1 S2  Z_ZHUYI     seed 14  goal      clr  0.69  t  17.6  inf  37  N 23.4  mpc   4.2 ms  err 0.43
[ 65/450] latency=0.1 S2  Z_ZHUYI     seed 15  goal      clr  0.77  t  16.0  inf  30  N 23.7  mpc   4.1 ms  err 0.51
[ 66/450] latency=0.1 S2  Z_ZHUYI     seed 16  goal      clr  0.40  t  14.7  inf  56  N 25.4  mpc   4.8 ms  err 0.51
[ 67/450] latency=0.1 S2  Z_ZHUYI     seed 17  goal      clr  0.55  t  15.2  inf  41  N 26.1  mpc   4.8 ms  err 0.33
[ 68/450] latency=0.1 S2  Z_ZHUYI     seed 18  goal      clr  0.82  t  14.8  inf  24  N 23.9  mpc   4.3 ms  err 0.87
[ 69/450] latency=0.1 S2  Z_ZHUYI     seed 19  goal      clr  0.55  t  16.4  inf  32  N 22.8  mpc   4.2 ms  err 0.63
[ 70/450] latency=0.1 S2  Z_ZHUYI     seed 20  goal      clr  0.66  t  13.7  inf  53  N 26.0  mpc   4.8 ms  err 0.34
[ 71/450] latency=0.1 S2  Z_ZHUYI     seed 21  goal      clr  0.80  t  13.4  inf  38  N 25.0  mpc   4.3 ms  err 0.31
[ 72/450] latency=0.1 S2  Z_ZHUYI     seed 22  goal      clr  0.78  t  16.7  inf  24  N 23.0  mpc   4.1 ms  err 1.15
[ 73/450] latency=0.1 S2  Z_ZHUYI     seed 23  goal      clr  1.01  t  18.4  inf  35  N 23.1  mpc   4.0 ms  err 0.58
[ 74/450] latency=0.1 S2  Z_ZHUYI     seed 24  goal      clr  0.80  t  16.3  inf  33  N 24.3  mpc   4.2 ms  err 0.26
[ 75/450] latency=0.1 S2  Z_ZHUYI     seed 25  goal      clr  0.34  t  19.5  inf  41  N 23.8  mpc   4.4 ms  err 0.67
[ 76/450] latency=0.1 S2  Z_ZHUYI     seed 26  goal      clr  0.88  t  16.5  inf  32  N 23.2  mpc   3.9 ms  err 0.40
[ 77/450] latency=0.1 S2  Z_ZHUYI     seed 27  goal      clr  0.52  t  20.6  inf  41  N 24.5  mpc   4.6 ms  err 0.84
[ 78/450] latency=0.1 S2  Z_ZHUYI     seed 28  goal      clr  0.87  t  14.9  inf  42  N 24.5  mpc   4.2 ms  err 0.33
[ 79/450] latency=0.1 S2  Z_ZHUYI     seed 29  goal      clr  1.41  t  20.3  inf  22  N 21.7  mpc   3.4 ms  err 0.84
[ 80/450] latency=0.1 S2  Z_ZHUYI     seed 30  goal      clr  0.53  t  19.5  inf  47  N 23.9  mpc   4.5 ms  err 0.42
[ 81/450] latency=0.1 S2  Z_ZHUYI     seed 31  goal      clr  0.65  t  21.0  inf  28  N 21.5  mpc   3.7 ms  err 0.46
[ 82/450] latency=0.1 S2  Z_ZHUYI     seed 32  goal      clr  2.34  t  15.2  inf  17  N 24.6  mpc   4.1 ms  err 0.79
[ 83/450] latency=0.1 S2  Z_ZHUYI     seed 33  goal      clr  0.90  t  13.3  inf  41  N 25.1  mpc   4.5 ms  err 0.76
[ 84/450] latency=0.1 S2  Z_ZHUYI     seed 34  goal      clr  0.63  t  19.4  inf  43  N 22.8  mpc   4.0 ms  err 0.40
[ 85/450] latency=0.1 S2  Z_ZHUYI     seed 35  goal      clr  0.82  t  15.6  inf  22  N 24.2  mpc   3.8 ms  err 0.66
[ 86/450] latency=0.1 S2  Z_ZHUYI     seed 36  goal      clr  0.61  t  14.7  inf  40  N 24.4  mpc   4.5 ms  err 0.56
[ 87/450] latency=0.1 S2  Z_ZHUYI     seed 37  goal      clr  0.64  t  23.3  inf  34  N 21.6  mpc   3.9 ms  err 0.33
[ 88/450] latency=0.1 S2  Z_ZHUYI     seed 38  goal      clr  0.43  t  18.4  inf  38  N 21.6  mpc   3.5 ms  err 0.77
[ 89/450] latency=0.1 S2  Z_ZHUYI     seed 39  goal      clr  2.43  t  14.7  inf  18  N 23.4  mpc   3.7 ms  err 0.96
[ 90/450] latency=0.1 S2  Z_ZHUYI     seed 40  goal      clr  0.61  t  18.6  inf  49  N 23.7  mpc   4.3 ms  err 0.46
[ 91/450] latency=0.1 S2  Z_ZHUYI     seed 41  goal      clr  0.54  t  16.4  inf  40  N 23.1  mpc   4.1 ms  err 0.71
[ 92/450] latency=0.1 S2  Z_ZHUYI     seed 42  goal      clr  0.56  t  16.7  inf  42  N 23.2  mpc   4.0 ms  err 0.47
[ 93/450] latency=0.1 S2  Z_ZHUYI     seed 43  goal      clr  0.63  t  17.6  inf  35  N 24.8  mpc   4.4 ms  err 0.40
[ 94/450] latency=0.1 S2  Z_ZHUYI     seed 44  goal      clr  0.68  t  13.6  inf  40  N 25.5  mpc   4.6 ms  err 0.36
[ 95/450] latency=0.1 S2  Z_ZHUYI     seed 45  goal      clr  0.77  t  17.6  inf  49  N 24.6  mpc   4.4 ms  err 0.24
[ 96/450] latency=0.1 S2  Z_ZHUYI     seed 46  goal      clr  0.64  t  18.6  inf  37  N 24.7  mpc   4.4 ms  err 0.46
[ 97/450] latency=0.1 S2  Z_ZHUYI     seed 47  goal      clr  0.63  t  15.0  inf  42  N 24.8  mpc   4.7 ms  err 0.70
[ 98/450] latency=0.1 S2  Z_ZHUYI     seed 48  goal      clr  1.32  t  18.3  inf  20  N 22.2  mpc   3.7 ms  err 0.49
[ 99/450] latency=0.1 S2  Z_ZHUYI     seed 49  goal      clr  0.62  t  23.5  inf  39  N 22.6  mpc   3.9 ms  err 0.68
[100/450] latency=0.1 S2  Z_ZHUYI     seed 50  goal      clr  0.59  t  13.9  inf  48  N 25.7  mpc   5.0 ms  err 0.37
[101/450] latency=0.1 S2  A_FR_FN     seed  1  collision clr -0.01  t   4.2  inf  34  N 20.0  mpc   3.5 ms  err 0.28
[102/450] latency=0.1 S2  A_FR_FN     seed  2  goal      clr  0.47  t  13.7  inf 114  N 20.0  mpc   3.0 ms  err 0.47
[103/450] latency=0.1 S2  A_FR_FN     seed  3  goal      clr  0.43  t  15.1  inf 126  N 20.0  mpc   3.1 ms  err 0.26
[104/450] latency=0.1 S2  A_FR_FN     seed  4  goal      clr  0.47  t  15.1  inf 128  N 20.0  mpc   3.1 ms  err 0.62
[105/450] latency=0.1 S2  A_FR_FN     seed  5  goal      clr  0.06  t  16.5  inf 130  N 20.0  mpc   3.2 ms  err 0.65
[106/450] latency=0.1 S2  A_FR_FN     seed  6  goal      clr  0.28  t  15.5  inf 127  N 20.0  mpc   2.9 ms  err 0.26
[107/450] latency=0.1 S2  A_FR_FN     seed  7  goal      clr  0.35  t  14.0  inf 113  N 20.0  mpc   3.0 ms  err 0.33
[108/450] latency=0.1 S2  A_FR_FN     seed  8  goal      clr  0.46  t  15.3  inf 127  N 20.0  mpc   3.0 ms  err 0.31
[109/450] latency=0.1 S2  A_FR_FN     seed  9  goal      clr  0.23  t  17.0  inf 141  N 20.0  mpc   3.1 ms  err 0.41
[110/450] latency=0.1 S2  A_FR_FN     seed 10  goal      clr  0.31  t  15.4  inf 124  N 20.0  mpc   3.0 ms  err 0.29
[111/450] latency=0.1 S2  A_FR_FN     seed 11  collision clr -0.00  t   8.4  inf  68  N 20.0  mpc   3.1 ms  err 0.19
[112/450] latency=0.1 S2  A_FR_FN     seed 12  goal      clr  0.55  t  13.6  inf 110  N 20.0  mpc   3.0 ms  err 0.63
[113/450] latency=0.1 S2  A_FR_FN     seed 13  goal      clr  0.37  t  14.9  inf 123  N 20.0  mpc   3.1 ms  err 0.36
[114/450] latency=0.1 S2  A_FR_FN     seed 14  goal      clr  0.15  t  15.3  inf 125  N 20.0  mpc   3.2 ms  err 0.54
[115/450] latency=0.1 S2  A_FR_FN     seed 15  goal      clr  0.06  t  14.8  inf 120  N 20.0  mpc   3.1 ms  err 0.56
[116/450] latency=0.1 S2  A_FR_FN     seed 16  goal      clr  0.15  t  14.2  inf 118  N 20.0  mpc   3.1 ms  err 0.26
[117/450] latency=0.1 S2  A_FR_FN     seed 17  goal      clr  0.25  t  16.4  inf 140  N 20.0  mpc   3.1 ms  err 0.20
[118/450] latency=0.1 S2  A_FR_FN     seed 18  goal      clr  0.43  t  16.5  inf 138  N 20.0  mpc   3.1 ms  err 0.56
[119/450] latency=0.1 S2  A_FR_FN     seed 19  goal      clr  0.41  t  15.1  inf 128  N 20.0  mpc   3.0 ms  err 0.31
[120/450] latency=0.1 S2  A_FR_FN     seed 20  goal      clr  0.50  t  13.6  inf 112  N 20.0  mpc   2.9 ms  err 0.38
[121/450] latency=0.1 S2  A_FR_FN     seed 21  goal      clr  0.08  t  17.0  inf 138  N 20.0  mpc   3.2 ms  err 0.44
[122/450] latency=0.1 S2  A_FR_FN     seed 22  goal      clr  0.17  t  15.2  inf 129  N 20.0  mpc   3.0 ms  err 0.52
[123/450] latency=0.1 S2  A_FR_FN     seed 23  goal      clr  0.27  t  20.4  inf 165  N 20.0  mpc   3.1 ms  err 0.29
[124/450] latency=0.1 S2  A_FR_FN     seed 24  goal      clr  0.32  t  17.1  inf 141  N 20.0  mpc   3.0 ms  err 0.65
[125/450] latency=0.1 S2  A_FR_FN     seed 25  goal      clr  0.41  t  14.0  inf 115  N 20.0  mpc   3.1 ms  err 0.55
[126/450] latency=0.1 S2  A_FR_FN     seed 26  goal      clr  0.22  t  16.8  inf 138  N 20.0  mpc   3.1 ms  err 0.51
[127/450] latency=0.1 S2  A_FR_FN     seed 27  goal      clr  0.41  t  14.7  inf 120  N 20.0  mpc   3.1 ms  err 0.60
[128/450] latency=0.1 S2  A_FR_FN     seed 28  goal      clr  0.33  t  18.1  inf 149  N 20.0  mpc   3.3 ms  err 0.46
[129/450] latency=0.1 S2  A_FR_FN     seed 29  goal      clr  0.35  t  15.0  inf 124  N 20.0  mpc   3.0 ms  err 0.23
[130/450] latency=0.1 S2  A_FR_FN     seed 30  goal      clr  0.28  t  15.8  inf 126  N 20.0  mpc   3.1 ms  err 0.50
[131/450] latency=0.1 S2  A_FR_FN     seed 31  goal      clr  0.59  t  15.4  inf 127  N 20.0  mpc   3.0 ms  err 0.41
[132/450] latency=0.1 S2  A_FR_FN     seed 32  goal      clr  0.30  t  15.9  inf 129  N 20.0  mpc   3.1 ms  err 0.51
[133/450] latency=0.1 S2  A_FR_FN     seed 33  goal      clr  0.22  t  16.9  inf 139  N 20.0  mpc   3.1 ms  err 0.37
[134/450] latency=0.1 S2  A_FR_FN     seed 34  goal      clr  0.23  t  16.1  inf 136  N 20.0  mpc   3.1 ms  err 0.51
[135/450] latency=0.1 S2  A_FR_FN     seed 35  goal      clr  0.53  t  14.1  inf 119  N 20.0  mpc   2.9 ms  err 0.73
[136/450] latency=0.1 S2  A_FR_FN     seed 36  collision clr -0.00  t   4.7  inf  39  N 20.0  mpc   3.3 ms  err 0.47
[137/450] latency=0.1 S2  A_FR_FN     seed 37  goal      clr  0.29  t  15.3  inf 127  N 20.0  mpc   3.0 ms  err 0.30
[138/450] latency=0.1 S2  A_FR_FN     seed 38  goal      clr  0.20  t  16.2  inf 132  N 20.0  mpc   3.1 ms  err 0.25
[139/450] latency=0.1 S2  A_FR_FN     seed 39  goal      clr  0.42  t  17.2  inf 138  N 20.0  mpc   3.1 ms  err 0.78
[140/450] latency=0.1 S2  A_FR_FN     seed 40  goal      clr  0.00  t  14.6  inf 123  N 20.0  mpc   3.1 ms  err 0.27
[141/450] latency=0.1 S2  A_FR_FN     seed 41  goal      clr  0.39  t  14.8  inf 121  N 20.0  mpc   3.1 ms  err 0.21
[142/450] latency=0.1 S2  A_FR_FN     seed 42  goal      clr  0.39  t  14.9  inf 121  N 20.0  mpc   3.1 ms  err 0.35
[143/450] latency=0.1 S2  A_FR_FN     seed 43  goal      clr  0.07  t  16.2  inf 132  N 20.0  mpc   3.1 ms  err 0.50
[144/450] latency=0.1 S2  A_FR_FN     seed 44  goal      clr  0.22  t  15.8  inf 128  N 20.0  mpc   3.1 ms  err 0.30
[145/450] latency=0.1 S2  A_FR_FN     seed 45  goal      clr  0.18  t  16.1  inf 133  N 20.0  mpc   3.1 ms  err 0.23
[146/450] latency=0.1 S2  A_FR_FN     seed 46  goal      clr  0.48  t  15.2  inf 124  N 20.0  mpc   3.1 ms  err 0.58
[147/450] latency=0.1 S2  A_FR_FN     seed 47  goal      clr  0.27  t  15.2  inf 124  N 20.0  mpc   3.1 ms  err 0.37
[148/450] latency=0.1 S2  A_FR_FN     seed 48  goal      clr  0.35  t  16.2  inf 135  N 20.0  mpc   3.1 ms  err 1.04
[149/450] latency=0.1 S2  A_FR_FN     seed 49  goal      clr  0.47  t  13.4  inf 114  N 20.0  mpc   3.0 ms  err 0.46
[150/450] latency=0.1 S2  A_FR_FN     seed 50  goal      clr  0.42  t  15.7  inf 133  N 20.0  mpc   3.1 ms  err 0.49
[151/450] latency=0.1 S2  F_NODELAY   seed  1  goal      clr  0.22  t  15.9  inf  63  N 22.9  mpc   4.1 ms  err 2.31
[152/450] latency=0.1 S2  F_NODELAY   seed  2  goal      clr  0.29  t  20.7  inf  94  N 23.3  mpc   4.5 ms  err 3.00
[153/450] latency=0.1 S2  F_NODELAY   seed  3  goal      clr  0.42  t  19.7  inf  92  N 22.0  mpc   4.2 ms  err 1.87
[154/450] latency=0.1 S2  F_NODELAY   seed  4  goal      clr  0.58  t  23.4  inf 146  N 24.7  mpc   5.0 ms  err 2.17
[155/450] latency=0.1 S2  F_NODELAY   seed  5  goal      clr  0.68  t  18.7  inf  68  N 21.8  mpc   3.7 ms  err 1.93
[156/450] latency=0.1 S2  F_NODELAY   seed  6  collision clr -0.01  t   4.4  inf  31  N 28.4  mpc   6.1 ms  err 2.12
[157/450] latency=0.1 S2  F_NODELAY   seed  7  goal      clr  0.97  t  19.1  inf  64  N 22.0  mpc   3.6 ms  err 2.21
[158/450] latency=0.1 S2  F_NODELAY   seed  8  goal      clr  3.16  t  15.6  inf  44  N 21.2  mpc   3.4 ms  err 4.47
[159/450] latency=0.1 S2  F_NODELAY   seed  9  goal      clr  2.09  t  16.2  inf  44  N 22.7  mpc   3.6 ms  err 2.98
[160/450] latency=0.1 S2  F_NODELAY   seed 10  goal      clr  1.01  t  22.0  inf  88  N 20.7  mpc   3.6 ms  err 2.67
[161/450] latency=0.1 S2  F_NODELAY   seed 11  goal      clr  0.40  t  18.2  inf 118  N 25.8  mpc   5.2 ms  err 2.04
[162/450] latency=0.1 S2  F_NODELAY   seed 12  goal      clr  0.47  t  19.2  inf 101  N 22.5  mpc   4.3 ms  err 2.51
[163/450] latency=0.1 S2  F_NODELAY   seed 13  goal      clr  0.35  t  16.9  inf 103  N 25.6  mpc   5.5 ms  err 3.01
[164/450] latency=0.1 S2  F_NODELAY   seed 14  goal      clr  0.63  t  21.0  inf  99  N 21.9  mpc   4.1 ms  err 2.22
[165/450] latency=0.1 S2  F_NODELAY   seed 15  goal      clr  0.84  t  15.9  inf  62  N 22.4  mpc   3.7 ms  err 1.46
[166/450] latency=0.1 S2  F_NODELAY   seed 16  collision clr -0.01  t   3.1  inf  23  N 25.8  mpc   5.4 ms  err 2.46
[167/450] latency=0.1 S2  F_NODELAY   seed 17  goal      clr  0.50  t  22.9  inf 124  N 22.7  mpc   4.3 ms  err 2.82
[168/450] latency=0.1 S2  F_NODELAY   seed 18  goal      clr  0.49  t  20.5  inf 102  N 23.3  mpc   4.4 ms  err 2.55
[169/450] latency=0.1 S2  F_NODELAY   seed 19  collision clr -0.01  t   2.8  inf  21  N 25.7  mpc   5.2 ms  err 1.80
[170/450] latency=0.1 S2  F_NODELAY   seed 20  goal      clr  1.76  t  15.6  inf  49  N 22.9  mpc   3.8 ms  err 3.38
[171/450] latency=0.1 S2  F_NODELAY   seed 21  goal      clr  0.77  t  18.3  inf  80  N 21.3  mpc   3.9 ms  err 3.53
[172/450] latency=0.1 S2  F_NODELAY   seed 22  goal      clr  0.33  t  17.6  inf  80  N 21.7  mpc   3.9 ms  err 2.70
[173/450] latency=0.1 S2  F_NODELAY   seed 23  goal      clr  0.39  t  17.7  inf  82  N 23.2  mpc   4.1 ms  err 2.62
[174/450] latency=0.1 S2  F_NODELAY   seed 24  collision clr -0.00  t  10.1  inf  56  N 23.4  mpc   4.8 ms  err 1.57
[175/450] latency=0.1 S2  F_NODELAY   seed 25  goal      clr  1.25  t  18.6  inf  82  N 22.3  mpc   4.0 ms  err 2.85
[176/450] latency=0.1 S2  F_NODELAY   seed 26  goal      clr  0.26  t  26.8  inf 150  N 23.6  mpc   4.7 ms  err 1.84
[177/450] latency=0.1 S2  F_NODELAY   seed 27  goal      clr  3.47  t  15.7  inf  29  N 21.9  mpc   3.5 ms  err 1.98
[178/450] latency=0.1 S2  F_NODELAY   seed 28  collision clr -0.01  t  17.5  inf 112  N 24.4  mpc   4.8 ms  err 1.93
[179/450] latency=0.1 S2  F_NODELAY   seed 29  goal      clr  1.28  t  17.2  inf  49  N 21.1  mpc   3.5 ms  err 2.52
[180/450] latency=0.1 S2  F_NODELAY   seed 30  goal      clr  0.54  t  17.7  inf  67  N 22.7  mpc   3.6 ms  err 3.08
[181/450] latency=0.1 S2  F_NODELAY   seed 31  goal      clr  0.40  t  23.9  inf  96  N 20.3  mpc   3.4 ms  err 2.32
[182/450] latency=0.1 S2  F_NODELAY   seed 32  goal      clr  1.96  t  14.9  inf  41  N 20.9  mpc   3.5 ms  err 2.05
[183/450] latency=0.1 S2  F_NODELAY   seed 33  goal      clr  0.14  t  15.5  inf  76  N 23.3  mpc   4.6 ms  err 1.84
[184/450] latency=0.1 S2  F_NODELAY   seed 34  goal      clr  0.07  t  21.4  inf 105  N 22.4  mpc   4.0 ms  err 1.98
[185/450] latency=0.1 S2  F_NODELAY   seed 35  goal      clr  1.37  t  13.8  inf  63  N 22.6  mpc   4.0 ms  err 4.24
[186/450] latency=0.1 S2  F_NODELAY   seed 36  goal      clr  1.05  t  15.4  inf  58  N 23.2  mpc   4.1 ms  err 2.37
[187/450] latency=0.1 S2  F_NODELAY   seed 37  goal      clr  0.22  t  22.6  inf 109  N 21.8  mpc   4.1 ms  err 1.76
[188/450] latency=0.1 S2  F_NODELAY   seed 38  goal      clr  0.10  t  22.4  inf 123  N 24.2  mpc   4.6 ms  err 2.30
[189/450] latency=0.1 S2  F_NODELAY   seed 39  goal      clr  1.49  t  15.1  inf  78  N 24.0  mpc   4.2 ms  err 2.65
[190/450] latency=0.1 S2  F_NODELAY   seed 40  goal      clr  2.04  t  17.2  inf  73  N 23.2  mpc   4.2 ms  err 2.42
[191/450] latency=0.1 S2  F_NODELAY   seed 41  goal      clr  1.11  t  17.3  inf  60  N 23.0  mpc   3.9 ms  err 2.83
[192/450] latency=0.1 S2  F_NODELAY   seed 42  goal      clr  0.08  t  25.9  inf 158  N 23.1  mpc   4.6 ms  err 2.15
[193/450] latency=0.1 S2  F_NODELAY   seed 43  collision clr -0.02  t   4.4  inf  34  N 22.8  mpc   5.2 ms  err 2.66
[194/450] latency=0.1 S2  F_NODELAY   seed 44  collision clr -0.01  t  13.7  inf  65  N 23.4  mpc   4.7 ms  err 2.81
[195/450] latency=0.1 S2  F_NODELAY   seed 45  collision clr -0.01  t  13.1  inf  69  N 22.9  mpc   4.4 ms  err 3.94
[196/450] latency=0.1 S2  F_NODELAY   seed 46  goal      clr  1.39  t  14.8  inf  56  N 23.3  mpc   4.2 ms  err 3.09
[197/450] latency=0.1 S2  F_NODELAY   seed 47  goal      clr  0.39  t  21.6  inf  94  N 22.6  mpc   4.3 ms  err 1.65
[198/450] latency=0.1 S2  F_NODELAY   seed 48  goal      clr  0.99  t  27.9  inf 147  N 22.1  mpc   4.2 ms  err 2.44
[199/450] latency=0.1 S2  F_NODELAY   seed 49  goal      clr  1.03  t  14.9  inf  91  N 25.3  mpc   4.4 ms  err 2.83
[200/450] latency=0.1 S2  F_NODELAY   seed 50  goal      clr  0.64  t  27.1  inf 171  N 22.2  mpc   4.4 ms  err 1.97
[201/450] latency=0.1 S2  FR_SAFE_1   seed  1  goal      clr  0.90  t  18.8  inf  19  N 21.2  mpc   3.6 ms  err 0.41
[202/450] latency=0.1 S2  FR_SAFE_1   seed  2  goal      clr  0.69  t  17.9  inf  18  N 24.5  mpc   4.6 ms  err 0.47
[203/450] latency=0.1 S2  FR_SAFE_1   seed  3  goal      clr  0.93  t  18.4  inf  19  N 22.3  mpc   3.7 ms  err 0.41
[204/450] latency=0.1 S2  FR_SAFE_1   seed  4  goal      clr  2.08  t  14.9  inf  15  N 23.4  mpc   3.9 ms  err 0.84
[205/450] latency=0.1 S2  FR_SAFE_1   seed  5  goal      clr  2.39  t  16.2  inf  17  N 22.9  mpc   3.7 ms  err 0.97
[206/450] latency=0.1 S2  FR_SAFE_1   seed  6  goal      clr  0.84  t  15.9  inf  16  N 23.0  mpc   3.6 ms  err 0.79
[207/450] latency=0.1 S2  FR_SAFE_1   seed  7  goal      clr  0.59  t  17.4  inf  18  N 23.7  mpc   4.3 ms  err 0.43
[208/450] latency=0.1 S2  FR_SAFE_1   seed  8  goal      clr  0.76  t  19.6  inf  20  N 23.3  mpc   4.1 ms  err 0.52
[209/450] latency=0.1 S2  FR_SAFE_1   seed  9  goal      clr  1.85  t  16.9  inf  17  N 23.3  mpc   3.7 ms  err 0.70
[210/450] latency=0.1 S2  FR_SAFE_1   seed 10  goal      clr  2.66  t  19.1  inf  20  N 20.1  mpc   3.5 ms  err 1.15
[211/450] latency=0.1 S2  FR_SAFE_1   seed 11  goal      clr  0.73  t  19.7  inf  20  N 26.2  mpc   5.1 ms  err 0.50
[212/450] latency=0.1 S2  FR_SAFE_1   seed 12  goal      clr  0.61  t  25.2  inf  26  N 22.6  mpc   4.2 ms  err 0.54
[213/450] latency=0.1 S2  FR_SAFE_1   seed 13  goal      clr  0.64  t  22.1  inf  23  N 23.9  mpc   4.4 ms  err 0.43
[214/450] latency=0.1 S2  FR_SAFE_1   seed 14  goal      clr  0.62  t  19.7  inf  20  N 24.2  mpc   4.8 ms  err 0.77
[215/450] latency=0.1 S2  FR_SAFE_1   seed 15  goal      clr  1.30  t  16.7  inf  17  N 24.6  mpc   4.4 ms  err 0.65
[216/450] latency=0.1 S2  FR_SAFE_1   seed 16  goal      clr  0.77  t  20.4  inf  21  N 23.5  mpc   4.2 ms  err 0.40
[217/450] latency=0.1 S2  FR_SAFE_1   seed 17  goal      clr  1.16  t  19.4  inf  20  N 22.5  mpc   3.7 ms  err 0.81
[218/450] latency=0.1 S2  FR_SAFE_1   seed 18  goal      clr  1.19  t  16.3  inf  17  N 22.9  mpc   3.8 ms  err 0.92
[219/450] latency=0.1 S2  FR_SAFE_1   seed 19  goal      clr  1.88  t  18.3  inf  19  N 22.0  mpc   3.8 ms  err 0.52
[220/450] latency=0.1 S2  FR_SAFE_1   seed 20  goal      clr  1.12  t  20.0  inf  20  N 22.4  mpc   4.2 ms  err 0.54
[221/450] latency=0.1 S2  FR_SAFE_1   seed 21  goal      clr  0.70  t  16.9  inf  17  N 24.9  mpc   4.7 ms  err 0.57
[222/450] latency=0.1 S2  FR_SAFE_1   seed 22  goal      clr  0.98  t  19.0  inf  20  N 22.6  mpc   4.0 ms  err 0.64
[223/450] latency=0.1 S2  FR_SAFE_1   seed 23  goal      clr  0.90  t  19.8  inf  20  N 22.9  mpc   3.9 ms  err 0.58
[224/450] latency=0.1 S2  FR_SAFE_1   seed 24  goal      clr  0.79  t  16.6  inf  17  N 24.9  mpc   4.4 ms  err 0.54
[225/450] latency=0.1 S2  FR_SAFE_1   seed 25  goal      clr  0.76  t  18.5  inf  19  N 25.9  mpc   5.0 ms  err 0.54
[226/450] latency=0.1 S2  FR_SAFE_1   seed 26  goal      clr  0.96  t  19.0  inf  19  N 23.4  mpc   4.3 ms  err 0.33
[227/450] latency=0.1 S2  FR_SAFE_1   seed 27  goal      clr  0.85  t  18.8  inf  19  N 23.3  mpc   4.1 ms  err 1.13
[228/450] latency=0.1 S2  FR_SAFE_1   seed 28  goal      clr  0.65  t  21.2  inf  22  N 24.3  mpc   4.3 ms  err 0.50
[229/450] latency=0.1 S2  FR_SAFE_1   seed 29  goal      clr  2.32  t  20.3  inf  21  N 19.7  mpc   3.0 ms  err 0.72
[230/450] latency=0.1 S2  FR_SAFE_1   seed 30  goal      clr  0.74  t  17.2  inf  18  N 23.4  mpc   4.2 ms  err 0.93
[231/450] latency=0.1 S2  FR_SAFE_1   seed 31  goal      clr  0.99  t  17.7  inf  18  N 22.8  mpc   4.0 ms  err 0.65
[232/450] latency=0.1 S2  FR_SAFE_1   seed 32  goal      clr  0.84  t  19.4  inf  20  N 23.6  mpc   4.5 ms  err 0.82
[233/450] latency=0.1 S2  FR_SAFE_1   seed 33  goal      clr  1.54  t  15.6  inf  16  N 23.6  mpc   3.6 ms  err 0.89
[234/450] latency=0.1 S2  FR_SAFE_1   seed 34  goal      clr  0.85  t  23.0  inf  23  N 22.9  mpc   4.3 ms  err 0.44
[235/450] latency=0.1 S2  FR_SAFE_1   seed 35  goal      clr  1.21  t  15.9  inf  16  N 24.2  mpc   3.9 ms  err 0.60
[236/450] latency=0.1 S2  FR_SAFE_1   seed 36  goal      clr  0.49  t  20.0  inf  20  N 25.7  mpc   5.0 ms  err 0.54
[237/450] latency=0.1 S2  FR_SAFE_1   seed 37  goal      clr  0.42  t  26.9  inf  27  N 22.7  mpc   4.2 ms  err 0.26
[238/450] latency=0.1 S2  FR_SAFE_1   seed 38  goal      clr  1.02  t  17.9  inf  18  N 23.2  mpc   3.9 ms  err 0.68
[239/450] latency=0.1 S2  FR_SAFE_1   seed 39  goal      clr  0.82  t  17.8  inf  18  N 22.1  mpc   3.7 ms  err 0.68
[240/450] latency=0.1 S2  FR_SAFE_1   seed 40  goal      clr  1.00  t  18.0  inf  18  N 24.6  mpc   4.2 ms  err 0.77
[241/450] latency=0.1 S2  FR_SAFE_1   seed 41  goal      clr  1.06  t  18.3  inf  19  N 21.8  mpc   3.6 ms  err 0.98
[242/450] latency=0.1 S2  FR_SAFE_1   seed 42  goal      clr  0.77  t  20.8  inf  21  N 24.1  mpc   4.7 ms  err 0.74
[243/450] latency=0.1 S2  FR_SAFE_1   seed 43  goal      clr  0.66  t  22.3  inf  23  N 25.1  mpc   4.7 ms  err 0.47
[244/450] latency=0.1 S2  FR_SAFE_1   seed 44  goal      clr  1.45  t  18.6  inf  19  N 21.7  mpc   3.8 ms  err 0.73
[245/450] latency=0.1 S2  FR_SAFE_1   seed 45  goal      clr  0.87  t  18.9  inf  19  N 23.8  mpc   4.3 ms  err 0.44
[246/450] latency=0.1 S2  FR_SAFE_1   seed 46  goal      clr  0.75  t  17.4  inf  18  N 22.2  mpc   3.6 ms  err 0.54
[247/450] latency=0.1 S2  FR_SAFE_1   seed 47  goal      clr  0.53  t  20.4  inf  21  N 24.5  mpc   5.0 ms  err 0.64
[248/450] latency=0.1 S2  FR_SAFE_1   seed 48  goal      clr  0.83  t  19.6  inf  20  N 23.3  mpc   3.9 ms  err 0.57
[249/450] latency=0.1 S2  FR_SAFE_1   seed 49  goal      clr  0.68  t  26.1  inf  27  N 21.5  mpc   3.6 ms  err 0.63
[250/450] latency=0.1 S2  FR_SAFE_1   seed 50  goal      clr  0.55  t  19.1  inf  20  N 24.9  mpc   4.9 ms  err 0.99
[251/450] latency=0.1 S2  FR_SAFE_2   seed  1  goal      clr  0.86  t  18.1  inf  37  N 21.6  mpc   3.7 ms  err 1.00
[252/450] latency=0.1 S2  FR_SAFE_2   seed  2  goal      clr  0.19  t  17.2  inf  35  N 23.8  mpc   4.5 ms  err 0.35
[253/450] latency=0.1 S2  FR_SAFE_2   seed  3  goal      clr  0.92  t  15.1  inf  31  N 23.5  mpc   4.3 ms  err 0.38
[254/450] latency=0.1 S2  FR_SAFE_2   seed  4  goal      clr  0.68  t  19.0  inf  39  N 23.2  mpc   4.4 ms  err 0.41
[255/450] latency=0.1 S2  FR_SAFE_2   seed  5  goal      clr  0.85  t  15.9  inf  32  N 23.6  mpc   4.4 ms  err 0.62
[256/450] latency=0.1 S2  FR_SAFE_2   seed  6  goal      clr  0.72  t  14.6  inf  30  N 24.4  mpc   4.1 ms  err 1.19
[257/450] latency=0.1 S2  FR_SAFE_2   seed  7  goal      clr  0.72  t  18.5  inf  37  N 23.3  mpc   4.4 ms  err 0.53
[258/450] latency=0.1 S2  FR_SAFE_2   seed  8  goal      clr  0.76  t  24.2  inf  49  N 21.0  mpc   3.8 ms  err 0.39
[259/450] latency=0.1 S2  FR_SAFE_2   seed  9  goal      clr  0.69  t  19.3  inf  39  N 23.9  mpc   4.2 ms  err 0.47
[260/450] latency=0.1 S2  FR_SAFE_2   seed 10  goal      clr  0.52  t  21.5  inf  43  N 22.2  mpc   4.2 ms  err 0.23
[261/450] latency=0.1 S2  FR_SAFE_2   seed 11  goal      clr  0.69  t  19.2  inf  39  N 25.2  mpc   4.8 ms  err 0.36
[262/450] latency=0.1 S2  FR_SAFE_2   seed 12  collision clr -0.00  t  13.7  inf  28  N 26.0  mpc   5.7 ms  err 0.95
[263/450] latency=0.1 S2  FR_SAFE_2   seed 13  goal      clr  0.70  t  14.7  inf  30  N 24.7  mpc   4.4 ms  err 0.38
[264/450] latency=0.1 S2  FR_SAFE_2   seed 14  goal      clr  0.79  t  19.9  inf  40  N 21.1  mpc   3.6 ms  err 0.41
[265/450] latency=0.1 S2  FR_SAFE_2   seed 15  goal      clr  0.66  t  17.7  inf  36  N 21.8  mpc   4.0 ms  err 0.59
[266/450] latency=0.1 S2  FR_SAFE_2   seed 16  goal      clr  0.54  t  16.6  inf  34  N 25.4  mpc   4.8 ms  err 0.26
[267/450] latency=0.1 S2  FR_SAFE_2   seed 17  goal      clr  0.64  t  18.5  inf  37  N 25.2  mpc   4.8 ms  err 0.19
[268/450] latency=0.1 S2  FR_SAFE_2   seed 18  goal      clr  0.70  t  17.6  inf  36  N 22.0  mpc   4.0 ms  err 0.78
[269/450] latency=0.1 S2  FR_SAFE_2   seed 19  goal      clr  0.32  t  18.6  inf  38  N 24.8  mpc   4.9 ms  err 0.35
[270/450] latency=0.1 S2  FR_SAFE_2   seed 20  goal      clr  0.83  t  15.2  inf  31  N 24.6  mpc   4.5 ms  err 0.45
[271/450] latency=0.1 S2  FR_SAFE_2   seed 21  goal      clr  0.91  t  13.9  inf  28  N 25.0  mpc   4.5 ms  err 0.58
[272/450] latency=0.1 S2  FR_SAFE_2   seed 22  goal      clr  0.71  t  18.4  inf  37  N 23.5  mpc   4.5 ms  err 0.72
[273/450] latency=0.1 S2  FR_SAFE_2   seed 23  goal      clr  0.71  t  18.3  inf  37  N 24.0  mpc   4.6 ms  err 0.52
[274/450] latency=0.1 S2  FR_SAFE_2   seed 24  goal      clr  0.47  t  16.4  inf  33  N 25.7  mpc   4.9 ms  err 0.36
[275/450] latency=0.1 S2  FR_SAFE_2   seed 25  goal      clr  0.79  t  15.2  inf  31  N 25.5  mpc   4.8 ms  err 0.37
[276/450] latency=0.1 S2  FR_SAFE_2   seed 26  goal      clr  0.70  t  17.2  inf  35  N 24.6  mpc   4.5 ms  err 0.47
[277/450] latency=0.1 S2  FR_SAFE_2   seed 27  goal      clr  0.70  t  15.2  inf  31  N 25.6  mpc   4.8 ms  err 0.34
[278/450] latency=0.1 S2  FR_SAFE_2   seed 28  goal      clr  0.53  t  15.1  inf  31  N 25.9  mpc   4.8 ms  err 0.35
[279/450] latency=0.1 S2  FR_SAFE_2   seed 29  goal      clr  1.12  t  13.4  inf  27  N 24.9  mpc   4.4 ms  err 0.83
[280/450] latency=0.1 S2  FR_SAFE_2   seed 30  goal      clr  0.80  t  19.0  inf  38  N 21.1  mpc   3.7 ms  err 0.46
[281/450] latency=0.1 S2  FR_SAFE_2   seed 31  goal      clr  0.52  t  18.0  inf  37  N 25.7  mpc   5.2 ms  err 0.60
[282/450] latency=0.1 S2  FR_SAFE_2   seed 32  goal      clr  0.64  t  20.8  inf  42  N 23.7  mpc   4.4 ms  err 0.66
[283/450] latency=0.1 S2  FR_SAFE_2   seed 33  goal      clr  0.71  t  14.8  inf  30  N 25.1  mpc   4.9 ms  err 0.66
[284/450] latency=0.1 S2  FR_SAFE_2   seed 34  goal      clr  0.59  t  15.6  inf  32  N 23.3  mpc   4.5 ms  err 0.97
[285/450] latency=0.1 S2  FR_SAFE_2   seed 35  goal      clr  0.44  t  17.6  inf  36  N 24.5  mpc   4.4 ms  err 0.61
[286/450] latency=0.1 S2  FR_SAFE_2   seed 36  goal      clr  0.52  t  17.5  inf  36  N 25.7  mpc   5.0 ms  err 0.35
[287/450] latency=0.1 S2  FR_SAFE_2   seed 37  goal      clr  0.72  t  15.9  inf  32  N 25.8  mpc   4.5 ms  err 0.26
[288/450] latency=0.1 S2  FR_SAFE_2   seed 38  goal      clr  0.77  t  13.7  inf  28  N 25.9  mpc   4.9 ms  err 0.30
[289/450] latency=0.1 S2  FR_SAFE_2   seed 39  goal      clr  0.90  t  13.6  inf  28  N 24.8  mpc   4.5 ms  err 1.06
[290/450] latency=0.1 S2  FR_SAFE_2   seed 40  goal      clr  0.73  t  15.8  inf  32  N 25.2  mpc   4.5 ms  err 0.54
[291/450] latency=0.1 S2  FR_SAFE_2   seed 41  goal      clr  0.91  t  14.8  inf  30  N 25.5  mpc   4.8 ms  err 0.58
[292/450] latency=0.1 S2  FR_SAFE_2   seed 42  goal      clr  0.71  t  23.8  inf  48  N 23.6  mpc   4.6 ms  err 0.29
[293/450] latency=0.1 S2  FR_SAFE_2   seed 43  goal      clr  0.64  t  16.7  inf  34  N 24.3  mpc   4.4 ms  err 0.71
[294/450] latency=0.1 S2  FR_SAFE_2   seed 44  goal      clr  0.69  t  16.9  inf  34  N 23.3  mpc   4.2 ms  err 0.41
[295/450] latency=0.1 S2  FR_SAFE_2   seed 45  goal      clr  0.49  t  18.5  inf  38  N 23.9  mpc   4.3 ms  err 0.51
[296/450] latency=0.1 S2  FR_SAFE_2   seed 46  goal      clr  0.87  t  15.7  inf  32  N 24.8  mpc   4.4 ms  err 0.40
[297/450] latency=0.1 S2  FR_SAFE_2   seed 47  goal      clr  0.61  t  17.6  inf  36  N 23.8  mpc   4.4 ms  err 0.89
[298/450] latency=0.1 S2  FR_SAFE_2   seed 48  goal      clr  0.73  t  17.0  inf  34  N 24.8  mpc   4.6 ms  err 0.70
[299/450] latency=0.1 S2  FR_SAFE_2   seed 49  goal      clr  0.67  t  14.6  inf  30  N 25.6  mpc   4.8 ms  err 0.62
[300/450] latency=0.1 S2  FR_SAFE_2   seed 50  goal      clr  0.77  t  15.2  inf  31  N 24.0  mpc   4.3 ms  err 1.04
[301/450] latency=0.1 S2  FR_SAFE_3   seed  1  goal      clr  0.49  t  16.5  inf  49  N 25.2  mpc   4.9 ms  err 0.50
[302/450] latency=0.1 S2  FR_SAFE_3   seed  2  goal      clr  0.55  t  15.6  inf  46  N 25.2  mpc   4.7 ms  err 0.25
[303/450] latency=0.1 S2  FR_SAFE_3   seed  3  goal      clr  0.56  t  16.3  inf  48  N 24.6  mpc   4.5 ms  err 0.26
[304/450] latency=0.1 S2  FR_SAFE_3   seed  4  goal      clr  0.70  t  14.9  inf  44  N 24.2  mpc   4.4 ms  err 0.67
[305/450] latency=0.1 S2  FR_SAFE_3   seed  5  goal      clr  0.82  t  18.7  inf  55  N 23.6  mpc   4.3 ms  err 0.37
[306/450] latency=0.1 S2  FR_SAFE_3   seed  6  goal      clr  0.47  t  16.7  inf  50  N 25.0  mpc   4.7 ms  err 0.29
[307/450] latency=0.1 S2  FR_SAFE_3   seed  7  goal      clr  0.56  t  17.6  inf  52  N 23.9  mpc   4.4 ms  err 0.55
[308/450] latency=0.1 S2  FR_SAFE_3   seed  8  goal      clr  0.57  t  15.6  inf  46  N 24.1  mpc   4.4 ms  err 0.89
[309/450] latency=0.1 S2  FR_SAFE_3   seed  9  goal      clr  0.80  t  15.5  inf  46  N 24.0  mpc   4.3 ms  err 0.86
[310/450] latency=0.1 S2  FR_SAFE_3   seed 10  goal      clr  0.75  t  14.5  inf  43  N 25.3  mpc   4.5 ms  err 0.47
[311/450] latency=0.1 S2  FR_SAFE_3   seed 11  goal      clr  0.88  t  18.5  inf  55  N 25.4  mpc   4.4 ms  err 0.43
[312/450] latency=0.1 S2  FR_SAFE_3   seed 12  goal      clr  0.53  t  15.5  inf  46  N 25.9  mpc   4.6 ms  err 0.57
[313/450] latency=0.1 S2  FR_SAFE_3   seed 13  goal      clr  0.62  t  20.6  inf  61  N 23.9  mpc   4.3 ms  err 0.39
[314/450] latency=0.1 S2  FR_SAFE_3   seed 14  goal      clr  0.62  t  18.1  inf  54  N 21.5  mpc   3.8 ms  err 0.38
[315/450] latency=0.1 S2  FR_SAFE_3   seed 15  goal      clr  0.89  t  14.1  inf  42  N 25.0  mpc   4.4 ms  err 0.60
[316/450] latency=0.1 S2  FR_SAFE_3   seed 16  goal      clr  0.55  t  15.0  inf  45  N 23.8  mpc   4.1 ms  err 0.41
[317/450] latency=0.1 S2  FR_SAFE_3   seed 17  goal      clr  0.63  t  14.9  inf  44  N 25.2  mpc   4.5 ms  err 0.27
[318/450] latency=0.1 S2  FR_SAFE_3   seed 18  goal      clr  0.98  t  15.6  inf  46  N 24.1  mpc   4.4 ms  err 0.78
[319/450] latency=0.1 S2  FR_SAFE_3   seed 19  goal      clr  0.59  t  17.7  inf  52  N 24.0  mpc   4.4 ms  err 0.28
[320/450] latency=0.1 S2  FR_SAFE_3   seed 20  goal      clr  0.67  t  15.7  inf  47  N 24.2  mpc   4.4 ms  err 0.65
[321/450] latency=0.1 S2  FR_SAFE_3   seed 21  goal      clr  0.81  t  13.7  inf  41  N 24.7  mpc   4.4 ms  err 0.36
[322/450] latency=0.1 S2  FR_SAFE_3   seed 22  goal      clr  0.74  t  16.7  inf  50  N 22.7  mpc   4.1 ms  err 0.26
[323/450] latency=0.1 S2  FR_SAFE_3   seed 23  goal      clr  0.77  t  15.6  inf  46  N 24.7  mpc   4.6 ms  err 0.35
[324/450] latency=0.1 S2  FR_SAFE_3   seed 24  goal      clr  0.42  t  17.0  inf  51  N 24.8  mpc   4.6 ms  err 0.48
[325/450] latency=0.1 S2  FR_SAFE_3   seed 25  goal      clr  0.70  t  16.6  inf  49  N 25.5  mpc   4.6 ms  err 0.18
[326/450] latency=0.1 S2  FR_SAFE_3   seed 26  goal      clr  0.80  t  15.8  inf  47  N 24.8  mpc   4.2 ms  err 0.52
[327/450] latency=0.1 S2  FR_SAFE_3   seed 27  goal      clr  0.77  t  17.3  inf  51  N 25.0  mpc   4.6 ms  err 0.39
[328/450] latency=0.1 S2  FR_SAFE_3   seed 28  goal      clr  0.57  t  14.4  inf  43  N 26.2  mpc   4.6 ms  err 0.31
[329/450] latency=0.1 S2  FR_SAFE_3   seed 29  goal      clr  0.85  t  19.9  inf  59  N 22.5  mpc   4.1 ms  err 0.67
[330/450] latency=0.1 S2  FR_SAFE_3   seed 30  goal      clr  0.55  t  17.3  inf  51  N 24.3  mpc   4.3 ms  err 0.70
[331/450] latency=0.1 S2  FR_SAFE_3   seed 31  goal      clr  0.83  t  18.0  inf  53  N 23.6  mpc   4.1 ms  err 0.37
[332/450] latency=0.1 S2  FR_SAFE_3   seed 32  goal      clr  0.50  t  17.7  inf  53  N 26.1  mpc   5.0 ms  err 0.40
[333/450] latency=0.1 S2  FR_SAFE_3   seed 33  goal      clr  0.56  t  15.3  inf  46  N 23.8  mpc   4.1 ms  err 0.63
[334/450] latency=0.1 S2  FR_SAFE_3   seed 34  goal      clr  0.52  t  15.5  inf  46  N 23.2  mpc   4.3 ms  err 0.82
[335/450] latency=0.1 S2  FR_SAFE_3   seed 35  goal      clr  0.66  t  16.4  inf  49  N 24.0  mpc   4.5 ms  err 0.59
[336/450] latency=0.1 S2  FR_SAFE_3   seed 36  goal      clr  0.59  t  16.6  inf  49  N 22.2  mpc   4.0 ms  err 0.41
[337/450] latency=0.1 S2  FR_SAFE_3   seed 37  goal      clr  0.73  t  16.4  inf  49  N 24.2  mpc   4.5 ms  err 0.55
[338/450] latency=0.1 S2  FR_SAFE_3   seed 38  goal      clr  0.66  t  15.9  inf  47  N 25.7  mpc   4.8 ms  err 0.40
[339/450] latency=0.1 S2  FR_SAFE_3   seed 39  goal      clr  0.86  t  13.6  inf  40  N 24.9  mpc   4.6 ms  err 0.32
[340/450] latency=0.1 S2  FR_SAFE_3   seed 40  goal      clr  0.45  t  19.0  inf  56  N 24.7  mpc   4.8 ms  err 0.33
[341/450] latency=0.1 S2  FR_SAFE_3   seed 41  goal      clr  0.54  t  17.7  inf  52  N 25.8  mpc   4.8 ms  err 0.32
[342/450] latency=0.1 S2  FR_SAFE_3   seed 42  goal      clr  0.69  t  18.3  inf  54  N 24.2  mpc   4.4 ms  err 0.52
[343/450] latency=0.1 S2  FR_SAFE_3   seed 43  goal      clr  0.68  t  17.0  inf  51  N 24.2  mpc   4.4 ms  err 0.34
[344/450] latency=0.1 S2  FR_SAFE_3   seed 44  goal      clr  0.74  t  14.3  inf  43  N 24.7  mpc   4.5 ms  err 0.50
[345/450] latency=0.1 S2  FR_SAFE_3   seed 45  goal      clr  0.81  t  17.4  inf  52  N 24.9  mpc   4.4 ms  err 0.39
[346/450] latency=0.1 S2  FR_SAFE_3   seed 46  goal      clr  0.76  t  16.2  inf  48  N 23.9  mpc   4.1 ms  err 0.54
[347/450] latency=0.1 S2  FR_SAFE_3   seed 47  goal      clr  0.84  t  15.9  inf  47  N 23.5  mpc   4.2 ms  err 0.66
[348/450] latency=0.1 S2  FR_SAFE_3   seed 48  goal      clr  0.63  t  18.1  inf  54  N 23.5  mpc   4.4 ms  err 0.35
[349/450] latency=0.1 S2  FR_SAFE_3   seed 49  goal      clr  0.67  t  14.0  inf  42  N 24.7  mpc   4.5 ms  err 0.44
[350/450] latency=0.1 S2  FR_SAFE_3   seed 50  goal      clr  0.97  t  15.8  inf  47  N 23.4  mpc   4.0 ms  err 0.59
[351/450] latency=0.1 S2  FR_SAFE_5   seed  1  goal      clr  0.55  t  15.4  inf  77  N 24.3  mpc   4.7 ms  err 0.63
[352/450] latency=0.1 S2  FR_SAFE_5   seed  2  goal      clr  0.71  t  16.3  inf  82  N 24.8  mpc   4.7 ms  err 0.43
[353/450] latency=0.1 S2  FR_SAFE_5   seed  3  goal      clr  0.49  t  25.1  inf 126  N 25.1  mpc   5.1 ms  err 0.64
[354/450] latency=0.1 S2  FR_SAFE_5   seed  4  goal      clr  0.74  t  14.8  inf  75  N 24.4  mpc   4.5 ms  err 0.59
[355/450] latency=0.1 S2  FR_SAFE_5   seed  5  goal      clr  0.66  t  19.6  inf  99  N 23.8  mpc   4.4 ms  err 0.62
[356/450] latency=0.1 S2  FR_SAFE_5   seed  6  goal      clr  0.57  t  17.4  inf  87  N 24.8  mpc   4.9 ms  err 0.98
[357/450] latency=0.1 S2  FR_SAFE_5   seed  7  goal      clr  0.77  t  15.5  inf  78  N 25.0  mpc   4.6 ms  err 0.36
[358/450] latency=0.1 S2  FR_SAFE_5   seed  8  goal      clr  0.60  t  16.1  inf  81  N 25.5  mpc   4.8 ms  err 0.44
[359/450] latency=0.1 S2  FR_SAFE_5   seed  9  goal      clr  0.62  t  17.4  inf  87  N 24.5  mpc   4.6 ms  err 0.39
[360/450] latency=0.1 S2  FR_SAFE_5   seed 10  goal      clr  0.70  t  14.7  inf  74  N 25.5  mpc   4.8 ms  err 0.27
[361/450] latency=0.1 S2  FR_SAFE_5   seed 11  goal      clr  0.68  t  16.2  inf  82  N 25.8  mpc   4.8 ms  err 0.24
[362/450] latency=0.1 S2  FR_SAFE_5   seed 12  goal      clr  0.74  t  19.5  inf  98  N 21.7  mpc   4.0 ms  err 0.55
[363/450] latency=0.1 S2  FR_SAFE_5   seed 13  goal      clr  0.62  t  15.0  inf  76  N 24.6  mpc   4.6 ms  err 0.33
[364/450] latency=0.1 S2  FR_SAFE_5   seed 14  goal      clr  0.67  t  16.3  inf  82  N 20.8  mpc   3.8 ms  err 0.43
[365/450] latency=0.1 S2  FR_SAFE_5   seed 15  goal      clr  0.67  t  14.0  inf  70  N 24.6  mpc   4.6 ms  err 0.35
[366/450] latency=0.1 S2  FR_SAFE_5   seed 16  goal      clr  0.75  t  21.7  inf 109  N 22.8  mpc   4.3 ms  err 0.75
[367/450] latency=0.1 S2  FR_SAFE_5   seed 17  goal      clr  0.79  t  15.2  inf  76  N 24.2  mpc   4.5 ms  err 0.21
[368/450] latency=0.1 S2  FR_SAFE_5   seed 18  goal      clr  1.10  t  15.4  inf  77  N 24.9  mpc   4.7 ms  err 0.58
[369/450] latency=0.1 S2  FR_SAFE_5   seed 19  goal      clr  0.64  t  18.1  inf  91  N 22.8  mpc   4.1 ms  err 0.49
[370/450] latency=0.1 S2  FR_SAFE_5   seed 20  goal      clr  0.60  t  15.7  inf  79  N 24.9  mpc   4.7 ms  err 0.42
[371/450] latency=0.1 S2  FR_SAFE_5   seed 21  goal      clr  0.72  t  16.1  inf  81  N 23.1  mpc   4.2 ms  err 1.36
[372/450] latency=0.1 S2  FR_SAFE_5   seed 22  goal      clr  0.61  t  16.5  inf  83  N 23.9  mpc   4.3 ms  err 0.24
[373/450] latency=0.1 S2  FR_SAFE_5   seed 23  goal      clr  0.65  t  14.6  inf  74  N 25.4  mpc   4.7 ms  err 0.51
[374/450] latency=0.1 S2  FR_SAFE_5   seed 24  goal      clr  0.53  t  15.2  inf  77  N 25.7  mpc   5.0 ms  err 0.47
[375/450] latency=0.1 S2  FR_SAFE_5   seed 25  goal      clr  0.51  t  19.6  inf  99  N 24.9  mpc   4.8 ms  err 0.25
[376/450] latency=0.1 S2  FR_SAFE_5   seed 26  goal      clr  0.70  t  15.5  inf  78  N 25.1  mpc   4.6 ms  err 0.52
[377/450] latency=0.1 S2  FR_SAFE_5   seed 27  goal      clr  0.75  t  15.8  inf  79  N 26.3  mpc   5.0 ms  err 0.46
[378/450] latency=0.1 S2  FR_SAFE_5   seed 28  goal      clr  0.75  t  14.4  inf  72  N 26.0  mpc   4.7 ms  err 0.34
[379/450] latency=0.1 S2  FR_SAFE_5   seed 29  goal      clr  0.63  t  15.2  inf  76  N 25.8  mpc   5.0 ms  err 0.24
[380/450] latency=0.1 S2  FR_SAFE_5   seed 30  goal      clr  0.42  t  16.9  inf  85  N 24.5  mpc   4.6 ms  err 0.25
[381/450] latency=0.1 S2  FR_SAFE_5   seed 31  goal      clr  0.70  t  20.0  inf 101  N 23.7  mpc   4.5 ms  err 0.44
[382/450] latency=0.1 S2  FR_SAFE_5   seed 32  goal      clr  0.65  t  17.7  inf  89  N 25.7  mpc   5.2 ms  err 0.34
[383/450] latency=0.1 S2  FR_SAFE_5   seed 33  goal      clr  0.34  t  16.5  inf  83  N 24.0  mpc   4.8 ms  err 1.03
[384/450] latency=0.1 S2  FR_SAFE_5   seed 34  goal      clr  0.41  t  15.1  inf  76  N 25.1  mpc   4.7 ms  err 0.34
[385/450] latency=0.1 S2  FR_SAFE_5   seed 35  goal      clr  0.68  t  14.8  inf  74  N 25.9  mpc   4.8 ms  err 0.54
[386/450] latency=0.1 S2  FR_SAFE_5   seed 36  goal      clr  0.69  t  14.5  inf  73  N 24.1  mpc   4.5 ms  err 0.84
[387/450] latency=0.1 S2  FR_SAFE_5   seed 37  goal      clr  0.62  t  15.7  inf  79  N 25.7  mpc   5.0 ms  err 0.23
[388/450] latency=0.1 S2  FR_SAFE_5   seed 38  goal      clr  0.46  t  21.1  inf 106  N 24.1  mpc   5.0 ms  err 0.42
[389/450] latency=0.1 S2  FR_SAFE_5   seed 39  goal      clr  0.73  t  13.8  inf  70  N 24.3  mpc   4.6 ms  err 0.97
[390/450] latency=0.1 S2  FR_SAFE_5   seed 40  goal      clr  0.55  t  15.4  inf  77  N 25.8  mpc   5.4 ms  err 0.59
[391/450] latency=0.1 S2  FR_SAFE_5   seed 41  goal      clr  0.41  t  18.6  inf  93  N 26.0  mpc   5.3 ms  err 0.56
[392/450] latency=0.1 S2  FR_SAFE_5   seed 42  goal      clr  0.78  t  17.5  inf  88  N 25.0  mpc   4.9 ms  err 0.25
[393/450] latency=0.1 S2  FR_SAFE_5   seed 43  goal      clr  0.69  t  14.9  inf  75  N 24.7  mpc   4.8 ms  err 0.82
[394/450] latency=0.1 S2  FR_SAFE_5   seed 44  goal      clr  0.61  t  16.3  inf  82  N 24.7  mpc   4.8 ms  err 0.32
[395/450] latency=0.1 S2  FR_SAFE_5   seed 45  goal      clr  0.62  t  15.2  inf  76  N 25.2  mpc   4.6 ms  err 0.26
[396/450] latency=0.1 S2  FR_SAFE_5   seed 46  goal      clr  0.57  t  14.0  inf  70  N 25.2  mpc   4.7 ms  err 0.32
[397/450] latency=0.1 S2  FR_SAFE_5   seed 47  goal      clr  0.40  t  16.0  inf  80  N 24.2  mpc   4.6 ms  err 0.45
[398/450] latency=0.1 S2  FR_SAFE_5   seed 48  goal      clr  0.40  t  18.5  inf  93  N 24.1  mpc   4.5 ms  err 0.44
[399/450] latency=0.1 S2  FR_SAFE_5   seed 49  goal      clr  0.77  t  14.1  inf  71  N 25.0  mpc   4.5 ms  err 0.31
[400/450] latency=0.1 S2  FR_SAFE_5   seed 50  goal      clr  0.62  t  14.9  inf  75  N 24.6  mpc   4.6 ms  err 0.45
[401/450] latency=0.1 S2  FR_SAFE_10  seed  1  goal      clr  0.63  t  17.1  inf 141  N 22.3  mpc   4.1 ms  err 0.62
[402/450] latency=0.1 S2  FR_SAFE_10  seed  2  goal      clr  0.72  t  15.5  inf 127  N 24.5  mpc   4.5 ms  err 0.38
[403/450] latency=0.1 S2  FR_SAFE_10  seed  3  goal      clr  0.64  t  15.8  inf 132  N 25.5  mpc   4.8 ms  err 0.38
[404/450] latency=0.1 S2  FR_SAFE_10  seed  4  goal      clr  0.67  t  16.2  inf 137  N 24.9  mpc   4.7 ms  err 0.35
[405/450] latency=0.1 S2  FR_SAFE_10  seed  5  goal      clr  0.48  t  21.2  inf 169  N 24.9  mpc   4.8 ms  err 0.50
[406/450] latency=0.1 S2  FR_SAFE_10  seed  6  goal      clr  0.61  t  18.4  inf 149  N 24.6  mpc   4.7 ms  err 0.48
[407/450] latency=0.1 S2  FR_SAFE_10  seed  7  goal      clr  0.79  t  14.3  inf 115  N 24.6  mpc   4.5 ms  err 0.27
[408/450] latency=0.1 S2  FR_SAFE_10  seed  8  goal      clr  0.56  t  14.7  inf 122  N 25.0  mpc   4.7 ms  err 0.35
[409/450] latency=0.1 S2  FR_SAFE_10  seed  9  goal      clr  0.59  t  17.0  inf 141  N 25.3  mpc   4.7 ms  err 0.45
[410/450] latency=0.1 S2  FR_SAFE_10  seed 10  goal      clr  0.71  t  14.8  inf 118  N 25.3  mpc   4.7 ms  err 0.38
[411/450] latency=0.1 S2  FR_SAFE_10  seed 11  goal      clr  0.53  t  16.0  inf 129  N 25.5  mpc   4.9 ms  err 0.20
[412/450] latency=0.1 S2  FR_SAFE_10  seed 12  goal      clr  0.76  t  17.2  inf 140  N 24.0  mpc   4.5 ms  err 0.42
[413/450] latency=0.1 S2  FR_SAFE_10  seed 13  goal      clr  0.42  t  21.8  inf 180  N 21.0  mpc   4.1 ms  err 0.54
[414/450] latency=0.1 S2  FR_SAFE_10  seed 14  goal      clr  0.70  t  18.2  inf 148  N 19.8  mpc   3.6 ms  err 0.61
[415/450] latency=0.1 S2  FR_SAFE_10  seed 15  goal      clr  0.72  t  14.2  inf 115  N 24.4  mpc   4.5 ms  err 0.42
[416/450] latency=0.1 S2  FR_SAFE_10  seed 16  goal      clr  0.60  t  16.9  inf 140  N 24.9  mpc   4.9 ms  err 0.38
[417/450] latency=0.1 S2  FR_SAFE_10  seed 17  goal      clr  0.64  t  15.7  inf 135  N 24.1  mpc   4.5 ms  err 0.27
[418/450] latency=0.1 S2  FR_SAFE_10  seed 18  goal      clr  1.05  t  16.0  inf 134  N 23.5  mpc   4.4 ms  err 0.50
[419/450] latency=0.1 S2  FR_SAFE_10  seed 19  goal      clr  0.54  t  16.5  inf 139  N 24.1  mpc   4.3 ms  err 0.30
[420/450] latency=0.1 S2  FR_SAFE_10  seed 20  goal      clr  0.60  t  20.2  inf 166  N 22.9  mpc   4.3 ms  err 0.50
[421/450] latency=0.1 S2  FR_SAFE_10  seed 21  goal      clr  0.72  t  18.3  inf 148  N 20.9  mpc   3.7 ms  err 0.33
[422/450] latency=0.1 S2  FR_SAFE_10  seed 22  goal      clr  0.51  t  15.3  inf 130  N 23.8  mpc   4.5 ms  err 0.32
[423/450] latency=0.1 S2  FR_SAFE_10  seed 23  goal      clr  0.44  t  16.9  inf 138  N 24.8  mpc   4.8 ms  err 0.40
[424/450] latency=0.1 S2  FR_SAFE_10  seed 24  goal      clr  0.63  t  15.4  inf 126  N 25.2  mpc   4.9 ms  err 0.55
[425/450] latency=0.1 S2  FR_SAFE_10  seed 25  goal      clr  0.51  t  19.2  inf 156  N 24.3  mpc   4.8 ms  err 0.62
[426/450] latency=0.1 S2  FR_SAFE_10  seed 26  goal      clr  0.68  t  15.7  inf 129  N 23.9  mpc   4.4 ms  err 0.30
[427/450] latency=0.1 S2  FR_SAFE_10  seed 27  goal      clr  0.51  t  15.8  inf 129  N 25.2  mpc   4.9 ms  err 0.46
[428/450] latency=0.1 S2  FR_SAFE_10  seed 28  goal      clr  0.57  t  17.3  inf 142  N 22.5  mpc   4.0 ms  err 0.36
[429/450] latency=0.1 S2  FR_SAFE_10  seed 29  goal      clr  0.58  t  15.3  inf 127  N 25.5  mpc   4.8 ms  err 0.23
[430/450] latency=0.1 S2  FR_SAFE_10  seed 30  goal      clr  0.59  t  16.5  inf 133  N 24.5  mpc   4.7 ms  err 0.36
[431/450] latency=0.1 S2  FR_SAFE_10  seed 31  goal      clr  0.54  t  18.5  inf 152  N 23.4  mpc   4.5 ms  err 0.67
[432/450] latency=0.1 S2  FR_SAFE_10  seed 32  goal      clr  0.18  t  17.1  inf 139  N 25.0  mpc   4.6 ms  err 0.72
[433/450] latency=0.1 S2  FR_SAFE_10  seed 33  goal      clr  0.69  t  14.7  inf 121  N 24.6  mpc   4.7 ms  err 0.47
[434/450] latency=0.1 S2  FR_SAFE_10  seed 34  goal      clr  0.62  t  14.1  inf 120  N 25.2  mpc   4.6 ms  err 0.35
[435/450] latency=0.1 S2  FR_SAFE_10  seed 35  goal      clr  0.47  t  15.1  inf 127  N 24.5  mpc   4.8 ms  err 0.67
[436/450] latency=0.1 S2  FR_SAFE_10  seed 36  goal      clr  0.64  t  14.8  inf 125  N 24.3  mpc   4.6 ms  err 0.58
[437/450] latency=0.1 S2  FR_SAFE_10  seed 37  goal      clr  0.57  t  15.1  inf 125  N 26.3  mpc   5.0 ms  err 0.21
[438/450] latency=0.1 S2  FR_SAFE_10  seed 38  goal      clr  0.50  t  16.9  inf 137  N 23.3  mpc   4.5 ms  err 0.64
[439/450] latency=0.1 S2  FR_SAFE_10  seed 39  goal      clr  0.69  t  13.7  inf 109  N 24.8  mpc   4.7 ms  err 0.80
[440/450] latency=0.1 S2  FR_SAFE_10  seed 40  goal      clr  0.63  t  17.4  inf 145  N 25.1  mpc   4.8 ms  err 0.40
[441/450] latency=0.1 S2  FR_SAFE_10  seed 41  goal      clr  0.73  t  16.5  inf 136  N 26.1  mpc   5.1 ms  err 0.52
[442/450] latency=0.1 S2  FR_SAFE_10  seed 42  goal      clr  0.69  t  16.9  inf 138  N 25.0  mpc   4.8 ms  err 0.57
[443/450] latency=0.1 S2  FR_SAFE_10  seed 43  goal      clr  0.78  t  17.1  inf 139  N 23.5  mpc   4.4 ms  err 0.81
[444/450] latency=0.1 S2  FR_SAFE_10  seed 44  goal      clr  0.63  t  17.4  inf 142  N 23.3  mpc   4.5 ms  err 0.43
[445/450] latency=0.1 S2  FR_SAFE_10  seed 45  goal      clr  0.53  t  15.3  inf 127  N 25.5  mpc   4.8 ms  err 0.32
[446/450] latency=0.1 S2  FR_SAFE_10  seed 46  goal      clr  0.53  t  13.9  inf 113  N 24.9  mpc   4.6 ms  err 0.51
[447/450] latency=0.1 S2  FR_SAFE_10  seed 47  goal      clr  0.56  t  16.0  inf 130  N 23.8  mpc   4.4 ms  err 0.60
[448/450] latency=0.1 S2  FR_SAFE_10  seed 48  goal      clr  0.35  t  19.4  inf 162  N 23.7  mpc   4.5 ms  err 0.53
[449/450] latency=0.1 S2  FR_SAFE_10  seed 49  goal      clr  0.77  t  13.9  inf 118  N 25.5  mpc   4.6 ms  err 0.42
[450/450] latency=0.1 S2  FR_SAFE_10  seed 50  goal      clr  0.48  t  15.6  inf 132  N 24.8  mpc   4.6 ms  err 0.55
