[  1/400] S1  A_FR_FN     seed  1  goal      clr  0.41  t  13.5  inf 126  N 20.0  mpc   4.9 ms  err 0.16
[  2/400] S1  A_FR_FN     seed  2  goal      clr  0.41  t  13.7  inf 127  N 20.0  mpc   4.5 ms  err 0.23
[  3/400] S1  A_FR_FN     seed  3  goal      clr  0.42  t  14.2  inf 134  N 20.0  mpc   4.3 ms  err 0.16
[  4/400] S1  A_FR_FN     seed  4  goal      clr  0.53  t  13.6  inf 129  N 20.0  mpc   4.1 ms  err 0.12
[  5/400] S1  A_FR_FN     seed  5  goal      clr  0.39  t  14.2  inf 128  N 20.0  mpc   4.2 ms  err 0.27
[  6/400] S1  A_FR_FN     seed  6  goal      clr  0.44  t  13.5  inf 126  N 20.0  mpc   4.0 ms  err 0.12
[  7/400] S1  A_FR_FN     seed  7  goal      clr  0.44  t  13.3  inf 122  N 20.0  mpc   3.9 ms  err 0.21
[  8/400] S1  A_FR_FN     seed  8  goal      clr  0.46  t  13.9  inf 131  N 20.0  mpc   4.1 ms  err 0.15
[  9/400] S1  A_FR_FN     seed  9  goal      clr  0.41  t  13.7  inf 127  N 20.0  mpc   4.0 ms  err 0.21
[ 10/400] S1  A_FR_FN     seed 10  goal      clr  0.40  t  13.6  inf 124  N 20.0  mpc   4.1 ms  err 0.20
[ 11/400] S1  A_FR_FN     seed 11  goal      clr  0.51  t  13.4  inf 121  N 20.0  mpc   3.9 ms  err 0.21
[ 12/400] S1  A_FR_FN     seed 12  goal      clr  0.45  t  13.6  inf 126  N 20.0  mpc   4.1 ms  err 0.16
[ 13/400] S1  A_FR_FN     seed 13  goal      clr  0.45  t  13.7  inf 129  N 20.0  mpc   4.0 ms  err 0.13
[ 14/400] S1  A_FR_FN     seed 14  goal      clr  0.34  t  14.1  inf 131  N 20.0  mpc   4.1 ms  err 0.30
[ 15/400] S1  A_FR_FN     seed 15  goal      clr  0.39  t  14.3  inf 132  N 20.0  mpc   4.1 ms  err 0.20
[ 16/400] S1  A_FR_FN     seed 16  goal      clr  0.47  t  13.3  inf 126  N 20.0  mpc   3.9 ms  err 0.15
[ 17/400] S1  A_FR_FN     seed 17  goal      clr  0.42  t  13.5  inf 128  N 20.0  mpc   4.0 ms  err 0.15
[ 18/400] S1  A_FR_FN     seed 18  goal      clr  0.41  t  13.7  inf 128  N 20.0  mpc   4.1 ms  err 0.15
[ 19/400] S1  A_FR_FN     seed 19  goal      clr  0.35  t  14.1  inf 133  N 20.0  mpc   4.1 ms  err 0.15
[ 20/400] S1  A_FR_FN     seed 20  goal      clr  0.19  t  13.6  inf 127  N 20.0  mpc   4.0 ms  err 0.28
[ 21/400] S1  A_FR_FN     seed 21  goal      clr  0.49  t  13.5  inf 125  N 20.0  mpc   4.0 ms  err 0.15
[ 22/400] S1  A_FR_FN     seed 22  goal      clr  0.48  t  13.3  inf 126  N 20.0  mpc   3.9 ms  err 0.23
[ 23/400] S1  A_FR_FN     seed 23  goal      clr  0.40  t  13.5  inf 125  N 20.0  mpc   4.0 ms  err 0.19
[ 24/400] S1  A_FR_FN     seed 24  goal      clr  0.52  t  13.3  inf 125  N 20.0  mpc   3.8 ms  err 0.23
[ 25/400] S1  A_FR_FN     seed 25  goal      clr  0.46  t  13.5  inf 126  N 20.0  mpc   3.9 ms  err 0.16
[ 26/400] S1  A_FR_FN     seed 26  goal      clr  0.50  t  13.6  inf 126  N 20.0  mpc   4.0 ms  err 0.27
[ 27/400] S1  A_FR_FN     seed 27  goal      clr  0.43  t  13.6  inf 125  N 20.0  mpc   4.0 ms  err 0.09
[ 28/400] S1  A_FR_FN     seed 28  goal      clr  0.40  t  13.5  inf 127  N 20.0  mpc   3.9 ms  err 0.20
[ 29/400] S1  A_FR_FN     seed 29  goal      clr  0.39  t  13.8  inf 130  N 20.0  mpc   4.1 ms  err 0.21
[ 30/400] S1  A_FR_FN     seed 30  goal      clr  0.59  t  13.4  inf 123  N 20.0  mpc   3.9 ms  err 0.21
[ 31/400] S1  A_FR_FN     seed 31  goal      clr  0.44  t  13.8  inf 129  N 20.0  mpc   4.0 ms  err 0.22
[ 32/400] S1  A_FR_FN     seed 32  goal      clr  0.38  t  13.9  inf 130  N 20.0  mpc   4.1 ms  err 0.13
[ 33/400] S1  A_FR_FN     seed 33  goal      clr  0.49  t  13.4  inf 124  N 20.0  mpc   3.9 ms  err 0.15
[ 34/400] S1  A_FR_FN     seed 34  goal      clr  0.44  t  13.8  inf 132  N 20.0  mpc   4.1 ms  err 0.13
[ 35/400] S1  A_FR_FN     seed 35  goal      clr  0.47  t  13.9  inf 132  N 20.0  mpc   4.2 ms  err 0.15
[ 36/400] S1  A_FR_FN     seed 36  goal      clr  0.43  t  13.4  inf 127  N 20.0  mpc   4.0 ms  err 0.19
[ 37/400] S1  A_FR_FN     seed 37  goal      clr  0.39  t  13.9  inf 131  N 20.0  mpc   4.1 ms  err 0.15
[ 38/400] S1  A_FR_FN     seed 38  goal      clr  0.45  t  13.9  inf 129  N 20.0  mpc   4.1 ms  err 0.27
[ 39/400] S1  A_FR_FN     seed 39  goal      clr  0.41  t  14.1  inf 128  N 20.0  mpc   4.2 ms  err 0.09
[ 40/400] S1  A_FR_FN     seed 40  goal      clr  0.47  t  13.5  inf 127  N 20.0  mpc   4.0 ms  err 0.18
[ 41/400] S1  A_FR_FN     seed 41  goal      clr  0.44  t  13.9  inf 129  N 20.0  mpc   4.1 ms  err 0.22
[ 42/400] S1  A_FR_FN     seed 42  goal      clr  0.50  t  13.7  inf 128  N 20.0  mpc   4.1 ms  err 0.22
[ 43/400] S1  A_FR_FN     seed 43  goal      clr  0.38  t  13.9  inf 128  N 20.0  mpc   4.1 ms  err 0.22
[ 44/400] S1  A_FR_FN     seed 44  goal      clr  0.39  t  13.3  inf 122  N 20.0  mpc   3.9 ms  err 0.16
[ 45/400] S1  A_FR_FN     seed 45  goal      clr  0.33  t  13.8  inf 129  N 20.0  mpc   4.2 ms  err 0.32
[ 46/400] S1  A_FR_FN     seed 46  goal      clr  0.43  t  13.6  inf 126  N 20.0  mpc   4.1 ms  err 0.19
[ 47/400] S1  A_FR_FN     seed 47  goal      clr  0.38  t  14.2  inf 131  N 20.0  mpc   4.1 ms  err 0.17
[ 48/400] S1  A_FR_FN     seed 48  goal      clr  0.38  t  13.6  inf 127  N 20.0  mpc   4.0 ms  err 0.25
[ 49/400] S1  A_FR_FN     seed 49  goal      clr  0.49  t  13.5  inf 128  N 20.0  mpc   4.0 ms  err 0.15
[ 50/400] S1  A_FR_FN     seed 50  goal      clr  0.36  t  13.6  inf 129  N 20.0  mpc   4.0 ms  err 0.11
[ 51/400] S1  B_AP_FN     seed  1  goal      clr  0.43  t  13.5  inf  81  N 20.0  mpc   4.0 ms  err 0.14
[ 52/400] S1  B_AP_FN     seed  2  goal      clr  0.45  t  13.6  inf  73  N 20.0  mpc   4.1 ms  err 0.22
[ 53/400] S1  B_AP_FN     seed  3  goal      clr  0.43  t  24.3  inf 165  N 20.0  mpc   4.6 ms  err 0.29
[ 54/400] S1  B_AP_FN     seed  4  goal      clr  0.48  t  13.5  inf  74  N 20.0  mpc   4.3 ms  err 0.20
[ 55/400] S1  B_AP_FN     seed  5  goal      clr  0.35  t  14.3  inf  74  N 20.0  mpc   4.2 ms  err 0.29
[ 56/400] S1  B_AP_FN     seed  6  goal      clr  0.51  t  13.5  inf  72  N 20.0  mpc   4.0 ms  err 0.12
[ 57/400] S1  B_AP_FN     seed  7  goal      clr  0.35  t  13.3  inf  74  N 20.0  mpc   3.9 ms  err 0.21
[ 58/400] S1  B_AP_FN     seed  8  goal      clr  0.26  t  13.8  inf  77  N 20.0  mpc   4.1 ms  err 0.24
[ 59/400] S1  B_AP_FN     seed  9  goal      clr  0.35  t  13.7  inf  70  N 20.0  mpc   4.0 ms  err 0.20
[ 60/400] S1  B_AP_FN     seed 10  goal      clr  0.25  t  13.6  inf  76  N 20.0  mpc   4.0 ms  err 0.45
[ 61/400] S1  B_AP_FN     seed 11  goal      clr  0.42  t  13.4  inf  67  N 20.0  mpc   3.8 ms  err 0.23
[ 62/400] S1  B_AP_FN     seed 12  goal      clr  0.45  t  13.5  inf  84  N 20.0  mpc   4.0 ms  err 0.13
[ 63/400] S1  B_AP_FN     seed 13  goal      clr  0.45  t  13.5  inf  79  N 20.0  mpc   4.0 ms  err 0.14
[ 64/400] S1  B_AP_FN     seed 14  goal      clr  0.39  t  14.1  inf  74  N 20.0  mpc   4.2 ms  err 0.21
[ 65/400] S1  B_AP_FN     seed 15  goal      clr  0.36  t  14.6  inf  74  N 20.0  mpc   4.2 ms  err 0.21
[ 66/400] S1  B_AP_FN     seed 16  goal      clr  0.50  t  13.3  inf  68  N 20.0  mpc   3.9 ms  err 0.32
[ 67/400] S1  B_AP_FN     seed 17  goal      clr  0.48  t  13.5  inf  70  N 20.0  mpc   4.0 ms  err 0.19
[ 68/400] S1  B_AP_FN     seed 18  goal      clr  0.46  t  13.7  inf  79  N 20.0  mpc   4.1 ms  err 0.24
[ 69/400] S1  B_AP_FN     seed 19  goal      clr  0.33  t  14.0  inf  84  N 20.0  mpc   4.1 ms  err 0.16
[ 70/400] S1  B_AP_FN     seed 20  goal      clr  0.15  t  13.6  inf  72  N 20.0  mpc   4.1 ms  err 0.33
[ 71/400] S1  B_AP_FN     seed 21  goal      clr  0.46  t  13.4  inf  75  N 20.0  mpc   4.0 ms  err 0.22
[ 72/400] S1  B_AP_FN     seed 22  goal      clr  0.49  t  13.3  inf  66  N 20.0  mpc   4.0 ms  err 0.31
[ 73/400] S1  B_AP_FN     seed 23  goal      clr  0.50  t  13.4  inf  72  N 20.0  mpc   4.0 ms  err 0.26
[ 74/400] S1  B_AP_FN     seed 24  goal      clr  0.52  t  13.3  inf  68  N 20.0  mpc   3.9 ms  err 0.25
[ 75/400] S1  B_AP_FN     seed 25  goal      clr  0.48  t  13.6  inf  77  N 20.0  mpc   3.9 ms  err 0.15
[ 76/400] S1  B_AP_FN     seed 26  goal      clr  0.37  t  13.7  inf  72  N 20.0  mpc   4.1 ms  err 0.18
[ 77/400] S1  B_AP_FN     seed 27  goal      clr  0.42  t  13.6  inf  79  N 20.0  mpc   4.0 ms  err 0.11
[ 78/400] S1  B_AP_FN     seed 28  goal      clr  0.38  t  13.5  inf  72  N 20.0  mpc   4.0 ms  err 0.27
[ 79/400] S1  B_AP_FN     seed 29  goal      clr  0.32  t  13.9  inf  85  N 20.0  mpc   4.1 ms  err 0.18
[ 80/400] S1  B_AP_FN     seed 30  goal      clr  0.57  t  13.5  inf  69  N 20.0  mpc   3.9 ms  err 0.21
[ 81/400] S1  B_AP_FN     seed 31  goal      clr  0.47  t  13.7  inf  77  N 20.0  mpc   4.0 ms  err 0.23
[ 82/400] S1  B_AP_FN     seed 32  goal      clr  0.40  t  14.0  inf  79  N 20.0  mpc   4.2 ms  err 0.17
[ 83/400] S1  B_AP_FN     seed 33  goal      clr  0.52  t  13.4  inf  73  N 20.0  mpc   3.9 ms  err 0.13
[ 84/400] S1  B_AP_FN     seed 34  goal      clr  0.42  t  13.5  inf  74  N 20.0  mpc   4.1 ms  err 0.19
[ 85/400] S1  B_AP_FN     seed 35  goal      clr  0.44  t  13.8  inf  79  N 20.0  mpc   4.2 ms  err 0.21
[ 86/400] S1  B_AP_FN     seed 36  goal      clr  0.39  t  13.4  inf  76  N 20.0  mpc   4.0 ms  err 0.25
[ 87/400] S1  B_AP_FN     seed 37  goal      clr  0.41  t  13.8  inf  73  N 20.0  mpc   4.1 ms  err 0.19
[ 88/400] S1  B_AP_FN     seed 38  goal      clr  0.45  t  13.8  inf  82  N 20.0  mpc   4.1 ms  err 0.23
[ 89/400] S1  B_AP_FN     seed 39  goal      clr  0.45  t  14.1  inf  86  N 20.0  mpc   4.2 ms  err 0.14
[ 90/400] S1  B_AP_FN     seed 40  goal      clr  0.47  t  13.5  inf  77  N 20.0  mpc   4.1 ms  err 0.23
[ 91/400] S1  B_AP_FN     seed 41  goal      clr  0.49  t  13.8  inf  80  N 20.0  mpc   4.2 ms  err 0.21
[ 92/400] S1  B_AP_FN     seed 42  goal      clr  0.43  t  13.8  inf  72  N 20.0  mpc   4.1 ms  err 0.29
[ 93/400] S1  B_AP_FN     seed 43  goal      clr  0.41  t  13.6  inf  70  N 20.0  mpc   4.1 ms  err 0.18
[ 94/400] S1  B_AP_FN     seed 44  goal      clr  0.45  t  13.3  inf  67  N 20.0  mpc   4.0 ms  err 0.14
[ 95/400] S1  B_AP_FN     seed 45  goal      clr  0.40  t  13.8  inf  75  N 20.0  mpc   4.2 ms  err 0.34
[ 96/400] S1  B_AP_FN     seed 46  goal      clr  0.40  t  13.6  inf  76  N 20.0  mpc   4.2 ms  err 0.20
[ 97/400] S1  B_AP_FN     seed 47  goal      clr  0.40  t  14.2  inf  74  N 20.0  mpc   4.3 ms  err 0.23
[ 98/400] S1  B_AP_FN     seed 48  goal      clr  0.35  t  13.6  inf  82  N 20.0  mpc   4.1 ms  err 0.28
[ 99/400] S1  B_AP_FN     seed 49  goal      clr  0.45  t  13.4  inf  77  N 20.0  mpc   4.0 ms  err 0.23
[100/400] S1  B_AP_FN     seed 50  goal      clr  0.36  t  13.6  inf  81  N 20.0  mpc   4.1 ms  err 0.17
[101/400] S1  C_FR_AN     seed  1  goal      clr  0.45  t  13.7  inf 128  N 25.6  mpc   5.8 ms  err 0.13
[102/400] S1  C_FR_AN     seed  2  goal      clr  0.41  t  13.7  inf 128  N 24.8  mpc   5.6 ms  err 0.20
[103/400] S1  C_FR_AN     seed  3  goal      clr  0.42  t  14.5  inf 136  N 25.6  mpc   6.1 ms  err 0.15
[104/400] S1  C_FR_AN     seed  4  goal      clr  0.55  t  13.7  inf 130  N 25.1  mpc   5.7 ms  err 0.13
[105/400] S1  C_FR_AN     seed  5  goal      clr  0.19  t  14.3  inf 129  N 25.1  mpc   5.9 ms  err 0.42
[106/400] S1  C_FR_AN     seed  6  goal      clr  0.49  t  13.7  inf 128  N 24.7  mpc   5.5 ms  err 0.13
[107/400] S1  C_FR_AN     seed  7  goal      clr  0.43  t  13.5  inf 123  N 25.0  mpc   5.4 ms  err 0.20
[108/400] S1  C_FR_AN     seed  8  goal      clr  0.41  t  14.0  inf 132  N 25.5  mpc   5.9 ms  err 0.14
[109/400] S1  C_FR_AN     seed  9  goal      clr  0.44  t  13.9  inf 129  N 25.5  mpc   5.8 ms  err 0.19
[110/400] S1  C_FR_AN     seed 10  goal      clr  0.36  t  13.8  inf 125  N 24.7  mpc   5.6 ms  err 0.21
[111/400] S1  C_FR_AN     seed 11  goal      clr  0.47  t  13.6  inf 123  N 25.3  mpc   5.6 ms  err 0.23
[112/400] S1  C_FR_AN     seed 12  goal      clr  0.47  t  13.8  inf 128  N 25.7  mpc   5.9 ms  err 0.16
[113/400] S1  C_FR_AN     seed 13  goal      clr  0.47  t  13.8  inf 130  N 25.4  mpc   5.8 ms  err 0.13
[114/400] S1  C_FR_AN     seed 14  goal      clr  0.39  t  14.5  inf 135  N 25.9  mpc   6.1 ms  err 0.25
[115/400] S1  C_FR_AN     seed 15  goal      clr  0.35  t  14.6  inf 134  N 25.1  mpc   6.0 ms  err 0.16
[116/400] S1  C_FR_AN     seed 16  goal      clr  0.50  t  13.5  inf 127  N 24.8  mpc   5.5 ms  err 0.27
[117/400] S1  C_FR_AN     seed 17  goal      clr  0.45  t  13.6  inf 129  N 24.5  mpc   5.4 ms  err 0.15
[118/400] S1  C_FR_AN     seed 18  goal      clr  0.38  t  14.0  inf 131  N 25.7  mpc   6.0 ms  err 0.15
[119/400] S1  C_FR_AN     seed 19  goal      clr  0.36  t  14.2  inf 134  N 25.7  mpc   5.9 ms  err 0.19
[120/400] S1  C_FR_AN     seed 20  goal      clr  0.19  t  13.7  inf 127  N 24.7  mpc   5.6 ms  err 0.28
[121/400] S1  C_FR_AN     seed 21  goal      clr  0.51  t  13.7  inf 126  N 25.4  mpc   5.8 ms  err 0.14
[122/400] S1  C_FR_AN     seed 22  goal      clr  0.46  t  13.5  inf 128  N 25.1  mpc   5.6 ms  err 0.22
[123/400] S1  C_FR_AN     seed 23  goal      clr  0.48  t  13.7  inf 127  N 24.8  mpc   5.6 ms  err 0.20
[124/400] S1  C_FR_AN     seed 24  goal      clr  0.52  t  13.5  inf 126  N 25.0  mpc   5.5 ms  err 0.23
[125/400] S1  C_FR_AN     seed 25  goal      clr  0.47  t  13.7  inf 127  N 25.2  mpc   5.6 ms  err 0.19
[126/400] S1  C_FR_AN     seed 26  goal      clr  0.49  t  13.7  inf 127  N 24.7  mpc   5.9 ms  err 0.23
[127/400] S1  C_FR_AN     seed 27  goal      clr  0.42  t  13.7  inf 127  N 25.3  mpc   5.7 ms  err 0.10
[128/400] S1  C_FR_AN     seed 28  goal      clr  0.40  t  13.6  inf 128  N 25.6  mpc   5.8 ms  err 0.20
[129/400] S1  C_FR_AN     seed 29  goal      clr  0.42  t  14.3  inf 134  N 25.6  mpc   5.9 ms  err 0.15
[130/400] S1  C_FR_AN     seed 30  goal      clr  0.60  t  13.6  inf 125  N 24.8  mpc   5.6 ms  err 0.20
[131/400] S1  C_FR_AN     seed 31  goal      clr  0.43  t  13.9  inf 130  N 25.1  mpc   5.7 ms  err 0.21
[132/400] S1  C_FR_AN     seed 32  goal      clr  0.39  t  14.1  inf 131  N 25.3  mpc   5.9 ms  err 0.13
[133/400] S1  C_FR_AN     seed 33  goal      clr  0.50  t  13.5  inf 125  N 24.9  mpc   5.5 ms  err 0.14
[134/400] S1  C_FR_AN     seed 34  goal      clr  0.42  t  13.9  inf 132  N 24.9  mpc   5.6 ms  err 0.19
[135/400] S1  C_FR_AN     seed 35  goal      clr  0.49  t  13.9  inf 132  N 25.4  mpc   5.9 ms  err 0.14
[136/400] S1  C_FR_AN     seed 36  goal      clr  0.44  t  13.6  inf 129  N 25.3  mpc   5.7 ms  err 0.21
[137/400] S1  C_FR_AN     seed 37  goal      clr  0.39  t  14.0  inf 132  N 24.4  mpc   5.6 ms  err 0.17
[138/400] S1  C_FR_AN     seed 38  goal      clr  0.36  t  16.8  inf 156  N 25.3  mpc   6.1 ms  err 0.36
[139/400] S1  C_FR_AN     seed 39  goal      clr  0.42  t  14.1  inf 128  N 25.9  mpc   6.1 ms  err 0.12
[140/400] S1  C_FR_AN     seed 40  goal      clr  0.46  t  13.6  inf 128  N 25.3  mpc   5.8 ms  err 0.19
[141/400] S1  C_FR_AN     seed 41  goal      clr  0.48  t  13.9  inf 129  N 25.5  mpc   5.9 ms  err 0.20
[142/400] S1  C_FR_AN     seed 42  goal      clr  0.37  t  13.9  inf 131  N 25.4  mpc   5.9 ms  err 0.20
[143/400] S1  C_FR_AN     seed 43  goal      clr  0.42  t  13.8  inf 127  N 25.2  mpc   5.8 ms  err 0.22
[144/400] S1  C_FR_AN     seed 44  goal      clr  0.40  t  13.4  inf 124  N 24.7  mpc   5.5 ms  err 0.19
[145/400] S1  C_FR_AN     seed 45  goal      clr  0.34  t  13.9  inf 130  N 25.0  mpc   5.8 ms  err 0.38
[146/400] S1  C_FR_AN     seed 46  goal      clr  0.43  t  13.8  inf 128  N 25.4  mpc   5.8 ms  err 0.20
[147/400] S1  C_FR_AN     seed 47  goal      clr  0.43  t  14.1  inf 130  N 25.1  mpc   5.9 ms  err 0.25
[148/400] S1  C_FR_AN     seed 48  goal      clr  0.33  t  13.8  inf 129  N 25.5  mpc   5.8 ms  err 0.18
[149/400] S1  C_FR_AN     seed 49  goal      clr  0.52  t  13.6  inf 130  N 25.2  mpc   5.6 ms  err 0.15
[150/400] S1  C_FR_AN     seed 50  goal      clr  0.36  t  13.7  inf 130  N 25.1  mpc   5.6 ms  err 0.12
[151/400] S1  D_AP_AN     seed  1  goal      clr  0.41  t  13.7  inf  82  N 25.5  mpc   5.8 ms  err 0.14
[152/400] S1  D_AP_AN     seed  2  goal      clr  0.47  t  13.7  inf  74  N 25.1  mpc   5.7 ms  err 0.22
[153/400] S1  D_AP_AN     seed  3  goal      clr  0.41  t  14.4  inf  86  N 25.8  mpc   6.1 ms  err 0.25
[154/400] S1  D_AP_AN     seed  4  goal      clr  0.51  t  13.7  inf  71  N 25.3  mpc   5.7 ms  err 0.17
[155/400] S1  D_AP_AN     seed  5  goal      clr  0.27  t  14.2  inf  76  N 25.5  mpc   6.2 ms  err 0.31
[156/400] S1  D_AP_AN     seed  6  goal      clr  0.49  t  13.6  inf  69  N 25.3  mpc   5.6 ms  err 0.16
[157/400] S1  D_AP_AN     seed  7  goal      clr  0.32  t  13.7  inf  74  N 25.4  mpc   5.7 ms  err 0.25
[158/400] S1  D_AP_AN     seed  8  goal      clr  0.30  t  13.9  inf  82  N 25.9  mpc   6.1 ms  err 0.21
[159/400] S1  D_AP_AN     seed  9  goal      clr  0.32  t  13.7  inf  71  N 25.5  mpc   5.8 ms  err 0.22
[160/400] S1  D_AP_AN     seed 10  goal      clr  0.21  t  13.8  inf  77  N 25.3  mpc   5.9 ms  err 0.43
[161/400] S1  D_AP_AN     seed 11  goal      clr  0.46  t  13.5  inf  66  N 25.5  mpc   5.6 ms  err 0.24
[162/400] S1  D_AP_AN     seed 12  goal      clr  0.42  t  13.7  inf  83  N 25.9  mpc   5.9 ms  err 0.15
[163/400] S1  D_AP_AN     seed 13  goal      clr  0.42  t  13.8  inf  79  N 25.7  mpc   5.9 ms  err 0.14
[164/400] S1  D_AP_AN     seed 14  goal      clr  0.42  t  14.2  inf  75  N 26.0  mpc   6.1 ms  err 0.27
[165/400] S1  D_AP_AN     seed 15  goal      clr  0.44  t  14.3  inf  77  N 25.3  mpc   5.9 ms  err 0.26
[166/400] S1  D_AP_AN     seed 16  goal      clr  0.50  t  13.5  inf  68  N 25.1  mpc   5.5 ms  err 0.28
[167/400] S1  D_AP_AN     seed 17  goal      clr  0.44  t  13.8  inf  70  N 24.9  mpc   5.6 ms  err 0.18
[168/400] S1  D_AP_AN     seed 18  goal      clr  0.45  t  13.8  inf  82  N 25.6  mpc   6.0 ms  err 0.24
[169/400] S1  D_AP_AN     seed 19  goal      clr  0.36  t  14.4  inf  88  N 25.7  mpc   6.1 ms  err 0.22
[170/400] S1  D_AP_AN     seed 20  goal      clr  0.21  t  13.7  inf  69  N 24.8  mpc   5.7 ms  err 0.33
[171/400] S1  D_AP_AN     seed 21  goal      clr  0.49  t  13.6  inf  73  N 25.6  mpc   5.8 ms  err 0.20
[172/400] S1  D_AP_AN     seed 22  goal      clr  0.45  t  13.5  inf  65  N 25.4  mpc   5.7 ms  err 0.32
[173/400] S1  D_AP_AN     seed 23  goal      clr  0.45  t  13.6  inf  70  N 24.9  mpc   5.6 ms  err 0.31
[174/400] S1  D_AP_AN     seed 24  goal      clr  0.44  t  13.5  inf  70  N 25.3  mpc   5.5 ms  err 0.28
[175/400] S1  D_AP_AN     seed 25  goal      clr  0.43  t  13.7  inf  75  N 25.6  mpc   5.7 ms  err 0.20
[176/400] S1  D_AP_AN     seed 26  goal      clr  0.36  t  13.8  inf  74  N 25.2  mpc   5.7 ms  err 0.21
[177/400] S1  D_AP_AN     seed 27  goal      clr  0.44  t  13.7  inf  78  N 25.8  mpc   5.7 ms  err 0.11
[178/400] S1  D_AP_AN     seed 28  goal      clr  0.41  t  13.6  inf  72  N 25.8  mpc   5.9 ms  err 0.21
[179/400] S1  D_AP_AN     seed 29  goal      clr  0.31  t  14.0  inf  85  N 25.7  mpc   6.0 ms  err 0.15
[180/400] S1  D_AP_AN     seed 30  goal      clr  0.57  t  13.6  inf  67  N 25.3  mpc   5.6 ms  err 0.21
[181/400] S1  D_AP_AN     seed 31  goal      clr  0.43  t  13.9  inf  72  N 25.3  mpc   5.7 ms  err 0.15
[182/400] S1  D_AP_AN     seed 32  goal      clr  0.39  t  14.0  inf  77  N 25.5  mpc   6.0 ms  err 0.26
[183/400] S1  D_AP_AN     seed 33  goal      clr  0.55  t  13.5  inf  73  N 25.1  mpc   5.6 ms  err 0.14
[184/400] S1  D_AP_AN     seed 34  goal      clr  0.41  t  13.7  inf  74  N 25.0  mpc   5.7 ms  err 0.21
[185/400] S1  D_AP_AN     seed 35  goal      clr  0.43  t  13.9  inf  78  N 25.6  mpc   6.1 ms  err 0.28
[186/400] S1  D_AP_AN     seed 36  goal      clr  0.45  t  13.5  inf  75  N 25.5  mpc   5.8 ms  err 0.33
[187/400] S1  D_AP_AN     seed 37  goal      clr  0.38  t  14.3  inf  75  N 25.4  mpc   6.0 ms  err 0.39
[188/400] S1  D_AP_AN     seed 38  goal      clr  0.28  t  14.2  inf  84  N 26.1  mpc   6.1 ms  err 0.31
[189/400] S1  D_AP_AN     seed 39  goal      clr  0.43  t  14.2  inf  84  N 25.8  mpc   6.1 ms  err 0.14
[190/400] S1  D_AP_AN     seed 40  goal      clr  0.48  t  13.6  inf  77  N 25.5  mpc   5.8 ms  err 0.26
[191/400] S1  D_AP_AN     seed 41  goal      clr  0.38  t  14.3  inf  84  N 25.9  mpc   6.0 ms  err 0.21
[192/400] S1  D_AP_AN     seed 42  goal      clr  0.52  t  13.8  inf  72  N 25.6  mpc   6.0 ms  err 0.20
[193/400] S1  D_AP_AN     seed 43  goal      clr  0.44  t  13.7  inf  70  N 25.2  mpc   5.7 ms  err 0.20
[194/400] S1  D_AP_AN     seed 44  goal      clr  0.45  t  13.4  inf  65  N 25.0  mpc   5.5 ms  err 0.15
[195/400] S1  D_AP_AN     seed 45  goal      clr  0.37  t  13.9  inf  76  N 25.5  mpc   5.9 ms  err 0.33
[196/400] S1  D_AP_AN     seed 46  goal      clr  0.43  t  13.8  inf  74  N 25.5  mpc   5.9 ms  err 0.22
[197/400] S1  D_AP_AN     seed 47  goal      clr  0.43  t  14.2  inf  72  N 25.3  mpc   5.9 ms  err 0.22
[198/400] S1  D_AP_AN     seed 48  goal      clr  0.41  t  13.8  inf  84  N 25.6  mpc   5.8 ms  err 0.24
[199/400] S1  D_AP_AN     seed 49  goal      clr  0.44  t  13.5  inf  77  N 25.6  mpc   5.7 ms  err 0.18
[200/400] S1  D_AP_AN     seed 50  goal      clr  0.38  t  13.8  inf  83  N 25.7  mpc   5.9 ms  err 0.17
[201/400] S1  E_DART      seed  1  goal      clr  0.61  t  14.3  inf  78  N 25.8  mpc   6.4 ms  err 0.14
[202/400] S1  E_DART      seed  2  goal      clr  0.50  t  14.9  inf  74  N 25.3  mpc   6.4 ms  err 0.22
[203/400] S1  E_DART      seed  3  goal      clr  0.47  t  16.0  inf  94  N 25.9  mpc   6.8 ms  err 0.31
[204/400] S1  E_DART      seed  4  goal      clr  0.57  t  14.6  inf  77  N 25.6  mpc   6.3 ms  err 0.20
[205/400] S1  E_DART      seed  5  goal      clr  0.52  t  15.5  inf  82  N 24.8  mpc   6.1 ms  err 0.23
[206/400] S1  E_DART      seed  6  goal      clr  0.61  t  14.0  inf  68  N 25.3  mpc   5.9 ms  err 0.25
[207/400] S1  E_DART      seed  7  goal      clr  0.46  t  15.2  inf  76  N 24.6  mpc   6.0 ms  err 0.25
[208/400] S1  E_DART      seed  8  goal      clr  0.66  t  20.1  inf  98  N 23.8  mpc   5.9 ms  err 0.24
[209/400] S1  E_DART      seed  9  goal      clr  0.47  t  15.9  inf  80  N 24.7  mpc   6.1 ms  err 0.29
[210/400] S1  E_DART      seed 10  goal      clr  0.52  t  14.3  inf  72  N 25.3  mpc   6.2 ms  err 0.27
[211/400] S1  E_DART      seed 11  goal      clr  0.56  t  15.1  inf  71  N 25.5  mpc   6.2 ms  err 0.27
[212/400] S1  E_DART      seed 12  goal      clr  0.49  t  15.5  inf  76  N 26.0  mpc   6.3 ms  err 0.20
[213/400] S1  E_DART      seed 13  goal      clr  0.62  t  14.2  inf  74  N 25.7  mpc   6.3 ms  err 0.19
[214/400] S1  E_DART      seed 14  goal      clr  0.54  t  15.1  inf  81  N 25.8  mpc   6.4 ms  err 0.21
[215/400] S1  E_DART      seed 15  goal      clr  0.49  t  15.5  inf  67  N 25.0  mpc   6.2 ms  err 0.27
[216/400] S1  E_DART      seed 16  goal      clr  0.74  t  14.2  inf  65  N 25.3  mpc   6.1 ms  err 0.25
[217/400] S1  E_DART      seed 17  goal      clr  0.65  t  14.0  inf  67  N 25.0  mpc   6.1 ms  err 0.33
[218/400] S1  E_DART      seed 18  goal      clr  0.65  t  14.4  inf  78  N 25.8  mpc   6.4 ms  err 0.18
[219/400] S1  E_DART      seed 19  goal      clr  0.55  t  15.8  inf  91  N 26.0  mpc   6.8 ms  err 0.23
[220/400] S1  E_DART      seed 20  goal      clr  0.60  t  14.8  inf  76  N 25.1  mpc   6.0 ms  err 0.41
[221/400] S1  E_DART      seed 21  goal      clr  0.65  t  15.0  inf  68  N 25.7  mpc   6.4 ms  err 0.15
[222/400] S1  E_DART      seed 22  goal      clr  0.60  t  13.9  inf  68  N 25.5  mpc   6.1 ms  err 0.30
[223/400] S1  E_DART      seed 23  goal      clr  0.60  t  14.7  inf  74  N 24.5  mpc   5.9 ms  err 0.24
[224/400] S1  E_DART      seed 24  goal      clr  0.55  t  13.8  inf  68  N 25.2  mpc   5.9 ms  err 0.21
[225/400] S1  E_DART      seed 25  goal      clr  0.61  t  16.2  inf  76  N 25.9  mpc   6.5 ms  err 0.17
[226/400] S1  E_DART      seed 26  goal      clr  0.57  t  14.2  inf  70  N 25.1  mpc   6.2 ms  err 0.19
[227/400] S1  E_DART      seed 27  goal      clr  0.55  t  14.3  inf  78  N 25.8  mpc   6.2 ms  err 0.09
[228/400] S1  E_DART      seed 28  goal      clr  0.55  t  14.0  inf  69  N 25.8  mpc   6.1 ms  err 0.28
[229/400] S1  E_DART      seed 29  goal      clr  0.55  t  15.8  inf  74  N 26.1  mpc   6.7 ms  err 0.22
[230/400] S1  E_DART      seed 30  goal      clr  0.69  t  14.4  inf  71  N 25.3  mpc   6.2 ms  err 0.26
[231/400] S1  E_DART      seed 31  goal      clr  0.55  t  14.8  inf  77  N 25.3  mpc   6.2 ms  err 0.20
[232/400] S1  E_DART      seed 32  goal      clr  0.66  t  14.6  inf  81  N 25.7  mpc   6.3 ms  err 0.22
[233/400] S1  E_DART      seed 33  goal      clr  0.61  t  14.3  inf  70  N 25.2  mpc   6.2 ms  err 0.15
[234/400] S1  E_DART      seed 34  goal      clr  0.57  t  14.9  inf  74  N 25.4  mpc   6.2 ms  err 0.16
[235/400] S1  E_DART      seed 35  goal      clr  0.59  t  14.5  inf  78  N 25.9  mpc   6.2 ms  err 0.34
[236/400] S1  E_DART      seed 36  goal      clr  0.48  t  16.6  inf  75  N 25.3  mpc   6.3 ms  err 0.23
[237/400] S1  E_DART      seed 37  goal      clr  0.51  t  14.2  inf  74  N 25.4  mpc   6.1 ms  err 0.19
[238/400] S1  E_DART      seed 38  goal      clr  0.63  t  14.7  inf  87  N 25.9  mpc   6.3 ms  err 0.19
[239/400] S1  E_DART      seed 39  goal      clr  0.60  t  14.4  inf  81  N 26.0  mpc   6.3 ms  err 0.13
[240/400] S1  E_DART      seed 40  goal      clr  0.50  t  16.1  inf  71  N 25.1  mpc   6.0 ms  err 0.27
[241/400] S1  E_DART      seed 41  goal      clr  0.59  t  17.2  inf  67  N 24.6  mpc   6.0 ms  err 0.21
[242/400] S1  E_DART      seed 42  goal      clr  0.60  t  14.7  inf  69  N 25.8  mpc   6.4 ms  err 0.19
[243/400] S1  E_DART      seed 43  goal      clr  0.75  t  15.7  inf  67  N 25.5  mpc   6.2 ms  err 0.22
[244/400] S1  E_DART      seed 44  goal      clr  0.65  t  14.4  inf  61  N 25.2  mpc   6.0 ms  err 0.16
[245/400] S1  E_DART      seed 45  goal      clr  0.47  t  15.2  inf  83  N 25.6  mpc   6.3 ms  err 0.26
[246/400] S1  E_DART      seed 46  goal      clr  0.57  t  14.0  inf  76  N 25.6  mpc   6.0 ms  err 0.20
[247/400] S1  E_DART      seed 47  goal      clr  0.59  t  14.8  inf  65  N 25.1  mpc   6.2 ms  err 0.21
[248/400] S1  E_DART      seed 48  goal      clr  0.50  t  15.5  inf  84  N 26.0  mpc   6.5 ms  err 0.23
[249/400] S1  E_DART      seed 49  goal      clr  0.62  t  14.0  inf  76  N 25.7  mpc   6.2 ms  err 0.17
[250/400] S1  E_DART      seed 50  goal      clr  0.56  t  14.4  inf  74  N 25.7  mpc   6.3 ms  err 0.18
[251/400] S1  F_NODELAY   seed  1  goal      clr  0.79  t  15.0  inf 104  N 25.7  mpc   7.0 ms  err 0.97
[252/400] S1  F_NODELAY   seed  2  goal      clr  0.37  t  35.5  inf 233  N 23.3  mpc   6.8 ms  err 1.57
[253/400] S1  F_NODELAY   seed  3  collision clr -0.00  t  32.0  inf 223  N 25.6  mpc   8.4 ms  err 1.13
[254/400] S1  F_NODELAY   seed  4  goal      clr  0.05  t  27.4  inf 185  N 25.1  mpc   7.0 ms  err 1.11
[255/400] S1  F_NODELAY   seed  5  timeout   clr  0.18  t  40.0  inf 262  N 23.2  mpc   6.6 ms  err 1.13
[256/400] S1  F_NODELAY   seed  6  timeout   clr  0.25  t  40.0  inf 245  N 24.6  mpc   7.3 ms  err 1.23
[257/400] S1  F_NODELAY   seed  7  goal      clr  0.13  t  21.6  inf 143  N 25.9  mpc   7.5 ms  err 0.96
[258/400] S1  F_NODELAY   seed  8  collision clr -0.00  t   4.6  inf  33  N 21.7  mpc   6.0 ms  err 1.76
[259/400] S1  F_NODELAY   seed  9  goal      clr  0.11  t  20.6  inf 106  N 23.6  mpc   6.1 ms  err 1.25
[260/400] S1  F_NODELAY   seed 10  goal      clr  0.60  t  20.4  inf 149  N 27.5  mpc   7.8 ms  err 1.05
[261/400] S1  F_NODELAY   seed 11  goal      clr  0.43  t  22.5  inf 123  N 23.5  mpc   6.1 ms  err 1.08
[262/400] S1  F_NODELAY   seed 12  goal      clr  0.40  t  21.7  inf 152  N 26.6  mpc   7.7 ms  err 1.22
[263/400] S1  F_NODELAY   seed 13  goal      clr  0.04  t  26.6  inf 177  N 26.3  mpc   7.5 ms  err 1.55
[264/400] S1  F_NODELAY   seed 14  collision clr -0.01  t  23.0  inf 175  N 26.8  mpc   7.7 ms  err 1.12
[265/400] S1  F_NODELAY   seed 15  collision clr -0.01  t  21.5  inf 144  N 22.9  mpc   6.3 ms  err 1.57
[266/400] S1  F_NODELAY   seed 16  goal      clr  0.53  t  16.3  inf 100  N 25.7  mpc   6.4 ms  err 1.04
[267/400] S1  F_NODELAY   seed 17  goal      clr  0.35  t  19.6  inf 142  N 25.4  mpc   6.9 ms  err 0.95
[268/400] S1  F_NODELAY   seed 18  goal      clr  0.46  t  17.3  inf 101  N 26.1  mpc   6.6 ms  err 1.19
[269/400] S1  F_NODELAY   seed 19  goal      clr  0.20  t  32.0  inf 225  N 25.8  mpc   7.7 ms  err 1.10
[270/400] S1  F_NODELAY   seed 20  collision clr -0.01  t   2.9  inf  22  N 25.1  mpc   7.3 ms  err 1.77
[271/400] S1  F_NODELAY   seed 21  goal      clr  0.36  t  27.5  inf 161  N 24.5  mpc   6.6 ms  err 1.03
[272/400] S1  F_NODELAY   seed 22  goal      clr  0.47  t  20.3  inf 153  N 26.4  mpc   7.3 ms  err 1.08
[273/400] S1  F_NODELAY   seed 23  goal      clr  0.40  t  23.5  inf 166  N 25.1  mpc   7.0 ms  err 0.86
[274/400] S1  F_NODELAY   seed 24  goal      clr  0.26  t  16.8  inf  99  N 26.5  mpc   6.8 ms  err 1.13
[275/400] S1  F_NODELAY   seed 25  timeout   clr  0.11  t  40.0  inf 253  N 20.0  mpc   5.3 ms  err 1.11
[276/400] S1  F_NODELAY   seed 26  goal      clr  0.53  t  17.0  inf 123  N 25.8  mpc   6.7 ms  err 0.94
[277/400] S1  F_NODELAY   seed 27  goal      clr  0.05  t  26.9  inf 193  N 25.6  mpc   7.4 ms  err 1.22
[278/400] S1  F_NODELAY   seed 28  goal      clr  0.15  t  24.2  inf 183  N 26.9  mpc   7.5 ms  err 1.53
[279/400] S1  F_NODELAY   seed 29  goal      clr  0.10  t  20.6  inf 138  N 25.0  mpc   6.8 ms  err 1.11
[280/400] S1  F_NODELAY   seed 30  collision clr -0.01  t   5.4  inf  46  N 27.3  mpc   8.5 ms  err 1.57
[281/400] S1  F_NODELAY   seed 31  collision clr -0.01  t  16.9  inf 147  N 28.5  mpc   8.1 ms  err 1.27
[282/400] S1  F_NODELAY   seed 32  goal      clr  0.11  t  33.2  inf 226  N 26.0  mpc   7.7 ms  err 1.10
[283/400] S1  F_NODELAY   seed 33  goal      clr  0.44  t  16.7  inf 104  N 25.6  mpc   6.7 ms  err 0.95
[284/400] S1  F_NODELAY   seed 34  goal      clr  0.24  t  21.3  inf 133  N 23.6  mpc   6.6 ms  err 1.28
[285/400] S1  F_NODELAY   seed 35  goal      clr  0.48  t  15.2  inf  96  N 26.2  mpc   6.4 ms  err 1.16
[286/400] S1  F_NODELAY   seed 36  goal      clr  0.59  t  24.8  inf 191  N 26.9  mpc   7.9 ms  err 1.18
[287/400] S1  F_NODELAY   seed 37  goal      clr  0.48  t  15.0  inf  83  N 26.0  mpc   6.3 ms  err 1.05
[288/400] S1  F_NODELAY   seed 38  goal      clr  0.48  t  20.4  inf 145  N 26.5  mpc   7.3 ms  err 1.37
[289/400] S1  F_NODELAY   seed 39  goal      clr  0.59  t  19.8  inf 127  N 26.3  mpc   7.5 ms  err 1.20
[290/400] S1  F_NODELAY   seed 40  goal      clr  0.07  t  26.8  inf 164  N 24.5  mpc   6.9 ms  err 1.27
[291/400] S1  F_NODELAY   seed 41  goal      clr  0.11  t  24.7  inf 150  N 26.8  mpc   7.5 ms  err 1.18
[292/400] S1  F_NODELAY   seed 42  goal      clr  0.20  t  26.3  inf 170  N 25.1  mpc   6.9 ms  err 1.34
[293/400] S1  F_NODELAY   seed 43  goal      clr  0.58  t  20.4  inf 119  N 24.8  mpc   6.4 ms  err 1.22
[294/400] S1  F_NODELAY   seed 44  goal      clr  0.48  t  23.4  inf 148  N 24.3  mpc   6.5 ms  err 1.07
[295/400] S1  F_NODELAY   seed 45  goal      clr  0.53  t  19.9  inf 119  N 25.0  mpc   6.7 ms  err 1.00
[296/400] S1  F_NODELAY   seed 46  goal      clr  0.10  t  18.0  inf 126  N 26.1  mpc   7.1 ms  err 1.09
[297/400] S1  F_NODELAY   seed 47  goal      clr  0.07  t  24.4  inf 151  N 26.3  mpc   7.3 ms  err 1.20
[298/400] S1  F_NODELAY   seed 48  collision clr -0.02  t  16.2  inf 119  N 27.9  mpc   8.4 ms  err 1.01
[299/400] S1  F_NODELAY   seed 49  goal      clr  0.53  t  15.7  inf 114  N 26.7  mpc   6.9 ms  err 1.09
[300/400] S1  F_NODELAY   seed 50  goal      clr  0.42  t  19.3  inf 136  N 26.7  mpc   7.3 ms  err 1.05
[301/400] S1  G_FR_LOW    seed  1  goal      clr  0.45  t  14.9  inf  44  N 26.0  mpc   6.4 ms  err 0.17
[302/400] S1  G_FR_LOW    seed  2  goal      clr  0.46  t  15.8  inf  47  N 24.8  mpc   6.3 ms  err 0.29
[303/400] S1  G_FR_LOW    seed  3  timeout   clr  0.46  t  40.0  inf 118  N 27.3  mpc   8.8 ms  err 0.57
[304/400] S1  G_FR_LOW    seed  4  goal      clr  0.60  t  14.6  inf  43  N 25.7  mpc   6.4 ms  err 0.26
[305/400] S1  G_FR_LOW    seed  5  goal      clr  0.65  t  16.4  inf  49  N 25.6  mpc   6.5 ms  err 0.55
[306/400] S1  G_FR_LOW    seed  6  goal      clr  0.69  t  14.3  inf  43  N 24.9  mpc   5.8 ms  err 0.14
[307/400] S1  G_FR_LOW    seed  7  goal      clr  0.55  t  14.4  inf  43  N 25.4  mpc   6.1 ms  err 0.26
[308/400] S1  G_FR_LOW    seed  8  goal      clr  0.67  t  14.9  inf  44  N 25.6  mpc   6.3 ms  err 0.23
[309/400] S1  G_FR_LOW    seed  9  goal      clr  0.43  t  15.5  inf  46  N 25.1  mpc   6.1 ms  err 0.33
[310/400] S1  G_FR_LOW    seed 10  goal      clr  0.63  t  15.2  inf  45  N 25.5  mpc   6.3 ms  err 0.23
[311/400] S1  G_FR_LOW    seed 11  goal      clr  0.70  t  14.2  inf  42  N 25.5  mpc   5.9 ms  err 0.20
[312/400] S1  G_FR_LOW    seed 12  goal      clr  0.49  t  15.4  inf  46  N 25.9  mpc   6.4 ms  err 0.30
[313/400] S1  G_FR_LOW    seed 13  goal      clr  0.70  t  14.1  inf  42  N 26.0  mpc   6.2 ms  err 0.16
[314/400] S1  G_FR_LOW    seed 14  goal      clr  0.60  t  20.0  inf  59  N 26.3  mpc   6.9 ms  err 0.14
[315/400] S1  G_FR_LOW    seed 15  goal      clr  0.60  t  16.1  inf  48  N 25.4  mpc   6.5 ms  err 0.20
[316/400] S1  G_FR_LOW    seed 16  goal      clr  0.64  t  14.3  inf  43  N 25.3  mpc   6.0 ms  err 0.18
[317/400] S1  G_FR_LOW    seed 17  goal      clr  0.66  t  14.1  inf  42  N 25.2  mpc   6.1 ms  err 0.20
[318/400] S1  G_FR_LOW    seed 18  goal      clr  0.70  t  14.3  inf  43  N 25.6  mpc   6.2 ms  err 0.16
[319/400] S1  G_FR_LOW    seed 19  goal      clr  0.50  t  15.4  inf  46  N 26.0  mpc   6.4 ms  err 0.18
[320/400] S1  G_FR_LOW    seed 20  goal      clr  0.75  t  14.6  inf  43  N 25.4  mpc   6.0 ms  err 0.35
[321/400] S1  G_FR_LOW    seed 21  goal      clr  0.83  t  14.3  inf  43  N 25.4  mpc   6.1 ms  err 0.16
[322/400] S1  G_FR_LOW    seed 22  goal      clr  0.53  t  14.0  inf  42  N 25.5  mpc   5.9 ms  err 0.21
[323/400] S1  G_FR_LOW    seed 23  goal      clr  0.51  t  14.9  inf  44  N 25.2  mpc   6.2 ms  err 0.28
[324/400] S1  G_FR_LOW    seed 24  goal      clr  0.63  t  14.4  inf  43  N 25.6  mpc   6.0 ms  err 0.23
[325/400] S1  G_FR_LOW    seed 25  goal      clr  0.63  t  15.1  inf  45  N 25.8  mpc   6.2 ms  err 0.14
[326/400] S1  G_FR_LOW    seed 26  goal      clr  0.54  t  14.7  inf  44  N 25.5  mpc   6.3 ms  err 0.26
[327/400] S1  G_FR_LOW    seed 27  goal      clr  0.59  t  14.5  inf  43  N 25.7  mpc   6.2 ms  err 0.09
[328/400] S1  G_FR_LOW    seed 28  goal      clr  0.58  t  14.2  inf  42  N 25.9  mpc   6.1 ms  err 0.29
[329/400] S1  G_FR_LOW    seed 29  timeout   clr  0.58  t  40.0  inf 118  N 16.7  mpc   4.3 ms  err 0.47
[330/400] S1  G_FR_LOW    seed 30  goal      clr  0.62  t  14.7  inf  44  N 25.5  mpc   6.2 ms  err 0.31
[331/400] S1  G_FR_LOW    seed 31  goal      clr  0.56  t  15.3  inf  45  N 25.6  mpc   6.3 ms  err 0.15
[332/400] S1  G_FR_LOW    seed 32  goal      clr  0.51  t  14.9  inf  44  N 25.8  mpc   6.6 ms  err 0.23
[333/400] S1  G_FR_LOW    seed 33  goal      clr  0.65  t  14.4  inf  43  N 25.5  mpc   6.2 ms  err 0.14
[334/400] S1  G_FR_LOW    seed 34  goal      clr  0.62  t  14.7  inf  44  N 25.3  mpc   6.2 ms  err 0.15
[335/400] S1  G_FR_LOW    seed 35  goal      clr  0.64  t  14.4  inf  43  N 25.8  mpc   7.3 ms  err 0.28
[336/400] S1  G_FR_LOW    seed 36  goal      clr  0.57  t  17.3  inf  51  N 24.5  mpc   6.0 ms  err 0.20
[337/400] S1  G_FR_LOW    seed 37  goal      clr  0.66  t  15.9  inf  47  N 25.4  mpc   6.3 ms  err 0.17
[338/400] S1  G_FR_LOW    seed 38  goal      clr  0.67  t  15.6  inf  46  N 26.1  mpc   6.4 ms  err 0.19
[339/400] S1  G_FR_LOW    seed 39  goal      clr  0.56  t  15.4  inf  46  N 25.9  mpc   6.5 ms  err 0.14
[340/400] S1  G_FR_LOW    seed 40  goal      clr  0.56  t  14.6  inf  43  N 25.8  mpc   6.1 ms  err 0.27
[341/400] S1  G_FR_LOW    seed 41  goal      clr  0.35  t  18.9  inf  56  N 25.6  mpc   6.9 ms  err 0.25
[342/400] S1  G_FR_LOW    seed 42  goal      clr  0.65  t  14.8  inf  44  N 25.7  mpc   6.2 ms  err 0.21
[343/400] S1  G_FR_LOW    seed 43  goal      clr  0.59  t  15.3  inf  45  N 25.5  mpc   6.0 ms  err 0.27
[344/400] S1  G_FR_LOW    seed 44  goal      clr  0.60  t  18.2  inf  54  N 25.4  mpc   6.2 ms  err 0.27
[345/400] S1  G_FR_LOW    seed 45  goal      clr  0.56  t  15.7  inf  47  N 25.3  mpc   6.4 ms  err 0.17
[346/400] S1  G_FR_LOW    seed 46  goal      clr  0.58  t  14.1  inf  42  N 26.6  mpc   6.2 ms  err 0.29
[347/400] S1  G_FR_LOW    seed 47  goal      clr  0.52  t  15.9  inf  47  N 24.6  mpc   6.0 ms  err 0.29
[348/400] S1  G_FR_LOW    seed 48  goal      clr  0.63  t  15.8  inf  47  N 25.9  mpc   6.4 ms  err 0.23
[349/400] S1  G_FR_LOW    seed 49  goal      clr  0.63  t  13.9  inf  41  N 25.4  mpc   6.0 ms  err 0.18
[350/400] S1  G_FR_LOW    seed 50  goal      clr  0.32  t  16.9  inf  50  N 26.4  mpc   6.5 ms  err 0.32
[351/400] S1  Z_ZHUYI     seed  1  goal      clr  0.43  t  14.6  inf  61  N 26.1  mpc   6.4 ms  err 0.20
[352/400] S1  Z_ZHUYI     seed  2  goal      clr  0.50  t  14.6  inf  52  N 25.5  mpc   6.4 ms  err 0.22
[353/400] S1  Z_ZHUYI     seed  3  goal      clr  0.46  t  17.0  inf  66  N 25.9  mpc   6.8 ms  err 0.20
[354/400] S1  Z_ZHUYI     seed  4  goal      clr  0.59  t  14.2  inf  52  N 25.7  mpc   6.4 ms  err 0.19
[355/400] S1  Z_ZHUYI     seed  5  goal      clr  0.62  t  15.4  inf  56  N 25.7  mpc   6.4 ms  err 0.53
[356/400] S1  Z_ZHUYI     seed  6  goal      clr  0.64  t  13.9  inf  51  N 25.6  mpc   6.0 ms  err 0.18
[357/400] S1  Z_ZHUYI     seed  7  goal      clr  0.49  t  14.2  inf  54  N 25.4  mpc   6.1 ms  err 0.28
[358/400] S1  Z_ZHUYI     seed  8  goal      clr  0.55  t  23.3  inf  59  N 22.2  mpc   5.5 ms  err 0.44
[359/400] S1  Z_ZHUYI     seed  9  goal      clr  0.45  t  14.3  inf  40  N 25.6  mpc   6.1 ms  err 0.32
[360/400] S1  Z_ZHUYI     seed 10  goal      clr  0.47  t  16.5  inf  50  N 25.6  mpc   6.6 ms  err 0.17
[361/400] S1  Z_ZHUYI     seed 11  goal      clr  0.62  t  14.5  inf  47  N 25.8  mpc   6.3 ms  err 0.25
[362/400] S1  Z_ZHUYI     seed 12  goal      clr  0.30  t  17.3  inf  57  N 25.5  mpc   6.5 ms  err 0.30
[363/400] S1  Z_ZHUYI     seed 13  goal      clr  0.62  t  20.0  inf  55  N 23.4  mpc   5.6 ms  err 0.16
[364/400] S1  Z_ZHUYI     seed 14  goal      clr  0.57  t  19.8  inf  54  N 23.5  mpc   5.8 ms  err 0.31
[365/400] S1  Z_ZHUYI     seed 15  goal      clr  0.53  t  14.3  inf  53  N 25.4  mpc   6.4 ms  err 0.30
[366/400] S1  Z_ZHUYI     seed 16  goal      clr  0.74  t  14.0  inf  42  N 25.1  mpc   6.3 ms  err 0.23
[367/400] S1  Z_ZHUYI     seed 17  goal      clr  0.64  t  20.8  inf  42  N 25.2  mpc   6.6 ms  err 0.28
[368/400] S1  Z_ZHUYI     seed 18  goal      clr  0.44  t  15.1  inf  63  N 25.6  mpc   6.7 ms  err 0.29
[369/400] S1  Z_ZHUYI     seed 19  goal      clr  0.59  t  22.6  inf  62  N 24.0  mpc   6.6 ms  err 0.33
[370/400] S1  Z_ZHUYI     seed 20  goal      clr  0.59  t  14.1  inf  45  N 25.1  mpc   6.2 ms  err 0.32
[371/400] S1  Z_ZHUYI     seed 21  goal      clr  0.72  t  14.6  inf  49  N 25.6  mpc   6.6 ms  err 0.25
[372/400] S1  Z_ZHUYI     seed 22  goal      clr  0.60  t  13.9  inf  47  N 25.5  mpc   6.4 ms  err 0.30
[373/400] S1  Z_ZHUYI     seed 23  goal      clr  0.67  t  18.8  inf  52  N 24.5  mpc   6.3 ms  err 0.22
[374/400] S1  Z_ZHUYI     seed 24  goal      clr  0.54  t  14.4  inf  50  N 25.5  mpc   6.5 ms  err 0.17
[375/400] S1  Z_ZHUYI     seed 25  goal      clr  0.54  t  15.0  inf  51  N 25.8  mpc   6.7 ms  err 0.22
[376/400] S1  Z_ZHUYI     seed 26  goal      clr  0.55  t  19.4  inf  44  N 25.2  mpc   6.9 ms  err 0.36
[377/400] S1  Z_ZHUYI     seed 27  goal      clr  0.53  t  14.2  inf  58  N 25.7  mpc   6.6 ms  err 0.11
[378/400] S1  Z_ZHUYI     seed 28  goal      clr  0.59  t  13.8  inf  48  N 25.9  mpc   6.4 ms  err 0.31
[379/400] S1  Z_ZHUYI     seed 29  goal      clr  0.64  t  20.5  inf  56  N 23.7  mpc   6.3 ms  err 0.33
[380/400] S1  Z_ZHUYI     seed 30  goal      clr  0.59  t  20.3  inf  53  N 23.6  mpc   6.1 ms  err 0.31
[381/400] S1  Z_ZHUYI     seed 31  goal      clr  0.51  t  20.7  inf  59  N 24.2  mpc   6.4 ms  err 0.20
[382/400] S1  Z_ZHUYI     seed 32  goal      clr  0.64  t  14.4  inf  65  N 25.8  mpc   6.7 ms  err 0.28
[383/400] S1  Z_ZHUYI     seed 33  goal      clr  0.60  t  18.9  inf  51  N 24.8  mpc   6.5 ms  err 0.24
[384/400] S1  Z_ZHUYI     seed 34  goal      clr  0.61  t  16.3  inf  49  N 25.5  mpc   6.8 ms  err 0.25
[385/400] S1  Z_ZHUYI     seed 35  goal      clr  0.58  t  14.9  inf  54  N 25.9  mpc   6.6 ms  err 0.27
[386/400] S1  Z_ZHUYI     seed 36  goal      clr  0.60  t  17.0  inf  60  N 25.4  mpc   6.6 ms  err 0.23
[387/400] S1  Z_ZHUYI     seed 37  goal      clr  0.68  t  14.9  inf  43  N 25.5  mpc   6.5 ms  err 0.39
[388/400] S1  Z_ZHUYI     seed 38  goal      clr  0.60  t  14.6  inf  60  N 26.1  mpc   6.8 ms  err 0.20
[389/400] S1  Z_ZHUYI     seed 39  goal      clr  0.57  t  16.1  inf  47  N 26.2  mpc   6.8 ms  err 0.28
[390/400] S1  Z_ZHUYI     seed 40  goal      clr  0.47  t  14.8  inf  57  N 25.5  mpc   6.6 ms  err 0.25
[391/400] S1  Z_ZHUYI     seed 41  goal      clr  0.59  t  26.3  inf  65  N 21.3  mpc   5.6 ms  err 0.31
[392/400] S1  Z_ZHUYI     seed 42  goal      clr  0.62  t  29.4  inf  59  N 20.1  mpc   5.0 ms  err 0.15
[393/400] S1  Z_ZHUYI     seed 43  goal      clr  0.69  t  14.8  inf  47  N 25.8  mpc   6.1 ms  err 0.30
[394/400] S1  Z_ZHUYI     seed 44  goal      clr  0.54  t  20.5  inf  57  N 23.8  mpc   5.9 ms  err 0.27
[395/400] S1  Z_ZHUYI     seed 45  goal      clr  0.67  t  22.0  inf  51  N 24.1  mpc   6.1 ms  err 0.26
[396/400] S1  Z_ZHUYI     seed 46  goal      clr  0.64  t  14.2  inf  63  N 26.3  mpc   6.3 ms  err 0.40
[397/400] S1  Z_ZHUYI     seed 47  goal      clr  0.57  t  19.4  inf  47  N 24.6  mpc   6.1 ms  err 0.28
[398/400] S1  Z_ZHUYI     seed 48  goal      clr  0.61  t  16.3  inf  54  N 26.0  mpc   6.5 ms  err 0.24
[399/400] S1  Z_ZHUYI     seed 49  goal      clr  0.72  t  14.1  inf  43  N 25.5  mpc   5.9 ms  err 0.27
[400/400] S1  Z_ZHUYI     seed 50  goal      clr  0.66  t  18.6  inf  56  N 24.4  mpc   5.9 ms  err 0.23
