[  1/450] speed=4 S1  E_DART      seed  1  goal      clr  0.61  t  14.3  inf  78  N 25.8  mpc   7.4 ms  err 0.14
[  2/450] speed=4 S1  E_DART      seed  2  goal      clr  0.50  t  14.9  inf  74  N 25.3  mpc   8.1 ms  err 0.22
[  3/450] speed=4 S1  E_DART      seed  3  goal      clr  0.47  t  16.0  inf  94  N 25.9  mpc   7.0 ms  err 0.31
[  4/450] speed=4 S1  E_DART      seed  4  goal      clr  0.57  t  14.6  inf  77  N 25.6  mpc   6.5 ms  err 0.20
[  5/450] speed=4 S1  E_DART      seed  5  goal      clr  0.52  t  15.5  inf  82  N 24.8  mpc   6.0 ms  err 0.23
[  6/450] speed=4 S1  E_DART      seed  6  goal      clr  0.61  t  14.0  inf  68  N 25.3  mpc   6.3 ms  err 0.25
[  7/450] speed=4 S1  E_DART      seed  7  goal      clr  0.46  t  15.2  inf  76  N 24.6  mpc   6.1 ms  err 0.25
[  8/450] speed=4 S1  E_DART      seed  8  goal      clr  0.66  t  20.1  inf  98  N 23.8  mpc   5.8 ms  err 0.24
[  9/450] speed=4 S1  E_DART      seed  9  goal      clr  0.47  t  15.9  inf  80  N 24.7  mpc   6.4 ms  err 0.29
[ 10/450] speed=4 S1  E_DART      seed 10  goal      clr  0.52  t  14.3  inf  72  N 25.3  mpc   6.5 ms  err 0.27
[ 11/450] speed=4 S1  E_DART      seed 11  goal      clr  0.56  t  15.1  inf  71  N 25.5  mpc   6.4 ms  err 0.27
[ 12/450] speed=4 S1  E_DART      seed 12  goal      clr  0.49  t  15.5  inf  76  N 26.0  mpc   6.3 ms  err 0.20
[ 13/450] speed=4 S1  E_DART      seed 13  goal      clr  0.62  t  14.2  inf  74  N 25.7  mpc   6.3 ms  err 0.19
[ 14/450] speed=4 S1  E_DART      seed 14  goal      clr  0.54  t  15.1  inf  81  N 25.8  mpc   6.3 ms  err 0.21
[ 15/450] speed=4 S1  E_DART      seed 15  goal      clr  0.44  t  15.9  inf  78  N 25.2  mpc   6.7 ms  err 0.35
[ 16/450] speed=4 S1  E_DART      seed 16  goal      clr  0.74  t  14.2  inf  65  N 25.3  mpc   6.4 ms  err 0.25
[ 17/450] speed=4 S1  E_DART      seed 17  goal      clr  0.65  t  14.0  inf  67  N 25.0  mpc   6.1 ms  err 0.33
[ 18/450] speed=4 S1  E_DART      seed 18  goal      clr  0.65  t  14.4  inf  78  N 25.8  mpc   6.4 ms  err 0.18
[ 19/450] speed=4 S1  E_DART      seed 19  goal      clr  0.55  t  15.8  inf  91  N 26.0  mpc   7.1 ms  err 0.23
[ 20/450] speed=4 S1  E_DART      seed 20  goal      clr  0.60  t  14.8  inf  76  N 25.1  mpc   5.9 ms  err 0.41
[ 21/450] speed=4 S1  E_DART      seed 21  goal      clr  0.65  t  15.0  inf  68  N 25.7  mpc   6.3 ms  err 0.15
[ 22/450] speed=4 S1  E_DART      seed 22  goal      clr  0.60  t  13.9  inf  68  N 25.5  mpc   6.0 ms  err 0.30
[ 23/450] speed=4 S1  E_DART      seed 23  goal      clr  0.60  t  14.7  inf  74  N 24.5  mpc   6.0 ms  err 0.24
[ 24/450] speed=4 S1  E_DART      seed 24  goal      clr  0.55  t  13.8  inf  68  N 25.2  mpc   5.8 ms  err 0.21
[ 25/450] speed=4 S1  E_DART      seed 25  goal      clr  0.61  t  16.2  inf  76  N 25.9  mpc   6.6 ms  err 0.17
[ 26/450] speed=4 S1  E_DART      seed 26  goal      clr  0.57  t  14.2  inf  70  N 25.1  mpc   6.2 ms  err 0.19
[ 27/450] speed=4 S1  E_DART      seed 27  goal      clr  0.55  t  14.3  inf  78  N 25.8  mpc   6.3 ms  err 0.09
[ 28/450] speed=4 S1  E_DART      seed 28  goal      clr  0.55  t  14.0  inf  69  N 25.8  mpc   6.1 ms  err 0.28
[ 29/450] speed=4 S1  E_DART      seed 29  goal      clr  0.55  t  15.8  inf  74  N 26.1  mpc   6.9 ms  err 0.21
[ 30/450] speed=4 S1  E_DART      seed 30  goal      clr  0.69  t  14.4  inf  71  N 25.3  mpc   6.0 ms  err 0.26
[ 31/450] speed=4 S1  E_DART      seed 31  goal      clr  0.55  t  14.8  inf  77  N 25.3  mpc   6.1 ms  err 0.20
[ 32/450] speed=4 S1  E_DART      seed 32  goal      clr  0.66  t  14.6  inf  81  N 25.7  mpc   6.2 ms  err 0.22
[ 33/450] speed=4 S1  E_DART      seed 33  goal      clr  0.61  t  14.3  inf  70  N 25.2  mpc   6.1 ms  err 0.15
[ 34/450] speed=4 S1  E_DART      seed 34  goal      clr  0.57  t  14.9  inf  74  N 25.4  mpc   6.5 ms  err 0.16
[ 35/450] speed=4 S1  E_DART      seed 35  goal      clr  0.59  t  14.5  inf  78  N 25.9  mpc   6.3 ms  err 0.34
[ 36/450] speed=4 S1  E_DART      seed 36  goal      clr  0.48  t  16.6  inf  75  N 25.3  mpc   6.4 ms  err 0.23
[ 37/450] speed=4 S1  E_DART      seed 37  goal      clr  0.51  t  14.2  inf  74  N 25.4  mpc   6.2 ms  err 0.19
[ 38/450] speed=4 S1  E_DART      seed 38  goal      clr  0.63  t  14.7  inf  87  N 25.9  mpc   6.4 ms  err 0.19
[ 39/450] speed=4 S1  E_DART      seed 39  goal      clr  0.60  t  14.4  inf  81  N 26.0  mpc   6.7 ms  err 0.13
[ 40/450] speed=4 S1  E_DART      seed 40  goal      clr  0.50  t  16.1  inf  71  N 25.1  mpc   6.0 ms  err 0.27
[ 41/450] speed=4 S1  E_DART      seed 41  goal      clr  0.59  t  17.2  inf  67  N 24.6  mpc   6.1 ms  err 0.21
[ 42/450] speed=4 S1  E_DART      seed 42  goal      clr  0.60  t  14.7  inf  69  N 25.8  mpc   6.3 ms  err 0.19
[ 43/450] speed=4 S1  E_DART      seed 43  goal      clr  0.75  t  15.7  inf  67  N 25.5  mpc   6.2 ms  err 0.22
[ 44/450] speed=4 S1  E_DART      seed 44  goal      clr  0.65  t  14.4  inf  61  N 25.2  mpc   6.0 ms  err 0.16
[ 45/450] speed=4 S1  E_DART      seed 45  goal      clr  0.47  t  15.2  inf  83  N 25.6  mpc   6.4 ms  err 0.26
[ 46/450] speed=4 S1  E_DART      seed 46  goal      clr  0.57  t  14.0  inf  76  N 25.6  mpc   6.4 ms  err 0.20
[ 47/450] speed=4 S1  E_DART      seed 47  goal      clr  0.59  t  14.8  inf  65  N 25.1  mpc   6.3 ms  err 0.21
[ 48/450] speed=4 S1  E_DART      seed 48  goal      clr  0.50  t  15.5  inf  84  N 26.0  mpc   6.5 ms  err 0.23
[ 49/450] speed=4 S1  E_DART      seed 49  goal      clr  0.62  t  14.0  inf  76  N 25.7  mpc   6.0 ms  err 0.17
[ 50/450] speed=4 S1  E_DART      seed 50  goal      clr  0.56  t  14.4  inf  74  N 25.7  mpc   6.1 ms  err 0.18
[ 51/450] speed=4 S1  Z_ZHUYI     seed  1  goal      clr  0.43  t  14.6  inf  61  N 26.1  mpc   6.9 ms  err 0.20
[ 52/450] speed=4 S1  Z_ZHUYI     seed  2  goal      clr  0.50  t  14.6  inf  52  N 25.5  mpc   6.5 ms  err 0.22
[ 53/450] speed=4 S1  Z_ZHUYI     seed  3  goal      clr  0.46  t  17.9  inf  61  N 25.7  mpc   6.9 ms  err 0.22
[ 54/450] speed=4 S1  Z_ZHUYI     seed  4  goal      clr  0.59  t  14.2  inf  52  N 25.7  mpc   6.4 ms  err 0.19
[ 55/450] speed=4 S1  Z_ZHUYI     seed  5  goal      clr  0.62  t  15.4  inf  56  N 25.7  mpc   6.4 ms  err 0.53
[ 56/450] speed=4 S1  Z_ZHUYI     seed  6  goal      clr  0.64  t  13.9  inf  51  N 25.6  mpc   6.0 ms  err 0.18
[ 57/450] speed=4 S1  Z_ZHUYI     seed  7  goal      clr  0.49  t  14.2  inf  54  N 25.4  mpc   6.3 ms  err 0.28
[ 58/450] speed=4 S1  Z_ZHUYI     seed  8  goal      clr  0.55  t  23.3  inf  59  N 22.2  mpc   5.6 ms  err 0.44
[ 59/450] speed=4 S1  Z_ZHUYI     seed  9  goal      clr  0.45  t  14.3  inf  40  N 25.6  mpc   6.2 ms  err 0.32
[ 60/450] speed=4 S1  Z_ZHUYI     seed 10  goal      clr  0.47  t  16.5  inf  50  N 25.5  mpc   6.6 ms  err 0.20
[ 61/450] speed=4 S1  Z_ZHUYI     seed 11  goal      clr  0.62  t  14.5  inf  47  N 25.8  mpc   6.3 ms  err 0.25
[ 62/450] speed=4 S1  Z_ZHUYI     seed 12  goal      clr  0.30  t  17.3  inf  57  N 25.5  mpc   6.6 ms  err 0.30
[ 63/450] speed=4 S1  Z_ZHUYI     seed 13  goal      clr  0.62  t  20.0  inf  55  N 23.4  mpc   5.7 ms  err 0.16
[ 64/450] speed=4 S1  Z_ZHUYI     seed 14  goal      clr  0.57  t  19.8  inf  54  N 23.5  mpc   5.7 ms  err 0.31
[ 65/450] speed=4 S1  Z_ZHUYI     seed 15  goal      clr  0.53  t  14.3  inf  53  N 25.4  mpc   6.3 ms  err 0.30
[ 66/450] speed=4 S1  Z_ZHUYI     seed 16  goal      clr  0.74  t  14.0  inf  42  N 25.1  mpc   6.0 ms  err 0.23
[ 67/450] speed=4 S1  Z_ZHUYI     seed 17  goal      clr  0.64  t  20.8  inf  42  N 25.2  mpc   6.4 ms  err 0.28
[ 68/450] speed=4 S1  Z_ZHUYI     seed 18  goal      clr  0.44  t  15.1  inf  63  N 25.6  mpc   6.4 ms  err 0.29
[ 69/450] speed=4 S1  Z_ZHUYI     seed 19  goal      clr  0.59  t  22.6  inf  62  N 24.0  mpc   6.3 ms  err 0.33
[ 70/450] speed=4 S1  Z_ZHUYI     seed 20  goal      clr  0.59  t  14.1  inf  45  N 25.1  mpc   6.0 ms  err 0.32
[ 71/450] speed=4 S1  Z_ZHUYI     seed 21  goal      clr  0.72  t  14.6  inf  49  N 25.6  mpc   6.4 ms  err 0.25
[ 72/450] speed=4 S1  Z_ZHUYI     seed 22  goal      clr  0.60  t  13.9  inf  47  N 25.5  mpc   6.1 ms  err 0.30
[ 73/450] speed=4 S1  Z_ZHUYI     seed 23  goal      clr  0.67  t  18.8  inf  52  N 24.5  mpc   6.0 ms  err 0.22
[ 74/450] speed=4 S1  Z_ZHUYI     seed 24  goal      clr  0.54  t  14.4  inf  50  N 25.5  mpc   6.2 ms  err 0.17
[ 75/450] speed=4 S1  Z_ZHUYI     seed 25  goal      clr  0.54  t  15.0  inf  51  N 25.8  mpc   6.4 ms  err 0.22
[ 76/450] speed=4 S1  Z_ZHUYI     seed 26  goal      clr  0.54  t  19.4  inf  44  N 25.1  mpc   6.7 ms  err 0.36
[ 77/450] speed=4 S1  Z_ZHUYI     seed 27  goal      clr  0.53  t  14.2  inf  58  N 25.7  mpc   6.3 ms  err 0.11
[ 78/450] speed=4 S1  Z_ZHUYI     seed 28  goal      clr  0.59  t  13.8  inf  48  N 25.9  mpc   6.1 ms  err 0.31
[ 79/450] speed=4 S1  Z_ZHUYI     seed 29  goal      clr  0.64  t  20.5  inf  56  N 23.7  mpc   6.0 ms  err 0.33
[ 80/450] speed=4 S1  Z_ZHUYI     seed 30  goal      clr  0.59  t  20.3  inf  53  N 23.6  mpc   5.8 ms  err 0.31
[ 81/450] speed=4 S1  Z_ZHUYI     seed 31  goal      clr  0.51  t  20.7  inf  59  N 24.2  mpc   6.2 ms  err 0.20
[ 82/450] speed=4 S1  Z_ZHUYI     seed 32  goal      clr  0.64  t  14.4  inf  65  N 25.8  mpc   6.3 ms  err 0.28
[ 83/450] speed=4 S1  Z_ZHUYI     seed 33  goal      clr  0.60  t  18.9  inf  51  N 24.8  mpc   6.3 ms  err 0.24
[ 84/450] speed=4 S1  Z_ZHUYI     seed 34  goal      clr  0.61  t  16.3  inf  49  N 25.5  mpc   6.5 ms  err 0.25
[ 85/450] speed=4 S1  Z_ZHUYI     seed 35  goal      clr  0.58  t  14.9  inf  54  N 25.9  mpc   6.3 ms  err 0.27
[ 86/450] speed=4 S1  Z_ZHUYI     seed 36  goal      clr  0.60  t  17.0  inf  60  N 25.4  mpc   6.4 ms  err 0.23
[ 87/450] speed=4 S1  Z_ZHUYI     seed 37  goal      clr  0.68  t  14.9  inf  43  N 25.5  mpc   6.3 ms  err 0.39
[ 88/450] speed=4 S1  Z_ZHUYI     seed 38  goal      clr  0.60  t  14.6  inf  60  N 26.1  mpc   6.4 ms  err 0.20
[ 89/450] speed=4 S1  Z_ZHUYI     seed 39  goal      clr  0.57  t  16.1  inf  47  N 26.2  mpc   6.6 ms  err 0.28
[ 90/450] speed=4 S1  Z_ZHUYI     seed 40  goal      clr  0.47  t  14.8  inf  57  N 25.5  mpc   6.3 ms  err 0.25
[ 91/450] speed=4 S1  Z_ZHUYI     seed 41  goal      clr  0.59  t  26.3  inf  65  N 21.3  mpc   5.3 ms  err 0.31
[ 92/450] speed=4 S1  Z_ZHUYI     seed 42  goal      clr  0.62  t  29.4  inf  59  N 20.1  mpc   5.0 ms  err 0.15
[ 93/450] speed=4 S1  Z_ZHUYI     seed 43  goal      clr  0.69  t  14.8  inf  47  N 25.8  mpc   6.1 ms  err 0.30
[ 94/450] speed=4 S1  Z_ZHUYI     seed 44  goal      clr  0.54  t  20.5  inf  57  N 23.8  mpc   5.8 ms  err 0.27
[ 95/450] speed=4 S1  Z_ZHUYI     seed 45  goal      clr  0.67  t  22.0  inf  51  N 24.1  mpc   5.9 ms  err 0.26
[ 96/450] speed=4 S1  Z_ZHUYI     seed 46  goal      clr  0.64  t  14.2  inf  63  N 26.3  mpc   6.4 ms  err 0.40
[ 97/450] speed=4 S1  Z_ZHUYI     seed 47  goal      clr  0.57  t  19.4  inf  47  N 24.6  mpc   6.2 ms  err 0.28
[ 98/450] speed=4 S1  Z_ZHUYI     seed 48  goal      clr  0.61  t  16.3  inf  54  N 26.0  mpc   6.7 ms  err 0.24
[ 99/450] speed=4 S1  Z_ZHUYI     seed 49  goal      clr  0.72  t  14.1  inf  43  N 25.5  mpc   6.1 ms  err 0.27
[100/450] speed=4 S1  Z_ZHUYI     seed 50  goal      clr  0.66  t  18.6  inf  56  N 24.4  mpc   6.2 ms  err 0.23
[101/450] speed=4 S1  A_FR_FN     seed  1  goal      clr  0.41  t  13.5  inf 126  N 20.0  mpc   4.3 ms  err 0.16
[102/450] speed=4 S1  A_FR_FN     seed  2  goal      clr  0.41  t  13.7  inf 128  N 20.0  mpc   4.2 ms  err 0.23
[103/450] speed=4 S1  A_FR_FN     seed  3  goal      clr  0.42  t  14.2  inf 134  N 20.0  mpc   4.5 ms  err 0.16
[104/450] speed=4 S1  A_FR_FN     seed  4  goal      clr  0.53  t  13.6  inf 129  N 20.0  mpc   4.2 ms  err 0.12
[105/450] speed=4 S1  A_FR_FN     seed  5  goal      clr  0.39  t  14.2  inf 128  N 20.0  mpc   4.2 ms  err 0.27
[106/450] speed=4 S1  A_FR_FN     seed  6  goal      clr  0.44  t  13.5  inf 127  N 20.0  mpc   4.1 ms  err 0.12
[107/450] speed=4 S1  A_FR_FN     seed  7  goal      clr  0.44  t  13.3  inf 123  N 20.0  mpc   4.0 ms  err 0.21
[108/450] speed=4 S1  A_FR_FN     seed  8  goal      clr  0.46  t  13.9  inf 131  N 20.0  mpc   4.2 ms  err 0.15
[109/450] speed=4 S1  A_FR_FN     seed  9  goal      clr  0.41  t  13.7  inf 127  N 20.0  mpc   4.2 ms  err 0.21
[110/450] speed=4 S1  A_FR_FN     seed 10  goal      clr  0.40  t  13.6  inf 124  N 20.0  mpc   4.3 ms  err 0.20
[111/450] speed=4 S1  A_FR_FN     seed 11  goal      clr  0.51  t  13.4  inf 121  N 20.0  mpc   4.1 ms  err 0.21
[112/450] speed=4 S1  A_FR_FN     seed 12  goal      clr  0.45  t  13.6  inf 126  N 20.0  mpc   4.2 ms  err 0.16
[113/450] speed=4 S1  A_FR_FN     seed 13  goal      clr  0.45  t  13.7  inf 129  N 20.0  mpc   4.2 ms  err 0.13
[114/450] speed=4 S1  A_FR_FN     seed 14  goal      clr  0.34  t  14.1  inf 131  N 20.0  mpc   4.3 ms  err 0.30
[115/450] speed=4 S1  A_FR_FN     seed 15  goal      clr  0.39  t  14.3  inf 132  N 20.0  mpc   4.3 ms  err 0.20
[116/450] speed=4 S1  A_FR_FN     seed 16  goal      clr  0.47  t  13.3  inf 126  N 20.0  mpc   4.1 ms  err 0.15
[117/450] speed=4 S1  A_FR_FN     seed 17  goal      clr  0.42  t  13.5  inf 128  N 20.0  mpc   4.1 ms  err 0.15
[118/450] speed=4 S1  A_FR_FN     seed 18  goal      clr  0.41  t  13.7  inf 128  N 20.0  mpc   4.3 ms  err 0.15
[119/450] speed=4 S1  A_FR_FN     seed 19  goal      clr  0.35  t  14.1  inf 133  N 20.0  mpc   4.4 ms  err 0.15
[120/450] speed=4 S1  A_FR_FN     seed 20  goal      clr  0.19  t  13.6  inf 127  N 20.0  mpc   4.1 ms  err 0.28
[121/450] speed=4 S1  A_FR_FN     seed 21  goal      clr  0.49  t  13.5  inf 125  N 20.0  mpc   4.1 ms  err 0.15
[122/450] speed=4 S1  A_FR_FN     seed 22  goal      clr  0.48  t  13.3  inf 127  N 20.0  mpc   4.0 ms  err 0.23
[123/450] speed=4 S1  A_FR_FN     seed 23  goal      clr  0.40  t  13.5  inf 125  N 20.0  mpc   4.0 ms  err 0.19
[124/450] speed=4 S1  A_FR_FN     seed 24  goal      clr  0.52  t  13.3  inf 125  N 20.0  mpc   3.9 ms  err 0.23
[125/450] speed=4 S1  A_FR_FN     seed 25  goal      clr  0.46  t  13.5  inf 126  N 20.0  mpc   4.0 ms  err 0.16
[126/450] speed=4 S1  A_FR_FN     seed 26  goal      clr  0.50  t  13.6  inf 126  N 20.0  mpc   4.1 ms  err 0.27
[127/450] speed=4 S1  A_FR_FN     seed 27  goal      clr  0.43  t  13.6  inf 125  N 20.0  mpc   4.1 ms  err 0.09
[128/450] speed=4 S1  A_FR_FN     seed 28  goal      clr  0.40  t  13.5  inf 127  N 20.0  mpc   4.0 ms  err 0.20
[129/450] speed=4 S1  A_FR_FN     seed 29  goal      clr  0.39  t  13.8  inf 130  N 20.0  mpc   4.3 ms  err 0.21
[130/450] speed=4 S1  A_FR_FN     seed 30  goal      clr  0.59  t  13.4  inf 123  N 20.0  mpc   4.2 ms  err 0.21
[131/450] speed=4 S1  A_FR_FN     seed 31  goal      clr  0.44  t  13.8  inf 129  N 20.0  mpc   4.2 ms  err 0.22
[132/450] speed=4 S1  A_FR_FN     seed 32  goal      clr  0.38  t  13.9  inf 130  N 20.0  mpc   4.2 ms  err 0.13
[133/450] speed=4 S1  A_FR_FN     seed 33  goal      clr  0.49  t  13.4  inf 124  N 20.0  mpc   4.1 ms  err 0.15
[134/450] speed=4 S1  A_FR_FN     seed 34  goal      clr  0.44  t  13.8  inf 132  N 20.0  mpc   4.1 ms  err 0.13
[135/450] speed=4 S1  A_FR_FN     seed 35  goal      clr  0.47  t  13.9  inf 132  N 20.0  mpc   4.2 ms  err 0.15
[136/450] speed=4 S1  A_FR_FN     seed 36  goal      clr  0.43  t  13.4  inf 127  N 20.0  mpc   4.0 ms  err 0.19
[137/450] speed=4 S1  A_FR_FN     seed 37  goal      clr  0.39  t  13.9  inf 131  N 20.0  mpc   4.2 ms  err 0.15
[138/450] speed=4 S1  A_FR_FN     seed 38  goal      clr  0.45  t  13.9  inf 129  N 20.0  mpc   4.3 ms  err 0.27
[139/450] speed=4 S1  A_FR_FN     seed 39  goal      clr  0.41  t  14.1  inf 128  N 20.0  mpc   4.3 ms  err 0.09
[140/450] speed=4 S1  A_FR_FN     seed 40  goal      clr  0.47  t  13.5  inf 127  N 20.0  mpc   4.0 ms  err 0.18
[141/450] speed=4 S1  A_FR_FN     seed 41  goal      clr  0.44  t  13.9  inf 130  N 20.0  mpc   4.2 ms  err 0.22
[142/450] speed=4 S1  A_FR_FN     seed 42  goal      clr  0.50  t  13.7  inf 128  N 20.0  mpc   4.1 ms  err 0.22
[143/450] speed=4 S1  A_FR_FN     seed 43  goal      clr  0.38  t  13.9  inf 128  N 20.0  mpc   4.1 ms  err 0.22
[144/450] speed=4 S1  A_FR_FN     seed 44  goal      clr  0.39  t  13.3  inf 122  N 20.0  mpc   4.2 ms  err 0.16
[145/450] speed=4 S1  A_FR_FN     seed 45  goal      clr  0.33  t  13.8  inf 129  N 20.0  mpc   4.4 ms  err 0.32
[146/450] speed=4 S1  A_FR_FN     seed 46  goal      clr  0.43  t  13.6  inf 126  N 20.0  mpc   4.4 ms  err 0.19
[147/450] speed=4 S1  A_FR_FN     seed 47  goal      clr  0.38  t  14.2  inf 131  N 20.0  mpc   4.3 ms  err 0.17
[148/450] speed=4 S1  A_FR_FN     seed 48  goal      clr  0.38  t  13.6  inf 128  N 20.0  mpc   4.2 ms  err 0.25
[149/450] speed=4 S1  A_FR_FN     seed 49  goal      clr  0.49  t  13.5  inf 128  N 20.0  mpc   4.1 ms  err 0.15
[150/450] speed=4 S1  A_FR_FN     seed 50  goal      clr  0.36  t  13.6  inf 129  N 20.0  mpc   4.2 ms  err 0.11
[151/450] speed=4 S1  F_NODELAY   seed  1  goal      clr  0.79  t  15.0  inf 104  N 25.7  mpc   6.7 ms  err 0.97
[152/450] speed=4 S1  F_NODELAY   seed  2  timeout   clr  0.37  t  40.0  inf 235  N 24.7  mpc   7.2 ms  err 1.23
[153/450] speed=4 S1  F_NODELAY   seed  3  goal      clr  0.21  t  36.1  inf 247  N 24.6  mpc   7.4 ms  err 1.26
[154/450] speed=4 S1  F_NODELAY   seed  4  goal      clr  0.05  t  27.3  inf 185  N 25.4  mpc   7.3 ms  err 1.10
[155/450] speed=4 S1  F_NODELAY   seed  5  goal      clr  0.23  t  23.1  inf 144  N 24.8  mpc   7.1 ms  err 1.35
[156/450] speed=4 S1  F_NODELAY   seed  6  goal      clr  0.25  t  32.0  inf 212  N 24.8  mpc   7.3 ms  err 1.22
[157/450] speed=4 S1  F_NODELAY   seed  7  goal      clr  0.14  t  21.9  inf 155  N 25.8  mpc   7.5 ms  err 1.01
[158/450] speed=4 S1  F_NODELAY   seed  8  collision clr -0.00  t   4.6  inf  33  N 21.7  mpc   6.1 ms  err 1.76
[159/450] speed=4 S1  F_NODELAY   seed  9  goal      clr  0.11  t  20.6  inf 106  N 23.6  mpc   6.3 ms  err 1.25
[160/450] speed=4 S1  F_NODELAY   seed 10  goal      clr  0.60  t  20.4  inf 149  N 27.5  mpc   8.0 ms  err 1.05
[161/450] speed=4 S1  F_NODELAY   seed 11  goal      clr  0.43  t  22.5  inf 123  N 23.5  mpc   6.2 ms  err 1.08
[162/450] speed=4 S1  F_NODELAY   seed 12  goal      clr  0.40  t  26.4  inf 192  N 27.5  mpc   8.2 ms  err 1.14
[163/450] speed=4 S1  F_NODELAY   seed 13  goal      clr  0.31  t  28.5  inf 188  N 25.5  mpc   7.3 ms  err 0.91
[164/450] speed=4 S1  F_NODELAY   seed 14  timeout   clr  0.36  t  40.0  inf 284  N 24.2  mpc   7.1 ms  err 1.22
[165/450] speed=4 S1  F_NODELAY   seed 15  goal      clr  0.26  t  24.8  inf 163  N 23.8  mpc   6.8 ms  err 1.50
[166/450] speed=4 S1  F_NODELAY   seed 16  goal      clr  0.53  t  16.3  inf 100  N 25.7  mpc   6.7 ms  err 1.04
[167/450] speed=4 S1  F_NODELAY   seed 17  goal      clr  0.35  t  19.6  inf 142  N 25.4  mpc   7.3 ms  err 0.95
[168/450] speed=4 S1  F_NODELAY   seed 18  goal      clr  0.46  t  17.3  inf 101  N 26.1  mpc   6.9 ms  err 1.19
[169/450] speed=4 S1  F_NODELAY   seed 19  goal      clr  0.05  t  34.9  inf 227  N 24.7  mpc   7.6 ms  err 1.11
[170/450] speed=4 S1  F_NODELAY   seed 20  collision clr -0.01  t   2.9  inf  22  N 25.1  mpc   7.5 ms  err 1.77
[171/450] speed=4 S1  F_NODELAY   seed 21  goal      clr  0.09  t  17.9  inf 114  N 26.2  mpc   7.1 ms  err 1.11
[172/450] speed=4 S1  F_NODELAY   seed 22  goal      clr  0.47  t  20.3  inf 153  N 26.4  mpc   7.6 ms  err 1.08
[173/450] speed=4 S1  F_NODELAY   seed 23  goal      clr  0.43  t  20.5  inf 132  N 25.3  mpc   7.1 ms  err 0.78
[174/450] speed=4 S1  F_NODELAY   seed 24  goal      clr  0.26  t  16.8  inf  99  N 26.5  mpc   7.1 ms  err 1.13
[175/450] speed=4 S1  F_NODELAY   seed 25  goal      clr  0.11  t  21.3  inf 145  N 24.1  mpc   6.4 ms  err 1.32
[176/450] speed=4 S1  F_NODELAY   seed 26  goal      clr  0.53  t  17.0  inf 123  N 25.8  mpc   6.9 ms  err 0.94
[177/450] speed=4 S1  F_NODELAY   seed 27  goal      clr  0.05  t  26.9  inf 193  N 25.6  mpc   7.6 ms  err 1.22
[178/450] speed=4 S1  F_NODELAY   seed 28  goal      clr  0.15  t  24.2  inf 183  N 26.9  mpc   7.7 ms  err 1.53
[179/450] speed=4 S1  F_NODELAY   seed 29  goal      clr  0.10  t  20.6  inf 138  N 25.0  mpc   6.9 ms  err 1.11
[180/450] speed=4 S1  F_NODELAY   seed 30  collision clr -0.01  t   5.4  inf  46  N 27.3  mpc   8.7 ms  err 1.57
[181/450] speed=4 S1  F_NODELAY   seed 31  goal      clr  0.16  t  19.0  inf 153  N 27.2  mpc   7.8 ms  err 1.39
[182/450] speed=4 S1  F_NODELAY   seed 32  goal      clr  0.33  t  26.6  inf 208  N 26.9  mpc   8.0 ms  err 1.17
[183/450] speed=4 S1  F_NODELAY   seed 33  goal      clr  0.44  t  16.7  inf 104  N 25.6  mpc   6.8 ms  err 0.95
[184/450] speed=4 S1  F_NODELAY   seed 34  goal      clr  0.24  t  21.3  inf 133  N 23.6  mpc   6.6 ms  err 1.28
[185/450] speed=4 S1  F_NODELAY   seed 35  goal      clr  0.48  t  15.2  inf  96  N 26.2  mpc   6.5 ms  err 1.16
[186/450] speed=4 S1  F_NODELAY   seed 36  goal      clr  0.09  t  25.5  inf 172  N 27.4  mpc   8.1 ms  err 1.20
[187/450] speed=4 S1  F_NODELAY   seed 37  goal      clr  0.48  t  15.0  inf  83  N 26.0  mpc   6.4 ms  err 1.05
[188/450] speed=4 S1  F_NODELAY   seed 38  goal      clr  0.48  t  23.1  inf 164  N 26.4  mpc   7.5 ms  err 1.29
[189/450] speed=4 S1  F_NODELAY   seed 39  goal      clr  0.57  t  23.2  inf 157  N 25.6  mpc   7.2 ms  err 1.09
[190/450] speed=4 S1  F_NODELAY   seed 40  collision clr -0.01  t  18.7  inf 118  N 24.5  mpc   7.4 ms  err 0.84
[191/450] speed=4 S1  F_NODELAY   seed 41  collision clr -0.01  t  15.4  inf  97  N 26.5  mpc   8.0 ms  err 1.27
[192/450] speed=4 S1  F_NODELAY   seed 42  goal      clr  0.20  t  30.3  inf 195  N 25.2  mpc   6.9 ms  err 1.16
[193/450] speed=4 S1  F_NODELAY   seed 43  goal      clr  0.58  t  20.4  inf 119  N 24.8  mpc   6.5 ms  err 1.22
[194/450] speed=4 S1  F_NODELAY   seed 44  goal      clr  0.07  t  27.7  inf 199  N 24.7  mpc   7.2 ms  err 1.00
[195/450] speed=4 S1  F_NODELAY   seed 45  goal      clr  0.53  t  19.9  inf 119  N 25.0  mpc   6.8 ms  err 1.00
[196/450] speed=4 S1  F_NODELAY   seed 46  goal      clr  0.10  t  23.2  inf 151  N 25.2  mpc   7.3 ms  err 0.99
[197/450] speed=4 S1  F_NODELAY   seed 47  goal      clr  0.07  t  24.3  inf 150  N 26.1  mpc   7.4 ms  err 1.09
[198/450] speed=4 S1  F_NODELAY   seed 48  goal      clr  0.49  t  26.6  inf 182  N 25.8  mpc   7.6 ms  err 1.01
[199/450] speed=4 S1  F_NODELAY   seed 49  goal      clr  0.53  t  15.7  inf 114  N 26.7  mpc   7.1 ms  err 1.09
[200/450] speed=4 S1  F_NODELAY   seed 50  goal      clr  0.42  t  19.3  inf 136  N 26.7  mpc   7.3 ms  err 1.05
[201/450] speed=4 S1  FR_SAFE_1   seed  1  goal      clr  0.66  t  21.8  inf  22  N 26.8  mpc   7.9 ms  err 0.55
[202/450] speed=4 S1  FR_SAFE_1   seed  2  goal      clr  0.14  t  21.3  inf  22  N 24.7  mpc   6.9 ms  err 0.24
[203/450] speed=4 S1  FR_SAFE_1   seed  3  goal      clr  0.68  t  17.3  inf  18  N 26.2  mpc   7.4 ms  err 0.32
[204/450] speed=4 S1  FR_SAFE_1   seed  4  goal      clr  0.68  t  23.6  inf  24  N 24.6  mpc   6.6 ms  err 0.27
[205/450] speed=4 S1  FR_SAFE_1   seed  5  goal      clr  0.46  t  18.1  inf  19  N 25.9  mpc   7.0 ms  err 0.44
[206/450] speed=4 S1  FR_SAFE_1   seed  6  goal      clr  0.53  t  17.1  inf  18  N 26.2  mpc   6.9 ms  err 0.50
[207/450] speed=4 S1  FR_SAFE_1   seed  7  goal      clr  0.77  t  15.2  inf  16  N 26.2  mpc   7.1 ms  err 0.24
[208/450] speed=4 S1  FR_SAFE_1   seed  8  goal      clr  0.44  t  24.9  inf  25  N 24.7  mpc   6.8 ms  err 0.43
[209/450] speed=4 S1  FR_SAFE_1   seed  9  goal      clr  0.63  t  23.2  inf  24  N 24.4  mpc   6.8 ms  err 0.44
[210/450] speed=4 S1  FR_SAFE_1   seed 10  goal      clr  0.66  t  22.5  inf  23  N 25.3  mpc   7.2 ms  err 0.32
[211/450] speed=4 S1  FR_SAFE_1   seed 11  goal      clr  0.42  t  22.4  inf  23  N 25.9  mpc   7.6 ms  err 0.32
[212/450] speed=4 S1  FR_SAFE_1   seed 12  goal      clr  0.27  t  19.5  inf  20  N 26.0  mpc   7.1 ms  err 0.40
[213/450] speed=4 S1  FR_SAFE_1   seed 13  goal      clr  0.60  t  21.5  inf  22  N 23.3  mpc   6.1 ms  err 0.14
[214/450] speed=4 S1  FR_SAFE_1   seed 14  goal      clr  0.71  t  25.3  inf  26  N 24.9  mpc   6.9 ms  err 0.27
[215/450] speed=4 S1  FR_SAFE_1   seed 15  goal      clr  0.46  t  18.8  inf  19  N 25.4  mpc   7.4 ms  err 0.42
[216/450] speed=4 S1  FR_SAFE_1   seed 16  goal      clr  0.70  t  16.2  inf  17  N 26.4  mpc   7.0 ms  err 0.32
[217/450] speed=4 S1  FR_SAFE_1   seed 17  goal      clr  0.64  t  24.9  inf  25  N 26.0  mpc   6.9 ms  err 0.27
[218/450] speed=4 S1  FR_SAFE_1   seed 18  goal      clr  0.56  t  19.9  inf  20  N 26.7  mpc   7.8 ms  err 0.29
[219/450] speed=4 S1  FR_SAFE_1   seed 19  goal      clr  0.63  t  28.6  inf  29  N 23.4  mpc   6.3 ms  err 0.33
[220/450] speed=4 S1  FR_SAFE_1   seed 20  goal      clr  0.60  t  16.3  inf  17  N 25.8  mpc   7.0 ms  err 0.40
[221/450] speed=4 S1  FR_SAFE_1   seed 21  goal      clr  0.72  t  16.1  inf  17  N 25.8  mpc   6.9 ms  err 0.40
[222/450] speed=4 S1  FR_SAFE_1   seed 22  goal      clr  0.63  t  21.2  inf  22  N 25.2  mpc   6.8 ms  err 0.44
[223/450] speed=4 S1  FR_SAFE_1   seed 23  goal      clr  0.62  t  25.5  inf  26  N 23.8  mpc   6.3 ms  err 0.31
[224/450] speed=4 S1  FR_SAFE_1   seed 24  goal      clr  0.52  t  17.0  inf  18  N 26.0  mpc   6.9 ms  err 0.28
[225/450] speed=4 S1  FR_SAFE_1   seed 25  goal      clr  0.54  t  17.2  inf  18  N 26.3  mpc   7.3 ms  err 0.32
[226/450] speed=4 S1  FR_SAFE_1   seed 26  goal      clr  0.64  t  28.2  inf  29  N 23.4  mpc   6.6 ms  err 0.42
[227/450] speed=4 S1  FR_SAFE_1   seed 27  goal      clr  0.54  t  18.0  inf  19  N 26.0  mpc   7.3 ms  err 0.26
[228/450] speed=4 S1  FR_SAFE_1   seed 28  goal      clr  0.69  t  17.1  inf  18  N 26.2  mpc   6.7 ms  err 0.37
[229/450] speed=4 S1  FR_SAFE_1   seed 29  goal      clr  0.55  t  24.7  inf  25  N 23.6  mpc   6.2 ms  err 0.35
[230/450] speed=4 S1  FR_SAFE_1   seed 30  timeout   clr  0.63  t  40.0  inf  40  N 17.9  mpc   4.7 ms  err 0.34
[231/450] speed=4 S1  FR_SAFE_1   seed 31  goal      clr  0.74  t  20.4  inf  21  N 25.0  mpc   6.7 ms  err 0.36
[232/450] speed=4 S1  FR_SAFE_1   seed 32  goal      clr  0.36  t  18.5  inf  19  N 26.9  mpc   7.9 ms  err 0.32
[233/450] speed=4 S1  FR_SAFE_1   seed 33  goal      clr  0.38  t  22.6  inf  23  N 25.5  mpc   7.3 ms  err 0.31
[234/450] speed=4 S1  FR_SAFE_1   seed 34  goal      clr  0.49  t  15.9  inf  16  N 25.5  mpc   6.6 ms  err 0.28
[235/450] speed=4 S1  FR_SAFE_1   seed 35  goal      clr  0.85  t  16.8  inf  17  N 26.0  mpc   6.7 ms  err 0.44
[236/450] speed=4 S1  FR_SAFE_1   seed 36  goal      clr  0.60  t  21.0  inf  21  N 26.1  mpc   7.6 ms  err 0.40
[237/450] speed=4 S1  FR_SAFE_1   seed 37  collision clr -0.01  t  15.1  inf  16  N 27.1  mpc   8.0 ms  err 0.46
[238/450] speed=4 S1  FR_SAFE_1   seed 38  goal      clr  0.40  t  31.2  inf  32  N 25.4  mpc   7.2 ms  err 0.31
[239/450] speed=4 S1  FR_SAFE_1   seed 39  goal      clr  0.91  t  16.8  inf  17  N 26.6  mpc   7.4 ms  err 0.34
[240/450] speed=4 S1  FR_SAFE_1   seed 40  goal      clr  0.49  t  18.2  inf  19  N 25.1  mpc   6.9 ms  err 0.30
[241/450] speed=4 S1  FR_SAFE_1   seed 41  goal      clr  0.56  t  25.9  inf  26  N 24.4  mpc   6.9 ms  err 0.52
[242/450] speed=4 S1  FR_SAFE_1   seed 42  goal      clr  0.44  t  33.7  inf  34  N 24.8  mpc   7.0 ms  err 0.32
[243/450] speed=4 S1  FR_SAFE_1   seed 43  goal      clr  0.65  t  20.1  inf  21  N 24.9  mpc   6.8 ms  err 0.30
[244/450] speed=4 S1  FR_SAFE_1   seed 44  goal      clr  0.66  t  22.2  inf  23  N 24.1  mpc   6.4 ms  err 0.23
[245/450] speed=4 S1  FR_SAFE_1   seed 45  goal      clr  0.78  t  23.3  inf  24  N 25.5  mpc   6.9 ms  err 0.33
[246/450] speed=4 S1  FR_SAFE_1   seed 46  goal      clr  0.44  t  20.7  inf  21  N 26.3  mpc   7.8 ms  err 0.41
[247/450] speed=4 S1  FR_SAFE_1   seed 47  goal      clr  0.57  t  24.0  inf  25  N 25.8  mpc   7.2 ms  err 0.42
[248/450] speed=4 S1  FR_SAFE_1   seed 48  timeout   clr  0.39  t  40.0  inf  40  N 20.9  mpc   5.7 ms  err 0.29
[249/450] speed=4 S1  FR_SAFE_1   seed 49  goal      clr  0.24  t  24.1  inf  25  N 24.6  mpc   6.7 ms  err 0.54
[250/450] speed=4 S1  FR_SAFE_1   seed 50  goal      clr  0.59  t  21.0  inf  22  N 24.9  mpc   7.0 ms  err 0.39
[251/450] speed=4 S1  FR_SAFE_2   seed  1  goal      clr  0.59  t  15.5  inf  32  N 26.5  mpc   6.8 ms  err 0.22
[252/450] speed=4 S1  FR_SAFE_2   seed  2  goal      clr  0.52  t  15.8  inf  32  N 25.3  mpc   6.5 ms  err 0.21
[253/450] speed=4 S1  FR_SAFE_2   seed  3  goal      clr  0.49  t  19.5  inf  39  N 26.2  mpc   7.4 ms  err 0.28
[254/450] speed=4 S1  FR_SAFE_2   seed  4  goal      clr  0.49  t  16.8  inf  34  N 25.3  mpc   6.7 ms  err 0.31
[255/450] speed=4 S1  FR_SAFE_2   seed  5  goal      clr  0.55  t  16.7  inf  34  N 26.1  mpc   7.0 ms  err 0.47
[256/450] speed=4 S1  FR_SAFE_2   seed  6  goal      clr  0.72  t  14.2  inf  29  N 25.6  mpc   6.3 ms  err 0.29
[257/450] speed=4 S1  FR_SAFE_2   seed  7  goal      clr  0.53  t  14.8  inf  30  N 25.6  mpc   6.7 ms  err 0.25
[258/450] speed=4 S1  FR_SAFE_2   seed  8  goal      clr  0.63  t  16.4  inf  33  N 25.3  mpc   6.5 ms  err 0.32
[259/450] speed=4 S1  FR_SAFE_2   seed  9  goal      clr  0.56  t  15.4  inf  31  N 25.7  mpc   6.7 ms  err 0.25
[260/450] speed=4 S1  FR_SAFE_2   seed 10  goal      clr  0.63  t  15.3  inf  31  N 25.6  mpc   6.6 ms  err 0.30
[261/450] speed=4 S1  FR_SAFE_2   seed 11  goal      clr  0.56  t  15.3  inf  31  N 25.9  mpc   6.5 ms  err 0.19
[262/450] speed=4 S1  FR_SAFE_2   seed 12  goal      clr  0.56  t  15.8  inf  32  N 26.0  mpc   6.6 ms  err 0.21
[263/450] speed=4 S1  FR_SAFE_2   seed 13  goal      clr  0.54  t  20.4  inf  41  N 25.3  mpc   6.4 ms  err 0.33
[264/450] speed=4 S1  FR_SAFE_2   seed 14  goal      clr  0.64  t  17.1  inf  35  N 24.3  mpc   6.0 ms  err 0.29
[265/450] speed=4 S1  FR_SAFE_2   seed 15  goal      clr  0.42  t  18.7  inf  38  N 25.6  mpc   7.0 ms  err 0.23
[266/450] speed=4 S1  FR_SAFE_2   seed 16  goal      clr  0.63  t  14.6  inf  30  N 25.5  mpc   6.2 ms  err 0.19
[267/450] speed=4 S1  FR_SAFE_2   seed 17  goal      clr  0.71  t  15.5  inf  31  N 25.1  mpc   6.3 ms  err 0.19
[268/450] speed=4 S1  FR_SAFE_2   seed 18  goal      clr  0.48  t  15.8  inf  32  N 26.0  mpc   6.8 ms  err 0.27
[269/450] speed=4 S1  FR_SAFE_2   seed 19  goal      clr  0.61  t  16.8  inf  34  N 26.2  mpc   7.1 ms  err 0.18
[270/450] speed=4 S1  FR_SAFE_2   seed 20  goal      clr  0.80  t  14.6  inf  30  N 25.7  mpc   6.2 ms  err 0.33
[271/450] speed=4 S1  FR_SAFE_2   seed 21  goal      clr  0.66  t  14.5  inf  29  N 25.7  mpc   6.3 ms  err 0.25
[272/450] speed=4 S1  FR_SAFE_2   seed 22  goal      clr  0.62  t  14.3  inf  29  N 25.6  mpc   6.2 ms  err 0.32
[273/450] speed=4 S1  FR_SAFE_2   seed 23  goal      clr  0.63  t  24.3  inf  49  N 24.2  mpc   6.4 ms  err 0.32
[274/450] speed=4 S1  FR_SAFE_2   seed 24  goal      clr  0.58  t  14.4  inf  29  N 25.8  mpc   6.3 ms  err 0.24
[275/450] speed=4 S1  FR_SAFE_2   seed 25  goal      clr  0.63  t  15.2  inf  31  N 25.8  mpc   6.5 ms  err 0.22
[276/450] speed=4 S1  FR_SAFE_2   seed 26  goal      clr  0.60  t  15.7  inf  32  N 24.9  mpc   6.4 ms  err 0.20
[277/450] speed=4 S1  FR_SAFE_2   seed 27  goal      clr  0.55  t  14.3  inf  29  N 26.0  mpc   6.4 ms  err 0.15
[278/450] speed=4 S1  FR_SAFE_2   seed 28  goal      clr  0.56  t  14.9  inf  30  N 26.2  mpc   6.4 ms  err 0.37
[279/450] speed=4 S1  FR_SAFE_2   seed 29  goal      clr  0.54  t  15.3  inf  31  N 26.1  mpc   6.8 ms  err 0.20
[280/450] speed=4 S1  FR_SAFE_2   seed 30  goal      clr  0.72  t  14.8  inf  30  N 25.7  mpc   6.4 ms  err 0.25
[281/450] speed=4 S1  FR_SAFE_2   seed 31  goal      clr  0.62  t  15.1  inf  31  N 26.0  mpc   6.7 ms  err 0.27
[282/450] speed=4 S1  FR_SAFE_2   seed 32  goal      clr  0.67  t  15.1  inf  31  N 26.0  mpc   6.7 ms  err 0.26
[283/450] speed=4 S1  FR_SAFE_2   seed 33  goal      clr  0.64  t  15.1  inf  31  N 25.5  mpc   6.6 ms  err 0.15
[284/450] speed=4 S1  FR_SAFE_2   seed 34  goal      clr  0.55  t  16.0  inf  33  N 25.5  mpc   6.7 ms  err 0.30
[285/450] speed=4 S1  FR_SAFE_2   seed 35  goal      clr  0.58  t  14.7  inf  30  N 26.1  mpc   6.4 ms  err 0.31
[286/450] speed=4 S1  FR_SAFE_2   seed 36  goal      clr  0.69  t  18.8  inf  38  N 23.6  mpc   5.9 ms  err 0.25
[287/450] speed=4 S1  FR_SAFE_2   seed 37  goal      clr  0.65  t  14.7  inf  30  N 25.2  mpc   6.3 ms  err 0.23
[288/450] speed=4 S1  FR_SAFE_2   seed 38  goal      clr  0.61  t  15.2  inf  31  N 26.3  mpc   6.6 ms  err 0.29
[289/450] speed=4 S1  FR_SAFE_2   seed 39  goal      clr  0.68  t  15.4  inf  31  N 26.1  mpc   6.7 ms  err 0.50
[290/450] speed=4 S1  FR_SAFE_2   seed 40  goal      clr  0.69  t  15.7  inf  32  N 25.4  mpc   6.3 ms  err 0.21
[291/450] speed=4 S1  FR_SAFE_2   seed 41  goal      clr  0.65  t  16.8  inf  34  N 25.2  mpc   6.3 ms  err 0.25
[292/450] speed=4 S1  FR_SAFE_2   seed 42  goal      clr  0.64  t  14.9  inf  30  N 25.6  mpc   6.3 ms  err 0.20
[293/450] speed=4 S1  FR_SAFE_2   seed 43  goal      clr  0.62  t  15.3  inf  31  N 26.2  mpc   6.4 ms  err 0.29
[294/450] speed=4 S1  FR_SAFE_2   seed 44  goal      clr  0.51  t  15.2  inf  31  N 25.5  mpc   6.5 ms  err 0.31
[295/450] speed=4 S1  FR_SAFE_2   seed 45  goal      clr  0.50  t  17.0  inf  34  N 27.1  mpc   7.3 ms  err 0.32
[296/450] speed=4 S1  FR_SAFE_2   seed 46  goal      clr  0.61  t  15.0  inf  30  N 26.0  mpc   6.4 ms  err 0.22
[297/450] speed=4 S1  FR_SAFE_2   seed 47  goal      clr  0.50  t  39.2  inf  79  N 23.5  mpc   6.9 ms  err 0.50
[298/450] speed=4 S1  FR_SAFE_2   seed 48  goal      clr  0.63  t  17.3  inf  35  N 25.5  mpc   6.8 ms  err 0.31
[299/450] speed=4 S1  FR_SAFE_2   seed 49  goal      clr  0.75  t  14.1  inf  29  N 25.5  mpc   6.0 ms  err 0.20
[300/450] speed=4 S1  FR_SAFE_2   seed 50  goal      clr  0.51  t  15.6  inf  32  N 26.2  mpc   6.7 ms  err 0.50
[301/450] speed=4 S1  FR_SAFE_3   seed  1  goal      clr  0.45  t  14.9  inf  44  N 26.0  mpc   6.6 ms  err 0.17
[302/450] speed=4 S1  FR_SAFE_3   seed  2  goal      clr  0.46  t  15.8  inf  47  N 24.8  mpc   6.4 ms  err 0.29
[303/450] speed=4 S1  FR_SAFE_3   seed  3  goal      clr  0.46  t  19.7  inf  58  N 26.8  mpc   7.7 ms  err 0.22
[304/450] speed=4 S1  FR_SAFE_3   seed  4  goal      clr  0.60  t  14.6  inf  43  N 25.7  mpc   6.7 ms  err 0.26
[305/450] speed=4 S1  FR_SAFE_3   seed  5  goal      clr  0.65  t  16.4  inf  49  N 25.6  mpc   6.7 ms  err 0.55
[306/450] speed=4 S1  FR_SAFE_3   seed  6  goal      clr  0.69  t  14.3  inf  43  N 24.9  mpc   6.0 ms  err 0.14
[307/450] speed=4 S1  FR_SAFE_3   seed  7  goal      clr  0.55  t  14.4  inf  43  N 25.4  mpc   6.4 ms  err 0.26
[308/450] speed=4 S1  FR_SAFE_3   seed  8  goal      clr  0.67  t  14.9  inf  44  N 25.6  mpc   6.5 ms  err 0.23
[309/450] speed=4 S1  FR_SAFE_3   seed  9  goal      clr  0.43  t  15.5  inf  46  N 25.1  mpc   6.4 ms  err 0.33
[310/450] speed=4 S1  FR_SAFE_3   seed 10  goal      clr  0.63  t  15.2  inf  45  N 25.5  mpc   6.6 ms  err 0.23
[311/450] speed=4 S1  FR_SAFE_3   seed 11  goal      clr  0.70  t  14.2  inf  42  N 25.5  mpc   6.2 ms  err 0.20
[312/450] speed=4 S1  FR_SAFE_3   seed 12  goal      clr  0.49  t  15.4  inf  46  N 25.9  mpc   6.7 ms  err 0.30
[313/450] speed=4 S1  FR_SAFE_3   seed 13  goal      clr  0.70  t  14.1  inf  42  N 26.0  mpc   6.5 ms  err 0.16
[314/450] speed=4 S1  FR_SAFE_3   seed 14  goal      clr  0.63  t  19.8  inf  59  N 26.4  mpc   7.1 ms  err 0.14
[315/450] speed=4 S1  FR_SAFE_3   seed 15  goal      clr  0.60  t  16.1  inf  48  N 25.4  mpc   6.7 ms  err 0.20
[316/450] speed=4 S1  FR_SAFE_3   seed 16  goal      clr  0.64  t  14.3  inf  43  N 25.3  mpc   6.2 ms  err 0.18
[317/450] speed=4 S1  FR_SAFE_3   seed 17  goal      clr  0.66  t  14.1  inf  42  N 25.2  mpc   6.2 ms  err 0.20
[318/450] speed=4 S1  FR_SAFE_3   seed 18  goal      clr  0.70  t  14.3  inf  43  N 25.6  mpc   6.4 ms  err 0.16
[319/450] speed=4 S1  FR_SAFE_3   seed 19  goal      clr  0.50  t  15.4  inf  46  N 26.0  mpc   6.7 ms  err 0.18
[320/450] speed=4 S1  FR_SAFE_3   seed 20  goal      clr  0.75  t  14.6  inf  43  N 25.4  mpc   6.2 ms  err 0.35
[321/450] speed=4 S1  FR_SAFE_3   seed 21  goal      clr  0.83  t  14.3  inf  43  N 25.4  mpc   6.3 ms  err 0.16
[322/450] speed=4 S1  FR_SAFE_3   seed 22  goal      clr  0.53  t  14.0  inf  42  N 25.5  mpc   6.2 ms  err 0.21
[323/450] speed=4 S1  FR_SAFE_3   seed 23  goal      clr  0.51  t  14.9  inf  44  N 25.2  mpc   6.4 ms  err 0.28
[324/450] speed=4 S1  FR_SAFE_3   seed 24  goal      clr  0.63  t  14.4  inf  43  N 25.6  mpc   6.3 ms  err 0.23
[325/450] speed=4 S1  FR_SAFE_3   seed 25  goal      clr  0.63  t  15.1  inf  45  N 25.8  mpc   6.5 ms  err 0.14
[326/450] speed=4 S1  FR_SAFE_3   seed 26  goal      clr  0.54  t  14.7  inf  44  N 25.5  mpc   6.5 ms  err 0.26
[327/450] speed=4 S1  FR_SAFE_3   seed 27  goal      clr  0.59  t  14.5  inf  43  N 25.7  mpc   6.4 ms  err 0.09
[328/450] speed=4 S1  FR_SAFE_3   seed 28  goal      clr  0.58  t  14.2  inf  42  N 25.9  mpc   6.3 ms  err 0.29
[329/450] speed=4 S1  FR_SAFE_3   seed 29  timeout   clr  0.58  t  40.0  inf 118  N 17.0  mpc   4.6 ms  err 0.47
[330/450] speed=4 S1  FR_SAFE_3   seed 30  goal      clr  0.62  t  14.7  inf  44  N 25.5  mpc   6.4 ms  err 0.31
[331/450] speed=4 S1  FR_SAFE_3   seed 31  goal      clr  0.56  t  15.3  inf  45  N 25.6  mpc   6.6 ms  err 0.15
[332/450] speed=4 S1  FR_SAFE_3   seed 32  goal      clr  0.51  t  14.9  inf  44  N 25.8  mpc   6.8 ms  err 0.23
[333/450] speed=4 S1  FR_SAFE_3   seed 33  goal      clr  0.65  t  14.4  inf  43  N 25.5  mpc   6.4 ms  err 0.14
[334/450] speed=4 S1  FR_SAFE_3   seed 34  goal      clr  0.62  t  14.7  inf  44  N 25.3  mpc   6.4 ms  err 0.15
[335/450] speed=4 S1  FR_SAFE_3   seed 35  goal      clr  0.64  t  14.4  inf  43  N 25.8  mpc   6.4 ms  err 0.28
[336/450] speed=4 S1  FR_SAFE_3   seed 36  goal      clr  0.57  t  17.3  inf  51  N 24.5  mpc   6.3 ms  err 0.20
[337/450] speed=4 S1  FR_SAFE_3   seed 37  goal      clr  0.66  t  16.1  inf  48  N 24.9  mpc   6.4 ms  err 0.16
[338/450] speed=4 S1  FR_SAFE_3   seed 38  goal      clr  0.67  t  15.6  inf  46  N 26.1  mpc   6.7 ms  err 0.19
[339/450] speed=4 S1  FR_SAFE_3   seed 39  goal      clr  0.56  t  15.4  inf  46  N 25.9  mpc   6.8 ms  err 0.14
[340/450] speed=4 S1  FR_SAFE_3   seed 40  goal      clr  0.56  t  14.6  inf  43  N 25.8  mpc   6.4 ms  err 0.27
[341/450] speed=4 S1  FR_SAFE_3   seed 41  goal      clr  0.35  t  18.9  inf  56  N 25.6  mpc   7.2 ms  err 0.25
[342/450] speed=4 S1  FR_SAFE_3   seed 42  goal      clr  0.65  t  14.8  inf  44  N 25.7  mpc   6.5 ms  err 0.21
[343/450] speed=4 S1  FR_SAFE_3   seed 43  goal      clr  0.59  t  15.3  inf  45  N 25.5  mpc   6.3 ms  err 0.27
[344/450] speed=4 S1  FR_SAFE_3   seed 44  goal      clr  0.60  t  18.2  inf  54  N 25.4  mpc   6.5 ms  err 0.27
[345/450] speed=4 S1  FR_SAFE_3   seed 45  goal      clr  0.59  t  15.8  inf  47  N 25.3  mpc   6.6 ms  err 0.19
[346/450] speed=4 S1  FR_SAFE_3   seed 46  goal      clr  0.58  t  14.1  inf  42  N 26.6  mpc   6.5 ms  err 0.29
[347/450] speed=4 S1  FR_SAFE_3   seed 47  goal      clr  0.52  t  15.9  inf  47  N 24.6  mpc   6.3 ms  err 0.29
[348/450] speed=4 S1  FR_SAFE_3   seed 48  goal      clr  0.63  t  15.8  inf  47  N 25.9  mpc   6.7 ms  err 0.23
[349/450] speed=4 S1  FR_SAFE_3   seed 49  goal      clr  0.63  t  13.9  inf  41  N 25.4  mpc   6.1 ms  err 0.18
[350/450] speed=4 S1  FR_SAFE_3   seed 50  goal      clr  0.32  t  16.9  inf  50  N 26.4  mpc   6.8 ms  err 0.32
[351/450] speed=4 S1  FR_SAFE_5   seed  1  goal      clr  0.57  t  14.6  inf  74  N 25.6  mpc   6.7 ms  err 0.17
[352/450] speed=4 S1  FR_SAFE_5   seed  2  goal      clr  0.44  t  15.0  inf  75  N 25.6  mpc   6.9 ms  err 0.22
[353/450] speed=4 S1  FR_SAFE_5   seed  3  goal      clr  0.52  t  15.5  inf  78  N 25.7  mpc   7.0 ms  err 0.20
[354/450] speed=4 S1  FR_SAFE_5   seed  4  goal      clr  0.62  t  14.5  inf  73  N 25.5  mpc   6.6 ms  err 0.22
[355/450] speed=4 S1  FR_SAFE_5   seed  5  goal      clr  0.56  t  14.5  inf  73  N 25.3  mpc   6.6 ms  err 0.20
[356/450] speed=4 S1  FR_SAFE_5   seed  6  goal      clr  0.65  t  14.0  inf  70  N 25.1  mpc   6.3 ms  err 0.13
[357/450] speed=4 S1  FR_SAFE_5   seed  7  goal      clr  0.65  t  13.7  inf  69  N 25.2  mpc   6.2 ms  err 0.19
[358/450] speed=4 S1  FR_SAFE_5   seed  8  goal      clr  0.65  t  14.8  inf  74  N 25.2  mpc   6.6 ms  err 0.20
[359/450] speed=4 S1  FR_SAFE_5   seed  9  goal      clr  0.52  t  14.9  inf  75  N 25.0  mpc   6.4 ms  err 0.28
[360/450] speed=4 S1  FR_SAFE_5   seed 10  goal      clr  0.57  t  15.1  inf  76  N 25.2  mpc   6.7 ms  err 0.21
[361/450] speed=4 S1  FR_SAFE_5   seed 11  goal      clr  0.61  t  13.9  inf  70  N 25.3  mpc   6.3 ms  err 0.22
[362/450] speed=4 S1  FR_SAFE_5   seed 12  goal      clr  0.55  t  14.6  inf  74  N 26.0  mpc   6.8 ms  err 0.20
[363/450] speed=4 S1  FR_SAFE_5   seed 13  goal      clr  0.63  t  14.3  inf  72  N 25.5  mpc   6.6 ms  err 0.10
[364/450] speed=4 S1  FR_SAFE_5   seed 14  goal      clr  0.49  t  19.3  inf  97  N 24.4  mpc   6.6 ms  err 0.18
[365/450] speed=4 S1  FR_SAFE_5   seed 15  timeout   clr  0.61  t  40.0  inf 200  N 17.4  mpc   5.1 ms  err 0.56
[366/450] speed=4 S1  FR_SAFE_5   seed 16  goal      clr  0.69  t  14.4  inf  72  N 25.0  mpc   6.3 ms  err 0.27
[367/450] speed=4 S1  FR_SAFE_5   seed 17  goal      clr  0.66  t  13.9  inf  70  N 24.8  mpc   6.3 ms  err 0.14
[368/450] speed=4 S1  FR_SAFE_5   seed 18  goal      clr  0.68  t  14.2  inf  72  N 25.7  mpc   6.5 ms  err 0.15
[369/450] speed=4 S1  FR_SAFE_5   seed 19  goal      clr  0.47  t  17.7  inf  89  N 25.6  mpc   7.2 ms  err 0.29
[370/450] speed=4 S1  FR_SAFE_5   seed 20  goal      clr  0.70  t  14.4  inf  73  N 24.8  mpc   6.1 ms  err 0.32
[371/450] speed=4 S1  FR_SAFE_5   seed 21  goal      clr  0.72  t  14.1  inf  71  N 25.4  mpc   6.4 ms  err 0.14
[372/450] speed=4 S1  FR_SAFE_5   seed 22  goal      clr  0.61  t  14.1  inf  71  N 25.0  mpc   6.2 ms  err 0.19
[373/450] speed=4 S1  FR_SAFE_5   seed 23  goal      clr  0.66  t  14.3  inf  72  N 24.8  mpc   6.2 ms  err 0.21
[374/450] speed=4 S1  FR_SAFE_5   seed 24  goal      clr  0.56  t  13.7  inf  69  N 25.1  mpc   6.1 ms  err 0.21
[375/450] speed=4 S1  FR_SAFE_5   seed 25  goal      clr  0.58  t  14.5  inf  73  N 25.4  mpc   6.5 ms  err 0.19
[376/450] speed=4 S1  FR_SAFE_5   seed 26  goal      clr  0.56  t  14.3  inf  72  N 24.9  mpc   6.5 ms  err 0.23
[377/450] speed=4 S1  FR_SAFE_5   seed 27  goal      clr  0.62  t  14.3  inf  72  N 25.5  mpc   6.5 ms  err 0.09
[378/450] speed=4 S1  FR_SAFE_5   seed 28  goal      clr  0.57  t  14.5  inf  73  N 25.5  mpc   6.3 ms  err 0.29
[379/450] speed=4 S1  FR_SAFE_5   seed 29  goal      clr  0.57  t  15.1  inf  76  N 25.8  mpc   6.8 ms  err 0.24
[380/450] speed=4 S1  FR_SAFE_5   seed 30  goal      clr  0.68  t  14.5  inf  73  N 25.3  mpc   6.3 ms  err 0.24
[381/450] speed=4 S1  FR_SAFE_5   seed 31  goal      clr  0.55  t  14.7  inf  74  N 25.3  mpc   6.4 ms  err 0.19
[382/450] speed=4 S1  FR_SAFE_5   seed 32  goal      clr  0.50  t  15.5  inf  78  N 25.5  mpc   6.7 ms  err 0.18
[383/450] speed=4 S1  FR_SAFE_5   seed 33  goal      clr  0.63  t  14.1  inf  71  N 25.2  mpc   6.4 ms  err 0.11
[384/450] speed=4 S1  FR_SAFE_5   seed 34  goal      clr  0.59  t  15.0  inf  76  N 25.3  mpc   6.5 ms  err 0.14
[385/450] speed=4 S1  FR_SAFE_5   seed 35  goal      clr  0.58  t  15.0  inf  75  N 25.5  mpc   6.6 ms  err 0.31
[386/450] speed=4 S1  FR_SAFE_5   seed 36  goal      clr  0.51  t  15.1  inf  76  N 25.6  mpc   6.7 ms  err 0.20
[387/450] speed=4 S1  FR_SAFE_5   seed 37  goal      clr  0.54  t  14.6  inf  74  N 25.1  mpc   6.4 ms  err 0.22
[388/450] speed=4 S1  FR_SAFE_5   seed 38  goal      clr  0.60  t  14.9  inf  75  N 26.0  mpc   6.9 ms  err 0.23
[389/450] speed=4 S1  FR_SAFE_5   seed 39  goal      clr  0.57  t  14.6  inf  74  N 25.8  mpc   6.8 ms  err 0.14
[390/450] speed=4 S1  FR_SAFE_5   seed 40  goal      clr  0.62  t  14.6  inf  73  N 25.4  mpc   6.5 ms  err 0.24
[391/450] speed=4 S1  FR_SAFE_5   seed 41  goal      clr  0.59  t  14.9  inf  75  N 25.6  mpc   6.9 ms  err 0.13
[392/450] speed=4 S1  FR_SAFE_5   seed 42  goal      clr  0.64  t  14.3  inf  72  N 25.7  mpc   6.5 ms  err 0.23
[393/450] speed=4 S1  FR_SAFE_5   seed 43  goal      clr  0.44  t  17.5  inf  88  N 23.7  mpc   6.0 ms  err 0.17
[394/450] speed=4 S1  FR_SAFE_5   seed 44  goal      clr  0.54  t  14.1  inf  71  N 25.1  mpc   6.3 ms  err 0.22
[395/450] speed=4 S1  FR_SAFE_5   seed 45  goal      clr  0.52  t  15.4  inf  77  N 25.4  mpc   6.6 ms  err 0.29
[396/450] speed=4 S1  FR_SAFE_5   seed 46  goal      clr  0.56  t  14.7  inf  74  N 25.7  mpc   6.6 ms  err 0.18
[397/450] speed=4 S1  FR_SAFE_5   seed 47  goal      clr  0.59  t  14.8  inf  74  N 24.8  mpc   6.2 ms  err 0.15
[398/450] speed=4 S1  FR_SAFE_5   seed 48  goal      clr  0.54  t  15.8  inf  79  N 25.6  mpc   6.8 ms  err 0.35
[399/450] speed=4 S1  FR_SAFE_5   seed 49  goal      clr  0.61  t  14.1  inf  71  N 25.6  mpc   6.3 ms  err 0.21
[400/450] speed=4 S1  FR_SAFE_5   seed 50  goal      clr  0.53  t  14.5  inf  73  N 25.7  mpc   6.7 ms  err 0.18
[401/450] speed=4 S1  FR_SAFE_10  seed  1  goal      clr  0.58  t  14.4  inf 135  N 25.6  mpc   6.5 ms  err 0.14
[402/450] speed=4 S1  FR_SAFE_10  seed  2  goal      clr  0.49  t  14.7  inf 137  N 25.3  mpc   6.6 ms  err 0.22
[403/450] speed=4 S1  FR_SAFE_10  seed  3  goal      clr  0.40  t  16.6  inf 156  N 25.9  mpc   7.2 ms  err 0.23
[404/450] speed=4 S1  FR_SAFE_10  seed  4  goal      clr  0.57  t  14.4  inf 137  N 25.5  mpc   6.5 ms  err 0.24
[405/450] speed=4 S1  FR_SAFE_10  seed  5  goal      clr  0.58  t  14.6  inf 132  N 24.3  mpc   6.1 ms  err 0.25
[406/450] speed=4 S1  FR_SAFE_10  seed  6  goal      clr  0.66  t  13.9  inf 130  N 24.9  mpc   5.9 ms  err 0.14
[407/450] speed=4 S1  FR_SAFE_10  seed  7  goal      clr  0.50  t  14.9  inf 137  N 25.1  mpc   6.2 ms  err 0.34
[408/450] speed=4 S1  FR_SAFE_10  seed  8  goal      clr  0.65  t  14.4  inf 136  N 25.3  mpc   6.2 ms  err 0.25
[409/450] speed=4 S1  FR_SAFE_10  seed  9  goal      clr  0.57  t  14.1  inf 131  N 25.2  mpc   6.1 ms  err 0.25
[410/450] speed=4 S1  FR_SAFE_10  seed 10  goal      clr  0.54  t  14.3  inf 130  N 25.2  mpc   6.3 ms  err 0.26
[411/450] speed=4 S1  FR_SAFE_10  seed 11  goal      clr  0.63  t  13.8  inf 125  N 25.3  mpc   5.9 ms  err 0.23
[412/450] speed=4 S1  FR_SAFE_10  seed 12  goal      clr  0.53  t  14.5  inf 136  N 25.8  mpc   6.3 ms  err 0.14
[413/450] speed=4 S1  FR_SAFE_10  seed 13  goal      clr  0.58  t  14.0  inf 133  N 25.8  mpc   6.3 ms  err 0.15
[414/450] speed=4 S1  FR_SAFE_10  seed 14  goal      clr  0.50  t  18.2  inf 168  N 25.5  mpc   6.6 ms  err 0.20
[415/450] speed=4 S1  FR_SAFE_10  seed 15  goal      clr  0.53  t  17.7  inf 164  N 25.9  mpc   6.9 ms  err 0.21
[416/450] speed=4 S1  FR_SAFE_10  seed 16  goal      clr  0.72  t  13.9  inf 131  N 24.9  mpc   5.9 ms  err 0.15
[417/450] speed=4 S1  FR_SAFE_10  seed 17  goal      clr  0.67  t  13.8  inf 132  N 24.6  mpc   6.0 ms  err 0.13
[418/450] speed=4 S1  FR_SAFE_10  seed 18  goal      clr  0.64  t  14.1  inf 132  N 25.2  mpc   6.1 ms  err 0.14
[419/450] speed=4 S1  FR_SAFE_10  seed 19  goal      clr  0.55  t  15.4  inf 146  N 25.9  mpc   6.7 ms  err 0.17
[420/450] speed=4 S1  FR_SAFE_10  seed 20  goal      clr  0.61  t  14.7  inf 136  N 24.9  mpc   6.0 ms  err 0.34
[421/450] speed=4 S1  FR_SAFE_10  seed 21  goal      clr  0.70  t  14.2  inf 132  N 25.6  mpc   6.3 ms  err 0.15
[422/450] speed=4 S1  FR_SAFE_10  seed 22  goal      clr  0.54  t  13.8  inf 131  N 25.0  mpc   5.9 ms  err 0.18
[423/450] speed=4 S1  FR_SAFE_10  seed 23  goal      clr  0.62  t  14.4  inf 133  N 24.6  mpc   6.0 ms  err 0.14
[424/450] speed=4 S1  FR_SAFE_10  seed 24  goal      clr  0.54  t  13.8  inf 130  N 25.1  mpc   5.9 ms  err 0.24
[425/450] speed=4 S1  FR_SAFE_10  seed 25  goal      clr  0.54  t  14.3  inf 134  N 25.4  mpc   6.4 ms  err 0.14
[426/450] speed=4 S1  FR_SAFE_10  seed 26  goal      clr  0.39  t  15.8  inf 146  N 25.3  mpc   6.4 ms  err 0.66
[427/450] speed=4 S1  FR_SAFE_10  seed 27  goal      clr  0.58  t  14.2  inf 132  N 25.4  mpc   6.2 ms  err 0.09
[428/450] speed=4 S1  FR_SAFE_10  seed 28  goal      clr  0.54  t  14.2  inf 133  N 25.4  mpc   6.1 ms  err 0.25
[429/450] speed=4 S1  FR_SAFE_10  seed 29  goal      clr  0.51  t  15.6  inf 146  N 25.9  mpc   6.6 ms  err 0.22
[430/450] speed=4 S1  FR_SAFE_10  seed 30  goal      clr  0.65  t  14.3  inf 132  N 25.2  mpc   6.2 ms  err 0.20
[431/450] speed=4 S1  FR_SAFE_10  seed 31  goal      clr  0.57  t  14.7  inf 137  N 25.1  mpc   6.2 ms  err 0.15
[432/450] speed=4 S1  FR_SAFE_10  seed 32  goal      clr  0.60  t  14.6  inf 136  N 25.5  mpc   6.4 ms  err 0.13
[433/450] speed=4 S1  FR_SAFE_10  seed 33  goal      clr  0.59  t  14.0  inf 130  N 25.0  mpc   6.2 ms  err 0.14
[434/450] speed=4 S1  FR_SAFE_10  seed 34  goal      clr  0.62  t  14.7  inf 140  N 24.9  mpc   6.3 ms  err 0.12
[435/450] speed=4 S1  FR_SAFE_10  seed 35  goal      clr  0.59  t  14.2  inf 134  N 25.7  mpc   6.3 ms  err 0.20
[436/450] speed=4 S1  FR_SAFE_10  seed 36  goal      clr  0.61  t  14.7  inf 138  N 25.5  mpc   6.3 ms  err 0.16
[437/450] speed=4 S1  FR_SAFE_10  seed 37  goal      clr  0.55  t  14.2  inf 133  N 25.0  mpc   6.2 ms  err 0.22
[438/450] speed=4 S1  FR_SAFE_10  seed 38  goal      clr  0.52  t  27.7  inf 258  N 21.8  mpc   5.8 ms  err 0.54
[439/450] speed=4 S1  FR_SAFE_10  seed 39  goal      clr  0.52  t  14.6  inf 134  N 25.8  mpc   6.4 ms  err 0.16
[440/450] speed=4 S1  FR_SAFE_10  seed 40  goal      clr  0.49  t  14.7  inf 138  N 25.2  mpc   6.2 ms  err 0.22
[441/450] speed=4 S1  FR_SAFE_10  seed 41  goal      clr  0.64  t  14.8  inf 137  N 25.5  mpc   6.5 ms  err 0.15
[442/450] speed=4 S1  FR_SAFE_10  seed 42  goal      clr  0.65  t  14.4  inf 135  N 25.3  mpc   6.3 ms  err 0.19
[443/450] speed=4 S1  FR_SAFE_10  seed 43  goal      clr  0.24  t  15.7  inf 145  N 25.6  mpc   6.4 ms  err 0.25
[444/450] speed=4 S1  FR_SAFE_10  seed 44  goal      clr  0.60  t  14.2  inf 131  N 24.7  mpc   5.9 ms  err 0.17
[445/450] speed=4 S1  FR_SAFE_10  seed 45  goal      clr  0.47  t  15.1  inf 141  N 25.5  mpc   6.4 ms  err 0.27
[446/450] speed=4 S1  FR_SAFE_10  seed 46  goal      clr  0.57  t  14.6  inf 135  N 25.3  mpc   6.3 ms  err 0.22
[447/450] speed=4 S1  FR_SAFE_10  seed 47  goal      clr  0.56  t  14.6  inf 134  N 24.6  mpc   6.1 ms  err 0.15
[448/450] speed=4 S1  FR_SAFE_10  seed 48  goal      clr  0.59  t  14.7  inf 138  N 25.1  mpc   6.3 ms  err 0.23
[449/450] speed=4 S1  FR_SAFE_10  seed 49  goal      clr  0.62  t  13.8  inf 132  N 25.3  mpc   6.0 ms  err 0.17
[450/450] speed=4 S1  FR_SAFE_10  seed 50  goal      clr  0.56  t  14.8  inf 139  N 25.4  mpc   6.3 ms  err 0.16
