[  1/250] shift=0.005 S2  E_DART      seed  1  goal      clr  0.48  t  14.8  inf  78  N 24.3  mpc   5.1 ms  err 0.48
[  2/250] shift=0.005 S2  E_DART      seed  2  goal      clr  0.82  t  13.9  inf  78  N 24.6  mpc   4.2 ms  err 0.37
[  3/250] shift=0.005 S2  E_DART      seed  3  goal      clr  0.61  t  14.5  inf  83  N 25.0  mpc   4.1 ms  err 0.36
[  4/250] shift=0.005 S2  E_DART      seed  4  goal      clr  0.82  t  14.3  inf  73  N 25.5  mpc   4.0 ms  err 0.76
[  5/250] shift=0.005 S2  E_DART      seed  5  goal      clr  0.65  t  14.5  inf  74  N 26.0  mpc   4.1 ms  err 0.52
[  6/250] shift=0.005 S2  E_DART      seed  6  goal      clr  0.80  t  15.2  inf  49  N 22.7  mpc   3.1 ms  err 1.27
[  7/250] shift=0.005 S2  E_DART      seed  7  goal      clr  0.69  t  16.5  inf  82  N 25.1  mpc   3.8 ms  err 0.51
[  8/250] shift=0.005 S2  E_DART      seed  8  goal      clr  0.78  t  16.0  inf  77  N 23.9  mpc   3.8 ms  err 0.52
[  9/250] shift=0.005 S2  E_DART      seed  9  goal      clr  0.67  t  21.0  inf 105  N 24.7  mpc   4.0 ms  err 1.00
[ 10/250] shift=0.005 S2  E_DART      seed 10  goal      clr  0.83  t  14.3  inf  77  N 25.1  mpc   3.9 ms  err 0.41
[ 11/250] shift=0.005 S2  E_DART      seed 11  goal      clr  0.56  t  16.6  inf  86  N 26.0  mpc   4.0 ms  err 0.20
[ 12/250] shift=0.005 S2  E_DART      seed 12  goal      clr  0.63  t  21.0  inf 125  N 24.4  mpc   4.1 ms  err 0.84
[ 13/250] shift=0.005 S2  E_DART      seed 13  goal      clr  0.54  t  16.7  inf  76  N 24.8  mpc   3.8 ms  err 0.28
[ 14/250] shift=0.005 S2  E_DART      seed 14  goal      clr  1.02  t  16.7  inf  65  N 21.6  mpc   3.2 ms  err 0.52
[ 15/250] shift=0.005 S2  E_DART      seed 15  goal      clr  0.80  t  13.9  inf  69  N 25.1  mpc   4.0 ms  err 0.46
[ 16/250] shift=0.005 S2  E_DART      seed 16  goal      clr  0.66  t  14.4  inf  83  N 25.8  mpc   4.0 ms  err 0.54
[ 17/250] shift=0.005 S2  E_DART      seed 17  goal      clr  0.72  t  15.8  inf  69  N 23.8  mpc   3.6 ms  err 0.33
[ 18/250] shift=0.005 S2  E_DART      seed 18  goal      clr  1.15  t  13.7  inf  64  N 24.6  mpc   3.7 ms  err 0.76
[ 19/250] shift=0.005 S2  E_DART      seed 19  goal      clr  0.85  t  14.8  inf  82  N 24.9  mpc   3.9 ms  err 0.45
[ 20/250] shift=0.005 S2  E_DART      seed 20  goal      clr  0.87  t  16.0  inf  49  N 24.0  mpc   3.6 ms  err 0.49
[ 21/250] shift=0.005 S2  E_DART      seed 21  goal      clr  0.74  t  13.8  inf  71  N 24.9  mpc   3.7 ms  err 0.70
[ 22/250] shift=0.005 S2  E_DART      seed 22  goal      clr  0.59  t  16.3  inf  79  N 25.0  mpc   4.1 ms  err 0.21
[ 23/250] shift=0.005 S2  E_DART      seed 23  goal      clr  0.67  t  16.4  inf  71  N 25.2  mpc   3.9 ms  err 0.53
[ 24/250] shift=0.005 S2  E_DART      seed 24  goal      clr  0.67  t  21.8  inf  88  N 23.9  mpc   3.9 ms  err 0.63
[ 25/250] shift=0.005 S2  E_DART      seed 25  goal      clr  0.28  t  17.4  inf 113  N 25.8  mpc   4.3 ms  err 0.79
[ 26/250] shift=0.005 S2  E_DART      seed 26  goal      clr  0.47  t  15.3  inf  76  N 24.8  mpc   4.0 ms  err 0.37
[ 27/250] shift=0.005 S2  E_DART      seed 27  goal      clr  0.74  t  17.8  inf  72  N 23.5  mpc   3.8 ms  err 0.33
[ 28/250] shift=0.005 S2  E_DART      seed 28  goal      clr  0.62  t  16.0  inf  64  N 23.9  mpc   3.5 ms  err 0.29
[ 29/250] shift=0.005 S2  E_DART      seed 29  goal      clr  1.15  t  14.8  inf  41  N 23.0  mpc   3.5 ms  err 0.73
[ 30/250] shift=0.005 S2  E_DART      seed 30  goal      clr  0.73  t  17.1  inf  98  N 24.9  mpc   4.1 ms  err 0.78
[ 31/250] shift=0.005 S2  E_DART      seed 31  goal      clr  0.68  t  16.3  inf  65  N 23.7  mpc   3.6 ms  err 0.51
[ 32/250] shift=0.005 S2  E_DART      seed 32  goal      clr  1.54  t  15.4  inf  49  N 24.2  mpc   3.6 ms  err 0.96
[ 33/250] shift=0.005 S2  E_DART      seed 33  goal      clr  0.61  t  16.7  inf  80  N 24.6  mpc   4.0 ms  err 0.57
[ 34/250] shift=0.005 S2  E_DART      seed 34  goal      clr  0.68  t  16.4  inf  88  N 25.4  mpc   4.0 ms  err 0.25
[ 35/250] shift=0.005 S2  E_DART      seed 35  goal      clr  0.80  t  13.9  inf  78  N 25.4  mpc   3.8 ms  err 0.66
[ 36/250] shift=0.005 S2  E_DART      seed 36  goal      clr  0.73  t  15.0  inf  84  N 24.8  mpc   4.0 ms  err 0.99
[ 37/250] shift=0.005 S2  E_DART      seed 37  goal      clr  0.81  t  19.9  inf  74  N 21.8  mpc   3.2 ms  err 0.52
[ 38/250] shift=0.005 S2  E_DART      seed 38  goal      clr  0.61  t  17.8  inf  92  N 24.5  mpc   4.0 ms  err 0.66
[ 39/250] shift=0.005 S2  E_DART      seed 39  goal      clr  0.67  t  13.9  inf  66  N 25.3  mpc   3.9 ms  err 0.59
[ 40/250] shift=0.005 S2  E_DART      seed 40  goal      clr  0.55  t  17.4  inf  87  N 24.3  mpc   4.1 ms  err 0.68
[ 41/250] shift=0.005 S2  E_DART      seed 41  goal      clr  1.01  t  16.0  inf  42  N 23.0  mpc   3.5 ms  err 0.84
[ 42/250] shift=0.005 S2  E_DART      seed 42  goal      clr  0.62  t  19.0  inf  57  N 22.1  mpc   3.5 ms  err 0.40
[ 43/250] shift=0.005 S2  E_DART      seed 43  goal      clr  0.86  t  17.2  inf  60  N 22.0  mpc   3.3 ms  err 1.19
[ 44/250] shift=0.005 S2  E_DART      seed 44  goal      clr  0.49  t  23.0  inf  94  N 23.1  mpc   3.8 ms  err 0.56
[ 45/250] shift=0.005 S2  E_DART      seed 45  goal      clr  0.64  t  15.4  inf  79  N 24.4  mpc   3.7 ms  err 0.18
[ 46/250] shift=0.005 S2  E_DART      seed 46  goal      clr  0.61  t  14.2  inf  78  N 25.1  mpc   3.9 ms  err 0.66
[ 47/250] shift=0.005 S2  E_DART      seed 47  goal      clr  0.53  t  14.9  inf  82  N 25.0  mpc   3.9 ms  err 0.73
[ 48/250] shift=0.005 S2  E_DART      seed 48  goal      clr  0.85  t  19.2  inf  70  N 23.6  mpc   3.4 ms  err 0.70
[ 49/250] shift=0.005 S2  E_DART      seed 49  goal      clr  0.75  t  13.5  inf  70  N 25.2  mpc   4.0 ms  err 0.81
[ 50/250] shift=0.005 S2  E_DART      seed 50  goal      clr  1.05  t  21.6  inf  68  N 20.8  mpc   3.0 ms  err 0.49
[ 51/250] shift=0.005 S2  Z_ZHUYI     seed  1  goal      clr  2.40  t  18.6  inf  19  N 22.2  mpc   2.7 ms  err 0.71
[ 52/250] shift=0.005 S2  Z_ZHUYI     seed  2  goal      clr  0.70  t  16.7  inf  36  N 23.3  mpc   3.6 ms  err 0.87
[ 53/250] shift=0.005 S2  Z_ZHUYI     seed  3  goal      clr  0.68  t  15.0  inf  48  N 25.9  mpc   4.1 ms  err 0.47
[ 54/250] shift=0.005 S2  Z_ZHUYI     seed  4  goal      clr  0.70  t  20.9  inf  30  N 23.3  mpc   3.6 ms  err 0.38
[ 55/250] shift=0.005 S2  Z_ZHUYI     seed  5  goal      clr  3.88  t  16.1  inf  17  N 22.4  mpc   2.4 ms  err 1.36
[ 56/250] shift=0.005 S2  Z_ZHUYI     seed  6  goal      clr  1.22  t  16.8  inf  20  N 22.0  mpc   2.8 ms  err 0.77
[ 57/250] shift=0.005 S2  Z_ZHUYI     seed  7  goal      clr  0.78  t  19.5  inf  28  N 22.6  mpc   3.5 ms  err 0.72
[ 58/250] shift=0.005 S2  Z_ZHUYI     seed  8  goal      clr  1.79  t  19.6  inf  21  N 21.6  mpc   2.9 ms  err 0.85
[ 59/250] shift=0.005 S2  Z_ZHUYI     seed  9  goal      clr  2.30  t  19.9  inf  20  N 21.5  mpc   2.8 ms  err 1.16
[ 60/250] shift=0.005 S2  Z_ZHUYI     seed 10  goal      clr  2.25  t  19.4  inf  21  N 21.0  mpc   2.9 ms  err 0.71
[ 61/250] shift=0.005 S2  Z_ZHUYI     seed 11  goal      clr  0.75  t  18.0  inf  20  N 24.0  mpc   3.5 ms  err 0.65
[ 62/250] shift=0.005 S2  Z_ZHUYI     seed 12  goal      clr  0.46  t  19.9  inf  31  N 23.6  mpc   3.8 ms  err 0.63
[ 63/250] shift=0.005 S2  Z_ZHUYI     seed 13  goal      clr  0.59  t  16.1  inf  42  N 25.6  mpc   4.2 ms  err 0.62
[ 64/250] shift=0.005 S2  Z_ZHUYI     seed 14  goal      clr  0.76  t  24.6  inf  33  N 20.5  mpc   3.0 ms  err 0.40
[ 65/250] shift=0.005 S2  Z_ZHUYI     seed 15  goal      clr  1.39  t  20.1  inf  24  N 22.3  mpc   3.1 ms  err 0.32
[ 66/250] shift=0.005 S2  Z_ZHUYI     seed 16  goal      clr  0.49  t  18.0  inf  43  N 23.8  mpc   3.8 ms  err 0.40
[ 67/250] shift=0.005 S2  Z_ZHUYI     seed 17  goal      clr  0.68  t  20.3  inf  42  N 23.2  mpc   3.4 ms  err 0.50
[ 68/250] shift=0.005 S2  Z_ZHUYI     seed 18  goal      clr  0.83  t  15.9  inf  31  N 26.1  mpc   4.3 ms  err 0.73
[ 69/250] shift=0.005 S2  Z_ZHUYI     seed 19  goal      clr  0.64  t  21.2  inf  49  N 21.8  mpc   3.4 ms  err 0.50
[ 70/250] shift=0.005 S2  Z_ZHUYI     seed 20  goal      clr  0.73  t  21.6  inf  45  N 22.4  mpc   3.5 ms  err 0.63
[ 71/250] shift=0.005 S2  Z_ZHUYI     seed 21  goal      clr  0.68  t  21.3  inf  31  N 20.7  mpc   3.0 ms  err 0.43
[ 72/250] shift=0.005 S2  Z_ZHUYI     seed 22  goal      clr  0.72  t  18.0  inf  34  N 23.1  mpc   3.6 ms  err 0.63
[ 73/250] shift=0.005 S2  Z_ZHUYI     seed 23  goal      clr  1.02  t  23.0  inf  24  N 21.9  mpc   3.1 ms  err 0.80
[ 74/250] shift=0.005 S2  Z_ZHUYI     seed 24  goal      clr  0.74  t  16.6  inf  30  N 23.8  mpc   3.5 ms  err 0.36
[ 75/250] shift=0.005 S2  Z_ZHUYI     seed 25  goal      clr  1.60  t  18.4  inf  20  N 22.0  mpc   3.0 ms  err 0.78
[ 76/250] shift=0.005 S2  Z_ZHUYI     seed 26  goal      clr  0.74  t  26.9  inf  33  N 20.8  mpc   3.2 ms  err 0.29
[ 77/250] shift=0.005 S2  Z_ZHUYI     seed 27  goal      clr  0.76  t  15.5  inf  42  N 25.2  mpc   4.0 ms  err 0.35
[ 78/250] shift=0.005 S2  Z_ZHUYI     seed 28  goal      clr  0.66  t  22.4  inf  35  N 21.5  mpc   3.2 ms  err 0.33
[ 79/250] shift=0.005 S2  Z_ZHUYI     seed 29  goal      clr  0.91  t  15.5  inf  21  N 22.5  mpc   2.8 ms  err 0.47
[ 80/250] shift=0.005 S2  Z_ZHUYI     seed 30  goal      clr  0.74  t  22.2  inf  32  N 21.9  mpc   3.2 ms  err 0.68
[ 81/250] shift=0.005 S2  Z_ZHUYI     seed 31  goal      clr  0.98  t  20.9  inf  24  N 21.0  mpc   3.2 ms  err 0.59
[ 82/250] shift=0.005 S2  Z_ZHUYI     seed 32  goal      clr  2.35  t  16.1  inf  17  N 22.3  mpc   3.0 ms  err 0.79
[ 83/250] shift=0.005 S2  Z_ZHUYI     seed 33  goal      clr  1.33  t  17.7  inf  24  N 22.6  mpc   3.2 ms  err 0.66
[ 84/250] shift=0.005 S2  Z_ZHUYI     seed 34  goal      clr  1.94  t  21.4  inf  22  N 19.0  mpc   2.4 ms  err 0.73
[ 85/250] shift=0.005 S2  Z_ZHUYI     seed 35  goal      clr  3.25  t  19.1  inf  20  N 20.0  mpc   2.2 ms  err 0.57
[ 86/250] shift=0.005 S2  Z_ZHUYI     seed 36  goal      clr  0.79  t  17.0  inf  32  N 24.7  mpc   3.9 ms  err 0.68
[ 87/250] shift=0.005 S2  Z_ZHUYI     seed 37  goal      clr  0.62  t  21.4  inf  39  N 21.9  mpc   3.3 ms  err 0.51
[ 88/250] shift=0.005 S2  Z_ZHUYI     seed 38  goal      clr  1.57  t  15.3  inf  21  N 26.7  mpc   4.3 ms  err 0.58
[ 89/250] shift=0.005 S2  Z_ZHUYI     seed 39  goal      clr  1.41  t  16.8  inf  20  N 22.8  mpc   2.9 ms  err 0.55
[ 90/250] shift=0.005 S2  Z_ZHUYI     seed 40  goal      clr  0.95  t  18.9  inf  25  N 22.7  mpc   3.3 ms  err 0.80
[ 91/250] shift=0.005 S2  Z_ZHUYI     seed 41  goal      clr  0.74  t  19.0  inf  34  N 23.3  mpc   3.5 ms  err 0.46
[ 92/250] shift=0.005 S2  Z_ZHUYI     seed 42  goal      clr  0.62  t  21.7  inf  31  N 23.5  mpc   3.6 ms  err 0.49
[ 93/250] shift=0.005 S2  Z_ZHUYI     seed 43  goal      clr  1.90  t  17.1  inf  18  N 21.6  mpc   2.8 ms  err 0.63
[ 94/250] shift=0.005 S2  Z_ZHUYI     seed 44  goal      clr  0.47  t  18.7  inf  24  N 20.8  mpc   2.9 ms  err 0.58
[ 95/250] shift=0.005 S2  Z_ZHUYI     seed 45  goal      clr  0.53  t  14.7  inf  46  N 25.4  mpc   4.1 ms  err 0.51
[ 96/250] shift=0.005 S2  Z_ZHUYI     seed 46  goal      clr  0.96  t  20.2  inf  31  N 23.9  mpc   3.8 ms  err 0.55
[ 97/250] shift=0.005 S2  Z_ZHUYI     seed 47  goal      clr  0.75  t  18.0  inf  48  N 24.2  mpc   3.7 ms  err 0.20
[ 98/250] shift=0.005 S2  Z_ZHUYI     seed 48  goal      clr  0.77  t  19.3  inf  28  N 23.3  mpc   3.1 ms  err 0.47
[ 99/250] shift=0.005 S2  Z_ZHUYI     seed 49  goal      clr  0.75  t  21.1  inf  25  N 23.4  mpc   3.1 ms  err 0.71
[100/250] shift=0.005 S2  Z_ZHUYI     seed 50  goal      clr  0.36  t  23.2  inf  51  N 24.0  mpc   3.9 ms  err 0.52
[101/250] shift=0.005 S2  A_FR_FN     seed  1  goal      clr  0.30  t  15.7  inf 145  N 20.0  mpc   2.6 ms  err 0.45
[102/250] shift=0.005 S2  A_FR_FN     seed  2  goal      clr  0.42  t  13.8  inf 130  N 20.0  mpc   2.6 ms  err 0.67
[103/250] shift=0.005 S2  A_FR_FN     seed  3  goal      clr  0.21  t  19.9  inf 184  N 20.0  mpc   2.7 ms  err 0.44
[104/250] shift=0.005 S2  A_FR_FN     seed  4  goal      clr  0.11  t  15.0  inf 141  N 20.0  mpc   2.6 ms  err 0.42
[105/250] shift=0.005 S2  A_FR_FN     seed  5  goal      clr  0.24  t  18.2  inf 168  N 20.0  mpc   2.6 ms  err 1.02
[106/250] shift=0.005 S2  A_FR_FN     seed  6  goal      clr  0.45  t  15.4  inf 143  N 20.0  mpc   2.6 ms  err 0.38
[107/250] shift=0.005 S2  A_FR_FN     seed  7  goal      clr  0.01  t  18.2  inf 170  N 20.0  mpc   2.7 ms  err 0.99
[108/250] shift=0.005 S2  A_FR_FN     seed  8  goal      clr  0.41  t  16.2  inf 150  N 20.0  mpc   2.7 ms  err 0.65
[109/250] shift=0.005 S2  A_FR_FN     seed  9  goal      clr  0.24  t  17.4  inf 162  N 20.0  mpc   2.7 ms  err 0.47
[110/250] shift=0.005 S2  A_FR_FN     seed 10  goal      clr  0.39  t  15.8  inf 148  N 20.0  mpc   2.6 ms  err 0.33
[111/250] shift=0.005 S2  A_FR_FN     seed 11  goal      clr  0.37  t  14.6  inf 137  N 20.0  mpc   2.7 ms  err 0.29
[112/250] shift=0.005 S2  A_FR_FN     seed 12  goal      clr  0.18  t  15.3  inf 142  N 20.0  mpc   2.6 ms  err 0.45
[113/250] shift=0.005 S2  A_FR_FN     seed 13  goal      clr  0.16  t  14.7  inf 134  N 20.0  mpc   2.6 ms  err 0.53
[114/250] shift=0.005 S2  A_FR_FN     seed 14  goal      clr  0.36  t  14.9  inf 137  N 20.0  mpc   2.6 ms  err 0.53
[115/250] shift=0.005 S2  A_FR_FN     seed 15  goal      clr  0.61  t  14.1  inf 130  N 20.0  mpc   2.6 ms  err 1.22
[116/250] shift=0.005 S2  A_FR_FN     seed 16  collision clr -0.02  t   4.8  inf  44  N 20.0  mpc   2.7 ms  err 0.25
[117/250] shift=0.005 S2  A_FR_FN     seed 17  goal      clr  0.27  t  14.9  inf 139  N 20.0  mpc   2.6 ms  err 0.46
[118/250] shift=0.005 S2  A_FR_FN     seed 18  goal      clr  0.34  t  17.1  inf 158  N 20.0  mpc   2.7 ms  err 1.07
[119/250] shift=0.005 S2  A_FR_FN     seed 19  goal      clr  0.18  t  14.8  inf 136  N 20.0  mpc   2.6 ms  err 0.25
[120/250] shift=0.005 S2  A_FR_FN     seed 20  goal      clr  0.47  t  13.6  inf 128  N 20.0  mpc   2.6 ms  err 0.42
[121/250] shift=0.005 S2  A_FR_FN     seed 21  goal      clr  0.29  t  15.5  inf 146  N 20.0  mpc   2.7 ms  err 0.49
[122/250] shift=0.005 S2  A_FR_FN     seed 22  goal      clr  0.21  t  14.6  inf 137  N 20.0  mpc   2.6 ms  err 0.43
[123/250] shift=0.005 S2  A_FR_FN     seed 23  collision clr -0.00  t   4.2  inf  40  N 20.0  mpc   3.0 ms  err 0.67
[124/250] shift=0.005 S2  A_FR_FN     seed 24  goal      clr  0.40  t  13.6  inf 126  N 20.0  mpc   2.5 ms  err 0.60
[125/250] shift=0.005 S2  A_FR_FN     seed 25  goal      clr  0.28  t  14.7  inf 140  N 20.0  mpc   2.7 ms  err 0.48
[126/250] shift=0.005 S2  A_FR_FN     seed 26  goal      clr  0.34  t  16.9  inf 156  N 20.0  mpc   2.6 ms  err 0.35
[127/250] shift=0.005 S2  A_FR_FN     seed 27  goal      clr  0.16  t  15.7  inf 147  N 20.0  mpc   2.7 ms  err 0.49
[128/250] shift=0.005 S2  A_FR_FN     seed 28  goal      clr  0.15  t  14.9  inf 138  N 20.0  mpc   2.5 ms  err 0.27
[129/250] shift=0.005 S2  A_FR_FN     seed 29  goal      clr  0.47  t  13.9  inf 128  N 20.0  mpc   2.6 ms  err 0.31
[130/250] shift=0.005 S2  A_FR_FN     seed 30  goal      clr  0.34  t  13.9  inf 129  N 20.0  mpc   2.6 ms  err 0.46
[131/250] shift=0.005 S2  A_FR_FN     seed 31  goal      clr  0.45  t  15.4  inf 142  N 20.0  mpc   2.6 ms  err 0.68
[132/250] shift=0.005 S2  A_FR_FN     seed 32  goal      clr  0.39  t  15.4  inf 144  N 20.0  mpc   2.7 ms  err 0.73
[133/250] shift=0.005 S2  A_FR_FN     seed 33  collision clr -0.01  t  13.5  inf 125  N 20.0  mpc   2.8 ms  err 0.51
[134/250] shift=0.005 S2  A_FR_FN     seed 34  goal      clr  0.18  t  15.2  inf 144  N 20.0  mpc   2.7 ms  err 0.33
[135/250] shift=0.005 S2  A_FR_FN     seed 35  goal      clr  0.51  t  13.7  inf 129  N 20.0  mpc   2.5 ms  err 0.35
[136/250] shift=0.005 S2  A_FR_FN     seed 36  goal      clr  0.08  t  16.3  inf 151  N 20.0  mpc   2.7 ms  err 0.41
[137/250] shift=0.005 S2  A_FR_FN     seed 37  goal      clr  0.26  t  14.8  inf 138  N 20.0  mpc   2.6 ms  err 0.36
[138/250] shift=0.005 S2  A_FR_FN     seed 38  goal      clr  0.33  t  13.9  inf 130  N 20.0  mpc   2.6 ms  err 0.35
[139/250] shift=0.005 S2  A_FR_FN     seed 39  goal      clr  0.06  t  17.2  inf 162  N 20.0  mpc   2.6 ms  err 0.67
[140/250] shift=0.005 S2  A_FR_FN     seed 40  goal      clr  0.31  t  19.2  inf 176  N 20.0  mpc   2.7 ms  err 0.26
[141/250] shift=0.005 S2  A_FR_FN     seed 41  goal      clr  0.10  t  16.1  inf 149  N 20.0  mpc   2.7 ms  err 0.92
[142/250] shift=0.005 S2  A_FR_FN     seed 42  goal      clr  0.24  t  14.9  inf 142  N 20.0  mpc   2.6 ms  err 0.24
[143/250] shift=0.005 S2  A_FR_FN     seed 43  goal      clr  0.03  t  15.4  inf 144  N 20.0  mpc   2.7 ms  err 0.35
[144/250] shift=0.005 S2  A_FR_FN     seed 44  goal      clr  0.02  t  16.8  inf 157  N 20.0  mpc   2.7 ms  err 0.88
[145/250] shift=0.005 S2  A_FR_FN     seed 45  goal      clr  0.39  t  14.5  inf 134  N 20.0  mpc   2.6 ms  err 0.62
[146/250] shift=0.005 S2  A_FR_FN     seed 46  goal      clr  0.11  t  19.4  inf 180  N 20.0  mpc   2.7 ms  err 0.71
[147/250] shift=0.005 S2  A_FR_FN     seed 47  goal      clr  0.04  t  15.0  inf 140  N 20.0  mpc   2.7 ms  err 0.47
[148/250] shift=0.005 S2  A_FR_FN     seed 48  timeout   clr  0.33  t  40.0  inf 372  N 20.0  mpc   2.3 ms  err 0.27
[149/250] shift=0.005 S2  A_FR_FN     seed 49  goal      clr  0.44  t  13.5  inf 123  N 20.0  mpc   2.5 ms  err 0.43
[150/250] shift=0.005 S2  A_FR_FN     seed 50  goal      clr  0.44  t  18.7  inf 175  N 20.0  mpc   2.6 ms  err 0.35
[151/250] shift=0.005 S2  FR_SAFE_3   seed  1  goal      clr  0.11  t  18.8  inf  56  N 23.9  mpc   3.8 ms  err 0.55
[152/250] shift=0.005 S2  FR_SAFE_3   seed  2  goal      clr  0.77  t  18.3  inf  54  N 24.3  mpc   4.2 ms  err 0.49
[153/250] shift=0.005 S2  FR_SAFE_3   seed  3  goal      clr  0.70  t  16.4  inf  49  N 25.7  mpc   4.0 ms  err 0.21
[154/250] shift=0.005 S2  FR_SAFE_3   seed  4  goal      clr  1.64  t  16.0  inf  48  N 21.5  mpc   3.0 ms  err 0.38
[155/250] shift=0.005 S2  FR_SAFE_3   seed  5  goal      clr  0.81  t  15.8  inf  47  N 23.6  mpc   3.8 ms  err 0.68
[156/250] shift=0.005 S2  FR_SAFE_3   seed  6  goal      clr  0.74  t  14.2  inf  42  N 24.9  mpc   3.7 ms  err 0.97
[157/250] shift=0.005 S2  FR_SAFE_3   seed  7  goal      clr  0.79  t  15.1  inf  45  N 23.7  mpc   3.6 ms  err 0.90
[158/250] shift=0.005 S2  FR_SAFE_3   seed  8  goal      clr  0.73  t  14.2  inf  42  N 25.3  mpc   3.8 ms  err 0.57
[159/250] shift=0.005 S2  FR_SAFE_3   seed  9  goal      clr  0.56  t  21.8  inf  65  N 23.8  mpc   3.7 ms  err 0.39
[160/250] shift=0.005 S2  FR_SAFE_3   seed 10  goal      clr  0.76  t  21.1  inf  63  N 23.8  mpc   3.8 ms  err 0.30
[161/250] shift=0.005 S2  FR_SAFE_3   seed 11  goal      clr  0.76  t  16.6  inf  49  N 24.9  mpc   3.9 ms  err 0.32
[162/250] shift=0.005 S2  FR_SAFE_3   seed 12  goal      clr  0.82  t  16.7  inf  50  N 26.0  mpc   4.0 ms  err 0.56
[163/250] shift=0.005 S2  FR_SAFE_3   seed 13  goal      clr  0.89  t  18.3  inf  54  N 23.7  mpc   3.6 ms  err 0.75
[164/250] shift=0.005 S2  FR_SAFE_3   seed 14  goal      clr  0.83  t  17.8  inf  53  N 21.3  mpc   3.1 ms  err 0.35
[165/250] shift=0.005 S2  FR_SAFE_3   seed 15  goal      clr  0.77  t  13.6  inf  41  N 25.8  mpc   4.1 ms  err 0.60
[166/250] shift=0.005 S2  FR_SAFE_3   seed 16  goal      clr  0.57  t  17.4  inf  52  N 24.6  mpc   3.9 ms  err 0.45
[167/250] shift=0.005 S2  FR_SAFE_3   seed 17  goal      clr  0.63  t  15.4  inf  46  N 24.8  mpc   3.8 ms  err 0.32
[168/250] shift=0.005 S2  FR_SAFE_3   seed 18  goal      clr  1.23  t  13.6  inf  40  N 24.4  mpc   3.7 ms  err 1.09
[169/250] shift=0.005 S2  FR_SAFE_3   seed 19  goal      clr  0.81  t  17.2  inf  51  N 21.5  mpc   2.8 ms  err 0.71
[170/250] shift=0.005 S2  FR_SAFE_3   seed 20  goal      clr  0.93  t  15.0  inf  45  N 25.0  mpc   3.8 ms  err 0.47
[171/250] shift=0.005 S2  FR_SAFE_3   seed 21  goal      clr  0.81  t  13.7  inf  41  N 24.9  mpc   3.7 ms  err 0.40
[172/250] shift=0.005 S2  FR_SAFE_3   seed 22  goal      clr  0.65  t  16.4  inf  49  N 24.8  mpc   3.9 ms  err 0.20
[173/250] shift=0.005 S2  FR_SAFE_3   seed 23  goal      clr  0.73  t  15.4  inf  46  N 25.1  mpc   4.0 ms  err 0.52
[174/250] shift=0.005 S2  FR_SAFE_3   seed 24  goal      clr  0.69  t  18.0  inf  53  N 23.1  mpc   3.7 ms  err 0.54
[175/250] shift=0.005 S2  FR_SAFE_3   seed 25  goal      clr  0.67  t  16.9  inf  50  N 26.4  mpc   4.1 ms  err 0.33
[176/250] shift=0.005 S2  FR_SAFE_3   seed 26  goal      clr  0.70  t  16.4  inf  49  N 24.8  mpc   3.9 ms  err 0.72
[177/250] shift=0.005 S2  FR_SAFE_3   seed 27  goal      clr  0.80  t  17.2  inf  51  N 25.5  mpc   4.0 ms  err 0.32
[178/250] shift=0.005 S2  FR_SAFE_3   seed 28  goal      clr  0.69  t  19.0  inf  56  N 23.0  mpc   3.5 ms  err 0.25
[179/250] shift=0.005 S2  FR_SAFE_3   seed 29  goal      clr  0.77  t  13.0  inf  39  N 25.5  mpc   4.0 ms  err 1.03
[180/250] shift=0.005 S2  FR_SAFE_3   seed 30  goal      clr  0.77  t  14.0  inf  42  N 25.4  mpc   3.8 ms  err 0.71
[181/250] shift=0.005 S2  FR_SAFE_3   seed 31  goal      clr  0.74  t  17.8  inf  53  N 23.8  mpc   3.6 ms  err 0.46
[182/250] shift=0.005 S2  FR_SAFE_3   seed 32  goal      clr  0.51  t  19.3  inf  57  N 24.4  mpc   4.0 ms  err 0.36
[183/250] shift=0.005 S2  FR_SAFE_3   seed 33  goal      clr  0.66  t  13.5  inf  40  N 25.4  mpc   4.0 ms  err 0.87
[184/250] shift=0.005 S2  FR_SAFE_3   seed 34  goal      clr  0.67  t  18.1  inf  54  N 24.0  mpc   3.7 ms  err 0.34
[185/250] shift=0.005 S2  FR_SAFE_3   seed 35  goal      clr  1.17  t  16.1  inf  48  N 23.4  mpc   3.2 ms  err 1.01
[186/250] shift=0.005 S2  FR_SAFE_3   seed 36  goal      clr  0.44  t  20.1  inf  60  N 24.3  mpc   3.9 ms  err 0.66
[187/250] shift=0.005 S2  FR_SAFE_3   seed 37  goal      clr  0.59  t  19.0  inf  56  N 23.7  mpc   4.1 ms  err 0.48
[188/250] shift=0.005 S2  FR_SAFE_3   seed 38  goal      clr  0.75  t  18.0  inf  53  N 23.5  mpc   3.5 ms  err 0.41
[189/250] shift=0.005 S2  FR_SAFE_3   seed 39  goal      clr  0.59  t  18.9  inf  56  N 24.8  mpc   4.0 ms  err 0.70
[190/250] shift=0.005 S2  FR_SAFE_3   seed 40  goal      clr  2.25  t  16.3  inf  48  N 23.0  mpc   3.5 ms  err 0.81
[191/250] shift=0.005 S2  FR_SAFE_3   seed 41  goal      clr  0.61  t  17.4  inf  52  N 23.7  mpc   3.7 ms  err 1.18
[192/250] shift=0.005 S2  FR_SAFE_3   seed 42  goal      clr  0.55  t  17.1  inf  51  N 26.3  mpc   4.3 ms  err 0.48
[193/250] shift=0.005 S2  FR_SAFE_3   seed 43  goal      clr  0.98  t  16.1  inf  48  N 25.1  mpc   3.8 ms  err 0.61
[194/250] shift=0.005 S2  FR_SAFE_3   seed 44  goal      clr  0.73  t  14.1  inf  42  N 25.0  mpc   3.9 ms  err 0.45
[195/250] shift=0.005 S2  FR_SAFE_3   seed 45  goal      clr  0.71  t  19.7  inf  58  N 23.5  mpc   3.7 ms  err 0.46
[196/250] shift=0.005 S2  FR_SAFE_3   seed 46  goal      clr  0.82  t  16.4  inf  49  N 24.5  mpc   3.7 ms  err 0.73
[197/250] shift=0.005 S2  FR_SAFE_3   seed 47  goal      clr  0.89  t  13.7  inf  41  N 25.1  mpc   3.9 ms  err 0.58
[198/250] shift=0.005 S2  FR_SAFE_3   seed 48  goal      clr  0.80  t  17.7  inf  53  N 24.3  mpc   3.5 ms  err 0.68
[199/250] shift=0.005 S2  FR_SAFE_3   seed 49  goal      clr  0.83  t  13.4  inf  40  N 25.2  mpc   4.0 ms  err 0.67
[200/250] shift=0.005 S2  FR_SAFE_3   seed 50  goal      clr  0.70  t  19.4  inf  58  N 23.2  mpc   3.6 ms  err 0.25
[201/250] shift=0.005 S2  FR_SAFE_10  seed  1  goal      clr  0.51  t  17.7  inf 164  N 23.0  mpc   3.8 ms  err 0.59
[202/250] shift=0.005 S2  FR_SAFE_10  seed  2  goal      clr  0.61  t  15.6  inf 146  N 24.9  mpc   4.0 ms  err 0.53
[203/250] shift=0.005 S2  FR_SAFE_10  seed  3  goal      clr  0.37  t  19.9  inf 184  N 25.4  mpc   4.3 ms  err 0.41
[204/250] shift=0.005 S2  FR_SAFE_10  seed  4  goal      clr  0.56  t  14.5  inf 136  N 24.2  mpc   4.0 ms  err 0.53
[205/250] shift=0.005 S2  FR_SAFE_10  seed  5  goal      clr  0.66  t  16.6  inf 153  N 23.4  mpc   3.7 ms  err 0.86
[206/250] shift=0.005 S2  FR_SAFE_10  seed  6  goal      clr  0.71  t  18.0  inf 168  N 23.4  mpc   3.8 ms  err 0.74
[207/250] shift=0.005 S2  FR_SAFE_10  seed  7  goal      clr  0.69  t  14.6  inf 137  N 24.0  mpc   3.7 ms  err 0.61
[208/250] shift=0.005 S2  FR_SAFE_10  seed  8  goal      clr  0.84  t  14.7  inf 136  N 24.4  mpc   3.9 ms  err 0.56
[209/250] shift=0.005 S2  FR_SAFE_10  seed  9  goal      clr  0.53  t  20.5  inf 191  N 25.4  mpc   4.3 ms  err 0.88
[210/250] shift=0.005 S2  FR_SAFE_10  seed 10  goal      clr  0.77  t  14.1  inf 132  N 25.8  mpc   4.1 ms  err 0.82
[211/250] shift=0.005 S2  FR_SAFE_10  seed 11  goal      clr  0.49  t  17.6  inf 165  N 26.0  mpc   4.4 ms  err 0.48
[212/250] shift=0.005 S2  FR_SAFE_10  seed 12  goal      clr  0.54  t  17.9  inf 166  N 24.3  mpc   4.0 ms  err 0.48
[213/250] shift=0.005 S2  FR_SAFE_10  seed 13  goal      clr  0.53  t  22.1  inf 201  N 22.3  mpc   3.6 ms  err 0.41
[214/250] shift=0.005 S2  FR_SAFE_10  seed 14  goal      clr  0.67  t  17.7  inf 162  N 20.9  mpc   3.1 ms  err 0.55
[215/250] shift=0.005 S2  FR_SAFE_10  seed 15  goal      clr  0.69  t  13.0  inf 120  N 25.3  mpc   4.0 ms  err 0.89
[216/250] shift=0.005 S2  FR_SAFE_10  seed 16  goal      clr  0.51  t  22.5  inf 206  N 22.7  mpc   3.7 ms  err 0.27
[217/250] shift=0.005 S2  FR_SAFE_10  seed 17  goal      clr  0.64  t  18.3  inf 172  N 23.7  mpc   3.8 ms  err 0.54
[218/250] shift=0.005 S2  FR_SAFE_10  seed 18  goal      clr  0.83  t  15.2  inf 141  N 23.7  mpc   3.9 ms  err 0.73
[219/250] shift=0.005 S2  FR_SAFE_10  seed 19  goal      clr  0.67  t  14.4  inf 132  N 25.1  mpc   4.0 ms  err 0.39
[220/250] shift=0.005 S2  FR_SAFE_10  seed 20  goal      clr  0.61  t  15.1  inf 141  N 24.2  mpc   3.9 ms  err 0.73
[221/250] shift=0.005 S2  FR_SAFE_10  seed 21  goal      clr  0.81  t  13.7  inf 129  N 24.4  mpc   3.8 ms  err 0.42
[222/250] shift=0.005 S2  FR_SAFE_10  seed 22  goal      clr  0.63  t  15.4  inf 144  N 23.6  mpc   3.7 ms  err 0.44
[223/250] shift=0.005 S2  FR_SAFE_10  seed 23  goal      clr  0.63  t  15.7  inf 148  N 25.0  mpc   4.2 ms  err 0.45
[224/250] shift=0.005 S2  FR_SAFE_10  seed 24  goal      clr  0.54  t  18.8  inf 174  N 25.4  mpc   4.6 ms  err 0.92
[225/250] shift=0.005 S2  FR_SAFE_10  seed 25  goal      clr  0.82  t  16.6  inf 158  N 25.4  mpc   4.1 ms  err 0.27
[226/250] shift=0.005 S2  FR_SAFE_10  seed 26  goal      clr  0.58  t  16.5  inf 153  N 23.8  mpc   3.8 ms  err 0.46
[227/250] shift=0.005 S2  FR_SAFE_10  seed 27  goal      clr  0.50  t  18.9  inf 177  N 24.9  mpc   4.1 ms  err 1.19
[228/250] shift=0.005 S2  FR_SAFE_10  seed 28  goal      clr  0.63  t  14.2  inf 131  N 26.0  mpc   4.1 ms  err 0.35
[229/250] shift=0.005 S2  FR_SAFE_10  seed 29  goal      clr  0.43  t  16.2  inf 149  N 25.3  mpc   4.3 ms  err 0.53
[230/250] shift=0.005 S2  FR_SAFE_10  seed 30  goal      clr  0.58  t  17.3  inf 159  N 24.7  mpc   4.1 ms  err 0.41
[231/250] shift=0.005 S2  FR_SAFE_10  seed 31  goal      clr  0.73  t  15.6  inf 143  N 25.3  mpc   4.0 ms  err 0.35
[232/250] shift=0.005 S2  FR_SAFE_10  seed 32  goal      clr  0.58  t  18.1  inf 169  N 25.1  mpc   4.4 ms  err 0.58
[233/250] shift=0.005 S2  FR_SAFE_10  seed 33  goal      clr  0.82  t  13.8  inf 128  N 25.1  mpc   4.0 ms  err 0.79
[234/250] shift=0.005 S2  FR_SAFE_10  seed 34  goal      clr  0.45  t  14.8  inf 140  N 24.6  mpc   4.0 ms  err 0.51
[235/250] shift=0.005 S2  FR_SAFE_10  seed 35  goal      clr  0.37  t  14.9  inf 141  N 25.2  mpc   4.0 ms  err 0.46
[236/250] shift=0.005 S2  FR_SAFE_10  seed 36  goal      clr  0.44  t  17.8  inf 165  N 21.9  mpc   3.5 ms  err 0.66
[237/250] shift=0.005 S2  FR_SAFE_10  seed 37  goal      clr  0.35  t  14.3  inf 134  N 25.4  mpc   4.0 ms  err 1.01
[238/250] shift=0.005 S2  FR_SAFE_10  seed 38  goal      clr  0.65  t  17.4  inf 162  N 25.6  mpc   4.2 ms  err 0.39
[239/250] shift=0.005 S2  FR_SAFE_10  seed 39  goal      clr  0.81  t  14.1  inf 134  N 24.3  mpc   3.9 ms  err 0.52
[240/250] shift=0.005 S2  FR_SAFE_10  seed 40  goal      clr  0.71  t  15.8  inf 145  N 23.8  mpc   3.7 ms  err 0.48
[241/250] shift=0.005 S2  FR_SAFE_10  seed 41  goal      clr  0.52  t  15.3  inf 142  N 26.0  mpc   4.3 ms  err 0.63
[242/250] shift=0.005 S2  FR_SAFE_10  seed 42  goal      clr  0.65  t  17.0  inf 161  N 24.4  mpc   4.0 ms  err 0.77
[243/250] shift=0.005 S2  FR_SAFE_10  seed 43  goal      clr  0.66  t  15.0  inf 140  N 24.5  mpc   4.1 ms  err 0.71
[244/250] shift=0.005 S2  FR_SAFE_10  seed 44  goal      clr  0.43  t  17.1  inf 160  N 25.3  mpc   4.1 ms  err 0.78
[245/250] shift=0.005 S2  FR_SAFE_10  seed 45  goal      clr  0.58  t  16.2  inf 151  N 24.1  mpc   3.8 ms  err 0.58
[246/250] shift=0.005 S2  FR_SAFE_10  seed 46  goal      clr  0.58  t  13.9  inf 131  N 24.9  mpc   3.9 ms  err 0.74
[247/250] shift=0.005 S2  FR_SAFE_10  seed 47  goal      clr  0.38  t  17.1  inf 159  N 23.8  mpc   3.9 ms  err 0.50
[248/250] shift=0.005 S2  FR_SAFE_10  seed 48  goal      clr  0.46  t  18.1  inf 168  N 24.5  mpc   4.2 ms  err 0.50
[249/250] shift=0.005 S2  FR_SAFE_10  seed 49  goal      clr  0.70  t  13.8  inf 126  N 25.7  mpc   4.1 ms  err 0.52
[250/250] shift=0.005 S2  FR_SAFE_10  seed 50  goal      clr  0.64  t  13.8  inf 128  N 25.1  mpc   4.0 ms  err 0.46
