[  1/450] latency=0.05 S1  E_DART      seed  1  goal      clr  0.62  t  14.2  inf  91  N 25.8  mpc   4.2 ms  err 0.21
[  2/450] latency=0.05 S1  E_DART      seed  2  goal      clr  0.51  t  14.7  inf  85  N 25.3  mpc   4.1 ms  err 0.20
[  3/450] latency=0.05 S1  E_DART      seed  3  goal      clr  0.50  t  19.3  inf 100  N 24.6  mpc   3.8 ms  err 0.16
[  4/450] latency=0.05 S1  E_DART      seed  4  goal      clr  0.59  t  14.5  inf  88  N 25.6  mpc   3.7 ms  err 0.20
[  5/450] latency=0.05 S1  E_DART      seed  5  goal      clr  0.62  t  14.2  inf  83  N 25.3  mpc   3.6 ms  err 0.21
[  6/450] latency=0.05 S1  E_DART      seed  6  goal      clr  0.62  t  13.9  inf  77  N 25.4  mpc   3.4 ms  err 0.14
[  7/450] latency=0.05 S1  E_DART      seed  7  goal      clr  0.44  t  16.0  inf 105  N 25.5  mpc   3.7 ms  err 0.38
[  8/450] latency=0.05 S1  E_DART      seed  8  goal      clr  0.54  t  14.3  inf  79  N 25.9  mpc   3.6 ms  err 0.29
[  9/450] latency=0.05 S1  E_DART      seed  9  goal      clr  0.34  t  15.5  inf  98  N 24.7  mpc   3.7 ms  err 0.32
[ 10/450] latency=0.05 S1  E_DART      seed 10  goal      clr  0.46  t  14.9  inf  88  N 25.5  mpc   3.8 ms  err 0.18
[ 11/450] latency=0.05 S1  E_DART      seed 11  goal      clr  0.57  t  14.5  inf  67  N 25.7  mpc   3.5 ms  err 0.23
[ 12/450] latency=0.05 S1  E_DART      seed 12  goal      clr  0.54  t  14.8  inf  94  N 25.9  mpc   3.9 ms  err 0.19
[ 13/450] latency=0.05 S1  E_DART      seed 13  goal      clr  0.61  t  14.1  inf  81  N 25.7  mpc   3.6 ms  err 0.18
[ 14/450] latency=0.05 S1  E_DART      seed 14  goal      clr  0.58  t  15.2  inf  92  N 25.9  mpc   3.7 ms  err 0.24
[ 15/450] latency=0.05 S1  E_DART      seed 15  goal      clr  0.55  t  15.0  inf  84  N 25.6  mpc   3.8 ms  err 0.27
[ 16/450] latency=0.05 S1  E_DART      seed 16  goal      clr  0.66  t  14.2  inf  66  N 25.2  mpc   3.4 ms  err 0.27
[ 17/450] latency=0.05 S1  E_DART      seed 17  goal      clr  0.59  t  14.1  inf  83  N 24.7  mpc   3.5 ms  err 0.22
[ 18/450] latency=0.05 S1  E_DART      seed 18  goal      clr  0.67  t  14.4  inf  93  N 25.6  mpc   3.6 ms  err 0.19
[ 19/450] latency=0.05 S1  E_DART      seed 19  goal      clr  0.53  t  15.3  inf  99  N 25.9  mpc   3.8 ms  err 0.17
[ 20/450] latency=0.05 S1  E_DART      seed 20  goal      clr  0.71  t  14.7  inf  88  N 25.1  mpc   3.4 ms  err 0.32
[ 21/450] latency=0.05 S1  E_DART      seed 21  goal      clr  0.58  t  15.2  inf  69  N 25.5  mpc   3.5 ms  err 0.21
[ 22/450] latency=0.05 S1  E_DART      seed 22  goal      clr  0.57  t  14.1  inf  85  N 25.3  mpc   3.5 ms  err 0.27
[ 23/450] latency=0.05 S1  E_DART      seed 23  goal      clr  0.63  t  14.6  inf  85  N 24.9  mpc   3.5 ms  err 0.20
[ 24/450] latency=0.05 S1  E_DART      seed 24  goal      clr  0.43  t  14.3  inf  89  N 25.2  mpc   3.5 ms  err 0.25
[ 25/450] latency=0.05 S1  E_DART      seed 25  goal      clr  0.56  t  14.2  inf  88  N 25.7  mpc   3.5 ms  err 0.19
[ 26/450] latency=0.05 S1  E_DART      seed 26  goal      clr  0.53  t  14.3  inf  80  N 25.0  mpc   3.5 ms  err 0.23
[ 27/450] latency=0.05 S1  E_DART      seed 27  goal      clr  0.56  t  14.1  inf  91  N 25.8  mpc   3.5 ms  err 0.14
[ 28/450] latency=0.05 S1  E_DART      seed 28  goal      clr  0.53  t  14.1  inf  79  N 25.6  mpc   3.4 ms  err 0.27
[ 29/450] latency=0.05 S1  E_DART      seed 29  goal      clr  0.47  t  15.5  inf  88  N 26.1  mpc   3.8 ms  err 0.19
[ 30/450] latency=0.05 S1  E_DART      seed 30  goal      clr  0.68  t  14.4  inf  84  N 25.2  mpc   3.5 ms  err 0.20
[ 31/450] latency=0.05 S1  E_DART      seed 31  goal      clr  0.41  t  15.3  inf  97  N 25.1  mpc   3.5 ms  err 0.27
[ 32/450] latency=0.05 S1  E_DART      seed 32  goal      clr  0.67  t  14.8  inf 104  N 25.5  mpc   3.6 ms  err 0.26
[ 33/450] latency=0.05 S1  E_DART      seed 33  goal      clr  0.61  t  14.4  inf  81  N 25.2  mpc   3.6 ms  err 0.16
[ 34/450] latency=0.05 S1  E_DART      seed 34  goal      clr  0.55  t  16.3  inf  99  N 25.1  mpc   3.7 ms  err 0.38
[ 35/450] latency=0.05 S1  E_DART      seed 35  goal      clr  0.59  t  14.5  inf  89  N 25.7  mpc   3.6 ms  err 0.26
[ 36/450] latency=0.05 S1  E_DART      seed 36  goal      clr  0.50  t  16.2  inf  91  N 25.6  mpc   3.7 ms  err 0.24
[ 37/450] latency=0.05 S1  E_DART      seed 37  goal      clr  0.54  t  14.4  inf  76  N 24.9  mpc   3.5 ms  err 0.21
[ 38/450] latency=0.05 S1  E_DART      seed 38  goal      clr  0.60  t  15.3  inf 105  N 26.1  mpc   3.8 ms  err 0.21
[ 39/450] latency=0.05 S1  E_DART      seed 39  goal      clr  0.52  t  14.6  inf 100  N 25.8  mpc   3.8 ms  err 0.17
[ 40/450] latency=0.05 S1  E_DART      seed 40  goal      clr  0.45  t  14.9  inf  93  N 25.7  mpc   3.6 ms  err 0.28
[ 41/450] latency=0.05 S1  E_DART      seed 41  goal      clr  0.53  t  16.7  inf 124  N 25.8  mpc   4.0 ms  err 0.35
[ 42/450] latency=0.05 S1  E_DART      seed 42  goal      clr  0.63  t  14.5  inf  83  N 25.6  mpc   3.6 ms  err 0.20
[ 43/450] latency=0.05 S1  E_DART      seed 43  goal      clr  0.49  t  15.4  inf  69  N 25.4  mpc   3.5 ms  err 0.27
[ 44/450] latency=0.05 S1  E_DART      seed 44  goal      clr  0.62  t  16.9  inf  61  N 24.8  mpc   3.3 ms  err 0.17
[ 45/450] latency=0.05 S1  E_DART      seed 45  goal      clr  0.53  t  15.2  inf  98  N 25.2  mpc   3.5 ms  err 0.30
[ 46/450] latency=0.05 S1  E_DART      seed 46  goal      clr  0.59  t  14.0  inf  90  N 25.7  mpc   3.5 ms  err 0.19
[ 47/450] latency=0.05 S1  E_DART      seed 47  goal      clr  0.49  t  14.8  inf  76  N 25.5  mpc   3.6 ms  err 0.26
[ 48/450] latency=0.05 S1  E_DART      seed 48  goal      clr  0.46  t  15.3  inf 113  N 25.4  mpc   3.5 ms  err 0.28
[ 49/450] latency=0.05 S1  E_DART      seed 49  goal      clr  0.59  t  13.8  inf  78  N 25.6  mpc   3.4 ms  err 0.25
[ 50/450] latency=0.05 S1  E_DART      seed 50  goal      clr  0.64  t  14.4  inf  93  N 25.6  mpc   3.4 ms  err 0.29
[ 51/450] latency=0.05 S1  Z_ZHUYI     seed  1  goal      clr  0.41  t  14.7  inf  60  N 26.1  mpc   3.6 ms  err 0.20
[ 52/450] latency=0.05 S1  Z_ZHUYI     seed  2  goal      clr  0.45  t  14.9  inf  49  N 25.0  mpc   3.8 ms  err 0.34
[ 53/450] latency=0.05 S1  Z_ZHUYI     seed  3  goal      clr  0.52  t  17.4  inf  61  N 25.8  mpc   4.1 ms  err 0.21
[ 54/450] latency=0.05 S1  Z_ZHUYI     seed  4  goal      clr  0.56  t  14.2  inf  53  N 25.8  mpc   3.7 ms  err 0.24
[ 55/450] latency=0.05 S1  Z_ZHUYI     seed  5  goal      clr  0.69  t  14.1  inf  55  N 25.5  mpc   3.7 ms  err 0.22
[ 56/450] latency=0.05 S1  Z_ZHUYI     seed  6  goal      clr  0.65  t  14.2  inf  47  N 25.3  mpc   3.5 ms  err 0.32
[ 57/450] latency=0.05 S1  Z_ZHUYI     seed  7  goal      clr  0.50  t  14.4  inf  55  N 25.3  mpc   3.7 ms  err 0.27
[ 58/450] latency=0.05 S1  Z_ZHUYI     seed  8  goal      clr  0.54  t  19.6  inf  51  N 24.0  mpc   3.4 ms  err 0.34
[ 59/450] latency=0.05 S1  Z_ZHUYI     seed  9  goal      clr  0.42  t  15.2  inf  52  N 24.6  mpc   3.5 ms  err 0.29
[ 60/450] latency=0.05 S1  Z_ZHUYI     seed 10  goal      clr  0.55  t  17.0  inf  60  N 25.7  mpc   3.8 ms  err 0.30
[ 61/450] latency=0.05 S1  Z_ZHUYI     seed 11  goal      clr  0.64  t  21.1  inf  49  N 24.6  mpc   3.6 ms  err 0.26
[ 62/450] latency=0.05 S1  Z_ZHUYI     seed 12  goal      clr  0.25  t  15.9  inf  52  N 25.9  mpc   3.7 ms  err 0.25
[ 63/450] latency=0.05 S1  Z_ZHUYI     seed 13  goal      clr  0.62  t  20.3  inf  49  N 23.3  mpc   3.4 ms  err 0.26
[ 64/450] latency=0.05 S1  Z_ZHUYI     seed 14  goal      clr  0.64  t  20.0  inf  52  N 23.6  mpc   3.4 ms  err 0.33
[ 65/450] latency=0.05 S1  Z_ZHUYI     seed 15  goal      clr  0.48  t  15.9  inf  50  N 25.6  mpc   3.8 ms  err 0.46
[ 66/450] latency=0.05 S1  Z_ZHUYI     seed 16  goal      clr  0.60  t  31.6  inf  53  N 18.7  mpc   2.5 ms  err 0.51
[ 67/450] latency=0.05 S1  Z_ZHUYI     seed 17  goal      clr  0.62  t  19.0  inf  45  N 24.5  mpc   3.4 ms  err 0.33
[ 68/450] latency=0.05 S1  Z_ZHUYI     seed 18  goal      clr  0.64  t  14.4  inf  56  N 25.7  mpc   3.8 ms  err 0.20
[ 69/450] latency=0.05 S1  Z_ZHUYI     seed 19  goal      clr  0.54  t  20.7  inf  57  N 23.7  mpc   3.5 ms  err 0.22
[ 70/450] latency=0.05 S1  Z_ZHUYI     seed 20  goal      clr  0.64  t  14.1  inf  45  N 25.1  mpc   3.5 ms  err 0.31
[ 71/450] latency=0.05 S1  Z_ZHUYI     seed 21  goal      clr  0.65  t  14.5  inf  45  N 25.8  mpc   3.7 ms  err 0.18
[ 72/450] latency=0.05 S1  Z_ZHUYI     seed 22  goal      clr  0.57  t  13.9  inf  49  N 25.5  mpc   3.7 ms  err 0.32
[ 73/450] latency=0.05 S1  Z_ZHUYI     seed 23  goal      clr  0.61  t  18.8  inf  51  N 24.5  mpc   3.5 ms  err 0.22
[ 74/450] latency=0.05 S1  Z_ZHUYI     seed 24  goal      clr  0.55  t  20.7  inf  52  N 24.3  mpc   3.5 ms  err 0.26
[ 75/450] latency=0.05 S1  Z_ZHUYI     seed 25  goal      clr  0.56  t  15.0  inf  54  N 25.8  mpc   3.7 ms  err 0.25
[ 76/450] latency=0.05 S1  Z_ZHUYI     seed 26  goal      clr  0.59  t  15.7  inf  39  N 25.4  mpc   3.8 ms  err 0.24
[ 77/450] latency=0.05 S1  Z_ZHUYI     seed 27  goal      clr  0.58  t  14.2  inf  65  N 26.0  mpc   3.7 ms  err 0.12
[ 78/450] latency=0.05 S1  Z_ZHUYI     seed 28  goal      clr  0.62  t  13.9  inf  49  N 26.0  mpc   3.7 ms  err 0.27
[ 79/450] latency=0.05 S1  Z_ZHUYI     seed 29  goal      clr  0.61  t  20.7  inf  49  N 23.7  mpc   3.5 ms  err 0.33
[ 80/450] latency=0.05 S1  Z_ZHUYI     seed 30  goal      clr  0.67  t  20.5  inf  50  N 24.4  mpc   3.7 ms  err 0.35
[ 81/450] latency=0.05 S1  Z_ZHUYI     seed 31  goal      clr  0.61  t  15.9  inf  40  N 25.4  mpc   3.8 ms  err 0.11
[ 82/450] latency=0.05 S1  Z_ZHUYI     seed 32  goal      clr  0.62  t  14.6  inf  63  N 26.1  mpc   3.8 ms  err 0.32
[ 83/450] latency=0.05 S1  Z_ZHUYI     seed 33  goal      clr  0.60  t  18.8  inf  44  N 24.6  mpc   3.5 ms  err 0.23
[ 84/450] latency=0.05 S1  Z_ZHUYI     seed 34  goal      clr  0.55  t  18.2  inf  51  N 23.4  mpc   3.2 ms  err 0.19
[ 85/450] latency=0.05 S1  Z_ZHUYI     seed 35  goal      clr  0.57  t  14.8  inf  53  N 26.0  mpc   3.5 ms  err 0.36
[ 86/450] latency=0.05 S1  Z_ZHUYI     seed 36  goal      clr  0.45  t  29.7  inf  67  N 21.0  mpc   3.0 ms  err 0.38
[ 87/450] latency=0.05 S1  Z_ZHUYI     seed 37  goal      clr  0.51  t  15.5  inf  46  N 25.5  mpc   3.7 ms  err 0.31
[ 88/450] latency=0.05 S1  Z_ZHUYI     seed 38  goal      clr  0.58  t  14.7  inf  48  N 25.4  mpc   3.7 ms  err 0.24
[ 89/450] latency=0.05 S1  Z_ZHUYI     seed 39  goal      clr  0.55  t  14.9  inf  68  N 26.1  mpc   3.9 ms  err 0.18
[ 90/450] latency=0.05 S1  Z_ZHUYI     seed 40  goal      clr  0.53  t  15.9  inf  50  N 25.4  mpc   3.9 ms  err 0.27
[ 91/450] latency=0.05 S1  Z_ZHUYI     seed 41  goal      clr  0.62  t  26.8  inf  60  N 21.4  mpc   3.2 ms  err 0.34
[ 92/450] latency=0.05 S1  Z_ZHUYI     seed 42  goal      clr  0.60  t  21.0  inf  53  N 23.7  mpc   3.5 ms  err 0.17
[ 93/450] latency=0.05 S1  Z_ZHUYI     seed 43  goal      clr  0.41  t  15.4  inf  41  N 25.9  mpc   3.8 ms  err 0.28
[ 94/450] latency=0.05 S1  Z_ZHUYI     seed 44  goal      clr  0.55  t  20.3  inf  55  N 23.7  mpc   3.4 ms  err 0.35
[ 95/450] latency=0.05 S1  Z_ZHUYI     seed 45  goal      clr  0.65  t  20.6  inf  54  N 24.8  mpc   3.6 ms  err 0.31
[ 96/450] latency=0.05 S1  Z_ZHUYI     seed 46  goal      clr  0.62  t  14.1  inf  59  N 25.7  mpc   3.7 ms  err 0.18
[ 97/450] latency=0.05 S1  Z_ZHUYI     seed 47  goal      clr  0.50  t  19.5  inf  51  N 24.4  mpc   3.6 ms  err 0.23
[ 98/450] latency=0.05 S1  Z_ZHUYI     seed 48  goal      clr  0.60  t  17.8  inf  49  N 25.6  mpc   3.9 ms  err 0.28
[ 99/450] latency=0.05 S1  Z_ZHUYI     seed 49  goal      clr  0.61  t  14.4  inf  38  N 25.5  mpc   3.5 ms  err 0.34
[100/450] latency=0.05 S1  Z_ZHUYI     seed 50  goal      clr  0.65  t  20.8  inf  58  N 23.9  mpc   3.4 ms  err 0.30
[101/450] latency=0.05 S1  A_FR_FN     seed  1  goal      clr  0.43  t  13.5  inf 135  N 20.0  mpc   2.5 ms  err 0.14
[102/450] latency=0.05 S1  A_FR_FN     seed  2  goal      clr  0.43  t  13.6  inf 137  N 20.0  mpc   2.4 ms  err 0.19
[103/450] latency=0.05 S1  A_FR_FN     seed  3  goal      clr  0.42  t  26.6  inf 266  N 20.0  mpc   2.7 ms  err 0.29
[104/450] latency=0.05 S1  A_FR_FN     seed  4  goal      clr  0.52  t  13.5  inf 136  N 20.0  mpc   2.4 ms  err 0.22
[105/450] latency=0.05 S1  A_FR_FN     seed  5  goal      clr  0.23  t  14.3  inf 143  N 20.0  mpc   2.5 ms  err 0.36
[106/450] latency=0.05 S1  A_FR_FN     seed  6  goal      clr  0.45  t  13.5  inf 135  N 20.0  mpc   2.3 ms  err 0.12
[107/450] latency=0.05 S1  A_FR_FN     seed  7  goal      clr  0.28  t  13.3  inf 133  N 20.0  mpc   2.3 ms  err 0.26
[108/450] latency=0.05 S1  A_FR_FN     seed  8  goal      clr  0.38  t  13.8  inf 139  N 20.0  mpc   2.5 ms  err 0.15
[109/450] latency=0.05 S1  A_FR_FN     seed  9  goal      clr  0.30  t  13.7  inf 137  N 20.0  mpc   2.4 ms  err 0.22
[110/450] latency=0.05 S1  A_FR_FN     seed 10  goal      clr  0.25  t  13.8  inf 137  N 20.0  mpc   2.4 ms  err 0.35
[111/450] latency=0.05 S1  A_FR_FN     seed 11  goal      clr  0.45  t  13.4  inf 134  N 20.0  mpc   2.3 ms  err 0.22
[112/450] latency=0.05 S1  A_FR_FN     seed 12  goal      clr  0.47  t  13.6  inf 136  N 20.0  mpc   2.4 ms  err 0.16
[113/450] latency=0.05 S1  A_FR_FN     seed 13  goal      clr  0.48  t  13.7  inf 137  N 20.0  mpc   2.4 ms  err 0.10
[114/450] latency=0.05 S1  A_FR_FN     seed 14  goal      clr  0.30  t  14.3  inf 143  N 20.0  mpc   2.4 ms  err 0.24
[115/450] latency=0.05 S1  A_FR_FN     seed 15  goal      clr  0.33  t  14.2  inf 142  N 20.0  mpc   2.5 ms  err 0.16
[116/450] latency=0.05 S1  A_FR_FN     seed 16  goal      clr  0.49  t  13.3  inf 134  N 20.0  mpc   2.3 ms  err 0.15
[117/450] latency=0.05 S1  A_FR_FN     seed 17  goal      clr  0.46  t  13.8  inf 138  N 20.0  mpc   2.3 ms  err 0.13
[118/450] latency=0.05 S1  A_FR_FN     seed 18  goal      clr  0.42  t  13.8  inf 138  N 20.0  mpc   2.5 ms  err 0.18
[119/450] latency=0.05 S1  A_FR_FN     seed 19  goal      clr  0.39  t  15.7  inf 157  N 20.0  mpc   2.4 ms  err 0.17
[120/450] latency=0.05 S1  A_FR_FN     seed 20  goal      clr  0.25  t  13.7  inf 137  N 20.0  mpc   2.3 ms  err 0.38
[121/450] latency=0.05 S1  A_FR_FN     seed 21  goal      clr  0.48  t  13.5  inf 135  N 20.0  mpc   2.3 ms  err 0.16
[122/450] latency=0.05 S1  A_FR_FN     seed 22  goal      clr  0.51  t  13.3  inf 134  N 20.0  mpc   2.4 ms  err 0.22
[123/450] latency=0.05 S1  A_FR_FN     seed 23  goal      clr  0.50  t  13.4  inf 135  N 20.0  mpc   2.4 ms  err 0.21
[124/450] latency=0.05 S1  A_FR_FN     seed 24  goal      clr  0.51  t  13.3  inf 133  N 20.0  mpc   2.3 ms  err 0.22
[125/450] latency=0.05 S1  A_FR_FN     seed 25  goal      clr  0.42  t  13.6  inf 136  N 20.0  mpc   2.3 ms  err 0.13
[126/450] latency=0.05 S1  A_FR_FN     seed 26  goal      clr  0.47  t  13.6  inf 136  N 20.0  mpc   2.3 ms  err 0.22
[127/450] latency=0.05 S1  A_FR_FN     seed 27  goal      clr  0.43  t  13.6  inf 136  N 20.0  mpc   2.5 ms  err 0.11
[128/450] latency=0.05 S1  A_FR_FN     seed 28  goal      clr  0.40  t  13.5  inf 135  N 20.0  mpc   2.3 ms  err 0.20
[129/450] latency=0.05 S1  A_FR_FN     seed 29  goal      clr  0.39  t  13.8  inf 138  N 20.0  mpc   2.3 ms  err 0.17
[130/450] latency=0.05 S1  A_FR_FN     seed 30  goal      clr  0.58  t  13.5  inf 135  N 20.0  mpc   2.3 ms  err 0.24
[131/450] latency=0.05 S1  A_FR_FN     seed 31  goal      clr  0.48  t  13.7  inf 137  N 20.0  mpc   2.3 ms  err 0.22
[132/450] latency=0.05 S1  A_FR_FN     seed 32  goal      clr  0.40  t  13.9  inf 140  N 20.0  mpc   2.5 ms  err 0.21
[133/450] latency=0.05 S1  A_FR_FN     seed 33  goal      clr  0.50  t  13.3  inf 134  N 20.0  mpc   2.3 ms  err 0.13
[134/450] latency=0.05 S1  A_FR_FN     seed 34  goal      clr  0.41  t  13.8  inf 138  N 20.0  mpc   2.4 ms  err 0.13
[135/450] latency=0.05 S1  A_FR_FN     seed 35  goal      clr  0.43  t  13.9  inf 139  N 20.0  mpc   2.5 ms  err 0.17
[136/450] latency=0.05 S1  A_FR_FN     seed 36  goal      clr  0.46  t  13.5  inf 135  N 20.0  mpc   2.4 ms  err 0.17
[137/450] latency=0.05 S1  A_FR_FN     seed 37  goal      clr  0.42  t  14.1  inf 141  N 20.0  mpc   2.6 ms  err 0.22
[138/450] latency=0.05 S1  A_FR_FN     seed 38  goal      clr  0.45  t  13.8  inf 139  N 20.0  mpc   2.5 ms  err 0.21
[139/450] latency=0.05 S1  A_FR_FN     seed 39  goal      clr  0.42  t  14.1  inf 141  N 20.0  mpc   2.6 ms  err 0.09
[140/450] latency=0.05 S1  A_FR_FN     seed 40  goal      clr  0.43  t  13.4  inf 135  N 20.0  mpc   2.6 ms  err 0.19
[141/450] latency=0.05 S1  A_FR_FN     seed 41  goal      clr  0.48  t  13.8  inf 138  N 20.0  mpc   2.6 ms  err 0.20
[142/450] latency=0.05 S1  A_FR_FN     seed 42  goal      clr  0.38  t  13.8  inf 138  N 20.0  mpc   2.6 ms  err 0.19
[143/450] latency=0.05 S1  A_FR_FN     seed 43  goal      clr  0.35  t  13.9  inf 139  N 20.0  mpc   2.4 ms  err 0.18
[144/450] latency=0.05 S1  A_FR_FN     seed 44  goal      clr  0.54  t  13.4  inf 134  N 20.0  mpc   2.3 ms  err 0.22
[145/450] latency=0.05 S1  A_FR_FN     seed 45  goal      clr  0.36  t  13.8  inf 139  N 20.0  mpc   2.5 ms  err 0.26
[146/450] latency=0.05 S1  A_FR_FN     seed 46  goal      clr  0.42  t  13.6  inf 136  N 20.0  mpc   2.7 ms  err 0.21
[147/450] latency=0.05 S1  A_FR_FN     seed 47  goal      clr  0.36  t  14.2  inf 142  N 20.0  mpc   2.4 ms  err 0.22
[148/450] latency=0.05 S1  A_FR_FN     seed 48  goal      clr  0.41  t  13.7  inf 138  N 20.0  mpc   2.4 ms  err 0.22
[149/450] latency=0.05 S1  A_FR_FN     seed 49  goal      clr  0.49  t  13.4  inf 135  N 20.0  mpc   2.3 ms  err 0.14
[150/450] latency=0.05 S1  A_FR_FN     seed 50  goal      clr  0.36  t  13.7  inf 137  N 20.0  mpc   2.4 ms  err 0.15
[151/450] latency=0.05 S1  F_NODELAY   seed  1  goal      clr  0.63  t  15.5  inf 110  N 26.6  mpc   3.9 ms  err 1.09
[152/450] latency=0.05 S1  F_NODELAY   seed  2  goal      clr  0.55  t  15.8  inf 130  N 25.2  mpc   3.8 ms  err 0.98
[153/450] latency=0.05 S1  F_NODELAY   seed  3  goal      clr  0.55  t  18.4  inf 171  N 26.0  mpc   4.1 ms  err 0.94
[154/450] latency=0.05 S1  F_NODELAY   seed  4  goal      clr  0.37  t  20.1  inf 151  N 25.4  mpc   4.0 ms  err 1.49
[155/450] latency=0.05 S1  F_NODELAY   seed  5  goal      clr  0.27  t  22.6  inf 190  N 25.4  mpc   4.3 ms  err 0.94
[156/450] latency=0.05 S1  F_NODELAY   seed  6  goal      clr  0.40  t  22.7  inf 185  N 24.3  mpc   4.0 ms  err 1.01
[157/450] latency=0.05 S1  F_NODELAY   seed  7  goal      clr  0.52  t  17.2  inf 124  N 25.0  mpc   4.0 ms  err 0.79
[158/450] latency=0.05 S1  F_NODELAY   seed  8  goal      clr  0.40  t  19.9  inf 109  N 23.7  mpc   3.6 ms  err 0.79
[159/450] latency=0.05 S1  F_NODELAY   seed  9  goal      clr  0.43  t  25.5  inf 189  N 24.1  mpc   3.8 ms  err 1.10
[160/450] latency=0.05 S1  F_NODELAY   seed 10  goal      clr  0.27  t  38.8  inf 325  N 25.1  mpc   4.3 ms  err 0.91
[161/450] latency=0.05 S1  F_NODELAY   seed 11  goal      clr  0.77  t  15.8  inf 103  N 25.9  mpc   3.8 ms  err 0.88
[162/450] latency=0.05 S1  F_NODELAY   seed 12  goal      clr  0.37  t  35.6  inf 344  N 26.9  mpc   5.0 ms  err 1.10
[163/450] latency=0.05 S1  F_NODELAY   seed 13  goal      clr  0.48  t  22.6  inf 214  N 26.7  mpc   4.3 ms  err 0.87
[164/450] latency=0.05 S1  F_NODELAY   seed 14  collision clr -0.02  t  22.2  inf 182  N 28.2  mpc   4.8 ms  err 1.09
[165/450] latency=0.05 S1  F_NODELAY   seed 15  goal      clr  0.65  t  15.0  inf 123  N 26.4  mpc   4.2 ms  err 0.88
[166/450] latency=0.05 S1  F_NODELAY   seed 16  goal      clr  0.42  t  18.6  inf 163  N 26.0  mpc   4.5 ms  err 0.98
[167/450] latency=0.05 S1  F_NODELAY   seed 17  goal      clr  0.61  t  15.2  inf 112  N 25.4  mpc   3.8 ms  err 0.59
[168/450] latency=0.05 S1  F_NODELAY   seed 18  goal      clr  0.49  t  19.1  inf 171  N 27.1  mpc   4.7 ms  err 0.91
[169/450] latency=0.05 S1  F_NODELAY   seed 19  goal      clr  0.18  t  24.9  inf 222  N 25.3  mpc   4.6 ms  err 1.00
[170/450] latency=0.05 S1  F_NODELAY   seed 20  goal      clr  0.10  t  24.9  inf 215  N 26.1  mpc   4.9 ms  err 0.94
[171/450] latency=0.05 S1  F_NODELAY   seed 21  goal      clr  0.58  t  17.4  inf 134  N 26.0  mpc   4.4 ms  err 0.89
[172/450] latency=0.05 S1  F_NODELAY   seed 22  goal      clr  0.43  t  18.1  inf 145  N 26.1  mpc   4.4 ms  err 0.97
[173/450] latency=0.05 S1  F_NODELAY   seed 23  goal      clr  0.35  t  31.5  inf 322  N 24.5  mpc   4.1 ms  err 0.95
[174/450] latency=0.05 S1  F_NODELAY   seed 24  goal      clr  0.42  t  21.2  inf 190  N 26.2  mpc   4.8 ms  err 1.06
[175/450] latency=0.05 S1  F_NODELAY   seed 25  goal      clr  0.32  t  18.0  inf 147  N 25.8  mpc   3.9 ms  err 0.78
[176/450] latency=0.05 S1  F_NODELAY   seed 26  goal      clr  0.41  t  18.4  inf 165  N 25.2  mpc   3.9 ms  err 1.08
[177/450] latency=0.05 S1  F_NODELAY   seed 27  goal      clr  0.16  t  24.4  inf 223  N 24.3  mpc   4.0 ms  err 1.13
[178/450] latency=0.05 S1  F_NODELAY   seed 28  goal      clr  0.65  t  16.4  inf 149  N 27.1  mpc   4.1 ms  err 0.83
[179/450] latency=0.05 S1  F_NODELAY   seed 29  goal      clr  0.17  t  20.3  inf 198  N 26.6  mpc   4.8 ms  err 1.13
[180/450] latency=0.05 S1  F_NODELAY   seed 30  collision clr -0.00  t   6.2  inf  69  N 27.8  mpc   4.9 ms  err 0.92
[181/450] latency=0.05 S1  F_NODELAY   seed 31  goal      clr  0.05  t  20.1  inf 204  N 27.4  mpc   4.9 ms  err 1.24
[182/450] latency=0.05 S1  F_NODELAY   seed 32  collision clr -0.01  t  34.8  inf 320  N 23.0  mpc   4.0 ms  err 0.91
[183/450] latency=0.05 S1  F_NODELAY   seed 33  goal      clr  0.54  t  15.6  inf 112  N 26.7  mpc   4.1 ms  err 0.84
[184/450] latency=0.05 S1  F_NODELAY   seed 34  goal      clr  0.37  t  25.8  inf 257  N 26.2  mpc   4.8 ms  err 0.89
[185/450] latency=0.05 S1  F_NODELAY   seed 35  goal      clr  0.48  t  26.0  inf 239  N 23.9  mpc   3.8 ms  err 0.70
[186/450] latency=0.05 S1  F_NODELAY   seed 36  goal      clr  0.40  t  21.7  inf 148  N 25.3  mpc   3.9 ms  err 0.93
[187/450] latency=0.05 S1  F_NODELAY   seed 37  goal      clr  0.53  t  16.8  inf 139  N 26.0  mpc   4.2 ms  err 0.68
[188/450] latency=0.05 S1  F_NODELAY   seed 38  collision clr -0.00  t  10.5  inf 107  N 27.9  mpc   5.2 ms  err 1.01
[189/450] latency=0.05 S1  F_NODELAY   seed 39  goal      clr  0.31  t  19.6  inf 187  N 26.8  mpc   4.6 ms  err 1.48
[190/450] latency=0.05 S1  F_NODELAY   seed 40  goal      clr  0.44  t  19.7  inf 158  N 25.2  mpc   4.0 ms  err 0.85
[191/450] latency=0.05 S1  F_NODELAY   seed 41  goal      clr  0.35  t  16.7  inf 156  N 26.7  mpc   4.5 ms  err 0.78
[192/450] latency=0.05 S1  F_NODELAY   seed 42  goal      clr  0.54  t  20.9  inf 133  N 26.1  mpc   4.4 ms  err 0.82
[193/450] latency=0.05 S1  F_NODELAY   seed 43  goal      clr  0.46  t  14.7  inf  97  N 25.8  mpc   3.9 ms  err 0.76
[194/450] latency=0.05 S1  F_NODELAY   seed 44  collision clr -0.03  t   7.7  inf  85  N 26.3  mpc   5.2 ms  err 1.59
[195/450] latency=0.05 S1  F_NODELAY   seed 45  goal      clr  0.50  t  18.3  inf 139  N 26.4  mpc   4.2 ms  err 1.11
[196/450] latency=0.05 S1  F_NODELAY   seed 46  goal      clr  0.59  t  18.3  inf 135  N 24.2  mpc   3.8 ms  err 0.94
[197/450] latency=0.05 S1  F_NODELAY   seed 47  goal      clr  0.24  t  20.0  inf 144  N 25.7  mpc   4.2 ms  err 0.96
[198/450] latency=0.05 S1  F_NODELAY   seed 48  goal      clr  0.52  t  30.3  inf 217  N 24.5  mpc   4.2 ms  err 0.85
[199/450] latency=0.05 S1  F_NODELAY   seed 49  goal      clr  0.69  t  14.8  inf 115  N 25.9  mpc   3.8 ms  err 0.56
[200/450] latency=0.05 S1  F_NODELAY   seed 50  goal      clr  0.42  t  22.7  inf 182  N 26.2  mpc   4.4 ms  err 0.84
[201/450] latency=0.05 S1  FR_SAFE_1   seed  1  goal      clr  0.53  t  20.1  inf  21  N 26.9  mpc   4.5 ms  err 0.42
[202/450] latency=0.05 S1  FR_SAFE_1   seed  2  goal      clr  0.60  t  16.7  inf  17  N 26.3  mpc   4.4 ms  err 0.26
[203/450] latency=0.05 S1  FR_SAFE_1   seed  3  goal      clr  0.68  t  24.8  inf  25  N 25.2  mpc   4.6 ms  err 0.30
[204/450] latency=0.05 S1  FR_SAFE_1   seed  4  goal      clr  0.74  t  23.8  inf  24  N 24.0  mpc   3.9 ms  err 0.39
[205/450] latency=0.05 S1  FR_SAFE_1   seed  5  goal      clr  0.67  t  18.1  inf  19  N 26.5  mpc   4.3 ms  err 0.31
[206/450] latency=0.05 S1  FR_SAFE_1   seed  6  goal      clr  0.47  t  16.0  inf  17  N 25.7  mpc   3.9 ms  err 0.41
[207/450] latency=0.05 S1  FR_SAFE_1   seed  7  goal      clr  0.75  t  17.2  inf  18  N 26.2  mpc   4.4 ms  err 0.39
[208/450] latency=0.05 S1  FR_SAFE_1   seed  8  goal      clr  0.47  t  24.5  inf  25  N 24.5  mpc   3.8 ms  err 0.43
[209/450] latency=0.05 S1  FR_SAFE_1   seed  9  goal      clr  0.76  t  17.7  inf  18  N 26.4  mpc   4.2 ms  err 0.32
[210/450] latency=0.05 S1  FR_SAFE_1   seed 10  goal      clr  0.58  t  22.6  inf  23  N 26.4  mpc   4.8 ms  err 0.39
[211/450] latency=0.05 S1  FR_SAFE_1   seed 11  goal      clr  0.37  t  38.7  inf  39  N 21.8  mpc   3.6 ms  err 0.52
[212/450] latency=0.05 S1  FR_SAFE_1   seed 12  goal      clr  0.24  t  19.3  inf  20  N 26.8  mpc   4.6 ms  err 0.54
[213/450] latency=0.05 S1  FR_SAFE_1   seed 13  goal      clr  0.54  t  22.7  inf  23  N 23.9  mpc   3.8 ms  err 0.19
[214/450] latency=0.05 S1  FR_SAFE_1   seed 14  goal      clr  0.69  t  21.7  inf  22  N 24.4  mpc   3.9 ms  err 0.26
[215/450] latency=0.05 S1  FR_SAFE_1   seed 15  goal      clr  0.71  t  16.2  inf  17  N 26.0  mpc   4.3 ms  err 0.45
[216/450] latency=0.05 S1  FR_SAFE_1   seed 16  goal      clr  1.04  t  15.3  inf  16  N 25.7  mpc   4.0 ms  err 0.25
[217/450] latency=0.05 S1  FR_SAFE_1   seed 17  goal      clr  0.57  t  23.7  inf  24  N 25.4  mpc   4.5 ms  err 0.38
[218/450] latency=0.05 S1  FR_SAFE_1   seed 18  goal      clr  0.52  t  22.3  inf  23  N 26.8  mpc   4.6 ms  err 0.32
[219/450] latency=0.05 S1  FR_SAFE_1   seed 19  goal      clr  0.56  t  25.2  inf  26  N 23.9  mpc   4.2 ms  err 0.32
[220/450] latency=0.05 S1  FR_SAFE_1   seed 20  goal      clr  0.59  t  17.2  inf  18  N 25.1  mpc   4.3 ms  err 0.40
[221/450] latency=0.05 S1  FR_SAFE_1   seed 21  goal      clr  0.76  t  16.2  inf  17  N 26.0  mpc   4.5 ms  err 0.32
[222/450] latency=0.05 S1  FR_SAFE_1   seed 22  goal      clr  0.58  t  39.0  inf  39  N 19.2  mpc   3.1 ms  err 0.54
[223/450] latency=0.05 S1  FR_SAFE_1   seed 23  goal      clr  0.51  t  23.3  inf  24  N 24.4  mpc   4.1 ms  err 0.34
[224/450] latency=0.05 S1  FR_SAFE_1   seed 24  goal      clr  0.67  t  24.0  inf  24  N 23.7  mpc   3.8 ms  err 0.24
[225/450] latency=0.05 S1  FR_SAFE_1   seed 25  goal      clr  0.81  t  16.8  inf  17  N 26.0  mpc   4.8 ms  err 0.44
[226/450] latency=0.05 S1  FR_SAFE_1   seed 26  goal      clr  0.39  t  22.1  inf  23  N 23.5  mpc   4.0 ms  err 0.46
[227/450] latency=0.05 S1  FR_SAFE_1   seed 27  goal      clr  0.49  t  18.8  inf  19  N 26.4  mpc   4.7 ms  err 0.30
[228/450] latency=0.05 S1  FR_SAFE_1   seed 28  goal      clr  0.73  t  17.9  inf  18  N 27.1  mpc   4.7 ms  err 0.35
[229/450] latency=0.05 S1  FR_SAFE_1   seed 29  goal      clr  0.43  t  29.1  inf  30  N 24.3  mpc   4.5 ms  err 0.39
[230/450] latency=0.05 S1  FR_SAFE_1   seed 30  goal      clr  0.55  t  25.2  inf  26  N 23.7  mpc   3.9 ms  err 0.27
[231/450] latency=0.05 S1  FR_SAFE_1   seed 31  goal      clr  0.58  t  23.8  inf  24  N 25.1  mpc   4.4 ms  err 0.26
[232/450] latency=0.05 S1  FR_SAFE_1   seed 32  goal      clr  0.61  t  35.2  inf  36  N 20.9  mpc   3.5 ms  err 0.67
[233/450] latency=0.05 S1  FR_SAFE_1   seed 33  goal      clr  0.51  t  36.3  inf  37  N 19.0  mpc   3.0 ms  err 0.34
[234/450] latency=0.05 S1  FR_SAFE_1   seed 34  goal      clr  0.50  t  16.0  inf  17  N 25.6  mpc   4.0 ms  err 0.29
[235/450] latency=0.05 S1  FR_SAFE_1   seed 35  goal      clr  0.78  t  16.8  inf  17  N 26.7  mpc   4.1 ms  err 0.43
[236/450] latency=0.05 S1  FR_SAFE_1   seed 36  goal      clr  0.53  t  24.8  inf  25  N 25.4  mpc   4.3 ms  err 0.39
[237/450] latency=0.05 S1  FR_SAFE_1   seed 37  goal      clr  0.58  t  18.7  inf  19  N 25.9  mpc   4.4 ms  err 0.41
[238/450] latency=0.05 S1  FR_SAFE_1   seed 38  goal      clr  0.53  t  38.3  inf  39  N 23.4  mpc   4.0 ms  err 0.30
[239/450] latency=0.05 S1  FR_SAFE_1   seed 39  goal      clr  0.68  t  22.0  inf  23  N 25.4  mpc   4.1 ms  err 0.41
[240/450] latency=0.05 S1  FR_SAFE_1   seed 40  goal      clr  0.67  t  19.5  inf  20  N 26.3  mpc   4.5 ms  err 0.42
[241/450] latency=0.05 S1  FR_SAFE_1   seed 41  goal      clr  0.75  t  20.5  inf  21  N 24.7  mpc   4.0 ms  err 0.43
[242/450] latency=0.05 S1  FR_SAFE_1   seed 42  goal      clr  0.61  t  26.0  inf  26  N 24.4  mpc   4.0 ms  err 0.29
[243/450] latency=0.05 S1  FR_SAFE_1   seed 43  goal      clr  0.57  t  19.2  inf  20  N 25.2  mpc   4.1 ms  err 0.25
[244/450] latency=0.05 S1  FR_SAFE_1   seed 44  goal      clr  0.59  t  23.8  inf  24  N 25.0  mpc   3.9 ms  err 0.44
[245/450] latency=0.05 S1  FR_SAFE_1   seed 45  goal      clr  0.80  t  22.6  inf  23  N 25.3  mpc   4.2 ms  err 0.30
[246/450] latency=0.05 S1  FR_SAFE_1   seed 46  goal      clr  0.36  t  29.2  inf  30  N 24.2  mpc   4.2 ms  err 0.42
[247/450] latency=0.05 S1  FR_SAFE_1   seed 47  goal      clr  0.62  t  25.6  inf  26  N 24.4  mpc   3.9 ms  err 0.36
[248/450] latency=0.05 S1  FR_SAFE_1   seed 48  goal      clr  0.71  t  18.9  inf  19  N 26.5  mpc   4.4 ms  err 0.34
[249/450] latency=0.05 S1  FR_SAFE_1   seed 49  goal      clr  0.81  t  15.7  inf  16  N 26.5  mpc   4.0 ms  err 0.30
[250/450] latency=0.05 S1  FR_SAFE_1   seed 50  goal      clr  0.55  t  27.6  inf  28  N 24.6  mpc   3.9 ms  err 0.33
[251/450] latency=0.05 S1  FR_SAFE_2   seed  1  goal      clr  0.71  t  16.7  inf  34  N 26.3  mpc   3.9 ms  err 0.29
[252/450] latency=0.05 S1  FR_SAFE_2   seed  2  goal      clr  0.51  t  16.0  inf  32  N 25.6  mpc   3.9 ms  err 0.34
[253/450] latency=0.05 S1  FR_SAFE_2   seed  3  goal      clr  0.44  t  18.3  inf  37  N 26.1  mpc   4.3 ms  err 0.21
[254/450] latency=0.05 S1  FR_SAFE_2   seed  4  goal      clr  0.59  t  15.2  inf  31  N 25.8  mpc   3.9 ms  err 0.20
[255/450] latency=0.05 S1  FR_SAFE_2   seed  5  goal      clr  0.66  t  14.9  inf  30  N 25.4  mpc   3.8 ms  err 0.54
[256/450] latency=0.05 S1  FR_SAFE_2   seed  6  goal      clr  0.73  t  14.1  inf  29  N 25.5  mpc   3.6 ms  err 0.17
[257/450] latency=0.05 S1  FR_SAFE_2   seed  7  goal      clr  0.58  t  14.7  inf  30  N 25.1  mpc   3.7 ms  err 0.30
[258/450] latency=0.05 S1  FR_SAFE_2   seed  8  goal      clr  0.69  t  15.1  inf  31  N 26.0  mpc   3.8 ms  err 0.34
[259/450] latency=0.05 S1  FR_SAFE_2   seed  9  goal      clr  0.44  t  16.0  inf  32  N 26.1  mpc   4.1 ms  err 0.24
[260/450] latency=0.05 S1  FR_SAFE_2   seed 10  goal      clr  0.57  t  16.3  inf  33  N 25.4  mpc   3.9 ms  err 0.20
[261/450] latency=0.05 S1  FR_SAFE_2   seed 11  goal      clr  0.76  t  14.8  inf  30  N 25.7  mpc   3.7 ms  err 0.20
[262/450] latency=0.05 S1  FR_SAFE_2   seed 12  goal      clr  0.54  t  15.4  inf  31  N 25.9  mpc   3.8 ms  err 0.21
[263/450] latency=0.05 S1  FR_SAFE_2   seed 13  goal      clr  0.44  t  20.1  inf  41  N 26.2  mpc   4.2 ms  err 0.33
[264/450] latency=0.05 S1  FR_SAFE_2   seed 14  goal      clr  0.56  t  20.8  inf  42  N 23.9  mpc   3.7 ms  err 0.40
[265/450] latency=0.05 S1  FR_SAFE_2   seed 15  goal      clr  0.52  t  17.1  inf  35  N 25.6  mpc   4.4 ms  err 0.32
[266/450] latency=0.05 S1  FR_SAFE_2   seed 16  goal      clr  0.63  t  14.6  inf  30  N 25.3  mpc   3.7 ms  err 0.35
[267/450] latency=0.05 S1  FR_SAFE_2   seed 17  goal      clr  0.72  t  14.5  inf  29  N 25.3  mpc   3.9 ms  err 0.19
[268/450] latency=0.05 S1  FR_SAFE_2   seed 18  goal      clr  0.63  t  16.3  inf  33  N 25.6  mpc   4.1 ms  err 0.21
[269/450] latency=0.05 S1  FR_SAFE_2   seed 19  goal      clr  0.47  t  16.9  inf  34  N 26.5  mpc   4.4 ms  err 0.22
[270/450] latency=0.05 S1  FR_SAFE_2   seed 20  goal      clr  0.78  t  14.5  inf  30  N 25.4  mpc   3.7 ms  err 0.34
[271/450] latency=0.05 S1  FR_SAFE_2   seed 21  goal      clr  0.71  t  14.7  inf  30  N 25.7  mpc   3.9 ms  err 0.17
[272/450] latency=0.05 S1  FR_SAFE_2   seed 22  goal      clr  0.67  t  14.5  inf  29  N 25.6  mpc   3.8 ms  err 0.34
[273/450] latency=0.05 S1  FR_SAFE_2   seed 23  goal      clr  0.73  t  15.3  inf  31  N 25.3  mpc   3.9 ms  err 0.25
[274/450] latency=0.05 S1  FR_SAFE_2   seed 24  goal      clr  0.57  t  14.8  inf  30  N 25.7  mpc   4.0 ms  err 0.26
[275/450] latency=0.05 S1  FR_SAFE_2   seed 25  goal      clr  0.61  t  15.4  inf  31  N 25.9  mpc   4.1 ms  err 0.21
[276/450] latency=0.05 S1  FR_SAFE_2   seed 26  goal      clr  0.58  t  15.2  inf  31  N 25.4  mpc   4.3 ms  err 0.25
[277/450] latency=0.05 S1  FR_SAFE_2   seed 27  goal      clr  0.56  t  14.3  inf  29  N 25.9  mpc   4.1 ms  err 0.14
[278/450] latency=0.05 S1  FR_SAFE_2   seed 28  goal      clr  0.66  t  14.4  inf  29  N 26.3  mpc   4.0 ms  err 0.33
[279/450] latency=0.05 S1  FR_SAFE_2   seed 29  goal      clr  0.54  t  16.0  inf  32  N 26.2  mpc   4.3 ms  err 0.28
[280/450] latency=0.05 S1  FR_SAFE_2   seed 30  goal      clr  0.60  t  16.0  inf  32  N 25.8  mpc   4.3 ms  err 0.29
[281/450] latency=0.05 S1  FR_SAFE_2   seed 31  goal      clr  0.61  t  15.4  inf  31  N 25.3  mpc   4.0 ms  err 0.18
[282/450] latency=0.05 S1  FR_SAFE_2   seed 32  goal      clr  0.67  t  15.1  inf  31  N 26.0  mpc   4.1 ms  err 0.28
[283/450] latency=0.05 S1  FR_SAFE_2   seed 33  goal      clr  0.71  t  14.8  inf  30  N 25.6  mpc   4.0 ms  err 0.17
[284/450] latency=0.05 S1  FR_SAFE_2   seed 34  goal      clr  0.59  t  16.6  inf  34  N 25.2  mpc   4.0 ms  err 0.21
[285/450] latency=0.05 S1  FR_SAFE_2   seed 35  goal      clr  0.69  t  15.1  inf  31  N 26.0  mpc   4.1 ms  err 0.36
[286/450] latency=0.05 S1  FR_SAFE_2   seed 36  goal      clr  0.63  t  18.7  inf  38  N 24.2  mpc   3.7 ms  err 0.31
[287/450] latency=0.05 S1  FR_SAFE_2   seed 37  goal      clr  0.59  t  14.8  inf  30  N 25.2  mpc   4.0 ms  err 0.24
[288/450] latency=0.05 S1  FR_SAFE_2   seed 38  goal      clr  0.66  t  15.3  inf  31  N 26.4  mpc   4.2 ms  err 0.25
[289/450] latency=0.05 S1  FR_SAFE_2   seed 39  goal      clr  0.55  t  15.5  inf  32  N 25.6  mpc   4.3 ms  err 0.22
[290/450] latency=0.05 S1  FR_SAFE_2   seed 40  goal      clr  0.64  t  15.0  inf  31  N 25.6  mpc   3.9 ms  err 0.21
[291/450] latency=0.05 S1  FR_SAFE_2   seed 41  goal      clr  0.64  t  15.3  inf  31  N 25.8  mpc   4.1 ms  err 0.20
[292/450] latency=0.05 S1  FR_SAFE_2   seed 42  goal      clr  0.75  t  15.0  inf  31  N 25.6  mpc   4.1 ms  err 0.21
[293/450] latency=0.05 S1  FR_SAFE_2   seed 43  goal      clr  0.63  t  15.2  inf  31  N 26.2  mpc   4.0 ms  err 0.37
[294/450] latency=0.05 S1  FR_SAFE_2   seed 44  goal      clr  0.72  t  14.1  inf  29  N 25.1  mpc   3.9 ms  err 0.27
[295/450] latency=0.05 S1  FR_SAFE_2   seed 45  goal      clr  0.48  t  16.0  inf  32  N 25.7  mpc   4.2 ms  err 0.28
[296/450] latency=0.05 S1  FR_SAFE_2   seed 46  goal      clr  0.59  t  15.0  inf  30  N 26.0  mpc   4.0 ms  err 0.26
[297/450] latency=0.05 S1  FR_SAFE_2   seed 47  goal      clr  0.54  t  15.4  inf  31  N 25.8  mpc   4.3 ms  err 0.33
[298/450] latency=0.05 S1  FR_SAFE_2   seed 48  goal      clr  0.61  t  16.5  inf  33  N 25.7  mpc   4.2 ms  err 0.23
[299/450] latency=0.05 S1  FR_SAFE_2   seed 49  goal      clr  0.62  t  14.1  inf  29  N 25.7  mpc   3.8 ms  err 0.19
[300/450] latency=0.05 S1  FR_SAFE_2   seed 50  goal      clr  0.68  t  14.9  inf  30  N 26.0  mpc   4.1 ms  err 0.31
[301/450] latency=0.05 S1  FR_SAFE_3   seed  1  goal      clr  0.45  t  16.7  inf  50  N 26.2  mpc   4.4 ms  err 0.22
[302/450] latency=0.05 S1  FR_SAFE_3   seed  2  goal      clr  0.48  t  15.3  inf  46  N 25.2  mpc   4.0 ms  err 0.26
[303/450] latency=0.05 S1  FR_SAFE_3   seed  3  goal      clr  0.45  t  16.8  inf  50  N 25.7  mpc   4.4 ms  err 0.21
[304/450] latency=0.05 S1  FR_SAFE_3   seed  4  goal      clr  0.59  t  15.3  inf  45  N 25.8  mpc   4.2 ms  err 0.27
[305/450] latency=0.05 S1  FR_SAFE_3   seed  5  goal      clr  0.69  t  16.0  inf  47  N 25.7  mpc   4.1 ms  err 0.40
[306/450] latency=0.05 S1  FR_SAFE_3   seed  6  goal      clr  0.70  t  14.3  inf  43  N 24.9  mpc   3.8 ms  err 0.20
[307/450] latency=0.05 S1  FR_SAFE_3   seed  7  goal      clr  0.54  t  14.7  inf  44  N 25.3  mpc   3.9 ms  err 0.33
[308/450] latency=0.05 S1  FR_SAFE_3   seed  8  goal      clr  0.62  t  14.4  inf  43  N 25.9  mpc   4.1 ms  err 0.21
[309/450] latency=0.05 S1  FR_SAFE_3   seed  9  goal      clr  0.51  t  15.1  inf  45  N 24.8  mpc   4.0 ms  err 0.35
[310/450] latency=0.05 S1  FR_SAFE_3   seed 10  goal      clr  0.44  t  15.9  inf  47  N 24.8  mpc   4.1 ms  err 0.30
[311/450] latency=0.05 S1  FR_SAFE_3   seed 11  goal      clr  0.73  t  14.3  inf  43  N 25.6  mpc   4.0 ms  err 0.19
[312/450] latency=0.05 S1  FR_SAFE_3   seed 12  goal      clr  0.55  t  15.3  inf  46  N 26.1  mpc   4.2 ms  err 0.17
[313/450] latency=0.05 S1  FR_SAFE_3   seed 13  goal      clr  0.66  t  14.2  inf  42  N 26.1  mpc   3.9 ms  err 0.20
[314/450] latency=0.05 S1  FR_SAFE_3   seed 14  goal      clr  0.55  t  18.3  inf  54  N 26.0  mpc   4.3 ms  err 0.20
[315/450] latency=0.05 S1  FR_SAFE_3   seed 15  goal      clr  0.48  t  16.5  inf  49  N 25.8  mpc   4.2 ms  err 0.24
[316/450] latency=0.05 S1  FR_SAFE_3   seed 16  goal      clr  0.57  t  16.9  inf  50  N 25.2  mpc   3.9 ms  err 0.17
[317/450] latency=0.05 S1  FR_SAFE_3   seed 17  goal      clr  0.68  t  14.1  inf  42  N 25.2  mpc   3.8 ms  err 0.19
[318/450] latency=0.05 S1  FR_SAFE_3   seed 18  goal      clr  0.68  t  14.2  inf  42  N 25.7  mpc   3.9 ms  err 0.16
[319/450] latency=0.05 S1  FR_SAFE_3   seed 19  goal      clr  0.49  t  15.8  inf  47  N 25.7  mpc   3.9 ms  err 0.16
[320/450] latency=0.05 S1  FR_SAFE_3   seed 20  goal      clr  0.68  t  14.4  inf  43  N 25.3  mpc   3.7 ms  err 0.30
[321/450] latency=0.05 S1  FR_SAFE_3   seed 21  goal      clr  0.73  t  14.1  inf  42  N 25.3  mpc   3.7 ms  err 0.17
[322/450] latency=0.05 S1  FR_SAFE_3   seed 22  goal      clr  0.64  t  14.0  inf  42  N 25.5  mpc   3.6 ms  err 0.24
[323/450] latency=0.05 S1  FR_SAFE_3   seed 23  goal      clr  0.70  t  14.8  inf  44  N 24.8  mpc   3.6 ms  err 0.20
[324/450] latency=0.05 S1  FR_SAFE_3   seed 24  goal      clr  0.60  t  14.4  inf  43  N 25.5  mpc   3.8 ms  err 0.18
[325/450] latency=0.05 S1  FR_SAFE_3   seed 25  goal      clr  0.63  t  15.1  inf  45  N 25.7  mpc   4.1 ms  err 0.15
[326/450] latency=0.05 S1  FR_SAFE_3   seed 26  goal      clr  0.54  t  14.7  inf  44  N 25.4  mpc   4.0 ms  err 0.25
[327/450] latency=0.05 S1  FR_SAFE_3   seed 27  goal      clr  0.59  t  14.5  inf  43  N 25.7  mpc   4.0 ms  err 0.10
[328/450] latency=0.05 S1  FR_SAFE_3   seed 28  goal      clr  0.60  t  14.2  inf  42  N 25.9  mpc   4.0 ms  err 0.28
[329/450] latency=0.05 S1  FR_SAFE_3   seed 29  goal      clr  0.56  t  15.8  inf  47  N 26.4  mpc   4.4 ms  err 0.25
[330/450] latency=0.05 S1  FR_SAFE_3   seed 30  goal      clr  0.66  t  14.9  inf  44  N 25.5  mpc   4.0 ms  err 0.34
[331/450] latency=0.05 S1  FR_SAFE_3   seed 31  goal      clr  0.59  t  15.3  inf  46  N 25.5  mpc   4.1 ms  err 0.15
[332/450] latency=0.05 S1  FR_SAFE_3   seed 32  goal      clr  0.51  t  16.4  inf  49  N 25.9  mpc   4.4 ms  err 0.23
[333/450] latency=0.05 S1  FR_SAFE_3   seed 33  goal      clr  0.64  t  14.3  inf  42  N 25.3  mpc   3.9 ms  err 0.11
[334/450] latency=0.05 S1  FR_SAFE_3   seed 34  goal      clr  0.63  t  14.7  inf  44  N 25.3  mpc   4.0 ms  err 0.15
[335/450] latency=0.05 S1  FR_SAFE_3   seed 35  goal      clr  0.65  t  14.6  inf  43  N 25.8  mpc   3.9 ms  err 0.25
[336/450] latency=0.05 S1  FR_SAFE_3   seed 36  goal      clr  0.65  t  15.3  inf  46  N 25.6  mpc   3.9 ms  err 0.21
[337/450] latency=0.05 S1  FR_SAFE_3   seed 37  goal      clr  0.63  t  15.1  inf  45  N 25.1  mpc   3.9 ms  err 0.20
[338/450] latency=0.05 S1  FR_SAFE_3   seed 38  goal      clr  0.60  t  15.2  inf  45  N 26.1  mpc   3.9 ms  err 0.21
[339/450] latency=0.05 S1  FR_SAFE_3   seed 39  goal      clr  0.58  t  15.6  inf  46  N 26.1  mpc   4.1 ms  err 0.12
[340/450] latency=0.05 S1  FR_SAFE_3   seed 40  goal      clr  0.57  t  14.5  inf  43  N 25.7  mpc   3.8 ms  err 0.26
[341/450] latency=0.05 S1  FR_SAFE_3   seed 41  goal      clr  0.64  t  15.6  inf  46  N 25.9  mpc   4.0 ms  err 0.21
[342/450] latency=0.05 S1  FR_SAFE_3   seed 42  goal      clr  0.64  t  15.3  inf  46  N 25.2  mpc   3.7 ms  err 0.21
[343/450] latency=0.05 S1  FR_SAFE_3   seed 43  goal      clr  0.56  t  15.1  inf  45  N 25.6  mpc   3.7 ms  err 0.24
[344/450] latency=0.05 S1  FR_SAFE_3   seed 44  goal      clr  0.59  t  14.6  inf  44  N 25.2  mpc   3.8 ms  err 0.18
[345/450] latency=0.05 S1  FR_SAFE_3   seed 45  goal      clr  0.50  t  15.9  inf  47  N 25.2  mpc   4.1 ms  err 0.28
[346/450] latency=0.05 S1  FR_SAFE_3   seed 46  goal      clr  0.62  t  14.4  inf  43  N 26.2  mpc   3.9 ms  err 0.22
[347/450] latency=0.05 S1  FR_SAFE_3   seed 47  goal      clr  0.61  t  14.8  inf  44  N 24.9  mpc   3.8 ms  err 0.26
[348/450] latency=0.05 S1  FR_SAFE_3   seed 48  goal      clr  0.59  t  15.7  inf  47  N 25.5  mpc   4.1 ms  err 0.19
[349/450] latency=0.05 S1  FR_SAFE_3   seed 49  goal      clr  0.75  t  13.9  inf  42  N 25.2  mpc   3.7 ms  err 0.17
[350/450] latency=0.05 S1  FR_SAFE_3   seed 50  goal      clr  0.69  t  14.3  inf  42  N 25.7  mpc   4.0 ms  err 0.17
[351/450] latency=0.05 S1  FR_SAFE_5   seed  1  goal      clr  0.56  t  14.7  inf  74  N 25.8  mpc   4.1 ms  err 0.19
[352/450] latency=0.05 S1  FR_SAFE_5   seed  2  goal      clr  0.51  t  20.1  inf 101  N 25.2  mpc   4.4 ms  err 0.28
[353/450] latency=0.05 S1  FR_SAFE_5   seed  3  goal      clr  0.42  t  16.0  inf  80  N 25.6  mpc   4.4 ms  err 0.18
[354/450] latency=0.05 S1  FR_SAFE_5   seed  4  goal      clr  0.63  t  14.5  inf  73  N 25.5  mpc   4.0 ms  err 0.21
[355/450] latency=0.05 S1  FR_SAFE_5   seed  5  goal      clr  0.57  t  14.4  inf  73  N 25.7  mpc   4.1 ms  err 0.37
[356/450] latency=0.05 S1  FR_SAFE_5   seed  6  goal      clr  0.65  t  14.0  inf  70  N 25.1  mpc   3.7 ms  err 0.13
[357/450] latency=0.05 S1  FR_SAFE_5   seed  7  goal      clr  0.65  t  13.8  inf  70  N 25.2  mpc   3.7 ms  err 0.20
[358/450] latency=0.05 S1  FR_SAFE_5   seed  8  goal      clr  0.62  t  14.7  inf  74  N 25.7  mpc   4.1 ms  err 0.15
[359/450] latency=0.05 S1  FR_SAFE_5   seed  9  goal      clr  0.48  t  15.0  inf  75  N 25.0  mpc   3.9 ms  err 0.35
[360/450] latency=0.05 S1  FR_SAFE_5   seed 10  goal      clr  0.59  t  15.0  inf  75  N 25.2  mpc   4.0 ms  err 0.29
[361/450] latency=0.05 S1  FR_SAFE_5   seed 11  goal      clr  0.62  t  14.0  inf  71  N 25.3  mpc   3.7 ms  err 0.21
[362/450] latency=0.05 S1  FR_SAFE_5   seed 12  goal      clr  0.56  t  14.6  inf  74  N 26.0  mpc   4.0 ms  err 0.18
[363/450] latency=0.05 S1  FR_SAFE_5   seed 13  goal      clr  0.64  t  14.3  inf  72  N 25.5  mpc   3.9 ms  err 0.10
[364/450] latency=0.05 S1  FR_SAFE_5   seed 14  goal      clr  0.54  t  15.3  inf  77  N 26.0  mpc   4.1 ms  err 0.24
[365/450] latency=0.05 S1  FR_SAFE_5   seed 15  goal      clr  0.60  t  16.8  inf  84  N 25.7  mpc   4.0 ms  err 0.32
[366/450] latency=0.05 S1  FR_SAFE_5   seed 16  goal      clr  0.61  t  14.9  inf  75  N 25.2  mpc   4.1 ms  err 0.33
[367/450] latency=0.05 S1  FR_SAFE_5   seed 17  goal      clr  0.53  t  14.8  inf  75  N 24.9  mpc   3.9 ms  err 0.24
[368/450] latency=0.05 S1  FR_SAFE_5   seed 18  goal      clr  0.67  t  14.2  inf  72  N 25.6  mpc   4.0 ms  err 0.14
[369/450] latency=0.05 S1  FR_SAFE_5   seed 19  goal      clr  0.57  t  16.7  inf  84  N 25.5  mpc   4.3 ms  err 0.19
[370/450] latency=0.05 S1  FR_SAFE_5   seed 20  goal      clr  0.72  t  14.4  inf  73  N 24.9  mpc   3.9 ms  err 0.30
[371/450] latency=0.05 S1  FR_SAFE_5   seed 21  goal      clr  0.71  t  14.1  inf  71  N 25.3  mpc   4.0 ms  err 0.14
[372/450] latency=0.05 S1  FR_SAFE_5   seed 22  goal      clr  0.63  t  13.9  inf  70  N 25.1  mpc   3.8 ms  err 0.15
[373/450] latency=0.05 S1  FR_SAFE_5   seed 23  goal      clr  0.62  t  14.2  inf  71  N 24.8  mpc   3.9 ms  err 0.17
[374/450] latency=0.05 S1  FR_SAFE_5   seed 24  goal      clr  0.56  t  13.7  inf  69  N 25.1  mpc   3.9 ms  err 0.21
[375/450] latency=0.05 S1  FR_SAFE_5   seed 25  goal      clr  0.54  t  14.5  inf  73  N 25.5  mpc   4.1 ms  err 0.15
[376/450] latency=0.05 S1  FR_SAFE_5   seed 26  goal      clr  0.56  t  14.2  inf  71  N 24.8  mpc   4.0 ms  err 0.16
[377/450] latency=0.05 S1  FR_SAFE_5   seed 27  goal      clr  0.60  t  14.3  inf  72  N 25.6  mpc   4.0 ms  err 0.09
[378/450] latency=0.05 S1  FR_SAFE_5   seed 28  goal      clr  0.57  t  14.5  inf  73  N 25.4  mpc   3.9 ms  err 0.28
[379/450] latency=0.05 S1  FR_SAFE_5   seed 29  goal      clr  0.56  t  15.5  inf  78  N 26.0  mpc   4.2 ms  err 0.17
[380/450] latency=0.05 S1  FR_SAFE_5   seed 30  goal      clr  0.61  t  14.3  inf  72  N 25.4  mpc   3.9 ms  err 0.28
[381/450] latency=0.05 S1  FR_SAFE_5   seed 31  goal      clr  0.55  t  14.7  inf  74  N 25.2  mpc   4.1 ms  err 0.20
[382/450] latency=0.05 S1  FR_SAFE_5   seed 32  goal      clr  0.61  t  14.6  inf  74  N 25.7  mpc   4.2 ms  err 0.14
[383/450] latency=0.05 S1  FR_SAFE_5   seed 33  goal      clr  0.62  t  14.1  inf  71  N 25.1  mpc   4.1 ms  err 0.10
[384/450] latency=0.05 S1  FR_SAFE_5   seed 34  goal      clr  0.50  t  14.8  inf  74  N 25.2  mpc   4.2 ms  err 0.15
[385/450] latency=0.05 S1  FR_SAFE_5   seed 35  goal      clr  0.61  t  14.6  inf  73  N 25.8  mpc   4.2 ms  err 0.25
[386/450] latency=0.05 S1  FR_SAFE_5   seed 36  goal      clr  0.60  t  14.8  inf  75  N 25.5  mpc   4.1 ms  err 0.17
[387/450] latency=0.05 S1  FR_SAFE_5   seed 37  goal      clr  0.51  t  14.6  inf  73  N 25.2  mpc   3.9 ms  err 0.19
[388/450] latency=0.05 S1  FR_SAFE_5   seed 38  goal      clr  0.64  t  14.3  inf  72  N 25.6  mpc   4.2 ms  err 0.19
[389/450] latency=0.05 S1  FR_SAFE_5   seed 39  goal      clr  0.58  t  14.8  inf  75  N 25.9  mpc   4.2 ms  err 0.12
[390/450] latency=0.05 S1  FR_SAFE_5   seed 40  goal      clr  0.60  t  14.2  inf  72  N 26.0  mpc   4.0 ms  err 0.30
[391/450] latency=0.05 S1  FR_SAFE_5   seed 41  goal      clr  0.51  t  15.8  inf  79  N 25.5  mpc   4.3 ms  err 0.16
[392/450] latency=0.05 S1  FR_SAFE_5   seed 42  goal      clr  0.65  t  14.3  inf  72  N 25.7  mpc   4.1 ms  err 0.24
[393/450] latency=0.05 S1  FR_SAFE_5   seed 43  goal      clr  0.48  t  17.8  inf  89  N 23.4  mpc   3.7 ms  err 0.22
[394/450] latency=0.05 S1  FR_SAFE_5   seed 44  goal      clr  0.43  t  14.9  inf  75  N 25.3  mpc   4.1 ms  err 0.25
[395/450] latency=0.05 S1  FR_SAFE_5   seed 45  goal      clr  0.50  t  15.4  inf  77  N 25.2  mpc   4.2 ms  err 0.28
[396/450] latency=0.05 S1  FR_SAFE_5   seed 46  goal      clr  0.59  t  14.4  inf  73  N 25.6  mpc   4.1 ms  err 0.15
[397/450] latency=0.05 S1  FR_SAFE_5   seed 47  goal      clr  0.53  t  14.6  inf  73  N 24.8  mpc   3.8 ms  err 0.21
[398/450] latency=0.05 S1  FR_SAFE_5   seed 48  goal      clr  0.58  t  15.7  inf  79  N 25.2  mpc   4.1 ms  err 0.37
[399/450] latency=0.05 S1  FR_SAFE_5   seed 49  goal      clr  0.62  t  14.4  inf  72  N 25.7  mpc   4.3 ms  err 0.21
[400/450] latency=0.05 S1  FR_SAFE_5   seed 50  goal      clr  0.53  t  15.0  inf  76  N 25.7  mpc   4.0 ms  err 0.18
[401/450] latency=0.05 S1  FR_SAFE_10  seed  1  goal      clr  0.58  t  14.0  inf 141  N 25.5  mpc   4.2 ms  err 0.16
[402/450] latency=0.05 S1  FR_SAFE_10  seed  2  goal      clr  0.49  t  14.8  inf 148  N 25.2  mpc   4.7 ms  err 0.30
[403/450] latency=0.05 S1  FR_SAFE_10  seed  3  goal      clr  0.39  t  22.2  inf 222  N 26.1  mpc   5.1 ms  err 0.48
[404/450] latency=0.05 S1  FR_SAFE_10  seed  4  goal      clr  0.66  t  13.9  inf 140  N 25.1  mpc   4.3 ms  err 0.16
[405/450] latency=0.05 S1  FR_SAFE_10  seed  5  goal      clr  0.55  t  15.2  inf 152  N 24.7  mpc   4.3 ms  err 0.39
[406/450] latency=0.05 S1  FR_SAFE_10  seed  6  goal      clr  0.61  t  13.9  inf 140  N 25.0  mpc   4.1 ms  err 0.14
[407/450] latency=0.05 S1  FR_SAFE_10  seed  7  goal      clr  0.48  t  14.6  inf 146  N 25.0  mpc   4.1 ms  err 0.25
[408/450] latency=0.05 S1  FR_SAFE_10  seed  8  goal      clr  0.54  t  14.6  inf 146  N 25.6  mpc   4.5 ms  err 0.14
[409/450] latency=0.05 S1  FR_SAFE_10  seed  9  goal      clr  0.60  t  14.2  inf 143  N 25.1  mpc   4.3 ms  err 0.25
[410/450] latency=0.05 S1  FR_SAFE_10  seed 10  goal      clr  0.49  t  14.9  inf 148  N 24.7  mpc   4.3 ms  err 0.19
[411/450] latency=0.05 S1  FR_SAFE_10  seed 11  goal      clr  0.59  t  13.8  inf 139  N 25.2  mpc   4.0 ms  err 0.22
[412/450] latency=0.05 S1  FR_SAFE_10  seed 12  goal      clr  0.43  t  14.5  inf 145  N 25.8  mpc   4.4 ms  err 0.14
[413/450] latency=0.05 S1  FR_SAFE_10  seed 13  goal      clr  0.62  t  14.1  inf 142  N 25.6  mpc   4.6 ms  err 0.10
[414/450] latency=0.05 S1  FR_SAFE_10  seed 14  goal      clr  0.49  t  16.3  inf 163  N 25.4  mpc   4.5 ms  err 0.18
[415/450] latency=0.05 S1  FR_SAFE_10  seed 15  goal      clr  0.43  t  19.4  inf 193  N 25.0  mpc   4.7 ms  err 0.48
[416/450] latency=0.05 S1  FR_SAFE_10  seed 16  goal      clr  0.71  t  13.7  inf 138  N 24.9  mpc   4.1 ms  err 0.24
[417/450] latency=0.05 S1  FR_SAFE_10  seed 17  goal      clr  0.64  t  13.9  inf 140  N 24.8  mpc   4.4 ms  err 0.14
[418/450] latency=0.05 S1  FR_SAFE_10  seed 18  goal      clr  0.64  t  14.2  inf 142  N 25.5  mpc   4.4 ms  err 0.17
[419/450] latency=0.05 S1  FR_SAFE_10  seed 19  goal      clr  0.57  t  21.3  inf 213  N 24.7  mpc   4.6 ms  err 0.31
[420/450] latency=0.05 S1  FR_SAFE_10  seed 20  goal      clr  0.58  t  14.5  inf 145  N 24.8  mpc   4.5 ms  err 0.33
[421/450] latency=0.05 S1  FR_SAFE_10  seed 21  goal      clr  0.62  t  13.9  inf 139  N 25.2  mpc   3.8 ms  err 0.15
[422/450] latency=0.05 S1  FR_SAFE_10  seed 22  goal      clr  0.59  t  14.0  inf 141  N 24.9  mpc   3.8 ms  err 0.22
[423/450] latency=0.05 S1  FR_SAFE_10  seed 23  goal      clr  0.63  t  14.2  inf 142  N 24.7  mpc   3.7 ms  err 0.17
[424/450] latency=0.05 S1  FR_SAFE_10  seed 24  goal      clr  0.56  t  13.8  inf 139  N 24.9  mpc   3.7 ms  err 0.20
[425/450] latency=0.05 S1  FR_SAFE_10  seed 25  goal      clr  0.52  t  14.2  inf 143  N 25.3  mpc   4.0 ms  err 0.15
[426/450] latency=0.05 S1  FR_SAFE_10  seed 26  goal      clr  0.59  t  17.1  inf 172  N 23.7  mpc   4.0 ms  err 0.22
[427/450] latency=0.05 S1  FR_SAFE_10  seed 27  goal      clr  0.49  t  14.2  inf 142  N 25.4  mpc   4.0 ms  err 0.12
[428/450] latency=0.05 S1  FR_SAFE_10  seed 28  goal      clr  0.58  t  14.2  inf 142  N 25.4  mpc   4.0 ms  err 0.23
[429/450] latency=0.05 S1  FR_SAFE_10  seed 29  goal      clr  0.44  t  15.7  inf 157  N 25.8  mpc   4.4 ms  err 0.17
[430/450] latency=0.05 S1  FR_SAFE_10  seed 30  goal      clr  0.66  t  14.1  inf 141  N 25.2  mpc   3.9 ms  err 0.26
[431/450] latency=0.05 S1  FR_SAFE_10  seed 31  goal      clr  0.54  t  14.7  inf 147  N 25.1  mpc   4.1 ms  err 0.16
[432/450] latency=0.05 S1  FR_SAFE_10  seed 32  goal      clr  0.56  t  14.6  inf 147  N 25.6  mpc   4.2 ms  err 0.15
[433/450] latency=0.05 S1  FR_SAFE_10  seed 33  goal      clr  0.60  t  13.9  inf 140  N 24.9  mpc   4.1 ms  err 0.13
[434/450] latency=0.05 S1  FR_SAFE_10  seed 34  goal      clr  0.52  t  14.9  inf 149  N 25.1  mpc   4.2 ms  err 0.13
[435/450] latency=0.05 S1  FR_SAFE_10  seed 35  goal      clr  0.59  t  14.6  inf 146  N 25.7  mpc   4.4 ms  err 0.25
[436/450] latency=0.05 S1  FR_SAFE_10  seed 36  goal      clr  0.56  t  14.4  inf 144  N 25.4  mpc   4.3 ms  err 0.15
[437/450] latency=0.05 S1  FR_SAFE_10  seed 37  goal      clr  0.51  t  14.2  inf 143  N 25.0  mpc   4.4 ms  err 0.22
[438/450] latency=0.05 S1  FR_SAFE_10  seed 38  goal      clr  0.60  t  15.2  inf 152  N 25.7  mpc   4.4 ms  err 0.20
[439/450] latency=0.05 S1  FR_SAFE_10  seed 39  goal      clr  0.54  t  14.7  inf 147  N 25.8  mpc   4.2 ms  err 0.15
[440/450] latency=0.05 S1  FR_SAFE_10  seed 40  goal      clr  0.60  t  14.4  inf 144  N 24.8  mpc   4.0 ms  err 0.25
[441/450] latency=0.05 S1  FR_SAFE_10  seed 41  goal      clr  0.52  t  16.6  inf 166  N 24.6  mpc   4.3 ms  err 0.16
[442/450] latency=0.05 S1  FR_SAFE_10  seed 42  goal      clr  0.67  t  14.4  inf 144  N 25.5  mpc   4.2 ms  err 0.22
[443/450] latency=0.05 S1  FR_SAFE_10  seed 43  goal      clr  0.27  t  15.3  inf 153  N 25.4  mpc   4.3 ms  err 0.20
[444/450] latency=0.05 S1  FR_SAFE_10  seed 44  goal      clr  0.61  t  14.1  inf 141  N 24.7  mpc   4.0 ms  err 0.17
[445/450] latency=0.05 S1  FR_SAFE_10  seed 45  goal      clr  0.49  t  15.2  inf 152  N 25.3  mpc   4.4 ms  err 0.30
[446/450] latency=0.05 S1  FR_SAFE_10  seed 46  goal      clr  0.54  t  15.0  inf 150  N 25.3  mpc   4.1 ms  err 0.18
[447/450] latency=0.05 S1  FR_SAFE_10  seed 47  goal      clr  0.47  t  14.6  inf 147  N 24.8  mpc   4.1 ms  err 0.15
[448/450] latency=0.05 S1  FR_SAFE_10  seed 48  goal      clr  0.63  t  16.9  inf 170  N 26.1  mpc   4.6 ms  err 0.30
[449/450] latency=0.05 S1  FR_SAFE_10  seed 49  goal      clr  0.58  t  14.0  inf 140  N 25.4  mpc   3.9 ms  err 0.15
[450/450] latency=0.05 S1  FR_SAFE_10  seed 50  goal      clr  0.64  t  14.4  inf 144  N 25.3  mpc   4.0 ms  err 0.17
