[  1/200] speed=6 S1  E_DART      seed  1  goal      clr  0.41  t  15.0  inf  90  N 26.2  mpc   9.3 ms  err 0.22
[  2/200] speed=6 S1  E_DART      seed  2  goal      clr  0.50  t  13.6  inf  79  N 25.7  mpc   8.9 ms  err 0.20
[  3/200] speed=6 S1  E_DART      seed  3  goal      clr  0.50  t  15.3  inf  92  N 25.2  mpc   7.5 ms  err 0.17
[  4/200] speed=6 S1  E_DART      seed  4  goal      clr  0.44  t  16.4  inf  92  N 25.6  mpc   7.8 ms  err 0.45
[  5/200] speed=6 S1  E_DART      seed  5  goal      clr  0.59  t  13.3  inf  80  N 24.7  mpc   7.1 ms  err 0.21
[  6/200] speed=6 S1  E_DART      seed  6  goal      clr  0.71  t  12.7  inf  78  N 25.6  mpc   6.8 ms  err 0.18
[  7/200] speed=6 S1  E_DART      seed  7  goal      clr  0.47  t  13.8  inf  78  N 25.8  mpc   7.1 ms  err 0.19
[  8/200] speed=6 S1  E_DART      seed  8  goal      clr  0.63  t  13.0  inf  79  N 25.8  mpc   6.9 ms  err 0.27
[  9/200] speed=6 S1  E_DART      seed  9  goal      clr  0.39  t  14.6  inf  84  N 24.9  mpc   6.9 ms  err 0.40
[ 10/200] speed=6 S1  E_DART      seed 10  goal      clr  0.31  t  14.6  inf  83  N 25.0  mpc   7.0 ms  err 0.24
[ 11/200] speed=6 S1  E_DART      seed 11  goal      clr  0.69  t  13.0  inf  75  N 25.8  mpc   7.1 ms  err 0.21
[ 12/200] speed=6 S1  E_DART      seed 12  goal      clr  0.59  t  17.5  inf  85  N 24.1  mpc   6.7 ms  err 0.38
[ 13/200] speed=6 S1  E_DART      seed 13  goal      clr  0.64  t  12.6  inf  80  N 25.9  mpc   7.2 ms  err 0.17
[ 14/200] speed=6 S1  E_DART      seed 14  goal      clr  0.53  t  13.2  inf  86  N 25.8  mpc   7.4 ms  err 0.19
[ 15/200] speed=6 S1  E_DART      seed 15  goal      clr  0.53  t  14.9  inf  87  N 25.1  mpc   7.5 ms  err 0.24
[ 16/200] speed=6 S1  E_DART      seed 16  goal      clr  0.72  t  12.6  inf  72  N 25.3  mpc   7.0 ms  err 0.17
[ 17/200] speed=6 S1  E_DART      seed 17  goal      clr  0.68  t  12.8  inf  80  N 25.4  mpc   7.1 ms  err 0.18
[ 18/200] speed=6 S1  E_DART      seed 18  goal      clr  0.54  t  13.4  inf  86  N 25.9  mpc   7.4 ms  err 0.23
[ 19/200] speed=6 S1  E_DART      seed 19  goal      clr  0.30  t  14.2  inf  88  N 25.9  mpc   7.5 ms  err 0.23
[ 20/200] speed=6 S1  E_DART      seed 20  goal      clr  0.55  t  12.9  inf  76  N 25.7  mpc   7.1 ms  err 0.32
[ 21/200] speed=6 S1  E_DART      seed 21  goal      clr  0.73  t  13.3  inf  72  N 25.7  mpc   7.2 ms  err 0.24
[ 22/200] speed=6 S1  E_DART      seed 22  goal      clr  0.44  t  13.1  inf  77  N 25.7  mpc   7.0 ms  err 0.36
[ 23/200] speed=6 S1  E_DART      seed 23  goal      clr  0.40  t  13.7  inf  80  N 25.4  mpc   7.1 ms  err 0.22
[ 24/200] speed=6 S1  E_DART      seed 24  goal      clr  0.47  t  13.2  inf  79  N 25.7  mpc   6.9 ms  err 0.21
[ 25/200] speed=6 S1  E_DART      seed 25  goal      clr  0.64  t  13.2  inf  77  N 25.7  mpc   7.1 ms  err 0.19
[ 26/200] speed=6 S1  E_DART      seed 26  goal      clr  0.63  t  13.0  inf  77  N 25.2  mpc   6.9 ms  err 0.26
[ 27/200] speed=6 S1  E_DART      seed 27  goal      clr  0.50  t  12.7  inf  80  N 25.8  mpc   7.0 ms  err 0.11
[ 28/200] speed=6 S1  E_DART      seed 28  goal      clr  0.74  t  12.4  inf  77  N 25.8  mpc   7.0 ms  err 0.20
[ 29/200] speed=6 S1  E_DART      seed 29  goal      clr  0.59  t  13.8  inf  84  N 26.1  mpc   7.4 ms  err 0.18
[ 30/200] speed=6 S1  E_DART      seed 30  goal      clr  0.69  t  13.4  inf  78  N 25.7  mpc   7.3 ms  err 0.30
[ 31/200] speed=6 S1  E_DART      seed 31  goal      clr  0.58  t  13.3  inf  82  N 25.9  mpc   7.2 ms  err 0.16
[ 32/200] speed=6 S1  E_DART      seed 32  goal      clr  0.59  t  13.4  inf  80  N 25.9  mpc   7.4 ms  err 0.22
[ 33/200] speed=6 S1  E_DART      seed 33  goal      clr  0.67  t  12.8  inf  80  N 25.5  mpc   7.0 ms  err 0.15
[ 34/200] speed=6 S1  E_DART      seed 34  goal      clr  0.44  t  14.4  inf  87  N 26.0  mpc   7.4 ms  err 0.24
[ 35/200] speed=6 S1  E_DART      seed 35  goal      clr  0.77  t  12.7  inf  83  N 25.4  mpc   6.8 ms  err 0.26
[ 36/200] speed=6 S1  E_DART      seed 36  goal      clr  0.75  t  17.2  inf  76  N 24.1  mpc   6.6 ms  err 0.26
[ 37/200] speed=6 S1  E_DART      seed 37  goal      clr  0.54  t  13.5  inf  83  N 26.2  mpc   7.4 ms  err 0.34
[ 38/200] speed=6 S1  E_DART      seed 38  goal      clr  0.60  t  13.6  inf  91  N 26.0  mpc   7.2 ms  err 0.18
[ 39/200] speed=6 S1  E_DART      seed 39  goal      clr  0.61  t  13.5  inf  85  N 26.1  mpc   7.2 ms  err 0.15
[ 40/200] speed=6 S1  E_DART      seed 40  goal      clr  0.37  t  20.7  inf 117  N 25.2  mpc   7.3 ms  err 0.40
[ 41/200] speed=6 S1  E_DART      seed 41  goal      clr  0.56  t  16.5  inf  88  N 25.0  mpc   6.9 ms  err 0.19
[ 42/200] speed=6 S1  E_DART      seed 42  goal      clr  0.66  t  13.2  inf  81  N 25.7  mpc   6.8 ms  err 0.17
[ 43/200] speed=6 S1  E_DART      seed 43  goal      clr  0.45  t  14.2  inf  76  N 25.6  mpc   6.4 ms  err 0.29
[ 44/200] speed=6 S1  E_DART      seed 44  goal      clr  0.49  t  13.3  inf  72  N 25.6  mpc   6.4 ms  err 0.17
[ 45/200] speed=6 S1  E_DART      seed 45  goal      clr  0.54  t  13.5  inf  84  N 25.5  mpc   6.6 ms  err 0.33
[ 46/200] speed=6 S1  E_DART      seed 46  goal      clr  0.61  t  12.7  inf  83  N 25.7  mpc   6.3 ms  err 0.17
[ 47/200] speed=6 S1  E_DART      seed 47  goal      clr  0.51  t  13.6  inf  75  N 25.7  mpc   6.5 ms  err 0.19
[ 48/200] speed=6 S1  E_DART      seed 48  goal      clr  0.48  t  16.7  inf  92  N 25.6  mpc   6.6 ms  err 0.28
[ 49/200] speed=6 S1  E_DART      seed 49  goal      clr  0.62  t  12.7  inf  81  N 25.8  mpc   6.4 ms  err 0.23
[ 50/200] speed=6 S1  E_DART      seed 50  goal      clr  0.73  t  12.8  inf  88  N 25.9  mpc   6.4 ms  err 0.20
[ 51/200] speed=6 S1  FN_SAFE_15  seed  1  goal      clr  0.60  t  13.1  inf  85  N 16.5  mpc   3.8 ms  err 0.18
[ 52/200] speed=6 S1  FN_SAFE_15  seed  2  goal      clr  0.58  t  16.5  inf 109  N 18.7  mpc   4.8 ms  err 0.33
[ 53/200] speed=6 S1  FN_SAFE_15  seed  3  goal      clr  0.49  t  19.9  inf 100  N 15.6  mpc   3.9 ms  err 0.12
[ 54/200] speed=6 S1  FN_SAFE_15  seed  4  goal      clr  0.51  t  16.3  inf  91  N 15.9  mpc   3.9 ms  err 0.33
[ 55/200] speed=6 S1  FN_SAFE_15  seed  5  goal      clr  0.61  t  15.3  inf  80  N 16.8  mpc   4.2 ms  err 0.39
[ 56/200] speed=6 S1  FN_SAFE_15  seed  6  goal      clr  0.63  t  12.9  inf  80  N 17.1  mpc   4.4 ms  err 0.15
[ 57/200] speed=6 S1  FN_SAFE_15  seed  7  goal      clr  0.44  t  13.3  inf  84  N 16.6  mpc   4.4 ms  err 0.25
[ 58/200] speed=6 S1  FN_SAFE_15  seed  8  goal      clr  0.62  t  14.0  inf  85  N 16.2  mpc   4.1 ms  err 0.25
[ 59/200] speed=6 S1  FN_SAFE_15  seed  9  goal      clr  0.64  t  12.9  inf  80  N 16.5  mpc   4.4 ms  err 0.30
[ 60/200] speed=6 S1  FN_SAFE_15  seed 10  goal      clr  0.30  t  15.7  inf  91  N 17.0  mpc   4.5 ms  err 0.42
[ 61/200] speed=6 S1  FN_SAFE_15  seed 11  goal      clr  0.69  t  12.8  inf  77  N 15.9  mpc   4.1 ms  err 0.29
[ 62/200] speed=6 S1  FN_SAFE_15  seed 12  goal      clr  0.50  t  13.6  inf  90  N 16.6  mpc   4.3 ms  err 0.16
[ 63/200] speed=6 S1  FN_SAFE_15  seed 13  goal      clr  0.58  t  12.9  inf  83  N 15.9  mpc   4.1 ms  err 0.17
[ 64/200] speed=6 S1  FN_SAFE_15  seed 14  goal      clr  0.40  t  18.2  inf 100  N 16.4  mpc   4.5 ms  err 0.54
[ 65/200] speed=6 S1  FN_SAFE_15  seed 15  goal      clr  0.57  t  13.3  inf  73  N 17.0  mpc   4.5 ms  err 0.40
[ 66/200] speed=6 S1  FN_SAFE_15  seed 16  goal      clr  0.72  t  12.6  inf  72  N 16.2  mpc   4.2 ms  err 0.18
[ 67/200] speed=6 S1  FN_SAFE_15  seed 17  goal      clr  0.64  t  13.0  inf  82  N 16.7  mpc   4.3 ms  err 0.22
[ 68/200] speed=6 S1  FN_SAFE_15  seed 18  goal      clr  0.65  t  13.1  inf  84  N 16.7  mpc   4.5 ms  err 0.19
[ 69/200] speed=6 S1  FN_SAFE_15  seed 19  goal      clr  0.57  t  13.8  inf  87  N 16.5  mpc   4.5 ms  err 0.15
[ 70/200] speed=6 S1  FN_SAFE_15  seed 20  goal      clr  0.36  t  17.1  inf  92  N 17.0  mpc   4.6 ms  err 0.59
[ 71/200] speed=6 S1  FN_SAFE_15  seed 21  goal      clr  0.69  t  13.3  inf  82  N 16.7  mpc   4.4 ms  err 0.15
[ 72/200] speed=6 S1  FN_SAFE_15  seed 22  goal      clr  0.64  t  12.6  inf  77  N 16.6  mpc   4.2 ms  err 0.27
[ 73/200] speed=6 S1  FN_SAFE_15  seed 23  goal      clr  0.58  t  13.2  inf  82  N 16.3  mpc   4.1 ms  err 0.17
[ 74/200] speed=6 S1  FN_SAFE_15  seed 24  goal      clr  0.49  t  13.4  inf  78  N 17.6  mpc   4.4 ms  err 0.22
[ 75/200] speed=6 S1  FN_SAFE_15  seed 25  goal      clr  0.61  t  13.3  inf  80  N 15.8  mpc   4.0 ms  err 0.17
[ 76/200] speed=6 S1  FN_SAFE_15  seed 26  goal      clr  0.55  t  13.3  inf  82  N 15.5  mpc   3.9 ms  err 0.21
[ 77/200] speed=6 S1  FN_SAFE_15  seed 27  goal      clr  0.51  t  13.0  inf  81  N 16.2  mpc   4.0 ms  err 0.10
[ 78/200] speed=6 S1  FN_SAFE_15  seed 28  goal      clr  0.67  t  12.7  inf  81  N 16.0  mpc   3.9 ms  err 0.24
[ 79/200] speed=6 S1  FN_SAFE_15  seed 29  goal      clr  0.57  t  14.6  inf  89  N 16.7  mpc   4.3 ms  err 0.21
[ 80/200] speed=6 S1  FN_SAFE_15  seed 30  goal      clr  0.65  t  13.0  inf  75  N 16.2  mpc   4.0 ms  err 0.20
[ 81/200] speed=6 S1  FN_SAFE_15  seed 31  goal      clr  0.58  t  13.2  inf  82  N 16.4  mpc   4.1 ms  err 0.14
[ 82/200] speed=6 S1  FN_SAFE_15  seed 32  goal      clr  0.63  t  14.2  inf  85  N 15.4  mpc   4.0 ms  err 0.21
[ 83/200] speed=6 S1  FN_SAFE_15  seed 33  goal      clr  0.70  t  12.6  inf  77  N 15.5  mpc   3.9 ms  err 0.14
[ 84/200] speed=6 S1  FN_SAFE_15  seed 34  goal      clr  0.61  t  15.4  inf  84  N 16.3  mpc   4.2 ms  err 0.19
[ 85/200] speed=6 S1  FN_SAFE_15  seed 35  goal      clr  0.76  t  12.8  inf  82  N 16.5  mpc   4.1 ms  err 0.18
[ 86/200] speed=6 S1  FN_SAFE_15  seed 36  goal      clr  0.41  t  16.3  inf  99  N 18.6  mpc   5.2 ms  err 0.28
[ 87/200] speed=6 S1  FN_SAFE_15  seed 37  goal      clr  0.55  t  13.5  inf  73  N 15.8  mpc   4.0 ms  err 0.23
[ 88/200] speed=6 S1  FN_SAFE_15  seed 38  goal      clr  0.54  t  13.9  inf  93  N 16.2  mpc   4.3 ms  err 0.16
[ 89/200] speed=6 S1  FN_SAFE_15  seed 39  goal      clr  0.54  t  13.7  inf  88  N 15.9  mpc   4.2 ms  err 0.13
[ 90/200] speed=6 S1  FN_SAFE_15  seed 40  goal      clr  0.56  t  13.6  inf  85  N 17.0  mpc   4.4 ms  err 0.19
[ 91/200] speed=6 S1  FN_SAFE_15  seed 41  goal      clr  0.58  t  15.9  inf  85  N 15.7  mpc   4.1 ms  err 0.24
[ 92/200] speed=6 S1  FN_SAFE_15  seed 42  goal      clr  0.65  t  13.2  inf  80  N 16.4  mpc   4.3 ms  err 0.20
[ 93/200] speed=6 S1  FN_SAFE_15  seed 43  goal      clr  0.49  t  14.5  inf  88  N 15.8  mpc   4.2 ms  err 0.15
[ 94/200] speed=6 S1  FN_SAFE_15  seed 44  goal      clr  0.41  t  13.9  inf  87  N 17.5  mpc   4.7 ms  err 0.21
[ 95/200] speed=6 S1  FN_SAFE_15  seed 45  goal      clr  0.48  t  14.1  inf  90  N 15.9  mpc   4.1 ms  err 0.29
[ 96/200] speed=6 S1  FN_SAFE_15  seed 46  goal      clr  0.49  t  13.5  inf  83  N 16.3  mpc   4.3 ms  err 0.15
[ 97/200] speed=6 S1  FN_SAFE_15  seed 47  goal      clr  0.56  t  13.6  inf  79  N 17.3  mpc   4.5 ms  err 0.19
[ 98/200] speed=6 S1  FN_SAFE_15  seed 48  goal      clr  0.60  t  13.8  inf  90  N 17.2  mpc   4.4 ms  err 0.28
[ 99/200] speed=6 S1  FN_SAFE_15  seed 49  goal      clr  0.62  t  12.6  inf  82  N 16.6  mpc   4.2 ms  err 0.29
[100/200] speed=6 S1  FN_SAFE_15  seed 50  goal      clr  0.68  t  13.1  inf  88  N 16.9  mpc   4.3 ms  err 0.23
[101/200] speed=6 S1  FN_SAFE_20  seed  1  goal      clr  0.36  t  16.3  inf 111  N 21.6  mpc   5.8 ms  err 0.33
[102/200] speed=6 S1  FN_SAFE_20  seed  2  goal      clr  0.48  t  13.8  inf  88  N 22.0  mpc   6.0 ms  err 0.24
[103/200] speed=6 S1  FN_SAFE_20  seed  3  goal      clr  0.56  t  13.8  inf  90  N 21.8  mpc   5.7 ms  err 0.25
[104/200] speed=6 S1  FN_SAFE_20  seed  4  goal      clr  0.59  t  13.6  inf  77  N 20.5  mpc   5.2 ms  err 0.31
[105/200] speed=6 S1  FN_SAFE_20  seed  5  goal      clr  0.53  t  14.2  inf  84  N 21.9  mpc   5.6 ms  err 0.29
[106/200] speed=6 S1  FN_SAFE_20  seed  6  goal      clr  0.72  t  12.6  inf  79  N 20.7  mpc   5.4 ms  err 0.17
[107/200] speed=6 S1  FN_SAFE_20  seed  7  goal      clr  0.40  t  14.1  inf  87  N 21.2  mpc   5.5 ms  err 0.26
[108/200] speed=6 S1  FN_SAFE_20  seed  8  goal      clr  0.59  t  13.3  inf  88  N 21.6  mpc   5.7 ms  err 0.33
[109/200] speed=6 S1  FN_SAFE_20  seed  9  goal      clr  0.34  t  14.4  inf  87  N 21.4  mpc   5.8 ms  err 0.26
[110/200] speed=6 S1  FN_SAFE_20  seed 10  goal      clr  0.39  t  14.2  inf  83  N 21.4  mpc   5.8 ms  err 0.21
[111/200] speed=6 S1  FN_SAFE_20  seed 11  goal      clr  0.63  t  12.8  inf  77  N 20.7  mpc   5.4 ms  err 0.30
[112/200] speed=6 S1  FN_SAFE_20  seed 12  goal      clr  0.49  t  13.4  inf  87  N 20.8  mpc   5.5 ms  err 0.16
[113/200] speed=6 S1  FN_SAFE_20  seed 13  goal      clr  0.61  t  13.1  inf  80  N 20.7  mpc   5.5 ms  err 0.15
[114/200] speed=6 S1  FN_SAFE_20  seed 14  goal      clr  0.57  t  17.1  inf 100  N 20.9  mpc   5.8 ms  err 0.47
[115/200] speed=6 S1  FN_SAFE_20  seed 15  goal      clr  0.55  t  14.1  inf  88  N 22.0  mpc   5.9 ms  err 0.27
[116/200] speed=6 S1  FN_SAFE_20  seed 16  goal      clr  0.73  t  12.5  inf  73  N 20.9  mpc   5.3 ms  err 0.17
[117/200] speed=6 S1  FN_SAFE_20  seed 17  goal      clr  0.65  t  12.8  inf  76  N 20.9  mpc   5.5 ms  err 0.30
[118/200] speed=6 S1  FN_SAFE_20  seed 18  goal      clr  0.65  t  13.2  inf  84  N 21.5  mpc   5.9 ms  err 0.20
[119/200] speed=6 S1  FN_SAFE_20  seed 19  goal      clr  0.51  t  14.0  inf  97  N 21.2  mpc   5.8 ms  err 0.18
[120/200] speed=6 S1  FN_SAFE_20  seed 20  goal      clr  0.48  t  13.3  inf  80  N 21.5  mpc   5.5 ms  err 0.34
[121/200] speed=6 S1  FN_SAFE_20  seed 21  goal      clr  0.83  t  12.4  inf  78  N 20.6  mpc   5.4 ms  err 0.18
[122/200] speed=6 S1  FN_SAFE_20  seed 22  goal      clr  0.68  t  12.6  inf  76  N 21.3  mpc   5.5 ms  err 0.30
[123/200] speed=6 S1  FN_SAFE_20  seed 23  goal      clr  0.60  t  13.2  inf  77  N 20.6  mpc   5.3 ms  err 0.20
[124/200] speed=6 S1  FN_SAFE_20  seed 24  goal      clr  0.62  t  12.8  inf  78  N 21.3  mpc   5.4 ms  err 0.22
[125/200] speed=6 S1  FN_SAFE_20  seed 25  goal      clr  0.63  t  13.3  inf  78  N 20.9  mpc   5.4 ms  err 0.19
[126/200] speed=6 S1  FN_SAFE_20  seed 26  goal      clr  0.44  t  13.4  inf  84  N 20.8  mpc   5.4 ms  err 0.24
[127/200] speed=6 S1  FN_SAFE_20  seed 27  goal      clr  0.50  t  12.9  inf  82  N 20.7  mpc   5.3 ms  err 0.12
[128/200] speed=6 S1  FN_SAFE_20  seed 28  goal      clr  0.71  t  12.3  inf  78  N 20.3  mpc   5.1 ms  err 0.26
[129/200] speed=6 S1  FN_SAFE_20  seed 29  goal      clr  0.57  t  14.0  inf  87  N 21.5  mpc   5.7 ms  err 0.22
[130/200] speed=6 S1  FN_SAFE_20  seed 30  goal      clr  0.64  t  13.3  inf  76  N 21.1  mpc   5.5 ms  err 0.23
[131/200] speed=6 S1  FN_SAFE_20  seed 31  goal      clr  0.53  t  13.4  inf  82  N 21.2  mpc   5.5 ms  err 0.17
[132/200] speed=6 S1  FN_SAFE_20  seed 32  goal      clr  0.61  t  13.5  inf  79  N 20.5  mpc   5.5 ms  err 0.22
[133/200] speed=6 S1  FN_SAFE_20  seed 33  goal      clr  0.47  t  13.6  inf  86  N 21.0  mpc   5.5 ms  err 0.21
[134/200] speed=6 S1  FN_SAFE_20  seed 34  goal      clr  0.58  t  13.0  inf  75  N 21.3  mpc   5.5 ms  err 0.18
[135/200] speed=6 S1  FN_SAFE_20  seed 35  goal      clr  0.76  t  13.2  inf  82  N 21.6  mpc   5.6 ms  err 0.28
[136/200] speed=6 S1  FN_SAFE_20  seed 36  goal      clr  0.79  t  17.0  inf  86  N 20.4  mpc   5.3 ms  err 0.35
[137/200] speed=6 S1  FN_SAFE_20  seed 37  goal      clr  0.58  t  13.1  inf  77  N 20.9  mpc   5.3 ms  err 0.23
[138/200] speed=6 S1  FN_SAFE_20  seed 38  goal      clr  0.48  t  14.6  inf  94  N 21.5  mpc   5.8 ms  err 0.20
[139/200] speed=6 S1  FN_SAFE_20  seed 39  goal      clr  0.59  t  13.0  inf  85  N 20.2  mpc   5.2 ms  err 0.15
[140/200] speed=6 S1  FN_SAFE_20  seed 40  goal      clr  0.61  t  13.8  inf  84  N 21.2  mpc   5.4 ms  err 0.28
[141/200] speed=6 S1  FN_SAFE_20  seed 41  goal      clr  0.59  t  17.7  inf  94  N 20.7  mpc   5.6 ms  err 0.17
[142/200] speed=6 S1  FN_SAFE_20  seed 42  goal      clr  0.48  t  14.1  inf  87  N 21.2  mpc   5.6 ms  err 0.24
[143/200] speed=6 S1  FN_SAFE_20  seed 43  goal      clr  0.41  t  13.9  inf  88  N 21.7  mpc   5.8 ms  err 0.21
[144/200] speed=6 S1  FN_SAFE_20  seed 44  goal      clr  0.42  t  13.7  inf  86  N 21.8  mpc   5.8 ms  err 0.20
[145/200] speed=6 S1  FN_SAFE_20  seed 45  goal      clr  0.47  t  13.8  inf  88  N 21.7  mpc   5.6 ms  err 0.34
[146/200] speed=6 S1  FN_SAFE_20  seed 46  goal      clr  0.60  t  12.7  inf  83  N 20.3  mpc   5.2 ms  err 0.17
[147/200] speed=6 S1  FN_SAFE_20  seed 47  goal      clr  0.64  t  13.0  inf  73  N 20.7  mpc   5.4 ms  err 0.22
[148/200] speed=6 S1  FN_SAFE_20  seed 48  goal      clr  0.49  t  14.1  inf  94  N 21.9  mpc   5.8 ms  err 0.27
[149/200] speed=6 S1  FN_SAFE_20  seed 49  goal      clr  0.62  t  12.6  inf  80  N 21.1  mpc   5.4 ms  err 0.20
[150/200] speed=6 S1  FN_SAFE_20  seed 50  goal      clr  0.71  t  12.8  inf  88  N 21.5  mpc   5.2 ms  err 0.18
[151/200] speed=6 S1  FN_SAFE_30  seed  1  goal      clr  0.42  t  13.7  inf  86  N 30.0  mpc   7.7 ms  err 0.20
[152/200] speed=6 S1  FN_SAFE_30  seed  2  goal      clr  0.40  t  14.2  inf  83  N 30.0  mpc   8.2 ms  err 0.24
[153/200] speed=6 S1  FN_SAFE_30  seed  3  goal      clr  0.51  t  14.3  inf  94  N 30.0  mpc   8.1 ms  err 0.19
[154/200] speed=6 S1  FN_SAFE_30  seed  4  goal      clr  0.51  t  13.4  inf  82  N 30.0  mpc   8.2 ms  err 0.25
[155/200] speed=6 S1  FN_SAFE_30  seed  5  goal      clr  0.52  t  14.2  inf  86  N 30.0  mpc   8.3 ms  err 0.23
[156/200] speed=6 S1  FN_SAFE_30  seed  6  goal      clr  0.66  t  12.8  inf  78  N 30.0  mpc   8.0 ms  err 0.15
[157/200] speed=6 S1  FN_SAFE_30  seed  7  goal      clr  0.50  t  13.8  inf  76  N 30.0  mpc   8.3 ms  err 0.18
[158/200] speed=6 S1  FN_SAFE_30  seed  8  goal      clr  0.62  t  12.9  inf  86  N 30.0  mpc   8.0 ms  err 0.20
[159/200] speed=6 S1  FN_SAFE_30  seed  9  goal      clr  0.40  t  14.7  inf  81  N 30.0  mpc   8.0 ms  err 0.43
[160/200] speed=6 S1  FN_SAFE_30  seed 10  goal      clr  0.29  t  14.8  inf  93  N 30.0  mpc   8.3 ms  err 0.25
[161/200] speed=6 S1  FN_SAFE_30  seed 11  goal      clr  0.70  t  12.6  inf  75  N 30.0  mpc   8.0 ms  err 0.21
[162/200] speed=6 S1  FN_SAFE_30  seed 12  goal      clr  0.70  t  13.3  inf  87  N 30.0  mpc   8.1 ms  err 0.21
[163/200] speed=6 S1  FN_SAFE_30  seed 13  goal      clr  0.61  t  12.8  inf  80  N 30.0  mpc   8.0 ms  err 0.13
[164/200] speed=6 S1  FN_SAFE_30  seed 14  goal      clr  0.54  t  17.4  inf 110  N 30.0  mpc   8.9 ms  err 0.31
[165/200] speed=6 S1  FN_SAFE_30  seed 15  goal      clr  0.55  t  13.7  inf  82  N 30.0  mpc   8.5 ms  err 0.37
[166/200] speed=6 S1  FN_SAFE_30  seed 16  goal      clr  0.72  t  12.5  inf  72  N 30.0  mpc   8.0 ms  err 0.24
[167/200] speed=6 S1  FN_SAFE_30  seed 17  goal      clr  0.67  t  13.0  inf  81  N 30.0  mpc   8.2 ms  err 0.25
[168/200] speed=6 S1  FN_SAFE_30  seed 18  goal      clr  0.59  t  13.4  inf  84  N 30.0  mpc   8.2 ms  err 0.30
[169/200] speed=6 S1  FN_SAFE_30  seed 19  goal      clr  0.53  t  15.3  inf 104  N 30.0  mpc   8.8 ms  err 0.24
[170/200] speed=6 S1  FN_SAFE_30  seed 20  goal      clr  0.62  t  12.9  inf  72  N 30.0  mpc   8.1 ms  err 0.34
[171/200] speed=6 S1  FN_SAFE_30  seed 21  goal      clr  0.82  t  12.8  inf  70  N 30.0  mpc   8.1 ms  err 0.18
[172/200] speed=6 S1  FN_SAFE_30  seed 22  goal      clr  0.65  t  13.0  inf  82  N 30.0  mpc   8.1 ms  err 0.28
[173/200] speed=6 S1  FN_SAFE_30  seed 23  goal      clr  0.49  t  13.9  inf  93  N 30.0  mpc   8.1 ms  err 0.24
[174/200] speed=6 S1  FN_SAFE_30  seed 24  goal      clr  0.36  t  13.7  inf  82  N 30.0  mpc   7.3 ms  err 0.28
[175/200] speed=6 S1  FN_SAFE_30  seed 25  goal      clr  0.62  t  13.4  inf  78  N 30.0  mpc   7.7 ms  err 0.19
[176/200] speed=6 S1  FN_SAFE_30  seed 26  goal      clr  0.49  t  13.1  inf  78  N 30.0  mpc   7.9 ms  err 0.23
[177/200] speed=6 S1  FN_SAFE_30  seed 27  goal      clr  0.53  t  13.0  inf  82  N 30.0  mpc   8.2 ms  err 0.11
[178/200] speed=6 S1  FN_SAFE_30  seed 28  goal      clr  0.73  t  12.4  inf  76  N 30.0  mpc   7.7 ms  err 0.23
[179/200] speed=6 S1  FN_SAFE_30  seed 29  goal      clr  0.62  t  12.6  inf  87  N 30.0  mpc   8.0 ms  err 0.23
[180/200] speed=6 S1  FN_SAFE_30  seed 30  goal      clr  0.67  t  13.2  inf  76  N 30.0  mpc   8.3 ms  err 0.23
[181/200] speed=6 S1  FN_SAFE_30  seed 31  goal      clr  0.65  t  13.1  inf  79  N 30.0  mpc   8.3 ms  err 0.15
[182/200] speed=6 S1  FN_SAFE_30  seed 32  goal      clr  0.62  t  13.2  inf  77  N 30.0  mpc   8.4 ms  err 0.22
[183/200] speed=6 S1  FN_SAFE_30  seed 33  goal      clr  0.78  t  12.5  inf  79  N 30.0  mpc   8.3 ms  err 0.15
[184/200] speed=6 S1  FN_SAFE_30  seed 34  goal      clr  0.46  t  13.3  inf  86  N 30.0  mpc   8.2 ms  err 0.28
[185/200] speed=6 S1  FN_SAFE_30  seed 35  goal      clr  0.77  t  12.5  inf  82  N 30.0  mpc   8.0 ms  err 0.33
[186/200] speed=6 S1  FN_SAFE_30  seed 36  goal      clr  0.45  t  13.9  inf  90  N 30.0  mpc   8.3 ms  err 0.22
[187/200] speed=6 S1  FN_SAFE_30  seed 37  goal      clr  0.63  t  12.9  inf  81  N 30.0  mpc   8.2 ms  err 0.25
[188/200] speed=6 S1  FN_SAFE_30  seed 38  goal      clr  0.55  t  13.4  inf  92  N 30.0  mpc   8.1 ms  err 0.19
[189/200] speed=6 S1  FN_SAFE_30  seed 39  goal      clr  0.59  t  13.4  inf  84  N 30.0  mpc   8.1 ms  err 0.12
[190/200] speed=6 S1  FN_SAFE_30  seed 40  goal      clr  0.63  t  13.9  inf  90  N 30.0  mpc   8.0 ms  err 0.26
[191/200] speed=6 S1  FN_SAFE_30  seed 41  goal      clr  0.52  t  14.7  inf  98  N 30.0  mpc   8.3 ms  err 0.19
[192/200] speed=6 S1  FN_SAFE_30  seed 42  goal      clr  0.35  t  14.3  inf  85  N 30.0  mpc   8.6 ms  err 0.30
[193/200] speed=6 S1  FN_SAFE_30  seed 43  goal      clr  0.64  t  13.6  inf  80  N 30.0  mpc   8.5 ms  err 0.27
[194/200] speed=6 S1  FN_SAFE_30  seed 44  goal      clr  0.44  t  14.4  inf  89  N 30.0  mpc   8.5 ms  err 0.34
[195/200] speed=6 S1  FN_SAFE_30  seed 45  goal      clr  0.48  t  14.5  inf  90  N 30.0  mpc   8.6 ms  err 0.29
[196/200] speed=6 S1  FN_SAFE_30  seed 46  goal      clr  0.57  t  12.9  inf  76  N 30.0  mpc   8.4 ms  err 0.23
[197/200] speed=6 S1  FN_SAFE_30  seed 47  goal      clr  0.66  t  13.0  inf  75  N 30.0  mpc   8.2 ms  err 0.19
[198/200] speed=6 S1  FN_SAFE_30  seed 48  goal      clr  0.48  t  13.8  inf  86  N 30.0  mpc   8.1 ms  err 0.26
[199/200] speed=6 S1  FN_SAFE_30  seed 49  goal      clr  0.62  t  12.6  inf  82  N 30.0  mpc   7.7 ms  err 0.14
[200/200] speed=6 S1  FN_SAFE_30  seed 50  goal      clr  0.70  t  13.4  inf  87  N 30.0  mpc   7.9 ms  err 0.29
