[  1/200] speed=3 S1  E_DART      seed  1  goal      clr  0.54  t  17.5  inf  62  N 25.3  mpc   7.9 ms  err 0.23
[  2/200] speed=3 S1  E_DART      seed  2  goal      clr  0.52  t  18.1  inf  59  N 24.6  mpc   7.3 ms  err 0.29
[  3/200] speed=3 S1  E_DART      seed  3  goal      clr  0.38  t  21.6  inf  92  N 23.6  mpc   6.1 ms  err 0.45
[  4/200] speed=3 S1  E_DART      seed  4  goal      clr  0.67  t  17.5  inf  54  N 24.3  mpc   5.7 ms  err 0.17
[  5/200] speed=3 S1  E_DART      seed  5  goal      clr  0.46  t  23.1  inf 105  N 23.1  mpc   5.5 ms  err 0.29
[  6/200] speed=3 S1  E_DART      seed  6  goal      clr  0.51  t  17.5  inf  54  N 24.5  mpc   5.6 ms  err 0.23
[  7/200] speed=3 S1  E_DART      seed  7  goal      clr  0.48  t  17.4  inf  57  N 24.8  mpc   5.9 ms  err 0.26
[  8/200] speed=3 S1  E_DART      seed  8  goal      clr  0.64  t  19.0  inf  55  N 24.4  mpc   5.8 ms  err 0.19
[  9/200] speed=3 S1  E_DART      seed  9  goal      clr  0.52  t  17.5  inf  52  N 24.5  mpc   5.7 ms  err 0.23
[ 10/200] speed=3 S1  E_DART      seed 10  goal      clr  0.46  t  18.2  inf  58  N 24.4  mpc   5.8 ms  err 0.17
[ 11/200] speed=3 S1  E_DART      seed 11  goal      clr  0.53  t  17.6  inf  50  N 24.4  mpc   5.9 ms  err 0.24
[ 12/200] speed=3 S1  E_DART      seed 12  goal      clr  0.54  t  17.9  inf  67  N 25.5  mpc   6.3 ms  err 0.40
[ 13/200] speed=3 S1  E_DART      seed 13  goal      clr  0.56  t  17.6  inf  60  N 25.0  mpc   6.1 ms  err 0.25
[ 14/200] speed=3 S1  E_DART      seed 14  goal      clr  0.55  t  19.4  inf  66  N 25.2  mpc   6.6 ms  err 0.23
[ 15/200] speed=3 S1  E_DART      seed 15  timeout   clr  0.55  t  40.0  inf 128  N 23.2  mpc   6.5 ms  err 0.40
[ 16/200] speed=3 S1  E_DART      seed 16  goal      clr  0.64  t  18.5  inf  44  N 23.7  mpc   5.9 ms  err 0.20
[ 17/200] speed=3 S1  E_DART      seed 17  goal      clr  0.61  t  17.4  inf  47  N 23.6  mpc   5.6 ms  err 0.16
[ 18/200] speed=3 S1  E_DART      seed 18  goal      clr  0.54  t  18.1  inf  63  N 25.0  mpc   6.2 ms  err 0.30
[ 19/200] speed=3 S1  E_DART      seed 19  goal      clr  0.55  t  18.9  inf  77  N 25.7  mpc   6.9 ms  err 0.20
[ 20/200] speed=3 S1  E_DART      seed 20  goal      clr  0.47  t  17.6  inf  51  N 23.9  mpc   5.5 ms  err 0.26
[ 21/200] speed=3 S1  E_DART      seed 21  goal      clr  0.63  t  18.3  inf  50  N 25.1  mpc   6.0 ms  err 0.14
[ 22/200] speed=3 S1  E_DART      seed 22  goal      clr  0.53  t  17.4  inf  59  N 24.1  mpc   5.9 ms  err 0.29
[ 23/200] speed=3 S1  E_DART      seed 23  goal      clr  0.56  t  17.9  inf  62  N 23.8  mpc   5.8 ms  err 0.28
[ 24/200] speed=3 S1  E_DART      seed 24  goal      clr  0.51  t  17.9  inf  52  N 24.6  mpc   5.9 ms  err 0.26
[ 25/200] speed=3 S1  E_DART      seed 25  goal      clr  0.49  t  17.7  inf  63  N 25.0  mpc   6.2 ms  err 0.24
[ 26/200] speed=3 S1  E_DART      seed 26  goal      clr  0.51  t  17.7  inf  52  N 24.0  mpc   5.9 ms  err 0.18
[ 27/200] speed=3 S1  E_DART      seed 27  goal      clr  0.53  t  18.1  inf  63  N 24.8  mpc   6.1 ms  err 0.11
[ 28/200] speed=3 S1  E_DART      seed 28  goal      clr  0.57  t  17.5  inf  50  N 25.2  mpc   6.0 ms  err 0.33
[ 29/200] speed=3 S1  E_DART      seed 29  goal      clr  0.46  t  18.6  inf  65  N 25.1  mpc   6.4 ms  err 0.34
[ 30/200] speed=3 S1  E_DART      seed 30  goal      clr  0.64  t  18.0  inf  57  N 24.4  mpc   6.0 ms  err 0.32
[ 31/200] speed=3 S1  E_DART      seed 31  goal      clr  0.51  t  18.0  inf  63  N 24.7  mpc   6.5 ms  err 0.21
[ 32/200] speed=3 S1  E_DART      seed 32  goal      clr  0.58  t  17.8  inf  70  N 25.1  mpc   6.1 ms  err 0.32
[ 33/200] speed=3 S1  E_DART      seed 33  goal      clr  0.59  t  17.8  inf  62  N 24.4  mpc   5.9 ms  err 0.23
[ 34/200] speed=3 S1  E_DART      seed 34  timeout   clr  0.54  t  40.0  inf 116  N 16.8  mpc   4.4 ms  err 0.71
[ 35/200] speed=3 S1  E_DART      seed 35  goal      clr  0.59  t  22.3  inf  72  N 23.8  mpc   6.1 ms  err 0.65
[ 36/200] speed=3 S1  E_DART      seed 36  goal      clr  0.50  t  18.6  inf  61  N 24.6  mpc   5.8 ms  err 0.18
[ 37/200] speed=3 S1  E_DART      seed 37  goal      clr  0.50  t  18.4  inf  68  N 23.6  mpc   6.1 ms  err 0.21
[ 38/200] speed=3 S1  E_DART      seed 38  goal      clr  0.58  t  18.5  inf  70  N 25.5  mpc   6.5 ms  err 0.22
[ 39/200] speed=3 S1  E_DART      seed 39  goal      clr  0.54  t  18.1  inf  70  N 25.4  mpc   6.5 ms  err 0.29
[ 40/200] speed=3 S1  E_DART      seed 40  goal      clr  0.53  t  18.1  inf  56  N 24.7  mpc   5.9 ms  err 0.31
[ 41/200] speed=3 S1  E_DART      seed 41  goal      clr  0.58  t  23.1  inf  65  N 23.2  mpc   5.9 ms  err 0.16
[ 42/200] speed=3 S1  E_DART      seed 42  goal      clr  0.60  t  24.0  inf  64  N 24.5  mpc   6.3 ms  err 0.41
[ 43/200] speed=3 S1  E_DART      seed 43  goal      clr  0.50  t  20.2  inf  63  N 25.0  mpc   6.4 ms  err 0.20
[ 44/200] speed=3 S1  E_DART      seed 44  goal      clr  0.57  t  17.5  inf  48  N 24.2  mpc   5.8 ms  err 0.23
[ 45/200] speed=3 S1  E_DART      seed 45  goal      clr  0.47  t  20.6  inf  79  N 24.8  mpc   6.2 ms  err 0.22
[ 46/200] speed=3 S1  E_DART      seed 46  goal      clr  0.52  t  17.8  inf  57  N 25.5  mpc   6.0 ms  err 0.23
[ 47/200] speed=3 S1  E_DART      seed 47  goal      clr  0.45  t  18.6  inf  55  N 23.8  mpc   5.8 ms  err 0.21
[ 48/200] speed=3 S1  E_DART      seed 48  goal      clr  0.53  t  17.5  inf  63  N 25.1  mpc   6.4 ms  err 0.25
[ 49/200] speed=3 S1  E_DART      seed 49  goal      clr  0.61  t  17.6  inf  55  N 25.0  mpc   6.2 ms  err 0.28
[ 50/200] speed=3 S1  E_DART      seed 50  goal      clr  0.39  t  18.1  inf  67  N 25.5  mpc   6.5 ms  err 0.24
[ 51/200] speed=3 S1  FN_SAFE_15  seed  1  goal      clr  0.49  t  17.4  inf  63  N 15.0  mpc   3.1 ms  err 0.19
[ 52/200] speed=3 S1  FN_SAFE_15  seed  2  goal      clr  0.54  t  22.9  inf  67  N 15.0  mpc   3.2 ms  err 0.33
[ 53/200] speed=3 S1  FN_SAFE_15  seed  3  goal      clr  0.45  t  24.7  inf  81  N 15.7  mpc   3.6 ms  err 0.41
[ 54/200] speed=3 S1  FN_SAFE_15  seed  4  goal      clr  0.60  t  17.6  inf  57  N 15.0  mpc   3.1 ms  err 0.12
[ 55/200] speed=3 S1  FN_SAFE_15  seed  5  goal      clr  0.51  t  28.5  inf 102  N 15.0  mpc   3.3 ms  err 0.38
[ 56/200] speed=3 S1  FN_SAFE_15  seed  6  goal      clr  0.51  t  17.4  inf  56  N 15.0  mpc   3.1 ms  err 0.17
[ 57/200] speed=3 S1  FN_SAFE_15  seed  7  goal      clr  0.53  t  17.6  inf  63  N 15.4  mpc   3.3 ms  err 0.26
[ 58/200] speed=3 S1  FN_SAFE_15  seed  8  goal      clr  0.55  t  18.3  inf  71  N 15.6  mpc   3.3 ms  err 0.23
[ 59/200] speed=3 S1  FN_SAFE_15  seed  9  goal      clr  0.56  t  17.7  inf  59  N 15.0  mpc   3.1 ms  err 0.19
[ 60/200] speed=3 S1  FN_SAFE_15  seed 10  goal      clr  0.51  t  18.2  inf  62  N 15.0  mpc   3.1 ms  err 0.30
[ 61/200] speed=3 S1  FN_SAFE_15  seed 11  goal      clr  0.50  t  17.3  inf  52  N 15.0  mpc   3.1 ms  err 0.26
[ 62/200] speed=3 S1  FN_SAFE_15  seed 12  goal      clr  0.52  t  17.5  inf  70  N 15.0  mpc   3.1 ms  err 0.18
[ 63/200] speed=3 S1  FN_SAFE_15  seed 13  goal      clr  0.48  t  17.5  inf  62  N 15.0  mpc   3.1 ms  err 0.21
[ 64/200] speed=3 S1  FN_SAFE_15  seed 14  goal      clr  0.49  t  18.8  inf  62  N 15.0  mpc   3.1 ms  err 0.21
[ 65/200] speed=3 S1  FN_SAFE_15  seed 15  goal      clr  0.47  t  20.0  inf  76  N 15.0  mpc   3.2 ms  err 0.23
[ 66/200] speed=3 S1  FN_SAFE_15  seed 16  goal      clr  0.45  t  19.7  inf  60  N 15.7  mpc   3.4 ms  err 0.46
[ 67/200] speed=3 S1  FN_SAFE_15  seed 17  goal      clr  0.54  t  17.5  inf  51  N 15.0  mpc   3.1 ms  err 0.19
[ 68/200] speed=3 S1  FN_SAFE_15  seed 18  goal      clr  0.57  t  17.7  inf  67  N 15.0  mpc   3.2 ms  err 0.20
[ 69/200] speed=3 S1  FN_SAFE_15  seed 19  goal      clr  0.51  t  18.3  inf  79  N 15.4  mpc   3.3 ms  err 0.17
[ 70/200] speed=3 S1  FN_SAFE_15  seed 20  goal      clr  0.50  t  18.2  inf  59  N 15.6  mpc   3.2 ms  err 0.28
[ 71/200] speed=3 S1  FN_SAFE_15  seed 21  goal      clr  0.62  t  17.6  inf  55  N 15.0  mpc   3.1 ms  err 0.18
[ 72/200] speed=3 S1  FN_SAFE_15  seed 22  goal      clr  0.53  t  17.2  inf  58  N 15.0  mpc   3.0 ms  err 0.24
[ 73/200] speed=3 S1  FN_SAFE_15  seed 23  goal      clr  0.61  t  17.9  inf  67  N 15.0  mpc   3.1 ms  err 0.19
[ 74/200] speed=3 S1  FN_SAFE_15  seed 24  goal      clr  0.51  t  17.0  inf  50  N 15.0  mpc   3.0 ms  err 0.22
[ 75/200] speed=3 S1  FN_SAFE_15  seed 25  goal      clr  0.52  t  17.4  inf  62  N 15.0  mpc   3.0 ms  err 0.24
[ 76/200] speed=3 S1  FN_SAFE_15  seed 26  goal      clr  0.42  t  17.8  inf  59  N 15.0  mpc   3.1 ms  err 0.18
[ 77/200] speed=3 S1  FN_SAFE_15  seed 27  goal      clr  0.55  t  17.8  inf  69  N 15.0  mpc   3.3 ms  err 0.14
[ 78/200] speed=3 S1  FN_SAFE_15  seed 28  goal      clr  0.46  t  17.5  inf  58  N 15.0  mpc   3.2 ms  err 0.29
[ 79/200] speed=3 S1  FN_SAFE_15  seed 29  goal      clr  0.44  t  23.4  inf  94  N 15.9  mpc   3.6 ms  err 0.34
[ 80/200] speed=3 S1  FN_SAFE_15  seed 30  goal      clr  0.60  t  17.4  inf  59  N 15.0  mpc   3.0 ms  err 0.28
[ 81/200] speed=3 S1  FN_SAFE_15  seed 31  goal      clr  0.51  t  17.8  inf  66  N 15.0  mpc   3.1 ms  err 0.15
[ 82/200] speed=3 S1  FN_SAFE_15  seed 32  goal      clr  0.60  t  18.0  inf  71  N 15.0  mpc   3.2 ms  err 0.18
[ 83/200] speed=3 S1  FN_SAFE_15  seed 33  goal      clr  0.53  t  17.3  inf  62  N 15.0  mpc   3.1 ms  err 0.20
[ 84/200] speed=3 S1  FN_SAFE_15  seed 34  goal      clr  0.48  t  25.4  inf 128  N 15.0  mpc   3.2 ms  err 0.36
[ 85/200] speed=3 S1  FN_SAFE_15  seed 35  goal      clr  0.46  t  17.9  inf  64  N 15.0  mpc   3.1 ms  err 0.21
[ 86/200] speed=3 S1  FN_SAFE_15  seed 36  goal      clr  0.58  t  18.2  inf  68  N 15.0  mpc   3.1 ms  err 0.28
[ 87/200] speed=3 S1  FN_SAFE_15  seed 37  goal      clr  0.47  t  18.7  inf  63  N 15.2  mpc   3.2 ms  err 0.30
[ 88/200] speed=3 S1  FN_SAFE_15  seed 38  goal      clr  0.58  t  18.2  inf  64  N 15.0  mpc   3.1 ms  err 0.26
[ 89/200] speed=3 S1  FN_SAFE_15  seed 39  goal      clr  0.46  t  18.3  inf  75  N 15.0  mpc   3.2 ms  err 0.16
[ 90/200] speed=3 S1  FN_SAFE_15  seed 40  goal      clr  0.50  t  17.7  inf  56  N 15.0  mpc   3.1 ms  err 0.35
[ 91/200] speed=3 S1  FN_SAFE_15  seed 41  goal      clr  0.48  t  18.3  inf  74  N 15.0  mpc   3.2 ms  err 0.15
[ 92/200] speed=3 S1  FN_SAFE_15  seed 42  goal      clr  0.49  t  22.3  inf  62  N 15.0  mpc   3.1 ms  err 0.35
[ 93/200] speed=3 S1  FN_SAFE_15  seed 43  goal      clr  0.46  t  20.3  inf  65  N 15.0  mpc   3.2 ms  err 0.16
[ 94/200] speed=3 S1  FN_SAFE_15  seed 44  goal      clr  0.56  t  17.2  inf  54  N 15.0  mpc   3.1 ms  err 0.18
[ 95/200] speed=3 S1  FN_SAFE_15  seed 45  goal      clr  0.42  t  19.4  inf  80  N 15.0  mpc   3.2 ms  err 0.23
[ 96/200] speed=3 S1  FN_SAFE_15  seed 46  goal      clr  0.52  t  18.3  inf  69  N 15.2  mpc   3.2 ms  err 0.17
[ 97/200] speed=3 S1  FN_SAFE_15  seed 47  goal      clr  0.53  t  19.4  inf  53  N 15.0  mpc   3.1 ms  err 0.21
[ 98/200] speed=3 S1  FN_SAFE_15  seed 48  goal      clr  0.51  t  18.6  inf  85  N 16.0  mpc   3.4 ms  err 0.28
[ 99/200] speed=3 S1  FN_SAFE_15  seed 49  goal      clr  0.57  t  18.3  inf  53  N 15.0  mpc   3.1 ms  err 0.18
[100/200] speed=3 S1  FN_SAFE_15  seed 50  goal      clr  0.49  t  17.8  inf  67  N 15.0  mpc   3.1 ms  err 0.16
[101/200] speed=3 S1  FN_SAFE_20  seed  1  goal      clr  0.51  t  17.7  inf  67  N 20.2  mpc   4.4 ms  err 0.24
[102/200] speed=3 S1  FN_SAFE_20  seed  2  goal      clr  0.52  t  18.1  inf  59  N 20.0  mpc   4.3 ms  err 0.24
[103/200] speed=3 S1  FN_SAFE_20  seed  3  goal      clr  0.54  t  22.3  inf  97  N 20.8  mpc   4.9 ms  err 0.19
[104/200] speed=3 S1  FN_SAFE_20  seed  4  goal      clr  0.53  t  17.9  inf  51  N 20.0  mpc   4.3 ms  err 0.13
[105/200] speed=3 S1  FN_SAFE_20  seed  5  goal      clr  0.56  t  18.4  inf  57  N 20.0  mpc   4.2 ms  err 0.39
[106/200] speed=3 S1  FN_SAFE_20  seed  6  goal      clr  0.53  t  17.4  inf  55  N 20.0  mpc   4.1 ms  err 0.20
[107/200] speed=3 S1  FN_SAFE_20  seed  7  goal      clr  0.57  t  25.5  inf 106  N 20.1  mpc   4.5 ms  err 0.43
[108/200] speed=3 S1  FN_SAFE_20  seed  8  goal      clr  0.38  t  18.5  inf  67  N 21.0  mpc   4.7 ms  err 0.51
[109/200] speed=3 S1  FN_SAFE_20  seed  9  goal      clr  0.52  t  17.7  inf  53  N 20.0  mpc   4.2 ms  err 0.18
[110/200] speed=3 S1  FN_SAFE_20  seed 10  goal      clr  0.54  t  17.8  inf  59  N 20.0  mpc   4.3 ms  err 0.27
[111/200] speed=3 S1  FN_SAFE_20  seed 11  goal      clr  0.59  t  18.0  inf  49  N 20.0  mpc   4.1 ms  err 0.18
[112/200] speed=3 S1  FN_SAFE_20  seed 12  goal      clr  0.51  t  17.6  inf  70  N 20.0  mpc   4.2 ms  err 0.17
[113/200] speed=3 S1  FN_SAFE_20  seed 13  goal      clr  0.53  t  17.5  inf  59  N 20.0  mpc   4.1 ms  err 0.21
[114/200] speed=3 S1  FN_SAFE_20  seed 14  goal      clr  0.56  t  18.3  inf  66  N 20.2  mpc   4.5 ms  err 0.23
[115/200] speed=3 S1  FN_SAFE_20  seed 15  goal      clr  0.59  t  21.8  inf  64  N 20.0  mpc   4.3 ms  err 0.39
[116/200] speed=3 S1  FN_SAFE_20  seed 16  goal      clr  0.70  t  17.4  inf  46  N 20.0  mpc   4.1 ms  err 0.20
[117/200] speed=3 S1  FN_SAFE_20  seed 17  goal      clr  0.59  t  17.6  inf  52  N 20.0  mpc   4.1 ms  err 0.20
[118/200] speed=3 S1  FN_SAFE_20  seed 18  goal      clr  0.60  t  17.7  inf  62  N 20.0  mpc   4.3 ms  err 0.26
[119/200] speed=3 S1  FN_SAFE_20  seed 19  goal      clr  0.51  t  18.5  inf  73  N 20.4  mpc   4.5 ms  err 0.17
[120/200] speed=3 S1  FN_SAFE_20  seed 20  goal      clr  0.48  t  17.8  inf  52  N 20.2  mpc   4.2 ms  err 0.24
[121/200] speed=3 S1  FN_SAFE_20  seed 21  goal      clr  0.62  t  17.7  inf  54  N 20.0  mpc   4.2 ms  err 0.14
[122/200] speed=3 S1  FN_SAFE_20  seed 22  goal      clr  0.56  t  17.3  inf  54  N 20.0  mpc   4.2 ms  err 0.17
[123/200] speed=3 S1  FN_SAFE_20  seed 23  goal      clr  0.50  t  18.4  inf  77  N 21.1  mpc   4.7 ms  err 0.24
[124/200] speed=3 S1  FN_SAFE_20  seed 24  goal      clr  0.48  t  17.2  inf  49  N 20.0  mpc   4.0 ms  err 0.23
[125/200] speed=3 S1  FN_SAFE_20  seed 25  goal      clr  0.55  t  17.7  inf  67  N 20.0  mpc   4.2 ms  err 0.18
[126/200] speed=3 S1  FN_SAFE_20  seed 26  goal      clr  0.52  t  17.7  inf  56  N 20.0  mpc   4.3 ms  err 0.13
[127/200] speed=3 S1  FN_SAFE_20  seed 27  goal      clr  0.50  t  17.7  inf  61  N 20.0  mpc   4.2 ms  err 0.13
[128/200] speed=3 S1  FN_SAFE_20  seed 28  goal      clr  0.49  t  17.4  inf  53  N 20.0  mpc   4.3 ms  err 0.25
[129/200] speed=3 S1  FN_SAFE_20  seed 29  goal      clr  0.47  t  18.4  inf  70  N 20.0  mpc   4.4 ms  err 0.33
[130/200] speed=3 S1  FN_SAFE_20  seed 30  goal      clr  0.56  t  17.7  inf  63  N 20.0  mpc   4.3 ms  err 0.29
[131/200] speed=3 S1  FN_SAFE_20  seed 31  goal      clr  0.52  t  17.9  inf  63  N 20.0  mpc   4.2 ms  err 0.17
[132/200] speed=3 S1  FN_SAFE_20  seed 32  goal      clr  0.62  t  18.0  inf  69  N 20.0  mpc   4.3 ms  err 0.26
[133/200] speed=3 S1  FN_SAFE_20  seed 33  goal      clr  0.59  t  17.7  inf  61  N 20.0  mpc   4.2 ms  err 0.16
[134/200] speed=3 S1  FN_SAFE_20  seed 34  goal      clr  0.55  t  17.8  inf  61  N 20.0  mpc   4.3 ms  err 0.23
[135/200] speed=3 S1  FN_SAFE_20  seed 35  goal      clr  0.52  t  17.9  inf  62  N 20.0  mpc   4.2 ms  err 0.22
[136/200] speed=3 S1  FN_SAFE_20  seed 36  goal      clr  0.51  t  18.1  inf  60  N 20.0  mpc   4.2 ms  err 0.26
[137/200] speed=3 S1  FN_SAFE_20  seed 37  goal      clr  0.53  t  20.2  inf  56  N 20.0  mpc   4.4 ms  err 0.21
[138/200] speed=3 S1  FN_SAFE_20  seed 38  goal      clr  0.59  t  18.1  inf  65  N 20.0  mpc   4.3 ms  err 0.26
[139/200] speed=3 S1  FN_SAFE_20  seed 39  goal      clr  0.51  t  18.3  inf  68  N 20.0  mpc   4.3 ms  err 0.21
[140/200] speed=3 S1  FN_SAFE_20  seed 40  goal      clr  0.52  t  18.0  inf  53  N 20.0  mpc   4.1 ms  err 0.29
[141/200] speed=3 S1  FN_SAFE_20  seed 41  goal      clr  0.56  t  25.5  inf  66  N 20.0  mpc   4.5 ms  err 0.16
[142/200] speed=3 S1  FN_SAFE_20  seed 42  goal      clr  0.60  t  18.1  inf  57  N 20.0  mpc   4.2 ms  err 0.28
[143/200] speed=3 S1  FN_SAFE_20  seed 43  goal      clr  0.54  t  18.5  inf  63  N 20.0  mpc   4.3 ms  err 0.18
[144/200] speed=3 S1  FN_SAFE_20  seed 44  goal      clr  0.58  t  17.4  inf  50  N 20.0  mpc   4.2 ms  err 0.21
[145/200] speed=3 S1  FN_SAFE_20  seed 45  goal      clr  0.41  t  18.2  inf  73  N 20.0  mpc   4.4 ms  err 0.33
[146/200] speed=3 S1  FN_SAFE_20  seed 46  goal      clr  0.53  t  17.8  inf  61  N 20.0  mpc   4.2 ms  err 0.24
[147/200] speed=3 S1  FN_SAFE_20  seed 47  goal      clr  0.56  t  18.1  inf  53  N 20.0  mpc   4.2 ms  err 0.37
[148/200] speed=3 S1  FN_SAFE_20  seed 48  goal      clr  0.57  t  18.5  inf  70  N 20.3  mpc   4.4 ms  err 0.24
[149/200] speed=3 S1  FN_SAFE_20  seed 49  goal      clr  0.51  t  25.2  inf  97  N 20.0  mpc   4.4 ms  err 0.50
[150/200] speed=3 S1  FN_SAFE_20  seed 50  goal      clr  0.54  t  17.7  inf  61  N 20.0  mpc   4.3 ms  err 0.18
[151/200] speed=3 S1  FN_SAFE_30  seed  1  goal      clr  0.48  t  17.5  inf  65  N 30.0  mpc   7.3 ms  err 0.25
[152/200] speed=3 S1  FN_SAFE_30  seed  2  goal      clr  0.59  t  18.0  inf  59  N 30.0  mpc   7.3 ms  err 0.30
[153/200] speed=3 S1  FN_SAFE_30  seed  3  goal      clr  0.54  t  31.7  inf 150  N 30.0  mpc   8.4 ms  err 0.22
[154/200] speed=3 S1  FN_SAFE_30  seed  4  goal      clr  0.51  t  17.8  inf  52  N 30.0  mpc   7.4 ms  err 0.22
[155/200] speed=3 S1  FN_SAFE_30  seed  5  goal      clr  0.47  t  27.4  inf 126  N 30.0  mpc   8.2 ms  err 0.37
[156/200] speed=3 S1  FN_SAFE_30  seed  6  goal      clr  0.51  t  17.5  inf  53  N 30.0  mpc   7.1 ms  err 0.19
[157/200] speed=3 S1  FN_SAFE_30  seed  7  goal      clr  0.43  t  17.8  inf  61  N 30.0  mpc   7.3 ms  err 0.33
[158/200] speed=3 S1  FN_SAFE_30  seed  8  goal      clr  0.55  t  18.4  inf  61  N 30.0  mpc   7.3 ms  err 0.16
[159/200] speed=3 S1  FN_SAFE_30  seed  9  goal      clr  0.59  t  17.5  inf  55  N 30.0  mpc   7.2 ms  err 0.25
[160/200] speed=3 S1  FN_SAFE_30  seed 10  goal      clr  0.49  t  18.4  inf  63  N 30.0  mpc   7.4 ms  err 0.20
[161/200] speed=3 S1  FN_SAFE_30  seed 11  goal      clr  0.67  t  17.7  inf  51  N 30.0  mpc   7.2 ms  err 0.26
[162/200] speed=3 S1  FN_SAFE_30  seed 12  goal      clr  0.59  t  17.1  inf  72  N 30.0  mpc   7.4 ms  err 0.25
[163/200] speed=3 S1  FN_SAFE_30  seed 13  goal      clr  0.55  t  17.5  inf  58  N 30.0  mpc   7.1 ms  err 0.19
[164/200] speed=3 S1  FN_SAFE_30  seed 14  goal      clr  0.45  t  17.4  inf  55  N 30.0  mpc   7.6 ms  err 0.25
[165/200] speed=3 S1  FN_SAFE_30  seed 15  goal      clr  0.44  t  24.8  inf  87  N 30.0  mpc   7.8 ms  err 0.46
[166/200] speed=3 S1  FN_SAFE_30  seed 16  goal      clr  0.72  t  17.5  inf  45  N 30.0  mpc   7.2 ms  err 0.24
[167/200] speed=3 S1  FN_SAFE_30  seed 17  goal      clr  0.64  t  22.5  inf  55  N 30.0  mpc   7.4 ms  err 0.39
[168/200] speed=3 S1  FN_SAFE_30  seed 18  goal      clr  0.64  t  17.5  inf  63  N 30.0  mpc   7.4 ms  err 0.25
[169/200] speed=3 S1  FN_SAFE_30  seed 19  goal      clr  0.51  t  18.3  inf  73  N 30.0  mpc   7.5 ms  err 0.17
[170/200] speed=3 S1  FN_SAFE_30  seed 20  goal      clr  0.50  t  17.6  inf  47  N 30.0  mpc   7.0 ms  err 0.25
[171/200] speed=3 S1  FN_SAFE_30  seed 21  goal      clr  0.62  t  18.1  inf  49  N 30.0  mpc   7.3 ms  err 0.16
[172/200] speed=3 S1  FN_SAFE_30  seed 22  goal      clr  0.54  t  17.2  inf  60  N 30.0  mpc   7.2 ms  err 0.19
[173/200] speed=3 S1  FN_SAFE_30  seed 23  goal      clr  0.44  t  17.9  inf  74  N 30.0  mpc   7.5 ms  err 0.34
[174/200] speed=3 S1  FN_SAFE_30  seed 24  goal      clr  0.57  t  31.9  inf  81  N 30.0  mpc   7.8 ms  err 0.18
[175/200] speed=3 S1  FN_SAFE_30  seed 25  goal      clr  0.56  t  18.0  inf  60  N 30.0  mpc   7.4 ms  err 0.28
[176/200] speed=3 S1  FN_SAFE_30  seed 26  goal      clr  0.54  t  17.6  inf  61  N 30.0  mpc   7.2 ms  err 0.36
[177/200] speed=3 S1  FN_SAFE_30  seed 27  goal      clr  0.54  t  17.7  inf  63  N 30.0  mpc   7.2 ms  err 0.15
[178/200] speed=3 S1  FN_SAFE_30  seed 28  goal      clr  0.56  t  17.4  inf  48  N 30.0  mpc   7.2 ms  err 0.31
[179/200] speed=3 S1  FN_SAFE_30  seed 29  goal      clr  0.62  t  20.5  inf  60  N 30.0  mpc   7.5 ms  err 0.20
[180/200] speed=3 S1  FN_SAFE_30  seed 30  goal      clr  0.64  t  17.5  inf  60  N 30.0  mpc   7.2 ms  err 0.32
[181/200] speed=3 S1  FN_SAFE_30  seed 31  goal      clr  0.51  t  17.9  inf  64  N 30.0  mpc   7.2 ms  err 0.20
[182/200] speed=3 S1  FN_SAFE_30  seed 32  goal      clr  0.59  t  18.2  inf  64  N 30.0  mpc   7.2 ms  err 0.19
[183/200] speed=3 S1  FN_SAFE_30  seed 33  goal      clr  0.59  t  18.1  inf  59  N 30.0  mpc   7.2 ms  err 0.15
[184/200] speed=3 S1  FN_SAFE_30  seed 34  goal      clr  0.60  t  17.8  inf  56  N 30.0  mpc   7.3 ms  err 0.19
[185/200] speed=3 S1  FN_SAFE_30  seed 35  goal      clr  0.55  t  17.7  inf  61  N 30.0  mpc   7.3 ms  err 0.41
[186/200] speed=3 S1  FN_SAFE_30  seed 36  goal      clr  0.48  t  28.6  inf 105  N 30.0  mpc   7.9 ms  err 0.49
[187/200] speed=3 S1  FN_SAFE_30  seed 37  goal      clr  0.48  t  17.9  inf  55  N 30.0  mpc   7.2 ms  err 0.23
[188/200] speed=3 S1  FN_SAFE_30  seed 38  goal      clr  0.44  t  18.9  inf  81  N 30.0  mpc   7.4 ms  err 0.24
[189/200] speed=3 S1  FN_SAFE_30  seed 39  goal      clr  0.50  t  17.9  inf  67  N 30.0  mpc   7.3 ms  err 0.38
[190/200] speed=3 S1  FN_SAFE_30  seed 40  timeout   clr  1.45  t  40.0  inf  56  N 30.0  mpc   8.7 ms  err 0.12
[191/200] speed=3 S1  FN_SAFE_30  seed 41  goal      clr  0.57  t  18.4  inf  58  N 30.0  mpc   7.3 ms  err 0.19
[192/200] speed=3 S1  FN_SAFE_30  seed 42  goal      clr  0.59  t  18.1  inf  55  N 30.0  mpc   7.3 ms  err 0.28
[193/200] speed=3 S1  FN_SAFE_30  seed 43  goal      clr  0.28  t  18.5  inf  58  N 30.0  mpc   7.4 ms  err 0.36
[194/200] speed=3 S1  FN_SAFE_30  seed 44  timeout   clr  0.48  t  40.0  inf 102  N 30.0  mpc   8.3 ms  err 0.39
[195/200] speed=3 S1  FN_SAFE_30  seed 45  goal      clr  0.49  t  27.0  inf 133  N 30.0  mpc   7.6 ms  err 0.33
[196/200] speed=3 S1  FN_SAFE_30  seed 46  goal      clr  0.54  t  17.6  inf  62  N 30.0  mpc   7.1 ms  err 0.22
[197/200] speed=3 S1  FN_SAFE_30  seed 47  goal      clr  0.46  t  18.9  inf  51  N 30.0  mpc   7.3 ms  err 0.24
[198/200] speed=3 S1  FN_SAFE_30  seed 48  goal      clr  0.53  t  26.3  inf 106  N 30.0  mpc   8.2 ms  err 0.31
[199/200] speed=3 S1  FN_SAFE_30  seed 49  goal      clr  0.63  t  18.0  inf  51  N 30.0  mpc   7.2 ms  err 0.20
[200/200] speed=3 S1  FN_SAFE_30  seed 50  goal      clr  0.50  t  17.8  inf  59  N 30.0  mpc   7.2 ms  err 0.23
