[  1/200] speed=4 S1  E_DART      seed  1  goal      clr  0.61  t  14.3  inf  78  N 25.8  mpc   9.2 ms  err 0.14
[  2/200] speed=4 S1  E_DART      seed  2  goal      clr  0.50  t  14.9  inf  74  N 25.3  mpc   7.2 ms  err 0.22
[  3/200] speed=4 S1  E_DART      seed  3  goal      clr  0.47  t  16.0  inf  94  N 25.9  mpc   7.1 ms  err 0.31
[  4/200] speed=4 S1  E_DART      seed  4  goal      clr  0.57  t  14.6  inf  77  N 25.6  mpc   6.5 ms  err 0.20
[  5/200] speed=4 S1  E_DART      seed  5  goal      clr  0.52  t  15.5  inf  82  N 24.8  mpc   6.1 ms  err 0.23
[  6/200] speed=4 S1  E_DART      seed  6  goal      clr  0.61  t  14.0  inf  68  N 25.3  mpc   6.0 ms  err 0.25
[  7/200] speed=4 S1  E_DART      seed  7  goal      clr  0.46  t  15.2  inf  76  N 24.6  mpc   6.1 ms  err 0.25
[  8/200] speed=4 S1  E_DART      seed  8  goal      clr  0.66  t  20.1  inf  98  N 23.8  mpc   6.0 ms  err 0.24
[  9/200] speed=4 S1  E_DART      seed  9  goal      clr  0.47  t  15.9  inf  80  N 24.7  mpc   6.2 ms  err 0.29
[ 10/200] speed=4 S1  E_DART      seed 10  goal      clr  0.52  t  14.3  inf  72  N 25.3  mpc   6.2 ms  err 0.27
[ 11/200] speed=4 S1  E_DART      seed 11  goal      clr  0.56  t  15.1  inf  71  N 25.5  mpc   6.3 ms  err 0.27
[ 12/200] speed=4 S1  E_DART      seed 12  goal      clr  0.49  t  15.5  inf  76  N 26.0  mpc   6.4 ms  err 0.20
[ 13/200] speed=4 S1  E_DART      seed 13  goal      clr  0.62  t  14.2  inf  74  N 25.7  mpc   6.5 ms  err 0.19
[ 14/200] speed=4 S1  E_DART      seed 14  goal      clr  0.54  t  15.1  inf  81  N 25.8  mpc   6.5 ms  err 0.21
[ 15/200] speed=4 S1  E_DART      seed 15  goal      clr  0.44  t  15.9  inf  78  N 25.2  mpc   6.4 ms  err 0.35
[ 16/200] speed=4 S1  E_DART      seed 16  goal      clr  0.74  t  14.2  inf  65  N 25.3  mpc   6.0 ms  err 0.25
[ 17/200] speed=4 S1  E_DART      seed 17  goal      clr  0.65  t  14.0  inf  67  N 25.0  mpc   6.0 ms  err 0.33
[ 18/200] speed=4 S1  E_DART      seed 18  goal      clr  0.65  t  14.4  inf  78  N 25.8  mpc   6.5 ms  err 0.18
[ 19/200] speed=4 S1  E_DART      seed 19  goal      clr  0.55  t  15.8  inf  91  N 26.0  mpc   6.7 ms  err 0.23
[ 20/200] speed=4 S1  E_DART      seed 20  goal      clr  0.60  t  14.8  inf  76  N 25.1  mpc   6.1 ms  err 0.41
[ 21/200] speed=4 S1  E_DART      seed 21  goal      clr  0.65  t  15.0  inf  68  N 25.7  mpc   6.4 ms  err 0.15
[ 22/200] speed=4 S1  E_DART      seed 22  goal      clr  0.60  t  13.9  inf  68  N 25.5  mpc   6.1 ms  err 0.30
[ 23/200] speed=4 S1  E_DART      seed 23  goal      clr  0.60  t  14.7  inf  74  N 24.5  mpc   5.9 ms  err 0.24
[ 24/200] speed=4 S1  E_DART      seed 24  goal      clr  0.55  t  13.8  inf  68  N 25.2  mpc   6.0 ms  err 0.21
[ 25/200] speed=4 S1  E_DART      seed 25  goal      clr  0.61  t  16.2  inf  76  N 25.9  mpc   6.6 ms  err 0.17
[ 26/200] speed=4 S1  E_DART      seed 26  goal      clr  0.57  t  14.2  inf  70  N 25.1  mpc   6.3 ms  err 0.19
[ 27/200] speed=4 S1  E_DART      seed 27  goal      clr  0.55  t  14.3  inf  78  N 25.8  mpc   6.2 ms  err 0.09
[ 28/200] speed=4 S1  E_DART      seed 28  goal      clr  0.55  t  14.0  inf  69  N 25.8  mpc   6.3 ms  err 0.28
[ 29/200] speed=4 S1  E_DART      seed 29  goal      clr  0.55  t  15.8  inf  74  N 26.1  mpc   6.8 ms  err 0.21
[ 30/200] speed=4 S1  E_DART      seed 30  goal      clr  0.69  t  14.4  inf  71  N 25.3  mpc   6.1 ms  err 0.26
[ 31/200] speed=4 S1  E_DART      seed 31  goal      clr  0.55  t  14.8  inf  77  N 25.3  mpc   6.2 ms  err 0.20
[ 32/200] speed=4 S1  E_DART      seed 32  goal      clr  0.66  t  14.6  inf  81  N 25.7  mpc   6.5 ms  err 0.22
[ 33/200] speed=4 S1  E_DART      seed 33  goal      clr  0.61  t  14.3  inf  70  N 25.2  mpc   6.3 ms  err 0.15
[ 34/200] speed=4 S1  E_DART      seed 34  goal      clr  0.57  t  14.9  inf  74  N 25.4  mpc   6.3 ms  err 0.16
[ 35/200] speed=4 S1  E_DART      seed 35  goal      clr  0.59  t  14.5  inf  78  N 25.9  mpc   6.3 ms  err 0.34
[ 36/200] speed=4 S1  E_DART      seed 36  goal      clr  0.48  t  16.6  inf  75  N 25.3  mpc   6.5 ms  err 0.23
[ 37/200] speed=4 S1  E_DART      seed 37  goal      clr  0.51  t  14.2  inf  74  N 25.4  mpc   6.2 ms  err 0.19
[ 38/200] speed=4 S1  E_DART      seed 38  goal      clr  0.63  t  14.7  inf  87  N 25.9  mpc   6.5 ms  err 0.19
[ 39/200] speed=4 S1  E_DART      seed 39  goal      clr  0.60  t  14.4  inf  81  N 26.0  mpc   6.4 ms  err 0.13
[ 40/200] speed=4 S1  E_DART      seed 40  goal      clr  0.50  t  16.1  inf  71  N 25.1  mpc   6.1 ms  err 0.27
[ 41/200] speed=4 S1  E_DART      seed 41  goal      clr  0.59  t  17.2  inf  67  N 24.6  mpc   6.1 ms  err 0.21
[ 42/200] speed=4 S1  E_DART      seed 42  goal      clr  0.60  t  14.7  inf  69  N 25.8  mpc   6.2 ms  err 0.19
[ 43/200] speed=4 S1  E_DART      seed 43  goal      clr  0.75  t  15.7  inf  67  N 25.5  mpc   6.3 ms  err 0.22
[ 44/200] speed=4 S1  E_DART      seed 44  goal      clr  0.65  t  14.4  inf  61  N 25.2  mpc   6.2 ms  err 0.16
[ 45/200] speed=4 S1  E_DART      seed 45  goal      clr  0.47  t  15.2  inf  83  N 25.6  mpc   6.6 ms  err 0.26
[ 46/200] speed=4 S1  E_DART      seed 46  goal      clr  0.57  t  14.0  inf  76  N 25.6  mpc   6.2 ms  err 0.20
[ 47/200] speed=4 S1  E_DART      seed 47  goal      clr  0.59  t  14.8  inf  65  N 25.1  mpc   6.1 ms  err 0.21
[ 48/200] speed=4 S1  E_DART      seed 48  goal      clr  0.50  t  15.5  inf  84  N 26.0  mpc   6.7 ms  err 0.23
[ 49/200] speed=4 S1  E_DART      seed 49  goal      clr  0.62  t  14.0  inf  76  N 25.7  mpc   6.0 ms  err 0.17
[ 50/200] speed=4 S1  E_DART      seed 50  goal      clr  0.56  t  14.4  inf  74  N 25.7  mpc   6.2 ms  err 0.18
[ 51/200] speed=4 S1  FN_SAFE_15  seed  1  goal      clr  0.43  t  14.6  inf  83  N 15.3  mpc   3.2 ms  err 0.15
[ 52/200] speed=4 S1  FN_SAFE_15  seed  2  goal      clr  0.49  t  15.0  inf  75  N 16.0  mpc   3.6 ms  err 0.22
[ 53/200] speed=4 S1  FN_SAFE_15  seed  3  goal      clr  0.52  t  28.0  inf 121  N 15.2  mpc   3.4 ms  err 0.35
[ 54/200] speed=4 S1  FN_SAFE_15  seed  4  goal      clr  0.68  t  14.3  inf  75  N 15.0  mpc   3.2 ms  err 0.14
[ 55/200] speed=4 S1  FN_SAFE_15  seed  5  goal      clr  0.41  t  15.6  inf  85  N 17.5  mpc   4.0 ms  err 0.29
[ 56/200] speed=4 S1  FN_SAFE_15  seed  6  goal      clr  0.63  t  13.9  inf  69  N 15.3  mpc   3.2 ms  err 0.14
[ 57/200] speed=4 S1  FN_SAFE_15  seed  7  goal      clr  0.40  t  15.1  inf  78  N 15.9  mpc   3.5 ms  err 0.26
[ 58/200] speed=4 S1  FN_SAFE_15  seed  8  goal      clr  0.58  t  14.9  inf  85  N 16.0  mpc   3.4 ms  err 0.27
[ 59/200] speed=4 S1  FN_SAFE_15  seed  9  goal      clr  0.59  t  14.4  inf  65  N 15.5  mpc   3.2 ms  err 0.26
[ 60/200] speed=4 S1  FN_SAFE_15  seed 10  goal      clr  0.51  t  14.5  inf  75  N 15.4  mpc   3.3 ms  err 0.26
[ 61/200] speed=4 S1  FN_SAFE_15  seed 11  goal      clr  0.59  t  14.1  inf  72  N 15.7  mpc   3.3 ms  err 0.23
[ 62/200] speed=4 S1  FN_SAFE_15  seed 12  goal      clr  0.49  t  14.8  inf  87  N 16.2  mpc   3.6 ms  err 0.18
[ 63/200] speed=4 S1  FN_SAFE_15  seed 13  goal      clr  0.58  t  14.7  inf  78  N 15.0  mpc   3.2 ms  err 0.17
[ 64/200] speed=4 S1  FN_SAFE_15  seed 14  goal      clr  0.50  t  15.6  inf  72  N 15.3  mpc   3.5 ms  err 0.18
[ 65/200] speed=4 S1  FN_SAFE_15  seed 15  goal      clr  0.40  t  20.2  inf 107  N 17.5  mpc   4.3 ms  err 0.47
[ 66/200] speed=4 S1  FN_SAFE_15  seed 16  goal      clr  0.74  t  13.7  inf  66  N 15.0  mpc   3.3 ms  err 0.27
[ 67/200] speed=4 S1  FN_SAFE_15  seed 17  goal      clr  0.56  t  13.8  inf  71  N 15.0  mpc   3.1 ms  err 0.19
[ 68/200] speed=4 S1  FN_SAFE_15  seed 18  goal      clr  0.50  t  36.2  inf 130  N 15.7  mpc   3.6 ms  err 0.35
[ 69/200] speed=4 S1  FN_SAFE_15  seed 19  goal      clr  0.51  t  16.6  inf  77  N 15.4  mpc   3.4 ms  err 0.17
[ 70/200] speed=4 S1  FN_SAFE_15  seed 20  goal      clr  0.61  t  14.8  inf  75  N 16.4  mpc   3.6 ms  err 0.36
[ 71/200] speed=4 S1  FN_SAFE_15  seed 21  goal      clr  0.69  t  14.4  inf  70  N 15.0  mpc   3.3 ms  err 0.18
[ 72/200] speed=4 S1  FN_SAFE_15  seed 22  goal      clr  0.52  t  14.0  inf  72  N 15.6  mpc   3.4 ms  err 0.22
[ 73/200] speed=4 S1  FN_SAFE_15  seed 23  goal      clr  0.62  t  14.2  inf  74  N 15.4  mpc   3.3 ms  err 0.19
[ 74/200] speed=4 S1  FN_SAFE_15  seed 24  goal      clr  0.42  t  14.4  inf  78  N 16.6  mpc   3.5 ms  err 0.26
[ 75/200] speed=4 S1  FN_SAFE_15  seed 25  goal      clr  0.52  t  14.2  inf  76  N 15.5  mpc   3.3 ms  err 0.20
[ 76/200] speed=4 S1  FN_SAFE_15  seed 26  goal      clr  0.52  t  14.4  inf  75  N 15.0  mpc   3.1 ms  err 0.22
[ 77/200] speed=4 S1  FN_SAFE_15  seed 27  goal      clr  0.59  t  14.2  inf  79  N 15.3  mpc   3.1 ms  err 0.09
[ 78/200] speed=4 S1  FN_SAFE_15  seed 28  goal      clr  0.56  t  14.0  inf  71  N 15.3  mpc   3.1 ms  err 0.25
[ 79/200] speed=4 S1  FN_SAFE_15  seed 29  goal      clr  0.57  t  16.4  inf  86  N 16.1  mpc   3.6 ms  err 0.28
[ 80/200] speed=4 S1  FN_SAFE_15  seed 30  goal      clr  0.62  t  14.3  inf  71  N 15.5  mpc   3.2 ms  err 0.20
[ 81/200] speed=4 S1  FN_SAFE_15  seed 31  goal      clr  0.56  t  14.7  inf  82  N 15.6  mpc   3.3 ms  err 0.17
[ 82/200] speed=4 S1  FN_SAFE_15  seed 32  goal      clr  0.55  t  15.1  inf  80  N 15.7  mpc   3.6 ms  err 0.24
[ 83/200] speed=4 S1  FN_SAFE_15  seed 33  goal      clr  0.66  t  14.0  inf  75  N 15.0  mpc   3.3 ms  err 0.14
[ 84/200] speed=4 S1  FN_SAFE_15  seed 34  timeout   clr  0.46  t  40.0  inf 188  N 15.3  mpc   3.5 ms  err 0.69
[ 85/200] speed=4 S1  FN_SAFE_15  seed 35  goal      clr  0.51  t  15.3  inf  86  N 16.8  mpc   3.7 ms  err 0.32
[ 86/200] speed=4 S1  FN_SAFE_15  seed 36  goal      clr  0.52  t  15.1  inf  84  N 15.8  mpc   3.5 ms  err 0.23
[ 87/200] speed=4 S1  FN_SAFE_15  seed 37  goal      clr  0.53  t  15.5  inf  71  N 15.0  mpc   3.1 ms  err 0.29
[ 88/200] speed=4 S1  FN_SAFE_15  seed 38  goal      clr  0.59  t  15.2  inf  85  N 15.0  mpc   3.2 ms  err 0.17
[ 89/200] speed=4 S1  FN_SAFE_15  seed 39  goal      clr  0.54  t  14.9  inf  85  N 15.4  mpc   3.5 ms  err 0.12
[ 90/200] speed=4 S1  FN_SAFE_15  seed 40  goal      clr  0.63  t  14.6  inf  83  N 16.5  mpc   3.9 ms  err 0.27
[ 91/200] speed=4 S1  FN_SAFE_15  seed 41  goal      clr  0.56  t  16.8  inf  85  N 15.6  mpc   3.7 ms  err 0.18
[ 92/200] speed=4 S1  FN_SAFE_15  seed 42  goal      clr  0.64  t  14.5  inf  73  N 15.7  mpc   3.5 ms  err 0.19
[ 93/200] speed=4 S1  FN_SAFE_15  seed 43  goal      clr  0.49  t  16.5  inf  83  N 15.7  mpc   3.7 ms  err 0.18
[ 94/200] speed=4 S1  FN_SAFE_15  seed 44  goal      clr  0.44  t  14.6  inf  72  N 15.9  mpc   3.5 ms  err 0.28
[ 95/200] speed=4 S1  FN_SAFE_15  seed 45  goal      clr  0.48  t  15.1  inf  84  N 15.7  mpc   3.5 ms  err 0.33
[ 96/200] speed=4 S1  FN_SAFE_15  seed 46  goal      clr  0.56  t  15.5  inf  72  N 15.6  mpc   3.5 ms  err 0.22
[ 97/200] speed=4 S1  FN_SAFE_15  seed 47  goal      clr  0.54  t  14.8  inf  72  N 16.1  mpc   3.5 ms  err 0.28
[ 98/200] speed=4 S1  FN_SAFE_15  seed 48  goal      clr  0.50  t  14.9  inf  90  N 16.3  mpc   3.6 ms  err 0.30
[ 99/200] speed=4 S1  FN_SAFE_15  seed 49  goal      clr  0.68  t  14.1  inf  75  N 15.8  mpc   3.5 ms  err 0.18
[100/200] speed=4 S1  FN_SAFE_15  seed 50  goal      clr  0.61  t  14.9  inf  78  N 16.0  mpc   3.6 ms  err 0.22
[101/200] speed=4 S1  FN_SAFE_20  seed  1  goal      clr  0.57  t  14.3  inf  85  N 20.2  mpc   4.8 ms  err 0.17
[102/200] speed=4 S1  FN_SAFE_20  seed  2  goal      clr  0.45  t  14.7  inf  79  N 21.0  mpc   5.1 ms  err 0.20
[103/200] speed=4 S1  FN_SAFE_20  seed  3  goal      clr  0.51  t  16.2  inf  87  N 20.2  mpc   4.8 ms  err 0.17
[104/200] speed=4 S1  FN_SAFE_20  seed  4  goal      clr  0.54  t  14.6  inf  77  N 20.5  mpc   4.8 ms  err 0.25
[105/200] speed=4 S1  FN_SAFE_20  seed  5  goal      clr  0.62  t  16.5  inf  66  N 20.0  mpc   4.6 ms  err 0.24
[106/200] speed=4 S1  FN_SAFE_20  seed  6  goal      clr  0.61  t  13.9  inf  68  N 20.2  mpc   4.5 ms  err 0.27
[107/200] speed=4 S1  FN_SAFE_20  seed  7  goal      clr  0.48  t  15.4  inf  82  N 21.4  mpc   5.3 ms  err 0.35
[108/200] speed=4 S1  FN_SAFE_20  seed  8  goal      clr  0.61  t  14.5  inf  69  N 20.0  mpc   4.7 ms  err 0.21
[109/200] speed=4 S1  FN_SAFE_20  seed  9  goal      clr  0.45  t  14.7  inf  67  N 20.9  mpc   4.9 ms  err 0.25
[110/200] speed=4 S1  FN_SAFE_20  seed 10  goal      clr  0.58  t  15.6  inf  73  N 20.3  mpc   4.7 ms  err 0.36
[111/200] speed=4 S1  FN_SAFE_20  seed 11  goal      clr  0.60  t  13.9  inf  70  N 20.2  mpc   4.5 ms  err 0.24
[112/200] speed=4 S1  FN_SAFE_20  seed 12  goal      clr  0.51  t  14.9  inf  88  N 20.8  mpc   4.7 ms  err 0.19
[113/200] speed=4 S1  FN_SAFE_20  seed 13  goal      clr  0.62  t  14.0  inf  76  N 20.0  mpc   4.5 ms  err 0.21
[114/200] speed=4 S1  FN_SAFE_20  seed 14  goal      clr  0.37  t  15.4  inf  72  N 20.5  mpc   4.6 ms  err 0.22
[115/200] speed=4 S1  FN_SAFE_20  seed 15  goal      clr  0.62  t  16.8  inf  63  N 20.3  mpc   4.7 ms  err 0.32
[116/200] speed=4 S1  FN_SAFE_20  seed 16  goal      clr  0.72  t  13.9  inf  65  N 20.0  mpc   4.4 ms  err 0.29
[117/200] speed=4 S1  FN_SAFE_20  seed 17  goal      clr  0.59  t  13.8  inf  69  N 20.0  mpc   4.4 ms  err 0.25
[118/200] speed=4 S1  FN_SAFE_20  seed 18  goal      clr  0.68  t  14.4  inf  82  N 20.5  mpc   4.9 ms  err 0.18
[119/200] speed=4 S1  FN_SAFE_20  seed 19  goal      clr  0.58  t  15.8  inf  90  N 20.8  mpc   4.9 ms  err 0.15
[120/200] speed=4 S1  FN_SAFE_20  seed 20  goal      clr  0.53  t  14.5  inf  74  N 20.9  mpc   4.9 ms  err 0.37
[121/200] speed=4 S1  FN_SAFE_20  seed 21  goal      clr  0.63  t  15.4  inf  69  N 20.0  mpc   4.7 ms  err 0.16
[122/200] speed=4 S1  FN_SAFE_20  seed 22  goal      clr  0.56  t  14.0  inf  72  N 20.5  mpc   4.7 ms  err 0.24
[123/200] speed=4 S1  FN_SAFE_20  seed 23  goal      clr  0.49  t  14.6  inf  67  N 20.0  mpc   4.5 ms  err 0.23
[124/200] speed=4 S1  FN_SAFE_20  seed 24  goal      clr  0.59  t  14.0  inf  71  N 20.5  mpc   4.5 ms  err 0.23
[125/200] speed=4 S1  FN_SAFE_20  seed 25  goal      clr  0.52  t  14.1  inf  76  N 20.0  mpc   4.6 ms  err 0.19
[126/200] speed=4 S1  FN_SAFE_20  seed 26  goal      clr  0.55  t  14.4  inf  71  N 20.2  mpc   4.7 ms  err 0.19
[127/200] speed=4 S1  FN_SAFE_20  seed 27  goal      clr  0.57  t  14.2  inf  78  N 20.2  mpc   4.6 ms  err 0.09
[128/200] speed=4 S1  FN_SAFE_20  seed 28  goal      clr  0.57  t  13.9  inf  70  N 20.3  mpc   4.6 ms  err 0.27
[129/200] speed=4 S1  FN_SAFE_20  seed 29  goal      clr  0.60  t  15.4  inf  82  N 20.3  mpc   4.7 ms  err 0.20
[130/200] speed=4 S1  FN_SAFE_20  seed 30  goal      clr  0.69  t  14.2  inf  71  N 20.3  mpc   4.4 ms  err 0.25
[131/200] speed=4 S1  FN_SAFE_20  seed 31  goal      clr  0.57  t  14.7  inf  78  N 20.5  mpc   4.7 ms  err 0.18
[132/200] speed=4 S1  FN_SAFE_20  seed 32  goal      clr  0.51  t  18.5  inf  82  N 20.4  mpc   4.9 ms  err 0.27
[133/200] speed=4 S1  FN_SAFE_20  seed 33  goal      clr  0.60  t  14.0  inf  74  N 20.0  mpc   4.4 ms  err 0.16
[134/200] speed=4 S1  FN_SAFE_20  seed 34  goal      clr  0.58  t  17.4  inf  88  N 21.0  mpc   5.0 ms  err 0.30
[135/200] speed=4 S1  FN_SAFE_20  seed 35  goal      clr  0.59  t  14.6  inf  78  N 20.8  mpc   4.8 ms  err 0.28
[136/200] speed=4 S1  FN_SAFE_20  seed 36  goal      clr  0.59  t  17.3  inf  73  N 20.5  mpc   4.8 ms  err 0.22
[137/200] speed=4 S1  FN_SAFE_20  seed 37  goal      clr  0.50  t  14.2  inf  75  N 20.3  mpc   4.7 ms  err 0.20
[138/200] speed=4 S1  FN_SAFE_20  seed 38  goal      clr  0.56  t  14.6  inf  86  N 20.2  mpc   4.6 ms  err 0.15
[139/200] speed=4 S1  FN_SAFE_20  seed 39  goal      clr  0.54  t  14.9  inf  84  N 20.4  mpc   4.6 ms  err 0.12
[140/200] speed=4 S1  FN_SAFE_20  seed 40  goal      clr  0.47  t  14.9  inf  77  N 20.4  mpc   4.5 ms  err 0.24
[141/200] speed=4 S1  FN_SAFE_20  seed 41  goal      clr  0.31  t  16.9  inf  97  N 21.1  mpc   5.2 ms  err 0.17
[142/200] speed=4 S1  FN_SAFE_20  seed 42  goal      clr  0.63  t  14.5  inf  75  N 20.5  mpc   4.6 ms  err 0.23
[143/200] speed=4 S1  FN_SAFE_20  seed 43  goal      clr  0.59  t  14.9  inf  83  N 20.7  mpc   4.7 ms  err 0.15
[144/200] speed=4 S1  FN_SAFE_20  seed 44  goal      clr  0.49  t  15.1  inf  72  N 20.6  mpc   4.7 ms  err 0.49
[145/200] speed=4 S1  FN_SAFE_20  seed 45  goal      clr  0.56  t  16.1  inf  83  N 20.0  mpc   4.6 ms  err 0.19
[146/200] speed=4 S1  FN_SAFE_20  seed 46  goal      clr  0.51  t  14.7  inf  78  N 20.2  mpc   4.4 ms  err 0.21
[147/200] speed=4 S1  FN_SAFE_20  seed 47  goal      clr  0.53  t  14.4  inf  70  N 20.3  mpc   4.4 ms  err 0.25
[148/200] speed=4 S1  FN_SAFE_20  seed 48  goal      clr  0.56  t  16.7  inf  83  N 20.5  mpc   4.9 ms  err 0.23
[149/200] speed=4 S1  FN_SAFE_20  seed 49  goal      clr  0.59  t  14.0  inf  75  N 20.3  mpc   4.4 ms  err 0.16
[150/200] speed=4 S1  FN_SAFE_20  seed 50  goal      clr  0.53  t  14.5  inf  82  N 20.7  mpc   4.6 ms  err 0.16
[151/200] speed=4 S1  FN_SAFE_30  seed  1  goal      clr  0.58  t  14.2  inf  79  N 30.0  mpc   7.7 ms  err 0.17
[152/200] speed=4 S1  FN_SAFE_30  seed  2  goal      clr  0.43  t  14.7  inf  79  N 30.0  mpc   7.9 ms  err 0.21
[153/200] speed=4 S1  FN_SAFE_30  seed  3  goal      clr  0.55  t  17.1  inf  90  N 30.0  mpc   8.1 ms  err 0.17
[154/200] speed=4 S1  FN_SAFE_30  seed  4  goal      clr  0.63  t  13.9  inf  69  N 30.0  mpc   7.7 ms  err 0.13
[155/200] speed=4 S1  FN_SAFE_30  seed  5  goal      clr  0.54  t  15.8  inf  83  N 30.0  mpc   7.9 ms  err 0.24
[156/200] speed=4 S1  FN_SAFE_30  seed  6  goal      clr  0.66  t  13.9  inf  67  N 30.0  mpc   7.1 ms  err 0.17
[157/200] speed=4 S1  FN_SAFE_30  seed  7  goal      clr  0.33  t  15.8  inf  88  N 30.0  mpc   7.9 ms  err 0.49
[158/200] speed=4 S1  FN_SAFE_30  seed  8  goal      clr  0.60  t  14.2  inf  75  N 30.0  mpc   7.4 ms  err 0.20
[159/200] speed=4 S1  FN_SAFE_30  seed  9  goal      clr  0.59  t  13.9  inf  69  N 30.0  mpc   7.5 ms  err 0.22
[160/200] speed=4 S1  FN_SAFE_30  seed 10  goal      clr  0.31  t  16.4  inf  89  N 30.0  mpc   7.9 ms  err 0.20
[161/200] speed=4 S1  FN_SAFE_30  seed 11  goal      clr  0.55  t  14.0  inf  69  N 30.0  mpc   7.4 ms  err 0.25
[162/200] speed=4 S1  FN_SAFE_30  seed 12  goal      clr  0.52  t  14.6  inf  81  N 30.0  mpc   7.8 ms  err 0.27
[163/200] speed=4 S1  FN_SAFE_30  seed 13  goal      clr  0.65  t  14.1  inf  72  N 30.0  mpc   7.6 ms  err 0.12
[164/200] speed=4 S1  FN_SAFE_30  seed 14  goal      clr  0.53  t  16.5  inf  82  N 30.0  mpc   8.0 ms  err 0.23
[165/200] speed=4 S1  FN_SAFE_30  seed 15  goal      clr  0.47  t  14.6  inf  71  N 30.0  mpc   7.6 ms  err 0.23
[166/200] speed=4 S1  FN_SAFE_30  seed 16  goal      clr  0.71  t  14.3  inf  67  N 30.0  mpc   7.3 ms  err 0.18
[167/200] speed=4 S1  FN_SAFE_30  seed 17  goal      clr  0.61  t  14.1  inf  71  N 30.0  mpc   7.5 ms  err 0.39
[168/200] speed=4 S1  FN_SAFE_30  seed 18  goal      clr  0.54  t  14.2  inf  79  N 30.0  mpc   7.7 ms  err 0.22
[169/200] speed=4 S1  FN_SAFE_30  seed 19  goal      clr  0.42  t  17.8  inf 101  N 30.0  mpc   8.4 ms  err 0.29
[170/200] speed=4 S1  FN_SAFE_30  seed 20  goal      clr  0.61  t  14.7  inf  74  N 30.0  mpc   7.3 ms  err 0.36
[171/200] speed=4 S1  FN_SAFE_30  seed 21  goal      clr  0.63  t  13.9  inf  69  N 30.0  mpc   7.3 ms  err 0.17
[172/200] speed=4 S1  FN_SAFE_30  seed 22  goal      clr  0.57  t  13.8  inf  66  N 30.0  mpc   7.4 ms  err 0.35
[173/200] speed=4 S1  FN_SAFE_30  seed 23  goal      clr  0.49  t  15.3  inf  67  N 30.0  mpc   7.9 ms  err 0.27
[174/200] speed=4 S1  FN_SAFE_30  seed 24  goal      clr  0.60  t  14.0  inf  72  N 30.0  mpc   7.3 ms  err 0.25
[175/200] speed=4 S1  FN_SAFE_30  seed 25  goal      clr  0.57  t  14.2  inf  76  N 30.0  mpc   7.5 ms  err 0.21
[176/200] speed=4 S1  FN_SAFE_30  seed 26  goal      clr  0.46  t  15.1  inf  83  N 30.0  mpc   7.7 ms  err 0.27
[177/200] speed=4 S1  FN_SAFE_30  seed 27  goal      clr  0.56  t  14.3  inf  78  N 30.0  mpc   7.3 ms  err 0.10
[178/200] speed=4 S1  FN_SAFE_30  seed 28  goal      clr  0.56  t  14.0  inf  68  N 30.0  mpc   7.3 ms  err 0.26
[179/200] speed=4 S1  FN_SAFE_30  seed 29  goal      clr  0.54  t  14.3  inf  83  N 30.0  mpc   7.7 ms  err 0.27
[180/200] speed=4 S1  FN_SAFE_30  seed 30  goal      clr  0.66  t  14.8  inf  73  N 30.0  mpc   7.6 ms  err 0.18
[181/200] speed=4 S1  FN_SAFE_30  seed 31  goal      clr  0.56  t  14.6  inf  78  N 30.0  mpc   7.7 ms  err 0.16
[182/200] speed=4 S1  FN_SAFE_30  seed 32  goal      clr  0.66  t  14.4  inf  84  N 30.0  mpc   7.4 ms  err 0.22
[183/200] speed=4 S1  FN_SAFE_30  seed 33  goal      clr  0.64  t  14.2  inf  77  N 30.0  mpc   7.5 ms  err 0.16
[184/200] speed=4 S1  FN_SAFE_30  seed 34  goal      clr  0.59  t  14.6  inf  74  N 30.0  mpc   7.4 ms  err 0.18
[185/200] speed=4 S1  FN_SAFE_30  seed 35  goal      clr  0.61  t  14.5  inf  77  N 30.0  mpc   7.3 ms  err 0.31
[186/200] speed=4 S1  FN_SAFE_30  seed 36  goal      clr  0.40  t  19.1  inf  99  N 30.0  mpc   7.9 ms  err 0.46
[187/200] speed=4 S1  FN_SAFE_30  seed 37  goal      clr  0.53  t  14.4  inf  74  N 30.0  mpc   7.8 ms  err 0.20
[188/200] speed=4 S1  FN_SAFE_30  seed 38  goal      clr  0.61  t  14.4  inf  82  N 30.0  mpc   7.6 ms  err 0.24
[189/200] speed=4 S1  FN_SAFE_30  seed 39  goal      clr  0.55  t  14.6  inf  83  N 30.0  mpc   7.6 ms  err 0.14
[190/200] speed=4 S1  FN_SAFE_30  seed 40  goal      clr  0.67  t  14.7  inf  74  N 30.0  mpc   7.7 ms  err 0.29
[191/200] speed=4 S1  FN_SAFE_30  seed 41  goal      clr  0.62  t  16.3  inf  86  N 30.0  mpc   8.1 ms  err 0.37
[192/200] speed=4 S1  FN_SAFE_30  seed 42  goal      clr  0.42  t  16.5  inf  93  N 30.0  mpc   8.0 ms  err 0.32
[193/200] speed=4 S1  FN_SAFE_30  seed 43  goal      clr  0.61  t  13.9  inf  73  N 30.0  mpc   7.6 ms  err 0.40
[194/200] speed=4 S1  FN_SAFE_30  seed 44  goal      clr  0.50  t  15.2  inf  78  N 30.0  mpc   7.8 ms  err 0.24
[195/200] speed=4 S1  FN_SAFE_30  seed 45  goal      clr  0.52  t  16.2  inf  82  N 30.0  mpc   8.1 ms  err 0.24
[196/200] speed=4 S1  FN_SAFE_30  seed 46  goal      clr  0.57  t  15.2  inf  86  N 30.0  mpc   7.9 ms  err 0.36
[197/200] speed=4 S1  FN_SAFE_30  seed 47  goal      clr  0.56  t  14.4  inf  68  N 30.0  mpc   7.8 ms  err 0.23
[198/200] speed=4 S1  FN_SAFE_30  seed 48  goal      clr  0.47  t  15.0  inf  85  N 30.0  mpc   7.8 ms  err 0.30
[199/200] speed=4 S1  FN_SAFE_30  seed 49  goal      clr  0.60  t  14.0  inf  74  N 30.0  mpc   7.4 ms  err 0.16
[200/200] speed=4 S1  FN_SAFE_30  seed 50  goal      clr  0.52  t  14.7  inf  82  N 30.0  mpc   7.8 ms  err 0.19
