[  1/250] shift=0.02 S1  E_DART      seed  1  timeout   clr  0.56  t  40.0  inf 128  N 20.8  mpc   4.2 ms  err 0.68
[  2/250] shift=0.02 S1  E_DART      seed  2  goal      clr  0.64  t  28.7  inf 124  N 24.1  mpc   4.8 ms  err 0.68
[  3/250] shift=0.02 S1  E_DART      seed  3  goal      clr  0.54  t  32.8  inf 132  N 23.8  mpc   4.5 ms  err 0.50
[  4/250] shift=0.02 S1  E_DART      seed  4  timeout   clr  0.39  t  40.0  inf 174  N 19.0  mpc   3.3 ms  err 0.59
[  5/250] shift=0.02 S1  E_DART      seed  5  timeout   clr  0.47  t  40.0  inf 175  N 24.0  mpc   4.4 ms  err 0.60
[  6/250] shift=0.02 S1  E_DART      seed  6  goal      clr  0.45  t  25.6  inf  91  N 22.9  mpc   3.7 ms  err 0.68
[  7/250] shift=0.02 S1  E_DART      seed  7  goal      clr  0.53  t  19.2  inf  95  N 25.1  mpc   4.1 ms  err 0.61
[  8/250] shift=0.02 S1  E_DART      seed  8  goal      clr  0.57  t  24.7  inf  92  N 25.6  mpc   4.6 ms  err 0.49
[  9/250] shift=0.02 S1  E_DART      seed  9  goal      clr  0.67  t  20.2  inf 107  N 24.0  mpc   4.2 ms  err 0.62
[ 10/250] shift=0.02 S1  E_DART      seed 10  goal      clr  0.60  t  24.7  inf  94  N 24.5  mpc   4.0 ms  err 0.38
[ 11/250] shift=0.02 S1  E_DART      seed 11  goal      clr  0.21  t  21.8  inf 130  N 26.4  mpc   4.4 ms  err 0.69
[ 12/250] shift=0.02 S1  E_DART      seed 12  goal      clr  0.55  t  21.6  inf 105  N 25.5  mpc   4.3 ms  err 0.50
[ 13/250] shift=0.02 S1  E_DART      seed 13  goal      clr  0.60  t  18.6  inf  97  N 26.9  mpc   4.8 ms  err 0.67
[ 14/250] shift=0.02 S1  E_DART      seed 14  goal      clr  0.63  t  37.1  inf 156  N 23.3  mpc   4.2 ms  err 0.40
[ 15/250] shift=0.02 S1  E_DART      seed 15  goal      clr  0.25  t  22.1  inf 101  N 25.8  mpc   4.7 ms  err 0.57
[ 16/250] shift=0.02 S1  E_DART      seed 16  goal      clr  0.51  t  21.5  inf  97  N 25.2  mpc   4.5 ms  err 0.53
[ 17/250] shift=0.02 S1  E_DART      seed 17  goal      clr  0.59  t  29.8  inf 126  N 24.8  mpc   4.5 ms  err 0.36
[ 18/250] shift=0.02 S1  E_DART      seed 18  goal      clr  0.56  t  24.4  inf  94  N 24.5  mpc   4.4 ms  err 0.69
[ 19/250] shift=0.02 S1  E_DART      seed 19  goal      clr  0.38  t  32.4  inf 120  N 24.1  mpc   4.5 ms  err 0.42
[ 20/250] shift=0.02 S1  E_DART      seed 20  goal      clr  0.39  t  23.6  inf  94  N 23.7  mpc   4.5 ms  err 0.31
[ 21/250] shift=0.02 S1  E_DART      seed 21  goal      clr  0.60  t  19.0  inf  90  N 25.7  mpc   4.8 ms  err 0.56
[ 22/250] shift=0.02 S1  E_DART      seed 22  goal      clr  0.48  t  19.6  inf 115  N 27.0  mpc   4.9 ms  err 0.86
[ 23/250] shift=0.02 S1  E_DART      seed 23  goal      clr  0.65  t  17.4  inf  79  N 25.2  mpc   4.1 ms  err 0.35
[ 24/250] shift=0.02 S1  E_DART      seed 24  goal      clr  0.50  t  24.0  inf 105  N 24.7  mpc   4.3 ms  err 0.62
[ 25/250] shift=0.02 S1  E_DART      seed 25  goal      clr  0.44  t  22.2  inf 105  N 26.7  mpc   4.8 ms  err 0.63
[ 26/250] shift=0.02 S1  E_DART      seed 26  goal      clr  0.50  t  25.3  inf  97  N 24.1  mpc   4.6 ms  err 0.43
[ 27/250] shift=0.02 S1  E_DART      seed 27  goal      clr  0.69  t  15.9  inf 108  N 27.0  mpc   5.2 ms  err 0.76
[ 28/250] shift=0.02 S1  E_DART      seed 28  goal      clr  0.55  t  23.0  inf 106  N 25.4  mpc   4.5 ms  err 0.57
[ 29/250] shift=0.02 S1  E_DART      seed 29  goal      clr  0.47  t  30.1  inf  87  N 20.8  mpc   3.2 ms  err 0.27
[ 30/250] shift=0.02 S1  E_DART      seed 30  goal      clr  0.32  t  23.1  inf 123  N 25.9  mpc   4.8 ms  err 0.71
[ 31/250] shift=0.02 S1  E_DART      seed 31  goal      clr  0.64  t  17.4  inf 101  N 26.3  mpc   4.3 ms  err 0.55
[ 32/250] shift=0.02 S1  E_DART      seed 32  goal      clr  0.55  t  26.6  inf  79  N 22.5  mpc   3.9 ms  err 0.34
[ 33/250] shift=0.02 S1  E_DART      seed 33  goal      clr  0.61  t  20.4  inf  90  N 25.1  mpc   4.1 ms  err 0.51
[ 34/250] shift=0.02 S1  E_DART      seed 34  goal      clr  0.53  t  22.0  inf 111  N 25.3  mpc   4.4 ms  err 0.45
[ 35/250] shift=0.02 S1  E_DART      seed 35  goal      clr  0.59  t  20.9  inf  90  N 26.8  mpc   4.7 ms  err 0.40
[ 36/250] shift=0.02 S1  E_DART      seed 36  goal      clr  0.43  t  31.4  inf 126  N 22.7  mpc   4.1 ms  err 0.74
[ 37/250] shift=0.02 S1  E_DART      seed 37  goal      clr  0.52  t  28.6  inf  81  N 22.5  mpc   3.9 ms  err 0.44
[ 38/250] shift=0.02 S1  E_DART      seed 38  goal      clr  0.74  t  33.6  inf 113  N 22.9  mpc   4.3 ms  err 0.78
[ 39/250] shift=0.02 S1  E_DART      seed 39  goal      clr  0.40  t  19.5  inf 116  N 25.7  mpc   4.6 ms  err 0.51
[ 40/250] shift=0.02 S1  E_DART      seed 40  timeout   clr  0.43  t  40.0  inf 172  N 23.0  mpc   4.3 ms  err 0.46
[ 41/250] shift=0.02 S1  E_DART      seed 41  goal      clr  0.01  t  22.4  inf 122  N 24.5  mpc   4.4 ms  err 0.88
[ 42/250] shift=0.02 S1  E_DART      seed 42  goal      clr  0.64  t  20.0  inf  95  N 25.2  mpc   4.4 ms  err 0.30
[ 43/250] shift=0.02 S1  E_DART      seed 43  goal      clr  0.49  t  25.2  inf 121  N 24.0  mpc   4.5 ms  err 0.62
[ 44/250] shift=0.02 S1  E_DART      seed 44  goal      clr  0.55  t  19.9  inf 100  N 24.7  mpc   4.2 ms  err 0.58
[ 45/250] shift=0.02 S1  E_DART      seed 45  goal      clr  0.49  t  18.1  inf 100  N 25.5  mpc   4.5 ms  err 0.39
[ 46/250] shift=0.02 S1  E_DART      seed 46  timeout   clr  0.49  t  40.0  inf 120  N 15.8  mpc   2.7 ms  err 0.53
[ 47/250] shift=0.02 S1  E_DART      seed 47  goal      clr  0.06  t  35.9  inf  95  N 21.1  mpc   3.6 ms  err 0.44
[ 48/250] shift=0.02 S1  E_DART      seed 48  goal      clr  0.47  t  36.9  inf 148  N 24.1  mpc   4.4 ms  err 0.47
[ 49/250] shift=0.02 S1  E_DART      seed 49  goal      clr  0.36  t  17.5  inf 100  N 25.8  mpc   4.5 ms  err 0.78
[ 50/250] shift=0.02 S1  E_DART      seed 50  goal      clr  0.60  t  21.7  inf 111  N 25.6  mpc   4.6 ms  err 0.47
[ 51/250] shift=0.02 S1  Z_ZHUYI     seed  1  timeout   clr  0.49  t  40.0  inf  85  N 21.5  mpc   4.0 ms  err 0.51
[ 52/250] shift=0.02 S1  Z_ZHUYI     seed  2  timeout   clr  0.38  t  40.0  inf  83  N 21.6  mpc   4.0 ms  err 0.43
[ 53/250] shift=0.02 S1  Z_ZHUYI     seed  3  timeout   clr  0.51  t  40.0  inf  98  N 22.1  mpc   4.3 ms  err 0.41
[ 54/250] shift=0.02 S1  Z_ZHUYI     seed  4  timeout   clr  0.55  t  40.0  inf  68  N 21.7  mpc   4.1 ms  err 0.56
[ 55/250] shift=0.02 S1  Z_ZHUYI     seed  5  timeout   clr  0.56  t  40.0  inf  91  N 20.7  mpc   3.7 ms  err 0.61
[ 56/250] shift=0.02 S1  Z_ZHUYI     seed  6  goal      clr  0.65  t  31.0  inf  48  N 24.9  mpc   4.5 ms  err 0.54
[ 57/250] shift=0.02 S1  Z_ZHUYI     seed  7  goal      clr  0.45  t  36.7  inf  76  N 24.1  mpc   4.5 ms  err 0.64
[ 58/250] shift=0.02 S1  Z_ZHUYI     seed  8  goal      clr  0.38  t  33.8  inf  46  N 22.9  mpc   3.7 ms  err 0.36
[ 59/250] shift=0.02 S1  Z_ZHUYI     seed  9  timeout   clr  0.44  t  40.0  inf  67  N 23.4  mpc   4.1 ms  err 0.49
[ 60/250] shift=0.02 S1  Z_ZHUYI     seed 10  goal      clr  0.48  t  31.5  inf  57  N 24.8  mpc   4.5 ms  err 0.24
[ 61/250] shift=0.02 S1  Z_ZHUYI     seed 11  goal      clr  0.49  t  37.0  inf  70  N 22.9  mpc   4.1 ms  err 0.52
[ 62/250] shift=0.02 S1  Z_ZHUYI     seed 12  goal      clr  0.72  t  29.0  inf  41  N 22.0  mpc   3.8 ms  err 0.50
[ 63/250] shift=0.02 S1  Z_ZHUYI     seed 13  goal      clr  0.50  t  38.3  inf  63  N 23.4  mpc   4.4 ms  err 0.50
[ 64/250] shift=0.02 S1  Z_ZHUYI     seed 14  timeout   clr  0.57  t  40.0  inf  65  N 14.8  mpc   2.6 ms  err 0.43
[ 65/250] shift=0.02 S1  Z_ZHUYI     seed 15  timeout   clr  0.61  t  40.0  inf  59  N 22.5  mpc   3.9 ms  err 0.54
[ 66/250] shift=0.02 S1  Z_ZHUYI     seed 16  timeout   clr  0.65  t  40.0  inf  54  N 22.2  mpc   4.2 ms  err 0.41
[ 67/250] shift=0.02 S1  Z_ZHUYI     seed 17  goal      clr  0.52  t  32.2  inf  53  N 24.6  mpc   4.7 ms  err 0.39
[ 68/250] shift=0.02 S1  Z_ZHUYI     seed 18  timeout   clr  0.69  t  40.0  inf  49  N 20.1  mpc   3.5 ms  err 0.57
[ 69/250] shift=0.02 S1  Z_ZHUYI     seed 19  timeout   clr  0.53  t  40.0  inf  61  N 23.7  mpc   4.4 ms  err 0.51
[ 70/250] shift=0.02 S1  Z_ZHUYI     seed 20  timeout   clr  0.57  t  40.0  inf  51  N 22.2  mpc   4.3 ms  err 0.35
[ 71/250] shift=0.02 S1  Z_ZHUYI     seed 21  goal      clr  0.59  t  25.2  inf  47  N 25.3  mpc   4.8 ms  err 0.34
[ 72/250] shift=0.02 S1  Z_ZHUYI     seed 22  goal      clr  0.68  t  32.4  inf  51  N 23.9  mpc   4.3 ms  err 0.55
[ 73/250] shift=0.02 S1  Z_ZHUYI     seed 23  timeout   clr  0.79  t  40.0  inf  79  N 14.7  mpc   2.6 ms  err 0.92
[ 74/250] shift=0.02 S1  Z_ZHUYI     seed 24  goal      clr  0.61  t  31.4  inf  52  N 23.6  mpc   4.4 ms  err 0.64
[ 75/250] shift=0.02 S1  Z_ZHUYI     seed 25  timeout   clr  0.43  t  40.0  inf  84  N 22.1  mpc   4.1 ms  err 0.34
[ 76/250] shift=0.02 S1  Z_ZHUYI     seed 26  timeout   clr  0.36  t  40.0  inf  88  N 22.3  mpc   4.6 ms  err 0.36
[ 77/250] shift=0.02 S1  Z_ZHUYI     seed 27  goal      clr  0.67  t  24.5  inf  43  N 24.5  mpc   4.4 ms  err 0.39
[ 78/250] shift=0.02 S1  Z_ZHUYI     seed 28  goal      clr  0.72  t  31.7  inf  55  N 23.9  mpc   4.4 ms  err 0.54
[ 79/250] shift=0.02 S1  Z_ZHUYI     seed 29  goal      clr  0.59  t  30.5  inf  51  N 25.0  mpc   4.5 ms  err 0.49
[ 80/250] shift=0.02 S1  Z_ZHUYI     seed 30  goal      clr  0.71  t  33.0  inf  47  N 23.7  mpc   4.5 ms  err 0.40
[ 81/250] shift=0.02 S1  Z_ZHUYI     seed 31  timeout   clr  0.47  t  40.0  inf  66  N 21.8  mpc   4.4 ms  err 0.38
[ 82/250] shift=0.02 S1  Z_ZHUYI     seed 32  goal      clr  0.63  t  39.7  inf  72  N 20.9  mpc   4.0 ms  err 0.41
[ 83/250] shift=0.02 S1  Z_ZHUYI     seed 33  timeout   clr  0.60  t  40.0  inf  64  N 21.6  mpc   3.9 ms  err 0.62
[ 84/250] shift=0.02 S1  Z_ZHUYI     seed 34  collision clr -0.01  t  19.8  inf  38  N 18.9  mpc   3.4 ms  err 0.35
[ 85/250] shift=0.02 S1  Z_ZHUYI     seed 35  goal      clr  0.50  t  30.8  inf  55  N 23.6  mpc   4.3 ms  err 0.44
[ 86/250] shift=0.02 S1  Z_ZHUYI     seed 36  goal      clr  0.59  t  24.8  inf  47  N 23.9  mpc   4.4 ms  err 0.70
[ 87/250] shift=0.02 S1  Z_ZHUYI     seed 37  timeout   clr  0.56  t  40.0  inf  62  N 21.0  mpc   4.0 ms  err 0.36
[ 88/250] shift=0.02 S1  Z_ZHUYI     seed 38  timeout   clr  0.62  t  40.0  inf  72  N 22.6  mpc   4.0 ms  err 0.53
[ 89/250] shift=0.02 S1  Z_ZHUYI     seed 39  goal      clr  0.51  t  29.2  inf  50  N 26.1  mpc   4.9 ms  err 0.38
[ 90/250] shift=0.02 S1  Z_ZHUYI     seed 40  timeout   clr  0.51  t  40.0  inf  54  N 23.1  mpc   4.2 ms  err 0.44
[ 91/250] shift=0.02 S1  Z_ZHUYI     seed 41  goal      clr  0.38  t  35.1  inf  55  N 23.8  mpc   4.3 ms  err 0.37
[ 92/250] shift=0.02 S1  Z_ZHUYI     seed 42  timeout   clr  0.54  t  40.0  inf 124  N 23.6  mpc   5.0 ms  err 1.53
[ 93/250] shift=0.02 S1  Z_ZHUYI     seed 43  goal      clr  0.50  t  28.0  inf  40  N 24.9  mpc   4.5 ms  err 0.50
[ 94/250] shift=0.02 S1  Z_ZHUYI     seed 44  timeout   clr  0.89  t  40.0  inf  42  N 14.4  mpc   2.4 ms  err 0.31
[ 95/250] shift=0.02 S1  Z_ZHUYI     seed 45  goal      clr  0.55  t  37.3  inf  56  N 22.8  mpc   3.9 ms  err 0.24
[ 96/250] shift=0.02 S1  Z_ZHUYI     seed 46  timeout   clr  0.51  t  40.0  inf  91  N 18.7  mpc   3.3 ms  err 0.52
[ 97/250] shift=0.02 S1  Z_ZHUYI     seed 47  timeout   clr  0.62  t  40.0  inf  60  N 23.1  mpc   4.2 ms  err 0.38
[ 98/250] shift=0.02 S1  Z_ZHUYI     seed 48  goal      clr  0.57  t  35.5  inf  60  N 24.1  mpc   4.4 ms  err 0.45
[ 99/250] shift=0.02 S1  Z_ZHUYI     seed 49  goal      clr  0.80  t  26.7  inf  47  N 24.8  mpc   4.5 ms  err 0.33
[100/250] shift=0.02 S1  Z_ZHUYI     seed 50  goal      clr  0.61  t  28.6  inf  50  N 26.1  mpc   4.9 ms  err 0.36
[101/250] shift=0.02 S1  A_FR_FN     seed  1  goal      clr  0.16  t  13.4  inf 125  N 20.0  mpc   2.9 ms  err 0.51
[102/250] shift=0.02 S1  A_FR_FN     seed  2  goal      clr  0.32  t  13.7  inf 128  N 20.0  mpc   2.9 ms  err 0.42
[103/250] shift=0.02 S1  A_FR_FN     seed  3  goal      clr  0.29  t  14.5  inf 135  N 20.0  mpc   3.1 ms  err 0.43
[104/250] shift=0.02 S1  A_FR_FN     seed  4  goal      clr  0.50  t  13.8  inf 130  N 20.0  mpc   3.0 ms  err 0.36
[105/250] shift=0.02 S1  A_FR_FN     seed  5  goal      clr  0.34  t  13.9  inf 130  N 20.0  mpc   3.2 ms  err 0.57
[106/250] shift=0.02 S1  A_FR_FN     seed  6  goal      clr  0.50  t  13.7  inf 127  N 20.0  mpc   2.9 ms  err 0.49
[107/250] shift=0.02 S1  A_FR_FN     seed  7  goal      clr  0.33  t  13.5  inf 127  N 20.0  mpc   2.9 ms  err 0.71
[108/250] shift=0.02 S1  A_FR_FN     seed  8  goal      clr  0.46  t  14.0  inf 129  N 20.0  mpc   3.0 ms  err 0.32
[109/250] shift=0.02 S1  A_FR_FN     seed  9  goal      clr  0.41  t  13.7  inf 128  N 20.0  mpc   3.0 ms  err 0.60
[110/250] shift=0.02 S1  A_FR_FN     seed 10  collision clr -0.01  t   8.2  inf  78  N 20.0  mpc   3.0 ms  err 0.41
[111/250] shift=0.02 S1  A_FR_FN     seed 11  goal      clr  0.37  t  14.0  inf 131  N 20.0  mpc   2.8 ms  err 0.51
[112/250] shift=0.02 S1  A_FR_FN     seed 12  goal      clr  0.31  t  13.6  inf 127  N 20.0  mpc   2.9 ms  err 0.61
[113/250] shift=0.02 S1  A_FR_FN     seed 13  goal      clr  0.46  t  13.7  inf 125  N 20.0  mpc   3.1 ms  err 0.42
[114/250] shift=0.02 S1  A_FR_FN     seed 14  goal      clr  0.39  t  17.9  inf 164  N 20.0  mpc   3.0 ms  err 0.55
[115/250] shift=0.02 S1  A_FR_FN     seed 15  goal      clr  0.45  t  18.0  inf 166  N 20.0  mpc   3.0 ms  err 0.81
[116/250] shift=0.02 S1  A_FR_FN     seed 16  goal      clr  0.49  t  13.4  inf 124  N 20.0  mpc   2.8 ms  err 0.45
[117/250] shift=0.02 S1  A_FR_FN     seed 17  goal      clr  0.32  t  13.5  inf 127  N 20.0  mpc   2.9 ms  err 0.39
[118/250] shift=0.02 S1  A_FR_FN     seed 18  goal      clr  0.39  t  13.8  inf 127  N 20.0  mpc   2.9 ms  err 0.38
[119/250] shift=0.02 S1  A_FR_FN     seed 19  goal      clr  0.28  t  14.3  inf 131  N 20.0  mpc   3.0 ms  err 0.88
[120/250] shift=0.02 S1  A_FR_FN     seed 20  goal      clr  0.25  t  13.7  inf 129  N 20.0  mpc   3.0 ms  err 0.67
[121/250] shift=0.02 S1  A_FR_FN     seed 21  goal      clr  0.36  t  13.8  inf 130  N 20.0  mpc   3.0 ms  err 0.60
[122/250] shift=0.02 S1  A_FR_FN     seed 22  goal      clr  0.39  t  13.3  inf 125  N 20.0  mpc   2.9 ms  err 0.63
[123/250] shift=0.02 S1  A_FR_FN     seed 23  goal      clr  0.48  t  13.4  inf 126  N 20.0  mpc   2.8 ms  err 0.48
[124/250] shift=0.02 S1  A_FR_FN     seed 24  goal      clr  0.50  t  13.3  inf 123  N 20.0  mpc   2.8 ms  err 0.46
[125/250] shift=0.02 S1  A_FR_FN     seed 25  goal      clr  0.46  t  13.8  inf 131  N 20.0  mpc   2.9 ms  err 0.42
[126/250] shift=0.02 S1  A_FR_FN     seed 26  goal      clr  0.46  t  13.6  inf 125  N 20.0  mpc   2.8 ms  err 0.51
[127/250] shift=0.02 S1  A_FR_FN     seed 27  goal      clr  0.34  t  13.6  inf 126  N 20.0  mpc   3.0 ms  err 0.29
[128/250] shift=0.02 S1  A_FR_FN     seed 28  goal      clr  0.40  t  13.4  inf 124  N 20.0  mpc   2.9 ms  err 0.56
[129/250] shift=0.02 S1  A_FR_FN     seed 29  goal      clr  0.41  t  14.1  inf 129  N 20.0  mpc   2.9 ms  err 0.57
[130/250] shift=0.02 S1  A_FR_FN     seed 30  goal      clr  0.48  t  13.6  inf 126  N 20.0  mpc   2.8 ms  err 0.45
[131/250] shift=0.02 S1  A_FR_FN     seed 31  goal      clr  0.41  t  13.9  inf 128  N 20.0  mpc   2.8 ms  err 0.42
[132/250] shift=0.02 S1  A_FR_FN     seed 32  goal      clr  0.42  t  14.1  inf 132  N 20.0  mpc   2.9 ms  err 0.42
[133/250] shift=0.02 S1  A_FR_FN     seed 33  goal      clr  0.47  t  13.4  inf 124  N 20.0  mpc   2.9 ms  err 0.45
[134/250] shift=0.02 S1  A_FR_FN     seed 34  goal      clr  0.37  t  14.4  inf 137  N 20.0  mpc   2.9 ms  err 0.62
[135/250] shift=0.02 S1  A_FR_FN     seed 35  goal      clr  0.40  t  13.8  inf 131  N 20.0  mpc   3.0 ms  err 0.46
[136/250] shift=0.02 S1  A_FR_FN     seed 36  goal      clr  0.45  t  13.5  inf 125  N 20.0  mpc   2.8 ms  err 0.56
[137/250] shift=0.02 S1  A_FR_FN     seed 37  goal      clr  0.39  t  14.9  inf 139  N 20.0  mpc   3.0 ms  err 0.89
[138/250] shift=0.02 S1  A_FR_FN     seed 38  goal      clr  0.24  t  13.9  inf 130  N 20.0  mpc   2.9 ms  err 0.53
[139/250] shift=0.02 S1  A_FR_FN     seed 39  goal      clr  0.43  t  14.3  inf 136  N 20.0  mpc   3.0 ms  err 0.34
[140/250] shift=0.02 S1  A_FR_FN     seed 40  goal      clr  0.32  t  13.5  inf 124  N 20.0  mpc   2.8 ms  err 0.81
[141/250] shift=0.02 S1  A_FR_FN     seed 41  goal      clr  0.33  t  14.4  inf 134  N 20.0  mpc   2.9 ms  err 0.63
[142/250] shift=0.02 S1  A_FR_FN     seed 42  goal      clr  0.45  t  13.7  inf 130  N 20.0  mpc   2.9 ms  err 0.49
[143/250] shift=0.02 S1  A_FR_FN     seed 43  goal      clr  0.37  t  13.8  inf 129  N 20.0  mpc   3.0 ms  err 0.43
[144/250] shift=0.02 S1  A_FR_FN     seed 44  goal      clr  0.41  t  13.6  inf 127  N 20.0  mpc   2.9 ms  err 0.65
[145/250] shift=0.02 S1  A_FR_FN     seed 45  goal      clr  0.32  t  13.9  inf 130  N 20.0  mpc   3.0 ms  err 0.48
[146/250] shift=0.02 S1  A_FR_FN     seed 46  goal      clr  0.47  t  13.8  inf 130  N 20.0  mpc   3.0 ms  err 0.32
[147/250] shift=0.02 S1  A_FR_FN     seed 47  goal      clr  0.34  t  14.1  inf 131  N 20.0  mpc   3.0 ms  err 0.43
[148/250] shift=0.02 S1  A_FR_FN     seed 48  goal      clr  0.26  t  14.1  inf 129  N 20.0  mpc   3.0 ms  err 0.52
[149/250] shift=0.02 S1  A_FR_FN     seed 49  goal      clr  0.45  t  13.4  inf 122  N 20.0  mpc   2.9 ms  err 0.27
[150/250] shift=0.02 S1  A_FR_FN     seed 50  goal      clr  0.35  t  13.8  inf 127  N 20.0  mpc   3.0 ms  err 0.46
[151/250] shift=0.02 S1  FR_SAFE_3   seed  1  timeout   clr  0.69  t  40.0  inf 118  N 27.6  mpc   6.2 ms  err 0.52
[152/250] shift=0.02 S1  FR_SAFE_3   seed  2  goal      clr  0.61  t  27.1  inf  80  N 25.9  mpc   5.3 ms  err 0.35
[153/250] shift=0.02 S1  FR_SAFE_3   seed  3  goal      clr  0.49  t  36.0  inf 106  N 26.5  mpc   5.7 ms  err 0.68
[154/250] shift=0.02 S1  FR_SAFE_3   seed  4  collision clr -0.00  t  16.1  inf  48  N 25.3  mpc   5.3 ms  err 0.95
[155/250] shift=0.02 S1  FR_SAFE_3   seed  5  goal      clr  0.62  t  29.0  inf  86  N 25.5  mpc   5.3 ms  err 0.55
[156/250] shift=0.02 S1  FR_SAFE_3   seed  6  goal      clr  0.62  t  16.2  inf  48  N 26.5  mpc   5.4 ms  err 0.48
[157/250] shift=0.02 S1  FR_SAFE_3   seed  7  goal      clr  0.44  t  20.0  inf  59  N 25.9  mpc   4.9 ms  err 0.39
[158/250] shift=0.02 S1  FR_SAFE_3   seed  8  goal      clr  0.65  t  21.2  inf  63  N 25.6  mpc   5.1 ms  err 0.65
[159/250] shift=0.02 S1  FR_SAFE_3   seed  9  goal      clr  0.52  t  32.1  inf  95  N 22.9  mpc   4.4 ms  err 0.48
[160/250] shift=0.02 S1  FR_SAFE_3   seed 10  goal      clr  0.55  t  26.1  inf  77  N 24.6  mpc   5.0 ms  err 0.41
[161/250] shift=0.02 S1  FR_SAFE_3   seed 11  goal      clr  0.56  t  25.5  inf  75  N 24.8  mpc   4.8 ms  err 0.36
[162/250] shift=0.02 S1  FR_SAFE_3   seed 12  timeout   clr  0.93  t  40.0  inf 118  N 16.7  mpc   3.3 ms  err 0.64
[163/250] shift=0.02 S1  FR_SAFE_3   seed 13  goal      clr  0.74  t  19.6  inf  58  N 27.0  mpc   5.2 ms  err 0.39
[164/250] shift=0.02 S1  FR_SAFE_3   seed 14  goal      clr  0.71  t  23.1  inf  69  N 25.7  mpc   5.1 ms  err 0.74
[165/250] shift=0.02 S1  FR_SAFE_3   seed 15  timeout   clr  0.64  t  40.0  inf 118  N 17.2  mpc   3.3 ms  err 1.22
[166/250] shift=0.02 S1  FR_SAFE_3   seed 16  goal      clr  0.68  t  20.4  inf  60  N 26.6  mpc   5.2 ms  err 0.58
[167/250] shift=0.02 S1  FR_SAFE_3   seed 17  goal      clr  0.65  t  22.3  inf  66  N 26.7  mpc   5.5 ms  err 0.50
[168/250] shift=0.02 S1  FR_SAFE_3   seed 18  goal      clr  0.52  t  21.9  inf  65  N 24.2  mpc   4.7 ms  err 0.65
[169/250] shift=0.02 S1  FR_SAFE_3   seed 19  goal      clr  0.74  t  24.1  inf  71  N 24.5  mpc   5.0 ms  err 0.45
[170/250] shift=0.02 S1  FR_SAFE_3   seed 20  goal      clr  0.65  t  20.9  inf  62  N 26.1  mpc   5.3 ms  err 0.44
[171/250] shift=0.02 S1  FR_SAFE_3   seed 21  goal      clr  0.72  t  20.3  inf  60  N 26.7  mpc   5.3 ms  err 0.53
[172/250] shift=0.02 S1  FR_SAFE_3   seed 22  goal      clr  0.24  t  23.4  inf  69  N 27.2  mpc   6.0 ms  err 0.56
[173/250] shift=0.02 S1  FR_SAFE_3   seed 23  goal      clr  0.61  t  24.7  inf  73  N 26.4  mpc   5.2 ms  err 0.33
[174/250] shift=0.02 S1  FR_SAFE_3   seed 24  goal      clr  0.51  t  31.3  inf  93  N 24.8  mpc   4.9 ms  err 0.66
[175/250] shift=0.02 S1  FR_SAFE_3   seed 25  goal      clr  0.59  t  20.7  inf  61  N 26.6  mpc   5.4 ms  err 0.36
[176/250] shift=0.02 S1  FR_SAFE_3   seed 26  goal      clr  0.54  t  19.5  inf  58  N 25.3  mpc   4.8 ms  err 0.47
[177/250] shift=0.02 S1  FR_SAFE_3   seed 27  goal      clr  0.59  t  20.7  inf  61  N 26.5  mpc   4.9 ms  err 0.42
[178/250] shift=0.02 S1  FR_SAFE_3   seed 28  goal      clr  0.69  t  30.3  inf  90  N 26.6  mpc   5.4 ms  err 0.61
[179/250] shift=0.02 S1  FR_SAFE_3   seed 29  goal      clr  0.73  t  31.1  inf  92  N 23.4  mpc   4.3 ms  err 0.86
[180/250] shift=0.02 S1  FR_SAFE_3   seed 30  goal      clr  0.57  t  19.8  inf  59  N 26.6  mpc   5.0 ms  err 0.54
[181/250] shift=0.02 S1  FR_SAFE_3   seed 31  goal      clr  0.64  t  25.9  inf  77  N 25.9  mpc   4.9 ms  err 0.42
[182/250] shift=0.02 S1  FR_SAFE_3   seed 32  goal      clr  0.58  t  20.2  inf  60  N 26.6  mpc   5.1 ms  err 0.40
[183/250] shift=0.02 S1  FR_SAFE_3   seed 33  goal      clr  0.48  t  30.5  inf  90  N 24.1  mpc   4.9 ms  err 0.90
[184/250] shift=0.02 S1  FR_SAFE_3   seed 34  goal      clr  0.73  t  22.0  inf  65  N 24.5  mpc   4.7 ms  err 0.40
[185/250] shift=0.02 S1  FR_SAFE_3   seed 35  goal      clr  0.54  t  22.1  inf  65  N 25.8  mpc   4.8 ms  err 0.44
[186/250] shift=0.02 S1  FR_SAFE_3   seed 36  goal      clr  0.67  t  29.1  inf  86  N 23.2  mpc   4.1 ms  err 0.91
[187/250] shift=0.02 S1  FR_SAFE_3   seed 37  goal      clr  0.61  t  21.9  inf  65  N 26.3  mpc   4.9 ms  err 0.37
[188/250] shift=0.02 S1  FR_SAFE_3   seed 38  timeout   clr  0.56  t  40.0  inf 118  N 22.3  mpc   4.1 ms  err 0.72
[189/250] shift=0.02 S1  FR_SAFE_3   seed 39  goal      clr  0.61  t  22.8  inf  67  N 26.4  mpc   5.0 ms  err 0.34
[190/250] shift=0.02 S1  FR_SAFE_3   seed 40  goal      clr  0.46  t  24.3  inf  72  N 25.4  mpc   4.8 ms  err 0.70
[191/250] shift=0.02 S1  FR_SAFE_3   seed 41  goal      clr  0.70  t  22.6  inf  67  N 23.2  mpc   3.8 ms  err 0.88
[192/250] shift=0.02 S1  FR_SAFE_3   seed 42  goal      clr  0.56  t  31.0  inf  92  N 22.1  mpc   4.1 ms  err 0.79
[193/250] shift=0.02 S1  FR_SAFE_3   seed 43  goal      clr  0.49  t  25.5  inf  75  N 24.8  mpc   4.8 ms  err 0.55
[194/250] shift=0.02 S1  FR_SAFE_3   seed 44  goal      clr  0.34  t  30.2  inf  89  N 25.1  mpc   4.9 ms  err 0.45
[195/250] shift=0.02 S1  FR_SAFE_3   seed 45  goal      clr  0.65  t  20.5  inf  61  N 26.3  mpc   5.0 ms  err 0.37
[196/250] shift=0.02 S1  FR_SAFE_3   seed 46  goal      clr  0.41  t  33.5  inf  99  N 26.6  mpc   5.7 ms  err 0.50
[197/250] shift=0.02 S1  FR_SAFE_3   seed 47  goal      clr  0.48  t  24.5  inf  73  N 26.4  mpc   5.1 ms  err 0.44
[198/250] shift=0.02 S1  FR_SAFE_3   seed 48  goal      clr  0.60  t  30.8  inf  91  N 23.7  mpc   4.2 ms  err 0.83
[199/250] shift=0.02 S1  FR_SAFE_3   seed 49  goal      clr  0.74  t  20.4  inf  61  N 25.5  mpc   4.8 ms  err 0.65
[200/250] shift=0.02 S1  FR_SAFE_3   seed 50  goal      clr  0.72  t  19.9  inf  59  N 26.4  mpc   5.1 ms  err 0.23
[201/250] shift=0.02 S1  FR_SAFE_10  seed  1  goal      clr  0.53  t  14.9  inf 138  N 27.0  mpc   5.1 ms  err 0.81
[202/250] shift=0.02 S1  FR_SAFE_10  seed  2  goal      clr  0.74  t  16.1  inf 150  N 26.1  mpc   5.0 ms  err 0.62
[203/250] shift=0.02 S1  FR_SAFE_10  seed  3  goal      clr  0.42  t  23.2  inf 215  N 24.8  mpc   5.0 ms  err 0.58
[204/250] shift=0.02 S1  FR_SAFE_10  seed  4  goal      clr  0.79  t  18.6  inf 174  N 27.1  mpc   6.0 ms  err 0.86
[205/250] shift=0.02 S1  FR_SAFE_10  seed  5  goal      clr  0.55  t  17.6  inf 162  N 26.6  mpc   5.5 ms  err 0.65
[206/250] shift=0.02 S1  FR_SAFE_10  seed  6  goal      clr  0.62  t  14.8  inf 137  N 26.4  mpc   5.1 ms  err 0.59
[207/250] shift=0.02 S1  FR_SAFE_10  seed  7  goal      clr  0.17  t  20.6  inf 193  N 27.2  mpc   5.7 ms  err 0.92
[208/250] shift=0.02 S1  FR_SAFE_10  seed  8  goal      clr  0.68  t  26.3  inf 244  N 22.6  mpc   4.2 ms  err 0.91
[209/250] shift=0.02 S1  FR_SAFE_10  seed  9  collision clr -0.01  t   4.9  inf  47  N 27.5  mpc   5.6 ms  err 0.82
[210/250] shift=0.02 S1  FR_SAFE_10  seed 10  goal      clr  0.67  t  16.3  inf 153  N 26.7  mpc   5.3 ms  err 0.54
[211/250] shift=0.02 S1  FR_SAFE_10  seed 11  goal      clr  0.36  t  19.9  inf 187  N 26.5  mpc   5.1 ms  err 0.51
[212/250] shift=0.02 S1  FR_SAFE_10  seed 12  goal      clr  0.65  t  16.9  inf 157  N 26.5  mpc   4.9 ms  err 0.54
[213/250] shift=0.02 S1  FR_SAFE_10  seed 13  goal      clr  0.34  t  18.0  inf 164  N 26.6  mpc   5.4 ms  err 0.63
[214/250] shift=0.02 S1  FR_SAFE_10  seed 14  goal      clr  0.46  t  18.8  inf 173  N 26.4  mpc   4.9 ms  err 0.49
[215/250] shift=0.02 S1  FR_SAFE_10  seed 15  goal      clr  0.59  t  17.3  inf 160  N 27.1  mpc   5.5 ms  err 0.40
[216/250] shift=0.02 S1  FR_SAFE_10  seed 16  goal      clr  0.52  t  15.6  inf 144  N 25.9  mpc   5.0 ms  err 0.51
[217/250] shift=0.02 S1  FR_SAFE_10  seed 17  goal      clr  0.41  t  21.5  inf 203  N 23.7  mpc   4.6 ms  err 0.68
[218/250] shift=0.02 S1  FR_SAFE_10  seed 18  goal      clr  0.44  t  16.8  inf 155  N 26.2  mpc   5.0 ms  err 0.39
[219/250] shift=0.02 S1  FR_SAFE_10  seed 19  goal      clr  0.41  t  31.5  inf 285  N 25.9  mpc   5.4 ms  err 0.64
[220/250] shift=0.02 S1  FR_SAFE_10  seed 20  goal      clr  0.75  t  14.7  inf 138  N 26.1  mpc   4.7 ms  err 0.77
[221/250] shift=0.02 S1  FR_SAFE_10  seed 21  goal      clr  0.60  t  18.9  inf 177  N 26.5  mpc   5.2 ms  err 0.48
[222/250] shift=0.02 S1  FR_SAFE_10  seed 22  goal      clr  0.48  t  15.7  inf 147  N 26.2  mpc   4.9 ms  err 0.50
[223/250] shift=0.02 S1  FR_SAFE_10  seed 23  goal      clr  0.68  t  15.6  inf 146  N 26.0  mpc   4.6 ms  err 0.26
[224/250] shift=0.02 S1  FR_SAFE_10  seed 24  goal      clr  0.58  t  21.8  inf 201  N 24.5  mpc   4.6 ms  err 0.53
[225/250] shift=0.02 S1  FR_SAFE_10  seed 25  goal      clr  0.51  t  16.8  inf 159  N 26.8  mpc   5.0 ms  err 0.48
[226/250] shift=0.02 S1  FR_SAFE_10  seed 26  goal      clr  0.39  t  19.4  inf 180  N 25.9  mpc   5.2 ms  err 0.88
[227/250] shift=0.02 S1  FR_SAFE_10  seed 27  goal      clr  0.58  t  23.6  inf 220  N 26.4  mpc   5.5 ms  err 0.51
[228/250] shift=0.02 S1  FR_SAFE_10  seed 28  goal      clr  0.57  t  16.5  inf 152  N 25.7  mpc   4.8 ms  err 0.65
[229/250] shift=0.02 S1  FR_SAFE_10  seed 29  goal      clr  0.52  t  24.6  inf 226  N 25.1  mpc   5.2 ms  err 0.63
[230/250] shift=0.02 S1  FR_SAFE_10  seed 30  goal      clr  0.52  t  22.2  inf 206  N 25.6  mpc   5.3 ms  err 0.84
[231/250] shift=0.02 S1  FR_SAFE_10  seed 31  goal      clr  0.52  t  21.6  inf 198  N 24.9  mpc   5.0 ms  err 0.30
[232/250] shift=0.02 S1  FR_SAFE_10  seed 32  goal      clr  0.63  t  16.3  inf 153  N 26.5  mpc   5.2 ms  err 0.46
[233/250] shift=0.02 S1  FR_SAFE_10  seed 33  goal      clr  0.55  t  15.2  inf 141  N 26.2  mpc   4.6 ms  err 0.54
[234/250] shift=0.02 S1  FR_SAFE_10  seed 34  goal      clr  0.47  t  20.6  inf 193  N 24.3  mpc   4.5 ms  err 0.76
[235/250] shift=0.02 S1  FR_SAFE_10  seed 35  goal      clr  0.54  t  16.3  inf 154  N 26.8  mpc   4.9 ms  err 0.57
[236/250] shift=0.02 S1  FR_SAFE_10  seed 36  goal      clr  0.49  t  15.8  inf 146  N 25.8  mpc   4.3 ms  err 0.48
[237/250] shift=0.02 S1  FR_SAFE_10  seed 37  goal      clr  0.09  t  22.3  inf 206  N 27.4  mpc   5.4 ms  err 0.81
[238/250] shift=0.02 S1  FR_SAFE_10  seed 38  goal      clr  0.49  t  27.4  inf 254  N 25.5  mpc   5.1 ms  err 0.76
[239/250] shift=0.02 S1  FR_SAFE_10  seed 39  goal      clr  0.48  t  21.7  inf 204  N 25.6  mpc   4.9 ms  err 0.50
[240/250] shift=0.02 S1  FR_SAFE_10  seed 40  goal      clr  0.43  t  16.9  inf 155  N 25.7  mpc   4.8 ms  err 0.63
[241/250] shift=0.02 S1  FR_SAFE_10  seed 41  goal      clr  0.32  t  24.6  inf 229  N 25.6  mpc   4.9 ms  err 0.92
[242/250] shift=0.02 S1  FR_SAFE_10  seed 42  goal      clr  0.63  t  18.3  inf 172  N 26.4  mpc   4.8 ms  err 0.58
[243/250] shift=0.02 S1  FR_SAFE_10  seed 43  goal      clr  0.46  t  20.7  inf 193  N 25.6  mpc   4.6 ms  err 0.50
[244/250] shift=0.02 S1  FR_SAFE_10  seed 44  goal      clr  0.64  t  14.6  inf 137  N 26.1  mpc   4.5 ms  err 0.71
[245/250] shift=0.02 S1  FR_SAFE_10  seed 45  goal      clr  0.46  t  17.6  inf 164  N 26.9  mpc   5.0 ms  err 0.48
[246/250] shift=0.02 S1  FR_SAFE_10  seed 46  goal      clr  0.45  t  18.8  inf 174  N 27.1  mpc   5.0 ms  err 0.58
[247/250] shift=0.02 S1  FR_SAFE_10  seed 47  goal      clr  0.64  t  16.9  inf 158  N 26.5  mpc   5.0 ms  err 0.40
[248/250] shift=0.02 S1  FR_SAFE_10  seed 48  goal      clr  0.66  t  21.4  inf 197  N 25.0  mpc   4.5 ms  err 0.70
[249/250] shift=0.02 S1  FR_SAFE_10  seed 49  goal      clr  0.77  t  14.0  inf 127  N 26.7  mpc   4.7 ms  err 0.34
[250/250] shift=0.02 S1  FR_SAFE_10  seed 50  goal      clr  0.65  t  28.9  inf 268  N 23.7  mpc   4.5 ms  err 0.63
