[  1/450] latency=0.25 S1  E_DART      seed  1  goal      clr  0.46  t  15.2  inf  45  N 26.2  mpc   8.7 ms  err 0.13
[  2/450] latency=0.25 S1  E_DART      seed  2  goal      clr  0.48  t  15.8  inf  42  N 24.8  mpc   7.8 ms  err 0.36
[  3/450] latency=0.25 S1  E_DART      seed  3  goal      clr  0.42  t  21.8  inf  63  N 27.0  mpc   7.9 ms  err 0.39
[  4/450] latency=0.25 S1  E_DART      seed  4  goal      clr  0.50  t  14.9  inf  44  N 25.4  mpc   6.7 ms  err 0.24
[  5/450] latency=0.25 S1  E_DART      seed  5  goal      clr  0.70  t  14.7  inf  41  N 25.7  mpc   6.4 ms  err 0.32
[  6/450] latency=0.25 S1  E_DART      seed  6  goal      clr  0.67  t  14.4  inf  40  N 25.5  mpc   6.2 ms  err 0.21
[  7/450] latency=0.25 S1  E_DART      seed  7  goal      clr  0.54  t  14.7  inf  43  N 25.3  mpc   6.3 ms  err 0.21
[  8/450] latency=0.25 S1  E_DART      seed  8  goal      clr  0.59  t  15.2  inf  45  N 26.2  mpc   6.7 ms  err 0.36
[  9/450] latency=0.25 S1  E_DART      seed  9  goal      clr  0.49  t  15.6  inf  42  N 25.2  mpc   6.3 ms  err 0.34
[ 10/450] latency=0.25 S1  E_DART      seed 10  goal      clr  0.62  t  15.6  inf  45  N 25.8  mpc   6.6 ms  err 0.22
[ 11/450] latency=0.25 S1  E_DART      seed 11  goal      clr  0.65  t  14.4  inf  44  N 25.8  mpc   6.3 ms  err 0.21
[ 12/450] latency=0.25 S1  E_DART      seed 12  goal      clr  0.49  t  15.6  inf  46  N 26.2  mpc   6.5 ms  err 0.19
[ 13/450] latency=0.25 S1  E_DART      seed 13  goal      clr  0.70  t  14.2  inf  45  N 26.1  mpc   6.5 ms  err 0.16
[ 14/450] latency=0.25 S1  E_DART      seed 14  goal      clr  0.56  t  14.3  inf  41  N 25.6  mpc   6.5 ms  err 0.18
[ 15/450] latency=0.25 S1  E_DART      seed 15  goal      clr  0.56  t  15.7  inf  45  N 25.9  mpc   6.6 ms  err 0.29
[ 16/450] latency=0.25 S1  E_DART      seed 16  goal      clr  0.70  t  14.3  inf  41  N 25.3  mpc   6.1 ms  err 0.18
[ 17/450] latency=0.25 S1  E_DART      seed 17  goal      clr  0.59  t  14.2  inf  41  N 25.4  mpc   6.2 ms  err 0.30
[ 18/450] latency=0.25 S1  E_DART      seed 18  goal      clr  0.63  t  14.7  inf  47  N 25.9  mpc   6.6 ms  err 0.22
[ 19/450] latency=0.25 S1  E_DART      seed 19  goal      clr  0.46  t  15.9  inf  51  N 25.9  mpc   6.8 ms  err 0.23
[ 20/450] latency=0.25 S1  E_DART      seed 20  goal      clr  0.53  t  14.6  inf  42  N 25.3  mpc   6.1 ms  err 0.36
[ 21/450] latency=0.25 S1  E_DART      seed 21  goal      clr  0.65  t  15.3  inf  44  N 25.9  mpc   6.2 ms  err 0.17
[ 22/450] latency=0.25 S1  E_DART      seed 22  goal      clr  0.61  t  14.0  inf  42  N 25.9  mpc   6.3 ms  err 0.36
[ 23/450] latency=0.25 S1  E_DART      seed 23  goal      clr  0.65  t  15.0  inf  42  N 25.3  mpc   6.3 ms  err 0.17
[ 24/450] latency=0.25 S1  E_DART      seed 24  goal      clr  0.62  t  14.0  inf  39  N 25.6  mpc   6.3 ms  err 0.20
[ 25/450] latency=0.25 S1  E_DART      seed 25  goal      clr  0.51  t  14.5  inf  43  N 25.8  mpc   7.0 ms  err 0.18
[ 26/450] latency=0.25 S1  E_DART      seed 26  goal      clr  0.34  t  16.4  inf  44  N 24.7  mpc   6.4 ms  err 0.26
[ 27/450] latency=0.25 S1  E_DART      seed 27  goal      clr  0.55  t  14.4  inf  44  N 25.9  mpc   6.4 ms  err 0.11
[ 28/450] latency=0.25 S1  E_DART      seed 28  goal      clr  0.65  t  13.9  inf  43  N 26.0  mpc   6.5 ms  err 0.26
[ 29/450] latency=0.25 S1  E_DART      seed 29  goal      clr  0.45  t  15.9  inf  47  N 26.2  mpc   7.2 ms  err 0.26
[ 30/450] latency=0.25 S1  E_DART      seed 30  goal      clr  0.64  t  14.6  inf  40  N 25.6  mpc   7.0 ms  err 0.29
[ 31/450] latency=0.25 S1  E_DART      seed 31  goal      clr  0.56  t  15.0  inf  45  N 25.7  mpc   6.8 ms  err 0.14
[ 32/450] latency=0.25 S1  E_DART      seed 32  goal      clr  0.65  t  15.6  inf  42  N 25.7  mpc   7.0 ms  err 0.28
[ 33/450] latency=0.25 S1  E_DART      seed 33  goal      clr  0.69  t  14.9  inf  45  N 25.7  mpc   6.8 ms  err 0.16
[ 34/450] latency=0.25 S1  E_DART      seed 34  goal      clr  0.46  t  18.4  inf  52  N 25.8  mpc   7.1 ms  err 0.21
[ 35/450] latency=0.25 S1  E_DART      seed 35  goal      clr  0.58  t  14.8  inf  45  N 26.0  mpc   6.7 ms  err 0.29
[ 36/450] latency=0.25 S1  E_DART      seed 36  goal      clr  0.55  t  15.7  inf  45  N 26.1  mpc   7.2 ms  err 0.31
[ 37/450] latency=0.25 S1  E_DART      seed 37  goal      clr  0.60  t  18.7  inf  45  N 25.0  mpc   7.0 ms  err 0.25
[ 38/450] latency=0.25 S1  E_DART      seed 38  goal      clr  0.54  t  15.9  inf  47  N 26.2  mpc   7.2 ms  err 0.21
[ 39/450] latency=0.25 S1  E_DART      seed 39  goal      clr  0.59  t  15.8  inf  46  N 26.1  mpc   7.3 ms  err 0.25
[ 40/450] latency=0.25 S1  E_DART      seed 40  goal      clr  0.48  t  16.0  inf  47  N 25.2  mpc   6.6 ms  err 0.34
[ 41/450] latency=0.25 S1  E_DART      seed 41  goal      clr  0.62  t  18.0  inf  46  N 24.7  mpc   6.7 ms  err 0.23
[ 42/450] latency=0.25 S1  E_DART      seed 42  goal      clr  0.65  t  15.7  inf  43  N 26.0  mpc   6.4 ms  err 0.25
[ 43/450] latency=0.25 S1  E_DART      seed 43  goal      clr  0.72  t  15.2  inf  43  N 25.4  mpc   6.6 ms  err 0.28
[ 44/450] latency=0.25 S1  E_DART      seed 44  goal      clr  0.64  t  14.3  inf  41  N 25.4  mpc   6.4 ms  err 0.18
[ 45/450] latency=0.25 S1  E_DART      seed 45  goal      clr  0.55  t  16.2  inf  49  N 26.7  mpc   7.1 ms  err 0.23
[ 46/450] latency=0.25 S1  E_DART      seed 46  goal      clr  0.59  t  14.6  inf  43  N 26.0  mpc   6.8 ms  err 0.29
[ 47/450] latency=0.25 S1  E_DART      seed 47  goal      clr  0.58  t  15.0  inf  41  N 25.4  mpc   6.7 ms  err 0.33
[ 48/450] latency=0.25 S1  E_DART      seed 48  goal      clr  0.61  t  16.7  inf  47  N 25.3  mpc   6.6 ms  err 0.22
[ 49/450] latency=0.25 S1  E_DART      seed 49  goal      clr  0.53  t  14.0  inf  41  N 25.8  mpc   6.2 ms  err 0.26
[ 50/450] latency=0.25 S1  E_DART      seed 50  goal      clr  0.70  t  14.5  inf  46  N 26.1  mpc   6.4 ms  err 0.26
[ 51/450] latency=0.25 S1  Z_ZHUYI     seed  1  goal      clr  0.57  t  15.7  inf  42  N 26.1  mpc   6.9 ms  err 0.22
[ 52/450] latency=0.25 S1  Z_ZHUYI     seed  2  goal      clr  0.65  t  15.0  inf  36  N 25.8  mpc   6.8 ms  err 0.21
[ 53/450] latency=0.25 S1  Z_ZHUYI     seed  3  goal      clr  0.50  t  19.9  inf  43  N 24.6  mpc   6.5 ms  err 0.26
[ 54/450] latency=0.25 S1  Z_ZHUYI     seed  4  goal      clr  0.65  t  14.4  inf  37  N 25.9  mpc   6.7 ms  err 0.20
[ 55/450] latency=0.25 S1  Z_ZHUYI     seed  5  goal      clr  0.69  t  14.4  inf  36  N 25.4  mpc   6.5 ms  err 0.39
[ 56/450] latency=0.25 S1  Z_ZHUYI     seed  6  goal      clr  0.69  t  15.2  inf  35  N 25.3  mpc   6.2 ms  err 0.27
[ 57/450] latency=0.25 S1  Z_ZHUYI     seed  7  goal      clr  0.50  t  14.9  inf  38  N 25.6  mpc   6.5 ms  err 0.22
[ 58/450] latency=0.25 S1  Z_ZHUYI     seed  8  goal      clr  0.54  t  20.9  inf  42  N 24.4  mpc   6.2 ms  err 0.27
[ 59/450] latency=0.25 S1  Z_ZHUYI     seed  9  goal      clr  0.39  t  16.8  inf  41  N 25.3  mpc   6.6 ms  err 0.44
[ 60/450] latency=0.25 S1  Z_ZHUYI     seed 10  goal      clr  0.49  t  16.9  inf  38  N 25.3  mpc   6.4 ms  err 0.19
[ 61/450] latency=0.25 S1  Z_ZHUYI     seed 11  goal      clr  0.62  t  14.7  inf  36  N 26.0  mpc   6.3 ms  err 0.23
[ 62/450] latency=0.25 S1  Z_ZHUYI     seed 12  goal      clr  0.44  t  19.0  inf  40  N 25.4  mpc   6.5 ms  err 0.37
[ 63/450] latency=0.25 S1  Z_ZHUYI     seed 13  goal      clr  0.67  t  19.0  inf  42  N 24.9  mpc   6.0 ms  err 0.19
[ 64/450] latency=0.25 S1  Z_ZHUYI     seed 14  goal      clr  0.57  t  17.8  inf  40  N 24.9  mpc   6.0 ms  err 0.19
[ 65/450] latency=0.25 S1  Z_ZHUYI     seed 15  goal      clr  0.43  t  39.3  inf  61  N 21.6  mpc   5.8 ms  err 0.53
[ 66/450] latency=0.25 S1  Z_ZHUYI     seed 16  goal      clr  0.70  t  15.1  inf  34  N 25.7  mpc   6.2 ms  err 0.20
[ 67/450] latency=0.25 S1  Z_ZHUYI     seed 17  goal      clr  0.67  t  19.2  inf  41  N 24.4  mpc   6.0 ms  err 0.26
[ 68/450] latency=0.25 S1  Z_ZHUYI     seed 18  goal      clr  0.67  t  14.5  inf  41  N 25.9  mpc   6.2 ms  err 0.19
[ 69/450] latency=0.25 S1  Z_ZHUYI     seed 19  goal      clr  0.49  t  17.1  inf  45  N 26.2  mpc   7.0 ms  err 0.24
[ 70/450] latency=0.25 S1  Z_ZHUYI     seed 20  goal      clr  0.74  t  14.2  inf  36  N 25.4  mpc   6.1 ms  err 0.27
[ 71/450] latency=0.25 S1  Z_ZHUYI     seed 21  goal      clr  0.62  t  15.1  inf  33  N 26.0  mpc   6.4 ms  err 0.25
[ 72/450] latency=0.25 S1  Z_ZHUYI     seed 22  goal      clr  0.41  t  16.4  inf  37  N 25.6  mpc   6.4 ms  err 0.35
[ 73/450] latency=0.25 S1  Z_ZHUYI     seed 23  goal      clr  0.56  t  15.1  inf  35  N 25.3  mpc   6.2 ms  err 0.24
[ 74/450] latency=0.25 S1  Z_ZHUYI     seed 24  goal      clr  0.60  t  14.3  inf  35  N 25.7  mpc   6.0 ms  err 0.18
[ 75/450] latency=0.25 S1  Z_ZHUYI     seed 25  goal      clr  0.58  t  15.3  inf  36  N 25.7  mpc   6.4 ms  err 0.18
[ 76/450] latency=0.25 S1  Z_ZHUYI     seed 26  goal      clr  0.64  t  20.1  inf  37  N 25.4  mpc   6.8 ms  err 0.24
[ 77/450] latency=0.25 S1  Z_ZHUYI     seed 27  goal      clr  0.64  t  14.4  inf  38  N 26.0  mpc   6.3 ms  err 0.11
[ 78/450] latency=0.25 S1  Z_ZHUYI     seed 28  goal      clr  0.64  t  14.0  inf  37  N 26.1  mpc   6.1 ms  err 0.35
[ 79/450] latency=0.25 S1  Z_ZHUYI     seed 29  goal      clr  0.63  t  21.3  inf  42  N 23.5  mpc   6.0 ms  err 0.26
[ 80/450] latency=0.25 S1  Z_ZHUYI     seed 30  goal      clr  0.60  t  19.8  inf  40  N 23.5  mpc   5.6 ms  err 0.28
[ 81/450] latency=0.25 S1  Z_ZHUYI     seed 31  goal      clr  0.59  t  15.0  inf  39  N 25.6  mpc   6.3 ms  err 0.19
[ 82/450] latency=0.25 S1  Z_ZHUYI     seed 32  goal      clr  0.65  t  15.6  inf  36  N 26.1  mpc   6.5 ms  err 0.27
[ 83/450] latency=0.25 S1  Z_ZHUYI     seed 33  goal      clr  0.62  t  20.8  inf  42  N 23.9  mpc   5.8 ms  err 0.23
[ 84/450] latency=0.25 S1  Z_ZHUYI     seed 34  goal      clr  0.41  t  28.7  inf  53  N 21.6  mpc   5.5 ms  err 0.41
[ 85/450] latency=0.25 S1  Z_ZHUYI     seed 35  goal      clr  0.61  t  14.5  inf  38  N 26.1  mpc   6.2 ms  err 0.31
[ 86/450] latency=0.25 S1  Z_ZHUYI     seed 36  goal      clr  0.56  t  15.0  inf  39  N 25.8  mpc   6.3 ms  err 0.23
[ 87/450] latency=0.25 S1  Z_ZHUYI     seed 37  goal      clr  0.70  t  14.2  inf  34  N 25.4  mpc   6.0 ms  err 0.17
[ 88/450] latency=0.25 S1  Z_ZHUYI     seed 38  goal      clr  0.66  t  36.0  inf  63  N 23.3  mpc   6.2 ms  err 0.29
[ 89/450] latency=0.25 S1  Z_ZHUYI     seed 39  goal      clr  0.59  t  15.2  inf  42  N 26.0  mpc   6.7 ms  err 0.16
[ 90/450] latency=0.25 S1  Z_ZHUYI     seed 40  goal      clr  0.41  t  15.3  inf  38  N 25.7  mpc   6.5 ms  err 0.37
[ 91/450] latency=0.25 S1  Z_ZHUYI     seed 41  goal      clr  0.41  t  20.7  inf  43  N 24.1  mpc   6.2 ms  err 0.41
[ 92/450] latency=0.25 S1  Z_ZHUYI     seed 42  goal      clr  0.60  t  20.7  inf  41  N 23.7  mpc   5.8 ms  err 0.19
[ 93/450] latency=0.25 S1  Z_ZHUYI     seed 43  goal      clr  0.58  t  15.7  inf  35  N 25.7  mpc   6.2 ms  err 0.24
[ 94/450] latency=0.25 S1  Z_ZHUYI     seed 44  goal      clr  0.58  t  22.4  inf  45  N 23.1  mpc   5.6 ms  err 0.29
[ 95/450] latency=0.25 S1  Z_ZHUYI     seed 45  goal      clr  0.52  t  15.6  inf  37  N 25.9  mpc   6.3 ms  err 0.22
[ 96/450] latency=0.25 S1  Z_ZHUYI     seed 46  goal      clr  0.59  t  14.5  inf  40  N 26.0  mpc   6.1 ms  err 0.23
[ 97/450] latency=0.25 S1  Z_ZHUYI     seed 47  goal      clr  0.57  t  15.1  inf  35  N 25.7  mpc   6.4 ms  err 0.29
[ 98/450] latency=0.25 S1  Z_ZHUYI     seed 48  goal      clr  0.53  t  14.9  inf  38  N 26.2  mpc   6.5 ms  err 0.23
[ 99/450] latency=0.25 S1  Z_ZHUYI     seed 49  goal      clr  0.82  t  13.9  inf  34  N 25.7  mpc   6.0 ms  err 0.21
[100/450] latency=0.25 S1  Z_ZHUYI     seed 50  goal      clr  0.52  t  15.2  inf  37  N 25.9  mpc   6.4 ms  err 0.14
[101/450] latency=0.25 S1  A_FR_FN     seed  1  goal      clr  0.45  t  13.6  inf  50  N 20.0  mpc   4.0 ms  err 0.17
[102/450] latency=0.25 S1  A_FR_FN     seed  2  goal      clr  0.40  t  13.6  inf  50  N 20.0  mpc   3.9 ms  err 0.23
[103/450] latency=0.25 S1  A_FR_FN     seed  3  goal      clr  0.43  t  14.3  inf  54  N 20.0  mpc   4.1 ms  err 0.22
[104/450] latency=0.25 S1  A_FR_FN     seed  4  goal      clr  0.48  t  13.6  inf  51  N 20.0  mpc   4.1 ms  err 0.18
[105/450] latency=0.25 S1  A_FR_FN     seed  5  goal      clr  0.41  t  14.0  inf  49  N 20.0  mpc   4.3 ms  err 0.24
[106/450] latency=0.25 S1  A_FR_FN     seed  6  goal      clr  0.46  t  13.4  inf  48  N 20.0  mpc   4.0 ms  err 0.14
[107/450] latency=0.25 S1  A_FR_FN     seed  7  goal      clr  0.44  t  13.4  inf  50  N 20.0  mpc   4.1 ms  err 0.25
[108/450] latency=0.25 S1  A_FR_FN     seed  8  goal      clr  0.29  t  13.8  inf  51  N 20.0  mpc   4.1 ms  err 0.27
[109/450] latency=0.25 S1  A_FR_FN     seed  9  goal      clr  0.29  t  13.6  inf  49  N 20.0  mpc   4.3 ms  err 0.22
[110/450] latency=0.25 S1  A_FR_FN     seed 10  goal      clr  0.43  t  13.5  inf  52  N 20.0  mpc   4.1 ms  err 0.23
[111/450] latency=0.25 S1  A_FR_FN     seed 11  goal      clr  0.51  t  13.4  inf  49  N 20.0  mpc   4.0 ms  err 0.22
[112/450] latency=0.25 S1  A_FR_FN     seed 12  goal      clr  0.35  t  13.4  inf  48  N 20.0  mpc   4.1 ms  err 0.19
[113/450] latency=0.25 S1  A_FR_FN     seed 13  goal      clr  0.45  t  13.5  inf  53  N 20.0  mpc   4.2 ms  err 0.18
[114/450] latency=0.25 S1  A_FR_FN     seed 14  goal      clr  0.40  t  13.8  inf  52  N 20.0  mpc   4.3 ms  err 0.16
[115/450] latency=0.25 S1  A_FR_FN     seed 15  goal      clr  0.35  t  14.2  inf  54  N 20.0  mpc   4.2 ms  err 0.28
[116/450] latency=0.25 S1  A_FR_FN     seed 16  goal      clr  0.53  t  13.3  inf  50  N 20.0  mpc   4.0 ms  err 0.21
[117/450] latency=0.25 S1  A_FR_FN     seed 17  goal      clr  0.47  t  13.5  inf  53  N 20.0  mpc   4.1 ms  err 0.17
[118/450] latency=0.25 S1  A_FR_FN     seed 18  goal      clr  0.44  t  13.9  inf  55  N 20.0  mpc   4.2 ms  err 0.16
[119/450] latency=0.25 S1  A_FR_FN     seed 19  goal      clr  0.35  t  14.1  inf  56  N 20.0  mpc   4.2 ms  err 0.22
[120/450] latency=0.25 S1  A_FR_FN     seed 20  goal      clr  0.36  t  15.4  inf  58  N 20.0  mpc   4.2 ms  err 0.27
[121/450] latency=0.25 S1  A_FR_FN     seed 21  goal      clr  0.49  t  13.5  inf  49  N 20.0  mpc   4.1 ms  err 0.17
[122/450] latency=0.25 S1  A_FR_FN     seed 22  goal      clr  0.47  t  13.4  inf  53  N 20.0  mpc   4.1 ms  err 0.25
[123/450] latency=0.25 S1  A_FR_FN     seed 23  goal      clr  0.44  t  13.5  inf  50  N 20.0  mpc   4.1 ms  err 0.26
[124/450] latency=0.25 S1  A_FR_FN     seed 24  goal      clr  0.44  t  13.3  inf  50  N 20.0  mpc   3.8 ms  err 0.21
[125/450] latency=0.25 S1  A_FR_FN     seed 25  goal      clr  0.43  t  13.5  inf  50  N 20.0  mpc   3.9 ms  err 0.18
[126/450] latency=0.25 S1  A_FR_FN     seed 26  goal      clr  0.41  t  13.7  inf  53  N 20.0  mpc   4.1 ms  err 0.15
[127/450] latency=0.25 S1  A_FR_FN     seed 27  goal      clr  0.42  t  13.6  inf  51  N 20.0  mpc   3.9 ms  err 0.11
[128/450] latency=0.25 S1  A_FR_FN     seed 28  goal      clr  0.36  t  13.4  inf  50  N 20.0  mpc   3.8 ms  err 0.23
[129/450] latency=0.25 S1  A_FR_FN     seed 29  goal      clr  0.33  t  13.9  inf  53  N 20.0  mpc   4.0 ms  err 0.17
[130/450] latency=0.25 S1  A_FR_FN     seed 30  goal      clr  0.55  t  13.4  inf  49  N 20.0  mpc   3.9 ms  err 0.29
[131/450] latency=0.25 S1  A_FR_FN     seed 31  goal      clr  0.43  t  13.7  inf  53  N 20.0  mpc   4.3 ms  err 0.18
[132/450] latency=0.25 S1  A_FR_FN     seed 32  goal      clr  0.39  t  26.3  inf  96  N 20.0  mpc   4.7 ms  err 0.26
[133/450] latency=0.25 S1  A_FR_FN     seed 33  goal      clr  0.53  t  13.4  inf  52  N 20.0  mpc   4.2 ms  err 0.16
[134/450] latency=0.25 S1  A_FR_FN     seed 34  goal      clr  0.43  t  13.8  inf  52  N 20.0  mpc   4.3 ms  err 0.28
[135/450] latency=0.25 S1  A_FR_FN     seed 35  goal      clr  0.38  t  13.8  inf  54  N 20.0  mpc   4.4 ms  err 0.24
[136/450] latency=0.25 S1  A_FR_FN     seed 36  goal      clr  0.48  t  13.5  inf  51  N 20.0  mpc   4.3 ms  err 0.23
[137/450] latency=0.25 S1  A_FR_FN     seed 37  goal      clr  0.40  t  14.0  inf  55  N 20.0  mpc   4.4 ms  err 0.41
[138/450] latency=0.25 S1  A_FR_FN     seed 38  goal      clr  0.48  t  13.9  inf  50  N 20.0  mpc   4.4 ms  err 0.20
[139/450] latency=0.25 S1  A_FR_FN     seed 39  goal      clr  0.38  t  14.1  inf  51  N 20.0  mpc   4.4 ms  err 0.14
[140/450] latency=0.25 S1  A_FR_FN     seed 40  goal      clr  0.43  t  13.4  inf  52  N 20.0  mpc   4.3 ms  err 0.31
[141/450] latency=0.25 S1  A_FR_FN     seed 41  goal      clr  0.48  t  13.7  inf  50  N 20.0  mpc   4.3 ms  err 0.21
[142/450] latency=0.25 S1  A_FR_FN     seed 42  goal      clr  0.50  t  13.7  inf  49  N 20.0  mpc   4.5 ms  err 0.28
[143/450] latency=0.25 S1  A_FR_FN     seed 43  goal      clr  0.46  t  13.7  inf  53  N 20.0  mpc   4.4 ms  err 0.14
[144/450] latency=0.25 S1  A_FR_FN     seed 44  goal      clr  0.48  t  13.3  inf  49  N 20.0  mpc   4.3 ms  err 0.20
[145/450] latency=0.25 S1  A_FR_FN     seed 45  goal      clr  0.30  t  14.0  inf  54  N 20.0  mpc   4.4 ms  err 0.34
[146/450] latency=0.25 S1  A_FR_FN     seed 46  goal      clr  0.40  t  13.7  inf  52  N 20.0  mpc   4.3 ms  err 0.26
[147/450] latency=0.25 S1  A_FR_FN     seed 47  goal      clr  0.41  t  16.3  inf  60  N 20.0  mpc   4.6 ms  err 0.19
[148/450] latency=0.25 S1  A_FR_FN     seed 48  goal      clr  0.36  t  13.6  inf  53  N 20.0  mpc   4.3 ms  err 0.23
[149/450] latency=0.25 S1  A_FR_FN     seed 49  goal      clr  0.49  t  13.4  inf  53  N 20.0  mpc   4.3 ms  err 0.16
[150/450] latency=0.25 S1  A_FR_FN     seed 50  goal      clr  0.40  t  13.6  inf  52  N 20.0  mpc   4.5 ms  err 0.18
[151/450] latency=0.25 S1  F_NODELAY   seed  1  collision clr -0.02  t  37.7  inf 126  N 26.0  mpc   8.5 ms  err 1.61
[152/450] latency=0.25 S1  F_NODELAY   seed  2  collision clr -0.01  t   4.0  inf  13  N 25.9  mpc   7.0 ms  err 2.23
[153/450] latency=0.25 S1  F_NODELAY   seed  3  goal      clr  0.16  t  22.4  inf  67  N 23.2  mpc   6.6 ms  err 1.65
[154/450] latency=0.25 S1  F_NODELAY   seed  4  goal      clr  0.37  t  25.9  inf  81  N 24.6  mpc   7.5 ms  err 2.00
[155/450] latency=0.25 S1  F_NODELAY   seed  5  collision clr -0.01  t   9.1  inf  31  N 26.4  mpc   8.7 ms  err 1.93
[156/450] latency=0.25 S1  F_NODELAY   seed  6  collision clr -0.01  t  16.4  inf  53  N 26.7  mpc   8.1 ms  err 1.97
[157/450] latency=0.25 S1  F_NODELAY   seed  7  collision clr -0.01  t   2.6  inf   5  N 21.9  mpc   4.5 ms  err 4.42
[158/450] latency=0.25 S1  F_NODELAY   seed  8  collision clr -0.01  t  11.7  inf  39  N 24.7  mpc   7.6 ms  err 1.39
[159/450] latency=0.25 S1  F_NODELAY   seed  9  collision clr -0.00  t   5.2  inf  14  N 26.8  mpc   7.2 ms  err 2.08
[160/450] latency=0.25 S1  F_NODELAY   seed 10  goal      clr  0.20  t  26.5  inf  82  N 23.6  mpc   7.1 ms  err 1.76
[161/450] latency=0.25 S1  F_NODELAY   seed 11  collision clr -0.01  t   9.0  inf  28  N 21.6  mpc   6.5 ms  err 1.58
[162/450] latency=0.25 S1  F_NODELAY   seed 12  collision clr -0.00  t  10.3  inf  37  N 25.6  mpc   8.0 ms  err 1.73
[163/450] latency=0.25 S1  F_NODELAY   seed 13  goal      clr  0.27  t  26.8  inf  74  N 24.5  mpc   7.2 ms  err 2.19
[164/450] latency=0.25 S1  F_NODELAY   seed 14  collision clr -0.02  t   2.2  inf   7  N 24.0  mpc   6.0 ms  err 2.69
[165/450] latency=0.25 S1  F_NODELAY   seed 15  collision clr -0.01  t  15.0  inf  48  N 24.4  mpc   8.0 ms  err 2.13
[166/450] latency=0.25 S1  F_NODELAY   seed 16  collision clr -0.00  t  15.2  inf  50  N 26.4  mpc   7.5 ms  err 1.81
[167/450] latency=0.25 S1  F_NODELAY   seed 17  collision clr -0.01  t   8.5  inf  30  N 26.3  mpc   7.2 ms  err 1.75
[168/450] latency=0.25 S1  F_NODELAY   seed 18  collision clr -0.01  t   5.0  inf  15  N 26.0  mpc   7.5 ms  err 2.11
[169/450] latency=0.25 S1  F_NODELAY   seed 19  collision clr -0.02  t   3.2  inf  11  N 25.4  mpc   6.8 ms  err 2.14
[170/450] latency=0.25 S1  F_NODELAY   seed 20  collision clr -0.02  t  18.7  inf  59  N 26.0  mpc   8.0 ms  err 1.85
[171/450] latency=0.25 S1  F_NODELAY   seed 21  collision clr -0.01  t   5.6  inf  18  N 26.3  mpc   7.9 ms  err 2.10
[172/450] latency=0.25 S1  F_NODELAY   seed 22  collision clr -0.00  t  18.4  inf  65  N 24.8  mpc   7.6 ms  err 1.32
[173/450] latency=0.25 S1  F_NODELAY   seed 23  collision clr -0.00  t   9.5  inf  33  N 23.5  mpc   7.2 ms  err 1.92
[174/450] latency=0.25 S1  F_NODELAY   seed 24  collision clr -0.01  t   9.3  inf  32  N 28.3  mpc   8.7 ms  err 2.36
[175/450] latency=0.25 S1  F_NODELAY   seed 25  collision clr -0.02  t   3.5  inf  12  N 24.5  mpc   6.7 ms  err 2.34
[176/450] latency=0.25 S1  F_NODELAY   seed 26  collision clr -0.02  t  11.2  inf  37  N 27.6  mpc   8.7 ms  err 2.31
[177/450] latency=0.25 S1  F_NODELAY   seed 27  collision clr -0.00  t   8.7  inf  30  N 27.3  mpc   7.7 ms  err 1.77
[178/450] latency=0.25 S1  F_NODELAY   seed 28  goal      clr  0.01  t  25.8  inf  82  N 26.4  mpc   7.7 ms  err 2.21
[179/450] latency=0.25 S1  F_NODELAY   seed 29  collision clr -0.02  t  18.9  inf  63  N 26.5  mpc   8.5 ms  err 1.60
[180/450] latency=0.25 S1  F_NODELAY   seed 30  collision clr -0.00  t   3.7  inf  12  N 25.8  mpc   7.3 ms  err 2.40
[181/450] latency=0.25 S1  F_NODELAY   seed 31  collision clr -0.01  t   3.7  inf  14  N 25.9  mpc   6.9 ms  err 1.90
[182/450] latency=0.25 S1  F_NODELAY   seed 32  collision clr -0.02  t   2.2  inf   6  N 22.4  mpc   4.8 ms  err 3.31
[183/450] latency=0.25 S1  F_NODELAY   seed 33  collision clr -0.01  t  18.9  inf  71  N 23.4  mpc   7.5 ms  err 2.52
[184/450] latency=0.25 S1  F_NODELAY   seed 34  goal      clr  0.11  t  23.2  inf  67  N 24.6  mpc   7.1 ms  err 1.69
[185/450] latency=0.25 S1  F_NODELAY   seed 35  collision clr -0.01  t  15.7  inf  53  N 27.0  mpc   8.2 ms  err 2.03
[186/450] latency=0.25 S1  F_NODELAY   seed 36  collision clr -0.00  t  16.7  inf  55  N 24.4  mpc   7.2 ms  err 1.60
[187/450] latency=0.25 S1  F_NODELAY   seed 37  goal      clr  0.01  t  29.1  inf  84  N 23.3  mpc   6.9 ms  err 2.05
[188/450] latency=0.25 S1  F_NODELAY   seed 38  goal      clr  0.28  t  20.4  inf  60  N 23.9  mpc   6.6 ms  err 1.61
[189/450] latency=0.25 S1  F_NODELAY   seed 39  collision clr -0.01  t   4.6  inf  16  N 25.8  mpc   6.9 ms  err 2.23
[190/450] latency=0.25 S1  F_NODELAY   seed 40  collision clr -0.01  t  24.7  inf  80  N 23.6  mpc   7.0 ms  err 1.68
[191/450] latency=0.25 S1  F_NODELAY   seed 41  collision clr -0.00  t  20.6  inf  72  N 24.9  mpc   6.9 ms  err 1.92
[192/450] latency=0.25 S1  F_NODELAY   seed 42  goal      clr  0.05  t  22.8  inf  72  N 25.6  mpc   7.4 ms  err 1.68
[193/450] latency=0.25 S1  F_NODELAY   seed 43  collision clr -0.01  t  13.1  inf  45  N 24.1  mpc   7.3 ms  err 1.62
[194/450] latency=0.25 S1  F_NODELAY   seed 44  collision clr -0.01  t   3.1  inf  11  N 25.1  mpc   7.0 ms  err 2.26
[195/450] latency=0.25 S1  F_NODELAY   seed 45  collision clr -0.02  t  14.1  inf  48  N 23.2  mpc   7.1 ms  err 1.41
[196/450] latency=0.25 S1  F_NODELAY   seed 46  collision clr -0.00  t   3.5  inf  12  N 25.4  mpc   8.3 ms  err 2.13
[197/450] latency=0.25 S1  F_NODELAY   seed 47  collision clr -0.03  t   5.2  inf  15  N 26.4  mpc   8.1 ms  err 2.37
[198/450] latency=0.25 S1  F_NODELAY   seed 48  collision clr -0.00  t  15.2  inf  54  N 27.0  mpc   8.4 ms  err 1.76
[199/450] latency=0.25 S1  F_NODELAY   seed 49  collision clr -0.01  t  27.8  inf  98  N 26.1  mpc   7.9 ms  err 1.71
[200/450] latency=0.25 S1  F_NODELAY   seed 50  collision clr -0.01  t  15.7  inf  56  N 27.6  mpc   8.1 ms  err 2.09
[201/450] latency=0.25 S1  FR_SAFE_1   seed  1  goal      clr  0.69  t  31.8  inf  32  N 22.6  mpc   6.2 ms  err 0.28
[202/450] latency=0.25 S1  FR_SAFE_1   seed  2  goal      clr  0.62  t  18.1  inf  19  N 25.9  mpc   7.1 ms  err 0.40
[203/450] latency=0.25 S1  FR_SAFE_1   seed  3  goal      clr  0.36  t  33.9  inf  34  N 23.4  mpc   6.9 ms  err 0.32
[204/450] latency=0.25 S1  FR_SAFE_1   seed  4  goal      clr  0.72  t  23.9  inf  24  N 24.8  mpc   7.1 ms  err 0.30
[205/450] latency=0.25 S1  FR_SAFE_1   seed  5  goal      clr  0.61  t  23.0  inf  23  N 24.5  mpc   6.7 ms  err 0.49
[206/450] latency=0.25 S1  FR_SAFE_1   seed  6  goal      clr  0.41  t  20.4  inf  21  N 26.8  mpc   7.6 ms  err 0.49
[207/450] latency=0.25 S1  FR_SAFE_1   seed  7  goal      clr  0.80  t  21.8  inf  22  N 25.4  mpc   7.5 ms  err 0.34
[208/450] latency=0.25 S1  FR_SAFE_1   seed  8  goal      clr  0.50  t  23.5  inf  24  N 25.0  mpc   7.2 ms  err 0.31
[209/450] latency=0.25 S1  FR_SAFE_1   seed  9  goal      clr  0.57  t  23.7  inf  24  N 25.8  mpc   7.6 ms  err 0.38
[210/450] latency=0.25 S1  FR_SAFE_1   seed 10  goal      clr  0.58  t  23.8  inf  24  N 25.0  mpc   7.4 ms  err 0.32
[211/450] latency=0.25 S1  FR_SAFE_1   seed 11  goal      clr  0.71  t  23.7  inf  24  N 25.6  mpc   7.3 ms  err 0.36
[212/450] latency=0.25 S1  FR_SAFE_1   seed 12  timeout   clr  0.45  t  40.0  inf  40  N 18.4  mpc   4.9 ms  err 0.41
[213/450] latency=0.25 S1  FR_SAFE_1   seed 13  goal      clr  0.56  t  21.5  inf  22  N 24.2  mpc   6.5 ms  err 0.25
[214/450] latency=0.25 S1  FR_SAFE_1   seed 14  timeout   clr  0.75  t  40.0  inf  40  N 19.2  mpc   5.5 ms  err 0.43
[215/450] latency=0.25 S1  FR_SAFE_1   seed 15  goal      clr  0.77  t  21.9  inf  22  N 24.7  mpc   6.9 ms  err 0.24
[216/450] latency=0.25 S1  FR_SAFE_1   seed 16  goal      clr  0.73  t  20.6  inf  21  N 26.5  mpc   7.4 ms  err 0.32
[217/450] latency=0.25 S1  FR_SAFE_1   seed 17  goal      clr  0.61  t  19.1  inf  20  N 24.2  mpc   6.5 ms  err 0.34
[218/450] latency=0.25 S1  FR_SAFE_1   seed 18  goal      clr  0.57  t  19.9  inf  20  N 26.3  mpc   7.6 ms  err 0.41
[219/450] latency=0.25 S1  FR_SAFE_1   seed 19  goal      clr  0.54  t  30.3  inf  31  N 22.8  mpc   6.4 ms  err 0.27
[220/450] latency=0.25 S1  FR_SAFE_1   seed 20  goal      clr  0.91  t  14.8  inf  15  N 26.0  mpc   7.6 ms  err 0.34
[221/450] latency=0.25 S1  FR_SAFE_1   seed 21  goal      clr  0.57  t  19.6  inf  20  N 26.4  mpc   7.3 ms  err 0.37
[222/450] latency=0.25 S1  FR_SAFE_1   seed 22  goal      clr  0.37  t  18.4  inf  19  N 26.5  mpc   7.5 ms  err 0.52
[223/450] latency=0.25 S1  FR_SAFE_1   seed 23  timeout   clr  0.57  t  40.0  inf  40  N 14.7  mpc   3.9 ms  err 0.72
[224/450] latency=0.25 S1  FR_SAFE_1   seed 24  goal      clr  0.66  t  15.2  inf  16  N 26.0  mpc   7.5 ms  err 0.44
[225/450] latency=0.25 S1  FR_SAFE_1   seed 25  goal      clr  0.74  t  21.3  inf  22  N 23.7  mpc   6.3 ms  err 0.42
[226/450] latency=0.25 S1  FR_SAFE_1   seed 26  goal      clr  0.72  t  20.1  inf  21  N 25.8  mpc   7.1 ms  err 0.40
[227/450] latency=0.25 S1  FR_SAFE_1   seed 27  goal      clr  0.78  t  20.4  inf  21  N 25.4  mpc   7.0 ms  err 0.29
[228/450] latency=0.25 S1  FR_SAFE_1   seed 28  goal      clr  0.65  t  18.7  inf  19  N 26.7  mpc   7.3 ms  err 0.35
[229/450] latency=0.25 S1  FR_SAFE_1   seed 29  goal      clr  0.65  t  25.3  inf  26  N 23.9  mpc   5.9 ms  err 0.48
[230/450] latency=0.25 S1  FR_SAFE_1   seed 30  goal      clr  0.45  t  32.5  inf  33  N 23.5  mpc   6.2 ms  err 0.23
[231/450] latency=0.25 S1  FR_SAFE_1   seed 31  goal      clr  0.72  t  23.0  inf  23  N 26.1  mpc   7.6 ms  err 0.44
[232/450] latency=0.25 S1  FR_SAFE_1   seed 32  goal      clr  0.77  t  18.0  inf  18  N 26.1  mpc   7.0 ms  err 0.41
[233/450] latency=0.25 S1  FR_SAFE_1   seed 33  goal      clr  0.61  t  26.3  inf  27  N 23.5  mpc   6.1 ms  err 0.21
[234/450] latency=0.25 S1  FR_SAFE_1   seed 34  goal      clr  0.71  t  31.1  inf  32  N 23.5  mpc   6.3 ms  err 0.45
[235/450] latency=0.25 S1  FR_SAFE_1   seed 35  goal      clr  0.49  t  21.3  inf  22  N 26.5  mpc   6.9 ms  err 0.35
[236/450] latency=0.25 S1  FR_SAFE_1   seed 36  goal      clr  0.58  t  22.3  inf  23  N 24.5  mpc   6.6 ms  err 0.35
[237/450] latency=0.25 S1  FR_SAFE_1   seed 37  goal      clr  0.40  t  18.2  inf  19  N 26.3  mpc   7.2 ms  err 0.46
[238/450] latency=0.25 S1  FR_SAFE_1   seed 38  timeout   clr  0.60  t  40.0  inf  40  N 20.1  mpc   5.5 ms  err 0.64
[239/450] latency=0.25 S1  FR_SAFE_1   seed 39  goal      clr  0.74  t  18.3  inf  19  N 26.1  mpc   6.8 ms  err 0.43
[240/450] latency=0.25 S1  FR_SAFE_1   seed 40  goal      clr  0.49  t  22.4  inf  23  N 25.9  mpc   6.8 ms  err 0.29
[241/450] latency=0.25 S1  FR_SAFE_1   seed 41  goal      clr  0.53  t  20.6  inf  21  N 24.5  mpc   6.5 ms  err 0.38
[242/450] latency=0.25 S1  FR_SAFE_1   seed 42  goal      clr  0.66  t  27.3  inf  28  N 22.1  mpc   5.6 ms  err 0.23
[243/450] latency=0.25 S1  FR_SAFE_1   seed 43  goal      clr  0.41  t  20.2  inf  21  N 25.9  mpc   7.1 ms  err 0.36
[244/450] latency=0.25 S1  FR_SAFE_1   seed 44  goal      clr  0.67  t  26.9  inf  27  N 24.7  mpc   6.4 ms  err 0.39
[245/450] latency=0.25 S1  FR_SAFE_1   seed 45  goal      clr  0.50  t  20.6  inf  21  N 26.4  mpc   7.1 ms  err 0.36
[246/450] latency=0.25 S1  FR_SAFE_1   seed 46  goal      clr  0.77  t  18.3  inf  19  N 26.8  mpc   7.2 ms  err 0.39
[247/450] latency=0.25 S1  FR_SAFE_1   seed 47  goal      clr  0.59  t  19.0  inf  19  N 27.1  mpc   7.5 ms  err 0.42
[248/450] latency=0.25 S1  FR_SAFE_1   seed 48  goal      clr  0.30  t  20.1  inf  21  N 25.0  mpc   6.9 ms  err 0.32
[249/450] latency=0.25 S1  FR_SAFE_1   seed 49  goal      clr  1.00  t  16.4  inf  17  N 26.4  mpc   6.8 ms  err 0.34
[250/450] latency=0.25 S1  FR_SAFE_1   seed 50  goal      clr  0.62  t  25.6  inf  26  N 24.5  mpc   6.6 ms  err 0.28
[251/450] latency=0.25 S1  FR_SAFE_2   seed  1  goal      clr  0.63  t  15.4  inf  31  N 26.0  mpc   6.5 ms  err 0.24
[252/450] latency=0.25 S1  FR_SAFE_2   seed  2  goal      clr  0.47  t  16.4  inf  33  N 25.2  mpc   6.3 ms  err 0.32
[253/450] latency=0.25 S1  FR_SAFE_2   seed  3  goal      clr  0.50  t  19.6  inf  40  N 26.5  mpc   7.3 ms  err 0.31
[254/450] latency=0.25 S1  FR_SAFE_2   seed  4  goal      clr  0.72  t  15.3  inf  31  N 26.0  mpc   6.4 ms  err 0.25
[255/450] latency=0.25 S1  FR_SAFE_2   seed  5  goal      clr  0.70  t  16.8  inf  34  N 25.4  mpc   6.5 ms  err 0.20
[256/450] latency=0.25 S1  FR_SAFE_2   seed  6  goal      clr  0.71  t  14.4  inf  29  N 25.6  mpc   6.0 ms  err 0.33
[257/450] latency=0.25 S1  FR_SAFE_2   seed  7  goal      clr  0.56  t  14.6  inf  30  N 25.5  mpc   6.1 ms  err 0.27
[258/450] latency=0.25 S1  FR_SAFE_2   seed  8  goal      clr  0.68  t  16.3  inf  33  N 25.6  mpc   6.3 ms  err 0.18
[259/450] latency=0.25 S1  FR_SAFE_2   seed  9  goal      clr  0.49  t  15.3  inf  31  N 25.7  mpc   6.3 ms  err 0.36
[260/450] latency=0.25 S1  FR_SAFE_2   seed 10  goal      clr  0.58  t  17.1  inf  35  N 25.3  mpc   6.4 ms  err 0.15
[261/450] latency=0.25 S1  FR_SAFE_2   seed 11  goal      clr  0.66  t  14.6  inf  30  N 26.0  mpc   6.3 ms  err 0.20
[262/450] latency=0.25 S1  FR_SAFE_2   seed 12  goal      clr  0.58  t  16.4  inf  33  N 25.9  mpc   6.5 ms  err 0.16
[263/450] latency=0.25 S1  FR_SAFE_2   seed 13  goal      clr  0.51  t  16.7  inf  34  N 25.9  mpc   6.4 ms  err 0.27
[264/450] latency=0.25 S1  FR_SAFE_2   seed 14  goal      clr  0.52  t  19.1  inf  39  N 25.4  mpc   6.4 ms  err 0.19
[265/450] latency=0.25 S1  FR_SAFE_2   seed 15  goal      clr  0.51  t  16.2  inf  33  N 25.2  mpc   6.3 ms  err 0.30
[266/450] latency=0.25 S1  FR_SAFE_2   seed 16  goal      clr  0.72  t  15.8  inf  32  N 25.6  mpc   6.2 ms  err 0.18
[267/450] latency=0.25 S1  FR_SAFE_2   seed 17  goal      clr  0.60  t  15.1  inf  31  N 25.3  mpc   6.0 ms  err 0.19
[268/450] latency=0.25 S1  FR_SAFE_2   seed 18  goal      clr  0.72  t  15.7  inf  32  N 26.1  mpc   6.7 ms  err 0.27
[269/450] latency=0.25 S1  FR_SAFE_2   seed 19  goal      clr  0.50  t  19.2  inf  39  N 26.4  mpc   7.2 ms  err 0.22
[270/450] latency=0.25 S1  FR_SAFE_2   seed 20  goal      clr  0.75  t  16.3  inf  33  N 25.0  mpc   6.0 ms  err 0.20
[271/450] latency=0.25 S1  FR_SAFE_2   seed 21  goal      clr  0.61  t  16.2  inf  33  N 26.2  mpc   6.6 ms  err 0.20
[272/450] latency=0.25 S1  FR_SAFE_2   seed 22  goal      clr  0.64  t  14.7  inf  30  N 25.8  mpc   6.2 ms  err 0.34
[273/450] latency=0.25 S1  FR_SAFE_2   seed 23  goal      clr  0.64  t  15.8  inf  32  N 25.7  mpc   6.2 ms  err 0.23
[274/450] latency=0.25 S1  FR_SAFE_2   seed 24  goal      clr  0.63  t  15.4  inf  31  N 25.7  mpc   6.1 ms  err 0.22
[275/450] latency=0.25 S1  FR_SAFE_2   seed 25  goal      clr  0.60  t  16.0  inf  32  N 26.1  mpc   6.6 ms  err 0.18
[276/450] latency=0.25 S1  FR_SAFE_2   seed 26  goal      clr  0.51  t  16.5  inf  34  N 25.4  mpc   6.6 ms  err 0.31
[277/450] latency=0.25 S1  FR_SAFE_2   seed 27  goal      clr  0.54  t  14.5  inf  29  N 26.1  mpc   6.3 ms  err 0.19
[278/450] latency=0.25 S1  FR_SAFE_2   seed 28  goal      clr  0.61  t  15.2  inf  31  N 26.0  mpc   6.4 ms  err 0.29
[279/450] latency=0.25 S1  FR_SAFE_2   seed 29  goal      clr  0.39  t  22.5  inf  45  N 26.5  mpc   7.1 ms  err 0.20
[280/450] latency=0.25 S1  FR_SAFE_2   seed 30  goal      clr  0.47  t  16.3  inf  33  N 26.1  mpc   6.8 ms  err 0.24
[281/450] latency=0.25 S1  FR_SAFE_2   seed 31  goal      clr  0.68  t  15.9  inf  32  N 25.6  mpc   6.4 ms  err 0.17
[282/450] latency=0.25 S1  FR_SAFE_2   seed 32  goal      clr  0.40  t  20.8  inf  42  N 25.4  mpc   6.6 ms  err 0.38
[283/450] latency=0.25 S1  FR_SAFE_2   seed 33  goal      clr  0.73  t  15.4  inf  31  N 25.8  mpc   6.3 ms  err 0.14
[284/450] latency=0.25 S1  FR_SAFE_2   seed 34  goal      clr  0.58  t  16.0  inf  32  N 25.8  mpc   6.7 ms  err 0.20
[285/450] latency=0.25 S1  FR_SAFE_2   seed 35  goal      clr  0.67  t  14.9  inf  30  N 26.0  mpc   6.2 ms  err 0.27
[286/450] latency=0.25 S1  FR_SAFE_2   seed 36  goal      clr  0.60  t  16.9  inf  34  N 25.9  mpc   6.5 ms  err 0.22
[287/450] latency=0.25 S1  FR_SAFE_2   seed 37  goal      clr  0.67  t  17.8  inf  36  N 25.2  mpc   6.4 ms  err 0.23
[288/450] latency=0.25 S1  FR_SAFE_2   seed 38  goal      clr  0.62  t  16.0  inf  32  N 26.1  mpc   6.6 ms  err 0.20
[289/450] latency=0.25 S1  FR_SAFE_2   seed 39  goal      clr  0.68  t  14.8  inf  30  N 26.1  mpc   6.4 ms  err 0.24
[290/450] latency=0.25 S1  FR_SAFE_2   seed 40  goal      clr  0.51  t  15.2  inf  31  N 25.8  mpc   6.2 ms  err 0.25
[291/450] latency=0.25 S1  FR_SAFE_2   seed 41  goal      clr  0.64  t  18.1  inf  37  N 24.6  mpc   6.1 ms  err 0.25
[292/450] latency=0.25 S1  FR_SAFE_2   seed 42  goal      clr  0.71  t  15.2  inf  31  N 25.8  mpc   6.3 ms  err 0.28
[293/450] latency=0.25 S1  FR_SAFE_2   seed 43  goal      clr  0.72  t  15.3  inf  31  N 26.0  mpc   6.3 ms  err 0.27
[294/450] latency=0.25 S1  FR_SAFE_2   seed 44  goal      clr  0.66  t  14.9  inf  30  N 25.6  mpc   6.1 ms  err 0.29
[295/450] latency=0.25 S1  FR_SAFE_2   seed 45  goal      clr  0.50  t  16.4  inf  33  N 25.4  mpc   6.5 ms  err 0.27
[296/450] latency=0.25 S1  FR_SAFE_2   seed 46  goal      clr  0.38  t  16.9  inf  34  N 25.9  mpc   6.9 ms  err 0.25
[297/450] latency=0.25 S1  FR_SAFE_2   seed 47  goal      clr  0.61  t  15.3  inf  31  N 25.9  mpc   6.4 ms  err 0.38
[298/450] latency=0.25 S1  FR_SAFE_2   seed 48  goal      clr  0.67  t  15.5  inf  31  N 25.9  mpc   6.5 ms  err 0.17
[299/450] latency=0.25 S1  FR_SAFE_2   seed 49  goal      clr  0.78  t  14.3  inf  29  N 25.7  mpc   5.8 ms  err 0.21
[300/450] latency=0.25 S1  FR_SAFE_2   seed 50  goal      clr  0.43  t  17.4  inf  35  N 25.7  mpc   6.3 ms  err 0.33
[301/450] latency=0.25 S1  FR_SAFE_3   seed  1  goal      clr  0.63  t  14.6  inf  43  N 26.0  mpc   6.2 ms  err 0.17
[302/450] latency=0.25 S1  FR_SAFE_3   seed  2  goal      clr  0.49  t  15.2  inf  44  N 25.3  mpc   6.3 ms  err 0.29
[303/450] latency=0.25 S1  FR_SAFE_3   seed  3  goal      clr  0.40  t  21.6  inf  62  N 25.6  mpc   7.0 ms  err 0.27
[304/450] latency=0.25 S1  FR_SAFE_3   seed  4  goal      clr  0.64  t  14.9  inf  44  N 25.7  mpc   6.4 ms  err 0.22
[305/450] latency=0.25 S1  FR_SAFE_3   seed  5  goal      clr  0.67  t  15.8  inf  45  N 25.7  mpc   6.4 ms  err 0.36
[306/450] latency=0.25 S1  FR_SAFE_3   seed  6  goal      clr  0.71  t  14.3  inf  41  N 25.3  mpc   5.9 ms  err 0.17
[307/450] latency=0.25 S1  FR_SAFE_3   seed  7  goal      clr  0.58  t  15.2  inf  44  N 25.3  mpc   6.1 ms  err 0.21
[308/450] latency=0.25 S1  FR_SAFE_3   seed  8  goal      clr  0.54  t  15.4  inf  45  N 26.1  mpc   6.4 ms  err 0.20
[309/450] latency=0.25 S1  FR_SAFE_3   seed  9  goal      clr  0.68  t  14.1  inf  41  N 26.0  mpc   6.1 ms  err 0.38
[310/450] latency=0.25 S1  FR_SAFE_3   seed 10  goal      clr  0.58  t  15.0  inf  44  N 25.2  mpc   6.2 ms  err 0.15
[311/450] latency=0.25 S1  FR_SAFE_3   seed 11  goal      clr  0.54  t  15.3  inf  44  N 25.9  mpc   6.1 ms  err 0.24
[312/450] latency=0.25 S1  FR_SAFE_3   seed 12  goal      clr  0.59  t  15.8  inf  46  N 26.0  mpc   6.4 ms  err 0.20
[313/450] latency=0.25 S1  FR_SAFE_3   seed 13  goal      clr  0.72  t  14.3  inf  42  N 26.2  mpc   6.3 ms  err 0.19
[314/450] latency=0.25 S1  FR_SAFE_3   seed 14  goal      clr  0.63  t  17.0  inf  49  N 25.2  mpc   6.2 ms  err 0.16
[315/450] latency=0.25 S1  FR_SAFE_3   seed 15  goal      clr  0.57  t  17.1  inf  50  N 25.2  mpc   6.5 ms  err 0.41
[316/450] latency=0.25 S1  FR_SAFE_3   seed 16  goal      clr  0.73  t  14.8  inf  44  N 25.4  mpc   6.0 ms  err 0.18
[317/450] latency=0.25 S1  FR_SAFE_3   seed 17  goal      clr  0.70  t  14.3  inf  42  N 25.2  mpc   6.0 ms  err 0.20
[318/450] latency=0.25 S1  FR_SAFE_3   seed 18  goal      clr  0.69  t  14.4  inf  42  N 25.8  mpc   6.1 ms  err 0.14
[319/450] latency=0.25 S1  FR_SAFE_3   seed 19  goal      clr  0.52  t  15.3  inf  45  N 26.0  mpc   6.5 ms  err 0.17
[320/450] latency=0.25 S1  FR_SAFE_3   seed 20  goal      clr  0.70  t  14.5  inf  42  N 25.5  mpc   5.9 ms  err 0.36
[321/450] latency=0.25 S1  FR_SAFE_3   seed 21  goal      clr  0.74  t  14.6  inf  42  N 25.5  mpc   6.0 ms  err 0.19
[322/450] latency=0.25 S1  FR_SAFE_3   seed 22  goal      clr  0.59  t  14.0  inf  42  N 25.6  mpc   5.9 ms  err 0.25
[323/450] latency=0.25 S1  FR_SAFE_3   seed 23  goal      clr  0.28  t  15.2  inf  44  N 25.5  mpc   6.4 ms  err 0.23
[324/450] latency=0.25 S1  FR_SAFE_3   seed 24  goal      clr  0.67  t  14.2  inf  42  N 25.7  mpc   6.0 ms  err 0.19
[325/450] latency=0.25 S1  FR_SAFE_3   seed 25  goal      clr  0.63  t  15.0  inf  44  N 25.8  mpc   6.2 ms  err 0.21
[326/450] latency=0.25 S1  FR_SAFE_3   seed 26  goal      clr  0.48  t  15.3  inf  45  N 25.5  mpc   6.3 ms  err 0.21
[327/450] latency=0.25 S1  FR_SAFE_3   seed 27  goal      clr  0.61  t  14.5  inf  43  N 25.9  mpc   6.1 ms  err 0.10
[328/450] latency=0.25 S1  FR_SAFE_3   seed 28  goal      clr  0.69  t  14.1  inf  42  N 26.4  mpc   6.1 ms  err 0.40
[329/450] latency=0.25 S1  FR_SAFE_3   seed 29  timeout   clr  0.66  t  40.0  inf 116  N 17.0  mpc   4.4 ms  err 0.41
[330/450] latency=0.25 S1  FR_SAFE_3   seed 30  goal      clr  0.66  t  15.1  inf  44  N 25.9  mpc   6.3 ms  err 0.27
[331/450] latency=0.25 S1  FR_SAFE_3   seed 31  goal      clr  0.59  t  15.3  inf  45  N 25.7  mpc   6.3 ms  err 0.13
[332/450] latency=0.25 S1  FR_SAFE_3   seed 32  goal      clr  0.57  t  15.1  inf  44  N 26.0  mpc   6.6 ms  err 0.23
[333/450] latency=0.25 S1  FR_SAFE_3   seed 33  goal      clr  0.68  t  14.6  inf  43  N 25.5  mpc   6.2 ms  err 0.09
[334/450] latency=0.25 S1  FR_SAFE_3   seed 34  goal      clr  0.62  t  14.9  inf  43  N 25.5  mpc   6.2 ms  err 0.13
[335/450] latency=0.25 S1  FR_SAFE_3   seed 35  goal      clr  0.66  t  14.7  inf  43  N 26.0  mpc   6.3 ms  err 0.27
[336/450] latency=0.25 S1  FR_SAFE_3   seed 36  goal      clr  0.55  t  16.3  inf  47  N 25.4  mpc   6.4 ms  err 0.25
[337/450] latency=0.25 S1  FR_SAFE_3   seed 37  goal      clr  0.66  t  15.5  inf  46  N 25.4  mpc   6.3 ms  err 0.23
[338/450] latency=0.25 S1  FR_SAFE_3   seed 38  goal      clr  0.54  t  16.0  inf  46  N 26.3  mpc   6.7 ms  err 0.25
[339/450] latency=0.25 S1  FR_SAFE_3   seed 39  goal      clr  0.61  t  15.8  inf  46  N 26.3  mpc   6.6 ms  err 0.13
[340/450] latency=0.25 S1  FR_SAFE_3   seed 40  goal      clr  0.38  t  16.0  inf  47  N 25.3  mpc   6.3 ms  err 0.30
[341/450] latency=0.25 S1  FR_SAFE_3   seed 41  goal      clr  0.64  t  17.3  inf  51  N 24.4  mpc   6.0 ms  err 0.17
[342/450] latency=0.25 S1  FR_SAFE_3   seed 42  goal      clr  0.68  t  15.2  inf  44  N 25.7  mpc   6.3 ms  err 0.17
[343/450] latency=0.25 S1  FR_SAFE_3   seed 43  goal      clr  0.69  t  14.8  inf  44  N 25.9  mpc   6.1 ms  err 0.29
[344/450] latency=0.25 S1  FR_SAFE_3   seed 44  goal      clr  0.74  t  14.1  inf  41  N 25.3  mpc   6.0 ms  err 0.26
[345/450] latency=0.25 S1  FR_SAFE_3   seed 45  goal      clr  0.53  t  16.4  inf  48  N 26.4  mpc   6.9 ms  err 0.21
[346/450] latency=0.25 S1  FR_SAFE_3   seed 46  goal      clr  0.64  t  14.3  inf  42  N 25.8  mpc   6.3 ms  err 0.17
[347/450] latency=0.25 S1  FR_SAFE_3   seed 47  goal      clr  0.54  t  15.7  inf  45  N 25.2  mpc   6.4 ms  err 0.27
[348/450] latency=0.25 S1  FR_SAFE_3   seed 48  goal      clr  0.64  t  16.7  inf  49  N 25.3  mpc   6.5 ms  err 0.34
[349/450] latency=0.25 S1  FR_SAFE_3   seed 49  goal      clr  0.65  t  14.0  inf  41  N 25.6  mpc   6.0 ms  err 0.17
[350/450] latency=0.25 S1  FR_SAFE_3   seed 50  goal      clr  0.45  t  15.5  inf  46  N 26.3  mpc   6.5 ms  err 0.18
[351/450] latency=0.25 S1  FR_SAFE_5   seed  1  goal      clr  0.57  t  14.4  inf  53  N 25.8  mpc   6.2 ms  err 0.17
[352/450] latency=0.25 S1  FR_SAFE_5   seed  2  goal      clr  0.49  t  15.5  inf  57  N 25.3  mpc   6.5 ms  err 0.30
[353/450] latency=0.25 S1  FR_SAFE_5   seed  3  goal      clr  0.52  t  21.7  inf  81  N 25.7  mpc   6.9 ms  err 0.31
[354/450] latency=0.25 S1  FR_SAFE_5   seed  4  goal      clr  0.62  t  15.0  inf  56  N 25.9  mpc   6.3 ms  err 0.18
[355/450] latency=0.25 S1  FR_SAFE_5   seed  5  goal      clr  0.55  t  19.9  inf  68  N 23.9  mpc   6.1 ms  err 0.26
[356/450] latency=0.25 S1  FR_SAFE_5   seed  6  goal      clr  0.66  t  14.2  inf  51  N 25.6  mpc   6.0 ms  err 0.14
[357/450] latency=0.25 S1  FR_SAFE_5   seed  7  goal      clr  0.52  t  14.4  inf  53  N 25.3  mpc   6.1 ms  err 0.21
[358/450] latency=0.25 S1  FR_SAFE_5   seed  8  goal      clr  0.60  t  14.9  inf  55  N 25.8  mpc   6.2 ms  err 0.23
[359/450] latency=0.25 S1  FR_SAFE_5   seed  9  goal      clr  0.58  t  15.1  inf  55  N 25.4  mpc   6.1 ms  err 0.22
[360/450] latency=0.25 S1  FR_SAFE_5   seed 10  goal      clr  0.58  t  15.2  inf  57  N 25.4  mpc   6.3 ms  err 0.23
[361/450] latency=0.25 S1  FR_SAFE_5   seed 11  goal      clr  0.71  t  14.6  inf  54  N 25.8  mpc   6.2 ms  err 0.25
[362/450] latency=0.25 S1  FR_SAFE_5   seed 12  goal      clr  0.47  t  15.7  inf  56  N 25.8  mpc   6.4 ms  err 0.21
[363/450] latency=0.25 S1  FR_SAFE_5   seed 13  goal      clr  0.42  t  18.5  inf  70  N 26.2  mpc   6.9 ms  err 0.30
[364/450] latency=0.25 S1  FR_SAFE_5   seed 14  goal      clr  0.52  t  16.4  inf  60  N 25.6  mpc   6.4 ms  err 0.15
[365/450] latency=0.25 S1  FR_SAFE_5   seed 15  goal      clr  0.51  t  16.2  inf  61  N 25.6  mpc   6.5 ms  err 0.23
[366/450] latency=0.25 S1  FR_SAFE_5   seed 16  goal      clr  0.66  t  14.8  inf  56  N 25.2  mpc   6.2 ms  err 0.32
[367/450] latency=0.25 S1  FR_SAFE_5   seed 17  goal      clr  0.56  t  16.9  inf  65  N 24.1  mpc   5.9 ms  err 0.23
[368/450] latency=0.25 S1  FR_SAFE_5   seed 18  goal      clr  0.65  t  18.4  inf  71  N 25.4  mpc   6.5 ms  err 0.15
[369/450] latency=0.25 S1  FR_SAFE_5   seed 19  goal      clr  0.50  t  15.8  inf  62  N 26.0  mpc   6.8 ms  err 0.17
[370/450] latency=0.25 S1  FR_SAFE_5   seed 20  goal      clr  0.60  t  16.0  inf  60  N 25.3  mpc   6.4 ms  err 0.42
[371/450] latency=0.25 S1  FR_SAFE_5   seed 21  goal      clr  0.70  t  14.6  inf  52  N 25.5  mpc   6.2 ms  err 0.14
[372/450] latency=0.25 S1  FR_SAFE_5   seed 22  goal      clr  0.60  t  14.0  inf  55  N 25.5  mpc   6.0 ms  err 0.22
[373/450] latency=0.25 S1  FR_SAFE_5   seed 23  goal      clr  0.67  t  15.0  inf  55  N 25.4  mpc   6.3 ms  err 0.20
[374/450] latency=0.25 S1  FR_SAFE_5   seed 24  goal      clr  0.61  t  14.1  inf  53  N 25.5  mpc   6.0 ms  err 0.22
[375/450] latency=0.25 S1  FR_SAFE_5   seed 25  goal      clr  0.59  t  15.4  inf  56  N 26.1  mpc   6.5 ms  err 0.14
[376/450] latency=0.25 S1  FR_SAFE_5   seed 26  goal      clr  0.64  t  14.3  inf  54  N 25.1  mpc   6.2 ms  err 0.20
[377/450] latency=0.25 S1  FR_SAFE_5   seed 27  goal      clr  0.65  t  14.3  inf  52  N 25.8  mpc   6.1 ms  err 0.11
[378/450] latency=0.25 S1  FR_SAFE_5   seed 28  goal      clr  0.65  t  14.3  inf  53  N 25.8  mpc   6.1 ms  err 0.21
[379/450] latency=0.25 S1  FR_SAFE_5   seed 29  goal      clr  0.50  t  15.7  inf  60  N 26.1  mpc   6.5 ms  err 0.28
[380/450] latency=0.25 S1  FR_SAFE_5   seed 30  goal      clr  0.62  t  14.9  inf  54  N 25.4  mpc   6.1 ms  err 0.17
[381/450] latency=0.25 S1  FR_SAFE_5   seed 31  goal      clr  0.53  t  15.1  inf  58  N 25.6  mpc   6.2 ms  err 0.14
[382/450] latency=0.25 S1  FR_SAFE_5   seed 32  goal      clr  0.71  t  14.6  inf  52  N 25.7  mpc   6.3 ms  err 0.19
[383/450] latency=0.25 S1  FR_SAFE_5   seed 33  goal      clr  0.70  t  14.4  inf  56  N 25.6  mpc   6.1 ms  err 0.15
[384/450] latency=0.25 S1  FR_SAFE_5   seed 34  goal      clr  0.56  t  15.3  inf  58  N 25.2  mpc   6.3 ms  err 0.15
[385/450] latency=0.25 S1  FR_SAFE_5   seed 35  goal      clr  0.61  t  14.3  inf  56  N 25.8  mpc   6.2 ms  err 0.32
[386/450] latency=0.25 S1  FR_SAFE_5   seed 36  goal      clr  0.60  t  15.3  inf  57  N 25.9  mpc   6.4 ms  err 0.21
[387/450] latency=0.25 S1  FR_SAFE_5   seed 37  goal      clr  0.55  t  14.7  inf  58  N 25.5  mpc   6.3 ms  err 0.19
[388/450] latency=0.25 S1  FR_SAFE_5   seed 38  goal      clr  0.60  t  15.5  inf  56  N 25.9  mpc   6.4 ms  err 0.19
[389/450] latency=0.25 S1  FR_SAFE_5   seed 39  goal      clr  0.52  t  15.8  inf  56  N 26.2  mpc   6.6 ms  err 0.14
[390/450] latency=0.25 S1  FR_SAFE_5   seed 40  goal      clr  0.56  t  14.5  inf  55  N 25.9  mpc   6.2 ms  err 0.36
[391/450] latency=0.25 S1  FR_SAFE_5   seed 41  goal      clr  0.54  t  18.5  inf  67  N 24.9  mpc   6.5 ms  err 0.14
[392/450] latency=0.25 S1  FR_SAFE_5   seed 42  goal      clr  0.69  t  14.9  inf  53  N 25.8  mpc   6.3 ms  err 0.20
[393/450] latency=0.25 S1  FR_SAFE_5   seed 43  goal      clr  0.56  t  17.5  inf  67  N 23.6  mpc   5.6 ms  err 0.19
[394/450] latency=0.25 S1  FR_SAFE_5   seed 44  goal      clr  0.41  t  17.0  inf  61  N 25.5  mpc   6.5 ms  err 0.21
[395/450] latency=0.25 S1  FR_SAFE_5   seed 45  goal      clr  0.46  t  15.4  inf  58  N 25.9  mpc   6.8 ms  err 0.27
[396/450] latency=0.25 S1  FR_SAFE_5   seed 46  goal      clr  0.61  t  14.4  inf  54  N 26.0  mpc   6.1 ms  err 0.23
[397/450] latency=0.25 S1  FR_SAFE_5   seed 47  goal      clr  0.59  t  15.0  inf  54  N 25.6  mpc   6.3 ms  err 0.29
[398/450] latency=0.25 S1  FR_SAFE_5   seed 48  goal      clr  0.59  t  16.7  inf  64  N 25.1  mpc   6.3 ms  err 0.29
[399/450] latency=0.25 S1  FR_SAFE_5   seed 49  goal      clr  0.63  t  14.2  inf  56  N 25.4  mpc   6.0 ms  err 0.25
[400/450] latency=0.25 S1  FR_SAFE_5   seed 50  goal      clr  0.63  t  14.4  inf  56  N 26.0  mpc   6.2 ms  err 0.19
[401/450] latency=0.25 S1  FR_SAFE_10  seed  1  goal      clr  0.61  t  14.4  inf  53  N 25.8  mpc   6.3 ms  err 0.19
[402/450] latency=0.25 S1  FR_SAFE_10  seed  2  goal      clr  0.54  t  14.7  inf  54  N 25.9  mpc   6.5 ms  err 0.24
[403/450] latency=0.25 S1  FR_SAFE_10  seed  3  goal      clr  0.24  t  35.6  inf 137  N 27.0  mpc   8.6 ms  err 0.29
[404/450] latency=0.25 S1  FR_SAFE_10  seed  4  goal      clr  0.55  t  15.4  inf  58  N 26.0  mpc   6.6 ms  err 0.20
[405/450] latency=0.25 S1  FR_SAFE_10  seed  5  goal      clr  0.56  t  15.5  inf  53  N 25.4  mpc   6.5 ms  err 0.32
[406/450] latency=0.25 S1  FR_SAFE_10  seed  6  goal      clr  0.67  t  14.2  inf  51  N 25.6  mpc   6.1 ms  err 0.14
[407/450] latency=0.25 S1  FR_SAFE_10  seed  7  goal      clr  0.71  t  14.2  inf  53  N 25.3  mpc   6.0 ms  err 0.20
[408/450] latency=0.25 S1  FR_SAFE_10  seed  8  goal      clr  0.58  t  14.9  inf  56  N 25.9  mpc   6.3 ms  err 0.26
[409/450] latency=0.25 S1  FR_SAFE_10  seed  9  goal      clr  0.65  t  14.5  inf  53  N 25.5  mpc   6.2 ms  err 0.20
[410/450] latency=0.25 S1  FR_SAFE_10  seed 10  goal      clr  0.62  t  15.5  inf  59  N 25.6  mpc   6.4 ms  err 0.16
[411/450] latency=0.25 S1  FR_SAFE_10  seed 11  goal      clr  0.60  t  14.6  inf  54  N 25.8  mpc   6.2 ms  err 0.23
[412/450] latency=0.25 S1  FR_SAFE_10  seed 12  goal      clr  0.47  t  15.7  inf  56  N 25.8  mpc   6.6 ms  err 0.19
[413/450] latency=0.25 S1  FR_SAFE_10  seed 13  goal      clr  0.49  t  15.1  inf  59  N 25.9  mpc   6.7 ms  err 0.26
[414/450] latency=0.25 S1  FR_SAFE_10  seed 14  goal      clr  0.52  t  16.6  inf  61  N 25.6  mpc   6.8 ms  err 0.15
[415/450] latency=0.25 S1  FR_SAFE_10  seed 15  goal      clr  0.54  t  16.1  inf  61  N 25.7  mpc   6.8 ms  err 0.26
[416/450] latency=0.25 S1  FR_SAFE_10  seed 16  goal      clr  0.63  t  14.7  inf  55  N 25.3  mpc   6.4 ms  err 0.29
[417/450] latency=0.25 S1  FR_SAFE_10  seed 17  goal      clr  0.66  t  16.7  inf  66  N 25.1  mpc   6.5 ms  err 0.20
[418/450] latency=0.25 S1  FR_SAFE_10  seed 18  goal      clr  0.59  t  14.6  inf  57  N 25.6  mpc   6.9 ms  err 0.21
[419/450] latency=0.25 S1  FR_SAFE_10  seed 19  goal      clr  0.63  t  16.1  inf  64  N 26.3  mpc   7.0 ms  err 0.18
[420/450] latency=0.25 S1  FR_SAFE_10  seed 20  goal      clr  0.64  t  14.7  inf  55  N 25.2  mpc   6.3 ms  err 0.41
[421/450] latency=0.25 S1  FR_SAFE_10  seed 21  goal      clr  0.71  t  14.4  inf  52  N 25.5  mpc   6.3 ms  err 0.17
[422/450] latency=0.25 S1  FR_SAFE_10  seed 22  goal      clr  0.63  t  14.0  inf  55  N 25.6  mpc   6.1 ms  err 0.23
[423/450] latency=0.25 S1  FR_SAFE_10  seed 23  goal      clr  0.67  t  15.3  inf  57  N 25.1  mpc   6.2 ms  err 0.18
[424/450] latency=0.25 S1  FR_SAFE_10  seed 24  goal      clr  0.61  t  14.1  inf  53  N 25.5  mpc   6.2 ms  err 0.22
[425/450] latency=0.25 S1  FR_SAFE_10  seed 25  goal      clr  0.64  t  14.9  inf  54  N 25.9  mpc   6.7 ms  err 0.17
[426/450] latency=0.25 S1  FR_SAFE_10  seed 26  goal      clr  0.62  t  14.3  inf  55  N 25.0  mpc   6.4 ms  err 0.22
[427/450] latency=0.25 S1  FR_SAFE_10  seed 27  goal      clr  0.56  t  14.3  inf  53  N 25.8  mpc   6.3 ms  err 0.11
[428/450] latency=0.25 S1  FR_SAFE_10  seed 28  goal      clr  0.61  t  14.0  inf  52  N 25.9  mpc   6.4 ms  err 0.20
[429/450] latency=0.25 S1  FR_SAFE_10  seed 29  goal      clr  0.53  t  14.8  inf  56  N 25.9  mpc   6.7 ms  err 0.25
[430/450] latency=0.25 S1  FR_SAFE_10  seed 30  goal      clr  0.62  t  14.9  inf  54  N 25.4  mpc   6.5 ms  err 0.19
[431/450] latency=0.25 S1  FR_SAFE_10  seed 31  goal      clr  0.60  t  15.0  inf  58  N 25.4  mpc   6.5 ms  err 0.17
[432/450] latency=0.25 S1  FR_SAFE_10  seed 32  goal      clr  0.68  t  14.9  inf  54  N 25.3  mpc   6.5 ms  err 0.19
[433/450] latency=0.25 S1  FR_SAFE_10  seed 33  goal      clr  0.64  t  14.5  inf  57  N 25.6  mpc   6.5 ms  err 0.13
[434/450] latency=0.25 S1  FR_SAFE_10  seed 34  goal      clr  0.60  t  14.6  inf  55  N 25.0  mpc   6.4 ms  err 0.12
[435/450] latency=0.25 S1  FR_SAFE_10  seed 35  goal      clr  0.64  t  14.8  inf  58  N 25.6  mpc   6.5 ms  err 0.36
[436/450] latency=0.25 S1  FR_SAFE_10  seed 36  goal      clr  0.47  t  18.3  inf  70  N 23.9  mpc   6.1 ms  err 0.29
[437/450] latency=0.25 S1  FR_SAFE_10  seed 37  goal      clr  0.55  t  14.7  inf  58  N 25.4  mpc   6.4 ms  err 0.23
[438/450] latency=0.25 S1  FR_SAFE_10  seed 38  goal      clr  0.56  t  16.0  inf  59  N 25.7  mpc   6.7 ms  err 0.21
[439/450] latency=0.25 S1  FR_SAFE_10  seed 39  goal      clr  0.53  t  14.8  inf  53  N 26.2  mpc   6.8 ms  err 0.20
[440/450] latency=0.25 S1  FR_SAFE_10  seed 40  goal      clr  0.56  t  14.6  inf  56  N 25.8  mpc   6.3 ms  err 0.32
[441/450] latency=0.25 S1  FR_SAFE_10  seed 41  goal      clr  0.55  t  18.4  inf  68  N 24.8  mpc   6.2 ms  err 0.34
[442/450] latency=0.25 S1  FR_SAFE_10  seed 42  goal      clr  0.70  t  14.8  inf  53  N 25.8  mpc   6.3 ms  err 0.23
[443/450] latency=0.25 S1  FR_SAFE_10  seed 43  goal      clr  0.48  t  15.7  inf  62  N 26.2  mpc   6.3 ms  err 0.36
[444/450] latency=0.25 S1  FR_SAFE_10  seed 44  goal      clr  0.46  t  15.4  inf  56  N 25.4  mpc   6.3 ms  err 0.28
[445/450] latency=0.25 S1  FR_SAFE_10  seed 45  goal      clr  0.44  t  15.9  inf  61  N 25.5  mpc   6.6 ms  err 0.22
[446/450] latency=0.25 S1  FR_SAFE_10  seed 46  goal      clr  0.61  t  14.4  inf  55  N 26.0  mpc   6.3 ms  err 0.20
[447/450] latency=0.25 S1  FR_SAFE_10  seed 47  goal      clr  0.59  t  15.0  inf  55  N 25.6  mpc   6.4 ms  err 0.29
[448/450] latency=0.25 S1  FR_SAFE_10  seed 48  goal      clr  0.58  t  15.7  inf  60  N 25.4  mpc   6.3 ms  err 0.27
[449/450] latency=0.25 S1  FR_SAFE_10  seed 49  goal      clr  0.67  t  14.6  inf  58  N 25.7  mpc   6.3 ms  err 0.18
[450/450] latency=0.25 S1  FR_SAFE_10  seed 50  goal      clr  0.66  t  14.6  inf  57  N 25.8  mpc   6.4 ms  err 0.20
