[  1/200] speed=6 S2  E_DART      seed  1  goal      clr  0.50  t  14.4  inf  79  N 25.3  mpc   9.1 ms  err 0.63
[  2/200] speed=6 S2  E_DART      seed  2  goal      clr  1.00  t  14.5  inf  80  N 24.3  mpc   8.9 ms  err 0.38
[  3/200] speed=6 S2  E_DART      seed  3  goal      clr  0.43  t  15.2  inf 103  N 24.5  mpc   7.1 ms  err 0.38
[  4/200] speed=6 S2  E_DART      seed  4  goal      clr  0.72  t  13.7  inf  84  N 24.0  mpc   6.6 ms  err 0.74
[  5/200] speed=6 S2  E_DART      seed  5  goal      clr  0.69  t  14.4  inf  78  N 24.5  mpc   6.7 ms  err 0.83
[  6/200] speed=6 S2  E_DART      seed  6  goal      clr  0.72  t  12.8  inf  75  N 25.2  mpc   6.5 ms  err 0.49
[  7/200] speed=6 S2  E_DART      seed  7  goal      clr  0.62  t  15.8  inf  78  N 23.7  mpc   6.4 ms  err 0.34
[  8/200] speed=6 S2  E_DART      seed  8  goal      clr  0.93  t  14.0  inf  72  N 24.2  mpc   6.4 ms  err 0.29
[  9/200] speed=6 S2  E_DART      seed  9  goal      clr  0.66  t  14.9  inf 100  N 25.3  mpc   6.7 ms  err 0.31
[ 10/200] speed=6 S2  E_DART      seed 10  goal      clr  0.79  t  17.9  inf  76  N 23.2  mpc   6.2 ms  err 0.90
[ 11/200] speed=6 S2  E_DART      seed 11  goal      clr  0.39  t  15.1  inf 102  N 25.3  mpc   7.4 ms  err 0.31
[ 12/200] speed=6 S2  E_DART      seed 12  goal      clr  0.67  t  18.7  inf 126  N 23.5  mpc   6.5 ms  err 0.72
[ 13/200] speed=6 S2  E_DART      seed 13  goal      clr  0.65  t  15.1  inf  87  N 25.2  mpc   7.0 ms  err 0.71
[ 14/200] speed=6 S2  E_DART      seed 14  goal      clr  0.28  t  14.5  inf  97  N 24.3  mpc   6.5 ms  err 0.55
[ 15/200] speed=6 S2  E_DART      seed 15  goal      clr  0.49  t  20.7  inf 125  N 24.8  mpc   7.2 ms  err 0.61
[ 16/200] speed=6 S2  E_DART      seed 16  goal      clr  0.65  t  15.2  inf 101  N 25.4  mpc   7.6 ms  err 0.64
[ 17/200] speed=6 S2  E_DART      seed 17  goal      clr  0.71  t  13.0  inf  83  N 25.2  mpc   6.5 ms  err 0.25
[ 18/200] speed=6 S2  E_DART      seed 18  goal      clr  0.64  t  15.5  inf  93  N 25.8  mpc   7.2 ms  err 0.52
[ 19/200] speed=6 S2  E_DART      seed 19  goal      clr  0.67  t  17.8  inf  95  N 23.3  mpc   6.0 ms  err 0.73
[ 20/200] speed=6 S2  E_DART      seed 20  goal      clr  0.73  t  15.4  inf  90  N 23.9  mpc   6.4 ms  err 0.27
[ 21/200] speed=6 S2  E_DART      seed 21  goal      clr  0.87  t  12.6  inf  82  N 24.6  mpc   6.1 ms  err 0.25
[ 22/200] speed=6 S2  E_DART      seed 22  goal      clr  0.59  t  15.8  inf  88  N 24.8  mpc   6.6 ms  err 0.47
[ 23/200] speed=6 S2  E_DART      seed 23  goal      clr  0.39  t  18.8  inf 113  N 25.7  mpc   7.4 ms  err 0.61
[ 24/200] speed=6 S2  E_DART      seed 24  goal      clr  0.55  t  14.5  inf  98  N 25.9  mpc   7.0 ms  err 0.28
[ 25/200] speed=6 S2  E_DART      seed 25  goal      clr  0.45  t  16.8  inf 108  N 25.2  mpc   7.1 ms  err 0.58
[ 26/200] speed=6 S2  E_DART      seed 26  goal      clr  0.66  t  14.3  inf  78  N 25.4  mpc   6.8 ms  err 0.36
[ 27/200] speed=6 S2  E_DART      seed 27  goal      clr  0.44  t  15.2  inf  97  N 25.1  mpc   6.7 ms  err 0.53
[ 28/200] speed=6 S2  E_DART      seed 28  goal      clr  0.88  t  17.9  inf  77  N 22.5  mpc   5.7 ms  err 0.51
[ 29/200] speed=6 S2  E_DART      seed 29  goal      clr  0.62  t  13.3  inf  87  N 25.6  mpc   7.1 ms  err 0.54
[ 30/200] speed=6 S2  E_DART      seed 30  goal      clr  0.69  t  15.1  inf  96  N 25.0  mpc   6.4 ms  err 0.64
[ 31/200] speed=6 S2  E_DART      seed 31  goal      clr  0.44  t  18.7  inf  86  N 24.0  mpc   6.8 ms  err 0.57
[ 32/200] speed=6 S2  E_DART      seed 32  goal      clr  0.46  t  14.6  inf 103  N 26.2  mpc   7.8 ms  err 0.54
[ 33/200] speed=6 S2  E_DART      seed 33  goal      clr  0.76  t  13.3  inf  86  N 25.0  mpc   6.5 ms  err 0.38
[ 34/200] speed=6 S2  E_DART      seed 34  goal      clr  0.19  t  16.6  inf 103  N 24.4  mpc   6.8 ms  err 0.55
[ 35/200] speed=6 S2  E_DART      seed 35  goal      clr  0.74  t  13.5  inf  83  N 24.6  mpc   6.6 ms  err 0.48
[ 36/200] speed=6 S2  E_DART      seed 36  goal      clr  0.63  t  16.2  inf  96  N 24.9  mpc   6.7 ms  err 0.43
[ 37/200] speed=6 S2  E_DART      seed 37  goal      clr  0.80  t  19.6  inf  76  N 21.5  mpc   5.3 ms  err 0.33
[ 38/200] speed=6 S2  E_DART      seed 38  goal      clr  0.61  t  14.7  inf 100  N 27.3  mpc   7.6 ms  err 0.45
[ 39/200] speed=6 S2  E_DART      seed 39  goal      clr  0.80  t  13.9  inf  80  N 26.2  mpc   6.9 ms  err 0.92
[ 40/200] speed=6 S2  E_DART      seed 40  goal      clr  0.56  t  14.4  inf  98  N 26.4  mpc   7.4 ms  err 0.38
[ 41/200] speed=6 S2  E_DART      seed 41  goal      clr  0.87  t  14.5  inf  71  N 25.1  mpc   6.7 ms  err 0.74
[ 42/200] speed=6 S2  E_DART      seed 42  goal      clr  0.38  t  14.4  inf  90  N 24.4  mpc   6.4 ms  err 0.47
[ 43/200] speed=6 S2  E_DART      seed 43  goal      clr  0.55  t  14.4  inf  83  N 25.4  mpc   7.0 ms  err 0.63
[ 44/200] speed=6 S2  E_DART      seed 44  goal      clr  0.65  t  13.2  inf  81  N 25.1  mpc   6.7 ms  err 0.28
[ 45/200] speed=6 S2  E_DART      seed 45  goal      clr  0.87  t  17.4  inf  82  N 22.8  mpc   6.0 ms  err 0.35
[ 46/200] speed=6 S2  E_DART      seed 46  goal      clr  0.49  t  13.9  inf  87  N 24.6  mpc   6.5 ms  err 0.37
[ 47/200] speed=6 S2  E_DART      seed 47  goal      clr  0.70  t  12.9  inf  85  N 25.2  mpc   6.6 ms  err 0.48
[ 48/200] speed=6 S2  E_DART      seed 48  goal      clr  0.65  t  13.2  inf  82  N 25.6  mpc   6.7 ms  err 0.31
[ 49/200] speed=6 S2  E_DART      seed 49  goal      clr  1.01  t  15.5  inf  87  N 24.6  mpc   6.4 ms  err 0.64
[ 50/200] speed=6 S2  E_DART      seed 50  goal      clr  0.51  t  14.3  inf  86  N 25.0  mpc   6.3 ms  err 0.53
[ 51/200] speed=6 S2  FN_SAFE_15  seed  1  goal      clr  0.57  t  16.3  inf  78  N 17.8  mpc   4.2 ms  err 0.33
[ 52/200] speed=6 S2  FN_SAFE_15  seed  2  goal      clr  0.42  t  20.2  inf 115  N 17.0  mpc   4.1 ms  err 0.51
[ 53/200] speed=6 S2  FN_SAFE_15  seed  3  goal      clr  0.71  t  16.1  inf  93  N 17.4  mpc   4.0 ms  err 0.39
[ 54/200] speed=6 S2  FN_SAFE_15  seed  4  goal      clr  0.92  t  15.6  inf  82  N 16.1  mpc   3.5 ms  err 0.55
[ 55/200] speed=6 S2  FN_SAFE_15  seed  5  goal      clr  0.84  t  15.7  inf  86  N 18.2  mpc   4.3 ms  err 0.52
[ 56/200] speed=6 S2  FN_SAFE_15  seed  6  goal      clr  0.79  t  13.1  inf  82  N 19.4  mpc   4.5 ms  err 0.39
[ 57/200] speed=6 S2  FN_SAFE_15  seed  7  goal      clr  0.56  t  18.0  inf  91  N 17.8  mpc   4.3 ms  err 0.50
[ 58/200] speed=6 S2  FN_SAFE_15  seed  8  goal      clr  0.79  t  16.6  inf 112  N 17.8  mpc   4.2 ms  err 0.43
[ 59/200] speed=6 S2  FN_SAFE_15  seed  9  goal      clr  0.57  t  20.5  inf 107  N 16.4  mpc   3.8 ms  err 0.55
[ 60/200] speed=6 S2  FN_SAFE_15  seed 10  goal      clr  0.44  t  25.8  inf 109  N 17.0  mpc   4.0 ms  err 0.56
[ 61/200] speed=6 S2  FN_SAFE_15  seed 11  goal      clr  0.50  t  14.3  inf  98  N 18.8  mpc   4.5 ms  err 0.21
[ 62/200] speed=6 S2  FN_SAFE_15  seed 12  goal      clr  0.81  t  16.5  inf  93  N 15.9  mpc   3.6 ms  err 0.82
[ 63/200] speed=6 S2  FN_SAFE_15  seed 13  goal      clr  0.43  t  25.1  inf 119  N 16.6  mpc   3.8 ms  err 0.29
[ 64/200] speed=6 S2  FN_SAFE_15  seed 14  goal      clr  0.69  t  15.2  inf  88  N 16.2  mpc   3.6 ms  err 0.59
[ 65/200] speed=6 S2  FN_SAFE_15  seed 15  goal      clr  0.50  t  17.2  inf  97  N 16.7  mpc   3.8 ms  err 0.29
[ 66/200] speed=6 S2  FN_SAFE_15  seed 16  goal      clr  0.69  t  14.5  inf  90  N 17.1  mpc   3.9 ms  err 0.41
[ 67/200] speed=6 S2  FN_SAFE_15  seed 17  goal      clr  0.68  t  14.9  inf  85  N 16.8  mpc   3.7 ms  err 0.29
[ 68/200] speed=6 S2  FN_SAFE_15  seed 18  goal      clr  0.40  t  15.5  inf  98  N 17.7  mpc   4.3 ms  err 0.69
[ 69/200] speed=6 S2  FN_SAFE_15  seed 19  goal      clr  0.54  t  16.1  inf  84  N 17.3  mpc   4.0 ms  err 0.43
[ 70/200] speed=6 S2  FN_SAFE_15  seed 20  goal      clr  0.69  t  15.8  inf  95  N 15.9  mpc   3.5 ms  err 0.22
[ 71/200] speed=6 S2  FN_SAFE_15  seed 21  goal      clr  0.51  t  14.5  inf  81  N 17.7  mpc   4.1 ms  err 0.38
[ 72/200] speed=6 S2  FN_SAFE_15  seed 22  goal      clr  0.68  t  13.7  inf  82  N 18.1  mpc   4.4 ms  err 0.43
[ 73/200] speed=6 S2  FN_SAFE_15  seed 23  goal      clr  0.61  t  14.3  inf  94  N 17.2  mpc   4.2 ms  err 0.37
[ 74/200] speed=6 S2  FN_SAFE_15  seed 24  goal      clr  0.64  t  16.1  inf  80  N 15.9  mpc   3.5 ms  err 0.35
[ 75/200] speed=6 S2  FN_SAFE_15  seed 25  goal      clr  0.45  t  16.8  inf 102  N 17.4  mpc   4.2 ms  err 0.39
[ 76/200] speed=6 S2  FN_SAFE_15  seed 26  goal      clr  0.35  t  16.8  inf  89  N 18.2  mpc   4.4 ms  err 0.45
[ 77/200] speed=6 S2  FN_SAFE_15  seed 27  goal      clr  0.75  t  17.7  inf  79  N 16.9  mpc   3.8 ms  err 0.55
[ 78/200] speed=6 S2  FN_SAFE_15  seed 28  goal      clr  0.62  t  16.1  inf  79  N 15.0  mpc   3.3 ms  err 0.31
[ 79/200] speed=6 S2  FN_SAFE_15  seed 29  goal      clr  0.70  t  13.1  inf  80  N 17.7  mpc   3.9 ms  err 0.48
[ 80/200] speed=6 S2  FN_SAFE_15  seed 30  goal      clr  0.34  t  16.4  inf  83  N 16.7  mpc   3.9 ms  err 0.48
[ 81/200] speed=6 S2  FN_SAFE_15  seed 31  goal      clr  0.40  t  14.6  inf 103  N 17.4  mpc   4.0 ms  err 0.42
[ 82/200] speed=6 S2  FN_SAFE_15  seed 32  goal      clr  0.72  t  15.6  inf  97  N 17.3  mpc   4.1 ms  err 0.59
[ 83/200] speed=6 S2  FN_SAFE_15  seed 33  goal      clr  0.78  t  13.3  inf  61  N 16.1  mpc   3.6 ms  err 0.94
[ 84/200] speed=6 S2  FN_SAFE_15  seed 34  goal      clr  0.68  t  18.1  inf 112  N 16.0  mpc   3.7 ms  err 0.39
[ 85/200] speed=6 S2  FN_SAFE_15  seed 35  goal      clr  1.03  t  16.9  inf  69  N 16.2  mpc   3.6 ms  err 0.90
[ 86/200] speed=6 S2  FN_SAFE_15  seed 36  goal      clr  0.52  t  16.6  inf 107  N 16.9  mpc   4.0 ms  err 0.27
[ 87/200] speed=6 S2  FN_SAFE_15  seed 37  goal      clr  0.74  t  18.4  inf  79  N 16.5  mpc   3.7 ms  err 0.24
[ 88/200] speed=6 S2  FN_SAFE_15  seed 38  goal      clr  1.10  t  13.7  inf  86  N 18.8  mpc   4.8 ms  err 0.72
[ 89/200] speed=6 S2  FN_SAFE_15  seed 39  goal      clr  0.82  t  13.1  inf  76  N 17.1  mpc   4.0 ms  err 0.67
[ 90/200] speed=6 S2  FN_SAFE_15  seed 40  goal      clr  0.62  t  13.6  inf  90  N 18.5  mpc   4.5 ms  err 0.31
[ 91/200] speed=6 S2  FN_SAFE_15  seed 41  goal      clr  0.92  t  14.2  inf  78  N 17.9  mpc   4.1 ms  err 0.69
[ 92/200] speed=6 S2  FN_SAFE_15  seed 42  goal      clr  0.66  t  23.0  inf  96  N 16.2  mpc   3.6 ms  err 0.56
[ 93/200] speed=6 S2  FN_SAFE_15  seed 43  goal      clr  0.52  t  14.5  inf  85  N 19.2  mpc   4.8 ms  err 0.66
[ 94/200] speed=6 S2  FN_SAFE_15  seed 44  goal      clr  0.77  t  12.8  inf  78  N 18.0  mpc   4.4 ms  err 0.31
[ 95/200] speed=6 S2  FN_SAFE_15  seed 45  goal      clr  0.76  t  15.1  inf  78  N 18.4  mpc   4.2 ms  err 0.37
[ 96/200] speed=6 S2  FN_SAFE_15  seed 46  goal      clr  0.82  t  12.7  inf  86  N 18.2  mpc   4.2 ms  err 0.45
[ 97/200] speed=6 S2  FN_SAFE_15  seed 47  goal      clr  0.98  t  13.8  inf  56  N 16.0  mpc   3.3 ms  err 0.71
[ 98/200] speed=6 S2  FN_SAFE_15  seed 48  goal      clr  0.86  t  12.9  inf  84  N 18.5  mpc   4.2 ms  err 0.67
[ 99/200] speed=6 S2  FN_SAFE_15  seed 49  goal      clr  0.51  t  14.3  inf  98  N 17.7  mpc   4.1 ms  err 0.29
[100/200] speed=6 S2  FN_SAFE_15  seed 50  goal      clr  0.75  t  14.7  inf  85  N 16.7  mpc   3.7 ms  err 0.44
[101/200] speed=6 S2  FN_SAFE_20  seed  1  goal      clr  0.47  t  14.2  inf  91  N 22.6  mpc   5.8 ms  err 0.50
[102/200] speed=6 S2  FN_SAFE_20  seed  2  goal      clr  0.36  t  15.1  inf  93  N 22.1  mpc   5.2 ms  err 0.51
[103/200] speed=6 S2  FN_SAFE_20  seed  3  goal      clr  0.54  t  14.1  inf  90  N 21.4  mpc   5.0 ms  err 0.29
[104/200] speed=6 S2  FN_SAFE_20  seed  4  goal      clr  2.30  t  17.2  inf  48  N 20.8  mpc   4.3 ms  err 0.87
[105/200] speed=6 S2  FN_SAFE_20  seed  5  goal      clr  0.41  t  13.4  inf  59  N 22.2  mpc   5.2 ms  err 0.43
[106/200] speed=6 S2  FN_SAFE_20  seed  6  goal      clr  0.88  t  14.0  inf  82  N 21.8  mpc   5.0 ms  err 0.33
[107/200] speed=6 S2  FN_SAFE_20  seed  7  goal      clr  0.61  t  16.7  inf  67  N 20.2  mpc   4.5 ms  err 0.61
[108/200] speed=6 S2  FN_SAFE_20  seed  8  goal      clr  0.68  t  16.0  inf  92  N 21.2  mpc   5.0 ms  err 0.52
[109/200] speed=6 S2  FN_SAFE_20  seed  9  goal      clr  0.63  t  14.8  inf  93  N 21.9  mpc   5.2 ms  err 0.28
[110/200] speed=6 S2  FN_SAFE_20  seed 10  goal      clr  0.53  t  13.8  inf  78  N 22.4  mpc   5.3 ms  err 0.51
[111/200] speed=6 S2  FN_SAFE_20  seed 11  goal      clr  0.46  t  22.2  inf  96  N 21.8  mpc   5.2 ms  err 0.26
[112/200] speed=6 S2  FN_SAFE_20  seed 12  goal      clr  0.27  t  16.4  inf 107  N 22.5  mpc   5.7 ms  err 0.37
[113/200] speed=6 S2  FN_SAFE_20  seed 13  goal      clr  0.68  t  15.2  inf  91  N 22.2  mpc   5.2 ms  err 0.42
[114/200] speed=6 S2  FN_SAFE_20  seed 14  goal      clr  0.68  t  15.6  inf  83  N 20.3  mpc   4.6 ms  err 0.39
[115/200] speed=6 S2  FN_SAFE_20  seed 15  goal      clr  0.63  t  22.7  inf 152  N 22.2  mpc   5.6 ms  err 0.77
[116/200] speed=6 S2  FN_SAFE_20  seed 16  goal      clr  0.83  t  14.1  inf  84  N 22.2  mpc   5.2 ms  err 0.38
[117/200] speed=6 S2  FN_SAFE_20  seed 17  goal      clr  0.72  t  13.0  inf  84  N 22.2  mpc   5.1 ms  err 0.28
[118/200] speed=6 S2  FN_SAFE_20  seed 18  goal      clr  0.45  t  15.3  inf  88  N 21.8  mpc   5.3 ms  err 0.69
[119/200] speed=6 S2  FN_SAFE_20  seed 19  goal      clr  0.65  t  15.8  inf  73  N 21.4  mpc   4.6 ms  err 0.63
[120/200] speed=6 S2  FN_SAFE_20  seed 20  goal      clr  0.62  t  15.1  inf 101  N 21.1  mpc   4.8 ms  err 0.19
[121/200] speed=6 S2  FN_SAFE_20  seed 21  goal      clr  0.90  t  12.7  inf  84  N 21.9  mpc   5.1 ms  err 0.21
[122/200] speed=6 S2  FN_SAFE_20  seed 22  goal      clr  0.32  t  15.3  inf  81  N 22.0  mpc   5.4 ms  err 0.47
[123/200] speed=6 S2  FN_SAFE_20  seed 23  goal      clr  0.81  t  18.6  inf  74  N 21.2  mpc   4.9 ms  err 0.41
[124/200] speed=6 S2  FN_SAFE_20  seed 24  goal      clr  0.66  t  29.8  inf  82  N 20.0  mpc   4.9 ms  err 0.15
[125/200] speed=6 S2  FN_SAFE_20  seed 25  goal      clr  0.65  t  15.2  inf  84  N 21.0  mpc   5.1 ms  err 0.33
[126/200] speed=6 S2  FN_SAFE_20  seed 26  goal      clr  0.78  t  15.6  inf  73  N 20.5  mpc   4.8 ms  err 0.32
[127/200] speed=6 S2  FN_SAFE_20  seed 27  goal      clr  0.68  t  16.6  inf  78  N 20.3  mpc   5.0 ms  err 0.21
[128/200] speed=6 S2  FN_SAFE_20  seed 28  goal      clr  0.61  t  15.5  inf  77  N 20.0  mpc   4.6 ms  err 0.24
[129/200] speed=6 S2  FN_SAFE_20  seed 29  goal      clr  0.81  t  12.2  inf  61  N 21.6  mpc   4.8 ms  err 0.72
[130/200] speed=6 S2  FN_SAFE_20  seed 30  goal      clr  0.60  t  16.5  inf  85  N 21.3  mpc   5.2 ms  err 0.46
[131/200] speed=6 S2  FN_SAFE_20  seed 31  goal      clr  0.82  t  15.1  inf  65  N 21.5  mpc   5.2 ms  err 0.49
[132/200] speed=6 S2  FN_SAFE_20  seed 32  goal      clr  0.61  t  15.7  inf  90  N 21.8  mpc   5.5 ms  err 0.55
[133/200] speed=6 S2  FN_SAFE_20  seed 33  goal      clr  0.68  t  20.0  inf  95  N 21.1  mpc   5.1 ms  err 0.20
[134/200] speed=6 S2  FN_SAFE_20  seed 34  goal      clr  0.48  t  14.9  inf  92  N 22.4  mpc   5.9 ms  err 0.53
[135/200] speed=6 S2  FN_SAFE_20  seed 35  goal      clr  0.52  t  16.0  inf  89  N 21.7  mpc   5.4 ms  err 0.54
[136/200] speed=6 S2  FN_SAFE_20  seed 36  goal      clr  0.67  t  18.1  inf  83  N 20.5  mpc   4.7 ms  err 0.24
[137/200] speed=6 S2  FN_SAFE_20  seed 37  goal      clr  0.62  t  34.1  inf  76  N 20.0  mpc   4.6 ms  err 0.16
[138/200] speed=6 S2  FN_SAFE_20  seed 38  goal      clr  0.69  t  14.7  inf  80  N 21.1  mpc   5.0 ms  err 0.40
[139/200] speed=6 S2  FN_SAFE_20  seed 39  goal      clr  0.84  t  12.9  inf  81  N 21.7  mpc   5.2 ms  err 0.61
[140/200] speed=6 S2  FN_SAFE_20  seed 40  goal      clr  0.55  t  15.9  inf  92  N 22.2  mpc   5.8 ms  err 0.34
[141/200] speed=6 S2  FN_SAFE_20  seed 41  goal      clr  0.92  t  14.7  inf  85  N 22.7  mpc   5.3 ms  err 0.76
[142/200] speed=6 S2  FN_SAFE_20  seed 42  goal      clr  0.45  t  24.2  inf  87  N 21.0  mpc   5.3 ms  err 0.29
[143/200] speed=6 S2  FN_SAFE_20  seed 43  goal      clr  0.56  t  14.5  inf  87  N 22.9  mpc   5.5 ms  err 0.42
[144/200] speed=6 S2  FN_SAFE_20  seed 44  goal      clr  0.67  t  13.4  inf  84  N 22.0  mpc   5.2 ms  err 0.18
[145/200] speed=6 S2  FN_SAFE_20  seed 45  goal      clr  0.62  t  14.6  inf  98  N 21.1  mpc   4.9 ms  err 0.22
[146/200] speed=6 S2  FN_SAFE_20  seed 46  goal      clr  0.72  t  12.7  inf  84  N 21.6  mpc   5.0 ms  err 0.34
[147/200] speed=6 S2  FN_SAFE_20  seed 47  goal      clr  0.60  t  17.9  inf  98  N 21.5  mpc   5.3 ms  err 0.76
[148/200] speed=6 S2  FN_SAFE_20  seed 48  goal      clr  0.49  t  17.4  inf  93  N 22.0  mpc   5.5 ms  err 0.40
[149/200] speed=6 S2  FN_SAFE_20  seed 49  goal      clr  1.06  t  14.8  inf  84  N 22.8  mpc   5.3 ms  err 0.54
[150/200] speed=6 S2  FN_SAFE_20  seed 50  goal      clr  0.58  t  20.1  inf  89  N 20.7  mpc   4.8 ms  err 0.52
[151/200] speed=6 S2  FN_SAFE_30  seed  1  goal      clr  0.33  t  15.5  inf 100  N 30.0  mpc   8.2 ms  err 0.76
[152/200] speed=6 S2  FN_SAFE_30  seed  2  goal      clr  0.83  t  15.3  inf  84  N 30.0  mpc   8.0 ms  err 0.38
[153/200] speed=6 S2  FN_SAFE_30  seed  3  goal      clr  0.85  t  12.6  inf  91  N 30.0  mpc   8.2 ms  err 0.44
[154/200] speed=6 S2  FN_SAFE_30  seed  4  goal      clr  0.91  t  19.7  inf  72  N 30.0  mpc   8.1 ms  err 0.37
[155/200] speed=6 S2  FN_SAFE_30  seed  5  goal      clr  0.96  t  11.9  inf  66  N 30.0  mpc   7.8 ms  err 0.87
[156/200] speed=6 S2  FN_SAFE_30  seed  6  goal      clr  0.94  t  12.7  inf  76  N 30.0  mpc   7.8 ms  err 0.27
[157/200] speed=6 S2  FN_SAFE_30  seed  7  goal      clr  0.73  t  13.8  inf  88  N 30.0  mpc   7.9 ms  err 0.38
[158/200] speed=6 S2  FN_SAFE_30  seed  8  goal      clr  0.85  t  14.5  inf  94  N 30.0  mpc   7.9 ms  err 0.47
[159/200] speed=6 S2  FN_SAFE_30  seed  9  goal      clr  0.67  t  14.6  inf  97  N 30.0  mpc   8.7 ms  err 0.59
[160/200] speed=6 S2  FN_SAFE_30  seed 10  goal      clr  0.61  t  12.6  inf  77  N 30.0  mpc   7.9 ms  err 0.33
[161/200] speed=6 S2  FN_SAFE_30  seed 11  goal      clr  0.49  t  21.3  inf 111  N 30.0  mpc   9.2 ms  err 0.46
[162/200] speed=6 S2  FN_SAFE_30  seed 12  goal      clr  0.75  t  14.2  inf  83  N 30.0  mpc   8.7 ms  err 0.70
[163/200] speed=6 S2  FN_SAFE_30  seed 13  goal      clr  0.42  t  14.3  inf  93  N 30.0  mpc   8.2 ms  err 0.49
[164/200] speed=6 S2  FN_SAFE_30  seed 14  goal      clr  0.49  t  17.3  inf  82  N 30.0  mpc   8.3 ms  err 0.43
[165/200] speed=6 S2  FN_SAFE_30  seed 15  goal      clr  0.82  t  11.8  inf  65  N 30.0  mpc   7.6 ms  err 0.38
[166/200] speed=6 S2  FN_SAFE_30  seed 16  goal      clr  0.50  t  14.0  inf  98  N 30.0  mpc   8.2 ms  err 0.34
[167/200] speed=6 S2  FN_SAFE_30  seed 17  goal      clr  0.82  t  13.1  inf  87  N 30.0  mpc   8.0 ms  err 0.27
[168/200] speed=6 S2  FN_SAFE_30  seed 18  goal      clr  0.86  t  12.8  inf  82  N 30.0  mpc   7.7 ms  err 0.60
[169/200] speed=6 S2  FN_SAFE_30  seed 19  goal      clr  0.61  t  20.2  inf 119  N 30.0  mpc   8.7 ms  err 0.55
[170/200] speed=6 S2  FN_SAFE_30  seed 20  goal      clr  0.76  t  14.9  inf  96  N 30.0  mpc   8.4 ms  err 0.33
[171/200] speed=6 S2  FN_SAFE_30  seed 21  goal      clr  0.94  t  12.7  inf  81  N 30.0  mpc   7.6 ms  err 0.24
[172/200] speed=6 S2  FN_SAFE_30  seed 22  goal      clr  0.69  t  15.7  inf  76  N 30.0  mpc   7.8 ms  err 0.29
[173/200] speed=6 S2  FN_SAFE_30  seed 23  goal      clr  0.42  t  14.4  inf 100  N 30.0  mpc   8.2 ms  err 0.35
[174/200] speed=6 S2  FN_SAFE_30  seed 24  goal      clr  0.52  t  15.7  inf  75  N 30.0  mpc   7.7 ms  err 0.46
[175/200] speed=6 S2  FN_SAFE_30  seed 25  goal      clr  0.88  t  14.7  inf  91  N 30.0  mpc   7.8 ms  err 0.69
[176/200] speed=6 S2  FN_SAFE_30  seed 26  goal      clr  0.57  t  14.4  inf  87  N 30.0  mpc   8.1 ms  err 0.26
[177/200] speed=6 S2  FN_SAFE_30  seed 27  goal      clr  0.84  t  16.5  inf  76  N 30.0  mpc   8.1 ms  err 0.24
[178/200] speed=6 S2  FN_SAFE_30  seed 28  timeout   clr  0.79  t  40.0  inf  96  N 30.0  mpc   7.9 ms  err 0.34
[179/200] speed=6 S2  FN_SAFE_30  seed 29  goal      clr  0.65  t  12.3  inf  71  N 30.0  mpc   7.5 ms  err 0.65
[180/200] speed=6 S2  FN_SAFE_30  seed 30  goal      clr  1.02  t  18.8  inf  98  N 30.0  mpc   7.9 ms  err 0.40
[181/200] speed=6 S2  FN_SAFE_30  seed 31  goal      clr  0.40  t  19.0  inf 111  N 30.0  mpc   8.9 ms  err 0.77
[182/200] speed=6 S2  FN_SAFE_30  seed 32  goal      clr  0.49  t  14.0  inf  92  N 30.0  mpc   8.0 ms  err 0.42
[183/200] speed=6 S2  FN_SAFE_30  seed 33  goal      clr  0.53  t  16.6  inf 106  N 30.0  mpc   8.6 ms  err 0.26
[184/200] speed=6 S2  FN_SAFE_30  seed 34  goal      clr  0.39  t  14.8  inf  95  N 30.0  mpc   8.3 ms  err 0.47
[185/200] speed=6 S2  FN_SAFE_30  seed 35  goal      clr  0.95  t  14.2  inf  51  N 30.0  mpc   7.5 ms  err 0.78
[186/200] speed=6 S2  FN_SAFE_30  seed 36  goal      clr  0.61  t  13.0  inf  90  N 30.0  mpc   7.9 ms  err 0.43
[187/200] speed=6 S2  FN_SAFE_30  seed 37  goal      clr  0.56  t  16.1  inf  79  N 30.0  mpc   7.9 ms  err 0.98
[188/200] speed=6 S2  FN_SAFE_30  seed 38  goal      clr  0.56  t  16.0  inf 100  N 30.0  mpc   7.9 ms  err 0.93
[189/200] speed=6 S2  FN_SAFE_30  seed 39  goal      clr  0.67  t  13.9  inf  82  N 30.0  mpc   8.0 ms  err 0.64
[190/200] speed=6 S2  FN_SAFE_30  seed 40  goal      clr  0.68  t  15.4  inf 106  N 30.0  mpc   8.3 ms  err 0.27
[191/200] speed=6 S2  FN_SAFE_30  seed 41  goal      clr  0.58  t  13.8  inf  92  N 30.0  mpc   7.9 ms  err 0.84
[192/200] speed=6 S2  FN_SAFE_30  seed 42  goal      clr  1.46  t  19.5  inf  64  N 30.0  mpc   7.8 ms  err 0.46
[193/200] speed=6 S2  FN_SAFE_30  seed 43  goal      clr  0.77  t  13.8  inf  89  N 30.0  mpc   7.8 ms  err 0.67
[194/200] speed=6 S2  FN_SAFE_30  seed 44  goal      clr  0.64  t  14.7  inf  84  N 30.0  mpc   8.1 ms  err 0.29
[195/200] speed=6 S2  FN_SAFE_30  seed 45  goal      clr  0.66  t  14.9  inf  83  N 30.0  mpc   7.9 ms  err 0.23
[196/200] speed=6 S2  FN_SAFE_30  seed 46  goal      clr  0.63  t  13.0  inf  86  N 30.0  mpc   7.7 ms  err 0.35
[197/200] speed=6 S2  FN_SAFE_30  seed 47  goal      clr  0.86  t  13.0  inf  92  N 30.0  mpc   7.9 ms  err 0.44
[198/200] speed=6 S2  FN_SAFE_30  seed 48  goal      clr  0.72  t  12.4  inf  78  N 30.0  mpc   7.9 ms  err 0.40
[199/200] speed=6 S2  FN_SAFE_30  seed 49  goal      clr  0.60  t  17.1  inf 102  N 30.0  mpc   8.0 ms  err 0.30
[200/200] speed=6 S2  FN_SAFE_30  seed 50  goal      clr  0.60  t  13.6  inf  88  N 30.0  mpc   7.9 ms  err 0.52
