[  1/400] S2  A_FR_FN     seed  1  goal      clr  0.16  t  15.5  inf 144  N 20.0  mpc   5.5 ms  err 0.28
[  2/400] S2  A_FR_FN     seed  2  goal      clr  0.44  t  13.7  inf 127  N 20.0  mpc   4.3 ms  err 0.42
[  3/400] S2  A_FR_FN     seed  3  goal      clr  0.13  t  19.8  inf 184  N 20.0  mpc   4.3 ms  err 0.43
[  4/400] S2  A_FR_FN     seed  4  goal      clr  0.51  t  15.1  inf 143  N 20.0  mpc   4.0 ms  err 0.56
[  5/400] S2  A_FR_FN     seed  5  collision clr -0.01  t  15.1  inf 137  N 20.0  mpc   4.4 ms  err 0.52
[  6/400] S2  A_FR_FN     seed  6  goal      clr  0.50  t  15.5  inf 144  N 20.0  mpc   4.1 ms  err 0.29
[  7/400] S2  A_FR_FN     seed  7  goal      clr  0.37  t  23.9  inf 221  N 20.0  mpc   4.3 ms  err 1.46
[  8/400] S2  A_FR_FN     seed  8  goal      clr  0.30  t  15.8  inf 149  N 20.0  mpc   4.2 ms  err 0.32
[  9/400] S2  A_FR_FN     seed  9  goal      clr  0.32  t  17.0  inf 158  N 20.0  mpc   4.3 ms  err 0.37
[ 10/400] S2  A_FR_FN     seed 10  goal      clr  0.34  t  15.7  inf 142  N 20.0  mpc   3.9 ms  err 0.32
[ 11/400] S2  A_FR_FN     seed 11  goal      clr  0.03  t  15.5  inf 140  N 20.0  mpc   4.1 ms  err 0.21
[ 12/400] S2  A_FR_FN     seed 12  goal      clr  0.35  t  14.9  inf 138  N 20.0  mpc   3.9 ms  err 0.44
[ 13/400] S2  A_FR_FN     seed 13  goal      clr  0.16  t  13.9  inf 132  N 20.0  mpc   4.1 ms  err 0.26
[ 14/400] S2  A_FR_FN     seed 14  goal      clr  0.53  t  15.2  inf 142  N 20.0  mpc   4.0 ms  err 0.40
[ 15/400] S2  A_FR_FN     seed 15  goal      clr  0.24  t  15.9  inf 146  N 20.0  mpc   4.2 ms  err 0.52
[ 16/400] S2  A_FR_FN     seed 16  goal      clr  0.38  t  14.2  inf 134  N 20.0  mpc   3.9 ms  err 0.23
[ 17/400] S2  A_FR_FN     seed 17  goal      clr  0.47  t  15.7  inf 150  N 20.0  mpc   4.0 ms  err 0.17
[ 18/400] S2  A_FR_FN     seed 18  goal      clr  0.42  t  15.9  inf 148  N 20.0  mpc   4.0 ms  err 0.64
[ 19/400] S2  A_FR_FN     seed 19  goal      clr  0.26  t  14.9  inf 141  N 20.0  mpc   4.1 ms  err 0.43
[ 20/400] S2  A_FR_FN     seed 20  goal      clr  0.49  t  13.6  inf 127  N 20.0  mpc   3.9 ms  err 0.33
[ 21/400] S2  A_FR_FN     seed 21  goal      clr  0.22  t  15.5  inf 143  N 20.0  mpc   4.2 ms  err 0.81
[ 22/400] S2  A_FR_FN     seed 22  goal      clr  0.20  t  14.9  inf 141  N 20.0  mpc   3.9 ms  err 0.68
[ 23/400] S2  A_FR_FN     seed 23  goal      clr  0.37  t  15.7  inf 145  N 20.0  mpc   4.2 ms  err 0.30
[ 24/400] S2  A_FR_FN     seed 24  goal      clr  0.58  t  17.4  inf 162  N 20.0  mpc   4.0 ms  err 0.68
[ 25/400] S2  A_FR_FN     seed 25  goal      clr  0.32  t  14.6  inf 135  N 20.0  mpc   4.1 ms  err 0.39
[ 26/400] S2  A_FR_FN     seed 26  goal      clr  0.32  t  15.2  inf 140  N 20.0  mpc   4.0 ms  err 0.47
[ 27/400] S2  A_FR_FN     seed 27  goal      clr  0.32  t  15.3  inf 142  N 20.0  mpc   4.1 ms  err 0.38
[ 28/400] S2  A_FR_FN     seed 28  goal      clr  0.20  t  15.2  inf 142  N 20.0  mpc   4.0 ms  err 0.30
[ 29/400] S2  A_FR_FN     seed 29  goal      clr  0.42  t  13.9  inf 131  N 20.0  mpc   4.0 ms  err 0.36
[ 30/400] S2  A_FR_FN     seed 30  goal      clr  0.34  t  14.2  inf 131  N 20.0  mpc   3.9 ms  err 0.57
[ 31/400] S2  A_FR_FN     seed 31  goal      clr  0.45  t  15.7  inf 146  N 20.0  mpc   3.9 ms  err 0.62
[ 32/400] S2  A_FR_FN     seed 32  goal      clr  0.25  t  15.8  inf 148  N 20.0  mpc   4.1 ms  err 0.51
[ 33/400] S2  A_FR_FN     seed 33  goal      clr  0.17  t  15.2  inf 141  N 20.0  mpc   4.0 ms  err 0.36
[ 34/400] S2  A_FR_FN     seed 34  goal      clr  0.23  t  15.8  inf 150  N 20.0  mpc   4.1 ms  err 0.36
[ 35/400] S2  A_FR_FN     seed 35  goal      clr  0.60  t  13.9  inf 132  N 20.0  mpc   3.8 ms  err 0.42
[ 36/400] S2  A_FR_FN     seed 36  goal      clr  0.00  t  16.1  inf 152  N 20.0  mpc   4.2 ms  err 0.35
[ 37/400] S2  A_FR_FN     seed 37  goal      clr  0.20  t  14.7  inf 138  N 20.0  mpc   3.9 ms  err 0.67
[ 38/400] S2  A_FR_FN     seed 38  goal      clr  0.12  t  15.4  inf 143  N 20.0  mpc   4.1 ms  err 0.45
[ 39/400] S2  A_FR_FN     seed 39  goal      clr  0.40  t  15.5  inf 142  N 20.0  mpc   4.1 ms  err 0.45
[ 40/400] S2  A_FR_FN     seed 40  goal      clr  0.37  t  24.0  inf 224  N 20.0  mpc   4.2 ms  err 0.20
[ 41/400] S2  A_FR_FN     seed 41  goal      clr  0.26  t  17.3  inf 162  N 20.0  mpc   4.2 ms  err 1.15
[ 42/400] S2  A_FR_FN     seed 42  goal      clr  0.07  t  15.2  inf 142  N 20.0  mpc   4.0 ms  err 0.63
[ 43/400] S2  A_FR_FN     seed 43  goal      clr  0.10  t  15.8  inf 147  N 20.0  mpc   4.2 ms  err 0.34
[ 44/400] S2  A_FR_FN     seed 44  goal      clr  0.39  t  14.6  inf 134  N 20.0  mpc   4.1 ms  err 0.67
[ 45/400] S2  A_FR_FN     seed 45  goal      clr  0.40  t  14.7  inf 138  N 20.0  mpc   4.1 ms  err 0.22
[ 46/400] S2  A_FR_FN     seed 46  goal      clr  0.50  t  15.3  inf 141  N 20.0  mpc   4.1 ms  err 0.90
[ 47/400] S2  A_FR_FN     seed 47  goal      clr  0.37  t  13.8  inf 127  N 20.0  mpc   4.0 ms  err 0.44
[ 48/400] S2  A_FR_FN     seed 48  goal      clr  0.20  t  18.3  inf 172  N 20.0  mpc   4.3 ms  err 0.28
[ 49/400] S2  A_FR_FN     seed 49  goal      clr  0.33  t  15.4  inf 146  N 20.0  mpc   4.1 ms  err 0.23
[ 50/400] S2  A_FR_FN     seed 50  goal      clr  0.20  t  14.7  inf 139  N 20.0  mpc   4.0 ms  err 0.38
[ 51/400] S2  B_AP_FN     seed  1  collision clr -0.01  t   7.5  inf  44  N 20.0  mpc   4.6 ms  err 0.36
[ 52/400] S2  B_AP_FN     seed  2  goal      clr  0.43  t  13.7  inf  82  N 20.0  mpc   3.9 ms  err 0.49
[ 53/400] S2  B_AP_FN     seed  3  goal      clr  0.39  t  15.1  inf  94  N 20.0  mpc   4.1 ms  err 0.32
[ 54/400] S2  B_AP_FN     seed  4  goal      clr  0.39  t  18.6  inf  89  N 20.0  mpc   4.1 ms  err 0.38
[ 55/400] S2  B_AP_FN     seed  5  collision clr -0.01  t  11.5  inf  79  N 20.0  mpc   4.5 ms  err 0.41
[ 56/400] S2  B_AP_FN     seed  6  goal      clr  0.49  t  15.2  inf  92  N 20.0  mpc   4.0 ms  err 0.36
[ 57/400] S2  B_AP_FN     seed  7  goal      clr  0.33  t  13.9  inf  83  N 20.0  mpc   4.0 ms  err 0.43
[ 58/400] S2  B_AP_FN     seed  8  goal      clr  0.38  t  15.2  inf  88  N 20.0  mpc   4.0 ms  err 0.39
[ 59/400] S2  B_AP_FN     seed  9  goal      clr  0.23  t  17.7  inf  97  N 20.0  mpc   4.1 ms  err 0.61
[ 60/400] S2  B_AP_FN     seed 10  goal      clr  0.39  t  15.8  inf  74  N 20.0  mpc   4.0 ms  err 0.23
[ 61/400] S2  B_AP_FN     seed 11  goal      clr  0.25  t  15.7  inf  90  N 20.0  mpc   4.1 ms  err 0.18
[ 62/400] S2  B_AP_FN     seed 12  collision clr -0.00  t   4.8  inf  32  N 20.0  mpc   4.3 ms  err 0.72
[ 63/400] S2  B_AP_FN     seed 13  goal      clr  0.32  t  16.4  inf  72  N 20.0  mpc   4.1 ms  err 0.36
[ 64/400] S2  B_AP_FN     seed 14  goal      clr  0.08  t  15.6  inf  74  N 20.0  mpc   4.2 ms  err 0.34
[ 65/400] S2  B_AP_FN     seed 15  goal      clr  0.42  t  13.6  inf  76  N 20.0  mpc   4.0 ms  err 0.49
[ 66/400] S2  B_AP_FN     seed 16  goal      clr  0.27  t  15.3  inf 103  N 20.0  mpc   4.1 ms  err 0.29
[ 67/400] S2  B_AP_FN     seed 17  goal      clr  0.34  t  17.9  inf  66  N 20.0  mpc   4.1 ms  err 0.30
[ 68/400] S2  B_AP_FN     seed 18  goal      clr  0.24  t  15.6  inf  91  N 20.0  mpc   4.0 ms  err 0.39
[ 69/400] S2  B_AP_FN     seed 19  goal      clr  0.32  t  17.0  inf  91  N 20.0  mpc   4.0 ms  err 0.35
[ 70/400] S2  B_AP_FN     seed 20  goal      clr  0.45  t  13.5  inf  84  N 20.0  mpc   4.0 ms  err 0.34
[ 71/400] S2  B_AP_FN     seed 21  goal      clr  0.35  t  16.9  inf  82  N 20.0  mpc   4.2 ms  err 0.65
[ 72/400] S2  B_AP_FN     seed 22  goal      clr  0.05  t  21.2  inf  61  N 20.0  mpc   4.1 ms  err 0.50
[ 73/400] S2  B_AP_FN     seed 23  collision clr -0.00  t   4.8  inf  29  N 20.0  mpc   4.6 ms  err 0.53
[ 74/400] S2  B_AP_FN     seed 24  goal      clr  0.08  t  13.7  inf  76  N 20.0  mpc   4.0 ms  err 0.56
[ 75/400] S2  B_AP_FN     seed 25  goal      clr  0.36  t  14.9  inf  98  N 20.0  mpc   4.2 ms  err 0.32
[ 76/400] S2  B_AP_FN     seed 26  goal      clr  0.43  t  18.7  inf  77  N 20.0  mpc   4.2 ms  err 0.45
[ 77/400] S2  B_AP_FN     seed 27  goal      clr  0.29  t  20.2  inf  98  N 20.0  mpc   4.3 ms  err 0.73
[ 78/400] S2  B_AP_FN     seed 28  goal      clr  0.38  t  16.8  inf  93  N 20.0  mpc   4.3 ms  err 0.36
[ 79/400] S2  B_AP_FN     seed 29  goal      clr  0.28  t  15.5  inf  96  N 20.0  mpc   4.0 ms  err 0.21
[ 80/400] S2  B_AP_FN     seed 30  goal      clr  0.40  t  15.1  inf  79  N 20.0  mpc   4.1 ms  err 0.32
[ 81/400] S2  B_AP_FN     seed 31  goal      clr  0.28  t  15.9  inf  90  N 20.0  mpc   4.0 ms  err 0.72
[ 82/400] S2  B_AP_FN     seed 32  goal      clr  0.38  t  14.4  inf 101  N 20.0  mpc   4.1 ms  err 0.34
[ 83/400] S2  B_AP_FN     seed 33  goal      clr  0.31  t  17.4  inf  92  N 20.0  mpc   4.2 ms  err 0.48
[ 84/400] S2  B_AP_FN     seed 34  goal      clr  0.24  t  15.6  inf  80  N 20.0  mpc   4.1 ms  err 0.28
[ 85/400] S2  B_AP_FN     seed 35  goal      clr  0.21  t  14.1  inf  69  N 20.0  mpc   3.9 ms  err 0.30
[ 86/400] S2  B_AP_FN     seed 36  goal      clr  0.59  t  19.3  inf  70  N 20.0  mpc   4.2 ms  err 0.23
[ 87/400] S2  B_AP_FN     seed 37  goal      clr  0.23  t  14.8  inf  93  N 20.0  mpc   4.0 ms  err 0.24
[ 88/400] S2  B_AP_FN     seed 38  goal      clr  0.19  t  17.8  inf 110  N 20.0  mpc   4.3 ms  err 0.78
[ 89/400] S2  B_AP_FN     seed 39  goal      clr  0.20  t  16.6  inf  72  N 20.0  mpc   4.0 ms  err 0.69
[ 90/400] S2  B_AP_FN     seed 40  goal      clr  0.35  t  16.2  inf 100  N 20.0  mpc   4.2 ms  err 0.47
[ 91/400] S2  B_AP_FN     seed 41  goal      clr  0.33  t  14.9  inf  97  N 20.0  mpc   4.1 ms  err 0.26
[ 92/400] S2  B_AP_FN     seed 42  goal      clr  0.19  t  16.9  inf  90  N 20.0  mpc   4.2 ms  err 0.36
[ 93/400] S2  B_AP_FN     seed 43  collision clr -0.01  t   5.6  inf  34  N 20.0  mpc   4.6 ms  err 0.70
[ 94/400] S2  B_AP_FN     seed 44  goal      clr  0.31  t  17.3  inf  93  N 20.0  mpc   4.2 ms  err 0.87
[ 95/400] S2  B_AP_FN     seed 45  collision clr -0.00  t   7.0  inf  54  N 20.0  mpc   4.0 ms  err 0.29
[ 96/400] S2  B_AP_FN     seed 46  goal      clr  0.34  t  16.9  inf  84  N 20.0  mpc   4.1 ms  err 0.68
[ 97/400] S2  B_AP_FN     seed 47  goal      clr  0.25  t  15.6  inf  86  N 20.0  mpc   4.2 ms  err 0.54
[ 98/400] S2  B_AP_FN     seed 48  goal      clr  0.29  t  17.1  inf  94  N 20.0  mpc   4.3 ms  err 0.19
[ 99/400] S2  B_AP_FN     seed 49  goal      clr  0.39  t  16.8  inf  73  N 20.0  mpc   4.1 ms  err 0.34
[100/400] S2  B_AP_FN     seed 50  goal      clr  0.51  t  13.9  inf  86  N 20.0  mpc   4.1 ms  err 0.43
[101/400] S2  C_FR_AN     seed  1  goal      clr  0.18  t  16.1  inf 149  N 24.2  mpc   5.7 ms  err 0.53
[102/400] S2  C_FR_AN     seed  2  goal      clr  0.34  t  17.0  inf 159  N 25.0  mpc   6.3 ms  err 0.83
[103/400] S2  C_FR_AN     seed  3  goal      clr  0.20  t  18.9  inf 177  N 25.3  mpc   6.1 ms  err 0.32
[104/400] S2  C_FR_AN     seed  4  goal      clr  0.48  t  15.0  inf 142  N 24.9  mpc   5.8 ms  err 0.34
[105/400] S2  C_FR_AN     seed  5  goal      clr  0.37  t  16.8  inf 153  N 25.9  mpc   6.3 ms  err 0.67
[106/400] S2  C_FR_AN     seed  6  goal      clr  0.34  t  16.4  inf 152  N 23.7  mpc   5.5 ms  err 0.23
[107/400] S2  C_FR_AN     seed  7  goal      clr  0.11  t  15.3  inf 140  N 25.2  mpc   6.1 ms  err 0.28
[108/400] S2  C_FR_AN     seed  8  goal      clr  0.44  t  16.0  inf 151  N 25.4  mpc   6.0 ms  err 0.51
[109/400] S2  C_FR_AN     seed  9  goal      clr  0.39  t  14.2  inf 132  N 25.1  mpc   5.8 ms  err 0.48
[110/400] S2  C_FR_AN     seed 10  goal      clr  0.14  t  17.9  inf 162  N 25.7  mpc   6.4 ms  err 0.49
[111/400] S2  C_FR_AN     seed 11  goal      clr  0.39  t  14.4  inf 130  N 25.7  mpc   6.2 ms  err 0.24
[112/400] S2  C_FR_AN     seed 12  goal      clr  0.53  t  13.8  inf 129  N 24.8  mpc   5.7 ms  err 0.49
[113/400] S2  C_FR_AN     seed 13  goal      clr  0.05  t  13.9  inf 131  N 25.3  mpc   6.1 ms  err 0.30
[114/400] S2  C_FR_AN     seed 14  goal      clr  0.46  t  15.6  inf 145  N 24.3  mpc   5.8 ms  err 0.60
[115/400] S2  C_FR_AN     seed 15  goal      clr  0.44  t  13.9  inf 127  N 25.7  mpc   6.1 ms  err 0.64
[116/400] S2  C_FR_AN     seed 16  goal      clr  0.13  t  15.6  inf 146  N 25.0  mpc   5.9 ms  err 0.23
[117/400] S2  C_FR_AN     seed 17  goal      clr  0.07  t  15.3  inf 146  N 24.5  mpc   5.7 ms  err 0.34
[118/400] S2  C_FR_AN     seed 18  goal      clr  0.46  t  17.5  inf 163  N 25.4  mpc   6.3 ms  err 0.61
[119/400] S2  C_FR_AN     seed 19  goal      clr  0.35  t  15.3  inf 145  N 25.0  mpc   5.8 ms  err 0.31
[120/400] S2  C_FR_AN     seed 20  goal      clr  0.52  t  13.9  inf 129  N 25.6  mpc   5.9 ms  err 0.38
[121/400] S2  C_FR_AN     seed 21  goal      clr  0.41  t  14.3  inf 132  N 25.2  mpc   5.9 ms  err 0.44
[122/400] S2  C_FR_AN     seed 22  goal      clr  0.18  t  15.4  inf 147  N 23.8  mpc   5.5 ms  err 0.77
[123/400] S2  C_FR_AN     seed 23  goal      clr  0.30  t  16.8  inf 155  N 25.7  mpc   6.3 ms  err 0.60
[124/400] S2  C_FR_AN     seed 24  goal      clr  0.52  t  19.1  inf 179  N 23.6  mpc   5.6 ms  err 0.71
[125/400] S2  C_FR_AN     seed 25  goal      clr  0.36  t  14.2  inf 132  N 25.4  mpc   6.0 ms  err 0.68
[126/400] S2  C_FR_AN     seed 26  goal      clr  0.15  t  21.1  inf 195  N 24.3  mpc   6.0 ms  err 0.80
[127/400] S2  C_FR_AN     seed 27  goal      clr  0.41  t  17.5  inf 163  N 25.1  mpc   6.1 ms  err 0.29
[128/400] S2  C_FR_AN     seed 28  goal      clr  0.19  t  15.9  inf 149  N 26.5  mpc   6.5 ms  err 0.37
[129/400] S2  C_FR_AN     seed 29  goal      clr  0.02  t  15.9  inf 149  N 25.8  mpc   6.1 ms  err 0.35
[130/400] S2  C_FR_AN     seed 30  goal      clr  0.21  t  15.5  inf 144  N 25.4  mpc   6.1 ms  err 0.43
[131/400] S2  C_FR_AN     seed 31  goal      clr  0.45  t  16.1  inf 150  N 24.4  mpc   5.7 ms  err 0.53
[132/400] S2  C_FR_AN     seed 32  goal      clr  0.25  t  16.0  inf 150  N 26.1  mpc   6.4 ms  err 0.64
[133/400] S2  C_FR_AN     seed 33  goal      clr  0.09  t  17.5  inf 162  N 23.7  mpc   5.5 ms  err 0.62
[134/400] S2  C_FR_AN     seed 34  goal      clr  0.15  t  14.3  inf 136  N 25.4  mpc   6.0 ms  err 0.24
[135/400] S2  C_FR_AN     seed 35  goal      clr  0.61  t  14.2  inf 134  N 25.1  mpc   5.9 ms  err 0.67
[136/400] S2  C_FR_AN     seed 36  goal      clr  0.24  t  15.0  inf 142  N 26.1  mpc   6.4 ms  err 0.39
[137/400] S2  C_FR_AN     seed 37  goal      clr  0.28  t  17.9  inf 168  N 24.8  mpc   6.0 ms  err 0.40
[138/400] S2  C_FR_AN     seed 38  goal      clr  0.19  t  14.6  inf 135  N 25.2  mpc   5.9 ms  err 0.22
[139/400] S2  C_FR_AN     seed 39  goal      clr  0.09  t  15.5  inf 141  N 24.4  mpc   5.8 ms  err 0.61
[140/400] S2  C_FR_AN     seed 40  goal      clr  0.24  t  14.9  inf 140  N 25.3  mpc   6.0 ms  err 0.64
[141/400] S2  C_FR_AN     seed 41  goal      clr  0.38  t  15.6  inf 145  N 25.7  mpc   6.1 ms  err 0.20
[142/400] S2  C_FR_AN     seed 42  goal      clr  0.33  t  13.8  inf 129  N 25.3  mpc   5.9 ms  err 0.30
[143/400] S2  C_FR_AN     seed 43  goal      clr  0.09  t  15.5  inf 143  N 26.4  mpc   6.4 ms  err 0.45
[144/400] S2  C_FR_AN     seed 44  goal      clr  0.30  t  14.6  inf 134  N 25.4  mpc   6.1 ms  err 0.44
[145/400] S2  C_FR_AN     seed 45  goal      clr  0.19  t  14.4  inf 135  N 24.9  mpc   5.8 ms  err 0.33
[146/400] S2  C_FR_AN     seed 46  goal      clr  0.31  t  14.9  inf 137  N 26.1  mpc   6.2 ms  err 1.03
[147/400] S2  C_FR_AN     seed 47  goal      clr  0.43  t  14.0  inf 129  N 26.1  mpc   6.2 ms  err 0.48
[148/400] S2  C_FR_AN     seed 48  goal      clr  0.19  t  17.0  inf 159  N 26.0  mpc   6.2 ms  err 0.55
[149/400] S2  C_FR_AN     seed 49  goal      clr  0.38  t  16.7  inf 157  N 23.8  mpc   5.6 ms  err 0.27
[150/400] S2  C_FR_AN     seed 50  goal      clr  0.25  t  13.8  inf 131  N 25.1  mpc   6.1 ms  err 0.46
[151/400] S2  D_AP_AN     seed  1  collision clr -0.01  t   9.7  inf  22  N 22.2  mpc   5.4 ms  err 0.47
[152/400] S2  D_AP_AN     seed  2  goal      clr  0.47  t  14.0  inf  78  N 24.8  mpc   5.7 ms  err 0.74
[153/400] S2  D_AP_AN     seed  3  goal      clr  0.05  t  17.7  inf  89  N 25.5  mpc   6.3 ms  err 0.20
[154/400] S2  D_AP_AN     seed  4  goal      clr  0.26  t  18.8  inf  82  N 24.6  mpc   5.9 ms  err 0.49
[155/400] S2  D_AP_AN     seed  5  goal      clr  0.51  t  23.1  inf  66  N 23.0  mpc   5.3 ms  err 0.54
[156/400] S2  D_AP_AN     seed  6  goal      clr  0.08  t  20.0  inf 101  N 23.6  mpc   5.8 ms  err 0.91
[157/400] S2  D_AP_AN     seed  7  goal      clr  0.41  t  13.9  inf  84  N 25.3  mpc   5.8 ms  err 0.53
[158/400] S2  D_AP_AN     seed  8  goal      clr  0.45  t  15.2  inf  81  N 24.4  mpc   5.8 ms  err 0.31
[159/400] S2  D_AP_AN     seed  9  goal      clr  0.23  t  14.0  inf  76  N 25.4  mpc   5.8 ms  err 0.55
[160/400] S2  D_AP_AN     seed 10  goal      clr  0.17  t  13.5  inf  73  N 25.5  mpc   6.1 ms  err 0.25
[161/400] S2  D_AP_AN     seed 11  goal      clr  0.06  t  14.8  inf  86  N 26.1  mpc   6.3 ms  err 0.21
[162/400] S2  D_AP_AN     seed 12  goal      clr  0.43  t  16.5  inf  79  N 25.8  mpc   6.0 ms  err 0.52
[163/400] S2  D_AP_AN     seed 13  goal      clr  0.26  t  16.4  inf  70  N 24.8  mpc   5.9 ms  err 0.38
[164/400] S2  D_AP_AN     seed 14  goal      clr  0.09  t  14.1  inf  67  N 24.6  mpc   5.9 ms  err 0.35
[165/400] S2  D_AP_AN     seed 15  collision clr -0.02  t   6.5  inf  23  N 25.0  mpc   6.4 ms  err 0.63
[166/400] S2  D_AP_AN     seed 16  goal      clr  0.47  t  17.3  inf  70  N 24.2  mpc   5.8 ms  err 0.38
[167/400] S2  D_AP_AN     seed 17  goal      clr  0.20  t  16.6  inf  64  N 24.3  mpc   5.7 ms  err 0.24
[168/400] S2  D_AP_AN     seed 18  goal      clr  0.08  t  15.8  inf  88  N 25.1  mpc   5.9 ms  err 0.30
[169/400] S2  D_AP_AN     seed 19  goal      clr  0.40  t  15.3  inf  82  N 25.3  mpc   6.1 ms  err 0.37
[170/400] S2  D_AP_AN     seed 20  goal      clr  0.45  t  13.7  inf  85  N 25.8  mpc   6.0 ms  err 0.25
[171/400] S2  D_AP_AN     seed 21  goal      clr  0.31  t  14.3  inf  82  N 25.5  mpc   6.0 ms  err 0.28
[172/400] S2  D_AP_AN     seed 22  goal      clr  0.48  t  16.5  inf  60  N 23.8  mpc   5.6 ms  err 0.58
[173/400] S2  D_AP_AN     seed 23  goal      clr  0.25  t  15.5  inf  98  N 25.9  mpc   6.3 ms  err 0.51
[174/400] S2  D_AP_AN     seed 24  goal      clr  0.12  t  13.8  inf  74  N 25.6  mpc   6.0 ms  err 0.76
[175/400] S2  D_AP_AN     seed 25  goal      clr  0.33  t  14.2  inf  90  N 25.8  mpc   6.1 ms  err 0.59
[176/400] S2  D_AP_AN     seed 26  collision clr -0.01  t   4.8  inf  17  N 25.9  mpc   6.2 ms  err 0.75
[177/400] S2  D_AP_AN     seed 27  goal      clr  0.48  t  19.6  inf  89  N 25.6  mpc   6.2 ms  err 0.51
[178/400] S2  D_AP_AN     seed 28  goal      clr  0.23  t  14.3  inf  88  N 26.3  mpc   6.5 ms  err 0.19
[179/400] S2  D_AP_AN     seed 29  goal      clr  0.34  t  15.3  inf  95  N 25.4  mpc   6.0 ms  err 0.26
[180/400] S2  D_AP_AN     seed 30  goal      clr  0.38  t  14.0  inf  83  N 25.8  mpc   6.1 ms  err 0.36
[181/400] S2  D_AP_AN     seed 31  goal      clr  0.14  t  13.4  inf  82  N 25.8  mpc   6.2 ms  err 0.31
[182/400] S2  D_AP_AN     seed 32  goal      clr  0.39  t  14.0  inf  80  N 25.9  mpc   6.0 ms  err 0.57
[183/400] S2  D_AP_AN     seed 33  collision clr -0.02  t   9.1  inf  63  N 26.1  mpc   6.3 ms  err 0.42
[184/400] S2  D_AP_AN     seed 34  goal      clr  0.13  t  16.7  inf  83  N 25.2  mpc   6.2 ms  err 0.44
[185/400] S2  D_AP_AN     seed 35  goal      clr  0.45  t  14.0  inf  71  N 25.9  mpc   6.0 ms  err 0.38
[186/400] S2  D_AP_AN     seed 36  goal      clr  0.41  t  15.1  inf  86  N 26.1  mpc   6.3 ms  err 0.77
[187/400] S2  D_AP_AN     seed 37  goal      clr  0.29  t  14.9  inf  91  N 26.1  mpc   6.1 ms  err 0.25
[188/400] S2  D_AP_AN     seed 38  goal      clr  0.25  t  17.5  inf 112  N 26.2  mpc   6.4 ms  err 0.57
[189/400] S2  D_AP_AN     seed 39  goal      clr  0.22  t  14.3  inf  79  N 25.3  mpc   6.0 ms  err 0.29
[190/400] S2  D_AP_AN     seed 40  collision clr -0.01  t   5.0  inf  17  N 25.9  mpc   6.7 ms  err 0.46
[191/400] S2  D_AP_AN     seed 41  goal      clr  0.40  t  14.3  inf  83  N 26.5  mpc   6.3 ms  err 0.21
[192/400] S2  D_AP_AN     seed 42  goal      clr  0.42  t  13.7  inf  77  N 25.1  mpc   5.8 ms  err 0.29
[193/400] S2  D_AP_AN     seed 43  goal      clr  0.05  t  15.0  inf  99  N 25.6  mpc   6.2 ms  err 0.25
[194/400] S2  D_AP_AN     seed 44  goal      clr  0.27  t  17.4  inf  87  N 25.1  mpc   6.1 ms  err 0.36
[195/400] S2  D_AP_AN     seed 45  goal      clr  0.33  t  15.0  inf  94  N 25.4  mpc   5.9 ms  err 0.24
[196/400] S2  D_AP_AN     seed 46  goal      clr  0.39  t  14.0  inf  91  N 26.0  mpc   6.2 ms  err 0.68
[197/400] S2  D_AP_AN     seed 47  goal      clr  0.42  t  17.0  inf  93  N 26.4  mpc   6.5 ms  err 0.49
[198/400] S2  D_AP_AN     seed 48  goal      clr  0.28  t  17.0  inf  95  N 25.9  mpc   6.2 ms  err 0.23
[199/400] S2  D_AP_AN     seed 49  goal      clr  0.45  t  13.6  inf  87  N 25.6  mpc   5.8 ms  err 0.36
[200/400] S2  D_AP_AN     seed 50  goal      clr  0.27  t  13.2  inf  86  N 25.4  mpc   5.9 ms  err 0.42
[201/400] S2  E_DART      seed  1  goal      clr  0.58  t  17.3  inf  56  N 21.4  mpc   5.3 ms  err 0.52
[202/400] S2  E_DART      seed  2  goal      clr  0.82  t  16.9  inf  90  N 24.5  mpc   6.6 ms  err 0.49
[203/400] S2  E_DART      seed  3  goal      clr  0.66  t  14.4  inf  78  N 25.2  mpc   6.3 ms  err 0.21
[204/400] S2  E_DART      seed  4  goal      clr  0.81  t  15.0  inf  77  N 24.0  mpc   6.1 ms  err 0.88
[205/400] S2  E_DART      seed  5  goal      clr  0.64  t  15.6  inf  60  N 22.8  mpc   5.8 ms  err 1.02
[206/400] S2  E_DART      seed  6  goal      clr  0.64  t  14.3  inf  65  N 25.8  mpc   6.2 ms  err 0.52
[207/400] S2  E_DART      seed  7  goal      clr  0.76  t  14.2  inf  71  N 24.4  mpc   5.9 ms  err 0.27
[208/400] S2  E_DART      seed  8  goal      clr  0.74  t  15.4  inf  68  N 24.1  mpc   5.8 ms  err 0.38
[209/400] S2  E_DART      seed  9  goal      clr  0.54  t  23.1  inf 113  N 24.0  mpc   6.1 ms  err 0.56
[210/400] S2  E_DART      seed 10  goal      clr  0.44  t  16.4  inf  71  N 25.6  mpc   6.7 ms  err 0.36
[211/400] S2  E_DART      seed 11  goal      clr  0.53  t  14.9  inf  84  N 26.0  mpc   6.5 ms  err 0.35
[212/400] S2  E_DART      seed 12  goal      clr  0.12  t  19.9  inf 109  N 25.1  mpc   7.1 ms  err 0.98
[213/400] S2  E_DART      seed 13  goal      clr  0.58  t  15.8  inf  86  N 25.3  mpc   6.3 ms  err 0.36
[214/400] S2  E_DART      seed 14  goal      clr  0.35  t  15.3  inf  71  N 24.0  mpc   6.2 ms  err 0.34
[215/400] S2  E_DART      seed 15  goal      clr  0.74  t  14.1  inf  61  N 24.8  mpc   5.9 ms  err 0.55
[216/400] S2  E_DART      seed 16  goal      clr  0.08  t  17.3  inf 107  N 25.4  mpc   7.1 ms  err 0.68
[217/400] S2  E_DART      seed 17  goal      clr  0.51  t  15.6  inf  68  N 24.4  mpc   6.1 ms  err 0.25
[218/400] S2  E_DART      seed 18  goal      clr  0.80  t  14.5  inf  64  N 25.0  mpc   6.2 ms  err 0.77
[219/400] S2  E_DART      seed 19  goal      clr  0.68  t  19.5  inf  73  N 22.8  mpc   5.6 ms  err 0.49
[220/400] S2  E_DART      seed 20  goal      clr  0.66  t  15.9  inf  78  N 24.8  mpc   6.1 ms  err 0.25
[221/400] S2  E_DART      seed 21  goal      clr  0.79  t  13.7  inf  66  N 24.6  mpc   6.1 ms  err 0.37
[222/400] S2  E_DART      seed 22  goal      clr  0.60  t  16.8  inf  70  N 24.4  mpc   6.2 ms  err 0.26
[223/400] S2  E_DART      seed 23  goal      clr  0.59  t  17.1  inf  73  N 24.9  mpc   6.5 ms  err 0.23
[224/400] S2  E_DART      seed 24  goal      clr  0.63  t  15.4  inf  89  N 25.5  mpc   6.8 ms  err 0.60
[225/400] S2  E_DART      seed 25  goal      clr  0.61  t  16.2  inf 100  N 26.0  mpc   6.9 ms  err 0.32
[226/400] S2  E_DART      seed 26  goal      clr  0.80  t  15.9  inf  75  N 24.3  mpc   5.9 ms  err 0.49
[227/400] S2  E_DART      seed 27  goal      clr  0.67  t  16.8  inf  73  N 24.2  mpc   6.0 ms  err 0.24
[228/400] S2  E_DART      seed 28  goal      clr  0.72  t  15.8  inf  63  N 24.6  mpc   5.9 ms  err 0.31
[229/400] S2  E_DART      seed 29  goal      clr  0.66  t  13.9  inf  66  N 24.8  mpc   6.2 ms  err 0.55
[230/400] S2  E_DART      seed 30  goal      clr  0.58  t  17.5  inf  71  N 24.0  mpc   5.9 ms  err 0.56
[231/400] S2  E_DART      seed 31  goal      clr  0.46  t  18.5  inf  87  N 23.6  mpc   6.1 ms  err 0.68
[232/400] S2  E_DART      seed 32  goal      clr  0.45  t  16.5  inf  65  N 23.4  mpc   5.9 ms  err 0.56
[233/400] S2  E_DART      seed 33  goal      clr  0.69  t  20.2  inf  80  N 23.9  mpc   5.9 ms  err 0.31
[234/400] S2  E_DART      seed 34  goal      clr  0.63  t  19.7  inf  69  N 21.7  mpc   5.1 ms  err 0.27
[235/400] S2  E_DART      seed 35  goal      clr  0.58  t  14.3  inf  79  N 25.1  mpc   6.3 ms  err 0.60
[236/400] S2  E_DART      seed 36  goal      clr  0.31  t  17.6  inf  96  N 24.4  mpc   6.3 ms  err 0.17
[237/400] S2  E_DART      seed 37  goal      clr  0.75  t  15.4  inf  88  N 24.6  mpc   5.8 ms  err 0.45
[238/400] S2  E_DART      seed 38  goal      clr  0.45  t  16.4  inf  97  N 25.3  mpc   6.5 ms  err 0.51
[239/400] S2  E_DART      seed 39  goal      clr  0.66  t  13.7  inf  60  N 24.8  mpc   6.1 ms  err 0.80
[240/400] S2  E_DART      seed 40  goal      clr  0.57  t  16.7  inf  93  N 25.9  mpc   6.9 ms  err 0.32
[241/400] S2  E_DART      seed 41  goal      clr  0.70  t  15.7  inf  64  N 23.6  mpc   5.6 ms  err 0.64
[242/400] S2  E_DART      seed 42  goal      clr  0.48  t  20.8  inf  74  N 23.4  mpc   6.2 ms  err 0.40
[243/400] S2  E_DART      seed 43  goal      clr  0.47  t  15.0  inf  79  N 25.4  mpc   6.4 ms  err 0.51
[244/400] S2  E_DART      seed 44  goal      clr  0.73  t  13.9  inf  67  N 24.9  mpc   6.3 ms  err 0.46
[245/400] S2  E_DART      seed 45  goal      clr  0.60  t  15.8  inf  99  N 26.3  mpc   6.7 ms  err 0.84
[246/400] S2  E_DART      seed 46  goal      clr  0.53  t  13.9  inf  70  N 25.8  mpc   6.4 ms  err 0.45
[247/400] S2  E_DART      seed 47  goal      clr  0.44  t  15.8  inf  85  N 24.5  mpc   6.3 ms  err 0.73
[248/400] S2  E_DART      seed 48  goal      clr  0.78  t  18.4  inf  63  N 22.9  mpc   5.5 ms  err 0.33
[249/400] S2  E_DART      seed 49  goal      clr  0.71  t  14.0  inf  87  N 25.1  mpc   6.2 ms  err 0.40
[250/400] S2  E_DART      seed 50  goal      clr  0.57  t  16.4  inf  72  N 22.7  mpc   5.7 ms  err 0.61
[251/400] S2  F_NODELAY   seed  1  goal      clr  0.37  t  20.7  inf 127  N 23.6  mpc   6.5 ms  err 1.87
[252/400] S2  F_NODELAY   seed  2  goal      clr  0.95  t  15.8  inf  71  N 22.3  mpc   5.3 ms  err 2.36
[253/400] S2  F_NODELAY   seed  3  goal      clr  0.79  t  14.4  inf  66  N 23.5  mpc   5.8 ms  err 1.93
[254/400] S2  F_NODELAY   seed  4  goal      clr  1.43  t  16.1  inf  60  N 23.5  mpc   5.2 ms  err 2.62
[255/400] S2  F_NODELAY   seed  5  goal      clr  0.19  t  18.7  inf  80  N 22.1  mpc   5.3 ms  err 1.69
[256/400] S2  F_NODELAY   seed  6  goal      clr  0.61  t  17.0  inf  88  N 23.4  mpc   5.7 ms  err 2.08
[257/400] S2  F_NODELAY   seed  7  goal      clr  0.82  t  20.8  inf 100  N 21.8  mpc   4.9 ms  err 2.38
[258/400] S2  F_NODELAY   seed  8  goal      clr  2.29  t  15.1  inf  49  N 21.4  mpc   4.4 ms  err 2.81
[259/400] S2  F_NODELAY   seed  9  goal      clr  1.35  t  12.8  inf  72  N 25.5  mpc   6.6 ms  err 1.73
[260/400] S2  F_NODELAY   seed 10  goal      clr  0.57  t  17.2  inf  99  N 22.6  mpc   5.8 ms  err 2.36
[261/400] S2  F_NODELAY   seed 11  collision clr -0.01  t   3.2  inf  29  N 26.3  mpc   6.6 ms  err 1.07
[262/400] S2  F_NODELAY   seed 12  goal      clr  0.39  t  18.4  inf 105  N 23.5  mpc   6.7 ms  err 2.44
[263/400] S2  F_NODELAY   seed 13  goal      clr  0.33  t  20.7  inf  89  N 22.0  mpc   5.2 ms  err 3.06
[264/400] S2  F_NODELAY   seed 14  goal      clr  0.24  t  25.5  inf 161  N 23.3  mpc   6.3 ms  err 1.86
[265/400] S2  F_NODELAY   seed 15  goal      clr  1.05  t  14.0  inf  71  N 25.5  mpc   6.4 ms  err 1.58
[266/400] S2  F_NODELAY   seed 16  goal      clr  0.55  t  19.4  inf  82  N 19.9  mpc   4.6 ms  err 2.48
[267/400] S2  F_NODELAY   seed 17  goal      clr  0.43  t  19.4  inf 114  N 23.8  mpc   6.3 ms  err 2.13
[268/400] S2  F_NODELAY   seed 18  goal      clr  0.33  t  20.5  inf 121  N 24.0  mpc   6.3 ms  err 2.14
[269/400] S2  F_NODELAY   seed 19  goal      clr  0.24  t  18.6  inf  92  N 22.8  mpc   5.7 ms  err 1.74
[270/400] S2  F_NODELAY   seed 20  goal      clr  1.47  t  14.3  inf  77  N 23.8  mpc   6.1 ms  err 3.17
[271/400] S2  F_NODELAY   seed 21  goal      clr  0.85  t  15.8  inf  80  N 23.7  mpc   5.6 ms  err 2.90
[272/400] S2  F_NODELAY   seed 22  goal      clr  1.42  t  17.7  inf  91  N 21.6  mpc   5.1 ms  err 2.10
[273/400] S2  F_NODELAY   seed 23  goal      clr  0.91  t  19.2  inf 131  N 23.2  mpc   6.0 ms  err 1.68
[274/400] S2  F_NODELAY   seed 24  goal      clr  0.75  t  23.3  inf 150  N 23.1  mpc   6.4 ms  err 2.82
[275/400] S2  F_NODELAY   seed 25  goal      clr  0.94  t  18.1  inf  89  N 22.2  mpc   5.3 ms  err 2.66
[276/400] S2  F_NODELAY   seed 26  goal      clr  0.32  t  25.7  inf 183  N 23.3  mpc   6.6 ms  err 2.24
[277/400] S2  F_NODELAY   seed 27  goal      clr  0.14  t  17.8  inf  74  N 22.2  mpc   5.4 ms  err 2.70
[278/400] S2  F_NODELAY   seed 28  goal      clr  1.13  t  19.8  inf  88  N 21.7  mpc   4.7 ms  err 2.35
[279/400] S2  F_NODELAY   seed 29  collision clr -0.00  t   5.1  inf  47  N 28.5  mpc   8.4 ms  err 1.74
[280/400] S2  F_NODELAY   seed 30  goal      clr  0.45  t  15.9  inf 107  N 26.0  mpc   7.0 ms  err 1.84
[281/400] S2  F_NODELAY   seed 31  collision clr -0.00  t   6.0  inf  56  N 28.1  mpc   8.2 ms  err 2.43
[282/400] S2  F_NODELAY   seed 32  goal      clr  0.78  t  16.6  inf  95  N 23.4  mpc   6.1 ms  err 3.06
[283/400] S2  F_NODELAY   seed 33  goal      clr  1.00  t  17.1  inf  79  N 23.7  mpc   5.6 ms  err 1.70
[284/400] S2  F_NODELAY   seed 34  goal      clr  0.37  t  27.3  inf 166  N 21.3  mpc   5.4 ms  err 2.26
[285/400] S2  F_NODELAY   seed 35  goal      clr  1.71  t  14.9  inf  74  N 23.5  mpc   5.6 ms  err 2.98
[286/400] S2  F_NODELAY   seed 36  goal      clr  0.08  t  38.4  inf 281  N 25.1  mpc   7.2 ms  err 1.69
[287/400] S2  F_NODELAY   seed 37  goal      clr  0.45  t  19.6  inf  65  N 20.9  mpc   4.4 ms  err 1.54
[288/400] S2  F_NODELAY   seed 38  goal      clr  0.38  t  18.6  inf 103  N 24.1  mpc   6.1 ms  err 1.62
[289/400] S2  F_NODELAY   seed 39  goal      clr  1.48  t  18.1  inf  95  N 23.5  mpc   5.8 ms  err 1.89
[290/400] S2  F_NODELAY   seed 40  goal      clr  0.07  t  19.4  inf  96  N 22.0  mpc   5.5 ms  err 2.85
[291/400] S2  F_NODELAY   seed 41  goal      clr  0.63  t  32.2  inf 248  N 23.1  mpc   6.6 ms  err 3.32
[292/400] S2  F_NODELAY   seed 42  goal      clr  0.55  t  18.8  inf 128  N 24.6  mpc   6.5 ms  err 1.99
[293/400] S2  F_NODELAY   seed 43  goal      clr  1.51  t  15.4  inf  73  N 22.3  mpc   5.3 ms  err 2.41
[294/400] S2  F_NODELAY   seed 44  goal      clr  0.88  t  17.5  inf  72  N 21.4  mpc   5.1 ms  err 2.08
[295/400] S2  F_NODELAY   seed 45  goal      clr  0.21  t  17.8  inf 117  N 26.5  mpc   7.3 ms  err 1.61
[296/400] S2  F_NODELAY   seed 46  goal      clr  1.81  t  18.2  inf  93  N 22.8  mpc   5.8 ms  err 2.38
[297/400] S2  F_NODELAY   seed 47  goal      clr  0.92  t  18.3  inf  86  N 22.5  mpc   5.9 ms  err 1.75
[298/400] S2  F_NODELAY   seed 48  goal      clr  0.41  t  24.2  inf  96  N 20.7  mpc   4.8 ms  err 2.28
[299/400] S2  F_NODELAY   seed 49  goal      clr  0.88  t  17.8  inf 110  N 26.3  mpc   6.7 ms  err 2.02
[300/400] S2  F_NODELAY   seed 50  collision clr -0.01  t   3.3  inf  28  N 24.4  mpc   6.6 ms  err 1.71
[301/400] S2  G_FR_LOW    seed  1  goal      clr  0.59  t  17.6  inf  52  N 22.6  mpc   5.9 ms  err 0.48
[302/400] S2  G_FR_LOW    seed  2  goal      clr  0.61  t  15.3  inf  45  N 24.3  mpc   6.1 ms  err 0.35
[303/400] S2  G_FR_LOW    seed  3  goal      clr  0.63  t  14.9  inf  44  N 24.8  mpc   6.2 ms  err 0.31
[304/400] S2  G_FR_LOW    seed  4  goal      clr  0.76  t  14.8  inf  44  N 24.2  mpc   5.9 ms  err 0.51
[305/400] S2  G_FR_LOW    seed  5  goal      clr  0.73  t  16.9  inf  50  N 26.0  mpc   6.8 ms  err 0.37
[306/400] S2  G_FR_LOW    seed  6  goal      clr  0.62  t  17.1  inf  51  N 25.7  mpc   6.7 ms  err 0.29
[307/400] S2  G_FR_LOW    seed  7  goal      clr  0.37  t  19.4  inf  58  N 22.9  mpc   5.6 ms  err 0.48
[308/400] S2  G_FR_LOW    seed  8  goal      clr  0.69  t  14.8  inf  44  N 24.1  mpc   5.8 ms  err 0.53
[309/400] S2  G_FR_LOW    seed  9  goal      clr  0.47  t  16.0  inf  48  N 25.2  mpc   6.2 ms  err 0.65
[310/400] S2  G_FR_LOW    seed 10  goal      clr  0.62  t  21.4  inf  63  N 22.6  mpc   5.7 ms  err 0.48
[311/400] S2  G_FR_LOW    seed 11  goal      clr  0.60  t  17.0  inf  51  N 24.5  mpc   6.1 ms  err 0.68
[312/400] S2  G_FR_LOW    seed 12  goal      clr  0.58  t  16.8  inf  50  N 24.6  mpc   6.0 ms  err 0.72
[313/400] S2  G_FR_LOW    seed 13  goal      clr  0.65  t  14.8  inf  44  N 25.2  mpc   6.3 ms  err 0.34
[314/400] S2  G_FR_LOW    seed 14  goal      clr  0.67  t  17.4  inf  52  N 19.8  mpc   4.6 ms  err 0.54
[315/400] S2  G_FR_LOW    seed 15  goal      clr  0.90  t  13.8  inf  41  N 24.6  mpc   6.0 ms  err 0.58
[316/400] S2  G_FR_LOW    seed 16  goal      clr  0.70  t  16.1  inf  48  N 25.7  mpc   6.6 ms  err 0.51
[317/400] S2  G_FR_LOW    seed 17  goal      clr  0.61  t  16.4  inf  49  N 25.1  mpc   6.3 ms  err 0.34
[318/400] S2  G_FR_LOW    seed 18  goal      clr  0.56  t  14.6  inf  43  N 25.2  mpc   6.3 ms  err 0.57
[319/400] S2  G_FR_LOW    seed 19  goal      clr  0.56  t  18.8  inf  56  N 22.7  mpc   6.1 ms  err 0.33
[320/400] S2  G_FR_LOW    seed 20  goal      clr  0.63  t  15.0  inf  45  N 25.3  mpc   6.3 ms  err 0.43
[321/400] S2  G_FR_LOW    seed 21  goal      clr  0.81  t  13.7  inf  41  N 24.6  mpc   6.0 ms  err 0.36
[322/400] S2  G_FR_LOW    seed 22  goal      clr  0.80  t  16.8  inf  50  N 23.9  mpc   5.7 ms  err 0.39
[323/400] S2  G_FR_LOW    seed 23  goal      clr  0.65  t  17.6  inf  52  N 25.4  mpc   6.8 ms  err 0.33
[324/400] S2  G_FR_LOW    seed 24  goal      clr  0.83  t  19.2  inf  57  N 24.3  mpc   6.4 ms  err 0.59
[325/400] S2  G_FR_LOW    seed 25  goal      clr  0.73  t  17.7  inf  53  N 25.0  mpc   6.2 ms  err 0.19
[326/400] S2  G_FR_LOW    seed 26  goal      clr  0.74  t  15.8  inf  47  N 25.0  mpc   6.0 ms  err 0.77
[327/400] S2  G_FR_LOW    seed 27  goal      clr  0.71  t  16.9  inf  50  N 24.8  mpc   6.2 ms  err 0.38
[328/400] S2  G_FR_LOW    seed 28  goal      clr  0.55  t  14.4  inf  43  N 26.4  mpc   6.3 ms  err 0.30
[329/400] S2  G_FR_LOW    seed 29  goal      clr  1.18  t  12.9  inf  38  N 23.5  mpc   5.7 ms  err 0.83
[330/400] S2  G_FR_LOW    seed 30  goal      clr  0.48  t  17.8  inf  53  N 24.0  mpc   5.9 ms  err 0.57
[331/400] S2  G_FR_LOW    seed 31  goal      clr  0.72  t  17.9  inf  53  N 23.5  mpc   5.8 ms  err 0.36
[332/400] S2  G_FR_LOW    seed 32  goal      clr  0.91  t  19.4  inf  58  N 22.8  mpc   6.1 ms  err 0.56
[333/400] S2  G_FR_LOW    seed 33  goal      clr  0.71  t  16.7  inf  49  N 24.0  mpc   6.6 ms  err 1.05
[334/400] S2  G_FR_LOW    seed 34  goal      clr  0.52  t  15.2  inf  45  N 24.5  mpc   6.4 ms  err 0.70
[335/400] S2  G_FR_LOW    seed 35  goal      clr  0.57  t  14.1  inf  42  N 24.6  mpc   6.0 ms  err 0.57
[336/400] S2  G_FR_LOW    seed 36  goal      clr  0.64  t  15.1  inf  45  N 22.4  mpc   5.6 ms  err 0.68
[337/400] S2  G_FR_LOW    seed 37  goal      clr  0.84  t  15.1  inf  45  N 25.6  mpc   6.5 ms  err 0.36
[338/400] S2  G_FR_LOW    seed 38  goal      clr  0.73  t  15.0  inf  45  N 25.5  mpc   6.4 ms  err 0.26
[339/400] S2  G_FR_LOW    seed 39  goal      clr  0.93  t  13.6  inf  41  N 25.2  mpc   6.3 ms  err 0.52
[340/400] S2  G_FR_LOW    seed 40  goal      clr  0.69  t  15.3  inf  45  N 25.5  mpc   6.3 ms  err 0.45
[341/400] S2  G_FR_LOW    seed 41  goal      clr  0.54  t  21.8  inf  64  N 24.3  mpc   6.2 ms  err 0.50
[342/400] S2  G_FR_LOW    seed 42  goal      clr  0.62  t  17.7  inf  52  N 25.3  mpc   6.6 ms  err 0.25
[343/400] S2  G_FR_LOW    seed 43  goal      clr  0.57  t  18.9  inf  56  N 23.9  mpc   6.4 ms  err 0.63
[344/400] S2  G_FR_LOW    seed 44  goal      clr  0.76  t  14.3  inf  42  N 24.6  mpc   6.2 ms  err 0.54
[345/400] S2  G_FR_LOW    seed 45  goal      clr  0.76  t  15.5  inf  46  N 25.6  mpc   6.2 ms  err 0.24
[346/400] S2  G_FR_LOW    seed 46  goal      clr  0.78  t  16.2  inf  48  N 24.5  mpc   6.0 ms  err 0.65
[347/400] S2  G_FR_LOW    seed 47  goal      clr  0.50  t  14.4  inf  43  N 25.5  mpc   6.7 ms  err 0.63
[348/400] S2  G_FR_LOW    seed 48  goal      clr  0.48  t  18.4  inf  55  N 25.2  mpc   6.6 ms  err 0.53
[349/400] S2  G_FR_LOW    seed 49  goal      clr  0.83  t  13.9  inf  41  N 25.6  mpc   6.4 ms  err 0.43
[350/400] S2  G_FR_LOW    seed 50  goal      clr  1.13  t  15.9  inf  47  N 23.4  mpc   5.6 ms  err 0.64
[351/400] S2  Z_ZHUYI     seed  1  goal      clr  0.37  t  18.7  inf  40  N 22.0  mpc   5.2 ms  err 0.68
[352/400] S2  Z_ZHUYI     seed  2  goal      clr  0.74  t  22.8  inf  35  N 24.4  mpc   6.5 ms  err 0.43
[353/400] S2  Z_ZHUYI     seed  3  goal      clr  0.62  t  16.1  inf  55  N 24.2  mpc   6.3 ms  err 0.22
[354/400] S2  Z_ZHUYI     seed  4  goal      clr  0.91  t  14.9  inf  28  N 23.8  mpc   5.1 ms  err 0.54
[355/400] S2  Z_ZHUYI     seed  5  goal      clr  3.30  t  16.8  inf  17  N 21.5  mpc   4.5 ms  err 1.00
[356/400] S2  Z_ZHUYI     seed  6  goal      clr  0.62  t  17.1  inf  43  N 23.4  mpc   5.6 ms  err 1.27
[357/400] S2  Z_ZHUYI     seed  7  goal      clr  0.71  t  23.5  inf  31  N 20.6  mpc   4.6 ms  err 0.60
[358/400] S2  Z_ZHUYI     seed  8  goal      clr  0.70  t  15.5  inf  52  N 24.9  mpc   6.1 ms  err 0.61
[359/400] S2  Z_ZHUYI     seed  9  goal      clr  1.25  t  14.2  inf  19  N 25.6  mpc   6.2 ms  err 0.50
[360/400] S2  Z_ZHUYI     seed 10  goal      clr  1.26  t  18.3  inf  22  N 22.6  mpc   5.6 ms  err 0.79
[361/400] S2  Z_ZHUYI     seed 11  goal      clr  0.69  t  15.2  inf  31  N 26.3  mpc   6.7 ms  err 0.51
[362/400] S2  Z_ZHUYI     seed 12  goal      clr  0.66  t  17.5  inf  47  N 24.3  mpc   6.0 ms  err 0.35
[363/400] S2  Z_ZHUYI     seed 13  goal      clr  0.85  t  17.9  inf  33  N 23.8  mpc   5.8 ms  err 0.50
[364/400] S2  Z_ZHUYI     seed 14  goal      clr  0.91  t  16.2  inf  42  N 23.5  mpc   5.8 ms  err 0.82
[365/400] S2  Z_ZHUYI     seed 15  goal      clr  0.81  t  18.2  inf  35  N 24.1  mpc   5.9 ms  err 0.39
[366/400] S2  Z_ZHUYI     seed 16  goal      clr  0.66  t  13.8  inf  48  N 25.9  mpc   6.4 ms  err 0.52
[367/400] S2  Z_ZHUYI     seed 17  goal      clr  0.38  t  18.0  inf  43  N 25.5  mpc   6.8 ms  err 0.62
[368/400] S2  Z_ZHUYI     seed 18  goal      clr  0.60  t  17.4  inf  34  N 23.3  mpc   5.7 ms  err 0.76
[369/400] S2  Z_ZHUYI     seed 19  goal      clr  2.12  t  17.1  inf  19  N 22.2  mpc   4.8 ms  err 0.84
[370/400] S2  Z_ZHUYI     seed 20  goal      clr  0.69  t  13.9  inf  50  N 26.1  mpc   6.5 ms  err 0.33
[371/400] S2  Z_ZHUYI     seed 21  goal      clr  0.84  t  13.4  inf  38  N 25.1  mpc   5.9 ms  err 0.32
[372/400] S2  Z_ZHUYI     seed 22  goal      clr  0.69  t  16.7  inf  29  N 23.1  mpc   5.5 ms  err 0.71
[373/400] S2  Z_ZHUYI     seed 23  goal      clr  0.64  t  20.8  inf  41  N 24.0  mpc   5.9 ms  err 0.21
[374/400] S2  Z_ZHUYI     seed 24  goal      clr  0.57  t  17.1  inf  25  N 25.0  mpc   6.1 ms  err 0.27
[375/400] S2  Z_ZHUYI     seed 25  goal      clr  0.47  t  20.5  inf  42  N 24.8  mpc   6.3 ms  err 0.56
[376/400] S2  Z_ZHUYI     seed 26  goal      clr  1.15  t  16.1  inf  22  N 22.5  mpc   5.3 ms  err 0.74
[377/400] S2  Z_ZHUYI     seed 27  goal      clr  0.72  t  15.4  inf  46  N 25.3  mpc   6.2 ms  err 0.43
[378/400] S2  Z_ZHUYI     seed 28  goal      clr  0.73  t  21.0  inf  39  N 22.4  mpc   5.3 ms  err 0.48
[379/400] S2  Z_ZHUYI     seed 29  goal      clr  0.65  t  15.1  inf  32  N 24.3  mpc   5.5 ms  err 0.53
[380/400] S2  Z_ZHUYI     seed 30  goal      clr  0.57  t  19.5  inf  45  N 24.3  mpc   6.1 ms  err 0.49
[381/400] S2  Z_ZHUYI     seed 31  goal      clr  0.81  t  21.5  inf  31  N 22.3  mpc   5.2 ms  err 0.45
[382/400] S2  Z_ZHUYI     seed 32  goal      clr  0.71  t  21.9  inf  46  N 22.9  mpc   5.5 ms  err 0.79
[383/400] S2  Z_ZHUYI     seed 33  goal      clr  0.96  t  13.7  inf  28  N 25.4  mpc   6.5 ms  err 0.67
[384/400] S2  Z_ZHUYI     seed 34  goal      clr  0.67  t  19.5  inf  36  N 22.9  mpc   5.5 ms  err 0.32
[385/400] S2  Z_ZHUYI     seed 35  goal      clr  0.78  t  15.6  inf  23  N 24.3  mpc   5.4 ms  err 0.65
[386/400] S2  Z_ZHUYI     seed 36  goal      clr  0.38  t  22.9  inf  55  N 23.5  mpc   6.2 ms  err 0.54
[387/400] S2  Z_ZHUYI     seed 37  goal      clr  0.77  t  20.9  inf  33  N 21.4  mpc   4.8 ms  err 0.73
[388/400] S2  Z_ZHUYI     seed 38  goal      clr  1.00  t  18.8  inf  25  N 22.2  mpc   5.1 ms  err 0.62
[389/400] S2  Z_ZHUYI     seed 39  goal      clr  0.63  t  15.2  inf  32  N 24.4  mpc   6.2 ms  err 0.48
[390/400] S2  Z_ZHUYI     seed 40  goal      clr  0.73  t  16.8  inf  29  N 24.6  mpc   6.3 ms  err 0.74
[391/400] S2  Z_ZHUYI     seed 41  goal      clr  0.69  t  17.9  inf  39  N 23.0  mpc   5.4 ms  err 0.22
[392/400] S2  Z_ZHUYI     seed 42  goal      clr  0.69  t  18.0  inf  43  N 23.7  mpc   5.8 ms  err 0.37
[393/400] S2  Z_ZHUYI     seed 43  goal      clr  0.78  t  15.3  inf  32  N 25.2  mpc   6.6 ms  err 0.88
[394/400] S2  Z_ZHUYI     seed 44  goal      clr  0.65  t  13.8  inf  39  N 25.4  mpc   6.3 ms  err 0.46
[395/400] S2  Z_ZHUYI     seed 45  goal      clr  0.67  t  15.0  inf  50  N 24.5  mpc   5.7 ms  err 0.33
[396/400] S2  Z_ZHUYI     seed 46  goal      clr  0.94  t  15.7  inf  33  N 24.1  mpc   5.8 ms  err 0.54
[397/400] S2  Z_ZHUYI     seed 47  goal      clr  0.45  t  14.7  inf  45  N 25.6  mpc   6.6 ms  err 0.50
[398/400] S2  Z_ZHUYI     seed 48  goal      clr  1.47  t  17.8  inf  19  N 23.2  mpc   5.1 ms  err 1.01
[399/400] S2  Z_ZHUYI     seed 49  goal      clr  1.15  t  15.4  inf  19  N 24.8  mpc   5.5 ms  err 0.63
[400/400] S2  Z_ZHUYI     seed 50  goal      clr  0.62  t  13.4  inf  34  N 25.8  mpc   6.3 ms  err 0.65
