[  1/250] shift=0.01 S2  E_DART      seed  1  goal      clr  0.35  t  17.0  inf  69  N 24.1  mpc   6.2 ms  err 1.09
[  2/250] shift=0.01 S2  E_DART      seed  2  goal      clr  0.76  t  16.9  inf  89  N 25.9  mpc   5.9 ms  err 0.65
[  3/250] shift=0.01 S2  E_DART      seed  3  goal      clr  0.61  t  14.6  inf  87  N 25.3  mpc   5.5 ms  err 0.51
[  4/250] shift=0.01 S2  E_DART      seed  4  goal      clr  2.23  t  16.2  inf  50  N 21.6  mpc   4.1 ms  err 0.62
[  5/250] shift=0.01 S2  E_DART      seed  5  goal      clr  1.21  t  15.6  inf  70  N 22.5  mpc   4.3 ms  err 0.93
[  6/250] shift=0.01 S2  E_DART      seed  6  goal      clr  0.57  t  17.0  inf 103  N 26.5  mpc   5.6 ms  err 0.89
[  7/250] shift=0.01 S2  E_DART      seed  7  goal      clr  0.49  t  19.5  inf  73  N 22.6  mpc   4.4 ms  err 0.94
[  8/250] shift=0.01 S2  E_DART      seed  8  goal      clr  0.68  t  14.2  inf  92  N 25.6  mpc   5.3 ms  err 0.58
[  9/250] shift=0.01 S2  E_DART      seed  9  goal      clr  0.45  t  20.3  inf  98  N 23.4  mpc   4.3 ms  err 0.56
[ 10/250] shift=0.01 S2  E_DART      seed 10  goal      clr  2.14  t  19.0  inf  55  N 19.8  mpc   3.5 ms  err 0.95
[ 11/250] shift=0.01 S2  E_DART      seed 11  goal      clr  0.61  t  16.1  inf  99  N 26.2  mpc   5.6 ms  err 0.38
[ 12/250] shift=0.01 S2  E_DART      seed 12  goal      clr  0.78  t  16.1  inf  52  N 22.8  mpc   4.4 ms  err 0.54
[ 13/250] shift=0.01 S2  E_DART      seed 13  goal      clr  0.56  t  21.3  inf  85  N 22.9  mpc   4.6 ms  err 0.38
[ 14/250] shift=0.01 S2  E_DART      seed 14  goal      clr  0.83  t  18.6  inf  79  N 20.4  mpc   3.3 ms  err 0.58
[ 15/250] shift=0.01 S2  E_DART      seed 15  goal      clr  0.69  t  19.4  inf  80  N 22.1  mpc   3.9 ms  err 1.39
[ 16/250] shift=0.01 S2  E_DART      seed 16  goal      clr  0.37  t  20.5  inf  85  N 22.5  mpc   4.3 ms  err 0.82
[ 17/250] shift=0.01 S2  E_DART      seed 17  goal      clr  0.66  t  14.8  inf  86  N 25.7  mpc   4.9 ms  err 0.58
[ 18/250] shift=0.01 S2  E_DART      seed 18  goal      clr  0.90  t  15.2  inf  59  N 23.6  mpc   4.0 ms  err 1.12
[ 19/250] shift=0.01 S2  E_DART      seed 19  goal      clr  0.53  t  17.0  inf  98  N 24.3  mpc   5.4 ms  err 0.49
[ 20/250] shift=0.01 S2  E_DART      seed 20  goal      clr  0.71  t  17.8  inf  58  N 22.6  mpc   4.3 ms  err 0.44
[ 21/250] shift=0.01 S2  E_DART      seed 21  goal      clr  0.39  t  20.4  inf  92  N 23.8  mpc   4.8 ms  err 0.81
[ 22/250] shift=0.01 S2  E_DART      seed 22  goal      clr  0.61  t  21.2  inf  74  N 21.9  mpc   4.2 ms  err 0.31
[ 23/250] shift=0.01 S2  E_DART      seed 23  goal      clr  0.71  t  18.5  inf  62  N 23.1  mpc   4.5 ms  err 0.55
[ 24/250] shift=0.01 S2  E_DART      seed 24  goal      clr  0.74  t  17.8  inf 107  N 24.0  mpc   5.0 ms  err 0.62
[ 25/250] shift=0.01 S2  E_DART      seed 25  goal      clr  0.41  t  17.6  inf 107  N 25.4  mpc   5.5 ms  err 1.18
[ 26/250] shift=0.01 S2  E_DART      seed 26  goal      clr  0.74  t  14.5  inf  72  N 23.7  mpc   4.7 ms  err 0.78
[ 27/250] shift=0.01 S2  E_DART      seed 27  goal      clr  0.77  t  15.7  inf  76  N 25.5  mpc   5.0 ms  err 0.25
[ 28/250] shift=0.01 S2  E_DART      seed 28  goal      clr  0.75  t  18.5  inf  74  N 23.4  mpc   4.1 ms  err 0.32
[ 29/250] shift=0.01 S2  E_DART      seed 29  goal      clr  0.84  t  15.7  inf  62  N 24.1  mpc   4.5 ms  err 0.74
[ 30/250] shift=0.01 S2  E_DART      seed 30  goal      clr  0.69  t  16.0  inf  66  N 24.5  mpc   4.6 ms  err 0.93
[ 31/250] shift=0.01 S2  E_DART      seed 31  goal      clr  0.58  t  19.2  inf  77  N 22.4  mpc   4.5 ms  err 0.92
[ 32/250] shift=0.01 S2  E_DART      seed 32  goal      clr  0.64  t  20.1  inf  96  N 23.3  mpc   4.5 ms  err 0.69
[ 33/250] shift=0.01 S2  E_DART      seed 33  goal      clr  0.69  t  22.9  inf  73  N 23.1  mpc   4.7 ms  err 0.45
[ 34/250] shift=0.01 S2  E_DART      seed 34  goal      clr  0.45  t  19.3  inf  98  N 23.6  mpc   4.9 ms  err 0.84
[ 35/250] shift=0.01 S2  E_DART      seed 35  goal      clr  0.77  t  15.8  inf  44  N 22.7  mpc   3.8 ms  err 0.60
[ 36/250] shift=0.01 S2  E_DART      seed 36  goal      clr  0.68  t  18.2  inf  98  N 25.7  mpc   5.4 ms  err 0.71
[ 37/250] shift=0.01 S2  E_DART      seed 37  goal      clr  0.58  t  15.4  inf  90  N 25.3  mpc   4.7 ms  err 0.34
[ 38/250] shift=0.01 S2  E_DART      seed 38  goal      clr  0.72  t  17.3  inf  95  N 26.7  mpc   5.8 ms  err 0.68
[ 39/250] shift=0.01 S2  E_DART      seed 39  goal      clr  0.73  t  13.3  inf  64  N 25.9  mpc   5.2 ms  err 0.93
[ 40/250] shift=0.01 S2  E_DART      seed 40  goal      clr  0.87  t  17.1  inf 100  N 25.0  mpc   5.0 ms  err 0.89
[ 41/250] shift=0.01 S2  E_DART      seed 41  goal      clr  0.70  t  16.8  inf  88  N 24.2  mpc   4.6 ms  err 0.30
[ 42/250] shift=0.01 S2  E_DART      seed 42  goal      clr  0.44  t  24.8  inf  88  N 21.8  mpc   4.3 ms  err 0.37
[ 43/250] shift=0.01 S2  E_DART      seed 43  goal      clr  0.51  t  21.9  inf 106  N 24.6  mpc   5.3 ms  err 0.53
[ 44/250] shift=0.01 S2  E_DART      seed 44  goal      clr  0.43  t  16.8  inf 106  N 24.7  mpc   5.3 ms  err 1.25
[ 45/250] shift=0.01 S2  E_DART      seed 45  goal      clr  0.59  t  16.6  inf  83  N 24.0  mpc   4.5 ms  err 0.22
[ 46/250] shift=0.01 S2  E_DART      seed 46  goal      clr  0.53  t  13.7  inf  77  N 25.3  mpc   5.0 ms  err 0.68
[ 47/250] shift=0.01 S2  E_DART      seed 47  goal      clr  0.38  t  18.0  inf  85  N 25.0  mpc   5.2 ms  err 0.35
[ 48/250] shift=0.01 S2  E_DART      seed 48  goal      clr  0.84  t  17.2  inf  80  N 23.7  mpc   4.5 ms  err 0.99
[ 49/250] shift=0.01 S2  E_DART      seed 49  goal      clr  1.20  t  18.1  inf  48  N 21.3  mpc   3.4 ms  err 0.94
[ 50/250] shift=0.01 S2  E_DART      seed 50  goal      clr  1.20  t  16.2  inf  53  N 22.6  mpc   4.2 ms  err 0.71
[ 51/250] shift=0.01 S2  Z_ZHUYI     seed  1  goal      clr  1.32  t  21.0  inf  22  N 21.4  mpc   3.1 ms  err 0.94
[ 52/250] shift=0.01 S2  Z_ZHUYI     seed  2  goal      clr  0.67  t  24.4  inf  26  N 21.5  mpc   3.5 ms  err 0.46
[ 53/250] shift=0.01 S2  Z_ZHUYI     seed  3  goal      clr  1.15  t  22.8  inf  30  N 21.5  mpc   4.2 ms  err 0.38
[ 54/250] shift=0.01 S2  Z_ZHUYI     seed  4  goal      clr  1.04  t  20.7  inf  27  N 23.7  mpc   4.8 ms  err 0.63
[ 55/250] shift=0.01 S2  Z_ZHUYI     seed  5  goal      clr  3.66  t  17.6  inf  18  N 19.9  mpc   2.5 ms  err 0.91
[ 56/250] shift=0.01 S2  Z_ZHUYI     seed  6  goal      clr  0.97  t  20.4  inf  29  N 24.3  mpc   4.8 ms  err 0.26
[ 57/250] shift=0.01 S2  Z_ZHUYI     seed  7  goal      clr  3.45  t  20.0  inf  21  N 19.8  mpc   2.8 ms  err 0.89
[ 58/250] shift=0.01 S2  Z_ZHUYI     seed  8  goal      clr  1.21  t  26.5  inf  30  N 21.4  mpc   3.9 ms  err 1.06
[ 59/250] shift=0.01 S2  Z_ZHUYI     seed  9  goal      clr  4.23  t  17.5  inf  18  N 19.6  mpc   2.8 ms  err 0.86
[ 60/250] shift=0.01 S2  Z_ZHUYI     seed 10  goal      clr  0.89  t  17.9  inf  22  N 21.2  mpc   3.7 ms  err 0.43
[ 61/250] shift=0.01 S2  Z_ZHUYI     seed 11  goal      clr  1.16  t  20.3  inf  31  N 22.7  mpc   4.2 ms  err 0.74
[ 62/250] shift=0.01 S2  Z_ZHUYI     seed 12  goal      clr  0.75  t  20.5  inf  35  N 23.3  mpc   5.0 ms  err 0.76
[ 63/250] shift=0.01 S2  Z_ZHUYI     seed 13  goal      clr  0.56  t  27.4  inf  40  N 22.9  mpc   4.4 ms  err 0.52
[ 64/250] shift=0.01 S2  Z_ZHUYI     seed 14  goal      clr  3.24  t  17.5  inf  18  N 19.5  mpc   2.5 ms  err 0.69
[ 65/250] shift=0.01 S2  Z_ZHUYI     seed 15  goal      clr  1.92  t  17.9  inf  19  N 21.9  mpc   3.4 ms  err 0.78
[ 66/250] shift=0.01 S2  Z_ZHUYI     seed 16  goal      clr  0.70  t  17.1  inf  32  N 23.9  mpc   4.7 ms  err 0.80
[ 67/250] shift=0.01 S2  Z_ZHUYI     seed 17  goal      clr  1.05  t  20.5  inf  26  N 24.7  mpc   4.9 ms  err 1.47
[ 68/250] shift=0.01 S2  Z_ZHUYI     seed 18  goal      clr  2.29  t  16.5  inf  19  N 20.7  mpc   3.6 ms  err 0.76
[ 69/250] shift=0.01 S2  Z_ZHUYI     seed 19  goal      clr  0.40  t  21.9  inf  38  N 23.4  mpc   5.2 ms  err 0.68
[ 70/250] shift=0.01 S2  Z_ZHUYI     seed 20  goal      clr  0.98  t  22.9  inf  26  N 19.4  mpc   3.1 ms  err 0.49
[ 71/250] shift=0.01 S2  Z_ZHUYI     seed 21  goal      clr  2.51  t  19.6  inf  20  N 20.8  mpc   3.0 ms  err 0.41
[ 72/250] shift=0.01 S2  Z_ZHUYI     seed 22  goal      clr  1.64  t  25.6  inf  28  N 21.7  mpc   4.2 ms  err 0.81
[ 73/250] shift=0.01 S2  Z_ZHUYI     seed 23  goal      clr  0.69  t  20.3  inf  39  N 24.9  mpc   4.9 ms  err 0.36
[ 74/250] shift=0.01 S2  Z_ZHUYI     seed 24  goal      clr  0.84  t  18.5  inf  35  N 24.2  mpc   4.9 ms  err 0.45
[ 75/250] shift=0.01 S2  Z_ZHUYI     seed 25  goal      clr  0.70  t  20.6  inf  39  N 23.5  mpc   4.7 ms  err 0.59
[ 76/250] shift=0.01 S2  Z_ZHUYI     seed 26  goal      clr  0.65  t  25.2  inf  45  N 20.6  mpc   3.9 ms  err 0.40
[ 77/250] shift=0.01 S2  Z_ZHUYI     seed 27  goal      clr  1.34  t  23.0  inf  24  N 20.7  mpc   3.3 ms  err 0.53
[ 78/250] shift=0.01 S2  Z_ZHUYI     seed 28  goal      clr  0.68  t  17.9  inf  33  N 24.2  mpc   4.8 ms  err 0.55
[ 79/250] shift=0.01 S2  Z_ZHUYI     seed 29  goal      clr  0.62  t  16.7  inf  21  N 21.1  mpc   3.3 ms  err 0.61
[ 80/250] shift=0.01 S2  Z_ZHUYI     seed 30  goal      clr  0.82  t  25.5  inf  31  N 20.3  mpc   3.5 ms  err 0.29
[ 81/250] shift=0.01 S2  Z_ZHUYI     seed 31  goal      clr  0.65  t  26.2  inf  45  N 20.9  mpc   4.1 ms  err 0.68
[ 82/250] shift=0.01 S2  Z_ZHUYI     seed 32  goal      clr  4.66  t  15.9  inf  16  N 21.0  mpc   2.6 ms  err 0.86
[ 83/250] shift=0.01 S2  Z_ZHUYI     seed 33  goal      clr  1.30  t  23.8  inf  29  N 23.4  mpc   4.8 ms  err 0.71
[ 84/250] shift=0.01 S2  Z_ZHUYI     seed 34  goal      clr  0.69  t  19.9  inf  38  N 23.1  mpc   4.6 ms  err 0.40
[ 85/250] shift=0.01 S2  Z_ZHUYI     seed 35  goal      clr  2.87  t  20.2  inf  21  N 19.4  mpc   2.4 ms  err 0.85
[ 86/250] shift=0.01 S2  Z_ZHUYI     seed 36  goal      clr  0.94  t  20.3  inf  26  N 21.0  mpc   3.5 ms  err 0.78
[ 87/250] shift=0.01 S2  Z_ZHUYI     seed 37  goal      clr  0.43  t  29.3  inf  58  N 22.2  mpc   4.4 ms  err 0.52
[ 88/250] shift=0.01 S2  Z_ZHUYI     seed 38  goal      clr  3.48  t  17.3  inf  18  N 22.0  mpc   2.8 ms  err 0.97
[ 89/250] shift=0.01 S2  Z_ZHUYI     seed 39  goal      clr  4.03  t  15.3  inf  16  N 22.6  mpc   2.9 ms  err 0.68
[ 90/250] shift=0.01 S2  Z_ZHUYI     seed 40  goal      clr  0.79  t  21.7  inf  31  N 21.1  mpc   3.7 ms  err 1.01
[ 91/250] shift=0.01 S2  Z_ZHUYI     seed 41  goal      clr  3.58  t  17.8  inf  18  N 20.4  mpc   2.6 ms  err 0.93
[ 92/250] shift=0.01 S2  Z_ZHUYI     seed 42  goal      clr  0.76  t  23.3  inf  33  N 23.0  mpc   4.8 ms  err 0.52
[ 93/250] shift=0.01 S2  Z_ZHUYI     seed 43  goal      clr  0.46  t  23.8  inf  55  N 22.3  mpc   4.1 ms  err 0.65
[ 94/250] shift=0.01 S2  Z_ZHUYI     seed 44  goal      clr  2.38  t  19.9  inf  20  N 19.7  mpc   2.7 ms  err 0.91
[ 95/250] shift=0.01 S2  Z_ZHUYI     seed 45  goal      clr  0.75  t  22.8  inf  42  N 23.4  mpc   4.7 ms  err 0.39
[ 96/250] shift=0.01 S2  Z_ZHUYI     seed 46  goal      clr  1.00  t  24.6  inf  27  N 21.6  mpc   3.9 ms  err 0.73
[ 97/250] shift=0.01 S2  Z_ZHUYI     seed 47  goal      clr  0.76  t  18.4  inf  50  N 25.4  mpc   5.3 ms  err 0.21
[ 98/250] shift=0.01 S2  Z_ZHUYI     seed 48  goal      clr  2.62  t  22.6  inf  23  N 20.6  mpc   2.9 ms  err 0.88
[ 99/250] shift=0.01 S2  Z_ZHUYI     seed 49  goal      clr  0.73  t  30.6  inf  45  N 21.9  mpc   4.2 ms  err 0.42
[100/250] shift=0.01 S2  Z_ZHUYI     seed 50  goal      clr  2.29  t  18.9  inf  19  N 21.2  mpc   2.9 ms  err 0.67
[101/250] shift=0.01 S2  A_FR_FN     seed  1  goal      clr  0.42  t  16.7  inf 155  N 20.0  mpc   3.4 ms  err 0.35
[102/250] shift=0.01 S2  A_FR_FN     seed  2  goal      clr  0.32  t  16.0  inf 150  N 20.0  mpc   3.3 ms  err 0.55
[103/250] shift=0.01 S2  A_FR_FN     seed  3  collision clr -0.01  t   5.8  inf  54  N 20.0  mpc   3.4 ms  err 0.65
[104/250] shift=0.01 S2  A_FR_FN     seed  4  goal      clr  0.39  t  15.1  inf 141  N 20.0  mpc   3.2 ms  err 1.45
[105/250] shift=0.01 S2  A_FR_FN     seed  5  goal      clr  0.19  t  15.7  inf 146  N 20.0  mpc   3.2 ms  err 0.52
[106/250] shift=0.01 S2  A_FR_FN     seed  6  goal      clr  0.34  t  15.3  inf 142  N 20.0  mpc   3.2 ms  err 0.48
[107/250] shift=0.01 S2  A_FR_FN     seed  7  goal      clr  0.04  t  13.9  inf 131  N 20.0  mpc   3.1 ms  err 0.56
[108/250] shift=0.01 S2  A_FR_FN     seed  8  goal      clr  0.35  t  15.9  inf 147  N 20.0  mpc   3.2 ms  err 0.61
[109/250] shift=0.01 S2  A_FR_FN     seed  9  goal      clr  0.34  t  15.7  inf 147  N 20.0  mpc   3.1 ms  err 0.96
[110/250] shift=0.01 S2  A_FR_FN     seed 10  goal      clr  0.36  t  15.5  inf 146  N 20.0  mpc   3.1 ms  err 0.29
[111/250] shift=0.01 S2  A_FR_FN     seed 11  goal      clr  0.01  t  15.9  inf 149  N 20.0  mpc   3.3 ms  err 0.36
[112/250] shift=0.01 S2  A_FR_FN     seed 12  goal      clr  0.30  t  15.0  inf 139  N 20.0  mpc   3.1 ms  err 0.76
[113/250] shift=0.01 S2  A_FR_FN     seed 13  goal      clr  0.31  t  18.6  inf 169  N 20.0  mpc   3.3 ms  err 0.47
[114/250] shift=0.01 S2  A_FR_FN     seed 14  goal      clr  0.11  t  15.2  inf 140  N 20.0  mpc   3.1 ms  err 0.68
[115/250] shift=0.01 S2  A_FR_FN     seed 15  goal      clr  0.10  t  17.3  inf 160  N 20.0  mpc   3.1 ms  err 0.49
[116/250] shift=0.01 S2  A_FR_FN     seed 16  goal      clr  0.36  t  15.3  inf 141  N 20.0  mpc   3.0 ms  err 0.36
[117/250] shift=0.01 S2  A_FR_FN     seed 17  goal      clr  0.30  t  14.9  inf 140  N 20.0  mpc   3.1 ms  err 0.33
[118/250] shift=0.01 S2  A_FR_FN     seed 18  timeout   clr  0.83  t  40.0  inf 370  N 20.0  mpc   3.7 ms  err 2.99
[119/250] shift=0.01 S2  A_FR_FN     seed 19  goal      clr  0.01  t  16.0  inf 147  N 20.0  mpc   3.1 ms  err 0.72
[120/250] shift=0.01 S2  A_FR_FN     seed 20  goal      clr  0.43  t  13.6  inf 127  N 20.0  mpc   3.1 ms  err 0.43
[121/250] shift=0.01 S2  A_FR_FN     seed 21  goal      clr  0.17  t  17.6  inf 165  N 20.0  mpc   3.3 ms  err 0.62
[122/250] shift=0.01 S2  A_FR_FN     seed 22  goal      clr  0.28  t  14.6  inf 137  N 20.0  mpc   3.1 ms  err 0.71
[123/250] shift=0.01 S2  A_FR_FN     seed 23  goal      clr  0.42  t  15.9  inf 149  N 20.0  mpc   3.2 ms  err 0.77
[124/250] shift=0.01 S2  A_FR_FN     seed 24  goal      clr  0.15  t  15.4  inf 142  N 20.0  mpc   3.2 ms  err 0.90
[125/250] shift=0.01 S2  A_FR_FN     seed 25  goal      clr  0.20  t  14.6  inf 138  N 20.0  mpc   3.2 ms  err 0.61
[126/250] shift=0.01 S2  A_FR_FN     seed 26  goal      clr  0.33  t  14.1  inf 130  N 20.0  mpc   3.1 ms  err 0.58
[127/250] shift=0.01 S2  A_FR_FN     seed 27  goal      clr  0.04  t  15.8  inf 147  N 20.0  mpc   3.2 ms  err 0.69
[128/250] shift=0.01 S2  A_FR_FN     seed 28  goal      clr  0.21  t  15.6  inf 144  N 20.0  mpc   3.2 ms  err 0.32
[129/250] shift=0.01 S2  A_FR_FN     seed 29  goal      clr  0.32  t  16.1  inf 148  N 20.0  mpc   3.1 ms  err 0.68
[130/250] shift=0.01 S2  A_FR_FN     seed 30  goal      clr  0.31  t  14.4  inf 134  N 20.0  mpc   3.1 ms  err 0.73
[131/250] shift=0.01 S2  A_FR_FN     seed 31  goal      clr  0.29  t  15.8  inf 146  N 20.0  mpc   3.1 ms  err 0.65
[132/250] shift=0.01 S2  A_FR_FN     seed 32  goal      clr  0.43  t  15.7  inf 146  N 20.0  mpc   3.2 ms  err 0.65
[133/250] shift=0.01 S2  A_FR_FN     seed 33  goal      clr  0.37  t  16.3  inf 152  N 20.0  mpc   3.3 ms  err 0.52
[134/250] shift=0.01 S2  A_FR_FN     seed 34  goal      clr  0.24  t  14.7  inf 140  N 20.0  mpc   3.2 ms  err 0.46
[135/250] shift=0.01 S2  A_FR_FN     seed 35  goal      clr  0.53  t  14.2  inf 134  N 20.0  mpc   3.0 ms  err 0.67
[136/250] shift=0.01 S2  A_FR_FN     seed 36  collision clr -0.00  t   6.8  inf  64  N 20.0  mpc   3.5 ms  err 0.48
[137/250] shift=0.01 S2  A_FR_FN     seed 37  goal      clr  0.22  t  14.8  inf 138  N 20.0  mpc   3.1 ms  err 0.78
[138/250] shift=0.01 S2  A_FR_FN     seed 38  goal      clr  0.32  t  13.9  inf 130  N 20.0  mpc   3.1 ms  err 0.59
[139/250] shift=0.01 S2  A_FR_FN     seed 39  goal      clr  0.24  t  14.1  inf 134  N 20.0  mpc   3.1 ms  err 0.94
[140/250] shift=0.01 S2  A_FR_FN     seed 40  goal      clr  0.24  t  14.8  inf 136  N 20.0  mpc   3.1 ms  err 0.62
[141/250] shift=0.01 S2  A_FR_FN     seed 41  goal      clr  0.43  t  18.1  inf 168  N 20.0  mpc   3.2 ms  err 0.54
[142/250] shift=0.01 S2  A_FR_FN     seed 42  goal      clr  0.33  t  13.5  inf 129  N 20.0  mpc   3.1 ms  err 0.44
[143/250] shift=0.01 S2  A_FR_FN     seed 43  goal      clr  0.04  t  15.4  inf 144  N 20.0  mpc   3.1 ms  err 0.58
[144/250] shift=0.01 S2  A_FR_FN     seed 44  goal      clr  0.15  t  14.1  inf 132  N 20.0  mpc   3.1 ms  err 0.64
[145/250] shift=0.01 S2  A_FR_FN     seed 45  goal      clr  0.30  t  16.1  inf 150  N 20.0  mpc   3.1 ms  err 0.54
[146/250] shift=0.01 S2  A_FR_FN     seed 46  goal      clr  0.43  t  14.9  inf 140  N 20.0  mpc   3.1 ms  err 1.06
[147/250] shift=0.01 S2  A_FR_FN     seed 47  goal      clr  0.34  t  13.9  inf 129  N 20.0  mpc   3.0 ms  err 0.40
[148/250] shift=0.01 S2  A_FR_FN     seed 48  collision clr -0.00  t  14.3  inf 132  N 20.0  mpc   3.4 ms  err 0.30
[149/250] shift=0.01 S2  A_FR_FN     seed 49  goal      clr  0.39  t  13.5  inf 123  N 20.0  mpc   3.0 ms  err 0.48
[150/250] shift=0.01 S2  A_FR_FN     seed 50  goal      clr  0.28  t  19.1  inf 178  N 20.0  mpc   3.1 ms  err 0.45
[151/250] shift=0.01 S2  FR_SAFE_3   seed  1  goal      clr  0.75  t  15.9  inf  47  N 24.0  mpc   4.2 ms  err 0.92
[152/250] shift=0.01 S2  FR_SAFE_3   seed  2  goal      clr  0.79  t  17.0  inf  50  N 23.4  mpc   4.2 ms  err 0.48
[153/250] shift=0.01 S2  FR_SAFE_3   seed  3  goal      clr  0.90  t  17.0  inf  51  N 24.8  mpc   4.7 ms  err 0.64
[154/250] shift=0.01 S2  FR_SAFE_3   seed  4  goal      clr  2.87  t  16.2  inf  48  N 23.1  mpc   3.6 ms  err 1.04
[155/250] shift=0.01 S2  FR_SAFE_3   seed  5  goal      clr  1.13  t  15.5  inf  46  N 23.9  mpc   4.2 ms  err 1.29
[156/250] shift=0.01 S2  FR_SAFE_3   seed  6  goal      clr  0.54  t  17.4  inf  52  N 25.2  mpc   5.1 ms  err 0.46
[157/250] shift=0.01 S2  FR_SAFE_3   seed  7  goal      clr  1.71  t  25.2  inf  75  N 21.7  mpc   3.9 ms  err 0.56
[158/250] shift=0.01 S2  FR_SAFE_3   seed  8  goal      clr  1.33  t  18.5  inf  55  N 22.4  mpc   4.0 ms  err 0.81
[159/250] shift=0.01 S2  FR_SAFE_3   seed  9  goal      clr  0.70  t  15.2  inf  45  N 25.0  mpc   4.9 ms  err 0.92
[160/250] shift=0.01 S2  FR_SAFE_3   seed 10  goal      clr  1.18  t  16.3  inf  48  N 24.2  mpc   4.3 ms  err 0.71
[161/250] shift=0.01 S2  FR_SAFE_3   seed 11  goal      clr  0.84  t  15.1  inf  45  N 25.5  mpc   5.2 ms  err 1.27
[162/250] shift=0.01 S2  FR_SAFE_3   seed 12  goal      clr  0.36  t  18.9  inf  56  N 24.9  mpc   5.0 ms  err 1.06
[163/250] shift=0.01 S2  FR_SAFE_3   seed 13  goal      clr  0.60  t  14.2  inf  42  N 25.6  mpc   5.2 ms  err 0.64
[164/250] shift=0.01 S2  FR_SAFE_3   seed 14  goal      clr  0.59  t  20.7  inf  61  N 22.6  mpc   4.3 ms  err 0.56
[165/250] shift=0.01 S2  FR_SAFE_3   seed 15  goal      clr  0.76  t  18.2  inf  54  N 23.7  mpc   4.1 ms  err 1.17
[166/250] shift=0.01 S2  FR_SAFE_3   seed 16  goal      clr  0.66  t  21.1  inf  63  N 21.7  mpc   4.0 ms  err 0.62
[167/250] shift=0.01 S2  FR_SAFE_3   seed 17  goal      clr  0.57  t  15.5  inf  46  N 26.2  mpc   5.2 ms  err 0.43
[168/250] shift=0.01 S2  FR_SAFE_3   seed 18  goal      clr  1.13  t  13.4  inf  40  N 24.9  mpc   4.8 ms  err 0.99
[169/250] shift=0.01 S2  FR_SAFE_3   seed 19  goal      clr  1.56  t  17.9  inf  53  N 21.7  mpc   3.4 ms  err 0.49
[170/250] shift=0.01 S2  FR_SAFE_3   seed 20  goal      clr  0.74  t  19.6  inf  58  N 22.0  mpc   4.1 ms  err 0.36
[171/250] shift=0.01 S2  FR_SAFE_3   seed 21  goal      clr  0.86  t  15.8  inf  47  N 23.7  mpc   4.4 ms  err 0.66
[172/250] shift=0.01 S2  FR_SAFE_3   seed 22  goal      clr  0.81  t  16.9  inf  50  N 24.6  mpc   4.7 ms  err 0.31
[173/250] shift=0.01 S2  FR_SAFE_3   seed 23  goal      clr  0.73  t  17.5  inf  52  N 24.1  mpc   4.3 ms  err 0.58
[174/250] shift=0.01 S2  FR_SAFE_3   seed 24  goal      clr  0.60  t  18.4  inf  55  N 24.3  mpc   4.8 ms  err 0.63
[175/250] shift=0.01 S2  FR_SAFE_3   seed 25  goal      clr  1.07  t  16.3  inf  48  N 25.0  mpc   4.4 ms  err 0.98
[176/250] shift=0.01 S2  FR_SAFE_3   seed 26  goal      clr  1.37  t  15.9  inf  47  N 23.3  mpc   4.2 ms  err 0.49
[177/250] shift=0.01 S2  FR_SAFE_3   seed 27  goal      clr  0.58  t  17.5  inf  52  N 24.9  mpc   5.0 ms  err 0.29
[178/250] shift=0.01 S2  FR_SAFE_3   seed 28  goal      clr  0.49  t  22.3  inf  66  N 23.7  mpc   4.6 ms  err 0.42
[179/250] shift=0.01 S2  FR_SAFE_3   seed 29  goal      clr  1.26  t  13.6  inf  40  N 23.7  mpc   4.5 ms  err 1.02
[180/250] shift=0.01 S2  FR_SAFE_3   seed 30  goal      clr  1.25  t  20.2  inf  60  N 21.9  mpc   4.0 ms  err 0.55
[181/250] shift=0.01 S2  FR_SAFE_3   seed 31  goal      clr  0.68  t  19.8  inf  59  N 23.7  mpc   4.6 ms  err 0.40
[182/250] shift=0.01 S2  FR_SAFE_3   seed 32  goal      clr  1.86  t  15.0  inf  45  N 25.4  mpc   4.5 ms  err 0.78
[183/250] shift=0.01 S2  FR_SAFE_3   seed 33  goal      clr  0.67  t  14.9  inf  44  N 24.9  mpc   5.1 ms  err 0.82
[184/250] shift=0.01 S2  FR_SAFE_3   seed 34  goal      clr  0.74  t  16.8  inf  50  N 24.4  mpc   4.7 ms  err 0.62
[185/250] shift=0.01 S2  FR_SAFE_3   seed 35  goal      clr  1.37  t  14.9  inf  44  N 24.1  mpc   4.1 ms  err 1.16
[186/250] shift=0.01 S2  FR_SAFE_3   seed 36  goal      clr  0.70  t  15.2  inf  45  N 26.0  mpc   5.3 ms  err 0.57
[187/250] shift=0.01 S2  FR_SAFE_3   seed 37  goal      clr  0.65  t  20.6  inf  61  N 23.2  mpc   4.5 ms  err 0.45
[188/250] shift=0.01 S2  FR_SAFE_3   seed 38  goal      clr  0.81  t  17.6  inf  52  N 24.8  mpc   5.0 ms  err 0.61
[189/250] shift=0.01 S2  FR_SAFE_3   seed 39  goal      clr  0.62  t  15.7  inf  47  N 25.2  mpc   4.7 ms  err 0.65
[190/250] shift=0.01 S2  FR_SAFE_3   seed 40  goal      clr  1.83  t  16.2  inf  48  N 23.9  mpc   4.4 ms  err 0.94
[191/250] shift=0.01 S2  FR_SAFE_3   seed 41  goal      clr  1.78  t  18.8  inf  56  N 22.3  mpc   3.6 ms  err 0.83
[192/250] shift=0.01 S2  FR_SAFE_3   seed 42  goal      clr  0.53  t  24.8  inf  73  N 22.3  mpc   4.5 ms  err 0.24
[193/250] shift=0.01 S2  FR_SAFE_3   seed 43  goal      clr  0.79  t  21.0  inf  62  N 21.9  mpc   3.6 ms  err 0.70
[194/250] shift=0.01 S2  FR_SAFE_3   seed 44  goal      clr  0.98  t  16.4  inf  49  N 23.0  mpc   4.0 ms  err 0.54
[195/250] shift=0.01 S2  FR_SAFE_3   seed 45  goal      clr  1.50  t  16.3  inf  48  N 22.1  mpc   3.8 ms  err 0.88
[196/250] shift=0.01 S2  FR_SAFE_3   seed 46  goal      clr  1.26  t  15.3  inf  45  N 24.9  mpc   4.4 ms  err 0.83
[197/250] shift=0.01 S2  FR_SAFE_3   seed 47  goal      clr  0.89  t  16.9  inf  50  N 24.9  mpc   4.6 ms  err 0.77
[198/250] shift=0.01 S2  FR_SAFE_3   seed 48  goal      clr  1.30  t  21.2  inf  63  N 23.3  mpc   3.8 ms  err 0.56
[199/250] shift=0.01 S2  FR_SAFE_3   seed 49  goal      clr  1.06  t  14.6  inf  43  N 25.4  mpc   4.7 ms  err 0.69
[200/250] shift=0.01 S2  FR_SAFE_3   seed 50  goal      clr  1.03  t  18.1  inf  54  N 21.9  mpc   3.7 ms  err 0.58
[201/250] shift=0.01 S2  FR_SAFE_10  seed  1  goal      clr  1.03  t  14.9  inf 138  N 22.7  mpc   4.3 ms  err 0.80
[202/250] shift=0.01 S2  FR_SAFE_10  seed  2  goal      clr  0.55  t  16.4  inf 153  N 24.6  mpc   4.9 ms  err 1.08
[203/250] shift=0.01 S2  FR_SAFE_10  seed  3  goal      clr  0.73  t  15.2  inf 142  N 25.3  mpc   5.1 ms  err 1.04
[204/250] shift=0.01 S2  FR_SAFE_10  seed  4  goal      clr  2.96  t  16.5  inf 154  N 22.3  mpc   4.3 ms  err 0.97
[205/250] shift=0.01 S2  FR_SAFE_10  seed  5  goal      clr  0.67  t  15.4  inf 142  N 23.0  mpc   4.7 ms  err 0.85
[206/250] shift=0.01 S2  FR_SAFE_10  seed  6  goal      clr  0.81  t  15.4  inf 143  N 24.2  mpc   4.7 ms  err 1.61
[207/250] shift=0.01 S2  FR_SAFE_10  seed  7  goal      clr  0.75  t  23.4  inf 219  N 21.3  mpc   3.9 ms  err 1.00
[208/250] shift=0.01 S2  FR_SAFE_10  seed  8  goal      clr  0.59  t  23.5  inf 218  N 25.3  mpc   5.7 ms  err 0.78
[209/250] shift=0.01 S2  FR_SAFE_10  seed  9  goal      clr  0.50  t  20.9  inf 195  N 25.1  mpc   5.3 ms  err 0.83
[210/250] shift=0.01 S2  FR_SAFE_10  seed 10  goal      clr  0.76  t  14.0  inf 131  N 26.1  mpc   5.1 ms  err 0.70
[211/250] shift=0.01 S2  FR_SAFE_10  seed 11  goal      clr  0.72  t  16.5  inf 155  N 26.3  mpc   5.4 ms  err 1.04
[212/250] shift=0.01 S2  FR_SAFE_10  seed 12  goal      clr  0.64  t  15.6  inf 145  N 25.8  mpc   5.5 ms  err 1.08
[213/250] shift=0.01 S2  FR_SAFE_10  seed 13  goal      clr  0.57  t  15.3  inf 140  N 25.5  mpc   5.1 ms  err 0.71
[214/250] shift=0.01 S2  FR_SAFE_10  seed 14  goal      clr  0.80  t  18.3  inf 168  N 21.6  mpc   3.7 ms  err 0.81
[215/250] shift=0.01 S2  FR_SAFE_10  seed 15  goal      clr  0.42  t  19.5  inf 180  N 25.2  mpc   5.6 ms  err 0.93
[216/250] shift=0.01 S2  FR_SAFE_10  seed 16  goal      clr  0.71  t  14.8  inf 137  N 26.2  mpc   5.3 ms  err 1.37
[217/250] shift=0.01 S2  FR_SAFE_10  seed 17  goal      clr  0.53  t  15.8  inf 148  N 24.9  mpc   4.9 ms  err 0.29
[218/250] shift=0.01 S2  FR_SAFE_10  seed 18  goal      clr  0.73  t  13.8  inf 128  N 25.2  mpc   4.9 ms  err 0.98
[219/250] shift=0.01 S2  FR_SAFE_10  seed 19  goal      clr  0.72  t  20.6  inf 188  N 20.6  mpc   3.9 ms  err 0.48
[220/250] shift=0.01 S2  FR_SAFE_10  seed 20  goal      clr  0.81  t  14.9  inf 139  N 24.4  mpc   4.7 ms  err 0.72
[221/250] shift=0.01 S2  FR_SAFE_10  seed 21  goal      clr  0.55  t  22.3  inf 208  N 24.1  mpc   5.1 ms  err 0.93
[222/250] shift=0.01 S2  FR_SAFE_10  seed 22  goal      clr  0.74  t  16.0  inf 150  N 24.1  mpc   4.8 ms  err 0.73
[223/250] shift=0.01 S2  FR_SAFE_10  seed 23  goal      clr  0.43  t  16.8  inf 158  N 24.8  mpc   5.4 ms  err 0.47
[224/250] shift=0.01 S2  FR_SAFE_10  seed 24  goal      clr  0.65  t  14.2  inf 131  N 26.1  mpc   5.4 ms  err 0.77
[225/250] shift=0.01 S2  FR_SAFE_10  seed 25  goal      clr  0.36  t  16.9  inf 160  N 24.7  mpc   5.0 ms  err 1.08
[226/250] shift=0.01 S2  FR_SAFE_10  seed 26  goal      clr  0.59  t  15.6  inf 145  N 23.7  mpc   4.9 ms  err 0.64
[227/250] shift=0.01 S2  FR_SAFE_10  seed 27  goal      clr  0.33  t  15.8  inf 147  N 26.4  mpc   5.7 ms  err 0.73
[228/250] shift=0.01 S2  FR_SAFE_10  seed 28  goal      clr  0.78  t  18.6  inf 172  N 23.7  mpc   4.5 ms  err 0.37
[229/250] shift=0.01 S2  FR_SAFE_10  seed 29  goal      clr  0.78  t  15.8  inf 145  N 23.7  mpc   4.6 ms  err 0.61
[230/250] shift=0.01 S2  FR_SAFE_10  seed 30  goal      clr  0.54  t  18.6  inf 172  N 25.6  mpc   5.3 ms  err 0.55
[231/250] shift=0.01 S2  FR_SAFE_10  seed 31  goal      clr  0.83  t  19.2  inf 176  N 24.0  mpc   4.8 ms  err 0.74
[232/250] shift=0.01 S2  FR_SAFE_10  seed 32  goal      clr  0.55  t  17.9  inf 168  N 26.1  mpc   5.2 ms  err 0.71
[233/250] shift=0.01 S2  FR_SAFE_10  seed 33  goal      clr  0.84  t  14.1  inf 131  N 24.1  mpc   4.7 ms  err 0.75
[234/250] shift=0.01 S2  FR_SAFE_10  seed 34  goal      clr  0.68  t  18.9  inf 178  N 23.7  mpc   4.7 ms  err 0.86
[235/250] shift=0.01 S2  FR_SAFE_10  seed 35  goal      clr  0.54  t  15.1  inf 143  N 24.5  mpc   4.6 ms  err 0.92
[236/250] shift=0.01 S2  FR_SAFE_10  seed 36  goal      clr  0.56  t  15.5  inf 144  N 23.8  mpc   4.8 ms  err 1.27
[237/250] shift=0.01 S2  FR_SAFE_10  seed 37  goal      clr  0.61  t  15.6  inf 145  N 25.9  mpc   5.3 ms  err 0.27
[238/250] shift=0.01 S2  FR_SAFE_10  seed 38  goal      clr  0.66  t  14.8  inf 138  N 26.2  mpc   5.5 ms  err 1.08
[239/250] shift=0.01 S2  FR_SAFE_10  seed 39  goal      clr  1.08  t  13.5  inf 128  N 25.2  mpc   5.0 ms  err 0.49
[240/250] shift=0.01 S2  FR_SAFE_10  seed 40  goal      clr  1.44  t  20.1  inf 185  N 22.4  mpc   4.3 ms  err 0.70
[241/250] shift=0.01 S2  FR_SAFE_10  seed 41  goal      clr  0.53  t  17.1  inf 159  N 25.6  mpc   5.3 ms  err 0.71
[242/250] shift=0.01 S2  FR_SAFE_10  seed 42  goal      clr  0.62  t  20.6  inf 194  N 24.5  mpc   5.1 ms  err 0.50
[243/250] shift=0.01 S2  FR_SAFE_10  seed 43  goal      clr  1.04  t  15.4  inf 144  N 24.8  mpc   5.3 ms  err 0.61
[244/250] shift=0.01 S2  FR_SAFE_10  seed 44  goal      clr  0.51  t  16.2  inf 151  N 25.5  mpc   5.6 ms  err 1.42
[245/250] shift=0.01 S2  FR_SAFE_10  seed 45  goal      clr  0.37  t  21.3  inf 198  N 25.4  mpc   5.2 ms  err 0.49
[246/250] shift=0.01 S2  FR_SAFE_10  seed 46  goal      clr  0.63  t  14.0  inf 131  N 25.0  mpc   4.9 ms  err 0.70
[247/250] shift=0.01 S2  FR_SAFE_10  seed 47  goal      clr  0.38  t  16.5  inf 153  N 24.7  mpc   5.0 ms  err 1.49
[248/250] shift=0.01 S2  FR_SAFE_10  seed 48  goal      clr  0.57  t  19.5  inf 180  N 25.0  mpc   4.9 ms  err 0.82
[249/250] shift=0.01 S2  FR_SAFE_10  seed 49  goal      clr  0.68  t  13.9  inf 127  N 25.2  mpc   5.0 ms  err 0.78
[250/250] shift=0.01 S2  FR_SAFE_10  seed 50  goal      clr  0.77  t  13.5  inf 125  N 24.7  mpc   4.8 ms  err 0.72
