[  1/450] latency=0.15 S1  E_DART      seed  1  goal      clr  0.48  t  14.9  inf  65  N 26.0  mpc   8.4 ms  err 0.21
[  2/450] latency=0.15 S1  E_DART      seed  2  goal      clr  0.49  t  15.5  inf  61  N 25.5  mpc   8.6 ms  err 0.31
[  3/450] latency=0.15 S1  E_DART      seed  3  goal      clr  0.52  t  15.5  inf  63  N 25.9  mpc   6.7 ms  err 0.19
[  4/450] latency=0.15 S1  E_DART      seed  4  goal      clr  0.52  t  14.8  inf  54  N 25.8  mpc   6.6 ms  err 0.22
[  5/450] latency=0.15 S1  E_DART      seed  5  goal      clr  0.73  t  16.1  inf  53  N 25.3  mpc   6.4 ms  err 0.23
[  6/450] latency=0.15 S1  E_DART      seed  6  goal      clr  0.65  t  14.0  inf  53  N 25.5  mpc   5.9 ms  err 0.24
[  7/450] latency=0.15 S1  E_DART      seed  7  goal      clr  0.48  t  15.8  inf  54  N 24.8  mpc   6.1 ms  err 0.21
[  8/450] latency=0.15 S1  E_DART      seed  8  goal      clr  0.69  t  15.2  inf  61  N 25.2  mpc   6.1 ms  err 0.21
[  9/450] latency=0.15 S1  E_DART      seed  9  goal      clr  0.59  t  14.3  inf  55  N 25.6  mpc   6.0 ms  err 0.20
[ 10/450] latency=0.15 S1  E_DART      seed 10  goal      clr  0.54  t  14.5  inf  55  N 25.4  mpc   6.2 ms  err 0.16
[ 11/450] latency=0.15 S1  E_DART      seed 11  goal      clr  0.62  t  14.4  inf  55  N 25.6  mpc   6.1 ms  err 0.21
[ 12/450] latency=0.15 S1  E_DART      seed 12  goal      clr  0.47  t  15.2  inf  63  N 25.9  mpc   6.3 ms  err 0.18
[ 13/450] latency=0.15 S1  E_DART      seed 13  goal      clr  0.62  t  14.1  inf  58  N 25.8  mpc   6.1 ms  err 0.14
[ 14/450] latency=0.15 S1  E_DART      seed 14  goal      clr  0.55  t  15.6  inf  58  N 25.9  mpc   6.4 ms  err 0.17
[ 15/450] latency=0.15 S1  E_DART      seed 15  goal      clr  0.53  t  15.5  inf  58  N 25.3  mpc   6.3 ms  err 0.28
[ 16/450] latency=0.15 S1  E_DART      seed 16  goal      clr  0.67  t  14.3  inf  53  N 25.4  mpc   6.0 ms  err 0.18
[ 17/450] latency=0.15 S1  E_DART      seed 17  goal      clr  0.65  t  14.2  inf  59  N 25.0  mpc   5.9 ms  err 0.19
[ 18/450] latency=0.15 S1  E_DART      seed 18  goal      clr  0.67  t  14.4  inf  61  N 25.8  mpc   6.3 ms  err 0.15
[ 19/450] latency=0.15 S1  E_DART      seed 19  goal      clr  0.55  t  15.2  inf  66  N 26.2  mpc   6.7 ms  err 0.23
[ 20/450] latency=0.15 S1  E_DART      seed 20  goal      clr  0.58  t  14.4  inf  55  N 25.0  mpc   5.9 ms  err 0.28
[ 21/450] latency=0.15 S1  E_DART      seed 21  goal      clr  0.65  t  14.2  inf  54  N 25.6  mpc   6.0 ms  err 0.18
[ 22/450] latency=0.15 S1  E_DART      seed 22  goal      clr  0.60  t  14.0  inf  53  N 25.6  mpc   5.9 ms  err 0.27
[ 23/450] latency=0.15 S1  E_DART      seed 23  goal      clr  0.63  t  14.9  inf  55  N 25.1  mpc   6.0 ms  err 0.19
[ 24/450] latency=0.15 S1  E_DART      seed 24  goal      clr  0.60  t  14.3  inf  55  N 25.5  mpc   5.9 ms  err 0.24
[ 25/450] latency=0.15 S1  E_DART      seed 25  goal      clr  0.55  t  14.4  inf  58  N 25.8  mpc   6.2 ms  err 0.18
[ 26/450] latency=0.15 S1  E_DART      seed 26  goal      clr  0.61  t  14.3  inf  53  N 25.0  mpc   6.0 ms  err 0.18
[ 27/450] latency=0.15 S1  E_DART      seed 27  goal      clr  0.57  t  14.4  inf  57  N 25.9  mpc   6.2 ms  err 0.10
[ 28/450] latency=0.15 S1  E_DART      seed 28  goal      clr  0.55  t  14.1  inf  59  N 25.9  mpc   6.1 ms  err 0.27
[ 29/450] latency=0.15 S1  E_DART      seed 29  goal      clr  0.48  t  15.5  inf  61  N 26.1  mpc   6.5 ms  err 0.17
[ 30/450] latency=0.15 S1  E_DART      seed 30  goal      clr  0.62  t  14.7  inf  52  N 25.4  mpc   6.1 ms  err 0.30
[ 31/450] latency=0.15 S1  E_DART      seed 31  goal      clr  0.56  t  14.7  inf  55  N 25.5  mpc   6.2 ms  err 0.18
[ 32/450] latency=0.15 S1  E_DART      seed 32  goal      clr  0.67  t  14.6  inf  59  N 25.8  mpc   6.3 ms  err 0.24
[ 33/450] latency=0.15 S1  E_DART      seed 33  goal      clr  0.63  t  14.4  inf  58  N 25.5  mpc   6.2 ms  err 0.12
[ 34/450] latency=0.15 S1  E_DART      seed 34  goal      clr  0.64  t  14.4  inf  54  N 25.2  mpc   6.1 ms  err 0.15
[ 35/450] latency=0.15 S1  E_DART      seed 35  goal      clr  0.57  t  14.6  inf  61  N 25.8  mpc   6.3 ms  err 0.23
[ 36/450] latency=0.15 S1  E_DART      seed 36  goal      clr  0.50  t  18.5  inf  69  N 24.9  mpc   6.3 ms  err 0.29
[ 37/450] latency=0.15 S1  E_DART      seed 37  goal      clr  0.57  t  15.2  inf  56  N 25.7  mpc   6.5 ms  err 0.25
[ 38/450] latency=0.15 S1  E_DART      seed 38  goal      clr  0.49  t  16.7  inf  62  N 25.9  mpc   6.7 ms  err 0.22
[ 39/450] latency=0.15 S1  E_DART      seed 39  goal      clr  0.55  t  14.6  inf  61  N 26.1  mpc   6.4 ms  err 0.21
[ 40/450] latency=0.15 S1  E_DART      seed 40  goal      clr  0.65  t  14.7  inf  58  N 25.3  mpc   6.0 ms  err 0.23
[ 41/450] latency=0.15 S1  E_DART      seed 41  goal      clr  0.55  t  16.7  inf  69  N 26.2  mpc   6.8 ms  err 0.18
[ 42/450] latency=0.15 S1  E_DART      seed 42  goal      clr  0.68  t  14.5  inf  54  N 25.8  mpc   6.2 ms  err 0.24
[ 43/450] latency=0.15 S1  E_DART      seed 43  goal      clr  0.55  t  14.9  inf  54  N 25.5  mpc   6.1 ms  err 0.24
[ 44/450] latency=0.15 S1  E_DART      seed 44  goal      clr  0.59  t  14.5  inf  52  N 25.2  mpc   6.0 ms  err 0.19
[ 45/450] latency=0.15 S1  E_DART      seed 45  goal      clr  0.52  t  17.2  inf  64  N 25.9  mpc   6.5 ms  err 0.24
[ 46/450] latency=0.15 S1  E_DART      seed 46  goal      clr  0.61  t  14.2  inf  57  N 25.7  mpc   6.0 ms  err 0.18
[ 47/450] latency=0.15 S1  E_DART      seed 47  goal      clr  0.42  t  15.5  inf  53  N 25.7  mpc   6.2 ms  err 0.36
[ 48/450] latency=0.15 S1  E_DART      seed 48  goal      clr  0.49  t  21.6  inf  70  N 23.8  mpc   6.0 ms  err 0.18
[ 49/450] latency=0.15 S1  E_DART      seed 49  goal      clr  0.71  t  14.1  inf  57  N 25.5  mpc   6.0 ms  err 0.19
[ 50/450] latency=0.15 S1  E_DART      seed 50  goal      clr  0.61  t  14.5  inf  62  N 25.6  mpc   6.2 ms  err 0.20
[ 51/450] latency=0.15 S1  Z_ZHUYI     seed  1  goal      clr  0.58  t  14.4  inf  51  N 25.9  mpc   6.3 ms  err 0.18
[ 52/450] latency=0.15 S1  Z_ZHUYI     seed  2  goal      clr  0.52  t  14.6  inf  45  N 25.5  mpc   6.6 ms  err 0.21
[ 53/450] latency=0.15 S1  Z_ZHUYI     seed  3  goal      clr  0.50  t  18.1  inf  55  N 25.4  mpc   7.0 ms  err 0.29
[ 54/450] latency=0.15 S1  Z_ZHUYI     seed  4  goal      clr  0.58  t  14.3  inf  44  N 25.8  mpc   6.6 ms  err 0.24
[ 55/450] latency=0.15 S1  Z_ZHUYI     seed  5  goal      clr  0.70  t  15.3  inf  45  N 25.6  mpc   6.7 ms  err 0.21
[ 56/450] latency=0.15 S1  Z_ZHUYI     seed  6  goal      clr  0.66  t  14.1  inf  44  N 25.6  mpc   6.1 ms  err 0.22
[ 57/450] latency=0.15 S1  Z_ZHUYI     seed  7  goal      clr  0.62  t  15.8  inf  47  N 25.0  mpc   6.2 ms  err 0.25
[ 58/450] latency=0.15 S1  Z_ZHUYI     seed  8  goal      clr  0.44  t  20.0  inf  49  N 24.4  mpc   6.1 ms  err 0.33
[ 59/450] latency=0.15 S1  Z_ZHUYI     seed  9  goal      clr  0.31  t  15.9  inf  42  N 25.4  mpc   6.2 ms  err 0.47
[ 60/450] latency=0.15 S1  Z_ZHUYI     seed 10  goal      clr  0.56  t  15.7  inf  47  N 25.7  mpc   6.4 ms  err 0.26
[ 61/450] latency=0.15 S1  Z_ZHUYI     seed 11  goal      clr  0.64  t  14.5  inf  40  N 25.8  mpc   6.1 ms  err 0.22
[ 62/450] latency=0.15 S1  Z_ZHUYI     seed 12  goal      clr  0.57  t  20.4  inf  51  N 24.7  mpc   6.2 ms  err 0.42
[ 63/450] latency=0.15 S1  Z_ZHUYI     seed 13  goal      clr  0.64  t  19.4  inf  51  N 24.0  mpc   5.8 ms  err 0.16
[ 64/450] latency=0.15 S1  Z_ZHUYI     seed 14  goal      clr  0.46  t  33.0  inf  80  N 24.2  mpc   6.5 ms  err 0.47
[ 65/450] latency=0.15 S1  Z_ZHUYI     seed 15  goal      clr  0.65  t  14.6  inf  40  N 25.3  mpc   6.2 ms  err 0.37
[ 66/450] latency=0.15 S1  Z_ZHUYI     seed 16  goal      clr  0.55  t  14.2  inf  42  N 25.4  mpc   6.1 ms  err 0.39
[ 67/450] latency=0.15 S1  Z_ZHUYI     seed 17  goal      clr  0.62  t  19.3  inf  44  N 24.3  mpc   6.1 ms  err 0.28
[ 68/450] latency=0.15 S1  Z_ZHUYI     seed 18  goal      clr  0.60  t  14.5  inf  49  N 25.9  mpc   6.4 ms  err 0.21
[ 69/450] latency=0.15 S1  Z_ZHUYI     seed 19  goal      clr  0.54  t  15.1  inf  51  N 26.2  mpc   6.6 ms  err 0.26
[ 70/450] latency=0.15 S1  Z_ZHUYI     seed 20  goal      clr  0.57  t  14.1  inf  41  N 25.2  mpc   5.9 ms  err 0.29
[ 71/450] latency=0.15 S1  Z_ZHUYI     seed 21  goal      clr  0.67  t  15.0  inf  45  N 25.6  mpc   6.4 ms  err 0.24
[ 72/450] latency=0.15 S1  Z_ZHUYI     seed 22  goal      clr  0.62  t  14.6  inf  41  N 25.5  mpc   6.0 ms  err 0.28
[ 73/450] latency=0.15 S1  Z_ZHUYI     seed 23  goal      clr  0.62  t  19.3  inf  47  N 24.4  mpc   5.9 ms  err 0.20
[ 74/450] latency=0.15 S1  Z_ZHUYI     seed 24  goal      clr  0.61  t  14.4  inf  41  N 25.5  mpc   6.0 ms  err 0.19
[ 75/450] latency=0.15 S1  Z_ZHUYI     seed 25  goal      clr  0.60  t  14.5  inf  47  N 25.8  mpc   6.3 ms  err 0.17
[ 76/450] latency=0.15 S1  Z_ZHUYI     seed 26  goal      clr  0.59  t  16.3  inf  41  N 24.9  mpc   6.2 ms  err 0.35
[ 77/450] latency=0.15 S1  Z_ZHUYI     seed 27  goal      clr  0.56  t  14.2  inf  50  N 25.9  mpc   6.2 ms  err 0.11
[ 78/450] latency=0.15 S1  Z_ZHUYI     seed 28  goal      clr  0.62  t  13.9  inf  43  N 26.0  mpc   6.0 ms  err 0.34
[ 79/450] latency=0.15 S1  Z_ZHUYI     seed 29  goal      clr  0.56  t  18.6  inf  46  N 25.5  mpc   6.7 ms  err 0.34
[ 80/450] latency=0.15 S1  Z_ZHUYI     seed 30  goal      clr  0.60  t  19.5  inf  48  N 24.1  mpc   5.9 ms  err 0.26
[ 81/450] latency=0.15 S1  Z_ZHUYI     seed 31  goal      clr  0.55  t  14.8  inf  47  N 25.6  mpc   6.4 ms  err 0.14
[ 82/450] latency=0.15 S1  Z_ZHUYI     seed 32  goal      clr  0.54  t  14.6  inf  48  N 25.6  mpc   6.4 ms  err 0.33
[ 83/450] latency=0.15 S1  Z_ZHUYI     seed 33  goal      clr  0.60  t  20.7  inf  51  N 24.5  mpc   6.1 ms  err 0.23
[ 84/450] latency=0.15 S1  Z_ZHUYI     seed 34  goal      clr  0.56  t  19.3  inf  48  N 23.5  mpc   5.8 ms  err 0.21
[ 85/450] latency=0.15 S1  Z_ZHUYI     seed 35  goal      clr  0.49  t  19.7  inf  51  N 24.8  mpc   6.1 ms  err 0.36
[ 86/450] latency=0.15 S1  Z_ZHUYI     seed 36  goal      clr  0.57  t  14.9  inf  51  N 25.6  mpc   6.3 ms  err 0.23
[ 87/450] latency=0.15 S1  Z_ZHUYI     seed 37  goal      clr  0.52  t  14.9  inf  44  N 25.9  mpc   6.4 ms  err 0.30
[ 88/450] latency=0.15 S1  Z_ZHUYI     seed 38  goal      clr  0.57  t  15.4  inf  46  N 25.8  mpc   6.2 ms  err 0.24
[ 89/450] latency=0.15 S1  Z_ZHUYI     seed 39  goal      clr  0.60  t  14.3  inf  54  N 26.2  mpc   6.3 ms  err 0.20
[ 90/450] latency=0.15 S1  Z_ZHUYI     seed 40  goal      clr  0.59  t  14.6  inf  50  N 25.8  mpc   6.2 ms  err 0.27
[ 91/450] latency=0.15 S1  Z_ZHUYI     seed 41  goal      clr  0.57  t  18.8  inf  47  N 24.6  mpc   6.2 ms  err 0.34
[ 92/450] latency=0.15 S1  Z_ZHUYI     seed 42  goal      clr  0.60  t  21.9  inf  49  N 23.4  mpc   5.7 ms  err 0.18
[ 93/450] latency=0.15 S1  Z_ZHUYI     seed 43  goal      clr  0.55  t  15.6  inf  43  N 25.9  mpc   6.2 ms  err 0.31
[ 94/450] latency=0.15 S1  Z_ZHUYI     seed 44  goal      clr  0.62  t  20.3  inf  52  N 24.0  mpc   5.8 ms  err 0.39
[ 95/450] latency=0.15 S1  Z_ZHUYI     seed 45  goal      clr  0.47  t  21.3  inf  56  N 23.9  mpc   6.0 ms  err 0.36
[ 96/450] latency=0.15 S1  Z_ZHUYI     seed 46  goal      clr  0.59  t  14.2  inf  50  N 25.9  mpc   6.1 ms  err 0.21
[ 97/450] latency=0.15 S1  Z_ZHUYI     seed 47  goal      clr  0.37  t  29.7  inf  72  N 23.6  mpc   6.2 ms  err 0.41
[ 98/450] latency=0.15 S1  Z_ZHUYI     seed 48  goal      clr  0.52  t  15.6  inf  53  N 26.3  mpc   6.8 ms  err 0.39
[ 99/450] latency=0.15 S1  Z_ZHUYI     seed 49  goal      clr  0.60  t  14.0  inf  40  N 25.8  mpc   5.9 ms  err 0.23
[100/450] latency=0.15 S1  Z_ZHUYI     seed 50  goal      clr  0.65  t  18.1  inf  49  N 24.0  mpc   5.8 ms  err 0.23
[101/450] latency=0.15 S1  A_FR_FN     seed  1  goal      clr  0.43  t  13.5  inf  79  N 20.0  mpc   3.9 ms  err 0.16
[102/450] latency=0.15 S1  A_FR_FN     seed  2  goal      clr  0.47  t  13.6  inf  81  N 20.0  mpc   4.0 ms  err 0.17
[103/450] latency=0.15 S1  A_FR_FN     seed  3  goal      clr  0.34  t  14.2  inf  86  N 20.0  mpc   4.1 ms  err 0.17
[104/450] latency=0.15 S1  A_FR_FN     seed  4  goal      clr  0.52  t  13.5  inf  82  N 20.0  mpc   4.0 ms  err 0.15
[105/450] latency=0.15 S1  A_FR_FN     seed  5  goal      clr  0.42  t  14.1  inf  76  N 20.0  mpc   4.1 ms  err 0.26
[106/450] latency=0.15 S1  A_FR_FN     seed  6  goal      clr  0.49  t  13.5  inf  78  N 20.0  mpc   3.9 ms  err 0.14
[107/450] latency=0.15 S1  A_FR_FN     seed  7  goal      clr  0.33  t  13.3  inf  77  N 20.0  mpc   3.9 ms  err 0.24
[108/450] latency=0.15 S1  A_FR_FN     seed  8  goal      clr  0.46  t  13.9  inf  83  N 20.0  mpc   4.0 ms  err 0.17
[109/450] latency=0.15 S1  A_FR_FN     seed  9  goal      clr  0.22  t  13.6  inf  82  N 20.0  mpc   4.0 ms  err 0.24
[110/450] latency=0.15 S1  A_FR_FN     seed 10  goal      clr  0.39  t  13.6  inf  80  N 20.0  mpc   3.9 ms  err 0.34
[111/450] latency=0.15 S1  A_FR_FN     seed 11  goal      clr  0.48  t  13.4  inf  77  N 20.0  mpc   3.8 ms  err 0.25
[112/450] latency=0.15 S1  A_FR_FN     seed 12  goal      clr  0.42  t  13.6  inf  78  N 20.0  mpc   3.9 ms  err 0.17
[113/450] latency=0.15 S1  A_FR_FN     seed 13  goal      clr  0.42  t  13.6  inf  81  N 20.0  mpc   4.0 ms  err 0.10
[114/450] latency=0.15 S1  A_FR_FN     seed 14  goal      clr  0.40  t  14.1  inf  84  N 20.0  mpc   4.1 ms  err 0.27
[115/450] latency=0.15 S1  A_FR_FN     seed 15  goal      clr  0.37  t  14.3  inf  84  N 20.0  mpc   4.1 ms  err 0.18
[116/450] latency=0.15 S1  A_FR_FN     seed 16  goal      clr  0.51  t  13.3  inf  80  N 20.0  mpc   3.9 ms  err 0.23
[117/450] latency=0.15 S1  A_FR_FN     seed 17  goal      clr  0.43  t  13.8  inf  86  N 20.0  mpc   3.9 ms  err 0.16
[118/450] latency=0.15 S1  A_FR_FN     seed 18  goal      clr  0.46  t  13.7  inf  84  N 20.0  mpc   4.0 ms  err 0.15
[119/450] latency=0.15 S1  A_FR_FN     seed 19  goal      clr  0.38  t  16.6  inf 102  N 20.0  mpc   4.2 ms  err 0.16
[120/450] latency=0.15 S1  A_FR_FN     seed 20  goal      clr  0.16  t  13.6  inf  82  N 20.0  mpc   4.0 ms  err 0.39
[121/450] latency=0.15 S1  A_FR_FN     seed 21  goal      clr  0.58  t  13.6  inf  78  N 20.0  mpc   3.9 ms  err 0.14
[122/450] latency=0.15 S1  A_FR_FN     seed 22  goal      clr  0.50  t  13.3  inf  82  N 20.0  mpc   3.9 ms  err 0.19
[123/450] latency=0.15 S1  A_FR_FN     seed 23  goal      clr  0.47  t  13.2  inf  78  N 20.0  mpc   3.9 ms  err 0.21
[124/450] latency=0.15 S1  A_FR_FN     seed 24  goal      clr  0.50  t  13.2  inf  77  N 20.0  mpc   3.8 ms  err 0.20
[125/450] latency=0.15 S1  A_FR_FN     seed 25  goal      clr  0.40  t  13.5  inf  79  N 20.0  mpc   3.9 ms  err 0.18
[126/450] latency=0.15 S1  A_FR_FN     seed 26  goal      clr  0.38  t  13.7  inf  85  N 20.0  mpc   4.0 ms  err 0.16
[127/450] latency=0.15 S1  A_FR_FN     seed 27  goal      clr  0.42  t  13.6  inf  80  N 20.0  mpc   3.9 ms  err 0.10
[128/450] latency=0.15 S1  A_FR_FN     seed 28  goal      clr  0.41  t  13.5  inf  79  N 20.0  mpc   3.9 ms  err 0.22
[129/450] latency=0.15 S1  A_FR_FN     seed 29  goal      clr  0.35  t  13.8  inf  83  N 20.0  mpc   4.0 ms  err 0.14
[130/450] latency=0.15 S1  A_FR_FN     seed 30  goal      clr  0.55  t  13.5  inf  76  N 20.0  mpc   3.9 ms  err 0.20
[131/450] latency=0.15 S1  A_FR_FN     seed 31  goal      clr  0.47  t  13.8  inf  83  N 20.0  mpc   4.0 ms  err 0.21
[132/450] latency=0.15 S1  A_FR_FN     seed 32  goal      clr  0.43  t  13.9  inf  81  N 20.0  mpc   4.1 ms  err 0.15
[133/450] latency=0.15 S1  A_FR_FN     seed 33  goal      clr  0.56  t  13.4  inf  82  N 20.0  mpc   3.9 ms  err 0.14
[134/450] latency=0.15 S1  A_FR_FN     seed 34  goal      clr  0.41  t  13.7  inf  82  N 20.0  mpc   4.0 ms  err 0.13
[135/450] latency=0.15 S1  A_FR_FN     seed 35  goal      clr  0.39  t  13.8  inf  84  N 20.0  mpc   4.0 ms  err 0.17
[136/450] latency=0.15 S1  A_FR_FN     seed 36  goal      clr  0.43  t  13.4  inf  81  N 20.0  mpc   3.9 ms  err 0.23
[137/450] latency=0.15 S1  A_FR_FN     seed 37  goal      clr  0.36  t  14.0  inf  85  N 20.0  mpc   4.1 ms  err 0.15
[138/450] latency=0.15 S1  A_FR_FN     seed 38  goal      clr  0.44  t  13.9  inf  81  N 20.0  mpc   4.1 ms  err 0.22
[139/450] latency=0.15 S1  A_FR_FN     seed 39  goal      clr  0.41  t  14.6  inf  85  N 20.0  mpc   4.1 ms  err 0.11
[140/450] latency=0.15 S1  A_FR_FN     seed 40  goal      clr  0.50  t  13.5  inf  81  N 20.0  mpc   3.9 ms  err 0.19
[141/450] latency=0.15 S1  A_FR_FN     seed 41  goal      clr  0.45  t  13.9  inf  83  N 20.0  mpc   4.1 ms  err 0.21
[142/450] latency=0.15 S1  A_FR_FN     seed 42  goal      clr  0.45  t  13.6  inf  80  N 20.0  mpc   3.9 ms  err 0.25
[143/450] latency=0.15 S1  A_FR_FN     seed 43  goal      clr  0.40  t  13.8  inf  83  N 20.0  mpc   4.0 ms  err 0.15
[144/450] latency=0.15 S1  A_FR_FN     seed 44  goal      clr  0.53  t  13.4  inf  78  N 20.0  mpc   3.9 ms  err 0.17
[145/450] latency=0.15 S1  A_FR_FN     seed 45  goal      clr  0.36  t  16.0  inf  97  N 20.0  mpc   4.3 ms  err 0.22
[146/450] latency=0.15 S1  A_FR_FN     seed 46  goal      clr  0.44  t  13.6  inf  80  N 20.0  mpc   4.0 ms  err 0.23
[147/450] latency=0.15 S1  A_FR_FN     seed 47  goal      clr  0.41  t  14.2  inf  83  N 20.0  mpc   4.2 ms  err 0.21
[148/450] latency=0.15 S1  A_FR_FN     seed 48  goal      clr  0.35  t  13.6  inf  84  N 20.0  mpc   4.1 ms  err 0.22
[149/450] latency=0.15 S1  A_FR_FN     seed 49  goal      clr  0.47  t  13.4  inf  84  N 20.0  mpc   4.0 ms  err 0.15
[150/450] latency=0.15 S1  A_FR_FN     seed 50  goal      clr  0.42  t  13.6  inf  83  N 20.0  mpc   4.1 ms  err 0.15
[151/450] latency=0.15 S1  F_NODELAY   seed  1  goal      clr  0.38  t  17.4  inf  82  N 26.3  mpc   7.1 ms  err 1.29
[152/450] latency=0.15 S1  F_NODELAY   seed  2  goal      clr  0.18  t  17.7  inf  77  N 26.5  mpc   7.0 ms  err 1.26
[153/450] latency=0.15 S1  F_NODELAY   seed  3  collision clr -0.01  t  22.4  inf 108  N 24.6  mpc   7.1 ms  err 1.20
[154/450] latency=0.15 S1  F_NODELAY   seed  4  goal      clr  0.05  t  23.6  inf 103  N 25.7  mpc   7.0 ms  err 2.00
[155/450] latency=0.15 S1  F_NODELAY   seed  5  collision clr -0.00  t  13.1  inf  53  N 24.3  mpc   7.4 ms  err 1.22
[156/450] latency=0.15 S1  F_NODELAY   seed  6  collision clr -0.00  t  27.9  inf 117  N 25.5  mpc   7.3 ms  err 1.61
[157/450] latency=0.15 S1  F_NODELAY   seed  7  goal      clr  0.21  t  22.0  inf  95  N 24.0  mpc   6.5 ms  err 1.72
[158/450] latency=0.15 S1  F_NODELAY   seed  8  goal      clr  0.11  t  25.3  inf 117  N 25.7  mpc   7.6 ms  err 1.46
[159/450] latency=0.15 S1  F_NODELAY   seed  9  collision clr -0.01  t   3.2  inf  14  N 25.6  mpc   6.8 ms  err 1.95
[160/450] latency=0.15 S1  F_NODELAY   seed 10  timeout   clr  0.32  t  40.0  inf 165  N 22.0  mpc   6.2 ms  err 0.94
[161/450] latency=0.15 S1  F_NODELAY   seed 11  goal      clr  0.57  t  22.0  inf  86  N 23.4  mpc   5.7 ms  err 1.11
[162/450] latency=0.15 S1  F_NODELAY   seed 12  collision clr -0.00  t  17.9  inf  83  N 26.7  mpc   7.4 ms  err 1.24
[163/450] latency=0.15 S1  F_NODELAY   seed 13  goal      clr  0.12  t  18.5  inf  76  N 25.1  mpc   6.6 ms  err 1.59
[164/450] latency=0.15 S1  F_NODELAY   seed 14  goal      clr  0.55  t  20.8  inf  81  N 24.7  mpc   6.4 ms  err 1.52
[165/450] latency=0.15 S1  F_NODELAY   seed 15  goal      clr  0.50  t  29.6  inf 127  N 25.9  mpc   7.9 ms  err 1.37
[166/450] latency=0.15 S1  F_NODELAY   seed 16  goal      clr  0.25  t  22.1  inf 102  N 26.0  mpc   6.9 ms  err 1.34
[167/450] latency=0.15 S1  F_NODELAY   seed 17  collision clr -0.01  t   4.1  inf  20  N 25.9  mpc   6.1 ms  err 1.86
[168/450] latency=0.15 S1  F_NODELAY   seed 18  goal      clr  0.13  t  21.1  inf  96  N 26.1  mpc   7.1 ms  err 1.27
[169/450] latency=0.15 S1  F_NODELAY   seed 19  collision clr -0.00  t   5.7  inf  24  N 22.5  mpc   6.4 ms  err 2.19
[170/450] latency=0.15 S1  F_NODELAY   seed 20  collision clr -0.03  t  12.3  inf  60  N 26.3  mpc   7.7 ms  err 1.37
[171/450] latency=0.15 S1  F_NODELAY   seed 21  goal      clr  0.19  t  27.2  inf 110  N 23.8  mpc   6.3 ms  err 1.54
[172/450] latency=0.15 S1  F_NODELAY   seed 22  collision clr -0.01  t  19.4  inf  93  N 27.1  mpc   7.6 ms  err 1.24
[173/450] latency=0.15 S1  F_NODELAY   seed 23  collision clr -0.02  t  19.6  inf  95  N 21.5  mpc   5.9 ms  err 1.36
[174/450] latency=0.15 S1  F_NODELAY   seed 24  goal      clr  0.18  t  15.3  inf  64  N 25.7  mpc   6.1 ms  err 1.10
[175/450] latency=0.15 S1  F_NODELAY   seed 25  goal      clr  0.57  t  15.6  inf  74  N 26.5  mpc   6.8 ms  err 1.46
[176/450] latency=0.15 S1  F_NODELAY   seed 26  goal      clr  0.45  t  19.1  inf  93  N 25.8  mpc   6.9 ms  err 1.50
[177/450] latency=0.15 S1  F_NODELAY   seed 27  collision clr -0.03  t  12.9  inf  58  N 26.2  mpc   6.9 ms  err 1.81
[178/450] latency=0.15 S1  F_NODELAY   seed 28  collision clr -0.00  t   7.9  inf  40  N 26.9  mpc   8.1 ms  err 2.18
[179/450] latency=0.15 S1  F_NODELAY   seed 29  goal      clr  0.44  t  19.6  inf  98  N 27.6  mpc   7.7 ms  err 1.57
[180/450] latency=0.15 S1  F_NODELAY   seed 30  goal      clr  0.73  t  22.1  inf  91  N 25.0  mpc   6.9 ms  err 1.70
[181/450] latency=0.15 S1  F_NODELAY   seed 31  goal      clr  0.34  t  18.5  inf  73  N 24.6  mpc   6.2 ms  err 1.64
[182/450] latency=0.15 S1  F_NODELAY   seed 32  collision clr -0.00  t   6.8  inf  30  N 27.4  mpc   8.2 ms  err 1.90
[183/450] latency=0.15 S1  F_NODELAY   seed 33  goal      clr  0.39  t  20.8  inf  92  N 23.6  mpc   6.1 ms  err 1.66
[184/450] latency=0.15 S1  F_NODELAY   seed 34  collision clr -0.00  t   5.1  inf  27  N 26.0  mpc   8.0 ms  err 1.63
[185/450] latency=0.15 S1  F_NODELAY   seed 35  collision clr -0.00  t  17.3  inf  84  N 25.0  mpc   7.0 ms  err 1.67
[186/450] latency=0.15 S1  F_NODELAY   seed 36  collision clr -0.00  t  10.6  inf  52  N 24.7  mpc   7.6 ms  err 2.03
[187/450] latency=0.15 S1  F_NODELAY   seed 37  goal      clr  0.14  t  29.6  inf 132  N 25.6  mpc   7.3 ms  err 1.32
[188/450] latency=0.15 S1  F_NODELAY   seed 38  goal      clr  0.18  t  28.9  inf 112  N 23.2  mpc   6.1 ms  err 1.85
[189/450] latency=0.15 S1  F_NODELAY   seed 39  collision clr -0.00  t  10.1  inf  48  N 27.1  mpc   7.6 ms  err 1.60
[190/450] latency=0.15 S1  F_NODELAY   seed 40  goal      clr  0.05  t  23.2  inf 116  N 26.6  mpc   7.2 ms  err 1.17
[191/450] latency=0.15 S1  F_NODELAY   seed 41  goal      clr  0.05  t  18.9  inf  73  N 23.5  mpc   5.9 ms  err 1.98
[192/450] latency=0.15 S1  F_NODELAY   seed 42  collision clr -0.01  t   9.4  inf  43  N 21.6  mpc   6.5 ms  err 1.61
[193/450] latency=0.15 S1  F_NODELAY   seed 43  collision clr -0.00  t   3.2  inf  17  N 25.9  mpc   7.4 ms  err 1.63
[194/450] latency=0.15 S1  F_NODELAY   seed 44  goal      clr  0.51  t  15.2  inf  60  N 25.2  mpc   5.9 ms  err 1.66
[195/450] latency=0.15 S1  F_NODELAY   seed 45  goal      clr  0.46  t  20.7  inf  95  N 26.1  mpc   7.3 ms  err 1.79
[196/450] latency=0.15 S1  F_NODELAY   seed 46  collision clr -0.01  t   3.7  inf  19  N 25.5  mpc   6.9 ms  err 1.92
[197/450] latency=0.15 S1  F_NODELAY   seed 47  goal      clr  0.07  t  26.9  inf 106  N 25.7  mpc   7.0 ms  err 1.60
[198/450] latency=0.15 S1  F_NODELAY   seed 48  goal      clr  0.55  t  27.3  inf 121  N 25.6  mpc   7.2 ms  err 1.95
[199/450] latency=0.15 S1  F_NODELAY   seed 49  goal      clr  0.40  t  16.9  inf  83  N 27.2  mpc   6.9 ms  err 1.43
[200/450] latency=0.15 S1  F_NODELAY   seed 50  goal      clr  0.31  t  17.6  inf  83  N 26.2  mpc   6.9 ms  err 1.36
[201/450] latency=0.15 S1  FR_SAFE_1   seed  1  goal      clr  0.64  t  17.8  inf  18  N 26.6  mpc   7.0 ms  err 0.31
[202/450] latency=0.15 S1  FR_SAFE_1   seed  2  goal      clr  0.47  t  23.1  inf  24  N 26.3  mpc   7.4 ms  err 0.39
[203/450] latency=0.15 S1  FR_SAFE_1   seed  3  goal      clr  0.63  t  27.4  inf  28  N 23.7  mpc   6.5 ms  err 0.29
[204/450] latency=0.15 S1  FR_SAFE_1   seed  4  goal      clr  0.70  t  21.2  inf  22  N 26.2  mpc   7.4 ms  err 0.32
[205/450] latency=0.15 S1  FR_SAFE_1   seed  5  goal      clr  0.52  t  31.4  inf  32  N 23.6  mpc   6.6 ms  err 0.39
[206/450] latency=0.15 S1  FR_SAFE_1   seed  6  goal      clr  0.39  t  20.7  inf  21  N 26.0  mpc   7.3 ms  err 0.36
[207/450] latency=0.15 S1  FR_SAFE_1   seed  7  goal      clr  0.78  t  15.1  inf  16  N 25.9  mpc   6.9 ms  err 0.30
[208/450] latency=0.15 S1  FR_SAFE_1   seed  8  goal      clr  0.54  t  27.0  inf  28  N 24.1  mpc   6.5 ms  err 0.34
[209/450] latency=0.15 S1  FR_SAFE_1   seed  9  goal      clr  0.64  t  16.2  inf  17  N 25.2  mpc   6.4 ms  err 0.33
[210/450] latency=0.15 S1  FR_SAFE_1   seed 10  goal      clr  0.23  t  28.7  inf  29  N 25.2  mpc   7.0 ms  err 0.38
[211/450] latency=0.15 S1  FR_SAFE_1   seed 11  goal      clr  0.63  t  24.6  inf  25  N 24.5  mpc   6.4 ms  err 0.40
[212/450] latency=0.15 S1  FR_SAFE_1   seed 12  goal      clr  0.64  t  17.7  inf  18  N 26.7  mpc   7.0 ms  err 0.38
[213/450] latency=0.15 S1  FR_SAFE_1   seed 13  goal      clr  0.52  t  28.8  inf  29  N 23.1  mpc   6.1 ms  err 0.32
[214/450] latency=0.15 S1  FR_SAFE_1   seed 14  timeout   clr  0.73  t  40.0  inf  40  N 20.4  mpc   5.9 ms  err 0.64
[215/450] latency=0.15 S1  FR_SAFE_1   seed 15  goal      clr  0.61  t  19.1  inf  20  N 25.8  mpc   7.4 ms  err 0.32
[216/450] latency=0.15 S1  FR_SAFE_1   seed 16  goal      clr  0.65  t  20.0  inf  20  N 26.4  mpc   7.0 ms  err 0.30
[217/450] latency=0.15 S1  FR_SAFE_1   seed 17  goal      clr  0.16  t  28.3  inf  29  N 24.2  mpc   6.5 ms  err 0.42
[218/450] latency=0.15 S1  FR_SAFE_1   seed 18  goal      clr  0.78  t  18.2  inf  19  N 26.7  mpc   7.1 ms  err 0.29
[219/450] latency=0.15 S1  FR_SAFE_1   seed 19  goal      clr  0.48  t  26.4  inf  27  N 25.2  mpc   6.7 ms  err 0.26
[220/450] latency=0.15 S1  FR_SAFE_1   seed 20  goal      clr  0.57  t  20.4  inf  21  N 23.5  mpc   6.2 ms  err 0.48
[221/450] latency=0.15 S1  FR_SAFE_1   seed 21  goal      clr  0.69  t  24.6  inf  25  N 24.8  mpc   6.4 ms  err 0.27
[222/450] latency=0.15 S1  FR_SAFE_1   seed 22  goal      clr  0.47  t  19.3  inf  20  N 26.2  mpc   6.9 ms  err 0.37
[223/450] latency=0.15 S1  FR_SAFE_1   seed 23  goal      clr  0.70  t  21.3  inf  22  N 24.9  mpc   6.5 ms  err 0.21
[224/450] latency=0.15 S1  FR_SAFE_1   seed 24  goal      clr  0.53  t  19.5  inf  20  N 24.8  mpc   6.7 ms  err 0.25
[225/450] latency=0.15 S1  FR_SAFE_1   seed 25  timeout   clr  0.72  t  40.0  inf  40  N 19.7  mpc   5.4 ms  err 0.31
[226/450] latency=0.15 S1  FR_SAFE_1   seed 26  goal      clr  0.38  t  32.1  inf  33  N 23.4  mpc   6.3 ms  err 0.40
[227/450] latency=0.15 S1  FR_SAFE_1   seed 27  goal      clr  0.41  t  20.6  inf  21  N 26.9  mpc   7.6 ms  err 0.41
[228/450] latency=0.15 S1  FR_SAFE_1   seed 28  goal      clr  0.89  t  16.8  inf  17  N 27.0  mpc   7.0 ms  err 0.32
[229/450] latency=0.15 S1  FR_SAFE_1   seed 29  goal      clr  0.57  t  20.9  inf  21  N 24.4  mpc   6.6 ms  err 0.31
[230/450] latency=0.15 S1  FR_SAFE_1   seed 30  goal      clr  0.68  t  22.9  inf  23  N 24.5  mpc   6.2 ms  err 0.28
[231/450] latency=0.15 S1  FR_SAFE_1   seed 31  collision clr -0.00  t  12.0  inf  12  N 28.1  mpc   8.4 ms  err 0.55
[232/450] latency=0.15 S1  FR_SAFE_1   seed 32  goal      clr  0.54  t  20.5  inf  21  N 26.3  mpc   6.9 ms  err 0.25
[233/450] latency=0.15 S1  FR_SAFE_1   seed 33  goal      clr  0.64  t  26.2  inf  27  N 23.3  mpc   6.1 ms  err 0.35
[234/450] latency=0.15 S1  FR_SAFE_1   seed 34  goal      clr  0.70  t  16.6  inf  17  N 25.9  mpc   6.9 ms  err 0.34
[235/450] latency=0.15 S1  FR_SAFE_1   seed 35  goal      clr  0.49  t  32.4  inf  33  N 23.8  mpc   6.3 ms  err 0.34
[236/450] latency=0.15 S1  FR_SAFE_1   seed 36  goal      clr  0.55  t  21.7  inf  22  N 26.1  mpc   7.2 ms  err 0.33
[237/450] latency=0.15 S1  FR_SAFE_1   seed 37  goal      clr  0.76  t  16.5  inf  17  N 26.2  mpc   6.7 ms  err 0.28
[238/450] latency=0.15 S1  FR_SAFE_1   seed 38  goal      clr  0.62  t  30.5  inf  31  N 22.7  mpc   6.0 ms  err 0.27
[239/450] latency=0.15 S1  FR_SAFE_1   seed 39  goal      clr  0.96  t  17.0  inf  17  N 26.0  mpc   6.5 ms  err 0.43
[240/450] latency=0.15 S1  FR_SAFE_1   seed 40  goal      clr  0.74  t  17.5  inf  18  N 26.1  mpc   7.0 ms  err 0.41
[241/450] latency=0.15 S1  FR_SAFE_1   seed 41  goal      clr  0.70  t  21.6  inf  22  N 25.2  mpc   6.5 ms  err 0.61
[242/450] latency=0.15 S1  FR_SAFE_1   seed 42  goal      clr  0.56  t  23.2  inf  24  N 24.3  mpc   6.3 ms  err 0.42
[243/450] latency=0.15 S1  FR_SAFE_1   seed 43  goal      clr  0.87  t  17.0  inf  17  N 26.7  mpc   7.2 ms  err 0.39
[244/450] latency=0.15 S1  FR_SAFE_1   seed 44  goal      clr  0.61  t  25.1  inf  26  N 23.8  mpc   6.4 ms  err 0.39
[245/450] latency=0.15 S1  FR_SAFE_1   seed 45  goal      clr  0.51  t  32.4  inf  33  N 23.4  mpc   6.3 ms  err 0.27
[246/450] latency=0.15 S1  FR_SAFE_1   seed 46  goal      clr  0.61  t  20.7  inf  21  N 25.2  mpc   6.8 ms  err 0.49
[247/450] latency=0.15 S1  FR_SAFE_1   seed 47  goal      clr  0.68  t  24.1  inf  25  N 24.9  mpc   6.5 ms  err 0.38
[248/450] latency=0.15 S1  FR_SAFE_1   seed 48  goal      clr  0.60  t  17.1  inf  18  N 25.8  mpc   6.9 ms  err 0.37
[249/450] latency=0.15 S1  FR_SAFE_1   seed 49  collision clr -0.01  t  14.9  inf  15  N 26.5  mpc   7.5 ms  err 0.59
[250/450] latency=0.15 S1  FR_SAFE_1   seed 50  goal      clr  0.57  t  17.7  inf  18  N 26.5  mpc   7.1 ms  err 0.35
[251/450] latency=0.15 S1  FR_SAFE_2   seed  1  goal      clr  0.24  t  19.6  inf  40  N 25.1  mpc   6.5 ms  err 0.39
[252/450] latency=0.15 S1  FR_SAFE_2   seed  2  goal      clr  0.54  t  15.4  inf  31  N 25.8  mpc   6.4 ms  err 0.25
[253/450] latency=0.15 S1  FR_SAFE_2   seed  3  goal      clr  0.53  t  19.1  inf  39  N 26.3  mpc   7.1 ms  err 0.28
[254/450] latency=0.15 S1  FR_SAFE_2   seed  4  goal      clr  0.63  t  15.9  inf  32  N 26.1  mpc   6.3 ms  err 0.17
[255/450] latency=0.15 S1  FR_SAFE_2   seed  5  goal      clr  0.59  t  15.3  inf  31  N 25.9  mpc   6.2 ms  err 0.40
[256/450] latency=0.15 S1  FR_SAFE_2   seed  6  goal      clr  0.73  t  14.3  inf  29  N 25.5  mpc   5.9 ms  err 0.25
[257/450] latency=0.15 S1  FR_SAFE_2   seed  7  goal      clr  0.55  t  14.3  inf  29  N 25.6  mpc   6.3 ms  err 0.30
[258/450] latency=0.15 S1  FR_SAFE_2   seed  8  goal      clr  0.57  t  15.7  inf  32  N 26.1  mpc   6.3 ms  err 0.27
[259/450] latency=0.15 S1  FR_SAFE_2   seed  9  goal      clr  0.56  t  15.7  inf  32  N 25.7  mpc   6.2 ms  err 0.29
[260/450] latency=0.15 S1  FR_SAFE_2   seed 10  goal      clr  0.56  t  16.6  inf  34  N 25.6  mpc   6.3 ms  err 0.17
[261/450] latency=0.15 S1  FR_SAFE_2   seed 11  goal      clr  0.76  t  14.9  inf  30  N 25.7  mpc   6.0 ms  err 0.18
[262/450] latency=0.15 S1  FR_SAFE_2   seed 12  goal      clr  0.54  t  15.8  inf  32  N 26.0  mpc   6.3 ms  err 0.21
[263/450] latency=0.15 S1  FR_SAFE_2   seed 13  goal      clr  0.67  t  14.4  inf  29  N 26.0  mpc   6.0 ms  err 0.19
[264/450] latency=0.15 S1  FR_SAFE_2   seed 14  goal      clr  0.55  t  16.1  inf  33  N 25.6  mpc   6.5 ms  err 0.28
[265/450] latency=0.15 S1  FR_SAFE_2   seed 15  goal      clr  0.40  t  16.9  inf  34  N 25.8  mpc   6.6 ms  err 0.29
[266/450] latency=0.15 S1  FR_SAFE_2   seed 16  goal      clr  0.73  t  16.3  inf  33  N 25.2  mpc   6.1 ms  err 0.22
[267/450] latency=0.15 S1  FR_SAFE_2   seed 17  goal      clr  0.72  t  14.6  inf  30  N 25.3  mpc   6.0 ms  err 0.18
[268/450] latency=0.15 S1  FR_SAFE_2   seed 18  goal      clr  0.48  t  15.5  inf  32  N 26.2  mpc   6.5 ms  err 0.32
[269/450] latency=0.15 S1  FR_SAFE_2   seed 19  goal      clr  0.50  t  16.1  inf  33  N 26.5  mpc   6.8 ms  err 0.20
[270/450] latency=0.15 S1  FR_SAFE_2   seed 20  goal      clr  0.81  t  14.5  inf  30  N 25.5  mpc   5.8 ms  err 0.33
[271/450] latency=0.15 S1  FR_SAFE_2   seed 21  goal      clr  0.73  t  15.6  inf  32  N 25.8  mpc   6.3 ms  err 0.23
[272/450] latency=0.15 S1  FR_SAFE_2   seed 22  goal      clr  0.55  t  15.0  inf  30  N 26.0  mpc   6.2 ms  err 0.33
[273/450] latency=0.15 S1  FR_SAFE_2   seed 23  goal      clr  0.67  t  15.4  inf  31  N 25.3  mpc   6.0 ms  err 0.24
[274/450] latency=0.15 S1  FR_SAFE_2   seed 24  goal      clr  0.56  t  20.0  inf  41  N 24.3  mpc   5.9 ms  err 0.14
[275/450] latency=0.15 S1  FR_SAFE_2   seed 25  goal      clr  0.64  t  15.4  inf  31  N 25.9  mpc   6.7 ms  err 0.23
[276/450] latency=0.15 S1  FR_SAFE_2   seed 26  goal      clr  0.60  t  15.1  inf  31  N 25.6  mpc   6.4 ms  err 0.20
[277/450] latency=0.15 S1  FR_SAFE_2   seed 27  goal      clr  0.57  t  14.3  inf  29  N 26.1  mpc   6.2 ms  err 0.16
[278/450] latency=0.15 S1  FR_SAFE_2   seed 28  goal      clr  0.58  t  17.1  inf  35  N 26.1  mpc   6.4 ms  err 0.29
[279/450] latency=0.15 S1  FR_SAFE_2   seed 29  goal      clr  0.61  t  19.6  inf  40  N 23.5  mpc   5.8 ms  err 0.22
[280/450] latency=0.15 S1  FR_SAFE_2   seed 30  goal      clr  0.61  t  15.8  inf  32  N 25.6  mpc   6.6 ms  err 0.25
[281/450] latency=0.15 S1  FR_SAFE_2   seed 31  goal      clr  0.59  t  15.5  inf  31  N 25.7  mpc   6.3 ms  err 0.18
[282/450] latency=0.15 S1  FR_SAFE_2   seed 32  goal      clr  0.67  t  15.1  inf  31  N 26.0  mpc   6.3 ms  err 0.31
[283/450] latency=0.15 S1  FR_SAFE_2   seed 33  goal      clr  0.72  t  15.5  inf  32  N 25.7  mpc   6.3 ms  err 0.14
[284/450] latency=0.15 S1  FR_SAFE_2   seed 34  goal      clr  0.59  t  15.8  inf  32  N 25.5  mpc   6.4 ms  err 0.26
[285/450] latency=0.15 S1  FR_SAFE_2   seed 35  goal      clr  0.63  t  14.8  inf  30  N 26.1  mpc   6.1 ms  err 0.33
[286/450] latency=0.15 S1  FR_SAFE_2   seed 36  goal      clr  0.71  t  18.2  inf  37  N 23.6  mpc   5.6 ms  err 0.26
[287/450] latency=0.15 S1  FR_SAFE_2   seed 37  goal      clr  0.61  t  17.2  inf  35  N 26.5  mpc   6.6 ms  err 0.25
[288/450] latency=0.15 S1  FR_SAFE_2   seed 38  goal      clr  0.56  t  22.5  inf  45  N 25.5  mpc   6.8 ms  err 0.24
[289/450] latency=0.15 S1  FR_SAFE_2   seed 39  goal      clr  0.52  t  16.5  inf  33  N 25.9  mpc   6.5 ms  err 0.19
[290/450] latency=0.15 S1  FR_SAFE_2   seed 40  goal      clr  0.56  t  16.9  inf  34  N 25.6  mpc   6.5 ms  err 0.35
[291/450] latency=0.15 S1  FR_SAFE_2   seed 41  goal      clr  0.66  t  16.5  inf  34  N 25.8  mpc   6.4 ms  err 0.17
[292/450] latency=0.15 S1  FR_SAFE_2   seed 42  goal      clr  0.67  t  16.8  inf  34  N 24.7  mpc   5.9 ms  err 0.21
[293/450] latency=0.15 S1  FR_SAFE_2   seed 43  goal      clr  0.54  t  15.8  inf  32  N 26.1  mpc   6.5 ms  err 0.27
[294/450] latency=0.15 S1  FR_SAFE_2   seed 44  goal      clr  0.63  t  14.9  inf  30  N 25.6  mpc   6.1 ms  err 0.28
[295/450] latency=0.15 S1  FR_SAFE_2   seed 45  goal      clr  0.53  t  17.2  inf  35  N 25.7  mpc   6.5 ms  err 0.27
[296/450] latency=0.15 S1  FR_SAFE_2   seed 46  goal      clr  0.61  t  15.1  inf  31  N 26.2  mpc   6.3 ms  err 0.24
[297/450] latency=0.15 S1  FR_SAFE_2   seed 47  goal      clr  0.70  t  15.5  inf  32  N 25.6  mpc   6.2 ms  err 0.31
[298/450] latency=0.15 S1  FR_SAFE_2   seed 48  goal      clr  0.60  t  21.7  inf  44  N 25.0  mpc   6.4 ms  err 0.21
[299/450] latency=0.15 S1  FR_SAFE_2   seed 49  goal      clr  0.74  t  14.1  inf  29  N 25.6  mpc   5.8 ms  err 0.19
[300/450] latency=0.15 S1  FR_SAFE_2   seed 50  goal      clr  0.43  t  18.9  inf  38  N 24.0  mpc   5.9 ms  err 0.46
[301/450] latency=0.15 S1  FR_SAFE_3   seed  1  goal      clr  0.55  t  14.8  inf  44  N 25.9  mpc   6.3 ms  err 0.17
[302/450] latency=0.15 S1  FR_SAFE_3   seed  2  goal      clr  0.45  t  15.4  inf  46  N 25.1  mpc   6.2 ms  err 0.27
[303/450] latency=0.15 S1  FR_SAFE_3   seed  3  goal      clr  0.56  t  19.8  inf  59  N 26.2  mpc   7.3 ms  err 0.25
[304/450] latency=0.15 S1  FR_SAFE_3   seed  4  goal      clr  0.60  t  15.0  inf  45  N 25.8  mpc   6.4 ms  err 0.16
[305/450] latency=0.15 S1  FR_SAFE_3   seed  5  goal      clr  0.72  t  15.0  inf  45  N 25.3  mpc   6.1 ms  err 0.24
[306/450] latency=0.15 S1  FR_SAFE_3   seed  6  goal      clr  0.71  t  14.4  inf  43  N 25.2  mpc   5.9 ms  err 0.14
[307/450] latency=0.15 S1  FR_SAFE_3   seed  7  goal      clr  0.57  t  14.8  inf  44  N 25.3  mpc   6.1 ms  err 0.24
[308/450] latency=0.15 S1  FR_SAFE_3   seed  8  goal      clr  0.54  t  15.1  inf  45  N 26.1  mpc   6.4 ms  err 0.27
[309/450] latency=0.15 S1  FR_SAFE_3   seed  9  goal      clr  0.40  t  15.6  inf  46  N 24.8  mpc   6.2 ms  err 0.35
[310/450] latency=0.15 S1  FR_SAFE_3   seed 10  goal      clr  0.59  t  15.1  inf  45  N 25.3  mpc   6.2 ms  err 0.17
[311/450] latency=0.15 S1  FR_SAFE_3   seed 11  goal      clr  0.63  t  14.4  inf  43  N 25.7  mpc   6.1 ms  err 0.20
[312/450] latency=0.15 S1  FR_SAFE_3   seed 12  goal      clr  0.49  t  15.4  inf  46  N 26.0  mpc   6.5 ms  err 0.23
[313/450] latency=0.15 S1  FR_SAFE_3   seed 13  goal      clr  0.69  t  14.2  inf  42  N 26.1  mpc   6.3 ms  err 0.19
[314/450] latency=0.15 S1  FR_SAFE_3   seed 14  goal      clr  0.57  t  14.6  inf  43  N 26.0  mpc   6.3 ms  err 0.14
[315/450] latency=0.15 S1  FR_SAFE_3   seed 15  goal      clr  0.48  t  16.7  inf  50  N 25.3  mpc   6.5 ms  err 0.21
[316/450] latency=0.15 S1  FR_SAFE_3   seed 16  goal      clr  0.62  t  14.8  inf  44  N 25.3  mpc   6.0 ms  err 0.16
[317/450] latency=0.15 S1  FR_SAFE_3   seed 17  goal      clr  0.69  t  14.1  inf  42  N 25.2  mpc   6.0 ms  err 0.19
[318/450] latency=0.15 S1  FR_SAFE_3   seed 18  goal      clr  0.69  t  14.4  inf  43  N 25.8  mpc   6.1 ms  err 0.16
[319/450] latency=0.15 S1  FR_SAFE_3   seed 19  goal      clr  0.59  t  17.1  inf  51  N 25.6  mpc   6.5 ms  err 0.25
[320/450] latency=0.15 S1  FR_SAFE_3   seed 20  goal      clr  0.56  t  15.6  inf  46  N 25.3  mpc   6.1 ms  err 0.27
[321/450] latency=0.15 S1  FR_SAFE_3   seed 21  goal      clr  0.75  t  14.8  inf  44  N 26.0  mpc   6.2 ms  err 0.17
[322/450] latency=0.15 S1  FR_SAFE_3   seed 22  goal      clr  0.54  t  14.0  inf  42  N 25.6  mpc   6.0 ms  err 0.24
[323/450] latency=0.15 S1  FR_SAFE_3   seed 23  goal      clr  0.62  t  15.3  inf  46  N 25.1  mpc   6.0 ms  err 0.28
[324/450] latency=0.15 S1  FR_SAFE_3   seed 24  goal      clr  0.61  t  14.2  inf  42  N 25.4  mpc   5.9 ms  err 0.21
[325/450] latency=0.15 S1  FR_SAFE_3   seed 25  goal      clr  0.58  t  15.2  inf  45  N 25.8  mpc   6.3 ms  err 0.14
[326/450] latency=0.15 S1  FR_SAFE_3   seed 26  goal      clr  0.51  t  15.2  inf  45  N 25.5  mpc   6.4 ms  err 0.20
[327/450] latency=0.15 S1  FR_SAFE_3   seed 27  goal      clr  0.62  t  14.5  inf  43  N 25.8  mpc   6.1 ms  err 0.11
[328/450] latency=0.15 S1  FR_SAFE_3   seed 28  goal      clr  0.59  t  14.1  inf  42  N 26.0  mpc   6.1 ms  err 0.31
[329/450] latency=0.15 S1  FR_SAFE_3   seed 29  timeout   clr  0.64  t  40.0  inf 118  N 18.2  mpc   4.6 ms  err 0.45
[330/450] latency=0.15 S1  FR_SAFE_3   seed 30  goal      clr  0.63  t  14.7  inf  44  N 25.5  mpc   6.2 ms  err 0.34
[331/450] latency=0.15 S1  FR_SAFE_3   seed 31  goal      clr  0.58  t  15.4  inf  46  N 25.6  mpc   6.3 ms  err 0.11
[332/450] latency=0.15 S1  FR_SAFE_3   seed 32  goal      clr  0.62  t  17.3  inf  51  N 25.3  mpc   6.5 ms  err 0.44
[333/450] latency=0.15 S1  FR_SAFE_3   seed 33  goal      clr  0.77  t  14.1  inf  42  N 25.2  mpc   5.9 ms  err 0.09
[334/450] latency=0.15 S1  FR_SAFE_3   seed 34  goal      clr  0.51  t  16.0  inf  48  N 25.4  mpc   6.2 ms  err 0.16
[335/450] latency=0.15 S1  FR_SAFE_3   seed 35  goal      clr  0.59  t  15.0  inf  45  N 25.8  mpc   6.2 ms  err 0.33
[336/450] latency=0.15 S1  FR_SAFE_3   seed 36  goal      clr  0.60  t  14.9  inf  44  N 25.7  mpc   6.3 ms  err 0.17
[337/450] latency=0.15 S1  FR_SAFE_3   seed 37  goal      clr  0.64  t  19.6  inf  58  N 23.8  mpc   6.1 ms  err 0.31
[338/450] latency=0.15 S1  FR_SAFE_3   seed 38  goal      clr  0.58  t  15.7  inf  47  N 26.0  mpc   6.5 ms  err 0.17
[339/450] latency=0.15 S1  FR_SAFE_3   seed 39  goal      clr  0.57  t  15.5  inf  46  N 26.1  mpc   6.5 ms  err 0.16
[340/450] latency=0.15 S1  FR_SAFE_3   seed 40  goal      clr  0.59  t  14.8  inf  44  N 25.7  mpc   6.1 ms  err 0.25
[341/450] latency=0.15 S1  FR_SAFE_3   seed 41  goal      clr  0.68  t  17.5  inf  52  N 25.1  mpc   6.1 ms  err 0.21
[342/450] latency=0.15 S1  FR_SAFE_3   seed 42  goal      clr  0.70  t  15.2  inf  45  N 25.9  mpc   6.2 ms  err 0.20
[343/450] latency=0.15 S1  FR_SAFE_3   seed 43  goal      clr  0.37  t  15.4  inf  46  N 25.6  mpc   6.2 ms  err 0.25
[344/450] latency=0.15 S1  FR_SAFE_3   seed 44  goal      clr  0.67  t  14.2  inf  42  N 25.3  mpc   6.0 ms  err 0.17
[345/450] latency=0.15 S1  FR_SAFE_3   seed 45  goal      clr  0.45  t  15.9  inf  47  N 25.2  mpc   6.3 ms  err 0.24
[346/450] latency=0.15 S1  FR_SAFE_3   seed 46  goal      clr  0.64  t  14.3  inf  43  N 26.3  mpc   6.2 ms  err 0.24
[347/450] latency=0.15 S1  FR_SAFE_3   seed 47  goal      clr  0.60  t  15.0  inf  45  N 24.9  mpc   6.2 ms  err 0.29
[348/450] latency=0.15 S1  FR_SAFE_3   seed 48  goal      clr  0.28  t  19.4  inf  58  N 26.3  mpc   7.0 ms  err 0.36
[349/450] latency=0.15 S1  FR_SAFE_3   seed 49  goal      clr  0.58  t  15.9  inf  47  N 24.8  mpc   5.9 ms  err 0.23
[350/450] latency=0.15 S1  FR_SAFE_3   seed 50  goal      clr  0.51  t  15.0  inf  45  N 26.1  mpc   6.4 ms  err 0.14
[351/450] latency=0.15 S1  FR_SAFE_5   seed  1  goal      clr  0.62  t  14.5  inf  71  N 25.7  mpc   6.3 ms  err 0.16
[352/450] latency=0.15 S1  FR_SAFE_5   seed  2  goal      clr  0.52  t  14.5  inf  71  N 25.5  mpc   6.5 ms  err 0.21
[353/450] latency=0.15 S1  FR_SAFE_5   seed  3  goal      clr  0.56  t  18.7  inf  91  N 24.4  mpc   6.4 ms  err 0.15
[354/450] latency=0.15 S1  FR_SAFE_5   seed  4  goal      clr  0.59  t  14.8  inf  73  N 25.7  mpc   6.3 ms  err 0.21
[355/450] latency=0.15 S1  FR_SAFE_5   seed  5  goal      clr  0.52  t  14.8  inf  71  N 25.5  mpc   6.5 ms  err 0.39
[356/450] latency=0.15 S1  FR_SAFE_5   seed  6  goal      clr  0.63  t  14.0  inf  69  N 25.0  mpc   6.0 ms  err 0.16
[357/450] latency=0.15 S1  FR_SAFE_5   seed  7  goal      clr  0.69  t  13.8  inf  67  N 25.2  mpc   6.1 ms  err 0.22
[358/450] latency=0.15 S1  FR_SAFE_5   seed  8  goal      clr  0.57  t  14.3  inf  71  N 25.6  mpc   6.2 ms  err 0.22
[359/450] latency=0.15 S1  FR_SAFE_5   seed  9  goal      clr  0.41  t  15.8  inf  77  N 24.8  mpc   6.1 ms  err 0.25
[360/450] latency=0.15 S1  FR_SAFE_5   seed 10  goal      clr  0.54  t  14.4  inf  71  N 25.5  mpc   6.4 ms  err 0.32
[361/450] latency=0.15 S1  FR_SAFE_5   seed 11  goal      clr  0.63  t  14.2  inf  68  N 25.6  mpc   6.0 ms  err 0.20
[362/450] latency=0.15 S1  FR_SAFE_5   seed 12  goal      clr  0.48  t  14.9  inf  73  N 26.0  mpc   6.4 ms  err 0.19
[363/450] latency=0.15 S1  FR_SAFE_5   seed 13  goal      clr  0.62  t  14.5  inf  72  N 25.3  mpc   6.2 ms  err 0.23
[364/450] latency=0.15 S1  FR_SAFE_5   seed 14  goal      clr  0.58  t  14.8  inf  72  N 25.8  mpc   6.5 ms  err 0.21
[365/450] latency=0.15 S1  FR_SAFE_5   seed 15  goal      clr  0.43  t  16.9  inf  82  N 25.6  mpc   6.9 ms  err 0.23
[366/450] latency=0.15 S1  FR_SAFE_5   seed 16  goal      clr  0.72  t  14.1  inf  70  N 25.1  mpc   6.0 ms  err 0.14
[367/450] latency=0.15 S1  FR_SAFE_5   seed 17  goal      clr  0.62  t  13.9  inf  69  N 24.8  mpc   5.9 ms  err 0.14
[368/450] latency=0.15 S1  FR_SAFE_5   seed 18  goal      clr  0.58  t  14.3  inf  70  N 25.7  mpc   6.2 ms  err 0.15
[369/450] latency=0.15 S1  FR_SAFE_5   seed 19  goal      clr  0.55  t  15.1  inf  75  N 26.2  mpc   6.7 ms  err 0.21
[370/450] latency=0.15 S1  FR_SAFE_5   seed 20  goal      clr  0.66  t  14.4  inf  70  N 25.2  mpc   5.9 ms  err 0.32
[371/450] latency=0.15 S1  FR_SAFE_5   seed 21  goal      clr  0.74  t  14.2  inf  69  N 25.1  mpc   6.2 ms  err 0.18
[372/450] latency=0.15 S1  FR_SAFE_5   seed 22  goal      clr  0.59  t  13.9  inf  69  N 25.5  mpc   6.5 ms  err 0.27
[373/450] latency=0.15 S1  FR_SAFE_5   seed 23  goal      clr  0.61  t  14.7  inf  72  N 24.8  mpc   6.4 ms  err 0.20
[374/450] latency=0.15 S1  FR_SAFE_5   seed 24  goal      clr  0.61  t  13.8  inf  68  N 25.2  mpc   6.2 ms  err 0.20
[375/450] latency=0.15 S1  FR_SAFE_5   seed 25  goal      clr  0.57  t  14.5  inf  71  N 25.5  mpc   6.6 ms  err 0.14
[376/450] latency=0.15 S1  FR_SAFE_5   seed 26  goal      clr  0.34  t  18.4  inf  90  N 24.9  mpc   6.7 ms  err 0.17
[377/450] latency=0.15 S1  FR_SAFE_5   seed 27  goal      clr  0.60  t  14.2  inf  69  N 25.7  mpc   6.5 ms  err 0.11
[378/450] latency=0.15 S1  FR_SAFE_5   seed 28  goal      clr  0.60  t  14.0  inf  69  N 25.6  mpc   6.5 ms  err 0.21
[379/450] latency=0.15 S1  FR_SAFE_5   seed 29  goal      clr  0.58  t  14.9  inf  74  N 25.7  mpc   6.9 ms  err 0.17
[380/450] latency=0.15 S1  FR_SAFE_5   seed 30  goal      clr  0.69  t  14.8  inf  72  N 25.2  mpc   6.6 ms  err 0.22
[381/450] latency=0.15 S1  FR_SAFE_5   seed 31  goal      clr  0.55  t  14.8  inf  73  N 25.3  mpc   6.7 ms  err 0.20
[382/450] latency=0.15 S1  FR_SAFE_5   seed 32  goal      clr  0.67  t  14.8  inf  73  N 25.9  mpc   6.8 ms  err 0.14
[383/450] latency=0.15 S1  FR_SAFE_5   seed 33  goal      clr  0.66  t  14.7  inf  72  N 25.2  mpc   6.6 ms  err 0.12
[384/450] latency=0.15 S1  FR_SAFE_5   seed 34  goal      clr  0.56  t  15.4  inf  75  N 25.4  mpc   6.8 ms  err 0.16
[385/450] latency=0.15 S1  FR_SAFE_5   seed 35  goal      clr  0.62  t  14.5  inf  72  N 25.8  mpc   6.6 ms  err 0.24
[386/450] latency=0.15 S1  FR_SAFE_5   seed 36  goal      clr  0.56  t  15.2  inf  75  N 25.6  mpc   6.8 ms  err 0.20
[387/450] latency=0.15 S1  FR_SAFE_5   seed 37  goal      clr  0.55  t  14.6  inf  73  N 25.3  mpc   6.5 ms  err 0.19
[388/450] latency=0.15 S1  FR_SAFE_5   seed 38  goal      clr  0.60  t  15.4  inf  75  N 25.8  mpc   6.8 ms  err 0.23
[389/450] latency=0.15 S1  FR_SAFE_5   seed 39  goal      clr  0.57  t  14.7  inf  71  N 25.9  mpc   7.0 ms  err 0.13
[390/450] latency=0.15 S1  FR_SAFE_5   seed 40  goal      clr  0.61  t  14.5  inf  71  N 26.0  mpc   6.8 ms  err 0.24
[391/450] latency=0.15 S1  FR_SAFE_5   seed 41  goal      clr  0.61  t  14.7  inf  73  N 26.0  mpc   6.8 ms  err 0.20
[392/450] latency=0.15 S1  FR_SAFE_5   seed 42  goal      clr  0.66  t  14.4  inf  71  N 25.6  mpc   6.6 ms  err 0.23
[393/450] latency=0.15 S1  FR_SAFE_5   seed 43  goal      clr  0.50  t  16.6  inf  81  N 24.2  mpc   6.3 ms  err 0.14
[394/450] latency=0.15 S1  FR_SAFE_5   seed 44  goal      clr  0.40  t  15.4  inf  74  N 24.9  mpc   6.5 ms  err 0.26
[395/450] latency=0.15 S1  FR_SAFE_5   seed 45  goal      clr  0.50  t  15.4  inf  76  N 25.2  mpc   6.7 ms  err 0.27
[396/450] latency=0.15 S1  FR_SAFE_5   seed 46  goal      clr  0.62  t  14.4  inf  70  N 25.9  mpc   6.7 ms  err 0.25
[397/450] latency=0.15 S1  FR_SAFE_5   seed 47  goal      clr  0.58  t  14.8  inf  73  N 25.0  mpc   6.4 ms  err 0.18
[398/450] latency=0.15 S1  FR_SAFE_5   seed 48  goal      clr  0.42  t  15.6  inf  77  N 25.9  mpc   7.1 ms  err 0.32
[399/450] latency=0.15 S1  FR_SAFE_5   seed 49  goal      clr  0.59  t  14.0  inf  70  N 25.5  mpc   6.5 ms  err 0.17
[400/450] latency=0.15 S1  FR_SAFE_5   seed 50  goal      clr  0.55  t  15.1  inf  75  N 25.6  mpc   6.8 ms  err 0.24
[401/450] latency=0.15 S1  FR_SAFE_10  seed  1  goal      clr  0.46  t  14.6  inf  87  N 25.7  mpc   6.9 ms  err 0.17
[402/450] latency=0.15 S1  FR_SAFE_10  seed  2  goal      clr  0.44  t  14.9  inf  89  N 25.0  mpc   6.8 ms  err 0.31
[403/450] latency=0.15 S1  FR_SAFE_10  seed  3  goal      clr  0.56  t  15.1  inf  91  N 25.7  mpc   7.0 ms  err 0.19
[404/450] latency=0.15 S1  FR_SAFE_10  seed  4  goal      clr  0.61  t  14.5  inf  89  N 25.3  mpc   6.6 ms  err 0.16
[405/450] latency=0.15 S1  FR_SAFE_10  seed  5  goal      clr  0.53  t  15.6  inf  85  N 25.2  mpc   6.8 ms  err 0.30
[406/450] latency=0.15 S1  FR_SAFE_10  seed  6  goal      clr  0.66  t  14.0  inf  81  N 25.2  mpc   6.3 ms  err 0.13
[407/450] latency=0.15 S1  FR_SAFE_10  seed  7  goal      clr  0.62  t  13.8  inf  79  N 25.3  mpc   6.4 ms  err 0.21
[408/450] latency=0.15 S1  FR_SAFE_10  seed  8  goal      clr  0.56  t  14.5  inf  87  N 25.6  mpc   6.7 ms  err 0.19
[409/450] latency=0.15 S1  FR_SAFE_10  seed  9  goal      clr  0.59  t  14.2  inf  85  N 25.2  mpc   6.4 ms  err 0.29
[410/450] latency=0.15 S1  FR_SAFE_10  seed 10  goal      clr  0.45  t  15.0  inf  88  N 25.1  mpc   6.8 ms  err 0.16
[411/450] latency=0.15 S1  FR_SAFE_10  seed 11  goal      clr  0.66  t  14.1  inf  81  N 25.4  mpc   6.4 ms  err 0.23
[412/450] latency=0.15 S1  FR_SAFE_10  seed 12  goal      clr  0.56  t  14.8  inf  85  N 25.8  mpc   6.7 ms  err 0.15
[413/450] latency=0.15 S1  FR_SAFE_10  seed 13  goal      clr  0.63  t  14.1  inf  85  N 25.9  mpc   6.6 ms  err 0.18
[414/450] latency=0.15 S1  FR_SAFE_10  seed 14  goal      clr  0.46  t  16.8  inf 101  N 25.2  mpc   6.9 ms  err 0.14
[415/450] latency=0.15 S1  FR_SAFE_10  seed 15  goal      clr  0.56  t  16.8  inf 100  N 25.8  mpc   7.3 ms  err 0.21
[416/450] latency=0.15 S1  FR_SAFE_10  seed 16  goal      clr  0.71  t  14.0  inf  84  N 25.0  mpc   6.4 ms  err 0.24
[417/450] latency=0.15 S1  FR_SAFE_10  seed 17  goal      clr  0.56  t  15.2  inf  94  N 25.0  mpc   6.7 ms  err 0.16
[418/450] latency=0.15 S1  FR_SAFE_10  seed 18  goal      clr  0.64  t  14.3  inf  88  N 25.7  mpc   6.6 ms  err 0.19
[419/450] latency=0.15 S1  FR_SAFE_10  seed 19  goal      clr  0.55  t  15.7  inf  97  N 26.0  mpc   7.1 ms  err 0.16
[420/450] latency=0.15 S1  FR_SAFE_10  seed 20  goal      clr  0.65  t  14.3  inf  86  N 25.0  mpc   6.3 ms  err 0.34
[421/450] latency=0.15 S1  FR_SAFE_10  seed 21  goal      clr  0.73  t  14.0  inf  80  N 25.1  mpc   6.4 ms  err 0.21
[422/450] latency=0.15 S1  FR_SAFE_10  seed 22  goal      clr  0.63  t  13.9  inf  85  N 25.1  mpc   6.4 ms  err 0.25
[423/450] latency=0.15 S1  FR_SAFE_10  seed 23  goal      clr  0.46  t  14.9  inf  88  N 25.1  mpc   6.6 ms  err 0.24
[424/450] latency=0.15 S1  FR_SAFE_10  seed 24  goal      clr  0.55  t  13.9  inf  80  N 25.3  mpc   6.3 ms  err 0.20
[425/450] latency=0.15 S1  FR_SAFE_10  seed 25  goal      clr  0.55  t  14.5  inf  86  N 25.4  mpc   6.6 ms  err 0.16
[426/450] latency=0.15 S1  FR_SAFE_10  seed 26  goal      clr  0.53  t  14.4  inf  88  N 25.1  mpc   6.6 ms  err 0.22
[427/450] latency=0.15 S1  FR_SAFE_10  seed 27  goal      clr  0.58  t  14.3  inf  85  N 25.5  mpc   6.5 ms  err 0.07
[428/450] latency=0.15 S1  FR_SAFE_10  seed 28  goal      clr  0.64  t  14.1  inf  82  N 25.6  mpc   6.5 ms  err 0.27
[429/450] latency=0.15 S1  FR_SAFE_10  seed 29  goal      clr  0.57  t  15.4  inf  93  N 26.1  mpc   7.1 ms  err 0.25
[430/450] latency=0.15 S1  FR_SAFE_10  seed 30  goal      clr  0.72  t  14.6  inf  83  N 25.2  mpc   6.6 ms  err 0.26
[431/450] latency=0.15 S1  FR_SAFE_10  seed 31  goal      clr  0.55  t  14.8  inf  89  N 25.5  mpc   6.6 ms  err 0.13
[432/450] latency=0.15 S1  FR_SAFE_10  seed 32  goal      clr  0.68  t  14.9  inf  86  N 25.7  mpc   6.6 ms  err 0.13
[433/450] latency=0.15 S1  FR_SAFE_10  seed 33  goal      clr  0.45  t  15.0  inf  91  N 25.4  mpc   6.7 ms  err 0.16
[434/450] latency=0.15 S1  FR_SAFE_10  seed 34  goal      clr  0.56  t  15.3  inf  92  N 25.3  mpc   6.6 ms  err 0.16
[435/450] latency=0.15 S1  FR_SAFE_10  seed 35  goal      clr  0.62  t  14.8  inf  91  N 25.8  mpc   6.7 ms  err 0.19
[436/450] latency=0.15 S1  FR_SAFE_10  seed 36  goal      clr  0.64  t  14.9  inf  90  N 25.6  mpc   6.7 ms  err 0.18
[437/450] latency=0.15 S1  FR_SAFE_10  seed 37  goal      clr  0.51  t  14.5  inf  87  N 25.2  mpc   6.5 ms  err 0.20
[438/450] latency=0.15 S1  FR_SAFE_10  seed 38  goal      clr  0.55  t  15.4  inf  90  N 26.1  mpc   6.9 ms  err 0.15
[439/450] latency=0.15 S1  FR_SAFE_10  seed 39  goal      clr  0.58  t  14.6  inf  85  N 25.8  mpc   6.8 ms  err 0.12
[440/450] latency=0.15 S1  FR_SAFE_10  seed 40  goal      clr  0.61  t  14.4  inf  87  N 25.5  mpc   6.4 ms  err 0.20
[441/450] latency=0.15 S1  FR_SAFE_10  seed 41  goal      clr  0.63  t  15.1  inf  90  N 25.5  mpc   6.9 ms  err 0.13
[442/450] latency=0.15 S1  FR_SAFE_10  seed 42  goal      clr  0.69  t  14.4  inf  84  N 25.5  mpc   6.6 ms  err 0.20
[443/450] latency=0.15 S1  FR_SAFE_10  seed 43  goal      clr  0.26  t  15.4  inf  92  N 25.7  mpc   6.8 ms  err 0.29
[444/450] latency=0.15 S1  FR_SAFE_10  seed 44  goal      clr  0.62  t  14.3  inf  84  N 24.9  mpc   6.3 ms  err 0.20
[445/450] latency=0.15 S1  FR_SAFE_10  seed 45  goal      clr  0.52  t  16.8  inf 102  N 24.6  mpc   6.1 ms  err 0.20
[446/450] latency=0.15 S1  FR_SAFE_10  seed 46  goal      clr  0.65  t  14.1  inf  84  N 25.8  mpc   6.1 ms  err 0.21
[447/450] latency=0.15 S1  FR_SAFE_10  seed 47  goal      clr  0.60  t  14.7  inf  86  N 25.0  mpc   6.1 ms  err 0.21
[448/450] latency=0.15 S1  FR_SAFE_10  seed 48  goal      clr  0.56  t  15.1  inf  93  N 25.4  mpc   6.1 ms  err 0.19
[449/450] latency=0.15 S1  FR_SAFE_10  seed 49  goal      clr  0.58  t  14.0  inf  88  N 25.3  mpc   5.9 ms  err 0.16
[450/450] latency=0.15 S1  FR_SAFE_10  seed 50  goal      clr  0.53  t  14.8  inf  91  N 25.4  mpc   6.3 ms  err 0.23
