[  1/450] latency=0.2 S2  E_DART      seed  1  goal      clr  0.61  t  17.6  inf  46  N 23.1  mpc   7.3 ms  err 0.73
[  2/450] latency=0.2 S2  E_DART      seed  2  goal      clr  1.11  t  14.0  inf  45  N 24.6  mpc   7.0 ms  err 0.44
[  3/450] latency=0.2 S2  E_DART      seed  3  goal      clr  0.59  t  14.7  inf  53  N 25.5  mpc   6.5 ms  err 0.18
[  4/450] latency=0.2 S2  E_DART      seed  4  goal      clr  0.65  t  14.5  inf  50  N 25.6  mpc   7.0 ms  err 0.66
[  5/450] latency=0.2 S2  E_DART      seed  5  goal      clr  0.67  t  14.6  inf  46  N 25.1  mpc   6.5 ms  err 0.46
[  6/450] latency=0.2 S2  E_DART      seed  6  goal      clr  0.77  t  15.0  inf  42  N 24.4  mpc   5.8 ms  err 0.52
[  7/450] latency=0.2 S2  E_DART      seed  7  goal      clr  0.74  t  16.8  inf  55  N 23.7  mpc   6.0 ms  err 0.27
[  8/450] latency=0.2 S2  E_DART      seed  8  goal      clr  0.63  t  14.6  inf  51  N 25.3  mpc   6.4 ms  err 0.39
[  9/450] latency=0.2 S2  E_DART      seed  9  goal      clr  0.61  t  16.3  inf  59  N 25.5  mpc   6.4 ms  err 0.48
[ 10/450] latency=0.2 S2  E_DART      seed 10  goal      clr  0.62  t  22.5  inf  62  N 22.9  mpc   6.0 ms  err 0.27
[ 11/450] latency=0.2 S2  E_DART      seed 11  goal      clr  0.49  t  17.3  inf  56  N 24.4  mpc   6.0 ms  err 0.33
[ 12/450] latency=0.2 S2  E_DART      seed 12  goal      clr  0.60  t  16.9  inf  57  N 24.5  mpc   6.3 ms  err 0.56
[ 13/450] latency=0.2 S2  E_DART      seed 13  goal      clr  0.52  t  17.5  inf  57  N 24.3  mpc   6.3 ms  err 0.24
[ 14/450] latency=0.2 S2  E_DART      seed 14  goal      clr  0.57  t  17.1  inf  51  N 23.9  mpc   6.2 ms  err 0.50
[ 15/450] latency=0.2 S2  E_DART      seed 15  goal      clr  0.84  t  13.7  inf  46  N 25.3  mpc   6.4 ms  err 0.43
[ 16/450] latency=0.2 S2  E_DART      seed 16  goal      clr  0.72  t  15.1  inf  52  N 25.8  mpc   6.4 ms  err 0.37
[ 17/450] latency=0.2 S2  E_DART      seed 17  goal      clr  0.78  t  15.0  inf  53  N 25.3  mpc   6.4 ms  err 0.28
[ 18/450] latency=0.2 S2  E_DART      seed 18  goal      clr  0.92  t  19.0  inf  59  N 23.7  mpc   6.3 ms  err 0.69
[ 19/450] latency=0.2 S2  E_DART      seed 19  goal      clr  0.60  t  20.3  inf  56  N 22.8  mpc   5.7 ms  err 0.66
[ 20/450] latency=0.2 S2  E_DART      seed 20  goal      clr  0.80  t  15.2  inf  44  N 24.5  mpc   6.5 ms  err 0.68
[ 21/450] latency=0.2 S2  E_DART      seed 21  goal      clr  0.86  t  13.8  inf  47  N 24.7  mpc   6.0 ms  err 0.31
[ 22/450] latency=0.2 S2  E_DART      seed 22  goal      clr  0.56  t  16.0  inf  50  N 23.7  mpc   6.0 ms  err 0.38
[ 23/450] latency=0.2 S2  E_DART      seed 23  goal      clr  0.43  t  16.8  inf  59  N 25.7  mpc   7.2 ms  err 0.29
[ 24/450] latency=0.2 S2  E_DART      seed 24  goal      clr  0.88  t  15.3  inf  56  N 26.3  mpc   6.8 ms  err 0.32
[ 25/450] latency=0.2 S2  E_DART      seed 25  goal      clr  0.52  t  17.2  inf  56  N 25.6  mpc   6.9 ms  err 0.58
[ 26/450] latency=0.2 S2  E_DART      seed 26  goal      clr  0.64  t  15.7  inf  51  N 24.6  mpc   6.0 ms  err 0.73
[ 27/450] latency=0.2 S2  E_DART      seed 27  goal      clr  0.65  t  15.8  inf  50  N 25.1  mpc   6.4 ms  err 0.21
[ 28/450] latency=0.2 S2  E_DART      seed 28  goal      clr  0.67  t  14.4  inf  55  N 26.3  mpc   6.4 ms  err 0.32
[ 29/450] latency=0.2 S2  E_DART      seed 29  goal      clr  1.01  t  13.4  inf  39  N 23.7  mpc   5.6 ms  err 0.37
[ 30/450] latency=0.2 S2  E_DART      seed 30  goal      clr  0.63  t  17.6  inf  55  N 24.7  mpc   6.1 ms  err 0.49
[ 31/450] latency=0.2 S2  E_DART      seed 31  goal      clr  0.68  t  15.6  inf  53  N 25.4  mpc   6.4 ms  err 0.34
[ 32/450] latency=0.2 S2  E_DART      seed 32  goal      clr  1.45  t  16.7  inf  42  N 23.9  mpc   5.9 ms  err 1.16
[ 33/450] latency=0.2 S2  E_DART      seed 33  goal      clr  0.85  t  13.7  inf  50  N 25.2  mpc   6.4 ms  err 0.79
[ 34/450] latency=0.2 S2  E_DART      seed 34  goal      clr  0.26  t  18.8  inf  58  N 23.8  mpc   6.3 ms  err 0.61
[ 35/450] latency=0.2 S2  E_DART      seed 35  goal      clr  0.69  t  14.2  inf  49  N 26.3  mpc   6.4 ms  err 0.51
[ 36/450] latency=0.2 S2  E_DART      seed 36  goal      clr  0.63  t  16.9  inf  55  N 24.9  mpc   6.2 ms  err 0.31
[ 37/450] latency=0.2 S2  E_DART      seed 37  goal      clr  1.16  t  17.7  inf  48  N 22.7  mpc   5.2 ms  err 0.72
[ 38/450] latency=0.2 S2  E_DART      seed 38  goal      clr  0.66  t  14.9  inf  53  N 25.6  mpc   6.4 ms  err 0.27
[ 39/450] latency=0.2 S2  E_DART      seed 39  goal      clr  0.80  t  14.0  inf  48  N 24.6  mpc   6.3 ms  err 0.50
[ 40/450] latency=0.2 S2  E_DART      seed 40  goal      clr  0.75  t  15.8  inf  55  N 26.3  mpc   7.1 ms  err 0.38
[ 41/450] latency=0.2 S2  E_DART      seed 41  goal      clr  0.66  t  14.6  inf  49  N 25.2  mpc   6.4 ms  err 0.62
[ 42/450] latency=0.2 S2  E_DART      seed 42  goal      clr  0.43  t  20.5  inf  54  N 22.7  mpc   5.9 ms  err 0.27
[ 43/450] latency=0.2 S2  E_DART      seed 43  goal      clr  0.62  t  17.5  inf  58  N 24.9  mpc   6.2 ms  err 0.45
[ 44/450] latency=0.2 S2  E_DART      seed 44  goal      clr  0.67  t  14.1  inf  48  N 24.9  mpc   6.4 ms  err 0.34
[ 45/450] latency=0.2 S2  E_DART      seed 45  goal      clr  0.68  t  15.2  inf  53  N 25.0  mpc   6.0 ms  err 0.24
[ 46/450] latency=0.2 S2  E_DART      seed 46  goal      clr  0.60  t  14.1  inf  52  N 25.3  mpc   6.4 ms  err 0.38
[ 47/450] latency=0.2 S2  E_DART      seed 47  goal      clr  0.50  t  16.0  inf  53  N 24.1  mpc   6.2 ms  err 0.54
[ 48/450] latency=0.2 S2  E_DART      seed 48  goal      clr  0.62  t  16.1  inf  53  N 24.8  mpc   6.5 ms  err 0.54
[ 49/450] latency=0.2 S2  E_DART      seed 49  goal      clr  0.72  t  13.9  inf  49  N 25.3  mpc   6.3 ms  err 0.63
[ 50/450] latency=0.2 S2  E_DART      seed 50  goal      clr  0.58  t  14.9  inf  51  N 25.2  mpc   6.4 ms  err 0.36
[ 51/450] latency=0.2 S2  Z_ZHUYI     seed  1  goal      clr  0.65  t  15.5  inf  35  N 23.7  mpc   6.4 ms  err 0.89
[ 52/450] latency=0.2 S2  Z_ZHUYI     seed  2  goal      clr  0.35  t  20.9  inf  35  N 21.9  mpc   6.1 ms  err 0.31
[ 53/450] latency=0.2 S2  Z_ZHUYI     seed  3  goal      clr  0.69  t  16.7  inf  39  N 24.9  mpc   6.3 ms  err 0.24
[ 54/450] latency=0.2 S2  Z_ZHUYI     seed  4  goal      clr  0.82  t  17.0  inf  35  N 25.4  mpc   6.9 ms  err 0.62
[ 55/450] latency=0.2 S2  Z_ZHUYI     seed  5  goal      clr  2.72  t  15.8  inf  18  N 22.1  mpc   4.8 ms  err 0.64
[ 56/450] latency=0.2 S2  Z_ZHUYI     seed  6  goal      clr  0.82  t  15.8  inf  22  N 22.1  mpc   5.0 ms  err 1.31
[ 57/450] latency=0.2 S2  Z_ZHUYI     seed  7  goal      clr  0.74  t  18.6  inf  39  N 23.3  mpc   6.3 ms  err 0.55
[ 58/450] latency=0.2 S2  Z_ZHUYI     seed  8  goal      clr  0.99  t  25.3  inf  38  N 22.7  mpc   5.8 ms  err 0.48
[ 59/450] latency=0.2 S2  Z_ZHUYI     seed  9  goal      clr  0.76  t  16.3  inf  22  N 23.6  mpc   5.6 ms  err 0.63
[ 60/450] latency=0.2 S2  Z_ZHUYI     seed 10  goal      clr  1.77  t  19.4  inf  23  N 21.4  mpc   5.1 ms  err 0.66
[ 61/450] latency=0.2 S2  Z_ZHUYI     seed 11  goal      clr  0.56  t  15.4  inf  38  N 26.3  mpc   6.5 ms  err 0.22
[ 62/450] latency=0.2 S2  Z_ZHUYI     seed 12  goal      clr  0.59  t  20.1  inf  38  N 23.7  mpc   5.9 ms  err 0.48
[ 63/450] latency=0.2 S2  Z_ZHUYI     seed 13  goal      clr  1.23  t  17.1  inf  27  N 23.9  mpc   5.7 ms  err 0.46
[ 64/450] latency=0.2 S2  Z_ZHUYI     seed 14  goal      clr  0.60  t  17.4  inf  29  N 23.4  mpc   5.8 ms  err 0.35
[ 65/450] latency=0.2 S2  Z_ZHUYI     seed 15  goal      clr  0.78  t  15.4  inf  26  N 23.9  mpc   6.1 ms  err 0.88
[ 66/450] latency=0.2 S2  Z_ZHUYI     seed 16  goal      clr  0.83  t  17.4  inf  35  N 22.6  mpc   5.2 ms  err 0.49
[ 67/450] latency=0.2 S2  Z_ZHUYI     seed 17  goal      clr  0.57  t  18.1  inf  39  N 23.6  mpc   5.8 ms  err 0.34
[ 68/450] latency=0.2 S2  Z_ZHUYI     seed 18  goal      clr  1.41  t  16.7  inf  25  N 23.2  mpc   5.4 ms  err 0.82
[ 69/450] latency=0.2 S2  Z_ZHUYI     seed 19  goal      clr  1.96  t  16.9  inf  19  N 21.4  mpc   4.7 ms  err 1.06
[ 70/450] latency=0.2 S2  Z_ZHUYI     seed 20  goal      clr  0.69  t  14.3  inf  44  N 26.0  mpc   6.7 ms  err 0.33
[ 71/450] latency=0.2 S2  Z_ZHUYI     seed 21  goal      clr  0.74  t  19.2  inf  34  N 22.2  mpc   5.2 ms  err 0.72
[ 72/450] latency=0.2 S2  Z_ZHUYI     seed 22  goal      clr  0.49  t  19.8  inf  32  N 21.6  mpc   5.4 ms  err 0.53
[ 73/450] latency=0.2 S2  Z_ZHUYI     seed 23  goal      clr  0.71  t  20.1  inf  27  N 22.2  mpc   5.4 ms  err 0.65
[ 74/450] latency=0.2 S2  Z_ZHUYI     seed 24  goal      clr  0.79  t  15.7  inf  39  N 24.8  mpc   6.1 ms  err 0.21
[ 75/450] latency=0.2 S2  Z_ZHUYI     seed 25  goal      clr  0.61  t  20.4  inf  30  N 22.0  mpc   5.1 ms  err 0.68
[ 76/450] latency=0.2 S2  Z_ZHUYI     seed 26  goal      clr  1.74  t  16.7  inf  21  N 23.0  mpc   5.1 ms  err 0.46
[ 77/450] latency=0.2 S2  Z_ZHUYI     seed 27  goal      clr  0.80  t  17.5  inf  40  N 23.5  mpc   5.6 ms  err 0.40
[ 78/450] latency=0.2 S2  Z_ZHUYI     seed 28  goal      clr  0.86  t  15.0  inf  39  N 24.6  mpc   5.9 ms  err 0.31
[ 79/450] latency=0.2 S2  Z_ZHUYI     seed 29  goal      clr  0.87  t  15.7  inf  26  N 23.2  mpc   5.3 ms  err 0.59
[ 80/450] latency=0.2 S2  Z_ZHUYI     seed 30  goal      clr  0.78  t  17.1  inf  35  N 23.6  mpc   5.8 ms  err 0.78
[ 81/450] latency=0.2 S2  Z_ZHUYI     seed 31  goal      clr  0.72  t  16.5  inf  30  N 24.1  mpc   5.9 ms  err 0.45
[ 82/450] latency=0.2 S2  Z_ZHUYI     seed 32  goal      clr  4.00  t  15.1  inf  16  N 21.8  mpc   4.5 ms  err 1.14
[ 83/450] latency=0.2 S2  Z_ZHUYI     seed 33  goal      clr  0.63  t  15.1  inf  25  N 24.9  mpc   6.5 ms  err 0.50
[ 84/450] latency=0.2 S2  Z_ZHUYI     seed 34  timeout   clr  0.35  t  40.0  inf  87  N 21.1  mpc   5.7 ms  err 0.43
[ 85/450] latency=0.2 S2  Z_ZHUYI     seed 35  goal      clr  0.77  t  19.0  inf  28  N 22.3  mpc   5.3 ms  err 0.76
[ 86/450] latency=0.2 S2  Z_ZHUYI     seed 36  goal      clr  0.57  t  18.5  inf  44  N 24.5  mpc   6.3 ms  err 0.36
[ 87/450] latency=0.2 S2  Z_ZHUYI     seed 37  goal      clr  0.66  t  24.2  inf  37  N 21.2  mpc   5.2 ms  err 0.20
[ 88/450] latency=0.2 S2  Z_ZHUYI     seed 38  goal      clr  0.76  t  16.7  inf  26  N 23.4  mpc   5.7 ms  err 0.40
[ 89/450] latency=0.2 S2  Z_ZHUYI     seed 39  goal      clr  0.67  t  13.9  inf  26  N 24.5  mpc   6.2 ms  err 0.83
[ 90/450] latency=0.2 S2  Z_ZHUYI     seed 40  goal      clr  0.57  t  20.0  inf  28  N 22.9  mpc   5.7 ms  err 0.84
[ 91/450] latency=0.2 S2  Z_ZHUYI     seed 41  goal      clr  3.15  t  17.6  inf  18  N 21.2  mpc   3.9 ms  err 0.87
[ 92/450] latency=0.2 S2  Z_ZHUYI     seed 42  goal      clr  0.88  t  18.4  inf  30  N 23.3  mpc   5.8 ms  err 0.32
[ 93/450] latency=0.2 S2  Z_ZHUYI     seed 43  goal      clr  0.68  t  20.8  inf  31  N 23.3  mpc   5.7 ms  err 0.38
[ 94/450] latency=0.2 S2  Z_ZHUYI     seed 44  goal      clr  0.63  t  13.8  inf  34  N 25.1  mpc   6.3 ms  err 0.85
[ 95/450] latency=0.2 S2  Z_ZHUYI     seed 45  goal      clr  0.71  t  14.6  inf  30  N 25.2  mpc   6.5 ms  err 0.80
[ 96/450] latency=0.2 S2  Z_ZHUYI     seed 46  goal      clr  0.76  t  17.1  inf  28  N 23.4  mpc   5.8 ms  err 1.18
[ 97/450] latency=0.2 S2  Z_ZHUYI     seed 47  goal      clr  0.96  t  16.5  inf  33  N 24.0  mpc   6.2 ms  err 0.97
[ 98/450] latency=0.2 S2  Z_ZHUYI     seed 48  goal      clr  2.29  t  17.6  inf  20  N 22.9  mpc   4.9 ms  err 0.74
[ 99/450] latency=0.2 S2  Z_ZHUYI     seed 49  goal      clr  1.05  t  22.7  inf  24  N 20.4  mpc   4.1 ms  err 0.80
[100/450] latency=0.2 S2  Z_ZHUYI     seed 50  goal      clr  0.76  t  17.7  inf  35  N 26.0  mpc   6.8 ms  err 0.24
[101/450] latency=0.2 S2  A_FR_FN     seed  1  goal      clr  0.34  t  14.6  inf  66  N 20.0  mpc   4.1 ms  err 0.28
[102/450] latency=0.2 S2  A_FR_FN     seed  2  goal      clr  0.01  t  17.3  inf  80  N 20.0  mpc   4.1 ms  err 0.53
[103/450] latency=0.2 S2  A_FR_FN     seed  3  goal      clr  0.47  t  15.4  inf  71  N 20.0  mpc   4.2 ms  err 0.28
[104/450] latency=0.2 S2  A_FR_FN     seed  4  goal      clr  0.32  t  14.7  inf  68  N 20.0  mpc   4.0 ms  err 0.52
[105/450] latency=0.2 S2  A_FR_FN     seed  5  goal      clr  0.21  t  16.0  inf  67  N 20.0  mpc   4.2 ms  err 0.54
[106/450] latency=0.2 S2  A_FR_FN     seed  6  goal      clr  0.44  t  15.5  inf  70  N 20.0  mpc   3.9 ms  err 0.36
[107/450] latency=0.2 S2  A_FR_FN     seed  7  goal      clr  0.36  t  13.7  inf  62  N 20.0  mpc   3.9 ms  err 0.33
[108/450] latency=0.2 S2  A_FR_FN     seed  8  goal      clr  0.34  t  15.4  inf  72  N 20.0  mpc   4.0 ms  err 0.60
[109/450] latency=0.2 S2  A_FR_FN     seed  9  goal      clr  0.16  t  18.4  inf  85  N 20.0  mpc   4.1 ms  err 0.46
[110/450] latency=0.2 S2  A_FR_FN     seed 10  goal      clr  0.37  t  15.6  inf  71  N 20.0  mpc   4.0 ms  err 0.16
[111/450] latency=0.2 S2  A_FR_FN     seed 11  goal      clr  0.11  t  16.7  inf  74  N 20.0  mpc   4.1 ms  err 0.26
[112/450] latency=0.2 S2  A_FR_FN     seed 12  goal      clr  0.34  t  15.1  inf  67  N 20.0  mpc   4.0 ms  err 0.71
[113/450] latency=0.2 S2  A_FR_FN     seed 13  goal      clr  0.26  t  14.9  inf  70  N 20.0  mpc   3.9 ms  err 0.39
[114/450] latency=0.2 S2  A_FR_FN     seed 14  goal      clr  0.31  t  14.9  inf  68  N 20.0  mpc   4.0 ms  err 0.33
[115/450] latency=0.2 S2  A_FR_FN     seed 15  goal      clr  0.32  t  15.6  inf  71  N 20.0  mpc   4.1 ms  err 0.38
[116/450] latency=0.2 S2  A_FR_FN     seed 16  goal      clr  0.39  t  15.0  inf  70  N 20.0  mpc   4.0 ms  err 0.44
[117/450] latency=0.2 S2  A_FR_FN     seed 17  goal      clr  0.52  t  16.3  inf  79  N 20.0  mpc   4.0 ms  err 0.40
[118/450] latency=0.2 S2  A_FR_FN     seed 18  goal      clr  0.35  t  13.7  inf  66  N 20.0  mpc   4.1 ms  err 0.49
[119/450] latency=0.2 S2  A_FR_FN     seed 19  goal      clr  0.29  t  15.0  inf  71  N 20.0  mpc   4.2 ms  err 0.59
[120/450] latency=0.2 S2  A_FR_FN     seed 20  goal      clr  0.37  t  16.1  inf  75  N 20.0  mpc   4.2 ms  err 0.34
[121/450] latency=0.2 S2  A_FR_FN     seed 21  goal      clr  0.35  t  17.0  inf  76  N 20.0  mpc   4.2 ms  err 0.67
[122/450] latency=0.2 S2  A_FR_FN     seed 22  goal      clr  0.16  t  15.0  inf  72  N 20.0  mpc   3.9 ms  err 0.61
[123/450] latency=0.2 S2  A_FR_FN     seed 23  collision clr -0.01  t   4.0  inf  19  N 20.0  mpc   4.3 ms  err 0.39
[124/450] latency=0.2 S2  A_FR_FN     seed 24  goal      clr  0.14  t  15.4  inf  69  N 20.0  mpc   3.9 ms  err 0.44
[125/450] latency=0.2 S2  A_FR_FN     seed 25  goal      clr  0.32  t  14.5  inf  66  N 20.0  mpc   4.2 ms  err 0.37
[126/450] latency=0.2 S2  A_FR_FN     seed 26  goal      clr  0.19  t  16.2  inf  78  N 20.0  mpc   4.1 ms  err 0.51
[127/450] latency=0.2 S2  A_FR_FN     seed 27  timeout   clr  0.17  t  40.0  inf 182  N 20.0  mpc   3.7 ms  err 0.33
[128/450] latency=0.2 S2  A_FR_FN     seed 28  collision clr -0.00  t   7.3  inf  34  N 20.0  mpc   4.5 ms  err 0.34
[129/450] latency=0.2 S2  A_FR_FN     seed 29  goal      clr  0.18  t  15.3  inf  72  N 20.0  mpc   4.0 ms  err 0.26
[130/450] latency=0.2 S2  A_FR_FN     seed 30  goal      clr  0.41  t  14.1  inf  61  N 20.0  mpc   4.0 ms  err 0.36
[131/450] latency=0.2 S2  A_FR_FN     seed 31  goal      clr  0.37  t  15.5  inf  74  N 20.0  mpc   4.0 ms  err 0.51
[132/450] latency=0.2 S2  A_FR_FN     seed 32  goal      clr  0.35  t  16.0  inf  72  N 20.0  mpc   4.1 ms  err 0.32
[133/450] latency=0.2 S2  A_FR_FN     seed 33  goal      clr  0.53  t  15.2  inf  73  N 20.0  mpc   4.1 ms  err 0.67
[134/450] latency=0.2 S2  A_FR_FN     seed 34  goal      clr  0.22  t  17.4  inf  81  N 20.0  mpc   4.2 ms  err 0.41
[135/450] latency=0.2 S2  A_FR_FN     seed 35  goal      clr  0.44  t  13.7  inf  66  N 20.0  mpc   3.9 ms  err 0.37
[136/450] latency=0.2 S2  A_FR_FN     seed 36  goal      clr  0.30  t  16.1  inf  75  N 20.0  mpc   4.2 ms  err 0.45
[137/450] latency=0.2 S2  A_FR_FN     seed 37  goal      clr  0.32  t  14.8  inf  71  N 20.0  mpc   3.9 ms  err 0.17
[138/450] latency=0.2 S2  A_FR_FN     seed 38  goal      clr  0.00  t  15.3  inf  70  N 20.0  mpc   4.1 ms  err 0.26
[139/450] latency=0.2 S2  A_FR_FN     seed 39  goal      clr  0.33  t  14.1  inf  63  N 20.0  mpc   3.9 ms  err 0.61
[140/450] latency=0.2 S2  A_FR_FN     seed 40  goal      clr  0.16  t  17.5  inf  81  N 20.0  mpc   4.2 ms  err 0.18
[141/450] latency=0.2 S2  A_FR_FN     seed 41  goal      clr  0.15  t  16.2  inf  74  N 20.0  mpc   4.1 ms  err 0.38
[142/450] latency=0.2 S2  A_FR_FN     seed 42  goal      clr  0.14  t  18.0  inf  82  N 20.0  mpc   4.2 ms  err 0.29
[143/450] latency=0.2 S2  A_FR_FN     seed 43  collision clr -0.02  t   3.3  inf  17  N 20.0  mpc   4.1 ms  err 0.28
[144/450] latency=0.2 S2  A_FR_FN     seed 44  goal      clr  0.31  t  15.8  inf  70  N 20.0  mpc   4.2 ms  err 0.47
[145/450] latency=0.2 S2  A_FR_FN     seed 45  goal      clr  0.29  t  14.6  inf  68  N 20.0  mpc   4.1 ms  err 0.27
[146/450] latency=0.2 S2  A_FR_FN     seed 46  goal      clr  0.37  t  15.0  inf  68  N 20.0  mpc   4.0 ms  err 0.46
[147/450] latency=0.2 S2  A_FR_FN     seed 47  goal      clr  0.36  t  16.6  inf  75  N 20.0  mpc   4.3 ms  err 0.47
[148/450] latency=0.2 S2  A_FR_FN     seed 48  goal      clr  0.06  t  13.9  inf  66  N 20.0  mpc   4.3 ms  err 0.18
[149/450] latency=0.2 S2  A_FR_FN     seed 49  goal      clr  0.42  t  13.4  inf  65  N 20.0  mpc   4.0 ms  err 0.28
[150/450] latency=0.2 S2  A_FR_FN     seed 50  goal      clr  0.47  t  17.4  inf  82  N 20.0  mpc   4.2 ms  err 0.70
[151/450] latency=0.2 S2  F_NODELAY   seed  1  goal      clr  0.48  t  19.5  inf  66  N 23.5  mpc   6.2 ms  err 3.50
[152/450] latency=0.2 S2  F_NODELAY   seed  2  goal      clr  1.02  t  18.7  inf  47  N 21.4  mpc   4.7 ms  err 3.55
[153/450] latency=0.2 S2  F_NODELAY   seed  3  collision clr -0.02  t   3.6  inf  14  N 27.0  mpc   8.7 ms  err 3.41
[154/450] latency=0.2 S2  F_NODELAY   seed  4  goal      clr  0.43  t  19.8  inf  61  N 22.8  mpc   5.4 ms  err 3.18
[155/450] latency=0.2 S2  F_NODELAY   seed  5  goal      clr  1.49  t  16.2  inf  44  N 22.2  mpc   4.9 ms  err 2.75
[156/450] latency=0.2 S2  F_NODELAY   seed  6  goal      clr  1.10  t  18.3  inf  47  N 20.0  mpc   4.2 ms  err 2.94
[157/450] latency=0.2 S2  F_NODELAY   seed  7  goal      clr  0.09  t  17.8  inf  52  N 20.7  mpc   5.1 ms  err 3.01
[158/450] latency=0.2 S2  F_NODELAY   seed  8  goal      clr  1.54  t  13.9  inf  43  N 22.5  mpc   5.4 ms  err 4.13
[159/450] latency=0.2 S2  F_NODELAY   seed  9  collision clr -0.00  t   3.5  inf  14  N 27.2  mpc   8.1 ms  err 2.31
[160/450] latency=0.2 S2  F_NODELAY   seed 10  goal      clr  1.84  t  18.6  inf  61  N 22.4  mpc   5.4 ms  err 2.48
[161/450] latency=0.2 S2  F_NODELAY   seed 11  goal      clr  0.33  t  34.7  inf 130  N 23.1  mpc   6.4 ms  err 2.35
[162/450] latency=0.2 S2  F_NODELAY   seed 12  collision clr -0.02  t   2.6  inf  10  N 25.2  mpc   8.5 ms  err 2.89
[163/450] latency=0.2 S2  F_NODELAY   seed 13  goal      clr  0.08  t  27.5  inf  99  N 23.8  mpc   6.8 ms  err 3.63
[164/450] latency=0.2 S2  F_NODELAY   seed 14  goal      clr  1.24  t  15.8  inf  45  N 21.9  mpc   5.2 ms  err 3.78
[165/450] latency=0.2 S2  F_NODELAY   seed 15  goal      clr  0.51  t  33.4  inf 122  N 23.1  mpc   6.0 ms  err 2.42
[166/450] latency=0.2 S2  F_NODELAY   seed 16  collision clr -0.00  t   2.7  inf  12  N 26.0  mpc   6.9 ms  err 2.77
[167/450] latency=0.2 S2  F_NODELAY   seed 17  goal      clr  0.65  t  18.2  inf  61  N 23.6  mpc   5.7 ms  err 3.41
[168/450] latency=0.2 S2  F_NODELAY   seed 18  collision clr -0.03  t   6.7  inf  30  N 22.4  mpc   6.6 ms  err 3.26
[169/450] latency=0.2 S2  F_NODELAY   seed 19  goal      clr  0.24  t  19.7  inf  60  N 20.5  mpc   5.0 ms  err 3.09
[170/450] latency=0.2 S2  F_NODELAY   seed 20  collision clr -0.01  t  22.3  inf  92  N 26.3  mpc   7.8 ms  err 2.15
[171/450] latency=0.2 S2  F_NODELAY   seed 21  goal      clr  1.33  t  20.0  inf  61  N 22.8  mpc   5.9 ms  err 3.67
[172/450] latency=0.2 S2  F_NODELAY   seed 22  goal      clr  1.03  t  19.7  inf  50  N 19.5  mpc   4.3 ms  err 3.42
[173/450] latency=0.2 S2  F_NODELAY   seed 23  goal      clr  0.41  t  22.8  inf  71  N 21.5  mpc   5.2 ms  err 3.04
[174/450] latency=0.2 S2  F_NODELAY   seed 24  goal      clr  0.73  t  22.3  inf  60  N 22.1  mpc   5.3 ms  err 3.52
[175/450] latency=0.2 S2  F_NODELAY   seed 25  goal      clr  0.38  t  23.1  inf  67  N 20.7  mpc   4.7 ms  err 3.32
[176/450] latency=0.2 S2  F_NODELAY   seed 26  goal      clr  1.62  t  16.6  inf  50  N 22.4  mpc   5.0 ms  err 3.78
[177/450] latency=0.2 S2  F_NODELAY   seed 27  goal      clr  2.21  t  22.3  inf  59  N 20.3  mpc   4.3 ms  err 3.93
[178/450] latency=0.2 S2  F_NODELAY   seed 28  goal      clr  1.27  t  16.6  inf  42  N 21.0  mpc   4.8 ms  err 3.50
[179/450] latency=0.2 S2  F_NODELAY   seed 29  goal      clr  0.27  t  18.9  inf  52  N 20.8  mpc   4.7 ms  err 3.25
[180/450] latency=0.2 S2  F_NODELAY   seed 30  goal      clr  0.79  t  21.0  inf  62  N 21.0  mpc   4.6 ms  err 3.23
[181/450] latency=0.2 S2  F_NODELAY   seed 31  goal      clr  0.01  t  16.4  inf  54  N 23.9  mpc   6.4 ms  err 2.50
[182/450] latency=0.2 S2  F_NODELAY   seed 32  goal      clr  2.03  t  16.7  inf  53  N 21.4  mpc   5.1 ms  err 4.74
[183/450] latency=0.2 S2  F_NODELAY   seed 33  goal      clr  0.48  t  21.0  inf  70  N 21.9  mpc   5.5 ms  err 2.96
[184/450] latency=0.2 S2  F_NODELAY   seed 34  collision clr -0.02  t   4.8  inf  18  N 22.1  mpc   6.0 ms  err 2.90
[185/450] latency=0.2 S2  F_NODELAY   seed 35  goal      clr  0.07  t  18.9  inf  62  N 22.4  mpc   5.1 ms  err 3.76
[186/450] latency=0.2 S2  F_NODELAY   seed 36  goal      clr  0.79  t  19.8  inf  53  N 21.1  mpc   4.7 ms  err 2.90
[187/450] latency=0.2 S2  F_NODELAY   seed 37  goal      clr  2.21  t  15.2  inf  37  N 21.1  mpc   4.8 ms  err 3.29
[188/450] latency=0.2 S2  F_NODELAY   seed 38  collision clr -0.00  t  17.7  inf  76  N 25.0  mpc   7.5 ms  err 3.46
[189/450] latency=0.2 S2  F_NODELAY   seed 39  goal      clr  2.92  t  19.2  inf  56  N 21.2  mpc   4.7 ms  err 4.13
[190/450] latency=0.2 S2  F_NODELAY   seed 40  goal      clr  1.53  t  21.0  inf  64  N 20.8  mpc   4.7 ms  err 3.66
[191/450] latency=0.2 S2  F_NODELAY   seed 41  goal      clr  2.30  t  18.4  inf  48  N 20.3  mpc   4.3 ms  err 4.17
[192/450] latency=0.2 S2  F_NODELAY   seed 42  collision clr -0.00  t   2.9  inf  12  N 24.5  mpc   7.5 ms  err 3.09
[193/450] latency=0.2 S2  F_NODELAY   seed 43  collision clr -0.02  t   9.5  inf  45  N 28.8  mpc   9.3 ms  err 2.64
[194/450] latency=0.2 S2  F_NODELAY   seed 44  goal      clr  0.25  t  22.9  inf  62  N 19.3  mpc   4.2 ms  err 4.62
[195/450] latency=0.2 S2  F_NODELAY   seed 45  collision clr -0.01  t   4.0  inf  10  N 22.0  mpc   5.6 ms  err 3.88
[196/450] latency=0.2 S2  F_NODELAY   seed 46  goal      clr  1.62  t  16.4  inf  51  N 23.4  mpc   5.6 ms  err 3.21
[197/450] latency=0.2 S2  F_NODELAY   seed 47  goal      clr  0.99  t  18.8  inf  62  N 22.3  mpc   5.2 ms  err 3.23
[198/450] latency=0.2 S2  F_NODELAY   seed 48  goal      clr  1.78  t  21.5  inf  66  N 19.4  mpc   4.1 ms  err 4.56
[199/450] latency=0.2 S2  F_NODELAY   seed 49  goal      clr  0.09  t  20.5  inf  65  N 22.8  mpc   5.8 ms  err 2.64
[200/450] latency=0.2 S2  F_NODELAY   seed 50  goal      clr  0.44  t  23.1  inf  90  N 22.2  mpc   5.9 ms  err 2.77
[201/450] latency=0.2 S2  FR_SAFE_1   seed  1  goal      clr  2.47  t  18.0  inf  18  N 22.9  mpc   5.3 ms  err 1.04
[202/450] latency=0.2 S2  FR_SAFE_1   seed  2  goal      clr  0.76  t  21.1  inf  22  N 24.1  mpc   6.5 ms  err 0.49
[203/450] latency=0.2 S2  FR_SAFE_1   seed  3  goal      clr  1.30  t  20.4  inf  21  N 21.8  mpc   5.6 ms  err 0.99
[204/450] latency=0.2 S2  FR_SAFE_1   seed  4  goal      clr  0.76  t  17.2  inf  18  N 23.4  mpc   5.9 ms  err 0.41
[205/450] latency=0.2 S2  FR_SAFE_1   seed  5  goal      clr  2.85  t  16.0  inf  16  N 22.5  mpc   4.9 ms  err 0.91
[206/450] latency=0.2 S2  FR_SAFE_1   seed  6  goal      clr  0.87  t  16.5  inf  17  N 21.9  mpc   4.6 ms  err 1.02
[207/450] latency=0.2 S2  FR_SAFE_1   seed  7  goal      clr  1.10  t  22.0  inf  22  N 23.3  mpc   6.0 ms  err 0.65
[208/450] latency=0.2 S2  FR_SAFE_1   seed  8  goal      clr  0.84  t  17.6  inf  18  N 25.9  mpc   7.5 ms  err 0.52
[209/450] latency=0.2 S2  FR_SAFE_1   seed  9  goal      clr  1.10  t  18.9  inf  19  N 23.1  mpc   5.2 ms  err 0.53
[210/450] latency=0.2 S2  FR_SAFE_1   seed 10  goal      clr  0.89  t  18.8  inf  19  N 22.1  mpc   5.2 ms  err 0.89
[211/450] latency=0.2 S2  FR_SAFE_1   seed 11  goal      clr  0.59  t  19.7  inf  20  N 24.9  mpc   6.6 ms  err 0.91
[212/450] latency=0.2 S2  FR_SAFE_1   seed 12  goal      clr  0.74  t  22.8  inf  23  N 21.1  mpc   5.1 ms  err 0.38
[213/450] latency=0.2 S2  FR_SAFE_1   seed 13  goal      clr  0.76  t  26.8  inf  27  N 22.9  mpc   5.9 ms  err 0.35
[214/450] latency=0.2 S2  FR_SAFE_1   seed 14  goal      clr  0.72  t  21.2  inf  22  N 23.9  mpc   6.1 ms  err 0.44
[215/450] latency=0.2 S2  FR_SAFE_1   seed 15  goal      clr  0.72  t  14.6  inf  15  N 24.2  mpc   6.1 ms  err 0.59
[216/450] latency=0.2 S2  FR_SAFE_1   seed 16  goal      clr  0.65  t  19.0  inf  19  N 23.2  mpc   6.2 ms  err 0.72
[217/450] latency=0.2 S2  FR_SAFE_1   seed 17  goal      clr  0.95  t  21.9  inf  22  N 24.0  mpc   6.5 ms  err 0.56
[218/450] latency=0.2 S2  FR_SAFE_1   seed 18  goal      clr  0.66  t  16.5  inf  17  N 25.5  mpc   6.2 ms  err 0.55
[219/450] latency=0.2 S2  FR_SAFE_1   seed 19  goal      clr  1.85  t  17.8  inf  18  N 22.0  mpc   5.2 ms  err 0.76
[220/450] latency=0.2 S2  FR_SAFE_1   seed 20  goal      clr  0.77  t  25.8  inf  26  N 23.4  mpc   6.8 ms  err 0.60
[221/450] latency=0.2 S2  FR_SAFE_1   seed 21  goal      clr  0.69  t  20.1  inf  21  N 22.1  mpc   5.2 ms  err 0.67
[222/450] latency=0.2 S2  FR_SAFE_1   seed 22  goal      clr  0.82  t  19.5  inf  20  N 21.7  mpc   5.4 ms  err 0.47
[223/450] latency=0.2 S2  FR_SAFE_1   seed 23  goal      clr  1.04  t  19.5  inf  20  N 22.9  mpc   5.4 ms  err 0.58
[224/450] latency=0.2 S2  FR_SAFE_1   seed 24  goal      clr  0.81  t  16.7  inf  17  N 25.4  mpc   6.2 ms  err 0.52
[225/450] latency=0.2 S2  FR_SAFE_1   seed 25  goal      clr  3.41  t  16.9  inf  17  N 21.2  mpc   4.1 ms  err 1.13
[226/450] latency=0.2 S2  FR_SAFE_1   seed 26  goal      clr  2.25  t  16.9  inf  17  N 22.0  mpc   4.8 ms  err 0.72
[227/450] latency=0.2 S2  FR_SAFE_1   seed 27  goal      clr  0.85  t  19.6  inf  20  N 23.7  mpc   6.4 ms  err 0.38
[228/450] latency=0.2 S2  FR_SAFE_1   seed 28  goal      clr  0.75  t  25.3  inf  26  N 21.9  mpc   5.2 ms  err 0.69
[229/450] latency=0.2 S2  FR_SAFE_1   seed 29  goal      clr  1.15  t  18.0  inf  18  N 21.6  mpc   4.8 ms  err 1.00
[230/450] latency=0.2 S2  FR_SAFE_1   seed 30  goal      clr  0.81  t  25.5  inf  26  N 23.8  mpc   6.0 ms  err 0.41
[231/450] latency=0.2 S2  FR_SAFE_1   seed 31  goal      clr  0.52  t  25.5  inf  26  N 21.1  mpc   5.2 ms  err 0.41
[232/450] latency=0.2 S2  FR_SAFE_1   seed 32  goal      clr  2.64  t  14.5  inf  15  N 24.2  mpc   6.1 ms  err 0.82
[233/450] latency=0.2 S2  FR_SAFE_1   seed 33  goal      clr  1.86  t  15.6  inf  16  N 21.8  mpc   4.9 ms  err 0.63
[234/450] latency=0.2 S2  FR_SAFE_1   seed 34  goal      clr  0.74  t  21.5  inf  22  N 24.0  mpc   6.2 ms  err 0.54
[235/450] latency=0.2 S2  FR_SAFE_1   seed 35  goal      clr  1.70  t  13.7  inf  14  N 25.2  mpc   6.1 ms  err 0.68
[236/450] latency=0.2 S2  FR_SAFE_1   seed 36  goal      clr  0.59  t  18.9  inf  19  N 24.1  mpc   5.9 ms  err 0.52
[237/450] latency=0.2 S2  FR_SAFE_1   seed 37  goal      clr  0.60  t  25.2  inf  26  N 22.5  mpc   5.6 ms  err 0.38
[238/450] latency=0.2 S2  FR_SAFE_1   seed 38  goal      clr  0.80  t  18.4  inf  19  N 23.8  mpc   6.0 ms  err 0.62
[239/450] latency=0.2 S2  FR_SAFE_1   seed 39  goal      clr  0.94  t  18.9  inf  19  N 22.2  mpc   5.0 ms  err 0.57
[240/450] latency=0.2 S2  FR_SAFE_1   seed 40  goal      clr  0.86  t  19.0  inf  20  N 23.9  mpc   5.9 ms  err 0.60
[241/450] latency=0.2 S2  FR_SAFE_1   seed 41  goal      clr  3.15  t  18.2  inf  19  N 21.9  mpc   4.0 ms  err 0.88
[242/450] latency=0.2 S2  FR_SAFE_1   seed 42  goal      clr  0.51  t  22.9  inf  23  N 23.9  mpc   6.5 ms  err 0.45
[243/450] latency=0.2 S2  FR_SAFE_1   seed 43  goal      clr  0.56  t  18.4  inf  19  N 25.4  mpc   6.6 ms  err 0.46
[244/450] latency=0.2 S2  FR_SAFE_1   seed 44  goal      clr  0.73  t  16.4  inf  17  N 25.1  mpc   7.3 ms  err 0.84
[245/450] latency=0.2 S2  FR_SAFE_1   seed 45  goal      clr  0.59  t  22.7  inf  23  N 23.4  mpc   5.8 ms  err 0.65
[246/450] latency=0.2 S2  FR_SAFE_1   seed 46  goal      clr  1.38  t  16.8  inf  17  N 22.8  mpc   4.8 ms  err 0.84
[247/450] latency=0.2 S2  FR_SAFE_1   seed 47  goal      clr  1.00  t  20.9  inf  21  N 22.1  mpc   5.0 ms  err 1.23
[248/450] latency=0.2 S2  FR_SAFE_1   seed 48  goal      clr  1.83  t  18.1  inf  19  N 21.0  mpc   4.3 ms  err 0.66
[249/450] latency=0.2 S2  FR_SAFE_1   seed 49  goal      clr  1.00  t  21.0  inf  21  N 21.6  mpc   4.3 ms  err 0.86
[250/450] latency=0.2 S2  FR_SAFE_1   seed 50  goal      clr  0.57  t  19.2  inf  20  N 24.6  mpc   7.0 ms  err 0.94
[251/450] latency=0.2 S2  FR_SAFE_2   seed  1  goal      clr  0.72  t  14.5  inf  30  N 25.0  mpc   6.4 ms  err 0.65
[252/450] latency=0.2 S2  FR_SAFE_2   seed  2  goal      clr  0.77  t  16.8  inf  34  N 24.8  mpc   6.3 ms  err 0.52
[253/450] latency=0.2 S2  FR_SAFE_2   seed  3  goal      clr  0.74  t  14.9  inf  30  N 25.6  mpc   6.5 ms  err 0.15
[254/450] latency=0.2 S2  FR_SAFE_2   seed  4  goal      clr  0.53  t  20.4  inf  41  N 24.8  mpc   6.6 ms  err 0.35
[255/450] latency=0.2 S2  FR_SAFE_2   seed  5  goal      clr  0.86  t  17.0  inf  34  N 23.8  mpc   6.0 ms  err 0.47
[256/450] latency=0.2 S2  FR_SAFE_2   seed  6  goal      clr  0.90  t  14.0  inf  29  N 25.2  mpc   6.0 ms  err 1.76
[257/450] latency=0.2 S2  FR_SAFE_2   seed  7  goal      clr  0.63  t  21.7  inf  44  N 21.8  mpc   5.4 ms  err 0.60
[258/450] latency=0.2 S2  FR_SAFE_2   seed  8  goal      clr  0.53  t  16.4  inf  33  N 23.9  mpc   5.9 ms  err 0.57
[259/450] latency=0.2 S2  FR_SAFE_2   seed  9  goal      clr  0.66  t  16.4  inf  33  N 25.2  mpc   6.2 ms  err 0.61
[260/450] latency=0.2 S2  FR_SAFE_2   seed 10  goal      clr  0.93  t  21.8  inf  44  N 20.9  mpc   5.1 ms  err 0.50
[261/450] latency=0.2 S2  FR_SAFE_2   seed 11  goal      clr  0.74  t  15.9  inf  32  N 25.8  mpc   6.4 ms  err 0.37
[262/450] latency=0.2 S2  FR_SAFE_2   seed 12  goal      clr  0.63  t  18.9  inf  38  N 23.6  mpc   6.2 ms  err 0.50
[263/450] latency=0.2 S2  FR_SAFE_2   seed 13  goal      clr  0.77  t  22.7  inf  46  N 21.9  mpc   5.5 ms  err 0.46
[264/450] latency=0.2 S2  FR_SAFE_2   seed 14  goal      clr  1.55  t  17.4  inf  35  N 21.3  mpc   5.2 ms  err 0.46
[265/450] latency=0.2 S2  FR_SAFE_2   seed 15  goal      clr  0.76  t  15.8  inf  32  N 23.9  mpc   5.9 ms  err 0.56
[266/450] latency=0.2 S2  FR_SAFE_2   seed 16  goal      clr  0.60  t  16.0  inf  33  N 25.0  mpc   6.4 ms  err 0.41
[267/450] latency=0.2 S2  FR_SAFE_2   seed 17  goal      clr  0.65  t  14.9  inf  30  N 25.5  mpc   6.5 ms  err 0.44
[268/450] latency=0.2 S2  FR_SAFE_2   seed 18  goal      clr  1.02  t  14.5  inf  30  N 25.0  mpc   6.2 ms  err 0.82
[269/450] latency=0.2 S2  FR_SAFE_2   seed 19  goal      clr  0.58  t  21.7  inf  44  N 21.8  mpc   5.9 ms  err 0.40
[270/450] latency=0.2 S2  FR_SAFE_2   seed 20  goal      clr  0.66  t  20.6  inf  42  N 24.4  mpc   6.5 ms  err 0.59
[271/450] latency=0.2 S2  FR_SAFE_2   seed 21  goal      clr  0.72  t  14.6  inf  30  N 25.3  mpc   6.3 ms  err 0.42
[272/450] latency=0.2 S2  FR_SAFE_2   seed 22  goal      clr  0.80  t  16.4  inf  33  N 23.2  mpc   5.7 ms  err 0.58
[273/450] latency=0.2 S2  FR_SAFE_2   seed 23  goal      clr  0.62  t  19.2  inf  39  N 24.7  mpc   6.9 ms  err 0.49
[274/450] latency=0.2 S2  FR_SAFE_2   seed 24  goal      clr  0.43  t  17.3  inf  35  N 24.6  mpc   6.2 ms  err 0.51
[275/450] latency=0.2 S2  FR_SAFE_2   seed 25  goal      clr  0.68  t  17.7  inf  36  N 25.4  mpc   6.6 ms  err 0.38
[276/450] latency=0.2 S2  FR_SAFE_2   seed 26  goal      clr  0.73  t  16.1  inf  33  N 25.0  mpc   6.4 ms  err 0.67
[277/450] latency=0.2 S2  FR_SAFE_2   seed 27  goal      clr  0.69  t  21.2  inf  43  N 23.5  mpc   5.9 ms  err 0.40
[278/450] latency=0.2 S2  FR_SAFE_2   seed 28  goal      clr  0.68  t  14.6  inf  30  N 26.3  mpc   6.3 ms  err 0.34
[279/450] latency=0.2 S2  FR_SAFE_2   seed 29  goal      clr  1.06  t  14.6  inf  30  N 25.4  mpc   6.2 ms  err 0.84
[280/450] latency=0.2 S2  FR_SAFE_2   seed 30  goal      clr  0.81  t  18.5  inf  37  N 22.0  mpc   5.2 ms  err 0.61
[281/450] latency=0.2 S2  FR_SAFE_2   seed 31  goal      clr  0.57  t  18.0  inf  37  N 23.5  mpc   6.2 ms  err 0.62
[282/450] latency=0.2 S2  FR_SAFE_2   seed 32  goal      clr  0.68  t  19.8  inf  40  N 23.7  mpc   6.0 ms  err 0.38
[283/450] latency=0.2 S2  FR_SAFE_2   seed 33  goal      clr  0.70  t  14.7  inf  30  N 24.4  mpc   6.8 ms  err 0.63
[284/450] latency=0.2 S2  FR_SAFE_2   seed 34  goal      clr  0.74  t  21.5  inf  43  N 23.5  mpc   5.8 ms  err 0.32
[285/450] latency=0.2 S2  FR_SAFE_2   seed 35  goal      clr  0.73  t  14.2  inf  29  N 25.9  mpc   6.6 ms  err 0.89
[286/450] latency=0.2 S2  FR_SAFE_2   seed 36  goal      clr  1.05  t  17.5  inf  35  N 22.1  mpc   5.2 ms  err 0.47
[287/450] latency=0.2 S2  FR_SAFE_2   seed 37  goal      clr  0.70  t  16.4  inf  33  N 25.1  mpc   5.9 ms  err 0.33
[288/450] latency=0.2 S2  FR_SAFE_2   seed 38  goal      clr  1.12  t  18.2  inf  37  N 23.5  mpc   5.6 ms  err 0.40
[289/450] latency=0.2 S2  FR_SAFE_2   seed 39  goal      clr  1.03  t  13.5  inf  27  N 24.8  mpc   6.1 ms  err 1.28
[290/450] latency=0.2 S2  FR_SAFE_2   seed 40  goal      clr  0.67  t  16.2  inf  33  N 25.3  mpc   6.6 ms  err 0.53
[291/450] latency=0.2 S2  FR_SAFE_2   seed 41  goal      clr  0.74  t  14.8  inf  30  N 25.5  mpc   6.4 ms  err 0.63
[292/450] latency=0.2 S2  FR_SAFE_2   seed 42  goal      clr  0.64  t  20.5  inf  41  N 23.9  mpc   6.1 ms  err 0.23
[293/450] latency=0.2 S2  FR_SAFE_2   seed 43  goal      clr  0.85  t  18.1  inf  37  N 23.1  mpc   5.6 ms  err 0.71
[294/450] latency=0.2 S2  FR_SAFE_2   seed 44  goal      clr  0.49  t  15.1  inf  31  N 25.2  mpc   6.4 ms  err 0.57
[295/450] latency=0.2 S2  FR_SAFE_2   seed 45  goal      clr  0.89  t  15.2  inf  31  N 23.9  mpc   5.7 ms  err 0.60
[296/450] latency=0.2 S2  FR_SAFE_2   seed 46  goal      clr  0.56  t  17.8  inf  36  N 23.1  mpc   5.5 ms  err 0.42
[297/450] latency=0.2 S2  FR_SAFE_2   seed 47  goal      clr  0.68  t  15.5  inf  32  N 24.9  mpc   6.6 ms  err 0.73
[298/450] latency=0.2 S2  FR_SAFE_2   seed 48  goal      clr  1.01  t  17.7  inf  36  N 24.0  mpc   5.9 ms  err 0.36
[299/450] latency=0.2 S2  FR_SAFE_2   seed 49  goal      clr  0.88  t  14.6  inf  30  N 26.4  mpc   6.9 ms  err 0.78
[300/450] latency=0.2 S2  FR_SAFE_2   seed 50  goal      clr  0.79  t  13.6  inf  28  N 25.4  mpc   6.5 ms  err 0.73
[301/450] latency=0.2 S2  FR_SAFE_3   seed  1  goal      clr  0.71  t  14.2  inf  42  N 24.9  mpc   6.3 ms  err 0.46
[302/450] latency=0.2 S2  FR_SAFE_3   seed  2  goal      clr  0.65  t  16.4  inf  49  N 25.2  mpc   6.6 ms  err 0.54
[303/450] latency=0.2 S2  FR_SAFE_3   seed  3  goal      clr  0.81  t  16.6  inf  49  N 25.3  mpc   6.3 ms  err 0.28
[304/450] latency=0.2 S2  FR_SAFE_3   seed  4  goal      clr  0.66  t  14.9  inf  44  N 25.4  mpc   6.5 ms  err 0.69
[305/450] latency=0.2 S2  FR_SAFE_3   seed  5  goal      clr  0.63  t  15.8  inf  47  N 23.2  mpc   5.6 ms  err 1.06
[306/450] latency=0.2 S2  FR_SAFE_3   seed  6  goal      clr  0.61  t  15.3  inf  45  N 26.0  mpc   6.4 ms  err 0.66
[307/450] latency=0.2 S2  FR_SAFE_3   seed  7  goal      clr  0.66  t  20.0  inf  59  N 24.5  mpc   6.4 ms  err 0.47
[308/450] latency=0.2 S2  FR_SAFE_3   seed  8  goal      clr  0.43  t  18.4  inf  55  N 24.4  mpc   6.2 ms  err 0.35
[309/450] latency=0.2 S2  FR_SAFE_3   seed  9  goal      clr  0.35  t  18.3  inf  54  N 25.1  mpc   6.6 ms  err 0.72
[310/450] latency=0.2 S2  FR_SAFE_3   seed 10  goal      clr  0.59  t  15.3  inf  45  N 25.8  mpc   6.6 ms  err 0.51
[311/450] latency=0.2 S2  FR_SAFE_3   seed 11  goal      clr  0.69  t  15.6  inf  46  N 25.3  mpc   6.3 ms  err 0.38
[312/450] latency=0.2 S2  FR_SAFE_3   seed 12  goal      clr  0.72  t  17.4  inf  51  N 24.4  mpc   6.3 ms  err 0.40
[313/450] latency=0.2 S2  FR_SAFE_3   seed 13  goal      clr  0.32  t  15.5  inf  46  N 25.3  mpc   6.8 ms  err 0.65
[314/450] latency=0.2 S2  FR_SAFE_3   seed 14  goal      clr  0.72  t  16.6  inf  49  N 23.4  mpc   5.9 ms  err 0.65
[315/450] latency=0.2 S2  FR_SAFE_3   seed 15  goal      clr  0.58  t  15.9  inf  47  N 25.1  mpc   6.6 ms  err 0.51
[316/450] latency=0.2 S2  FR_SAFE_3   seed 16  goal      clr  0.51  t  19.7  inf  58  N 23.5  mpc   6.3 ms  err 0.59
[317/450] latency=0.2 S2  FR_SAFE_3   seed 17  goal      clr  0.65  t  15.5  inf  46  N 24.5  mpc   6.3 ms  err 0.33
[318/450] latency=0.2 S2  FR_SAFE_3   seed 18  goal      clr  0.55  t  16.7  inf  50  N 25.1  mpc   7.1 ms  err 0.64
[319/450] latency=0.2 S2  FR_SAFE_3   seed 19  goal      clr  0.64  t  18.7  inf  55  N 22.9  mpc   6.1 ms  err 0.46
[320/450] latency=0.2 S2  FR_SAFE_3   seed 20  goal      clr  0.71  t  15.0  inf  44  N 25.5  mpc   6.6 ms  err 0.35
[321/450] latency=0.2 S2  FR_SAFE_3   seed 21  goal      clr  0.79  t  15.1  inf  44  N 25.1  mpc   6.5 ms  err 0.53
[322/450] latency=0.2 S2  FR_SAFE_3   seed 22  goal      clr  0.72  t  14.8  inf  44  N 25.4  mpc   6.5 ms  err 0.46
[323/450] latency=0.2 S2  FR_SAFE_3   seed 23  goal      clr  0.56  t  16.7  inf  50  N 25.3  mpc   7.1 ms  err 0.53
[324/450] latency=0.2 S2  FR_SAFE_3   seed 24  goal      clr  0.55  t  16.8  inf  50  N 25.7  mpc   7.1 ms  err 0.28
[325/450] latency=0.2 S2  FR_SAFE_3   seed 25  goal      clr  0.71  t  17.5  inf  52  N 25.9  mpc   6.9 ms  err 0.24
[326/450] latency=0.2 S2  FR_SAFE_3   seed 26  goal      clr  0.74  t  18.7  inf  55  N 22.9  mpc   5.7 ms  err 0.62
[327/450] latency=0.2 S2  FR_SAFE_3   seed 27  goal      clr  0.66  t  18.5  inf  54  N 24.6  mpc   6.4 ms  err 0.75
[328/450] latency=0.2 S2  FR_SAFE_3   seed 28  goal      clr  0.57  t  14.5  inf  43  N 26.4  mpc   6.4 ms  err 0.30
[329/450] latency=0.2 S2  FR_SAFE_3   seed 29  goal      clr  0.63  t  20.7  inf  61  N 23.5  mpc   6.1 ms  err 0.27
[330/450] latency=0.2 S2  FR_SAFE_3   seed 30  goal      clr  0.70  t  18.2  inf  54  N 23.8  mpc   5.9 ms  err 0.42
[331/450] latency=0.2 S2  FR_SAFE_3   seed 31  goal      clr  0.51  t  17.5  inf  52  N 24.5  mpc   6.5 ms  err 0.41
[332/450] latency=0.2 S2  FR_SAFE_3   seed 32  goal      clr  1.16  t  17.7  inf  52  N 24.1  mpc   5.9 ms  err 0.63
[333/450] latency=0.2 S2  FR_SAFE_3   seed 33  goal      clr  0.21  t  16.7  inf  50  N 24.6  mpc   6.7 ms  err 0.75
[334/450] latency=0.2 S2  FR_SAFE_3   seed 34  goal      clr  0.55  t  15.1  inf  44  N 24.0  mpc   6.2 ms  err 0.85
[335/450] latency=0.2 S2  FR_SAFE_3   seed 35  goal      clr  1.45  t  14.9  inf  44  N 24.3  mpc   5.4 ms  err 0.63
[336/450] latency=0.2 S2  FR_SAFE_3   seed 36  goal      clr  0.83  t  16.6  inf  49  N 24.1  mpc   6.0 ms  err 0.48
[337/450] latency=0.2 S2  FR_SAFE_3   seed 37  goal      clr  0.60  t  18.2  inf  54  N 23.8  mpc   6.0 ms  err 0.50
[338/450] latency=0.2 S2  FR_SAFE_3   seed 38  goal      clr  0.68  t  17.5  inf  52  N 24.0  mpc   5.8 ms  err 0.27
[339/450] latency=0.2 S2  FR_SAFE_3   seed 39  goal      clr  0.76  t  13.9  inf  41  N 24.5  mpc   6.0 ms  err 0.44
[340/450] latency=0.2 S2  FR_SAFE_3   seed 40  goal      clr  0.71  t  16.8  inf  50  N 25.4  mpc   6.5 ms  err 0.26
[341/450] latency=0.2 S2  FR_SAFE_3   seed 41  goal      clr  0.54  t  15.6  inf  46  N 25.2  mpc   6.6 ms  err 0.46
[342/450] latency=0.2 S2  FR_SAFE_3   seed 42  goal      clr  0.52  t  20.3  inf  60  N 23.0  mpc   6.0 ms  err 0.24
[343/450] latency=0.2 S2  FR_SAFE_3   seed 43  goal      clr  0.96  t  15.9  inf  47  N 25.6  mpc   6.5 ms  err 0.86
[344/450] latency=0.2 S2  FR_SAFE_3   seed 44  goal      clr  0.81  t  14.2  inf  42  N 24.7  mpc   6.3 ms  err 0.55
[345/450] latency=0.2 S2  FR_SAFE_3   seed 45  goal      clr  0.69  t  15.2  inf  45  N 25.5  mpc   6.4 ms  err 0.23
[346/450] latency=0.2 S2  FR_SAFE_3   seed 46  goal      clr  0.54  t  20.2  inf  59  N 25.1  mpc   6.7 ms  err 0.56
[347/450] latency=0.2 S2  FR_SAFE_3   seed 47  goal      clr  0.72  t  17.5  inf  52  N 25.6  mpc   6.8 ms  err 0.24
[348/450] latency=0.2 S2  FR_SAFE_3   seed 48  goal      clr  0.47  t  18.2  inf  54  N 24.8  mpc   6.5 ms  err 0.39
[349/450] latency=0.2 S2  FR_SAFE_3   seed 49  goal      clr  0.84  t  14.2  inf  42  N 25.2  mpc   6.7 ms  err 0.64
[350/450] latency=0.2 S2  FR_SAFE_3   seed 50  goal      clr  0.59  t  18.3  inf  54  N 24.6  mpc   6.6 ms  err 0.36
[351/450] latency=0.2 S2  FR_SAFE_5   seed  1  goal      clr  0.55  t  17.2  inf  75  N 21.3  mpc   5.0 ms  err 0.68
[352/450] latency=0.2 S2  FR_SAFE_5   seed  2  goal      clr  0.53  t  19.1  inf  84  N 23.8  mpc   6.6 ms  err 0.45
[353/450] latency=0.2 S2  FR_SAFE_5   seed  3  goal      clr  0.60  t  14.6  inf  64  N 25.3  mpc   6.3 ms  err 0.19
[354/450] latency=0.2 S2  FR_SAFE_5   seed  4  goal      clr  0.77  t  14.8  inf  66  N 25.0  mpc   6.3 ms  err 0.57
[355/450] latency=0.2 S2  FR_SAFE_5   seed  5  goal      clr  0.52  t  19.1  inf  79  N 23.3  mpc   6.2 ms  err 0.41
[356/450] latency=0.2 S2  FR_SAFE_5   seed  6  goal      clr  0.52  t  16.1  inf  70  N 24.5  mpc   6.4 ms  err 0.27
[357/450] latency=0.2 S2  FR_SAFE_5   seed  7  goal      clr  0.61  t  18.8  inf  80  N 24.0  mpc   6.1 ms  err 0.82
[358/450] latency=0.2 S2  FR_SAFE_5   seed  8  goal      clr  0.69  t  22.7  inf 101  N 23.1  mpc   5.3 ms  err 0.53
[359/450] latency=0.2 S2  FR_SAFE_5   seed  9  goal      clr  0.60  t  16.7  inf  73  N 25.1  mpc   6.3 ms  err 0.26
[360/450] latency=0.2 S2  FR_SAFE_5   seed 10  goal      clr  0.59  t  20.5  inf  88  N 22.5  mpc   5.7 ms  err 0.22
[361/450] latency=0.2 S2  FR_SAFE_5   seed 11  goal      clr  0.65  t  17.7  inf  74  N 26.2  mpc   6.8 ms  err 0.45
[362/450] latency=0.2 S2  FR_SAFE_5   seed 12  goal      clr  0.69  t  17.4  inf  76  N 25.1  mpc   6.4 ms  err 0.35
[363/450] latency=0.2 S2  FR_SAFE_5   seed 13  goal      clr  0.66  t  15.7  inf  70  N 25.8  mpc   6.6 ms  err 0.37
[364/450] latency=0.2 S2  FR_SAFE_5   seed 14  goal      clr  0.60  t  16.0  inf  70  N 23.4  mpc   6.2 ms  err 0.43
[365/450] latency=0.2 S2  FR_SAFE_5   seed 15  goal      clr  0.70  t  13.4  inf  59  N 24.8  mpc   6.4 ms  err 0.51
[366/450] latency=0.2 S2  FR_SAFE_5   seed 16  goal      clr  0.81  t  15.1  inf  68  N 25.7  mpc   6.6 ms  err 0.41
[367/450] latency=0.2 S2  FR_SAFE_5   seed 17  goal      clr  0.83  t  19.3  inf  87  N 22.1  mpc   5.4 ms  err 0.20
[368/450] latency=0.2 S2  FR_SAFE_5   seed 18  goal      clr  0.81  t  16.1  inf  73  N 25.1  mpc   6.3 ms  err 0.74
[369/450] latency=0.2 S2  FR_SAFE_5   seed 19  goal      clr  0.61  t  16.8  inf  75  N 24.9  mpc   6.5 ms  err 0.31
[370/450] latency=0.2 S2  FR_SAFE_5   seed 20  goal      clr  0.77  t  14.8  inf  65  N 25.1  mpc   6.3 ms  err 0.62
[371/450] latency=0.2 S2  FR_SAFE_5   seed 21  goal      clr  0.84  t  13.7  inf  58  N 24.7  mpc   6.0 ms  err 0.33
[372/450] latency=0.2 S2  FR_SAFE_5   seed 22  goal      clr  0.65  t  16.2  inf  74  N 25.0  mpc   6.4 ms  err 0.39
[373/450] latency=0.2 S2  FR_SAFE_5   seed 23  goal      clr  0.45  t  15.5  inf  68  N 25.6  mpc   6.8 ms  err 0.53
[374/450] latency=0.2 S2  FR_SAFE_5   seed 24  goal      clr  0.61  t  16.1  inf  70  N 24.4  mpc   6.6 ms  err 0.72
[375/450] latency=0.2 S2  FR_SAFE_5   seed 25  goal      clr  0.57  t  16.3  inf  71  N 24.7  mpc   6.4 ms  err 0.28
[376/450] latency=0.2 S2  FR_SAFE_5   seed 26  goal      clr  1.05  t  15.8  inf  71  N 24.8  mpc   5.8 ms  err 0.26
[377/450] latency=0.2 S2  FR_SAFE_5   seed 27  goal      clr  0.75  t  16.0  inf  70  N 25.4  mpc   6.8 ms  err 0.26
[378/450] latency=0.2 S2  FR_SAFE_5   seed 28  goal      clr  0.73  t  14.3  inf  63  N 26.4  mpc   6.5 ms  err 0.23
[379/450] latency=0.2 S2  FR_SAFE_5   seed 29  goal      clr  0.98  t  13.3  inf  60  N 23.8  mpc   5.9 ms  err 0.38
[380/450] latency=0.2 S2  FR_SAFE_5   seed 30  goal      clr  0.69  t  17.5  inf  74  N 24.4  mpc   6.1 ms  err 0.29
[381/450] latency=0.2 S2  FR_SAFE_5   seed 31  goal      clr  0.72  t  19.3  inf  86  N 22.7  mpc   5.7 ms  err 0.43
[382/450] latency=0.2 S2  FR_SAFE_5   seed 32  goal      clr  0.55  t  20.7  inf  90  N 23.0  mpc   6.0 ms  err 0.56
[383/450] latency=0.2 S2  FR_SAFE_5   seed 33  goal      clr  0.71  t  13.8  inf  62  N 24.9  mpc   6.3 ms  err 0.76
[384/450] latency=0.2 S2  FR_SAFE_5   seed 34  goal      clr  0.66  t  18.2  inf  81  N 23.1  mpc   5.7 ms  err 0.22
[385/450] latency=0.2 S2  FR_SAFE_5   seed 35  goal      clr  0.53  t  16.1  inf  73  N 25.2  mpc   6.2 ms  err 0.87
[386/450] latency=0.2 S2  FR_SAFE_5   seed 36  goal      clr  1.10  t  15.5  inf  68  N 23.6  mpc   5.9 ms  err 0.67
[387/450] latency=0.2 S2  FR_SAFE_5   seed 37  goal      clr  0.62  t  15.7  inf  71  N 25.8  mpc   6.5 ms  err 0.39
[388/450] latency=0.2 S2  FR_SAFE_5   seed 38  goal      clr  0.59  t  16.8  inf  73  N 25.3  mpc   6.5 ms  err 0.30
[389/450] latency=0.2 S2  FR_SAFE_5   seed 39  goal      clr  0.81  t  13.8  inf  59  N 24.6  mpc   6.1 ms  err 0.60
[390/450] latency=0.2 S2  FR_SAFE_5   seed 40  goal      clr  0.50  t  17.1  inf  75  N 26.0  mpc   7.1 ms  err 0.25
[391/450] latency=0.2 S2  FR_SAFE_5   seed 41  goal      clr  0.59  t  15.4  inf  67  N 25.3  mpc   6.3 ms  err 0.31
[392/450] latency=0.2 S2  FR_SAFE_5   seed 42  goal      clr  0.61  t  16.6  inf  73  N 25.8  mpc   6.8 ms  err 0.24
[393/450] latency=0.2 S2  FR_SAFE_5   seed 43  goal      clr  0.28  t  15.4  inf  68  N 25.5  mpc   6.6 ms  err 0.35
[394/450] latency=0.2 S2  FR_SAFE_5   seed 44  goal      clr  0.76  t  14.1  inf  60  N 24.8  mpc   6.2 ms  err 0.35
[395/450] latency=0.2 S2  FR_SAFE_5   seed 45  goal      clr  0.65  t  15.9  inf  71  N 25.0  mpc   6.4 ms  err 1.10
[396/450] latency=0.2 S2  FR_SAFE_5   seed 46  goal      clr  0.57  t  15.4  inf  68  N 24.5  mpc   6.1 ms  err 0.47
[397/450] latency=0.2 S2  FR_SAFE_5   seed 47  goal      clr  0.71  t  16.6  inf  73  N 25.1  mpc   6.5 ms  err 0.61
[398/450] latency=0.2 S2  FR_SAFE_5   seed 48  goal      clr  0.39  t  19.5  inf  88  N 24.0  mpc   6.4 ms  err 0.68
[399/450] latency=0.2 S2  FR_SAFE_5   seed 49  goal      clr  0.68  t  13.9  inf  63  N 24.9  mpc   6.2 ms  err 0.51
[400/450] latency=0.2 S2  FR_SAFE_5   seed 50  goal      clr  0.57  t  15.7  inf  71  N 22.7  mpc   5.6 ms  err 0.39
[401/450] latency=0.2 S2  FR_SAFE_10  seed  1  goal      clr  1.14  t  16.2  inf  73  N 21.4  mpc   5.1 ms  err 0.89
[402/450] latency=0.2 S2  FR_SAFE_10  seed  2  goal      clr  0.64  t  15.5  inf  71  N 25.4  mpc   6.7 ms  err 0.52
[403/450] latency=0.2 S2  FR_SAFE_10  seed  3  goal      clr  0.65  t  18.2  inf  84  N 24.5  mpc   6.4 ms  err 0.51
[404/450] latency=0.2 S2  FR_SAFE_10  seed  4  goal      clr  0.56  t  14.3  inf  67  N 24.7  mpc   6.1 ms  err 0.30
[405/450] latency=0.2 S2  FR_SAFE_10  seed  5  goal      clr  0.89  t  16.4  inf  69  N 23.8  mpc   6.2 ms  err 0.52
[406/450] latency=0.2 S2  FR_SAFE_10  seed  6  goal      clr  0.82  t  17.4  inf  77  N 25.7  mpc   6.9 ms  err 0.41
[407/450] latency=0.2 S2  FR_SAFE_10  seed  7  goal      clr  0.33  t  19.4  inf  88  N 22.2  mpc   5.6 ms  err 0.38
[408/450] latency=0.2 S2  FR_SAFE_10  seed  8  goal      clr  0.84  t  15.3  inf  72  N 25.6  mpc   6.5 ms  err 0.41
[409/450] latency=0.2 S2  FR_SAFE_10  seed  9  goal      clr  0.60  t  15.8  inf  72  N 25.9  mpc   6.6 ms  err 0.48
[410/450] latency=0.2 S2  FR_SAFE_10  seed 10  goal      clr  0.65  t  21.1  inf  95  N 22.1  mpc   5.5 ms  err 0.49
[411/450] latency=0.2 S2  FR_SAFE_10  seed 11  goal      clr  0.60  t  16.5  inf  73  N 25.9  mpc   6.6 ms  err 0.19
[412/450] latency=0.2 S2  FR_SAFE_10  seed 12  goal      clr  0.66  t  17.5  inf  78  N 24.7  mpc   6.1 ms  err 0.55
[413/450] latency=0.2 S2  FR_SAFE_10  seed 13  goal      clr  0.60  t  16.9  inf  79  N 24.8  mpc   6.2 ms  err 0.26
[414/450] latency=0.2 S2  FR_SAFE_10  seed 14  goal      clr  0.61  t  16.5  inf  75  N 23.9  mpc   6.3 ms  err 0.37
[415/450] latency=0.2 S2  FR_SAFE_10  seed 15  goal      clr  0.86  t  13.9  inf  64  N 25.0  mpc   6.1 ms  err 0.42
[416/450] latency=0.2 S2  FR_SAFE_10  seed 16  goal      clr  0.64  t  14.7  inf  69  N 25.8  mpc   6.4 ms  err 0.52
[417/450] latency=0.2 S2  FR_SAFE_10  seed 17  goal      clr  0.60  t  18.3  inf  88  N 24.5  mpc   6.2 ms  err 0.21
[418/450] latency=0.2 S2  FR_SAFE_10  seed 18  goal      clr  1.01  t  15.9  inf  76  N 25.3  mpc   6.3 ms  err 0.71
[419/450] latency=0.2 S2  FR_SAFE_10  seed 19  goal      clr  0.62  t  17.1  inf  82  N 24.2  mpc   6.3 ms  err 0.57
[420/450] latency=0.2 S2  FR_SAFE_10  seed 20  goal      clr  0.70  t  16.0  inf  74  N 24.9  mpc   6.2 ms  err 0.29
[421/450] latency=0.2 S2  FR_SAFE_10  seed 21  goal      clr  0.81  t  13.8  inf  61  N 24.7  mpc   6.0 ms  err 0.29
[422/450] latency=0.2 S2  FR_SAFE_10  seed 22  goal      clr  0.70  t  13.9  inf  67  N 25.5  mpc   6.5 ms  err 0.28
[423/450] latency=0.2 S2  FR_SAFE_10  seed 23  goal      clr  0.42  t  15.7  inf  72  N 24.6  mpc   6.7 ms  err 0.74
[424/450] latency=0.2 S2  FR_SAFE_10  seed 24  goal      clr  0.71  t  14.6  inf  66  N 26.2  mpc   6.8 ms  err 0.55
[425/450] latency=0.2 S2  FR_SAFE_10  seed 25  goal      clr  0.53  t  16.2  inf  74  N 25.3  mpc   6.4 ms  err 0.33
[426/450] latency=0.2 S2  FR_SAFE_10  seed 26  goal      clr  0.88  t  15.9  inf  76  N 24.8  mpc   6.1 ms  err 0.31
[427/450] latency=0.2 S2  FR_SAFE_10  seed 27  goal      clr  0.66  t  15.4  inf  70  N 26.0  mpc   7.0 ms  err 0.36
[428/450] latency=0.2 S2  FR_SAFE_10  seed 28  goal      clr  0.69  t  14.5  inf  66  N 26.2  mpc   6.3 ms  err 0.20
[429/450] latency=0.2 S2  FR_SAFE_10  seed 29  goal      clr  0.77  t  13.5  inf  64  N 24.7  mpc   6.1 ms  err 0.61
[430/450] latency=0.2 S2  FR_SAFE_10  seed 30  goal      clr  0.50  t  19.3  inf  85  N 23.8  mpc   6.1 ms  err 0.27
[431/450] latency=0.2 S2  FR_SAFE_10  seed 31  goal      clr  0.89  t  18.3  inf  86  N 23.3  mpc   5.8 ms  err 0.37
[432/450] latency=0.2 S2  FR_SAFE_10  seed 32  goal      clr  0.52  t  19.7  inf  88  N 25.0  mpc   6.7 ms  err 0.45
[433/450] latency=0.2 S2  FR_SAFE_10  seed 33  goal      clr  0.62  t  14.0  inf  68  N 25.0  mpc   6.4 ms  err 0.65
[434/450] latency=0.2 S2  FR_SAFE_10  seed 34  goal      clr  0.65  t  18.9  inf  88  N 23.8  mpc   5.9 ms  err 0.35
[435/450] latency=0.2 S2  FR_SAFE_10  seed 35  goal      clr  0.68  t  14.6  inf  70  N 25.0  mpc   6.2 ms  err 0.52
[436/450] latency=0.2 S2  FR_SAFE_10  seed 36  goal      clr  0.66  t  14.8  inf  69  N 24.2  mpc   6.4 ms  err 0.55
[437/450] latency=0.2 S2  FR_SAFE_10  seed 37  goal      clr  0.65  t  15.4  inf  74  N 25.8  mpc   6.7 ms  err 0.20
[438/450] latency=0.2 S2  FR_SAFE_10  seed 38  goal      clr  0.69  t  17.7  inf  80  N 24.7  mpc   6.4 ms  err 0.24
[439/450] latency=0.2 S2  FR_SAFE_10  seed 39  goal      clr  0.76  t  13.9  inf  62  N 24.7  mpc   6.2 ms  err 0.89
[440/450] latency=0.2 S2  FR_SAFE_10  seed 40  goal      clr  0.43  t  16.8  inf  78  N 25.7  mpc   6.7 ms  err 0.42
[441/450] latency=0.2 S2  FR_SAFE_10  seed 41  goal      clr  0.70  t  17.0  inf  78  N 25.6  mpc   6.7 ms  err 0.29
[442/450] latency=0.2 S2  FR_SAFE_10  seed 42  goal      clr  0.73  t  18.8  inf  85  N 23.6  mpc   6.2 ms  err 0.42
[443/450] latency=0.2 S2  FR_SAFE_10  seed 43  goal      clr  0.58  t  16.9  inf  79  N 25.4  mpc   6.9 ms  err 0.83
[444/450] latency=0.2 S2  FR_SAFE_10  seed 44  goal      clr  0.72  t  14.6  inf  65  N 24.5  mpc   6.1 ms  err 0.35
[445/450] latency=0.2 S2  FR_SAFE_10  seed 45  goal      clr  0.63  t  18.2  inf  85  N 24.6  mpc   6.1 ms  err 0.20
[446/450] latency=0.2 S2  FR_SAFE_10  seed 46  goal      clr  0.60  t  15.4  inf  69  N 25.1  mpc   6.5 ms  err 0.51
[447/450] latency=0.2 S2  FR_SAFE_10  seed 47  goal      clr  0.67  t  17.1  inf  77  N 24.1  mpc   6.3 ms  err 0.54
[448/450] latency=0.2 S2  FR_SAFE_10  seed 48  goal      clr  0.70  t  18.4  inf  88  N 24.0  mpc   6.3 ms  err 0.28
[449/450] latency=0.2 S2  FR_SAFE_10  seed 49  goal      clr  0.80  t  14.0  inf  68  N 25.3  mpc   6.2 ms  err 0.36
[450/450] latency=0.2 S2  FR_SAFE_10  seed 50  goal      clr  0.58  t  14.9  inf  71  N 24.6  mpc   6.2 ms  err 0.39
