[  1/250] shift=0.02 S2  E_DART      seed  1  goal      clr  2.47  t  23.8  inf  74  N 19.9  mpc   4.1 ms  err 1.30
[  2/250] shift=0.02 S2  E_DART      seed  2  goal      clr  0.88  t  20.1  inf  81  N 21.9  mpc   4.8 ms  err 0.87
[  3/250] shift=0.02 S2  E_DART      seed  3  goal      clr  1.04  t  32.5  inf 104  N 18.4  mpc   3.2 ms  err 1.34
[  4/250] shift=0.02 S2  E_DART      seed  4  goal      clr  0.94  t  21.9  inf  98  N 22.8  mpc   4.2 ms  err 1.35
[  5/250] shift=0.02 S2  E_DART      seed  5  goal      clr  0.81  t  18.1  inf 106  N 24.0  mpc   4.6 ms  err 0.87
[  6/250] shift=0.02 S2  E_DART      seed  6  goal      clr  2.53  t  25.6  inf  76  N 19.8  mpc   2.8 ms  err 1.90
[  7/250] shift=0.02 S2  E_DART      seed  7  goal      clr  2.22  t  22.6  inf  71  N 20.0  mpc   2.7 ms  err 2.29
[  8/250] shift=0.02 S2  E_DART      seed  8  goal      clr  2.30  t  20.6  inf  67  N 21.4  mpc   3.1 ms  err 1.26
[  9/250] shift=0.02 S2  E_DART      seed  9  goal      clr  4.76  t  20.0  inf  79  N 21.6  mpc   3.1 ms  err 1.37
[ 10/250] shift=0.02 S2  E_DART      seed 10  goal      clr  1.74  t  22.2  inf  82  N 21.2  mpc   3.7 ms  err 0.84
[ 11/250] shift=0.02 S2  E_DART      seed 11  goal      clr  0.54  t  21.0  inf 105  N 22.9  mpc   4.3 ms  err 0.87
[ 12/250] shift=0.02 S2  E_DART      seed 12  goal      clr  0.99  t  25.8  inf 106  N 20.3  mpc   3.9 ms  err 1.68
[ 13/250] shift=0.02 S2  E_DART      seed 13  goal      clr  0.75  t  27.1  inf 139  N 24.0  mpc   5.3 ms  err 0.60
[ 14/250] shift=0.02 S2  E_DART      seed 14  goal      clr  1.28  t  20.6  inf  93  N 22.3  mpc   3.6 ms  err 1.32
[ 15/250] shift=0.02 S2  E_DART      seed 15  goal      clr  2.21  t  18.3  inf  72  N 21.7  mpc   3.9 ms  err 1.18
[ 16/250] shift=0.02 S2  E_DART      seed 16  goal      clr  3.28  t  21.0  inf  58  N 20.4  mpc   3.2 ms  err 1.02
[ 17/250] shift=0.02 S2  E_DART      seed 17  goal      clr  0.68  t  26.8  inf 128  N 21.7  mpc   4.3 ms  err 1.60
[ 18/250] shift=0.02 S2  E_DART      seed 18  goal      clr  1.69  t  16.9  inf  74  N 22.6  mpc   3.6 ms  err 1.41
[ 19/250] shift=0.02 S2  E_DART      seed 19  goal      clr  0.31  t  22.7  inf 117  N 23.7  mpc   4.9 ms  err 0.97
[ 20/250] shift=0.02 S2  E_DART      seed 20  goal      clr  1.10  t  28.5  inf  90  N 19.6  mpc   3.4 ms  err 1.36
[ 21/250] shift=0.02 S2  E_DART      seed 21  goal      clr  2.88  t  20.7  inf  75  N 21.4  mpc   3.3 ms  err 1.40
[ 22/250] shift=0.02 S2  E_DART      seed 22  goal      clr  0.80  t  35.8  inf 129  N 20.4  mpc   3.9 ms  err 1.11
[ 23/250] shift=0.02 S2  E_DART      seed 23  goal      clr  0.99  t  22.4  inf  87  N 23.1  mpc   4.5 ms  err 0.34
[ 24/250] shift=0.02 S2  E_DART      seed 24  goal      clr  3.81  t  26.3  inf  58  N 19.3  mpc   2.5 ms  err 1.50
[ 25/250] shift=0.02 S2  E_DART      seed 25  goal      clr  0.14  t  24.0  inf 116  N 22.2  mpc   4.4 ms  err 1.12
[ 26/250] shift=0.02 S2  E_DART      seed 26  goal      clr  1.16  t  17.9  inf  88  N 23.1  mpc   4.3 ms  err 1.82
[ 27/250] shift=0.02 S2  E_DART      seed 27  goal      clr  0.58  t  30.1  inf 134  N 21.2  mpc   4.3 ms  err 1.16
[ 28/250] shift=0.02 S2  E_DART      seed 28  goal      clr  0.89  t  19.6  inf 112  N 22.6  mpc   4.3 ms  err 1.00
[ 29/250] shift=0.02 S2  E_DART      seed 29  goal      clr  3.38  t  18.1  inf  65  N 20.8  mpc   2.7 ms  err 2.07
[ 30/250] shift=0.02 S2  E_DART      seed 30  goal      clr  2.41  t  24.8  inf  81  N 21.3  mpc   3.3 ms  err 1.19
[ 31/250] shift=0.02 S2  E_DART      seed 31  timeout   clr  0.48  t  40.0  inf 136  N 20.7  mpc   4.2 ms  err 0.64
[ 32/250] shift=0.02 S2  E_DART      seed 32  goal      clr  1.13  t  26.5  inf  93  N 19.6  mpc   3.3 ms  err 1.50
[ 33/250] shift=0.02 S2  E_DART      seed 33  goal      clr  2.29  t  19.6  inf  66  N 21.4  mpc   3.1 ms  err 1.08
[ 34/250] shift=0.02 S2  E_DART      seed 34  goal      clr  1.54  t  24.2  inf  81  N 19.8  mpc   3.0 ms  err 1.02
[ 35/250] shift=0.02 S2  E_DART      seed 35  goal      clr  3.45  t  21.5  inf  65  N 19.3  mpc   2.7 ms  err 0.85
[ 36/250] shift=0.02 S2  E_DART      seed 36  goal      clr  1.17  t  22.9  inf  96  N 20.7  mpc   3.7 ms  err 1.26
[ 37/250] shift=0.02 S2  E_DART      seed 37  goal      clr  0.75  t  33.5  inf 111  N 20.8  mpc   3.5 ms  err 0.83
[ 38/250] shift=0.02 S2  E_DART      seed 38  goal      clr  1.78  t  22.4  inf  87  N 21.2  mpc   3.4 ms  err 1.13
[ 39/250] shift=0.02 S2  E_DART      seed 39  goal      clr  2.14  t  17.4  inf  73  N 21.3  mpc   3.5 ms  err 1.21
[ 40/250] shift=0.02 S2  E_DART      seed 40  goal      clr  0.76  t  27.2  inf 140  N 22.7  mpc   4.4 ms  err 1.35
[ 41/250] shift=0.02 S2  E_DART      seed 41  goal      clr  1.36  t  30.5  inf  93  N 18.9  mpc   3.1 ms  err 1.32
[ 42/250] shift=0.02 S2  E_DART      seed 42  goal      clr  0.91  t  20.8  inf  93  N 23.2  mpc   4.4 ms  err 1.07
[ 43/250] shift=0.02 S2  E_DART      seed 43  goal      clr  1.01  t  22.5  inf 102  N 21.2  mpc   4.0 ms  err 1.48
[ 44/250] shift=0.02 S2  E_DART      seed 44  goal      clr  3.05  t  22.3  inf  70  N 19.7  mpc   2.9 ms  err 1.89
[ 45/250] shift=0.02 S2  E_DART      seed 45  goal      clr  0.52  t  21.1  inf 108  N 23.4  mpc   4.5 ms  err 0.85
[ 46/250] shift=0.02 S2  E_DART      seed 46  goal      clr  0.75  t  31.4  inf  98  N 19.9  mpc   3.2 ms  err 0.92
[ 47/250] shift=0.02 S2  E_DART      seed 47  goal      clr  1.96  t  20.3  inf  80  N 21.6  mpc   3.2 ms  err 1.26
[ 48/250] shift=0.02 S2  E_DART      seed 48  goal      clr  1.41  t  25.8  inf  69  N 18.9  mpc   2.4 ms  err 1.78
[ 49/250] shift=0.02 S2  E_DART      seed 49  goal      clr  0.78  t  28.2  inf 103  N 20.0  mpc   3.5 ms  err 0.92
[ 50/250] shift=0.02 S2  E_DART      seed 50  goal      clr  0.51  t  25.8  inf 109  N 23.2  mpc   4.3 ms  err 0.67
[ 51/250] shift=0.02 S2  Z_ZHUYI     seed  1  goal      clr  0.57  t  34.3  inf  49  N 20.6  mpc   3.9 ms  err 0.61
[ 52/250] shift=0.02 S2  Z_ZHUYI     seed  2  goal      clr  2.25  t  22.2  inf  25  N 18.6  mpc   2.3 ms  err 1.11
[ 53/250] shift=0.02 S2  Z_ZHUYI     seed  3  timeout   clr  0.92  t  40.0  inf  47  N 20.7  mpc   3.6 ms  err 1.13
[ 54/250] shift=0.02 S2  Z_ZHUYI     seed  4  goal      clr  0.62  t  24.7  inf  49  N 19.4  mpc   2.9 ms  err 1.22
[ 55/250] shift=0.02 S2  Z_ZHUYI     seed  5  timeout   clr  0.97  t  40.0  inf  48  N 21.4  mpc   4.6 ms  err 1.24
[ 56/250] shift=0.02 S2  Z_ZHUYI     seed  6  goal      clr  2.94  t  30.7  inf  33  N 18.5  mpc   2.7 ms  err 1.51
[ 57/250] shift=0.02 S2  Z_ZHUYI     seed  7  goal      clr  2.38  t  20.0  inf  24  N 18.2  mpc   2.3 ms  err 1.27
[ 58/250] shift=0.02 S2  Z_ZHUYI     seed  8  goal      clr  1.06  t  29.0  inf  33  N 16.8  mpc   2.3 ms  err 1.43
[ 59/250] shift=0.02 S2  Z_ZHUYI     seed  9  goal      clr  0.56  t  23.9  inf  37  N 20.3  mpc   3.3 ms  err 0.91
[ 60/250] shift=0.02 S2  Z_ZHUYI     seed 10  goal      clr  0.85  t  29.7  inf  44  N 20.6  mpc   3.7 ms  err 0.62
[ 61/250] shift=0.02 S2  Z_ZHUYI     seed 11  goal      clr  1.90  t  20.3  inf  27  N 19.9  mpc   2.5 ms  err 0.98
[ 62/250] shift=0.02 S2  Z_ZHUYI     seed 12  goal      clr  2.01  t  40.0  inf  45  N 17.3  mpc   2.6 ms  err 2.15
[ 63/250] shift=0.02 S2  Z_ZHUYI     seed 13  timeout   clr  1.35  t  40.0  inf  44  N 22.0  mpc   4.6 ms  err 0.56
[ 64/250] shift=0.02 S2  Z_ZHUYI     seed 14  goal      clr  2.74  t  22.5  inf  27  N 18.6  mpc   2.4 ms  err 1.44
[ 65/250] shift=0.02 S2  Z_ZHUYI     seed 15  goal      clr  1.99  t  19.0  inf  20  N 22.6  mpc   3.9 ms  err 1.31
[ 66/250] shift=0.02 S2  Z_ZHUYI     seed 16  goal      clr  2.35  t  28.4  inf  32  N 18.0  mpc   2.5 ms  err 0.86
[ 67/250] shift=0.02 S2  Z_ZHUYI     seed 17  goal      clr  1.63  t  26.1  inf  37  N 23.4  mpc   4.4 ms  err 1.17
[ 68/250] shift=0.02 S2  Z_ZHUYI     seed 18  goal      clr  1.02  t  34.8  inf  46  N 20.1  mpc   3.4 ms  err 0.84
[ 69/250] shift=0.02 S2  Z_ZHUYI     seed 19  goal      clr  1.05  t  35.2  inf  43  N 22.2  mpc   4.4 ms  err 0.78
[ 70/250] shift=0.02 S2  Z_ZHUYI     seed 20  goal      clr  3.28  t  20.8  inf  25  N 17.1  mpc   1.9 ms  err 2.06
[ 71/250] shift=0.02 S2  Z_ZHUYI     seed 21  goal      clr  3.89  t  17.6  inf  23  N 21.3  mpc   2.5 ms  err 1.29
[ 72/250] shift=0.02 S2  Z_ZHUYI     seed 22  goal      clr  0.87  t  27.6  inf  32  N 18.8  mpc   2.9 ms  err 0.78
[ 73/250] shift=0.02 S2  Z_ZHUYI     seed 23  goal      clr  3.55  t  19.4  inf  21  N 18.5  mpc   2.6 ms  err 0.80
[ 74/250] shift=0.02 S2  Z_ZHUYI     seed 24  goal      clr  0.53  t  26.5  inf  36  N 17.1  mpc   2.3 ms  err 1.37
[ 75/250] shift=0.02 S2  Z_ZHUYI     seed 25  timeout   clr  0.65  t  40.0  inf  49  N 21.9  mpc   4.6 ms  err 0.37
[ 76/250] shift=0.02 S2  Z_ZHUYI     seed 26  timeout   clr  0.43  t  40.0  inf  55  N 21.5  mpc   4.4 ms  err 0.41
[ 77/250] shift=0.02 S2  Z_ZHUYI     seed 27  goal      clr  0.95  t  29.8  inf  35  N 17.2  mpc   2.6 ms  err 0.77
[ 78/250] shift=0.02 S2  Z_ZHUYI     seed 28  goal      clr  0.72  t  32.6  inf  39  N 18.5  mpc   3.1 ms  err 0.64
[ 79/250] shift=0.02 S2  Z_ZHUYI     seed 29  goal      clr  3.22  t  18.8  inf  21  N 18.6  mpc   2.4 ms  err 1.30
[ 80/250] shift=0.02 S2  Z_ZHUYI     seed 30  goal      clr  4.19  t  21.0  inf  31  N 17.4  mpc   2.0 ms  err 1.13
[ 81/250] shift=0.02 S2  Z_ZHUYI     seed 31  goal      clr  2.43  t  27.9  inf  29  N 20.2  mpc   3.6 ms  err 0.81
[ 82/250] shift=0.02 S2  Z_ZHUYI     seed 32  goal      clr  1.66  t  28.6  inf  35  N 19.3  mpc   3.5 ms  err 0.85
[ 83/250] shift=0.02 S2  Z_ZHUYI     seed 33  goal      clr  1.15  t  25.9  inf  32  N 19.3  mpc   2.9 ms  err 1.64
[ 84/250] shift=0.02 S2  Z_ZHUYI     seed 34  goal      clr  2.75  t  19.8  inf  25  N 17.6  mpc   2.4 ms  err 1.23
[ 85/250] shift=0.02 S2  Z_ZHUYI     seed 35  goal      clr  0.55  t  31.8  inf  41  N 22.1  mpc   4.5 ms  err 0.80
[ 86/250] shift=0.02 S2  Z_ZHUYI     seed 36  timeout   clr  0.76  t  40.0  inf  60  N 24.4  mpc   5.5 ms  err 0.52
[ 87/250] shift=0.02 S2  Z_ZHUYI     seed 37  goal      clr  0.58  t  34.7  inf  46  N 21.5  mpc   4.4 ms  err 0.40
[ 88/250] shift=0.02 S2  Z_ZHUYI     seed 38  goal      clr  1.40  t  23.0  inf  28  N 18.2  mpc   2.1 ms  err 0.88
[ 89/250] shift=0.02 S2  Z_ZHUYI     seed 39  goal      clr  4.92  t  15.3  inf  20  N 19.4  mpc   2.4 ms  err 1.74
[ 90/250] shift=0.02 S2  Z_ZHUYI     seed 40  goal      clr  2.13  t  18.6  inf  24  N 18.9  mpc   2.4 ms  err 0.96
[ 91/250] shift=0.02 S2  Z_ZHUYI     seed 41  goal      clr  1.35  t  39.4  inf  47  N 19.2  mpc   2.9 ms  err 1.55
[ 92/250] shift=0.02 S2  Z_ZHUYI     seed 42  goal      clr  1.16  t  27.6  inf  30  N 18.4  mpc   2.3 ms  err 0.94
[ 93/250] shift=0.02 S2  Z_ZHUYI     seed 43  goal      clr  3.61  t  19.5  inf  23  N 18.7  mpc   2.3 ms  err 1.51
[ 94/250] shift=0.02 S2  Z_ZHUYI     seed 44  goal      clr  3.80  t  20.5  inf  25  N 18.2  mpc   2.3 ms  err 2.64
[ 95/250] shift=0.02 S2  Z_ZHUYI     seed 45  goal      clr  1.80  t  31.7  inf  39  N 18.3  mpc   2.8 ms  err 0.83
[ 96/250] shift=0.02 S2  Z_ZHUYI     seed 46  goal      clr  1.67  t  25.9  inf  31  N 21.7  mpc   3.6 ms  err 1.16
[ 97/250] shift=0.02 S2  Z_ZHUYI     seed 47  goal      clr  3.27  t  20.0  inf  25  N 20.3  mpc   2.6 ms  err 1.35
[ 98/250] shift=0.02 S2  Z_ZHUYI     seed 48  timeout   clr  0.62  t  40.0  inf  58  N 20.9  mpc   4.0 ms  err 0.99
[ 99/250] shift=0.02 S2  Z_ZHUYI     seed 49  goal      clr  1.31  t  21.5  inf  29  N 19.5  mpc   3.1 ms  err 0.94
[100/250] shift=0.02 S2  Z_ZHUYI     seed 50  goal      clr  0.37  t  29.4  inf  52  N 23.5  mpc   4.9 ms  err 0.94
[101/250] shift=0.02 S2  A_FR_FN     seed  1  goal      clr  0.39  t  16.8  inf 156  N 20.0  mpc   3.3 ms  err 0.92
[102/250] shift=0.02 S2  A_FR_FN     seed  2  goal      clr  0.38  t  19.6  inf 181  N 20.0  mpc   3.3 ms  err 1.25
[103/250] shift=0.02 S2  A_FR_FN     seed  3  goal      clr  0.28  t  14.3  inf 134  N 20.0  mpc   3.1 ms  err 0.86
[104/250] shift=0.02 S2  A_FR_FN     seed  4  goal      clr  0.03  t  15.6  inf 146  N 20.0  mpc   3.1 ms  err 1.22
[105/250] shift=0.02 S2  A_FR_FN     seed  5  collision clr -0.01  t  11.2  inf 104  N 20.0  mpc   3.2 ms  err 1.14
[106/250] shift=0.02 S2  A_FR_FN     seed  6  goal      clr  0.32  t  15.5  inf 144  N 20.0  mpc   3.2 ms  err 1.05
[107/250] shift=0.02 S2  A_FR_FN     seed  7  goal      clr  0.20  t  16.8  inf 157  N 20.0  mpc   3.1 ms  err 1.27
[108/250] shift=0.02 S2  A_FR_FN     seed  8  goal      clr  0.30  t  14.9  inf 139  N 20.0  mpc   3.0 ms  err 1.25
[109/250] shift=0.02 S2  A_FR_FN     seed  9  goal      clr  0.22  t  15.8  inf 147  N 20.0  mpc   3.1 ms  err 1.54
[110/250] shift=0.02 S2  A_FR_FN     seed 10  goal      clr  0.29  t  15.6  inf 146  N 20.0  mpc   3.0 ms  err 0.61
[111/250] shift=0.02 S2  A_FR_FN     seed 11  goal      clr  0.12  t  15.6  inf 147  N 20.0  mpc   3.1 ms  err 0.62
[112/250] shift=0.02 S2  A_FR_FN     seed 12  goal      clr  0.03  t  15.8  inf 146  N 20.0  mpc   3.2 ms  err 1.81
[113/250] shift=0.02 S2  A_FR_FN     seed 13  goal      clr  0.23  t  15.1  inf 138  N 20.0  mpc   3.2 ms  err 1.48
[114/250] shift=0.02 S2  A_FR_FN     seed 14  goal      clr  0.19  t  15.8  inf 144  N 20.0  mpc   3.0 ms  err 1.42
[115/250] shift=0.02 S2  A_FR_FN     seed 15  goal      clr  0.33  t  14.3  inf 132  N 20.0  mpc   3.0 ms  err 1.60
[116/250] shift=0.02 S2  A_FR_FN     seed 16  goal      clr  0.03  t  14.9  inf 138  N 20.0  mpc   3.0 ms  err 1.15
[117/250] shift=0.02 S2  A_FR_FN     seed 17  goal      clr  0.38  t  14.9  inf 140  N 20.0  mpc   3.1 ms  err 0.73
[118/250] shift=0.02 S2  A_FR_FN     seed 18  goal      clr  0.35  t  15.0  inf 139  N 20.0  mpc   3.0 ms  err 0.90
[119/250] shift=0.02 S2  A_FR_FN     seed 19  goal      clr  0.12  t  15.0  inf 138  N 20.0  mpc   3.1 ms  err 0.79
[120/250] shift=0.02 S2  A_FR_FN     seed 20  goal      clr  0.22  t  13.7  inf 128  N 20.0  mpc   3.1 ms  err 1.27
[121/250] shift=0.02 S2  A_FR_FN     seed 21  goal      clr  0.32  t  16.2  inf 152  N 20.0  mpc   3.2 ms  err 1.11
[122/250] shift=0.02 S2  A_FR_FN     seed 22  goal      clr  0.04  t  15.2  inf 142  N 20.0  mpc   3.1 ms  err 1.18
[123/250] shift=0.02 S2  A_FR_FN     seed 23  goal      clr  0.13  t  16.8  inf 158  N 20.0  mpc   3.2 ms  err 1.59
[124/250] shift=0.02 S2  A_FR_FN     seed 24  goal      clr  0.28  t  13.8  inf 127  N 20.0  mpc   3.0 ms  err 1.22
[125/250] shift=0.02 S2  A_FR_FN     seed 25  goal      clr  0.07  t  13.9  inf 133  N 20.0  mpc   3.1 ms  err 1.62
[126/250] shift=0.02 S2  A_FR_FN     seed 26  goal      clr  0.23  t  14.4  inf 133  N 20.0  mpc   3.1 ms  err 1.37
[127/250] shift=0.02 S2  A_FR_FN     seed 27  goal      clr  0.31  t  14.3  inf 133  N 20.0  mpc   3.1 ms  err 0.91
[128/250] shift=0.02 S2  A_FR_FN     seed 28  goal      clr  0.26  t  15.6  inf 145  N 20.0  mpc   3.2 ms  err 0.76
[129/250] shift=0.02 S2  A_FR_FN     seed 29  goal      clr  0.25  t  14.1  inf 130  N 20.0  mpc   3.0 ms  err 1.11
[130/250] shift=0.02 S2  A_FR_FN     seed 30  goal      clr  0.10  t  13.9  inf 129  N 20.0  mpc   3.1 ms  err 2.04
[131/250] shift=0.02 S2  A_FR_FN     seed 31  goal      clr  0.33  t  15.7  inf 144  N 20.0  mpc   3.1 ms  err 1.85
[132/250] shift=0.02 S2  A_FR_FN     seed 32  collision clr -0.00  t  13.0  inf 121  N 20.0  mpc   3.1 ms  err 1.41
[133/250] shift=0.02 S2  A_FR_FN     seed 33  collision clr -0.03  t   8.5  inf  79  N 20.0  mpc   3.2 ms  err 1.35
[134/250] shift=0.02 S2  A_FR_FN     seed 34  goal      clr  0.21  t  13.8  inf 131  N 20.0  mpc   3.1 ms  err 1.02
[135/250] shift=0.02 S2  A_FR_FN     seed 35  goal      clr  0.37  t  13.8  inf 131  N 20.0  mpc   2.8 ms  err 0.93
[136/250] shift=0.02 S2  A_FR_FN     seed 36  collision clr -0.01  t   4.5  inf  42  N 20.0  mpc   3.3 ms  err 0.88
[137/250] shift=0.02 S2  A_FR_FN     seed 37  goal      clr  0.31  t  14.7  inf 137  N 20.0  mpc   3.1 ms  err 0.76
[138/250] shift=0.02 S2  A_FR_FN     seed 38  goal      clr  0.01  t  17.2  inf 159  N 20.0  mpc   3.2 ms  err 1.04
[139/250] shift=0.02 S2  A_FR_FN     seed 39  goal      clr  0.40  t  14.5  inf 138  N 20.0  mpc   3.0 ms  err 1.09
[140/250] shift=0.02 S2  A_FR_FN     seed 40  goal      clr  0.27  t  15.1  inf 139  N 20.0  mpc   3.1 ms  err 0.99
[141/250] shift=0.02 S2  A_FR_FN     seed 41  goal      clr  0.40  t  17.4  inf 162  N 20.0  mpc   3.2 ms  err 1.00
[142/250] shift=0.02 S2  A_FR_FN     seed 42  goal      clr  0.17  t  13.9  inf 132  N 20.0  mpc   3.1 ms  err 0.62
[143/250] shift=0.02 S2  A_FR_FN     seed 43  goal      clr  0.04  t  15.0  inf 140  N 20.0  mpc   3.1 ms  err 1.29
[144/250] shift=0.02 S2  A_FR_FN     seed 44  goal      clr  0.22  t  15.9  inf 149  N 20.0  mpc   3.2 ms  err 1.09
[145/250] shift=0.02 S2  A_FR_FN     seed 45  goal      clr  0.39  t  15.4  inf 143  N 20.0  mpc   3.0 ms  err 0.89
[146/250] shift=0.02 S2  A_FR_FN     seed 46  goal      clr  0.24  t  16.1  inf 150  N 20.0  mpc   3.1 ms  err 0.96
[147/250] shift=0.02 S2  A_FR_FN     seed 47  goal      clr  0.08  t  14.9  inf 139  N 20.0  mpc   3.1 ms  err 0.72
[148/250] shift=0.02 S2  A_FR_FN     seed 48  goal      clr  0.44  t  17.5  inf 161  N 20.0  mpc   3.1 ms  err 0.78
[149/250] shift=0.02 S2  A_FR_FN     seed 49  goal      clr  0.37  t  13.4  inf 122  N 20.0  mpc   3.1 ms  err 0.82
[150/250] shift=0.02 S2  A_FR_FN     seed 50  goal      clr  0.29  t  14.8  inf 137  N 20.0  mpc   3.1 ms  err 0.65
[151/250] shift=0.02 S2  FR_SAFE_3   seed  1  goal      clr  1.29  t  24.3  inf  72  N 19.8  mpc   2.7 ms  err 1.21
[152/250] shift=0.02 S2  FR_SAFE_3   seed  2  goal      clr  3.16  t  20.5  inf  61  N 21.7  mpc   2.9 ms  err 1.15
[153/250] shift=0.02 S2  FR_SAFE_3   seed  3  goal      clr  3.80  t  20.1  inf  60  N 20.6  mpc   2.7 ms  err 1.33
[154/250] shift=0.02 S2  FR_SAFE_3   seed  4  goal      clr  0.77  t  25.8  inf  76  N 22.3  mpc   4.5 ms  err 1.37
[155/250] shift=0.02 S2  FR_SAFE_3   seed  5  goal      clr  0.75  t  25.0  inf  74  N 24.8  mpc   5.3 ms  err 0.50
[156/250] shift=0.02 S2  FR_SAFE_3   seed  6  goal      clr  1.13  t  18.7  inf  56  N 22.8  mpc   3.9 ms  err 0.81
[157/250] shift=0.02 S2  FR_SAFE_3   seed  7  goal      clr  0.54  t  26.8  inf  79  N 21.8  mpc   4.4 ms  err 1.25
[158/250] shift=0.02 S2  FR_SAFE_3   seed  8  goal      clr  2.71  t  27.5  inf  81  N 20.7  mpc   2.9 ms  err 1.61
[159/250] shift=0.02 S2  FR_SAFE_3   seed  9  timeout   clr  0.62  t  40.0  inf 118  N 20.0  mpc   3.7 ms  err 0.72
[160/250] shift=0.02 S2  FR_SAFE_3   seed 10  goal      clr  0.62  t  20.3  inf  60  N 25.1  mpc   5.1 ms  err 0.65
[161/250] shift=0.02 S2  FR_SAFE_3   seed 11  goal      clr  2.81  t  23.9  inf  71  N 20.9  mpc   3.2 ms  err 0.65
[162/250] shift=0.02 S2  FR_SAFE_3   seed 12  goal      clr  0.60  t  29.0  inf  86  N 21.8  mpc   4.3 ms  err 1.45
[163/250] shift=0.02 S2  FR_SAFE_3   seed 13  goal      clr  1.03  t  26.1  inf  77  N 24.1  mpc   5.2 ms  err 0.88
[164/250] shift=0.02 S2  FR_SAFE_3   seed 14  goal      clr  3.39  t  22.0  inf  65  N 19.5  mpc   2.6 ms  err 1.58
[165/250] shift=0.02 S2  FR_SAFE_3   seed 15  goal      clr  2.37  t  19.7  inf  59  N 23.0  mpc   3.7 ms  err 1.79
[166/250] shift=0.02 S2  FR_SAFE_3   seed 16  goal      clr  0.87  t  25.3  inf  75  N 23.9  mpc   4.9 ms  err 0.75
[167/250] shift=0.02 S2  FR_SAFE_3   seed 17  goal      clr  0.95  t  24.2  inf  72  N 22.5  mpc   3.9 ms  err 1.06
[168/250] shift=0.02 S2  FR_SAFE_3   seed 18  goal      clr  0.41  t  30.9  inf  91  N 22.5  mpc   4.5 ms  err 1.00
[169/250] shift=0.02 S2  FR_SAFE_3   seed 19  goal      clr  0.74  t  26.0  inf  77  N 23.4  mpc   4.8 ms  err 0.96
[170/250] shift=0.02 S2  FR_SAFE_3   seed 20  goal      clr  1.17  t  22.6  inf  67  N 21.3  mpc   3.6 ms  err 0.66
[171/250] shift=0.02 S2  FR_SAFE_3   seed 21  goal      clr  0.93  t  31.7  inf  94  N 23.5  mpc   4.9 ms  err 0.51
[172/250] shift=0.02 S2  FR_SAFE_3   seed 22  goal      clr  0.78  t  23.1  inf  69  N 24.5  mpc   5.3 ms  err 0.72
[173/250] shift=0.02 S2  FR_SAFE_3   seed 23  goal      clr  0.58  t  20.6  inf  61  N 23.8  mpc   4.5 ms  err 0.44
[174/250] shift=0.02 S2  FR_SAFE_3   seed 24  goal      clr  0.69  t  29.3  inf  87  N 23.1  mpc   4.9 ms  err 0.85
[175/250] shift=0.02 S2  FR_SAFE_3   seed 25  goal      clr  2.09  t  29.7  inf  88  N 21.3  mpc   3.6 ms  err 0.71
[176/250] shift=0.02 S2  FR_SAFE_3   seed 26  goal      clr  0.70  t  29.7  inf  88  N 23.2  mpc   4.7 ms  err 0.33
[177/250] shift=0.02 S2  FR_SAFE_3   seed 27  goal      clr  0.68  t  29.4  inf  87  N 23.8  mpc   5.0 ms  err 0.48
[178/250] shift=0.02 S2  FR_SAFE_3   seed 28  goal      clr  0.87  t  27.9  inf  83  N 22.6  mpc   4.5 ms  err 0.65
[179/250] shift=0.02 S2  FR_SAFE_3   seed 29  goal      clr  2.86  t  18.9  inf  56  N 20.7  mpc   2.7 ms  err 1.25
[180/250] shift=0.02 S2  FR_SAFE_3   seed 30  goal      clr  1.24  t  30.8  inf  91  N 22.0  mpc   4.3 ms  err 0.81
[181/250] shift=0.02 S2  FR_SAFE_3   seed 31  goal      clr  0.68  t  33.6  inf  99  N 22.6  mpc   4.7 ms  err 0.73
[182/250] shift=0.02 S2  FR_SAFE_3   seed 32  goal      clr  3.36  t  19.0  inf  56  N 22.0  mpc   3.1 ms  err 0.86
[183/250] shift=0.02 S2  FR_SAFE_3   seed 33  goal      clr  0.72  t  31.0  inf  92  N 23.4  mpc   5.0 ms  err 0.72
[184/250] shift=0.02 S2  FR_SAFE_3   seed 34  goal      clr  4.35  t  17.7  inf  53  N 21.1  mpc   2.9 ms  err 1.70
[185/250] shift=0.02 S2  FR_SAFE_3   seed 35  goal      clr  3.92  t  18.0  inf  53  N 21.4  mpc   3.2 ms  err 0.99
[186/250] shift=0.02 S2  FR_SAFE_3   seed 36  goal      clr  2.71  t  21.0  inf  62  N 20.0  mpc   2.9 ms  err 1.28
[187/250] shift=0.02 S2  FR_SAFE_3   seed 37  goal      clr  0.53  t  31.0  inf  92  N 23.3  mpc   5.0 ms  err 0.69
[188/250] shift=0.02 S2  FR_SAFE_3   seed 38  goal      clr  3.86  t  23.1  inf  68  N 23.2  mpc   3.4 ms  err 1.59
[189/250] shift=0.02 S2  FR_SAFE_3   seed 39  goal      clr  1.07  t  22.0  inf  65  N 21.2  mpc   3.5 ms  err 1.50
[190/250] shift=0.02 S2  FR_SAFE_3   seed 40  goal      clr  1.64  t  20.1  inf  59  N 23.4  mpc   3.7 ms  err 1.25
[191/250] shift=0.02 S2  FR_SAFE_3   seed 41  goal      clr  2.52  t  23.7  inf  70  N 19.4  mpc   2.8 ms  err 1.08
[192/250] shift=0.02 S2  FR_SAFE_3   seed 42  goal      clr  3.21  t  21.0  inf  62  N 23.2  mpc   3.4 ms  err 0.80
[193/250] shift=0.02 S2  FR_SAFE_3   seed 43  goal      clr  0.75  t  24.1  inf  71  N 23.9  mpc   5.1 ms  err 0.78
[194/250] shift=0.02 S2  FR_SAFE_3   seed 44  goal      clr  0.87  t  29.9  inf  89  N 21.1  mpc   3.6 ms  err 1.68
[195/250] shift=0.02 S2  FR_SAFE_3   seed 45  goal      clr  3.48  t  19.9  inf  59  N 21.8  mpc   3.0 ms  err 0.94
[196/250] shift=0.02 S2  FR_SAFE_3   seed 46  goal      clr  0.50  t  28.4  inf  84  N 23.0  mpc   4.5 ms  err 1.21
[197/250] shift=0.02 S2  FR_SAFE_3   seed 47  goal      clr  1.79  t  20.7  inf  61  N 22.4  mpc   3.0 ms  err 0.98
[198/250] shift=0.02 S2  FR_SAFE_3   seed 48  goal      clr  3.65  t  21.4  inf  64  N 19.9  mpc   2.7 ms  err 1.04
[199/250] shift=0.02 S2  FR_SAFE_3   seed 49  goal      clr  2.88  t  22.6  inf  67  N 21.5  mpc   3.2 ms  err 0.56
[200/250] shift=0.02 S2  FR_SAFE_3   seed 50  goal      clr  0.71  t  31.4  inf  93  N 24.2  mpc   5.0 ms  err 0.48
[201/250] shift=0.02 S2  FR_SAFE_10  seed  1  goal      clr  1.78  t  23.1  inf 213  N 21.4  mpc   3.8 ms  err 1.61
[202/250] shift=0.02 S2  FR_SAFE_10  seed  2  goal      clr  0.60  t  23.1  inf 214  N 23.6  mpc   5.0 ms  err 0.97
[203/250] shift=0.02 S2  FR_SAFE_10  seed  3  goal      clr  0.61  t  18.8  inf 174  N 23.4  mpc   4.7 ms  err 0.48
[204/250] shift=0.02 S2  FR_SAFE_10  seed  4  goal      clr  1.41  t  19.7  inf 184  N 22.6  mpc   3.7 ms  err 1.63
[205/250] shift=0.02 S2  FR_SAFE_10  seed  5  goal      clr  3.02  t  19.4  inf 179  N 23.0  mpc   3.9 ms  err 1.31
[206/250] shift=0.02 S2  FR_SAFE_10  seed  6  goal      clr  0.65  t  16.8  inf 156  N 25.0  mpc   5.1 ms  err 0.90
[207/250] shift=0.02 S2  FR_SAFE_10  seed  7  goal      clr  1.96  t  22.0  inf 206  N 21.8  mpc   3.6 ms  err 1.12
[208/250] shift=0.02 S2  FR_SAFE_10  seed  8  goal      clr  0.73  t  23.2  inf 215  N 22.7  mpc   4.1 ms  err 1.63
[209/250] shift=0.02 S2  FR_SAFE_10  seed  9  goal      clr  3.21  t  17.1  inf 159  N 25.0  mpc   4.3 ms  err 1.63
[210/250] shift=0.02 S2  FR_SAFE_10  seed 10  goal      clr  2.28  t  22.1  inf 207  N 20.5  mpc   3.4 ms  err 0.99
[211/250] shift=0.02 S2  FR_SAFE_10  seed 11  goal      clr  3.12  t  22.0  inf 207  N 23.5  mpc   3.4 ms  err 1.49
[212/250] shift=0.02 S2  FR_SAFE_10  seed 12  goal      clr  0.40  t  26.1  inf 242  N 24.5  mpc   5.3 ms  err 1.13
[213/250] shift=0.02 S2  FR_SAFE_10  seed 13  goal      clr  1.07  t  16.2  inf 148  N 25.3  mpc   4.9 ms  err 1.14
[214/250] shift=0.02 S2  FR_SAFE_10  seed 14  goal      clr  2.09  t  21.4  inf 197  N 20.4  mpc   3.2 ms  err 0.65
[215/250] shift=0.02 S2  FR_SAFE_10  seed 15  goal      clr  1.53  t  17.5  inf 162  N 23.9  mpc   3.9 ms  err 1.61
[216/250] shift=0.02 S2  FR_SAFE_10  seed 16  goal      clr  0.49  t  30.8  inf 284  N 22.4  mpc   4.7 ms  err 0.55
[217/250] shift=0.02 S2  FR_SAFE_10  seed 17  goal      clr  1.06  t  16.9  inf 158  N 25.5  mpc   5.2 ms  err 1.09
[218/250] shift=0.02 S2  FR_SAFE_10  seed 18  goal      clr  0.67  t  18.9  inf 174  N 22.9  mpc   4.4 ms  err 0.68
[219/250] shift=0.02 S2  FR_SAFE_10  seed 19  goal      clr  0.47  t  19.9  inf 182  N 22.8  mpc   4.7 ms  err 0.85
[220/250] shift=0.02 S2  FR_SAFE_10  seed 20  goal      clr  0.79  t  16.9  inf 158  N 23.9  mpc   4.7 ms  err 0.83
[221/250] shift=0.02 S2  FR_SAFE_10  seed 21  goal      clr  0.71  t  19.9  inf 187  N 22.6  mpc   4.3 ms  err 0.53
[222/250] shift=0.02 S2  FR_SAFE_10  seed 22  goal      clr  0.70  t  22.1  inf 206  N 23.4  mpc   4.9 ms  err 0.63
[223/250] shift=0.02 S2  FR_SAFE_10  seed 23  goal      clr  0.79  t  18.3  inf 172  N 24.4  mpc   4.6 ms  err 0.87
[224/250] shift=0.02 S2  FR_SAFE_10  seed 24  goal      clr  0.70  t  19.8  inf 183  N 25.0  mpc   4.7 ms  err 1.31
[225/250] shift=0.02 S2  FR_SAFE_10  seed 25  goal      clr  1.18  t  17.6  inf 168  N 24.9  mpc   4.3 ms  err 1.16
[226/250] shift=0.02 S2  FR_SAFE_10  seed 26  goal      clr  1.00  t  16.9  inf 157  N 22.4  mpc   3.7 ms  err 1.01
[227/250] shift=0.02 S2  FR_SAFE_10  seed 27  goal      clr  0.47  t  29.9  inf 277  N 22.9  mpc   4.8 ms  err 1.15
[228/250] shift=0.02 S2  FR_SAFE_10  seed 28  goal      clr  0.92  t  20.1  inf 186  N 24.6  mpc   4.6 ms  err 0.80
[229/250] shift=0.02 S2  FR_SAFE_10  seed 29  goal      clr  0.50  t  21.0  inf 192  N 24.8  mpc   5.6 ms  err 1.26
[230/250] shift=0.02 S2  FR_SAFE_10  seed 30  goal      clr  1.27  t  17.4  inf 161  N 23.7  mpc   4.2 ms  err 0.90
[231/250] shift=0.02 S2  FR_SAFE_10  seed 31  goal      clr  0.61  t  22.0  inf 202  N 24.2  mpc   4.7 ms  err 1.45
[232/250] shift=0.02 S2  FR_SAFE_10  seed 32  goal      clr  3.77  t  18.0  inf 168  N 23.8  mpc   4.0 ms  err 1.56
[233/250] shift=0.02 S2  FR_SAFE_10  seed 33  goal      clr  0.85  t  23.3  inf 216  N 22.5  mpc   4.4 ms  err 0.89
[234/250] shift=0.02 S2  FR_SAFE_10  seed 34  goal      clr  0.51  t  26.2  inf 244  N 23.8  mpc   5.0 ms  err 0.88
[235/250] shift=0.02 S2  FR_SAFE_10  seed 35  goal      clr  2.68  t  19.3  inf 182  N 23.6  mpc   4.3 ms  err 1.24
[236/250] shift=0.02 S2  FR_SAFE_10  seed 36  goal      clr  0.68  t  26.0  inf 242  N 23.1  mpc   4.3 ms  err 1.25
[237/250] shift=0.02 S2  FR_SAFE_10  seed 37  goal      clr  0.42  t  20.5  inf 189  N 23.2  mpc   4.2 ms  err 0.87
[238/250] shift=0.02 S2  FR_SAFE_10  seed 38  goal      clr  2.39  t  20.8  inf 193  N 24.6  mpc   4.4 ms  err 1.34
[239/250] shift=0.02 S2  FR_SAFE_10  seed 39  goal      clr  0.80  t  19.5  inf 183  N 23.1  mpc   4.4 ms  err 1.66
[240/250] shift=0.02 S2  FR_SAFE_10  seed 40  goal      clr  0.59  t  22.7  inf 208  N 26.0  mpc   5.9 ms  err 1.03
[241/250] shift=0.02 S2  FR_SAFE_10  seed 41  goal      clr  2.00  t  18.4  inf 171  N 23.3  mpc   3.9 ms  err 1.15
[242/250] shift=0.02 S2  FR_SAFE_10  seed 42  goal      clr  2.98  t  18.4  inf 173  N 23.5  mpc   3.9 ms  err 1.21
[243/250] shift=0.02 S2  FR_SAFE_10  seed 43  goal      clr  1.12  t  19.4  inf 180  N 23.6  mpc   4.0 ms  err 1.40
[244/250] shift=0.02 S2  FR_SAFE_10  seed 44  goal      clr  2.39  t  20.1  inf 188  N 22.0  mpc   3.5 ms  err 1.52
[245/250] shift=0.02 S2  FR_SAFE_10  seed 45  goal      clr  2.67  t  17.9  inf 166  N 23.2  mpc   3.8 ms  err 1.22
[246/250] shift=0.02 S2  FR_SAFE_10  seed 46  goal      clr  0.84  t  17.7  inf 165  N 25.1  mpc   5.2 ms  err 0.79
[247/250] shift=0.02 S2  FR_SAFE_10  seed 47  goal      clr  0.69  t  19.2  inf 178  N 25.2  mpc   5.6 ms  err 0.98
[248/250] shift=0.02 S2  FR_SAFE_10  seed 48  goal      clr  2.20  t  19.1  inf 176  N 23.8  mpc   4.0 ms  err 0.84
[249/250] shift=0.02 S2  FR_SAFE_10  seed 49  goal      clr  0.81  t  19.2  inf 175  N 25.0  mpc   4.3 ms  err 1.27
[250/250] shift=0.02 S2  FR_SAFE_10  seed 50  goal      clr  1.03  t  23.7  inf 221  N 22.7  mpc   4.4 ms  err 0.99
