[  1/450] latency=0.15 S2  E_DART      seed  1  goal      clr  0.51  t  20.5  inf  60  N 23.4  mpc   5.5 ms  err 0.53
[  2/450] latency=0.15 S2  E_DART      seed  2  goal      clr  0.60  t  18.0  inf  65  N 24.3  mpc   6.4 ms  err 0.86
[  3/450] latency=0.15 S2  E_DART      seed  3  goal      clr  0.65  t  14.8  inf  61  N 25.7  mpc   5.1 ms  err 0.29
[  4/450] latency=0.15 S2  E_DART      seed  4  goal      clr  0.93  t  16.7  inf  46  N 22.5  mpc   4.0 ms  err 0.36
[  5/450] latency=0.15 S2  E_DART      seed  5  goal      clr  0.58  t  19.8  inf  68  N 23.8  mpc   4.7 ms  err 0.24
[  6/450] latency=0.15 S2  E_DART      seed  6  goal      clr  0.34  t  15.8  inf  70  N 25.8  mpc   5.3 ms  err 0.62
[  7/450] latency=0.15 S2  E_DART      seed  7  goal      clr  0.59  t  14.6  inf  58  N 24.9  mpc   5.0 ms  err 0.48
[  8/450] latency=0.15 S2  E_DART      seed  8  goal      clr  0.59  t  14.7  inf  59  N 25.2  mpc   4.9 ms  err 0.32
[  9/450] latency=0.15 S2  E_DART      seed  9  goal      clr  0.54  t  18.0  inf  65  N 25.0  mpc   5.0 ms  err 0.48
[ 10/450] latency=0.15 S2  E_DART      seed 10  goal      clr  0.80  t  14.4  inf  54  N 25.8  mpc   4.9 ms  err 0.43
[ 11/450] latency=0.15 S2  E_DART      seed 11  goal      clr  0.55  t  16.1  inf  63  N 25.8  mpc   5.0 ms  err 0.27
[ 12/450] latency=0.15 S2  E_DART      seed 12  goal      clr  0.63  t  17.2  inf  63  N 25.4  mpc   4.9 ms  err 0.38
[ 13/450] latency=0.15 S2  E_DART      seed 13  goal      clr  0.49  t  19.5  inf  75  N 25.1  mpc   4.9 ms  err 0.54
[ 14/450] latency=0.15 S2  E_DART      seed 14  goal      clr  0.58  t  15.9  inf  62  N 23.2  mpc   4.6 ms  err 0.39
[ 15/450] latency=0.15 S2  E_DART      seed 15  goal      clr  0.89  t  13.7  inf  57  N 25.1  mpc   4.7 ms  err 0.61
[ 16/450] latency=0.15 S2  E_DART      seed 16  goal      clr  0.66  t  15.8  inf  62  N 25.9  mpc   5.1 ms  err 0.35
[ 17/450] latency=0.15 S2  E_DART      seed 17  goal      clr  0.54  t  15.2  inf  55  N 24.7  mpc   4.9 ms  err 0.30
[ 18/450] latency=0.15 S2  E_DART      seed 18  goal      clr  0.70  t  14.2  inf  48  N 23.5  mpc   4.5 ms  err 0.93
[ 19/450] latency=0.15 S2  E_DART      seed 19  goal      clr  0.63  t  19.4  inf  60  N 22.0  mpc   4.1 ms  err 0.32
[ 20/450] latency=0.15 S2  E_DART      seed 20  goal      clr  0.82  t  14.9  inf  44  N 24.9  mpc   5.0 ms  err 0.59
[ 21/450] latency=0.15 S2  E_DART      seed 21  goal      clr  0.73  t  13.8  inf  53  N 24.4  mpc   4.8 ms  err 0.24
[ 22/450] latency=0.15 S2  E_DART      seed 22  goal      clr  0.55  t  15.3  inf  63  N 25.1  mpc   4.9 ms  err 0.46
[ 23/450] latency=0.15 S2  E_DART      seed 23  goal      clr  0.67  t  15.3  inf  62  N 25.9  mpc   5.2 ms  err 0.27
[ 24/450] latency=0.15 S2  E_DART      seed 24  goal      clr  0.70  t  16.5  inf  65  N 25.5  mpc   5.1 ms  err 0.32
[ 25/450] latency=0.15 S2  E_DART      seed 25  goal      clr  0.56  t  17.9  inf  55  N 23.9  mpc   4.8 ms  err 0.79
[ 26/450] latency=0.15 S2  E_DART      seed 26  goal      clr  0.58  t  15.8  inf  58  N 23.7  mpc   4.7 ms  err 0.48
[ 27/450] latency=0.15 S2  E_DART      seed 27  goal      clr  0.73  t  15.1  inf  54  N 25.3  mpc   4.9 ms  err 0.37
[ 28/450] latency=0.15 S2  E_DART      seed 28  goal      clr  0.64  t  14.5  inf  63  N 26.0  mpc   5.1 ms  err 0.27
[ 29/450] latency=0.15 S2  E_DART      seed 29  goal      clr  0.92  t  13.1  inf  48  N 24.3  mpc   4.5 ms  err 0.56
[ 30/450] latency=0.15 S2  E_DART      seed 30  goal      clr  0.60  t  17.5  inf  62  N 24.3  mpc   4.6 ms  err 0.56
[ 31/450] latency=0.15 S2  E_DART      seed 31  goal      clr  0.81  t  18.6  inf  53  N 21.6  mpc   3.9 ms  err 0.70
[ 32/450] latency=0.15 S2  E_DART      seed 32  goal      clr  0.48  t  16.8  inf  60  N 23.0  mpc   4.5 ms  err 0.70
[ 33/450] latency=0.15 S2  E_DART      seed 33  goal      clr  0.67  t  14.3  inf  59  N 25.1  mpc   5.0 ms  err 0.70
[ 34/450] latency=0.15 S2  E_DART      seed 34  goal      clr  0.63  t  17.9  inf  70  N 23.9  mpc   4.5 ms  err 0.27
[ 35/450] latency=0.15 S2  E_DART      seed 35  goal      clr  0.68  t  14.2  inf  58  N 25.9  mpc   4.8 ms  err 0.47
[ 36/450] latency=0.15 S2  E_DART      seed 36  goal      clr  0.53  t  16.0  inf  59  N 26.0  mpc   5.4 ms  err 0.62
[ 37/450] latency=0.15 S2  E_DART      seed 37  goal      clr  0.70  t  18.2  inf  57  N 21.9  mpc   3.8 ms  err 0.32
[ 38/450] latency=0.15 S2  E_DART      seed 38  goal      clr  0.64  t  22.8  inf  68  N 23.3  mpc   4.6 ms  err 0.47
[ 39/450] latency=0.15 S2  E_DART      seed 39  goal      clr  0.82  t  14.3  inf  55  N 25.0  mpc   4.8 ms  err 0.71
[ 40/450] latency=0.15 S2  E_DART      seed 40  goal      clr  0.48  t  19.7  inf  79  N 24.8  mpc   5.2 ms  err 0.43
[ 41/450] latency=0.15 S2  E_DART      seed 41  goal      clr  0.79  t  14.6  inf  57  N 24.8  mpc   4.9 ms  err 0.73
[ 42/450] latency=0.15 S2  E_DART      seed 42  goal      clr  0.41  t  19.3  inf  60  N 23.9  mpc   4.8 ms  err 0.31
[ 43/450] latency=0.15 S2  E_DART      seed 43  goal      clr  0.70  t  14.9  inf  57  N 25.3  mpc   5.0 ms  err 0.62
[ 44/450] latency=0.15 S2  E_DART      seed 44  goal      clr  0.71  t  13.8  inf  55  N 24.8  mpc   4.8 ms  err 0.49
[ 45/450] latency=0.15 S2  E_DART      seed 45  goal      clr  0.67  t  15.3  inf  66  N 25.4  mpc   4.8 ms  err 0.25
[ 46/450] latency=0.15 S2  E_DART      seed 46  goal      clr  0.57  t  14.0  inf  56  N 25.3  mpc   4.8 ms  err 0.38
[ 47/450] latency=0.15 S2  E_DART      seed 47  goal      clr  0.54  t  14.9  inf  55  N 24.3  mpc   4.7 ms  err 0.72
[ 48/450] latency=0.15 S2  E_DART      seed 48  goal      clr  0.71  t  19.7  inf  54  N 23.2  mpc   4.3 ms  err 0.43
[ 49/450] latency=0.15 S2  E_DART      seed 49  goal      clr  0.78  t  14.0  inf  55  N 25.1  mpc   5.0 ms  err 0.71
[ 50/450] latency=0.15 S2  E_DART      seed 50  goal      clr  0.52  t  20.1  inf  68  N 24.5  mpc   5.2 ms  err 0.27
[ 51/450] latency=0.15 S2  Z_ZHUYI     seed  1  goal      clr  0.33  t  15.7  inf  25  N 24.4  mpc   5.1 ms  err 1.02
[ 52/450] latency=0.15 S2  Z_ZHUYI     seed  2  goal      clr  0.67  t  17.0  inf  38  N 23.1  mpc   4.5 ms  err 0.26
[ 53/450] latency=0.15 S2  Z_ZHUYI     seed  3  goal      clr  0.66  t  17.2  inf  34  N 23.8  mpc   4.7 ms  err 0.59
[ 54/450] latency=0.15 S2  Z_ZHUYI     seed  4  goal      clr  0.76  t  14.1  inf  35  N 26.1  mpc   5.0 ms  err 0.68
[ 55/450] latency=0.15 S2  Z_ZHUYI     seed  5  goal      clr  1.56  t  15.6  inf  20  N 23.3  mpc   4.0 ms  err 0.77
[ 56/450] latency=0.15 S2  Z_ZHUYI     seed  6  goal      clr  0.73  t  15.2  inf  36  N 24.7  mpc   5.0 ms  err 0.89
[ 57/450] latency=0.15 S2  Z_ZHUYI     seed  7  goal      clr  1.26  t  22.2  inf  28  N 19.4  mpc   3.1 ms  err 0.75
[ 58/450] latency=0.15 S2  Z_ZHUYI     seed  8  goal      clr  0.72  t  17.6  inf  39  N 24.3  mpc   4.7 ms  err 0.87
[ 59/450] latency=0.15 S2  Z_ZHUYI     seed  9  goal      clr  0.90  t  14.4  inf  21  N 24.1  mpc   4.7 ms  err 0.56
[ 60/450] latency=0.15 S2  Z_ZHUYI     seed 10  goal      clr  1.53  t  19.0  inf  25  N 21.1  mpc   3.9 ms  err 0.64
[ 61/450] latency=0.15 S2  Z_ZHUYI     seed 11  goal      clr  0.50  t  15.1  inf  38  N 26.0  mpc   5.0 ms  err 0.52
[ 62/450] latency=0.15 S2  Z_ZHUYI     seed 12  goal      clr  0.91  t  24.1  inf  25  N 20.2  mpc   3.3 ms  err 0.67
[ 63/450] latency=0.15 S2  Z_ZHUYI     seed 13  goal      clr  0.73  t  18.0  inf  33  N 24.2  mpc   4.5 ms  err 0.38
[ 64/450] latency=0.15 S2  Z_ZHUYI     seed 14  goal      clr  0.70  t  19.0  inf  35  N 22.8  mpc   4.3 ms  err 0.34
[ 65/450] latency=0.15 S2  Z_ZHUYI     seed 15  goal      clr  0.86  t  14.1  inf  29  N 25.7  mpc   5.2 ms  err 0.46
[ 66/450] latency=0.15 S2  Z_ZHUYI     seed 16  goal      clr  0.68  t  14.3  inf  39  N 25.8  mpc   5.0 ms  err 0.36
[ 67/450] latency=0.15 S2  Z_ZHUYI     seed 17  goal      clr  0.65  t  16.0  inf  32  N 25.0  mpc   4.8 ms  err 0.36
[ 68/450] latency=0.15 S2  Z_ZHUYI     seed 18  goal      clr  0.69  t  15.3  inf  22  N 24.1  mpc   4.2 ms  err 1.07
[ 69/450] latency=0.15 S2  Z_ZHUYI     seed 19  goal      clr  0.83  t  19.0  inf  26  N 22.3  mpc   4.1 ms  err 0.68
[ 70/450] latency=0.15 S2  Z_ZHUYI     seed 20  goal      clr  0.53  t  16.7  inf  53  N 25.0  mpc   5.0 ms  err 0.22
[ 71/450] latency=0.15 S2  Z_ZHUYI     seed 21  goal      clr  0.58  t  18.6  inf  38  N 22.3  mpc   4.1 ms  err 0.49
[ 72/450] latency=0.15 S2  Z_ZHUYI     seed 22  goal      clr  1.56  t  17.0  inf  22  N 23.6  mpc   4.5 ms  err 1.04
[ 73/450] latency=0.15 S2  Z_ZHUYI     seed 23  goal      clr  1.13  t  18.2  inf  35  N 23.0  mpc   4.4 ms  err 0.58
[ 74/450] latency=0.15 S2  Z_ZHUYI     seed 24  goal      clr  0.75  t  15.8  inf  33  N 24.9  mpc   4.6 ms  err 0.42
[ 75/450] latency=0.15 S2  Z_ZHUYI     seed 25  goal      clr  0.29  t  21.1  inf  40  N 23.1  mpc   4.0 ms  err 0.89
[ 76/450] latency=0.15 S2  Z_ZHUYI     seed 26  goal      clr  0.80  t  16.3  inf  31  N 23.6  mpc   4.4 ms  err 0.29
[ 77/450] latency=0.15 S2  Z_ZHUYI     seed 27  goal      clr  0.77  t  17.2  inf  44  N 23.4  mpc   4.4 ms  err 0.29
[ 78/450] latency=0.15 S2  Z_ZHUYI     seed 28  goal      clr  0.74  t  21.0  inf  38  N 21.7  mpc   3.9 ms  err 0.41
[ 79/450] latency=0.15 S2  Z_ZHUYI     seed 29  goal      clr  0.94  t  15.8  inf  22  N 21.5  mpc   3.5 ms  err 0.70
[ 80/450] latency=0.15 S2  Z_ZHUYI     seed 30  goal      clr  0.72  t  17.8  inf  37  N 23.6  mpc   4.5 ms  err 0.60
[ 81/450] latency=0.15 S2  Z_ZHUYI     seed 31  goal      clr  0.51  t  22.4  inf  38  N 21.8  mpc   4.0 ms  err 0.40
[ 82/450] latency=0.15 S2  Z_ZHUYI     seed 32  goal      clr  2.70  t  13.8  inf  15  N 24.2  mpc   4.3 ms  err 0.85
[ 83/450] latency=0.15 S2  Z_ZHUYI     seed 33  goal      clr  0.83  t  16.8  inf  25  N 23.2  mpc   4.4 ms  err 0.63
[ 84/450] latency=0.15 S2  Z_ZHUYI     seed 34  goal      clr  0.53  t  20.5  inf  42  N 22.0  mpc   4.1 ms  err 0.88
[ 85/450] latency=0.15 S2  Z_ZHUYI     seed 35  goal      clr  1.15  t  16.0  inf  20  N 23.1  mpc   3.8 ms  err 0.60
[ 86/450] latency=0.15 S2  Z_ZHUYI     seed 36  goal      clr  0.52  t  17.8  inf  49  N 26.0  mpc   5.9 ms  err 0.44
[ 87/450] latency=0.15 S2  Z_ZHUYI     seed 37  goal      clr  0.55  t  20.9  inf  40  N 22.5  mpc   4.2 ms  err 0.22
[ 88/450] latency=0.15 S2  Z_ZHUYI     seed 38  goal      clr  0.38  t  19.1  inf  40  N 23.4  mpc   4.6 ms  err 0.61
[ 89/450] latency=0.15 S2  Z_ZHUYI     seed 39  goal      clr  0.87  t  14.4  inf  23  N 23.9  mpc   4.3 ms  err 0.79
[ 90/450] latency=0.15 S2  Z_ZHUYI     seed 40  goal      clr  0.68  t  19.5  inf  22  N 22.4  mpc   3.9 ms  err 0.51
[ 91/450] latency=0.15 S2  Z_ZHUYI     seed 41  goal      clr  0.63  t  17.6  inf  44  N 23.5  mpc   4.4 ms  err 0.23
[ 92/450] latency=0.15 S2  Z_ZHUYI     seed 42  goal      clr  0.44  t  20.8  inf  40  N 23.2  mpc   4.5 ms  err 0.33
[ 93/450] latency=0.15 S2  Z_ZHUYI     seed 43  goal      clr  0.76  t  18.5  inf  37  N 23.9  mpc   4.7 ms  err 0.57
[ 94/450] latency=0.15 S2  Z_ZHUYI     seed 44  goal      clr  0.71  t  13.8  inf  38  N 25.3  mpc   4.8 ms  err 0.48
[ 95/450] latency=0.15 S2  Z_ZHUYI     seed 45  goal      clr  0.60  t  20.2  inf  46  N 23.5  mpc   4.5 ms  err 0.47
[ 96/450] latency=0.15 S2  Z_ZHUYI     seed 46  goal      clr  0.93  t  16.3  inf  28  N 22.8  mpc   3.9 ms  err 0.56
[ 97/450] latency=0.15 S2  Z_ZHUYI     seed 47  goal      clr  0.75  t  17.0  inf  42  N 25.8  mpc   4.9 ms  err 0.41
[ 98/450] latency=0.15 S2  Z_ZHUYI     seed 48  goal      clr  0.78  t  19.6  inf  27  N 22.0  mpc   3.6 ms  err 0.46
[ 99/450] latency=0.15 S2  Z_ZHUYI     seed 49  goal      clr  0.79  t  19.0  inf  24  N 22.9  mpc   4.0 ms  err 0.42
[100/450] latency=0.15 S2  Z_ZHUYI     seed 50  goal      clr  0.68  t  16.7  inf  40  N 24.8  mpc   4.8 ms  err 0.25
[101/450] latency=0.15 S2  A_FR_FN     seed  1  goal      clr  0.03  t  15.5  inf  92  N 20.0  mpc   3.1 ms  err 0.33
[102/450] latency=0.15 S2  A_FR_FN     seed  2  goal      clr  0.15  t  17.5  inf 104  N 20.0  mpc   3.1 ms  err 0.47
[103/450] latency=0.15 S2  A_FR_FN     seed  3  goal      clr  0.23  t  15.2  inf  92  N 20.0  mpc   3.1 ms  err 0.40
[104/450] latency=0.15 S2  A_FR_FN     seed  4  goal      clr  0.39  t  15.1  inf  93  N 20.0  mpc   2.9 ms  err 0.26
[105/450] latency=0.15 S2  A_FR_FN     seed  5  goal      clr  0.35  t  17.9  inf  99  N 20.0  mpc   3.2 ms  err 0.48
[106/450] latency=0.15 S2  A_FR_FN     seed  6  goal      clr  0.45  t  15.5  inf  90  N 20.0  mpc   3.0 ms  err 0.28
[107/450] latency=0.15 S2  A_FR_FN     seed  7  goal      clr  0.32  t  13.5  inf  78  N 20.0  mpc   2.8 ms  err 0.35
[108/450] latency=0.15 S2  A_FR_FN     seed  8  goal      clr  0.10  t  15.4  inf  92  N 20.0  mpc   3.0 ms  err 0.31
[109/450] latency=0.15 S2  A_FR_FN     seed  9  goal      clr  0.07  t  17.3  inf 103  N 20.0  mpc   3.1 ms  err 0.43
[110/450] latency=0.15 S2  A_FR_FN     seed 10  goal      clr  0.41  t  15.8  inf  92  N 20.0  mpc   3.0 ms  err 0.27
[111/450] latency=0.15 S2  A_FR_FN     seed 11  goal      clr  0.01  t  15.7  inf  92  N 20.0  mpc   3.1 ms  err 0.35
[112/450] latency=0.15 S2  A_FR_FN     seed 12  goal      clr  0.08  t  16.2  inf  94  N 20.0  mpc   3.0 ms  err 0.51
[113/450] latency=0.15 S2  A_FR_FN     seed 13  goal      clr  0.03  t  14.6  inf  87  N 20.0  mpc   3.0 ms  err 0.34
[114/450] latency=0.15 S2  A_FR_FN     seed 14  goal      clr  0.36  t  15.3  inf  92  N 20.0  mpc   3.1 ms  err 0.76
[115/450] latency=0.15 S2  A_FR_FN     seed 15  goal      clr  0.56  t  13.5  inf  79  N 20.0  mpc   3.0 ms  err 0.43
[116/450] latency=0.15 S2  A_FR_FN     seed 16  goal      clr  0.19  t  14.4  inf  86  N 20.0  mpc   3.0 ms  err 0.23
[117/450] latency=0.15 S2  A_FR_FN     seed 17  goal      clr  0.04  t  17.6  inf 109  N 20.0  mpc   3.1 ms  err 0.31
[118/450] latency=0.15 S2  A_FR_FN     seed 18  collision clr -0.01  t   4.4  inf  28  N 20.0  mpc   3.3 ms  err 0.49
[119/450] latency=0.15 S2  A_FR_FN     seed 19  goal      clr  0.31  t  13.4  inf  82  N 20.0  mpc   2.9 ms  err 0.30
[120/450] latency=0.15 S2  A_FR_FN     seed 20  goal      clr  0.48  t  13.6  inf  82  N 20.0  mpc   2.9 ms  err 0.40
[121/450] latency=0.15 S2  A_FR_FN     seed 21  goal      clr  0.45  t  16.3  inf  95  N 20.0  mpc   3.3 ms  err 0.54
[122/450] latency=0.15 S2  A_FR_FN     seed 22  goal      clr  0.17  t  15.5  inf  95  N 20.0  mpc   3.1 ms  err 0.59
[123/450] latency=0.15 S2  A_FR_FN     seed 23  timeout   clr  0.15  t  40.0  inf 230  N 20.0  mpc   3.0 ms  err 0.27
[124/450] latency=0.15 S2  A_FR_FN     seed 24  goal      clr  0.36  t  14.0  inf  81  N 20.0  mpc   3.0 ms  err 0.71
[125/450] latency=0.15 S2  A_FR_FN     seed 25  goal      clr  0.27  t  15.8  inf  92  N 20.0  mpc   3.1 ms  err 0.40
[126/450] latency=0.15 S2  A_FR_FN     seed 26  goal      clr  0.27  t  18.6  inf 111  N 20.0  mpc   3.1 ms  err 0.26
[127/450] latency=0.15 S2  A_FR_FN     seed 27  goal      clr  0.39  t  14.8  inf  88  N 20.0  mpc   3.2 ms  err 0.25
[128/450] latency=0.15 S2  A_FR_FN     seed 28  goal      clr  0.26  t  15.1  inf  87  N 20.0  mpc   3.2 ms  err 0.35
[129/450] latency=0.15 S2  A_FR_FN     seed 29  goal      clr  0.30  t  15.3  inf  92  N 20.0  mpc   2.9 ms  err 0.35
[130/450] latency=0.15 S2  A_FR_FN     seed 30  goal      clr  0.45  t  15.7  inf  90  N 20.0  mpc   3.1 ms  err 0.27
[131/450] latency=0.15 S2  A_FR_FN     seed 31  goal      clr  0.24  t  15.2  inf  91  N 20.0  mpc   2.9 ms  err 0.33
[132/450] latency=0.15 S2  A_FR_FN     seed 32  goal      clr  0.34  t  20.3  inf 119  N 20.0  mpc   3.1 ms  err 0.66
[133/450] latency=0.15 S2  A_FR_FN     seed 33  goal      clr  0.24  t  15.1  inf  91  N 20.0  mpc   3.0 ms  err 0.54
[134/450] latency=0.15 S2  A_FR_FN     seed 34  goal      clr  0.23  t  16.5  inf  99  N 20.0  mpc   3.1 ms  err 0.52
[135/450] latency=0.15 S2  A_FR_FN     seed 35  goal      clr  0.41  t  13.7  inf  84  N 20.0  mpc   2.9 ms  err 0.48
[136/450] latency=0.15 S2  A_FR_FN     seed 36  goal      clr  0.21  t  20.9  inf 128  N 20.0  mpc   3.2 ms  err 0.27
[137/450] latency=0.15 S2  A_FR_FN     seed 37  goal      clr  0.20  t  18.3  inf 109  N 20.0  mpc   3.2 ms  err 0.44
[138/450] latency=0.15 S2  A_FR_FN     seed 38  goal      clr  0.35  t  17.7  inf 102  N 20.0  mpc   3.1 ms  err 0.13
[139/450] latency=0.15 S2  A_FR_FN     seed 39  goal      clr  0.43  t  14.1  inf  82  N 20.0  mpc   3.0 ms  err 0.58
[140/450] latency=0.15 S2  A_FR_FN     seed 40  goal      clr  0.28  t  14.9  inf  91  N 20.0  mpc   3.1 ms  err 0.39
[141/450] latency=0.15 S2  A_FR_FN     seed 41  goal      clr  0.34  t  15.2  inf  90  N 20.0  mpc   3.2 ms  err 0.51
[142/450] latency=0.15 S2  A_FR_FN     seed 42  collision clr -0.01  t   5.9  inf  34  N 20.0  mpc   3.2 ms  err 0.24
[143/450] latency=0.15 S2  A_FR_FN     seed 43  goal      clr  0.07  t  18.4  inf 110  N 20.0  mpc   3.2 ms  err 0.65
[144/450] latency=0.15 S2  A_FR_FN     seed 44  goal      clr  0.31  t  16.9  inf  98  N 20.0  mpc   3.2 ms  err 0.65
[145/450] latency=0.15 S2  A_FR_FN     seed 45  goal      clr  0.06  t  14.6  inf  89  N 20.0  mpc   3.0 ms  err 0.24
[146/450] latency=0.15 S2  A_FR_FN     seed 46  goal      clr  0.40  t  14.8  inf  88  N 20.0  mpc   2.9 ms  err 0.65
[147/450] latency=0.15 S2  A_FR_FN     seed 47  collision clr -0.00  t   8.8  inf  51  N 20.0  mpc   3.1 ms  err 0.37
[148/450] latency=0.15 S2  A_FR_FN     seed 48  goal      clr  0.15  t  19.7  inf 119  N 20.0  mpc   3.2 ms  err 0.65
[149/450] latency=0.15 S2  A_FR_FN     seed 49  goal      clr  0.59  t  13.4  inf  83  N 20.0  mpc   3.0 ms  err 0.51
[150/450] latency=0.15 S2  A_FR_FN     seed 50  goal      clr  0.22  t  16.6  inf 101  N 20.0  mpc   3.1 ms  err 0.37
[151/450] latency=0.15 S2  F_NODELAY   seed  1  goal      clr  0.64  t  22.8  inf  89  N 21.1  mpc   3.8 ms  err 3.58
[152/450] latency=0.15 S2  F_NODELAY   seed  2  goal      clr  1.53  t  19.3  inf  54  N 20.5  mpc   3.3 ms  err 3.05
[153/450] latency=0.15 S2  F_NODELAY   seed  3  goal      clr  1.01  t  18.4  inf  67  N 23.0  mpc   4.8 ms  err 2.10
[154/450] latency=0.15 S2  F_NODELAY   seed  4  collision clr -0.02  t   3.1  inf  16  N 25.4  mpc   5.7 ms  err 2.29
[155/450] latency=0.15 S2  F_NODELAY   seed  5  goal      clr  0.34  t  19.1  inf  53  N 21.6  mpc   3.8 ms  err 3.34
[156/450] latency=0.15 S2  F_NODELAY   seed  6  goal      clr  0.67  t  20.3  inf  47  N 19.2  mpc   2.9 ms  err 2.49
[157/450] latency=0.15 S2  F_NODELAY   seed  7  collision clr -0.00  t   3.4  inf  16  N 23.4  mpc   4.2 ms  err 2.76
[158/450] latency=0.15 S2  F_NODELAY   seed  8  collision clr -0.03  t  11.7  inf  53  N 24.9  mpc   5.2 ms  err 3.53
[159/450] latency=0.15 S2  F_NODELAY   seed  9  collision clr -0.00  t  10.9  inf  40  N 24.0  mpc   4.3 ms  err 2.83
[160/450] latency=0.15 S2  F_NODELAY   seed 10  goal      clr  0.30  t  24.2  inf  98  N 19.3  mpc   3.4 ms  err 5.67
[161/450] latency=0.15 S2  F_NODELAY   seed 11  collision clr -0.02  t   6.1  inf  37  N 28.1  mpc   7.0 ms  err 2.85
[162/450] latency=0.15 S2  F_NODELAY   seed 12  goal      clr  0.27  t  21.3  inf  71  N 20.7  mpc   3.9 ms  err 2.45
[163/450] latency=0.15 S2  F_NODELAY   seed 13  goal      clr  0.11  t  21.4  inf  96  N 23.2  mpc   4.7 ms  err 2.27
[164/450] latency=0.15 S2  F_NODELAY   seed 14  goal      clr  2.63  t  19.6  inf  84  N 23.1  mpc   4.5 ms  err 2.44
[165/450] latency=0.15 S2  F_NODELAY   seed 15  collision clr -0.01  t   8.5  inf  39  N 24.4  mpc   4.7 ms  err 3.09
[166/450] latency=0.15 S2  F_NODELAY   seed 16  goal      clr  0.68  t  18.0  inf  58  N 21.1  mpc   3.9 ms  err 3.01
[167/450] latency=0.15 S2  F_NODELAY   seed 17  goal      clr  0.46  t  19.7  inf  63  N 21.6  mpc   3.6 ms  err 3.29
[168/450] latency=0.15 S2  F_NODELAY   seed 18  goal      clr  1.46  t  22.1  inf  88  N 20.6  mpc   4.0 ms  err 4.07
[169/450] latency=0.15 S2  F_NODELAY   seed 19  collision clr -0.01  t   2.6  inf  14  N 25.2  mpc   5.4 ms  err 2.91
[170/450] latency=0.15 S2  F_NODELAY   seed 20  goal      clr  0.89  t  20.7  inf  58  N 20.4  mpc   3.6 ms  err 3.15
[171/450] latency=0.15 S2  F_NODELAY   seed 21  goal      clr  0.31  t  20.4  inf  75  N 23.9  mpc   4.7 ms  err 2.78
[172/450] latency=0.15 S2  F_NODELAY   seed 22  goal      clr  0.68  t  17.5  inf  75  N 21.8  mpc   4.2 ms  err 2.82
[173/450] latency=0.15 S2  F_NODELAY   seed 23  goal      clr  0.49  t  13.8  inf  47  N 24.5  mpc   4.4 ms  err 2.26
[174/450] latency=0.15 S2  F_NODELAY   seed 24  goal      clr  2.03  t  19.2  inf  55  N 21.5  mpc   3.7 ms  err 2.92
[175/450] latency=0.15 S2  F_NODELAY   seed 25  goal      clr  2.00  t  19.4  inf  53  N 22.4  mpc   3.7 ms  err 3.25
[176/450] latency=0.15 S2  F_NODELAY   seed 26  goal      clr  1.66  t  19.1  inf  49  N 20.4  mpc   3.3 ms  err 2.80
[177/450] latency=0.15 S2  F_NODELAY   seed 27  goal      clr  2.25  t  18.8  inf  51  N 19.9  mpc   3.5 ms  err 3.07
[178/450] latency=0.15 S2  F_NODELAY   seed 28  goal      clr  0.72  t  22.0  inf  62  N 20.3  mpc   3.3 ms  err 3.10
[179/450] latency=0.15 S2  F_NODELAY   seed 29  goal      clr  0.16  t  22.2  inf 102  N 25.1  mpc   5.1 ms  err 2.78
[180/450] latency=0.15 S2  F_NODELAY   seed 30  goal      clr  1.39  t  20.4  inf  60  N 19.6  mpc   3.0 ms  err 2.62
[181/450] latency=0.15 S2  F_NODELAY   seed 31  goal      clr  0.71  t  22.8  inf  77  N 19.4  mpc   3.3 ms  err 3.60
[182/450] latency=0.15 S2  F_NODELAY   seed 32  goal      clr  1.22  t  16.2  inf  57  N 22.5  mpc   4.2 ms  err 2.90
[183/450] latency=0.15 S2  F_NODELAY   seed 33  collision clr -0.03  t   6.0  inf  23  N 20.4  mpc   3.5 ms  err 3.30
[184/450] latency=0.15 S2  F_NODELAY   seed 34  goal      clr  0.32  t  20.2  inf  84  N 22.9  mpc   4.5 ms  err 3.18
[185/450] latency=0.15 S2  F_NODELAY   seed 35  collision clr -0.02  t   6.8  inf  34  N 26.9  mpc   5.5 ms  err 2.62
[186/450] latency=0.15 S2  F_NODELAY   seed 36  goal      clr  0.05  t  27.1  inf 122  N 23.3  mpc   5.0 ms  err 2.52
[187/450] latency=0.15 S2  F_NODELAY   seed 37  collision clr -0.03  t  14.6  inf  62  N 23.3  mpc   4.3 ms  err 2.27
[188/450] latency=0.15 S2  F_NODELAY   seed 38  goal      clr  0.38  t  25.4  inf 106  N 22.1  mpc   4.5 ms  err 3.26
[189/450] latency=0.15 S2  F_NODELAY   seed 39  goal      clr  2.04  t  17.4  inf  58  N 21.0  mpc   3.7 ms  err 3.16
[190/450] latency=0.15 S2  F_NODELAY   seed 40  goal      clr  0.37  t  17.3  inf  62  N 22.5  mpc   4.2 ms  err 2.80
[191/450] latency=0.15 S2  F_NODELAY   seed 41  goal      clr  0.78  t  22.1  inf  83  N 22.0  mpc   3.9 ms  err 2.70
[192/450] latency=0.15 S2  F_NODELAY   seed 42  goal      clr  0.03  t  22.0  inf  77  N 22.2  mpc   4.5 ms  err 3.16
[193/450] latency=0.15 S2  F_NODELAY   seed 43  goal      clr  0.09  t  18.4  inf  55  N 22.8  mpc   3.9 ms  err 2.62
[194/450] latency=0.15 S2  F_NODELAY   seed 44  collision clr -0.01  t  15.4  inf  66  N 23.3  mpc   4.0 ms  err 3.38
[195/450] latency=0.15 S2  F_NODELAY   seed 45  goal      clr  1.07  t  19.6  inf  64  N 19.7  mpc   3.3 ms  err 3.13
[196/450] latency=0.15 S2  F_NODELAY   seed 46  goal      clr  2.22  t  14.0  inf  43  N 23.8  mpc   4.4 ms  err 2.38
[197/450] latency=0.15 S2  F_NODELAY   seed 47  collision clr -0.01  t  18.0  inf  91  N 23.2  mpc   5.0 ms  err 1.96
[198/450] latency=0.15 S2  F_NODELAY   seed 48  goal      clr  0.53  t  25.4  inf  91  N 21.5  mpc   3.8 ms  err 3.03
[199/450] latency=0.15 S2  F_NODELAY   seed 49  goal      clr  0.59  t  20.4  inf  82  N 22.6  mpc   4.2 ms  err 1.49
[200/450] latency=0.15 S2  F_NODELAY   seed 50  goal      clr  0.07  t  26.8  inf 136  N 23.6  mpc   5.2 ms  err 2.53
[201/450] latency=0.15 S2  FR_SAFE_1   seed  1  goal      clr  0.96  t  18.1  inf  19  N 22.4  mpc   4.0 ms  err 0.73
[202/450] latency=0.15 S2  FR_SAFE_1   seed  2  goal      clr  0.75  t  18.4  inf  19  N 23.6  mpc   4.6 ms  err 0.55
[203/450] latency=0.15 S2  FR_SAFE_1   seed  3  goal      clr  0.80  t  22.3  inf  23  N 25.7  mpc   5.7 ms  err 0.48
[204/450] latency=0.15 S2  FR_SAFE_1   seed  4  goal      clr  2.42  t  15.1  inf  16  N 24.6  mpc   4.5 ms  err 0.98
[205/450] latency=0.15 S2  FR_SAFE_1   seed  5  goal      clr  2.75  t  15.7  inf  16  N 22.9  mpc   4.0 ms  err 0.63
[206/450] latency=0.15 S2  FR_SAFE_1   seed  6  goal      clr  0.85  t  18.4  inf  19  N 23.0  mpc   4.5 ms  err 1.23
[207/450] latency=0.15 S2  FR_SAFE_1   seed  7  goal      clr  2.34  t  19.0  inf  20  N 21.4  mpc   3.5 ms  err 0.54
[208/450] latency=0.15 S2  FR_SAFE_1   seed  8  goal      clr  0.84  t  22.5  inf  23  N 21.7  mpc   3.8 ms  err 0.64
[209/450] latency=0.15 S2  FR_SAFE_1   seed  9  goal      clr  0.85  t  16.7  inf  17  N 24.8  mpc   4.4 ms  err 0.80
[210/450] latency=0.15 S2  FR_SAFE_1   seed 10  goal      clr  0.88  t  19.4  inf  20  N 21.6  mpc   3.7 ms  err 0.52
[211/450] latency=0.15 S2  FR_SAFE_1   seed 11  goal      clr  0.83  t  23.7  inf  24  N 23.4  mpc   4.4 ms  err 0.60
[212/450] latency=0.15 S2  FR_SAFE_1   seed 12  goal      clr  1.31  t  22.4  inf  23  N 21.1  mpc   3.5 ms  err 0.55
[213/450] latency=0.15 S2  FR_SAFE_1   seed 13  goal      clr  0.60  t  22.4  inf  23  N 22.9  mpc   4.4 ms  err 0.58
[214/450] latency=0.15 S2  FR_SAFE_1   seed 14  goal      clr  1.37  t  16.5  inf  17  N 22.5  mpc   3.7 ms  err 0.53
[215/450] latency=0.15 S2  FR_SAFE_1   seed 15  goal      clr  1.11  t  17.4  inf  18  N 25.1  mpc   4.8 ms  err 0.58
[216/450] latency=0.15 S2  FR_SAFE_1   seed 16  goal      clr  0.55  t  28.1  inf  29  N 23.9  mpc   5.2 ms  err 0.46
[217/450] latency=0.15 S2  FR_SAFE_1   seed 17  goal      clr  1.07  t  20.2  inf  21  N 22.7  mpc   4.1 ms  err 0.62
[218/450] latency=0.15 S2  FR_SAFE_1   seed 18  goal      clr  1.12  t  15.9  inf  16  N 22.8  mpc   4.1 ms  err 0.97
[219/450] latency=0.15 S2  FR_SAFE_1   seed 19  goal      clr  2.59  t  17.3  inf  18  N 22.1  mpc   4.0 ms  err 0.58
[220/450] latency=0.15 S2  FR_SAFE_1   seed 20  goal      clr  1.08  t  19.0  inf  19  N 24.8  mpc   5.1 ms  err 0.68
[221/450] latency=0.15 S2  FR_SAFE_1   seed 21  goal      clr  1.15  t  17.7  inf  18  N 22.0  mpc   3.7 ms  err 0.64
[222/450] latency=0.15 S2  FR_SAFE_1   seed 22  goal      clr  1.75  t  18.0  inf  18  N 21.1  mpc   3.7 ms  err 1.05
[223/450] latency=0.15 S2  FR_SAFE_1   seed 23  goal      clr  0.82  t  20.4  inf  21  N 23.0  mpc   4.1 ms  err 0.66
[224/450] latency=0.15 S2  FR_SAFE_1   seed 24  goal      clr  0.84  t  16.9  inf  17  N 25.1  mpc   4.8 ms  err 0.55
[225/450] latency=0.15 S2  FR_SAFE_1   seed 25  goal      clr  0.75  t  23.5  inf  24  N 23.5  mpc   4.7 ms  err 0.37
[226/450] latency=0.15 S2  FR_SAFE_1   seed 26  goal      clr  1.66  t  17.5  inf  18  N 20.9  mpc   3.7 ms  err 0.75
[227/450] latency=0.15 S2  FR_SAFE_1   seed 27  goal      clr  0.82  t  19.2  inf  20  N 24.2  mpc   4.9 ms  err 0.38
[228/450] latency=0.15 S2  FR_SAFE_1   seed 28  goal      clr  0.74  t  21.6  inf  22  N 22.6  mpc   4.3 ms  err 0.63
[229/450] latency=0.15 S2  FR_SAFE_1   seed 29  goal      clr  1.30  t  16.1  inf  17  N 21.5  mpc   3.2 ms  err 0.62
[230/450] latency=0.15 S2  FR_SAFE_1   seed 30  goal      clr  0.69  t  20.2  inf  21  N 23.0  mpc   4.1 ms  err 0.70
[231/450] latency=0.15 S2  FR_SAFE_1   seed 31  goal      clr  0.46  t  24.5  inf  25  N 23.0  mpc   4.4 ms  err 0.34
[232/450] latency=0.15 S2  FR_SAFE_1   seed 32  goal      clr  2.32  t  13.7  inf  14  N 25.0  mpc   4.8 ms  err 0.82
[233/450] latency=0.15 S2  FR_SAFE_1   seed 33  goal      clr  0.91  t  18.5  inf  19  N 25.4  mpc   5.8 ms  err 0.74
[234/450] latency=0.15 S2  FR_SAFE_1   seed 34  goal      clr  0.77  t  23.7  inf  24  N 22.0  mpc   4.1 ms  err 0.72
[235/450] latency=0.15 S2  FR_SAFE_1   seed 35  goal      clr  1.43  t  16.8  inf  17  N 23.7  mpc   3.8 ms  err 0.39
[236/450] latency=0.15 S2  FR_SAFE_1   seed 36  goal      clr  0.72  t  20.1  inf  21  N 24.4  mpc   4.7 ms  err 0.85
[237/450] latency=0.15 S2  FR_SAFE_1   seed 37  goal      clr  0.61  t  24.7  inf  25  N 22.1  mpc   4.1 ms  err 0.28
[238/450] latency=0.15 S2  FR_SAFE_1   seed 38  goal      clr  0.90  t  18.0  inf  19  N 24.0  mpc   4.5 ms  err 0.61
[239/450] latency=0.15 S2  FR_SAFE_1   seed 39  goal      clr  0.75  t  17.8  inf  18  N 23.7  mpc   4.4 ms  err 0.74
[240/450] latency=0.15 S2  FR_SAFE_1   seed 40  goal      clr  0.51  t  22.7  inf  23  N 23.2  mpc   4.3 ms  err 0.41
[241/450] latency=0.15 S2  FR_SAFE_1   seed 41  goal      clr  1.27  t  18.1  inf  19  N 21.8  mpc   3.8 ms  err 0.98
[242/450] latency=0.15 S2  FR_SAFE_1   seed 42  goal      clr  0.73  t  19.9  inf  20  N 23.2  mpc   4.5 ms  err 0.61
[243/450] latency=0.15 S2  FR_SAFE_1   seed 43  goal      clr  0.82  t  20.4  inf  21  N 25.2  mpc   5.1 ms  err 0.44
[244/450] latency=0.15 S2  FR_SAFE_1   seed 44  goal      clr  1.28  t  15.0  inf  15  N 24.4  mpc   4.6 ms  err 0.58
[245/450] latency=0.15 S2  FR_SAFE_1   seed 45  goal      clr  1.14  t  18.5  inf  19  N 24.3  mpc   4.9 ms  err 0.92
[246/450] latency=0.15 S2  FR_SAFE_1   seed 46  goal      clr  1.02  t  18.7  inf  19  N 21.3  mpc   3.8 ms  err 1.03
[247/450] latency=0.15 S2  FR_SAFE_1   seed 47  goal      clr  0.68  t  22.0  inf  22  N 26.0  mpc   5.5 ms  err 0.52
[248/450] latency=0.15 S2  FR_SAFE_1   seed 48  goal      clr  2.59  t  18.3  inf  19  N 20.8  mpc   3.2 ms  err 0.60
[249/450] latency=0.15 S2  FR_SAFE_1   seed 49  goal      clr  1.00  t  18.3  inf  19  N 22.7  mpc   3.7 ms  err 0.64
[250/450] latency=0.15 S2  FR_SAFE_1   seed 50  goal      clr  0.64  t  23.2  inf  24  N 23.1  mpc   4.6 ms  err 0.41
[251/450] latency=0.15 S2  FR_SAFE_2   seed  1  goal      clr  0.65  t  17.7  inf  36  N 23.6  mpc   4.5 ms  err 0.56
[252/450] latency=0.15 S2  FR_SAFE_2   seed  2  goal      clr  0.35  t  16.8  inf  34  N 25.0  mpc   4.9 ms  err 0.28
[253/450] latency=0.15 S2  FR_SAFE_2   seed  3  goal      clr  0.57  t  16.9  inf  34  N 24.8  mpc   5.0 ms  err 0.32
[254/450] latency=0.15 S2  FR_SAFE_2   seed  4  goal      clr  0.65  t  21.2  inf  43  N 24.6  mpc   5.1 ms  err 0.50
[255/450] latency=0.15 S2  FR_SAFE_2   seed  5  goal      clr  1.55  t  15.9  inf  32  N 23.9  mpc   4.5 ms  err 0.55
[256/450] latency=0.15 S2  FR_SAFE_2   seed  6  goal      clr  0.73  t  14.3  inf  29  N 25.5  mpc   4.4 ms  err 0.92
[257/450] latency=0.15 S2  FR_SAFE_2   seed  7  goal      clr  0.38  t  19.9  inf  40  N 22.3  mpc   4.1 ms  err 0.48
[258/450] latency=0.15 S2  FR_SAFE_2   seed  8  goal      clr  0.44  t  17.1  inf  35  N 24.1  mpc   4.6 ms  err 0.46
[259/450] latency=0.15 S2  FR_SAFE_2   seed  9  goal      clr  0.48  t  18.8  inf  38  N 24.5  mpc   4.8 ms  err 0.50
[260/450] latency=0.15 S2  FR_SAFE_2   seed 10  goal      clr  0.54  t  21.9  inf  44  N 22.4  mpc   4.4 ms  err 0.29
[261/450] latency=0.15 S2  FR_SAFE_2   seed 11  goal      clr  0.68  t  18.0  inf  36  N 23.2  mpc   4.3 ms  err 0.66
[262/450] latency=0.15 S2  FR_SAFE_2   seed 12  goal      clr  0.63  t  18.7  inf  38  N 25.4  mpc   5.5 ms  err 0.73
[263/450] latency=0.15 S2  FR_SAFE_2   seed 13  goal      clr  0.69  t  17.4  inf  35  N 25.2  mpc   4.9 ms  err 0.29
[264/450] latency=0.15 S2  FR_SAFE_2   seed 14  goal      clr  0.73  t  16.8  inf  34  N 21.0  mpc   3.8 ms  err 0.48
[265/450] latency=0.15 S2  FR_SAFE_2   seed 15  goal      clr  0.58  t  14.6  inf  30  N 24.5  mpc   4.7 ms  err 0.73
[266/450] latency=0.15 S2  FR_SAFE_2   seed 16  goal      clr  0.45  t  20.3  inf  41  N 22.6  mpc   4.3 ms  err 0.72
[267/450] latency=0.15 S2  FR_SAFE_2   seed 17  goal      clr  0.57  t  16.0  inf  32  N 26.2  mpc   4.9 ms  err 0.66
[268/450] latency=0.15 S2  FR_SAFE_2   seed 18  goal      clr  1.08  t  13.8  inf  28  N 24.7  mpc   4.6 ms  err 1.04
[269/450] latency=0.15 S2  FR_SAFE_2   seed 19  goal      clr  0.63  t  20.5  inf  42  N 23.1  mpc   4.6 ms  err 0.53
[270/450] latency=0.15 S2  FR_SAFE_2   seed 20  goal      clr  0.80  t  17.2  inf  35  N 24.0  mpc   4.7 ms  err 0.38
[271/450] latency=0.15 S2  FR_SAFE_2   seed 21  goal      clr  0.80  t  14.0  inf  29  N 25.0  mpc   4.9 ms  err 0.57
[272/450] latency=0.15 S2  FR_SAFE_2   seed 22  goal      clr  0.70  t  19.0  inf  38  N 24.7  mpc   4.9 ms  err 0.34
[273/450] latency=0.15 S2  FR_SAFE_2   seed 23  goal      clr  0.71  t  15.6  inf  32  N 24.6  mpc   5.1 ms  err 0.72
[274/450] latency=0.15 S2  FR_SAFE_2   seed 24  goal      clr  0.53  t  16.0  inf  32  N 25.0  mpc   4.7 ms  err 0.38
[275/450] latency=0.15 S2  FR_SAFE_2   seed 25  goal      clr  0.58  t  17.1  inf  35  N 25.9  mpc   5.5 ms  err 0.57
[276/450] latency=0.15 S2  FR_SAFE_2   seed 26  goal      clr  0.79  t  16.4  inf  33  N 24.5  mpc   4.7 ms  err 0.70
[277/450] latency=0.15 S2  FR_SAFE_2   seed 27  goal      clr  0.71  t  17.8  inf  36  N 24.0  mpc   4.9 ms  err 0.56
[278/450] latency=0.15 S2  FR_SAFE_2   seed 28  goal      clr  0.54  t  14.7  inf  30  N 26.3  mpc   5.1 ms  err 0.40
[279/450] latency=0.15 S2  FR_SAFE_2   seed 29  goal      clr  0.97  t  13.3  inf  27  N 24.2  mpc   4.7 ms  err 0.52
[280/450] latency=0.15 S2  FR_SAFE_2   seed 30  goal      clr  0.78  t  17.9  inf  36  N 22.4  mpc   4.0 ms  err 0.58
[281/450] latency=0.15 S2  FR_SAFE_2   seed 31  goal      clr  0.57  t  17.9  inf  36  N 23.7  mpc   4.9 ms  err 0.52
[282/450] latency=0.15 S2  FR_SAFE_2   seed 32  goal      clr  1.65  t  18.1  inf  37  N 22.3  mpc   4.3 ms  err 0.50
[283/450] latency=0.15 S2  FR_SAFE_2   seed 33  goal      clr  0.84  t  13.7  inf  28  N 25.0  mpc   5.2 ms  err 0.83
[284/450] latency=0.15 S2  FR_SAFE_2   seed 34  goal      clr  0.66  t  15.4  inf  31  N 24.3  mpc   4.9 ms  err 0.41
[285/450] latency=0.15 S2  FR_SAFE_2   seed 35  goal      clr  0.65  t  17.7  inf  36  N 24.5  mpc   4.7 ms  err 0.74
[286/450] latency=0.15 S2  FR_SAFE_2   seed 36  goal      clr  0.62  t  21.8  inf  44  N 25.6  mpc   5.5 ms  err 0.38
[287/450] latency=0.15 S2  FR_SAFE_2   seed 37  goal      clr  0.75  t  16.0  inf  32  N 25.6  mpc   4.6 ms  err 0.25
[288/450] latency=0.15 S2  FR_SAFE_2   seed 38  goal      clr  0.92  t  16.9  inf  34  N 23.1  mpc   4.1 ms  err 0.46
[289/450] latency=0.15 S2  FR_SAFE_2   seed 39  goal      clr  1.02  t  13.4  inf  27  N 25.0  mpc   4.7 ms  err 0.81
[290/450] latency=0.15 S2  FR_SAFE_2   seed 40  goal      clr  0.58  t  17.9  inf  36  N 25.9  mpc   5.5 ms  err 0.31
[291/450] latency=0.15 S2  FR_SAFE_2   seed 41  goal      clr  0.72  t  18.1  inf  37  N 26.0  mpc   5.0 ms  err 0.50
[292/450] latency=0.15 S2  FR_SAFE_2   seed 42  goal      clr  0.46  t  20.8  inf  42  N 23.1  mpc   4.3 ms  err 0.20
[293/450] latency=0.15 S2  FR_SAFE_2   seed 43  goal      clr  0.58  t  17.2  inf  35  N 24.4  mpc   4.6 ms  err 0.51
[294/450] latency=0.15 S2  FR_SAFE_2   seed 44  goal      clr  0.41  t  17.2  inf  35  N 24.6  mpc   4.8 ms  err 1.02
[295/450] latency=0.15 S2  FR_SAFE_2   seed 45  goal      clr  1.14  t  15.2  inf  31  N 24.2  mpc   4.5 ms  err 0.70
[296/450] latency=0.15 S2  FR_SAFE_2   seed 46  goal      clr  0.78  t  15.5  inf  31  N 25.0  mpc   4.7 ms  err 0.89
[297/450] latency=0.15 S2  FR_SAFE_2   seed 47  goal      clr  0.87  t  16.2  inf  33  N 23.8  mpc   4.7 ms  err 0.88
[298/450] latency=0.15 S2  FR_SAFE_2   seed 48  goal      clr  0.90  t  14.9  inf  30  N 25.9  mpc   4.8 ms  err 0.54
[299/450] latency=0.15 S2  FR_SAFE_2   seed 49  goal      clr  0.87  t  14.3  inf  29  N 25.9  mpc   5.1 ms  err 0.46
[300/450] latency=0.15 S2  FR_SAFE_2   seed 50  goal      clr  0.68  t  15.4  inf  31  N 25.0  mpc   4.9 ms  err 0.93
[301/450] latency=0.15 S2  FR_SAFE_3   seed  1  goal      clr  0.54  t  17.0  inf  50  N 23.4  mpc   4.4 ms  err 0.75
[302/450] latency=0.15 S2  FR_SAFE_3   seed  2  goal      clr  0.76  t  16.8  inf  50  N 24.9  mpc   5.0 ms  err 0.34
[303/450] latency=0.15 S2  FR_SAFE_3   seed  3  goal      clr  0.65  t  14.6  inf  43  N 25.4  mpc   4.7 ms  err 0.20
[304/450] latency=0.15 S2  FR_SAFE_3   seed  4  goal      clr  1.12  t  16.4  inf  49  N 23.5  mpc   4.1 ms  err 0.38
[305/450] latency=0.15 S2  FR_SAFE_3   seed  5  goal      clr  0.49  t  14.9  inf  44  N 25.0  mpc   4.9 ms  err 0.57
[306/450] latency=0.15 S2  FR_SAFE_3   seed  6  goal      clr  0.79  t  18.9  inf  56  N 24.4  mpc   4.8 ms  err 0.51
[307/450] latency=0.15 S2  FR_SAFE_3   seed  7  goal      clr  0.47  t  16.5  inf  49  N 23.9  mpc   4.7 ms  err 0.47
[308/450] latency=0.15 S2  FR_SAFE_3   seed  8  goal      clr  0.57  t  16.5  inf  49  N 25.5  mpc   4.9 ms  err 0.39
[309/450] latency=0.15 S2  FR_SAFE_3   seed  9  goal      clr  0.56  t  17.1  inf  51  N 24.8  mpc   4.7 ms  err 0.43
[310/450] latency=0.15 S2  FR_SAFE_3   seed 10  goal      clr  0.74  t  19.3  inf  57  N 22.1  mpc   4.1 ms  err 0.38
[311/450] latency=0.15 S2  FR_SAFE_3   seed 11  goal      clr  0.90  t  16.3  inf  48  N 25.2  mpc   4.7 ms  err 0.31
[312/450] latency=0.15 S2  FR_SAFE_3   seed 12  goal      clr  0.52  t  18.1  inf  54  N 24.6  mpc   4.8 ms  err 0.86
[313/450] latency=0.15 S2  FR_SAFE_3   seed 13  goal      clr  0.55  t  21.2  inf  63  N 23.5  mpc   4.3 ms  err 0.42
[314/450] latency=0.15 S2  FR_SAFE_3   seed 14  goal      clr  0.69  t  16.7  inf  50  N 21.0  mpc   3.7 ms  err 0.42
[315/450] latency=0.15 S2  FR_SAFE_3   seed 15  goal      clr  0.73  t  13.8  inf  41  N 25.0  mpc   4.7 ms  err 0.62
[316/450] latency=0.15 S2  FR_SAFE_3   seed 16  goal      clr  0.66  t  14.6  inf  43  N 25.2  mpc   4.8 ms  err 0.44
[317/450] latency=0.15 S2  FR_SAFE_3   seed 17  goal      clr  0.44  t  17.0  inf  51  N 24.5  mpc   4.8 ms  err 0.36
[318/450] latency=0.15 S2  FR_SAFE_3   seed 18  goal      clr  0.50  t  14.9  inf  44  N 24.7  mpc   4.8 ms  err 0.71
[319/450] latency=0.15 S2  FR_SAFE_3   seed 19  goal      clr  0.46  t  17.6  inf  52  N 22.8  mpc   4.5 ms  err 0.39
[320/450] latency=0.15 S2  FR_SAFE_3   seed 20  goal      clr  0.63  t  14.5  inf  43  N 25.0  mpc   4.6 ms  err 0.56
[321/450] latency=0.15 S2  FR_SAFE_3   seed 21  goal      clr  0.79  t  17.6  inf  52  N 24.7  mpc   4.9 ms  err 0.68
[322/450] latency=0.15 S2  FR_SAFE_3   seed 22  goal      clr  0.56  t  16.4  inf  49  N 24.1  mpc   4.6 ms  err 0.23
[323/450] latency=0.15 S2  FR_SAFE_3   seed 23  goal      clr  0.60  t  15.6  inf  46  N 23.9  mpc   5.0 ms  err 0.86
[324/450] latency=0.15 S2  FR_SAFE_3   seed 24  goal      clr  0.47  t  17.2  inf  51  N 25.1  mpc   4.9 ms  err 0.47
[325/450] latency=0.15 S2  FR_SAFE_3   seed 25  goal      clr  0.63  t  23.7  inf  70  N 25.0  mpc   4.7 ms  err 0.58
[326/450] latency=0.15 S2  FR_SAFE_3   seed 26  goal      clr  0.70  t  16.9  inf  50  N 24.6  mpc   4.7 ms  err 0.64
[327/450] latency=0.15 S2  FR_SAFE_3   seed 27  goal      clr  0.77  t  17.0  inf  50  N 25.2  mpc   4.8 ms  err 0.32
[328/450] latency=0.15 S2  FR_SAFE_3   seed 28  goal      clr  0.62  t  14.6  inf  43  N 26.4  mpc   4.9 ms  err 0.48
[329/450] latency=0.15 S2  FR_SAFE_3   seed 29  goal      clr  1.09  t  12.9  inf  38  N 24.3  mpc   4.6 ms  err 0.72
[330/450] latency=0.15 S2  FR_SAFE_3   seed 30  goal      clr  0.63  t  17.3  inf  51  N 24.3  mpc   4.6 ms  err 0.64
[331/450] latency=0.15 S2  FR_SAFE_3   seed 31  goal      clr  0.65  t  16.8  inf  50  N 23.3  mpc   4.3 ms  err 0.54
[332/450] latency=0.15 S2  FR_SAFE_3   seed 32  goal      clr  0.48  t  19.8  inf  59  N 24.1  mpc   4.8 ms  err 0.67
[333/450] latency=0.15 S2  FR_SAFE_3   seed 33  goal      clr  0.42  t  14.8  inf  44  N 24.6  mpc   4.9 ms  err 0.53
[334/450] latency=0.15 S2  FR_SAFE_3   seed 34  goal      clr  0.71  t  14.1  inf  42  N 25.2  mpc   4.7 ms  err 0.59
[335/450] latency=0.15 S2  FR_SAFE_3   seed 35  goal      clr  0.51  t  14.1  inf  42  N 24.8  mpc   4.4 ms  err 0.52
[336/450] latency=0.15 S2  FR_SAFE_3   seed 36  goal      clr  1.21  t  17.4  inf  52  N 21.7  mpc   3.9 ms  err 0.41
[337/450] latency=0.15 S2  FR_SAFE_3   seed 37  goal      clr  0.71  t  14.9  inf  44  N 25.5  mpc   4.9 ms  err 0.30
[338/450] latency=0.15 S2  FR_SAFE_3   seed 38  goal      clr  0.78  t  15.6  inf  46  N 26.4  mpc   5.2 ms  err 0.43
[339/450] latency=0.15 S2  FR_SAFE_3   seed 39  goal      clr  0.94  t  14.0  inf  42  N 24.0  mpc   4.4 ms  err 0.47
[340/450] latency=0.15 S2  FR_SAFE_3   seed 40  goal      clr  1.31  t  16.7  inf  50  N 23.7  mpc   4.5 ms  err 0.54
[341/450] latency=0.15 S2  FR_SAFE_3   seed 41  goal      clr  0.55  t  16.4  inf  49  N 24.6  mpc   4.9 ms  err 0.51
[342/450] latency=0.15 S2  FR_SAFE_3   seed 42  goal      clr  0.61  t  17.6  inf  52  N 23.0  mpc   4.3 ms  err 0.29
[343/450] latency=0.15 S2  FR_SAFE_3   seed 43  goal      clr  0.68  t  17.8  inf  53  N 24.8  mpc   4.7 ms  err 0.29
[344/450] latency=0.15 S2  FR_SAFE_3   seed 44  goal      clr  0.72  t  14.2  inf  42  N 24.6  mpc   4.6 ms  err 0.51
[345/450] latency=0.15 S2  FR_SAFE_3   seed 45  goal      clr  0.70  t  16.7  inf  50  N 25.9  mpc   4.9 ms  err 0.39
[346/450] latency=0.15 S2  FR_SAFE_3   seed 46  goal      clr  0.74  t  16.6  inf  49  N 24.4  mpc   4.5 ms  err 0.69
[347/450] latency=0.15 S2  FR_SAFE_3   seed 47  goal      clr  0.62  t  16.0  inf  47  N 24.8  mpc   5.1 ms  err 0.44
[348/450] latency=0.15 S2  FR_SAFE_3   seed 48  goal      clr  0.51  t  21.0  inf  62  N 25.1  mpc   5.0 ms  err 0.20
[349/450] latency=0.15 S2  FR_SAFE_3   seed 49  goal      clr  0.83  t  13.7  inf  41  N 25.5  mpc   5.0 ms  err 0.58
[350/450] latency=0.15 S2  FR_SAFE_3   seed 50  goal      clr  1.12  t  16.1  inf  48  N 21.5  mpc   3.7 ms  err 0.60
[351/450] latency=0.15 S2  FR_SAFE_5   seed  1  goal      clr  0.32  t  16.2  inf  79  N 23.5  mpc   4.5 ms  err 0.65
[352/450] latency=0.15 S2  FR_SAFE_5   seed  2  goal      clr  0.51  t  15.7  inf  77  N 25.1  mpc   4.9 ms  err 0.48
[353/450] latency=0.15 S2  FR_SAFE_5   seed  3  goal      clr  0.67  t  16.3  inf  79  N 25.6  mpc   5.0 ms  err 0.39
[354/450] latency=0.15 S2  FR_SAFE_5   seed  4  goal      clr  0.62  t  14.5  inf  72  N 25.6  mpc   4.8 ms  err 0.48
[355/450] latency=0.15 S2  FR_SAFE_5   seed  5  goal      clr  0.68  t  21.9  inf 106  N 21.5  mpc   4.0 ms  err 0.76
[356/450] latency=0.15 S2  FR_SAFE_5   seed  6  goal      clr  0.51  t  20.6  inf 101  N 24.2  mpc   4.9 ms  err 0.41
[357/450] latency=0.15 S2  FR_SAFE_5   seed  7  goal      clr  0.58  t  20.4  inf  98  N 22.2  mpc   4.2 ms  err 0.41
[358/450] latency=0.15 S2  FR_SAFE_5   seed  8  goal      clr  0.40  t  25.4  inf 125  N 22.6  mpc   4.4 ms  err 0.22
[359/450] latency=0.15 S2  FR_SAFE_5   seed  9  goal      clr  0.66  t  16.1  inf  78  N 25.0  mpc   4.7 ms  err 0.38
[360/450] latency=0.15 S2  FR_SAFE_5   seed 10  goal      clr  0.47  t  15.3  inf  74  N 25.2  mpc   5.1 ms  err 0.82
[361/450] latency=0.15 S2  FR_SAFE_5   seed 11  goal      clr  0.71  t  16.2  inf  77  N 24.1  mpc   4.4 ms  err 0.43
[362/450] latency=0.15 S2  FR_SAFE_5   seed 12  goal      clr  0.65  t  17.2  inf  85  N 24.3  mpc   4.6 ms  err 0.61
[363/450] latency=0.15 S2  FR_SAFE_5   seed 13  goal      clr  0.66  t  15.2  inf  75  N 24.8  mpc   4.8 ms  err 0.29
[364/450] latency=0.15 S2  FR_SAFE_5   seed 14  goal      clr  0.80  t  17.7  inf  86  N 20.6  mpc   3.7 ms  err 0.41
[365/450] latency=0.15 S2  FR_SAFE_5   seed 15  goal      clr  0.85  t  13.8  inf  67  N 25.0  mpc   4.6 ms  err 0.38
[366/450] latency=0.15 S2  FR_SAFE_5   seed 16  goal      clr  0.67  t  14.8  inf  73  N 25.8  mpc   5.0 ms  err 0.42
[367/450] latency=0.15 S2  FR_SAFE_5   seed 17  goal      clr  0.57  t  15.7  inf  78  N 24.3  mpc   4.7 ms  err 0.21
[368/450] latency=0.15 S2  FR_SAFE_5   seed 18  goal      clr  0.77  t  16.1  inf  79  N 25.4  mpc   5.1 ms  err 0.54
[369/450] latency=0.15 S2  FR_SAFE_5   seed 19  goal      clr  0.58  t  21.5  inf 106  N 22.5  mpc   4.4 ms  err 0.35
[370/450] latency=0.15 S2  FR_SAFE_5   seed 20  goal      clr  0.69  t  17.9  inf  88  N 22.5  mpc   4.2 ms  err 0.33
[371/450] latency=0.15 S2  FR_SAFE_5   seed 21  goal      clr  0.87  t  13.8  inf  67  N 24.6  mpc   4.6 ms  err 0.44
[372/450] latency=0.15 S2  FR_SAFE_5   seed 22  goal      clr  0.63  t  16.2  inf  80  N 23.8  mpc   4.4 ms  err 0.48
[373/450] latency=0.15 S2  FR_SAFE_5   seed 23  goal      clr  0.63  t  17.1  inf  84  N 25.4  mpc   5.2 ms  err 0.24
[374/450] latency=0.15 S2  FR_SAFE_5   seed 24  goal      clr  0.72  t  15.3  inf  75  N 25.8  mpc   5.1 ms  err 0.34
[375/450] latency=0.15 S2  FR_SAFE_5   seed 25  goal      clr  0.51  t  17.4  inf  85  N 25.3  mpc   5.1 ms  err 0.47
[376/450] latency=0.15 S2  FR_SAFE_5   seed 26  goal      clr  1.02  t  16.2  inf  80  N 23.2  mpc   4.2 ms  err 0.37
[377/450] latency=0.15 S2  FR_SAFE_5   seed 27  goal      clr  0.58  t  16.4  inf  80  N 25.1  mpc   5.2 ms  err 0.44
[378/450] latency=0.15 S2  FR_SAFE_5   seed 28  goal      clr  0.83  t  14.2  inf  70  N 26.2  mpc   4.9 ms  err 0.20
[379/450] latency=0.15 S2  FR_SAFE_5   seed 29  goal      clr  1.12  t  13.0  inf  65  N 24.0  mpc   4.4 ms  err 0.35
[380/450] latency=0.15 S2  FR_SAFE_5   seed 30  goal      clr  0.61  t  16.9  inf  83  N 24.2  mpc   4.5 ms  err 0.43
[381/450] latency=0.15 S2  FR_SAFE_5   seed 31  goal      clr  0.55  t  20.3  inf 100  N 23.7  mpc   4.7 ms  err 0.42
[382/450] latency=0.15 S2  FR_SAFE_5   seed 32  goal      clr  0.69  t  17.1  inf  84  N 25.4  mpc   5.1 ms  err 0.36
[383/450] latency=0.15 S2  FR_SAFE_5   seed 33  goal      clr  0.70  t  13.9  inf  69  N 24.6  mpc   4.7 ms  err 0.79
[384/450] latency=0.15 S2  FR_SAFE_5   seed 34  goal      clr  0.55  t  14.9  inf  73  N 24.4  mpc   4.5 ms  err 0.46
[385/450] latency=0.15 S2  FR_SAFE_5   seed 35  goal      clr  0.44  t  15.2  inf  75  N 25.4  mpc   4.8 ms  err 0.52
[386/450] latency=0.15 S2  FR_SAFE_5   seed 36  goal      clr  0.57  t  15.7  inf  77  N 24.9  mpc   4.9 ms  err 0.60
[387/450] latency=0.15 S2  FR_SAFE_5   seed 37  goal      clr  0.61  t  15.5  inf  77  N 25.6  mpc   4.9 ms  err 0.23
[388/450] latency=0.15 S2  FR_SAFE_5   seed 38  goal      clr  0.65  t  14.4  inf  70  N 26.6  mpc   5.1 ms  err 0.82
[389/450] latency=0.15 S2  FR_SAFE_5   seed 39  goal      clr  0.78  t  13.8  inf  67  N 24.6  mpc   4.6 ms  err 0.86
[390/450] latency=0.15 S2  FR_SAFE_5   seed 40  goal      clr  0.60  t  18.2  inf  90  N 24.9  mpc   5.1 ms  err 0.32
[391/450] latency=0.15 S2  FR_SAFE_5   seed 41  goal      clr  0.73  t  15.0  inf  74  N 26.1  mpc   5.0 ms  err 0.34
[392/450] latency=0.15 S2  FR_SAFE_5   seed 42  goal      clr  0.92  t  20.8  inf 102  N 22.4  mpc   4.4 ms  err 0.77
[393/450] latency=0.15 S2  FR_SAFE_5   seed 43  goal      clr  0.67  t  15.2  inf  75  N 25.4  mpc   5.1 ms  err 0.84
[394/450] latency=0.15 S2  FR_SAFE_5   seed 44  goal      clr  0.43  t  20.2  inf  97  N 24.5  mpc   4.9 ms  err 0.50
[395/450] latency=0.15 S2  FR_SAFE_5   seed 45  goal      clr  0.69  t  16.2  inf  80  N 24.8  mpc   4.7 ms  err 0.35
[396/450] latency=0.15 S2  FR_SAFE_5   seed 46  goal      clr  0.62  t  14.4  inf  70  N 25.1  mpc   4.7 ms  err 0.45
[397/450] latency=0.15 S2  FR_SAFE_5   seed 47  goal      clr  0.54  t  14.9  inf  73  N 24.6  mpc   4.7 ms  err 0.43
[398/450] latency=0.15 S2  FR_SAFE_5   seed 48  goal      clr  0.66  t  21.3  inf 105  N 22.3  mpc   4.1 ms  err 0.51
[399/450] latency=0.15 S2  FR_SAFE_5   seed 49  goal      clr  0.90  t  14.1  inf  70  N 25.3  mpc   4.7 ms  err 0.58
[400/450] latency=0.15 S2  FR_SAFE_5   seed 50  goal      clr  0.59  t  14.4  inf  72  N 24.5  mpc   4.6 ms  err 0.67
[401/450] latency=0.15 S2  FR_SAFE_10  seed  1  goal      clr  0.61  t  17.8  inf 106  N 21.1  mpc   3.9 ms  err 0.93
[402/450] latency=0.15 S2  FR_SAFE_10  seed  2  goal      clr  0.27  t  18.4  inf 109  N 23.8  mpc   4.9 ms  err 0.42
[403/450] latency=0.15 S2  FR_SAFE_10  seed  3  goal      clr  0.61  t  14.7  inf  89  N 25.3  mpc   4.8 ms  err 0.16
[404/450] latency=0.15 S2  FR_SAFE_10  seed  4  goal      clr  0.71  t  14.7  inf  90  N 25.8  mpc   4.9 ms  err 0.56
[405/450] latency=0.15 S2  FR_SAFE_10  seed  5  goal      clr  0.58  t  17.8  inf  99  N 24.3  mpc   4.7 ms  err 0.73
[406/450] latency=0.15 S2  FR_SAFE_10  seed  6  goal      clr  0.55  t  19.6  inf 116  N 24.9  mpc   5.1 ms  err 0.24
[407/450] latency=0.15 S2  FR_SAFE_10  seed  7  goal      clr  0.62  t  16.7  inf  99  N 25.2  mpc   4.9 ms  err 0.33
[408/450] latency=0.15 S2  FR_SAFE_10  seed  8  goal      clr  0.84  t  15.9  inf  96  N 25.1  mpc   4.8 ms  err 0.27
[409/450] latency=0.15 S2  FR_SAFE_10  seed  9  goal      clr  0.57  t  16.0  inf  96  N 24.9  mpc   4.7 ms  err 0.42
[410/450] latency=0.15 S2  FR_SAFE_10  seed 10  goal      clr  0.70  t  14.6  inf  86  N 25.6  mpc   4.9 ms  err 0.60
[411/450] latency=0.15 S2  FR_SAFE_10  seed 11  goal      clr  0.76  t  16.6  inf  97  N 24.1  mpc   4.4 ms  err 0.41
[412/450] latency=0.15 S2  FR_SAFE_10  seed 12  goal      clr  0.60  t  17.2  inf  99  N 23.9  mpc   4.4 ms  err 0.40
[413/450] latency=0.15 S2  FR_SAFE_10  seed 13  goal      clr  0.68  t  15.3  inf  91  N 25.4  mpc   4.7 ms  err 0.19
[414/450] latency=0.15 S2  FR_SAFE_10  seed 14  goal      clr  0.64  t  20.1  inf 119  N 20.5  mpc   3.6 ms  err 0.34
[415/450] latency=0.15 S2  FR_SAFE_10  seed 15  goal      clr  0.67  t  13.8  inf  81  N 24.7  mpc   4.6 ms  err 0.39
[416/450] latency=0.15 S2  FR_SAFE_10  seed 16  goal      clr  0.69  t  15.2  inf  91  N 25.3  mpc   4.9 ms  err 0.42
[417/450] latency=0.15 S2  FR_SAFE_10  seed 17  goal      clr  0.71  t  15.3  inf  95  N 24.6  mpc   4.6 ms  err 0.32
[418/450] latency=0.15 S2  FR_SAFE_10  seed 18  goal      clr  0.78  t  16.7  inf 101  N 24.0  mpc   4.9 ms  err 1.10
[419/450] latency=0.15 S2  FR_SAFE_10  seed 19  goal      clr  0.63  t  20.7  inf 127  N 22.1  mpc   4.2 ms  err 0.26
[420/450] latency=0.15 S2  FR_SAFE_10  seed 20  goal      clr  0.80  t  14.9  inf  90  N 24.4  mpc   4.5 ms  err 0.66
[421/450] latency=0.15 S2  FR_SAFE_10  seed 21  goal      clr  0.72  t  17.7  inf 102  N 23.9  mpc   4.5 ms  err 0.38
[422/450] latency=0.15 S2  FR_SAFE_10  seed 22  goal      clr  0.52  t  15.7  inf  96  N 23.7  mpc   4.3 ms  err 0.31
[423/450] latency=0.15 S2  FR_SAFE_10  seed 23  goal      clr  0.68  t  16.1  inf  94  N 24.7  mpc   5.1 ms  err 0.51
[424/450] latency=0.15 S2  FR_SAFE_10  seed 24  goal      clr  0.67  t  15.5  inf  90  N 25.5  mpc   5.0 ms  err 0.82
[425/450] latency=0.15 S2  FR_SAFE_10  seed 25  goal      clr  0.56  t  20.2  inf 118  N 25.1  mpc   5.1 ms  err 0.33
[426/450] latency=0.15 S2  FR_SAFE_10  seed 26  goal      clr  0.48  t  16.2  inf  98  N 23.8  mpc   4.7 ms  err 0.19
[427/450] latency=0.15 S2  FR_SAFE_10  seed 27  goal      clr  0.74  t  15.3  inf  91  N 26.2  mpc   5.2 ms  err 0.15
[428/450] latency=0.15 S2  FR_SAFE_10  seed 28  goal      clr  0.65  t  15.8  inf  92  N 23.8  mpc   4.4 ms  err 0.34
[429/450] latency=0.15 S2  FR_SAFE_10  seed 29  goal      clr  0.71  t  16.2  inf  97  N 24.8  mpc   5.0 ms  err 0.38
[430/450] latency=0.15 S2  FR_SAFE_10  seed 30  goal      clr  0.51  t  17.8  inf 101  N 24.9  mpc   4.9 ms  err 0.47
[431/450] latency=0.15 S2  FR_SAFE_10  seed 31  goal      clr  0.65  t  19.9  inf 117  N 23.0  mpc   4.4 ms  err 0.27
[432/450] latency=0.15 S2  FR_SAFE_10  seed 32  goal      clr  0.69  t  19.2  inf 112  N 24.6  mpc   4.9 ms  err 0.48
[433/450] latency=0.15 S2  FR_SAFE_10  seed 33  goal      clr  0.62  t  14.3  inf  87  N 24.9  mpc   4.9 ms  err 0.95
[434/450] latency=0.15 S2  FR_SAFE_10  seed 34  goal      clr  0.52  t  15.3  inf  92  N 24.2  mpc   4.7 ms  err 0.26
[435/450] latency=0.15 S2  FR_SAFE_10  seed 35  goal      clr  0.42  t  15.7  inf  95  N 25.8  mpc   5.0 ms  err 0.74
[436/450] latency=0.15 S2  FR_SAFE_10  seed 36  goal      clr  0.70  t  18.2  inf 111  N 24.6  mpc   4.9 ms  err 0.31
[437/450] latency=0.15 S2  FR_SAFE_10  seed 37  goal      clr  0.39  t  15.0  inf  90  N 25.7  mpc   5.1 ms  err 0.52
[438/450] latency=0.15 S2  FR_SAFE_10  seed 38  goal      clr  0.71  t  18.7  inf 108  N 24.0  mpc   4.8 ms  err 0.76
[439/450] latency=0.15 S2  FR_SAFE_10  seed 39  goal      clr  0.88  t  13.8  inf  80  N 25.6  mpc   4.9 ms  err 0.85
[440/450] latency=0.15 S2  FR_SAFE_10  seed 40  goal      clr  0.64  t  14.1  inf  85  N 25.8  mpc   5.2 ms  err 0.28
[441/450] latency=0.15 S2  FR_SAFE_10  seed 41  goal      clr  0.57  t  20.0  inf 119  N 24.4  mpc   5.1 ms  err 0.25
[442/450] latency=0.15 S2  FR_SAFE_10  seed 42  goal      clr  0.45  t  16.7  inf  97  N 26.4  mpc   5.3 ms  err 0.39
[443/450] latency=0.15 S2  FR_SAFE_10  seed 43  goal      clr  0.65  t  18.6  inf 110  N 24.2  mpc   5.0 ms  err 0.57
[444/450] latency=0.15 S2  FR_SAFE_10  seed 44  goal      clr  0.68  t  14.4  inf  84  N 24.7  mpc   4.7 ms  err 0.56
[445/450] latency=0.15 S2  FR_SAFE_10  seed 45  goal      clr  0.78  t  15.8  inf  96  N 25.1  mpc   4.8 ms  err 0.45
[446/450] latency=0.15 S2  FR_SAFE_10  seed 46  goal      clr  0.76  t  16.4  inf  97  N 24.6  mpc   4.7 ms  err 0.53
[447/450] latency=0.15 S2  FR_SAFE_10  seed 47  goal      clr  0.35  t  16.8  inf  97  N 25.0  mpc   4.8 ms  err 0.55
[448/450] latency=0.15 S2  FR_SAFE_10  seed 48  goal      clr  0.74  t  14.4  inf  89  N 24.9  mpc   4.8 ms  err 0.50
[449/450] latency=0.15 S2  FR_SAFE_10  seed 49  goal      clr  0.83  t  13.8  inf  86  N 25.4  mpc   4.8 ms  err 0.42
[450/450] latency=0.15 S2  FR_SAFE_10  seed 50  goal      clr  0.71  t  15.1  inf  92  N 24.7  mpc   4.6 ms  err 0.60
