[  1/250] shift=0.01 S1  E_DART      seed  1  goal      clr  0.57  t  14.7  inf  83  N 26.0  mpc   6.4 ms  err 0.30
[  2/250] shift=0.01 S1  E_DART      seed  2  goal      clr  0.43  t  15.4  inf  93  N 25.6  mpc   7.0 ms  err 0.41
[  3/250] shift=0.01 S1  E_DART      seed  3  goal      clr  0.52  t  16.5  inf  89  N 26.5  mpc   6.3 ms  err 0.27
[  4/250] shift=0.01 S1  E_DART      seed  4  goal      clr  0.41  t  16.3  inf  95  N 26.4  mpc   6.5 ms  err 0.39
[  5/250] shift=0.01 S1  E_DART      seed  5  goal      clr  0.43  t  22.5  inf 132  N 25.5  mpc   6.5 ms  err 0.55
[  6/250] shift=0.01 S1  E_DART      seed  6  goal      clr  0.66  t  14.4  inf  83  N 26.1  mpc   5.7 ms  err 0.56
[  7/250] shift=0.01 S1  E_DART      seed  7  goal      clr  0.55  t  19.9  inf 101  N 24.1  mpc   5.1 ms  err 0.38
[  8/250] shift=0.01 S1  E_DART      seed  8  goal      clr  0.60  t  14.2  inf  78  N 26.1  mpc   5.8 ms  err 0.20
[  9/250] shift=0.01 S1  E_DART      seed  9  goal      clr  0.41  t  15.6  inf  86  N 26.0  mpc   6.0 ms  err 0.59
[ 10/250] shift=0.01 S1  E_DART      seed 10  goal      clr  0.55  t  14.8  inf  76  N 25.9  mpc   5.8 ms  err 0.29
[ 11/250] shift=0.01 S1  E_DART      seed 11  goal      clr  0.53  t  21.0  inf 106  N 23.8  mpc   5.2 ms  err 0.38
[ 12/250] shift=0.01 S1  E_DART      seed 12  goal      clr  0.61  t  22.2  inf 112  N 24.4  mpc   5.1 ms  err 0.43
[ 13/250] shift=0.01 S1  E_DART      seed 13  goal      clr  0.65  t  14.3  inf  81  N 26.2  mpc   5.1 ms  err 0.24
[ 14/250] shift=0.01 S1  E_DART      seed 14  goal      clr  0.55  t  17.6  inf  82  N 25.4  mpc   5.5 ms  err 0.24
[ 15/250] shift=0.01 S1  E_DART      seed 15  goal      clr  0.61  t  20.8  inf 114  N 27.0  mpc   7.2 ms  err 0.47
[ 16/250] shift=0.01 S1  E_DART      seed 16  goal      clr  0.68  t  14.1  inf  70  N 25.9  mpc   5.7 ms  err 0.13
[ 17/250] shift=0.01 S1  E_DART      seed 17  goal      clr  0.45  t  15.8  inf  74  N 25.8  mpc   6.2 ms  err 0.29
[ 18/250] shift=0.01 S1  E_DART      seed 18  goal      clr  0.68  t  15.1  inf  84  N 26.1  mpc   5.5 ms  err 0.26
[ 19/250] shift=0.01 S1  E_DART      seed 19  goal      clr  0.42  t  16.8  inf 100  N 26.3  mpc   5.9 ms  err 0.42
[ 20/250] shift=0.01 S1  E_DART      seed 20  goal      clr  0.69  t  14.8  inf  80  N 25.7  mpc   5.3 ms  err 0.57
[ 21/250] shift=0.01 S1  E_DART      seed 21  goal      clr  0.57  t  15.6  inf  72  N 26.2  mpc   5.9 ms  err 0.26
[ 22/250] shift=0.01 S1  E_DART      seed 22  goal      clr  0.57  t  14.7  inf  70  N 26.1  mpc   5.8 ms  err 0.43
[ 23/250] shift=0.01 S1  E_DART      seed 23  timeout   clr  0.48  t  40.0  inf 256  N 14.8  mpc   3.5 ms  err 0.26
[ 24/250] shift=0.01 S1  E_DART      seed 24  goal      clr  0.58  t  14.5  inf  77  N 26.0  mpc   6.0 ms  err 0.26
[ 25/250] shift=0.01 S1  E_DART      seed 25  goal      clr  0.65  t  14.9  inf  77  N 26.2  mpc   6.4 ms  err 0.32
[ 26/250] shift=0.01 S1  E_DART      seed 26  goal      clr  0.47  t  16.0  inf  78  N 24.3  mpc   5.2 ms  err 0.35
[ 27/250] shift=0.01 S1  E_DART      seed 27  goal      clr  0.60  t  14.3  inf  83  N 26.3  mpc   5.4 ms  err 0.14
[ 28/250] shift=0.01 S1  E_DART      seed 28  goal      clr  0.57  t  14.1  inf  79  N 26.0  mpc   5.1 ms  err 0.32
[ 29/250] shift=0.01 S1  E_DART      seed 29  goal      clr  0.56  t  19.2  inf  86  N 25.5  mpc   5.6 ms  err 0.29
[ 30/250] shift=0.01 S1  E_DART      seed 30  goal      clr  0.46  t  21.2  inf  98  N 24.4  mpc   5.3 ms  err 0.35
[ 31/250] shift=0.01 S1  E_DART      seed 31  goal      clr  0.60  t  16.0  inf  82  N 26.0  mpc   5.9 ms  err 0.24
[ 32/250] shift=0.01 S1  E_DART      seed 32  goal      clr  0.61  t  15.6  inf  79  N 26.3  mpc   5.9 ms  err 0.35
[ 33/250] shift=0.01 S1  E_DART      seed 33  goal      clr  0.61  t  14.9  inf  80  N 25.7  mpc   5.1 ms  err 0.25
[ 34/250] shift=0.01 S1  E_DART      seed 34  goal      clr  0.60  t  14.7  inf  81  N 25.9  mpc   5.6 ms  err 0.31
[ 35/250] shift=0.01 S1  E_DART      seed 35  goal      clr  0.63  t  14.6  inf  81  N 26.3  mpc   5.8 ms  err 0.48
[ 36/250] shift=0.01 S1  E_DART      seed 36  goal      clr  0.46  t  16.8  inf  85  N 25.4  mpc   5.3 ms  err 0.43
[ 37/250] shift=0.01 S1  E_DART      seed 37  goal      clr  0.59  t  14.1  inf  74  N 25.7  mpc   5.1 ms  err 0.24
[ 38/250] shift=0.01 S1  E_DART      seed 38  goal      clr  0.59  t  16.2  inf  96  N 26.3  mpc   6.2 ms  err 0.28
[ 39/250] shift=0.01 S1  E_DART      seed 39  goal      clr  0.53  t  14.8  inf  90  N 26.4  mpc   6.1 ms  err 0.21
[ 40/250] shift=0.01 S1  E_DART      seed 40  goal      clr  0.61  t  14.9  inf  81  N 25.9  mpc   5.5 ms  err 0.35
[ 41/250] shift=0.01 S1  E_DART      seed 41  goal      clr  0.58  t  18.4  inf  73  N 25.5  mpc   5.6 ms  err 0.25
[ 42/250] shift=0.01 S1  E_DART      seed 42  goal      clr  0.67  t  15.0  inf  81  N 25.9  mpc   5.3 ms  err 0.24
[ 43/250] shift=0.01 S1  E_DART      seed 43  goal      clr  0.63  t  15.4  inf  85  N 26.6  mpc   5.9 ms  err 0.37
[ 44/250] shift=0.01 S1  E_DART      seed 44  goal      clr  0.73  t  14.2  inf  68  N 25.8  mpc   5.6 ms  err 0.35
[ 45/250] shift=0.01 S1  E_DART      seed 45  goal      clr  0.50  t  17.5  inf  86  N 24.7  mpc   5.4 ms  err 0.32
[ 46/250] shift=0.01 S1  E_DART      seed 46  goal      clr  0.57  t  14.2  inf  87  N 26.0  mpc   5.6 ms  err 0.17
[ 47/250] shift=0.01 S1  E_DART      seed 47  goal      clr  0.55  t  15.3  inf  72  N 26.1  mpc   5.6 ms  err 0.27
[ 48/250] shift=0.01 S1  E_DART      seed 48  goal      clr  0.53  t  15.0  inf  90  N 26.2  mpc   5.5 ms  err 0.40
[ 49/250] shift=0.01 S1  E_DART      seed 49  goal      clr  0.59  t  13.9  inf  75  N 25.9  mpc   5.4 ms  err 0.20
[ 50/250] shift=0.01 S1  E_DART      seed 50  goal      clr  0.61  t  18.1  inf  85  N 25.3  mpc   5.5 ms  err 0.22
[ 51/250] shift=0.01 S1  Z_ZHUYI     seed  1  goal      clr  0.52  t  18.2  inf  52  N 26.0  mpc   5.5 ms  err 0.48
[ 52/250] shift=0.01 S1  Z_ZHUYI     seed  2  goal      clr  0.45  t  15.1  inf  46  N 26.2  mpc   6.0 ms  err 0.49
[ 53/250] shift=0.01 S1  Z_ZHUYI     seed  3  goal      clr  0.48  t  32.5  inf  69  N 23.5  mpc   5.4 ms  err 0.37
[ 54/250] shift=0.01 S1  Z_ZHUYI     seed  4  goal      clr  0.59  t  15.3  inf  51  N 26.8  mpc   5.9 ms  err 0.55
[ 55/250] shift=0.01 S1  Z_ZHUYI     seed  5  goal      clr  0.57  t  23.2  inf  52  N 24.5  mpc   5.3 ms  err 0.40
[ 56/250] shift=0.01 S1  Z_ZHUYI     seed  6  goal      clr  0.67  t  15.0  inf  44  N 26.1  mpc   5.6 ms  err 0.56
[ 57/250] shift=0.01 S1  Z_ZHUYI     seed  7  goal      clr  0.43  t  24.9  inf  56  N 23.9  mpc   5.4 ms  err 0.34
[ 58/250] shift=0.01 S1  Z_ZHUYI     seed  8  goal      clr  0.73  t  21.6  inf  49  N 23.8  mpc   5.2 ms  err 0.41
[ 59/250] shift=0.01 S1  Z_ZHUYI     seed  9  goal      clr  0.54  t  22.2  inf  63  N 24.6  mpc   5.5 ms  err 0.33
[ 60/250] shift=0.01 S1  Z_ZHUYI     seed 10  goal      clr  0.53  t  20.6  inf  51  N 25.8  mpc   5.7 ms  err 0.19
[ 61/250] shift=0.01 S1  Z_ZHUYI     seed 11  goal      clr  0.55  t  21.7  inf  55  N 24.4  mpc   5.6 ms  err 0.42
[ 62/250] shift=0.01 S1  Z_ZHUYI     seed 12  timeout   clr  0.52  t  40.0  inf  49  N 19.6  mpc   4.5 ms  err 0.32
[ 63/250] shift=0.01 S1  Z_ZHUYI     seed 13  goal      clr  0.51  t  15.1  inf  53  N 26.4  mpc   5.6 ms  err 0.38
[ 64/250] shift=0.01 S1  Z_ZHUYI     seed 14  goal      clr  0.28  t  20.5  inf  47  N 24.1  mpc   5.0 ms  err 0.26
[ 65/250] shift=0.01 S1  Z_ZHUYI     seed 15  goal      clr  0.62  t  20.6  inf  37  N 24.3  mpc   5.3 ms  err 0.36
[ 66/250] shift=0.01 S1  Z_ZHUYI     seed 16  goal      clr  0.59  t  15.1  inf  41  N 26.4  mpc   5.5 ms  err 0.45
[ 67/250] shift=0.01 S1  Z_ZHUYI     seed 17  goal      clr  0.57  t  15.5  inf  43  N 26.6  mpc   5.4 ms  err 0.42
[ 68/250] shift=0.01 S1  Z_ZHUYI     seed 18  goal      clr  0.52  t  29.1  inf  45  N 24.5  mpc   5.6 ms  err 0.58
[ 69/250] shift=0.01 S1  Z_ZHUYI     seed 19  goal      clr  0.56  t  18.7  inf  41  N 24.3  mpc   5.3 ms  err 0.24
[ 70/250] shift=0.01 S1  Z_ZHUYI     seed 20  goal      clr  0.79  t  21.8  inf  45  N 24.0  mpc   5.0 ms  err 0.35
[ 71/250] shift=0.01 S1  Z_ZHUYI     seed 21  goal      clr  0.52  t  18.2  inf  54  N 25.5  mpc   5.4 ms  err 0.35
[ 72/250] shift=0.01 S1  Z_ZHUYI     seed 22  goal      clr  0.56  t  14.2  inf  47  N 26.4  mpc   5.6 ms  err 0.42
[ 73/250] shift=0.01 S1  Z_ZHUYI     seed 23  goal      clr  0.52  t  21.5  inf  52  N 23.9  mpc   5.0 ms  err 0.35
[ 74/250] shift=0.01 S1  Z_ZHUYI     seed 24  goal      clr  0.37  t  21.4  inf  50  N 25.1  mpc   5.5 ms  err 0.39
[ 75/250] shift=0.01 S1  Z_ZHUYI     seed 25  goal      clr  0.67  t  21.0  inf  51  N 24.2  mpc   5.5 ms  err 0.49
[ 76/250] shift=0.01 S1  Z_ZHUYI     seed 26  goal      clr  0.52  t  22.9  inf  43  N 24.2  mpc   5.2 ms  err 0.29
[ 77/250] shift=0.01 S1  Z_ZHUYI     seed 27  goal      clr  0.59  t  14.3  inf  58  N 26.4  mpc   5.4 ms  err 0.27
[ 78/250] shift=0.01 S1  Z_ZHUYI     seed 28  goal      clr  0.55  t  14.1  inf  51  N 26.6  mpc   5.5 ms  err 0.32
[ 79/250] shift=0.01 S1  Z_ZHUYI     seed 29  goal      clr  0.51  t  21.0  inf  53  N 25.7  mpc   5.9 ms  err 0.27
[ 80/250] shift=0.01 S1  Z_ZHUYI     seed 30  goal      clr  0.51  t  20.8  inf  42  N 24.8  mpc   5.5 ms  err 0.45
[ 81/250] shift=0.01 S1  Z_ZHUYI     seed 31  goal      clr  0.59  t  25.0  inf  61  N 24.1  mpc   5.1 ms  err 0.41
[ 82/250] shift=0.01 S1  Z_ZHUYI     seed 32  goal      clr  0.61  t  29.7  inf  54  N 20.3  mpc   4.4 ms  err 0.25
[ 83/250] shift=0.01 S1  Z_ZHUYI     seed 33  goal      clr  0.52  t  22.9  inf  45  N 23.5  mpc   5.2 ms  err 0.54
[ 84/250] shift=0.01 S1  Z_ZHUYI     seed 34  goal      clr  0.35  t  15.0  inf  49  N 25.7  mpc   5.8 ms  err 0.42
[ 85/250] shift=0.01 S1  Z_ZHUYI     seed 35  goal      clr  0.63  t  26.2  inf  41  N 23.3  mpc   5.0 ms  err 0.34
[ 86/250] shift=0.01 S1  Z_ZHUYI     seed 36  goal      clr  0.67  t  15.1  inf  54  N 26.3  mpc   5.8 ms  err 0.35
[ 87/250] shift=0.01 S1  Z_ZHUYI     seed 37  goal      clr  0.60  t  22.3  inf  42  N 23.6  mpc   5.2 ms  err 0.26
[ 88/250] shift=0.01 S1  Z_ZHUYI     seed 38  timeout   clr  0.68  t  40.0  inf  89  N 17.2  mpc   3.8 ms  err 0.47
[ 89/250] shift=0.01 S1  Z_ZHUYI     seed 39  goal      clr  0.61  t  14.4  inf  63  N 26.6  mpc   6.0 ms  err 0.21
[ 90/250] shift=0.01 S1  Z_ZHUYI     seed 40  goal      clr  0.60  t  18.7  inf  48  N 25.4  mpc   5.6 ms  err 0.27
[ 91/250] shift=0.01 S1  Z_ZHUYI     seed 41  goal      clr  0.64  t  20.4  inf  53  N 24.3  mpc   5.5 ms  err 0.19
[ 92/250] shift=0.01 S1  Z_ZHUYI     seed 42  goal      clr  0.67  t  24.8  inf  51  N 23.7  mpc   5.5 ms  err 0.32
[ 93/250] shift=0.01 S1  Z_ZHUYI     seed 43  goal      clr  0.47  t  20.2  inf  51  N 24.7  mpc   5.8 ms  err 0.26
[ 94/250] shift=0.01 S1  Z_ZHUYI     seed 44  goal      clr  0.53  t  19.9  inf  40  N 24.5  mpc   5.3 ms  err 0.27
[ 95/250] shift=0.01 S1  Z_ZHUYI     seed 45  goal      clr  0.35  t  34.8  inf  62  N 22.0  mpc   5.3 ms  err 0.61
[ 96/250] shift=0.01 S1  Z_ZHUYI     seed 46  goal      clr  0.60  t  14.3  inf  50  N 26.4  mpc   5.7 ms  err 0.36
[ 97/250] shift=0.01 S1  Z_ZHUYI     seed 47  goal      clr  0.60  t  32.1  inf  53  N 24.1  mpc   5.2 ms  err 0.51
[ 98/250] shift=0.01 S1  Z_ZHUYI     seed 48  goal      clr  0.44  t  23.6  inf  48  N 24.1  mpc   5.5 ms  err 0.43
[ 99/250] shift=0.01 S1  Z_ZHUYI     seed 49  goal      clr  0.77  t  13.9  inf  42  N 26.2  mpc   5.4 ms  err 0.26
[100/250] shift=0.01 S1  Z_ZHUYI     seed 50  goal      clr  0.55  t  20.0  inf  48  N 25.1  mpc   5.3 ms  err 0.24
[101/250] shift=0.01 S1  A_FR_FN     seed  1  goal      clr  0.48  t  13.6  inf 126  N 20.0  mpc   3.6 ms  err 0.21
[102/250] shift=0.01 S1  A_FR_FN     seed  2  goal      clr  0.28  t  13.6  inf 128  N 20.0  mpc   3.6 ms  err 0.32
[103/250] shift=0.01 S1  A_FR_FN     seed  3  goal      clr  0.45  t  26.8  inf 249  N 20.0  mpc   4.1 ms  err 0.42
[104/250] shift=0.01 S1  A_FR_FN     seed  4  goal      clr  0.51  t  13.6  inf 128  N 20.0  mpc   4.0 ms  err 0.15
[105/250] shift=0.01 S1  A_FR_FN     seed  5  goal      clr  0.47  t  14.2  inf 132  N 20.0  mpc   3.6 ms  err 0.45
[106/250] shift=0.01 S1  A_FR_FN     seed  6  goal      clr  0.47  t  13.4  inf 125  N 20.0  mpc   3.7 ms  err 0.31
[107/250] shift=0.01 S1  A_FR_FN     seed  7  goal      clr  0.29  t  13.3  inf 125  N 20.0  mpc   3.8 ms  err 0.45
[108/250] shift=0.01 S1  A_FR_FN     seed  8  goal      clr  0.26  t  13.9  inf 128  N 20.0  mpc   3.6 ms  err 0.21
[109/250] shift=0.01 S1  A_FR_FN     seed  9  goal      clr  0.49  t  13.7  inf 128  N 20.0  mpc   3.6 ms  err 0.22
[110/250] shift=0.01 S1  A_FR_FN     seed 10  goal      clr  0.22  t  13.5  inf 126  N 20.0  mpc   3.6 ms  err 0.45
[111/250] shift=0.01 S1  A_FR_FN     seed 11  goal      clr  0.47  t  13.4  inf 125  N 20.0  mpc   3.6 ms  err 0.25
[112/250] shift=0.01 S1  A_FR_FN     seed 12  goal      clr  0.46  t  13.6  inf 126  N 20.0  mpc   3.5 ms  err 0.18
[113/250] shift=0.01 S1  A_FR_FN     seed 13  goal      clr  0.47  t  13.6  inf 124  N 20.0  mpc   3.4 ms  err 0.15
[114/250] shift=0.01 S1  A_FR_FN     seed 14  goal      clr  0.38  t  14.1  inf 129  N 20.0  mpc   3.5 ms  err 0.33
[115/250] shift=0.01 S1  A_FR_FN     seed 15  goal      clr  0.34  t  14.5  inf 134  N 20.0  mpc   3.6 ms  err 0.40
[116/250] shift=0.01 S1  A_FR_FN     seed 16  goal      clr  0.47  t  13.3  inf 124  N 20.0  mpc   3.4 ms  err 0.18
[117/250] shift=0.01 S1  A_FR_FN     seed 17  goal      clr  0.51  t  13.6  inf 128  N 20.0  mpc   3.5 ms  err 0.24
[118/250] shift=0.01 S1  A_FR_FN     seed 18  goal      clr  0.41  t  13.8  inf 127  N 20.0  mpc   3.7 ms  err 0.23
[119/250] shift=0.01 S1  A_FR_FN     seed 19  goal      clr  0.43  t  14.2  inf 130  N 20.0  mpc   3.5 ms  err 0.31
[120/250] shift=0.01 S1  A_FR_FN     seed 20  goal      clr  0.28  t  13.7  inf 129  N 20.0  mpc   3.3 ms  err 0.40
[121/250] shift=0.01 S1  A_FR_FN     seed 21  goal      clr  0.57  t  13.7  inf 129  N 20.0  mpc   3.4 ms  err 0.27
[122/250] shift=0.01 S1  A_FR_FN     seed 22  goal      clr  0.30  t  13.3  inf 125  N 20.0  mpc   3.3 ms  err 0.43
[123/250] shift=0.01 S1  A_FR_FN     seed 23  goal      clr  0.46  t  13.4  inf 126  N 20.0  mpc   3.2 ms  err 0.36
[124/250] shift=0.01 S1  A_FR_FN     seed 24  goal      clr  0.54  t  13.3  inf 123  N 20.0  mpc   3.3 ms  err 0.28
[125/250] shift=0.01 S1  A_FR_FN     seed 25  goal      clr  0.42  t  13.5  inf 128  N 20.0  mpc   3.5 ms  err 0.26
[126/250] shift=0.01 S1  A_FR_FN     seed 26  goal      clr  0.39  t  13.7  inf 126  N 20.0  mpc   3.5 ms  err 0.24
[127/250] shift=0.01 S1  A_FR_FN     seed 27  goal      clr  0.45  t  13.6  inf 126  N 20.0  mpc   3.4 ms  err 0.13
[128/250] shift=0.01 S1  A_FR_FN     seed 28  goal      clr  0.40  t  13.4  inf 124  N 20.0  mpc   3.4 ms  err 0.33
[129/250] shift=0.01 S1  A_FR_FN     seed 29  goal      clr  0.34  t  14.0  inf 129  N 20.0  mpc   3.7 ms  err 0.37
[130/250] shift=0.01 S1  A_FR_FN     seed 30  goal      clr  0.58  t  13.5  inf 125  N 20.0  mpc   3.8 ms  err 0.29
[131/250] shift=0.01 S1  A_FR_FN     seed 31  goal      clr  0.39  t  13.7  inf 126  N 20.0  mpc   3.8 ms  err 0.24
[132/250] shift=0.01 S1  A_FR_FN     seed 32  goal      clr  0.45  t  13.9  inf 130  N 20.0  mpc   3.9 ms  err 0.32
[133/250] shift=0.01 S1  A_FR_FN     seed 33  goal      clr  0.45  t  13.3  inf 123  N 20.0  mpc   3.5 ms  err 0.26
[134/250] shift=0.01 S1  A_FR_FN     seed 34  goal      clr  0.40  t  13.6  inf 129  N 20.0  mpc   3.5 ms  err 0.31
[135/250] shift=0.01 S1  A_FR_FN     seed 35  goal      clr  0.41  t  13.8  inf 131  N 20.0  mpc   3.8 ms  err 0.29
[136/250] shift=0.01 S1  A_FR_FN     seed 36  goal      clr  0.45  t  13.4  inf 124  N 20.0  mpc   3.6 ms  err 0.31
[137/250] shift=0.01 S1  A_FR_FN     seed 37  goal      clr  0.42  t  15.2  inf 141  N 20.0  mpc   3.8 ms  err 0.29
[138/250] shift=0.01 S1  A_FR_FN     seed 38  goal      clr  0.47  t  13.9  inf 130  N 20.0  mpc   3.6 ms  err 0.39
[139/250] shift=0.01 S1  A_FR_FN     seed 39  goal      clr  0.46  t  14.1  inf 134  N 20.0  mpc   3.7 ms  err 0.12
[140/250] shift=0.01 S1  A_FR_FN     seed 40  goal      clr  0.34  t  13.4  inf 124  N 20.0  mpc   3.7 ms  err 0.44
[141/250] shift=0.01 S1  A_FR_FN     seed 41  goal      clr  0.35  t  14.1  inf 131  N 20.0  mpc   3.7 ms  err 0.22
[142/250] shift=0.01 S1  A_FR_FN     seed 42  goal      clr  0.35  t  13.9  inf 133  N 20.0  mpc   3.7 ms  err 0.32
[143/250] shift=0.01 S1  A_FR_FN     seed 43  goal      clr  0.43  t  13.9  inf 129  N 20.0  mpc   3.5 ms  err 0.32
[144/250] shift=0.01 S1  A_FR_FN     seed 44  goal      clr  0.45  t  13.4  inf 126  N 20.0  mpc   3.6 ms  err 0.25
[145/250] shift=0.01 S1  A_FR_FN     seed 45  goal      clr  0.33  t  13.9  inf 129  N 20.0  mpc   3.6 ms  err 0.29
[146/250] shift=0.01 S1  A_FR_FN     seed 46  goal      clr  0.43  t  13.6  inf 128  N 20.0  mpc   3.4 ms  err 0.25
[147/250] shift=0.01 S1  A_FR_FN     seed 47  goal      clr  0.38  t  14.3  inf 133  N 20.0  mpc   3.5 ms  err 0.22
[148/250] shift=0.01 S1  A_FR_FN     seed 48  goal      clr  0.43  t  13.7  inf 126  N 20.0  mpc   3.7 ms  err 0.31
[149/250] shift=0.01 S1  A_FR_FN     seed 49  goal      clr  0.46  t  13.4  inf 122  N 20.0  mpc   3.6 ms  err 0.21
[150/250] shift=0.01 S1  A_FR_FN     seed 50  goal      clr  0.35  t  13.7  inf 126  N 20.0  mpc   3.6 ms  err 0.23
[151/250] shift=0.01 S1  FR_SAFE_3   seed  1  goal      clr  0.61  t  16.4  inf  49  N 26.3  mpc   5.5 ms  err 0.34
[152/250] shift=0.01 S1  FR_SAFE_3   seed  2  goal      clr  0.65  t  16.2  inf  48  N 25.9  mpc   5.4 ms  err 0.24
[153/250] shift=0.01 S1  FR_SAFE_3   seed  3  goal      clr  0.47  t  22.2  inf  66  N 26.8  mpc   5.9 ms  err 0.41
[154/250] shift=0.01 S1  FR_SAFE_3   seed  4  goal      clr  0.61  t  14.7  inf  44  N 26.6  mpc   6.0 ms  err 0.41
[155/250] shift=0.01 S1  FR_SAFE_3   seed  5  goal      clr  0.56  t  19.2  inf  57  N 26.5  mpc   6.1 ms  err 0.59
[156/250] shift=0.01 S1  FR_SAFE_3   seed  6  goal      clr  0.66  t  14.6  inf  43  N 26.2  mpc   5.5 ms  err 0.33
[157/250] shift=0.01 S1  FR_SAFE_3   seed  7  goal      clr  0.58  t  20.3  inf  60  N 24.0  mpc   5.3 ms  err 0.42
[158/250] shift=0.01 S1  FR_SAFE_3   seed  8  goal      clr  0.74  t  20.7  inf  61  N 24.3  mpc   5.1 ms  err 0.17
[159/250] shift=0.01 S1  FR_SAFE_3   seed  9  goal      clr  0.36  t  22.2  inf  66  N 24.6  mpc   5.2 ms  err 0.54
[160/250] shift=0.01 S1  FR_SAFE_3   seed 10  goal      clr  0.42  t  16.1  inf  48  N 26.0  mpc   5.9 ms  err 0.25
[161/250] shift=0.01 S1  FR_SAFE_3   seed 11  goal      clr  0.69  t  14.9  inf  44  N 26.1  mpc   5.6 ms  err 0.18
[162/250] shift=0.01 S1  FR_SAFE_3   seed 12  goal      clr  0.52  t  15.9  inf  47  N 26.6  mpc   5.9 ms  err 0.23
[163/250] shift=0.01 S1  FR_SAFE_3   seed 13  goal      clr  0.73  t  14.8  inf  44  N 26.4  mpc   5.5 ms  err 0.33
[164/250] shift=0.01 S1  FR_SAFE_3   seed 14  goal      clr  0.53  t  18.1  inf  54  N 26.3  mpc   5.8 ms  err 0.32
[165/250] shift=0.01 S1  FR_SAFE_3   seed 15  goal      clr  0.30  t  20.8  inf  62  N 26.2  mpc   6.3 ms  err 0.40
[166/250] shift=0.01 S1  FR_SAFE_3   seed 16  goal      clr  0.68  t  16.0  inf  48  N 26.2  mpc   5.9 ms  err 0.14
[167/250] shift=0.01 S1  FR_SAFE_3   seed 17  goal      clr  0.59  t  19.9  inf  59  N 23.9  mpc   5.2 ms  err 0.40
[168/250] shift=0.01 S1  FR_SAFE_3   seed 18  goal      clr  0.75  t  14.9  inf  44  N 26.0  mpc   5.1 ms  err 0.29
[169/250] shift=0.01 S1  FR_SAFE_3   seed 19  goal      clr  0.49  t  23.1  inf  68  N 25.5  mpc   6.2 ms  err 0.24
[170/250] shift=0.01 S1  FR_SAFE_3   seed 20  goal      clr  0.71  t  14.7  inf  44  N 26.4  mpc   5.5 ms  err 0.42
[171/250] shift=0.01 S1  FR_SAFE_3   seed 21  goal      clr  0.72  t  15.8  inf  47  N 26.1  mpc   5.8 ms  err 0.19
[172/250] shift=0.01 S1  FR_SAFE_3   seed 22  goal      clr  0.59  t  15.0  inf  45  N 26.1  mpc   5.7 ms  err 0.29
[173/250] shift=0.01 S1  FR_SAFE_3   seed 23  goal      clr  0.59  t  15.6  inf  46  N 25.7  mpc   5.8 ms  err 0.22
[174/250] shift=0.01 S1  FR_SAFE_3   seed 24  goal      clr  0.59  t  14.7  inf  44  N 26.0  mpc   5.7 ms  err 0.25
[175/250] shift=0.01 S1  FR_SAFE_3   seed 25  goal      clr  0.48  t  16.9  inf  50  N 26.0  mpc   5.7 ms  err 0.20
[176/250] shift=0.01 S1  FR_SAFE_3   seed 26  goal      clr  0.65  t  16.5  inf  49  N 26.2  mpc   5.9 ms  err 0.33
[177/250] shift=0.01 S1  FR_SAFE_3   seed 27  goal      clr  0.56  t  14.7  inf  44  N 26.4  mpc   5.9 ms  err 0.14
[178/250] shift=0.01 S1  FR_SAFE_3   seed 28  goal      clr  0.68  t  14.3  inf  43  N 26.3  mpc   5.5 ms  err 0.26
[179/250] shift=0.01 S1  FR_SAFE_3   seed 29  goal      clr  0.32  t  25.1  inf  74  N 26.2  mpc   6.3 ms  err 0.38
[180/250] shift=0.01 S1  FR_SAFE_3   seed 30  goal      clr  0.50  t  28.9  inf  86  N 22.9  mpc   5.2 ms  err 0.46
[181/250] shift=0.01 S1  FR_SAFE_3   seed 31  goal      clr  0.62  t  16.3  inf  49  N 26.6  mpc   5.9 ms  err 0.25
[182/250] shift=0.01 S1  FR_SAFE_3   seed 32  goal      clr  0.59  t  16.7  inf  50  N 26.1  mpc   5.6 ms  err 0.17
[183/250] shift=0.01 S1  FR_SAFE_3   seed 33  goal      clr  0.70  t  14.3  inf  43  N 25.9  mpc   5.3 ms  err 0.25
[184/250] shift=0.01 S1  FR_SAFE_3   seed 34  goal      clr  0.67  t  15.2  inf  45  N 25.9  mpc   5.8 ms  err 0.47
[185/250] shift=0.01 S1  FR_SAFE_3   seed 35  goal      clr  0.56  t  15.4  inf  46  N 26.5  mpc   5.8 ms  err 0.30
[186/250] shift=0.01 S1  FR_SAFE_3   seed 36  goal      clr  0.49  t  17.9  inf  53  N 25.3  mpc   5.2 ms  err 0.29
[187/250] shift=0.01 S1  FR_SAFE_3   seed 37  goal      clr  0.59  t  16.1  inf  48  N 26.5  mpc   5.8 ms  err 0.33
[188/250] shift=0.01 S1  FR_SAFE_3   seed 38  goal      clr  0.51  t  18.0  inf  54  N 26.2  mpc   5.5 ms  err 0.25
[189/250] shift=0.01 S1  FR_SAFE_3   seed 39  goal      clr  0.60  t  15.5  inf  46  N 26.6  mpc   5.5 ms  err 0.19
[190/250] shift=0.01 S1  FR_SAFE_3   seed 40  goal      clr  0.59  t  16.2  inf  48  N 26.0  mpc   5.4 ms  err 0.26
[191/250] shift=0.01 S1  FR_SAFE_3   seed 41  goal      clr  0.70  t  15.9  inf  47  N 26.5  mpc   5.6 ms  err 0.23
[192/250] shift=0.01 S1  FR_SAFE_3   seed 42  goal      clr  0.70  t  15.2  inf  45  N 26.3  mpc   5.5 ms  err 0.28
[193/250] shift=0.01 S1  FR_SAFE_3   seed 43  goal      clr  0.65  t  14.9  inf  44  N 26.1  mpc   5.7 ms  err 0.28
[194/250] shift=0.01 S1  FR_SAFE_3   seed 44  goal      clr  0.61  t  16.3  inf  48  N 26.1  mpc   5.5 ms  err 0.40
[195/250] shift=0.01 S1  FR_SAFE_3   seed 45  goal      clr  0.60  t  17.5  inf  52  N 26.3  mpc   6.0 ms  err 0.25
[196/250] shift=0.01 S1  FR_SAFE_3   seed 46  goal      clr  0.61  t  15.6  inf  46  N 26.5  mpc   5.7 ms  err 0.40
[197/250] shift=0.01 S1  FR_SAFE_3   seed 47  goal      clr  0.21  t  20.0  inf  59  N 26.3  mpc   5.9 ms  err 0.39
[198/250] shift=0.01 S1  FR_SAFE_3   seed 48  goal      clr  0.58  t  15.4  inf  46  N 26.2  mpc   6.1 ms  err 0.28
[199/250] shift=0.01 S1  FR_SAFE_3   seed 49  goal      clr  0.63  t  15.4  inf  46  N 26.6  mpc   5.5 ms  err 0.35
[200/250] shift=0.01 S1  FR_SAFE_3   seed 50  goal      clr  0.70  t  14.7  inf  44  N 26.4  mpc   5.4 ms  err 0.14
[201/250] shift=0.01 S1  FR_SAFE_10  seed  1  goal      clr  0.50  t  16.0  inf 148  N 26.6  mpc   5.8 ms  err 0.38
[202/250] shift=0.01 S1  FR_SAFE_10  seed  2  goal      clr  0.51  t  16.4  inf 153  N 25.6  mpc   5.7 ms  err 0.47
[203/250] shift=0.01 S1  FR_SAFE_10  seed  3  goal      clr  0.52  t  16.4  inf 152  N 26.5  mpc   5.7 ms  err 0.26
[204/250] shift=0.01 S1  FR_SAFE_10  seed  4  goal      clr  0.55  t  14.8  inf 139  N 26.0  mpc   5.5 ms  err 0.30
[205/250] shift=0.01 S1  FR_SAFE_10  seed  5  goal      clr  0.37  t  17.0  inf 157  N 25.5  mpc   5.8 ms  err 0.64
[206/250] shift=0.01 S1  FR_SAFE_10  seed  6  goal      clr  0.65  t  14.4  inf 134  N 26.0  mpc   5.6 ms  err 0.47
[207/250] shift=0.01 S1  FR_SAFE_10  seed  7  goal      clr  0.47  t  16.4  inf 153  N 25.6  mpc   5.5 ms  err 0.36
[208/250] shift=0.01 S1  FR_SAFE_10  seed  8  goal      clr  0.52  t  23.1  inf 215  N 23.7  mpc   5.4 ms  err 0.80
[209/250] shift=0.01 S1  FR_SAFE_10  seed  9  goal      clr  0.63  t  14.2  inf 133  N 26.4  mpc   5.9 ms  err 0.32
[210/250] shift=0.01 S1  FR_SAFE_10  seed 10  goal      clr  0.57  t  14.6  inf 137  N 25.8  mpc   5.9 ms  err 0.28
[211/250] shift=0.01 S1  FR_SAFE_10  seed 11  goal      clr  0.49  t  17.4  inf 163  N 26.1  mpc   5.9 ms  err 0.31
[212/250] shift=0.01 S1  FR_SAFE_10  seed 12  goal      clr  0.55  t  15.2  inf 141  N 26.2  mpc   5.5 ms  err 0.18
[213/250] shift=0.01 S1  FR_SAFE_10  seed 13  goal      clr  0.50  t  20.8  inf 189  N 25.2  mpc   5.8 ms  err 0.52
[214/250] shift=0.01 S1  FR_SAFE_10  seed 14  goal      clr  0.52  t  15.2  inf 140  N 25.9  mpc   5.7 ms  err 0.19
[215/250] shift=0.01 S1  FR_SAFE_10  seed 15  goal      clr  0.63  t  19.7  inf 183  N 25.8  mpc   5.9 ms  err 0.39
[216/250] shift=0.01 S1  FR_SAFE_10  seed 16  goal      clr  0.68  t  14.4  inf 133  N 25.5  mpc   5.1 ms  err 0.21
[217/250] shift=0.01 S1  FR_SAFE_10  seed 17  goal      clr  0.63  t  14.0  inf 132  N 25.2  mpc   5.0 ms  err 0.17
[218/250] shift=0.01 S1  FR_SAFE_10  seed 18  goal      clr  0.56  t  14.4  inf 134  N 26.0  mpc   5.5 ms  err 0.21
[219/250] shift=0.01 S1  FR_SAFE_10  seed 19  goal      clr  0.51  t  15.1  inf 138  N 26.4  mpc   6.0 ms  err 0.26
[220/250] shift=0.01 S1  FR_SAFE_10  seed 20  goal      clr  0.70  t  14.4  inf 135  N 25.4  mpc   5.6 ms  err 0.46
[221/250] shift=0.01 S1  FR_SAFE_10  seed 21  goal      clr  0.76  t  14.5  inf 136  N 25.5  mpc   5.5 ms  err 0.27
[222/250] shift=0.01 S1  FR_SAFE_10  seed 22  goal      clr  0.57  t  14.1  inf 132  N 25.9  mpc   5.5 ms  err 0.40
[223/250] shift=0.01 S1  FR_SAFE_10  seed 23  goal      clr  0.66  t  14.6  inf 137  N 25.2  mpc   5.4 ms  err 0.23
[224/250] shift=0.01 S1  FR_SAFE_10  seed 24  goal      clr  0.55  t  14.2  inf 131  N 25.2  mpc   5.0 ms  err 0.29
[225/250] shift=0.01 S1  FR_SAFE_10  seed 25  goal      clr  0.63  t  14.7  inf 140  N 25.7  mpc   5.5 ms  err 0.22
[226/250] shift=0.01 S1  FR_SAFE_10  seed 26  goal      clr  0.54  t  14.5  inf 134  N 25.4  mpc   5.3 ms  err 0.26
[227/250] shift=0.01 S1  FR_SAFE_10  seed 27  goal      clr  0.55  t  14.4  inf 134  N 26.0  mpc   5.5 ms  err 0.10
[228/250] shift=0.01 S1  FR_SAFE_10  seed 28  goal      clr  0.58  t  14.2  inf 131  N 26.0  mpc   5.6 ms  err 0.38
[229/250] shift=0.01 S1  FR_SAFE_10  seed 29  goal      clr  0.58  t  16.2  inf 148  N 26.4  mpc   6.0 ms  err 0.25
[230/250] shift=0.01 S1  FR_SAFE_10  seed 30  goal      clr  0.63  t  14.8  inf 137  N 25.7  mpc   5.8 ms  err 0.18
[231/250] shift=0.01 S1  FR_SAFE_10  seed 31  goal      clr  0.57  t  15.0  inf 138  N 25.7  mpc   5.4 ms  err 0.09
[232/250] shift=0.01 S1  FR_SAFE_10  seed 32  goal      clr  0.58  t  17.7  inf 166  N 24.0  mpc   5.2 ms  err 0.25
[233/250] shift=0.01 S1  FR_SAFE_10  seed 33  goal      clr  0.56  t  14.2  inf 132  N 25.4  mpc   5.4 ms  err 0.23
[234/250] shift=0.01 S1  FR_SAFE_10  seed 34  goal      clr  0.51  t  16.8  inf 159  N 25.8  mpc   5.9 ms  err 0.38
[235/250] shift=0.01 S1  FR_SAFE_10  seed 35  goal      clr  0.62  t  14.6  inf 138  N 26.2  mpc   5.9 ms  err 0.41
[236/250] shift=0.01 S1  FR_SAFE_10  seed 36  goal      clr  0.58  t  16.4  inf 152  N 24.6  mpc   5.6 ms  err 0.26
[237/250] shift=0.01 S1  FR_SAFE_10  seed 37  goal      clr  0.51  t  14.3  inf 134  N 25.6  mpc   5.7 ms  err 0.31
[238/250] shift=0.01 S1  FR_SAFE_10  seed 38  goal      clr  0.56  t  16.3  inf 151  N 26.4  mpc   6.0 ms  err 0.42
[239/250] shift=0.01 S1  FR_SAFE_10  seed 39  goal      clr  0.58  t  14.7  inf 139  N 26.1  mpc   5.9 ms  err 0.14
[240/250] shift=0.01 S1  FR_SAFE_10  seed 40  goal      clr  0.62  t  14.4  inf 132  N 25.7  mpc   5.8 ms  err 0.28
[241/250] shift=0.01 S1  FR_SAFE_10  seed 41  goal      clr  0.54  t  15.2  inf 141  N 25.9  mpc   6.2 ms  err 0.14
[242/250] shift=0.01 S1  FR_SAFE_10  seed 42  goal      clr  0.63  t  14.3  inf 137  N 25.8  mpc   5.9 ms  err 0.21
[243/250] shift=0.01 S1  FR_SAFE_10  seed 43  goal      clr  0.55  t  15.1  inf 140  N 26.4  mpc   5.8 ms  err 0.37
[244/250] shift=0.01 S1  FR_SAFE_10  seed 44  goal      clr  0.65  t  14.2  inf 133  N 25.4  mpc   5.4 ms  err 0.28
[245/250] shift=0.01 S1  FR_SAFE_10  seed 45  goal      clr  0.56  t  16.7  inf 156  N 25.5  mpc   5.8 ms  err 0.30
[246/250] shift=0.01 S1  FR_SAFE_10  seed 46  goal      clr  0.59  t  14.1  inf 131  N 26.1  mpc   5.5 ms  err 0.30
[247/250] shift=0.01 S1  FR_SAFE_10  seed 47  goal      clr  0.52  t  15.2  inf 141  N 25.7  mpc   5.4 ms  err 0.26
[248/250] shift=0.01 S1  FR_SAFE_10  seed 48  goal      clr  0.49  t  15.7  inf 145  N 25.8  mpc   5.4 ms  err 0.36
[249/250] shift=0.01 S1  FR_SAFE_10  seed 49  goal      clr  0.59  t  13.9  inf 127  N 25.7  mpc   5.2 ms  err 0.23
[250/250] shift=0.01 S1  FR_SAFE_10  seed 50  goal      clr  0.57  t  14.6  inf 135  N 26.0  mpc   5.6 ms  err 0.21
