[  1/450] speed=5 S1  E_DART      seed  1  goal      clr  0.57  t  13.1  inf  87  N 25.9  mpc   9.0 ms  err 0.21
[  2/450] speed=5 S1  E_DART      seed  2  goal      clr  0.48  t  14.2  inf  87  N 25.6  mpc   9.0 ms  err 0.21
[  3/450] speed=5 S1  E_DART      seed  3  goal      clr  0.50  t  21.8  inf 103  N 22.9  mpc   6.6 ms  err 0.22
[  4/450] speed=5 S1  E_DART      seed  4  goal      clr  0.57  t  13.7  inf  85  N 25.8  mpc   7.1 ms  err 0.27
[  5/450] speed=5 S1  E_DART      seed  5  goal      clr  0.49  t  13.4  inf  78  N 25.1  mpc   6.5 ms  err 0.27
[  6/450] speed=5 S1  E_DART      seed  6  goal      clr  0.67  t  13.0  inf  78  N 25.6  mpc   6.4 ms  err 0.18
[  7/450] speed=5 S1  E_DART      seed  7  goal      clr  0.40  t  13.9  inf  80  N 25.4  mpc   6.7 ms  err 0.26
[  8/450] speed=5 S1  E_DART      seed  8  goal      clr  0.62  t  13.8  inf  76  N 26.1  mpc   6.9 ms  err 0.15
[  9/450] speed=5 S1  E_DART      seed  9  goal      clr  0.50  t  13.3  inf  79  N 25.7  mpc   6.7 ms  err 0.28
[ 10/450] speed=5 S1  E_DART      seed 10  goal      clr  0.34  t  14.1  inf  82  N 25.4  mpc   6.8 ms  err 0.19
[ 11/450] speed=5 S1  E_DART      seed 11  goal      clr  0.61  t  13.0  inf  75  N 25.7  mpc   6.6 ms  err 0.23
[ 12/450] speed=5 S1  E_DART      seed 12  goal      clr  0.53  t  13.6  inf  81  N 26.1  mpc   6.7 ms  err 0.19
[ 13/450] speed=5 S1  E_DART      seed 13  goal      clr  0.67  t  12.9  inf  84  N 25.9  mpc   6.6 ms  err 0.18
[ 14/450] speed=5 S1  E_DART      seed 14  goal      clr  0.56  t  13.8  inf  87  N 25.9  mpc   6.7 ms  err 0.17
[ 15/450] speed=5 S1  E_DART      seed 15  goal      clr  0.40  t  14.5  inf  87  N 25.8  mpc   6.9 ms  err 0.23
[ 16/450] speed=5 S1  E_DART      seed 16  goal      clr  0.73  t  12.9  inf  73  N 25.3  mpc   6.4 ms  err 0.26
[ 17/450] speed=5 S1  E_DART      seed 17  goal      clr  0.68  t  13.1  inf  77  N 25.2  mpc   6.3 ms  err 0.18
[ 18/450] speed=5 S1  E_DART      seed 18  goal      clr  0.60  t  13.8  inf  82  N 26.0  mpc   6.6 ms  err 0.18
[ 19/450] speed=5 S1  E_DART      seed 19  goal      clr  0.52  t  14.1  inf  90  N 26.4  mpc   7.1 ms  err 0.18
[ 20/450] speed=5 S1  E_DART      seed 20  goal      clr  0.49  t  13.3  inf  78  N 25.7  mpc   6.3 ms  err 0.36
[ 21/450] speed=5 S1  E_DART      seed 21  goal      clr  0.40  t  18.5  inf  83  N 23.8  mpc   6.1 ms  err 0.32
[ 22/450] speed=5 S1  E_DART      seed 22  goal      clr  0.70  t  12.7  inf  75  N 25.7  mpc   6.3 ms  err 0.30
[ 23/450] speed=5 S1  E_DART      seed 23  goal      clr  0.41  t  15.5  inf  86  N 24.4  mpc   6.5 ms  err 0.60
[ 24/450] speed=5 S1  E_DART      seed 24  goal      clr  0.54  t  13.6  inf  82  N 25.6  mpc   6.5 ms  err 0.26
[ 25/450] speed=5 S1  E_DART      seed 25  goal      clr  0.60  t  13.3  inf  79  N 25.7  mpc   6.4 ms  err 0.18
[ 26/450] speed=5 S1  E_DART      seed 26  goal      clr  0.46  t  13.5  inf  83  N 25.3  mpc   6.5 ms  err 0.25
[ 27/450] speed=5 S1  E_DART      seed 27  goal      clr  0.53  t  13.3  inf  83  N 25.9  mpc   6.3 ms  err 0.14
[ 28/450] speed=5 S1  E_DART      seed 28  goal      clr  0.65  t  12.7  inf  79  N 25.8  mpc   6.3 ms  err 0.23
[ 29/450] speed=5 S1  E_DART      seed 29  goal      clr  0.61  t  14.4  inf  84  N 26.4  mpc   6.8 ms  err 0.19
[ 30/450] speed=5 S1  E_DART      seed 30  goal      clr  0.65  t  13.4  inf  76  N 25.5  mpc   6.5 ms  err 0.20
[ 31/450] speed=5 S1  E_DART      seed 31  goal      clr  0.54  t  13.7  inf  79  N 25.7  mpc   6.6 ms  err 0.16
[ 32/450] speed=5 S1  E_DART      seed 32  goal      clr  0.64  t  13.2  inf  84  N 26.0  mpc   6.5 ms  err 0.21
[ 33/450] speed=5 S1  E_DART      seed 33  goal      clr  0.64  t  13.3  inf  81  N 25.5  mpc   6.5 ms  err 0.14
[ 34/450] speed=5 S1  E_DART      seed 34  goal      clr  0.55  t  19.5  inf  87  N 22.4  mpc   5.7 ms  err 0.21
[ 35/450] speed=5 S1  E_DART      seed 35  goal      clr  0.67  t  13.5  inf  82  N 25.7  mpc   6.4 ms  err 0.25
[ 36/450] speed=5 S1  E_DART      seed 36  goal      clr  0.47  t  16.2  inf  82  N 24.5  mpc   6.2 ms  err 0.22
[ 37/450] speed=5 S1  E_DART      seed 37  goal      clr  0.43  t  14.4  inf  83  N 25.9  mpc   6.8 ms  err 0.25
[ 38/450] speed=5 S1  E_DART      seed 38  goal      clr  0.57  t  14.0  inf  95  N 26.2  mpc   7.0 ms  err 0.14
[ 39/450] speed=5 S1  E_DART      seed 39  goal      clr  0.56  t  13.6  inf  87  N 25.9  mpc   6.7 ms  err 0.15
[ 40/450] speed=5 S1  E_DART      seed 40  goal      clr  0.47  t  14.2  inf  83  N 25.9  mpc   6.6 ms  err 0.26
[ 41/450] speed=5 S1  E_DART      seed 41  goal      clr  0.67  t  17.1  inf  84  N 24.9  mpc   6.6 ms  err 0.19
[ 42/450] speed=5 S1  E_DART      seed 42  goal      clr  0.67  t  13.6  inf  77  N 25.8  mpc   6.7 ms  err 0.18
[ 43/450] speed=5 S1  E_DART      seed 43  goal      clr  0.43  t  13.5  inf  73  N 25.5  mpc   6.4 ms  err 0.20
[ 44/450] speed=5 S1  E_DART      seed 44  goal      clr  0.55  t  13.2  inf  76  N 25.6  mpc   6.5 ms  err 0.20
[ 45/450] speed=5 S1  E_DART      seed 45  goal      clr  0.48  t  15.5  inf  95  N 24.8  mpc   6.2 ms  err 0.25
[ 46/450] speed=5 S1  E_DART      seed 46  goal      clr  0.66  t  13.2  inf  87  N 25.7  mpc   6.5 ms  err 0.18
[ 47/450] speed=5 S1  E_DART      seed 47  goal      clr  0.60  t  13.3  inf  73  N 25.6  mpc   6.5 ms  err 0.23
[ 48/450] speed=5 S1  E_DART      seed 48  goal      clr  0.51  t  14.3  inf  92  N 25.7  mpc   6.7 ms  err 0.24
[ 49/450] speed=5 S1  E_DART      seed 49  goal      clr  0.61  t  12.8  inf  80  N 25.8  mpc   6.4 ms  err 0.17
[ 50/450] speed=5 S1  E_DART      seed 50  goal      clr  0.62  t  13.5  inf  86  N 25.6  mpc   6.5 ms  err 0.21
[ 51/450] speed=5 S1  Z_ZHUYI     seed  1  goal      clr  0.57  t  13.1  inf  66  N 25.9  mpc   6.8 ms  err 0.14
[ 52/450] speed=5 S1  Z_ZHUYI     seed  2  goal      clr  0.51  t  13.8  inf  62  N 25.3  mpc   6.7 ms  err 0.28
[ 53/450] speed=5 S1  Z_ZHUYI     seed  3  goal      clr  0.48  t  15.2  inf  69  N 26.0  mpc   7.1 ms  err 0.20
[ 54/450] speed=5 S1  Z_ZHUYI     seed  4  goal      clr  0.55  t  13.4  inf  58  N 25.9  mpc   6.9 ms  err 0.28
[ 55/450] speed=5 S1  Z_ZHUYI     seed  5  goal      clr  0.55  t  12.8  inf  64  N 25.1  mpc   6.4 ms  err 0.26
[ 56/450] speed=5 S1  Z_ZHUYI     seed  6  goal      clr  0.66  t  12.8  inf  64  N 25.5  mpc   6.3 ms  err 0.18
[ 57/450] speed=5 S1  Z_ZHUYI     seed  7  goal      clr  0.53  t  13.2  inf  54  N 25.4  mpc   6.4 ms  err 0.29
[ 58/450] speed=5 S1  Z_ZHUYI     seed  8  goal      clr  0.46  t  18.2  inf  60  N 24.2  mpc   6.4 ms  err 0.27
[ 59/450] speed=5 S1  Z_ZHUYI     seed  9  goal      clr  0.36  t  19.0  inf  71  N 25.7  mpc   7.3 ms  err 0.55
[ 60/450] speed=5 S1  Z_ZHUYI     seed 10  goal      clr  0.51  t  14.4  inf  60  N 26.0  mpc   6.8 ms  err 0.28
[ 61/450] speed=5 S1  Z_ZHUYI     seed 11  goal      clr  0.70  t  22.5  inf  63  N 23.2  mpc   6.0 ms  err 0.53
[ 62/450] speed=5 S1  Z_ZHUYI     seed 12  goal      clr  0.53  t  20.5  inf  66  N 24.0  mpc   6.3 ms  err 0.51
[ 63/450] speed=5 S1  Z_ZHUYI     seed 13  goal      clr  0.58  t  19.7  inf  68  N 22.9  mpc   5.9 ms  err 0.12
[ 64/450] speed=5 S1  Z_ZHUYI     seed 14  goal      clr  0.64  t  17.9  inf  65  N 24.6  mpc   6.4 ms  err 0.25
[ 65/450] speed=5 S1  Z_ZHUYI     seed 15  goal      clr  0.43  t  17.3  inf  62  N 26.2  mpc   7.6 ms  err 0.43
[ 66/450] speed=5 S1  Z_ZHUYI     seed 16  goal      clr  0.60  t  13.2  inf  53  N 25.6  mpc   6.8 ms  err 0.27
[ 67/450] speed=5 S1  Z_ZHUYI     seed 17  goal      clr  0.64  t  17.6  inf  57  N 24.4  mpc   6.5 ms  err 0.35
[ 68/450] speed=5 S1  Z_ZHUYI     seed 18  goal      clr  0.64  t  13.0  inf  68  N 25.9  mpc   6.8 ms  err 0.22
[ 69/450] speed=5 S1  Z_ZHUYI     seed 19  goal      clr  0.49  t  20.4  inf  58  N 24.3  mpc   6.9 ms  err 0.26
[ 70/450] speed=5 S1  Z_ZHUYI     seed 20  goal      clr  0.64  t  12.8  inf  55  N 25.0  mpc   6.6 ms  err 0.24
[ 71/450] speed=5 S1  Z_ZHUYI     seed 21  goal      clr  0.58  t  16.4  inf  59  N 26.0  mpc   7.0 ms  err 0.29
[ 72/450] speed=5 S1  Z_ZHUYI     seed 22  goal      clr  0.56  t  13.2  inf  57  N 25.4  mpc   6.7 ms  err 0.36
[ 73/450] speed=5 S1  Z_ZHUYI     seed 23  goal      clr  0.70  t  17.2  inf  60  N 24.4  mpc   6.5 ms  err 0.20
[ 74/450] speed=5 S1  Z_ZHUYI     seed 24  goal      clr  0.49  t  12.5  inf  58  N 25.6  mpc   6.6 ms  err 0.23
[ 75/450] speed=5 S1  Z_ZHUYI     seed 25  goal      clr  0.64  t  17.0  inf  61  N 24.9  mpc   6.7 ms  err 0.18
[ 76/450] speed=5 S1  Z_ZHUYI     seed 26  goal      clr  0.37  t  15.8  inf  67  N 24.6  mpc   6.7 ms  err 0.25
[ 77/450] speed=5 S1  Z_ZHUYI     seed 27  goal      clr  0.53  t  12.8  inf  67  N 26.1  mpc   6.9 ms  err 0.13
[ 78/450] speed=5 S1  Z_ZHUYI     seed 28  goal      clr  0.68  t  12.4  inf  61  N 25.9  mpc   6.8 ms  err 0.33
[ 79/450] speed=5 S1  Z_ZHUYI     seed 29  goal      clr  0.63  t  16.7  inf  61  N 24.7  mpc   6.7 ms  err 0.34
[ 80/450] speed=5 S1  Z_ZHUYI     seed 30  goal      clr  0.52  t  19.1  inf  61  N 23.6  mpc   6.6 ms  err 0.24
[ 81/450] speed=5 S1  Z_ZHUYI     seed 31  goal      clr  0.54  t  13.8  inf  60  N 25.8  mpc   7.2 ms  err 0.16
[ 82/450] speed=5 S1  Z_ZHUYI     seed 32  goal      clr  0.64  t  13.2  inf  71  N 26.2  mpc   7.3 ms  err 0.25
[ 83/450] speed=5 S1  Z_ZHUYI     seed 33  goal      clr  0.61  t  19.7  inf  65  N 24.5  mpc   6.7 ms  err 0.32
[ 84/450] speed=5 S1  Z_ZHUYI     seed 34  goal      clr  0.63  t  12.9  inf  60  N 25.5  mpc   6.9 ms  err 0.23
[ 85/450] speed=5 S1  Z_ZHUYI     seed 35  goal      clr  0.73  t  12.9  inf  63  N 25.8  mpc   6.8 ms  err 0.34
[ 86/450] speed=5 S1  Z_ZHUYI     seed 36  goal      clr  0.67  t  17.8  inf  61  N 24.0  mpc   6.3 ms  err 0.21
[ 87/450] speed=5 S1  Z_ZHUYI     seed 37  goal      clr  0.66  t  13.2  inf  50  N 25.6  mpc   6.8 ms  err 0.25
[ 88/450] speed=5 S1  Z_ZHUYI     seed 38  goal      clr  0.61  t  13.6  inf  68  N 25.9  mpc   7.0 ms  err 0.18
[ 89/450] speed=5 S1  Z_ZHUYI     seed 39  goal      clr  0.65  t  12.9  inf  62  N 26.0  mpc   6.8 ms  err 0.21
[ 90/450] speed=5 S1  Z_ZHUYI     seed 40  goal      clr  0.63  t  16.9  inf  63  N 25.1  mpc   6.7 ms  err 0.24
[ 91/450] speed=5 S1  Z_ZHUYI     seed 41  goal      clr  0.54  t  16.8  inf  63  N 24.6  mpc   6.8 ms  err 0.27
[ 92/450] speed=5 S1  Z_ZHUYI     seed 42  goal      clr  0.61  t  18.9  inf  57  N 24.0  mpc   6.4 ms  err 0.16
[ 93/450] speed=5 S1  Z_ZHUYI     seed 43  goal      clr  0.69  t  13.5  inf  52  N 25.9  mpc   7.0 ms  err 0.20
[ 94/450] speed=5 S1  Z_ZHUYI     seed 44  timeout   clr  0.61  t  40.0  inf  57  N 16.1  mpc   4.6 ms  err 0.54
[ 95/450] speed=5 S1  Z_ZHUYI     seed 45  goal      clr  0.53  t  14.9  inf  59  N 25.0  mpc   7.1 ms  err 0.25
[ 96/450] speed=5 S1  Z_ZHUYI     seed 46  goal      clr  0.68  t  12.9  inf  67  N 25.7  mpc   6.8 ms  err 0.27
[ 97/450] speed=5 S1  Z_ZHUYI     seed 47  goal      clr  0.49  t  14.0  inf  55  N 26.1  mpc   7.1 ms  err 0.27
[ 98/450] speed=5 S1  Z_ZHUYI     seed 48  goal      clr  0.55  t  19.0  inf  60  N 26.0  mpc   7.4 ms  err 0.29
[ 99/450] speed=5 S1  Z_ZHUYI     seed 49  goal      clr  0.48  t  12.6  inf  63  N 25.7  mpc   6.9 ms  err 0.31
[100/450] speed=5 S1  Z_ZHUYI     seed 50  goal      clr  0.63  t  16.1  inf  61  N 25.4  mpc   6.9 ms  err 0.31
[101/450] speed=5 S1  A_FR_FN     seed  1  goal      clr  0.40  t  11.7  inf 109  N 20.0  mpc   4.6 ms  err 0.15
[102/450] speed=5 S1  A_FR_FN     seed  2  goal      clr  0.44  t  11.7  inf 109  N 20.0  mpc   4.6 ms  err 0.22
[103/450] speed=5 S1  A_FR_FN     seed  3  timeout   clr  0.50  t  40.0  inf 373  N 20.0  mpc   5.3 ms  err 0.73
[104/450] speed=5 S1  A_FR_FN     seed  4  goal      clr  0.58  t  11.6  inf 110  N 20.0  mpc   4.5 ms  err 0.16
[105/450] speed=5 S1  A_FR_FN     seed  5  goal      clr  0.41  t  12.1  inf 110  N 20.0  mpc   4.5 ms  err 0.23
[106/450] speed=5 S1  A_FR_FN     seed  6  goal      clr  0.53  t  11.6  inf 109  N 20.0  mpc   4.3 ms  err 0.12
[107/450] speed=5 S1  A_FR_FN     seed  7  goal      clr  0.36  t  11.5  inf 105  N 20.0  mpc   4.3 ms  err 0.25
[108/450] speed=5 S1  A_FR_FN     seed  8  goal      clr  0.29  t  11.9  inf 112  N 20.0  mpc   4.6 ms  err 0.17
[109/450] speed=5 S1  A_FR_FN     seed  9  goal      clr  0.39  t  11.8  inf 111  N 20.0  mpc   4.5 ms  err 0.17
[110/450] speed=5 S1  A_FR_FN     seed 10  goal      clr  0.25  t  11.8  inf 108  N 20.0  mpc   4.4 ms  err 0.35
[111/450] speed=5 S1  A_FR_FN     seed 11  goal      clr  0.46  t  11.7  inf 106  N 20.0  mpc   4.3 ms  err 0.20
[112/450] speed=5 S1  A_FR_FN     seed 12  goal      clr  0.42  t  11.7  inf 109  N 20.0  mpc   4.4 ms  err 0.14
[113/450] speed=5 S1  A_FR_FN     seed 13  goal      clr  0.49  t  11.8  inf 112  N 20.0  mpc   4.7 ms  err 0.11
[114/450] speed=5 S1  A_FR_FN     seed 14  goal      clr  0.44  t  12.1  inf 113  N 20.0  mpc   4.7 ms  err 0.33
[115/450] speed=5 S1  A_FR_FN     seed 15  goal      clr  0.34  t  12.2  inf 113  N 20.0  mpc   4.6 ms  err 0.32
[116/450] speed=5 S1  A_FR_FN     seed 16  goal      clr  0.53  t  11.6  inf 109  N 20.0  mpc   4.4 ms  err 0.16
[117/450] speed=5 S1  A_FR_FN     seed 17  goal      clr  0.56  t  11.7  inf 111  N 20.0  mpc   4.4 ms  err 0.14
[118/450] speed=5 S1  A_FR_FN     seed 18  goal      clr  0.42  t  11.7  inf 110  N 20.0  mpc   4.4 ms  err 0.16
[119/450] speed=5 S1  A_FR_FN     seed 19  goal      clr  0.43  t  12.1  inf 114  N 20.0  mpc   4.5 ms  err 0.15
[120/450] speed=5 S1  A_FR_FN     seed 20  goal      clr  0.32  t  11.7  inf 109  N 20.0  mpc   4.5 ms  err 0.25
[121/450] speed=5 S1  A_FR_FN     seed 21  goal      clr  0.54  t  11.7  inf 108  N 20.0  mpc   4.3 ms  err 0.15
[122/450] speed=5 S1  A_FR_FN     seed 22  goal      clr  0.61  t  11.6  inf 110  N 20.0  mpc   4.4 ms  err 0.25
[123/450] speed=5 S1  A_FR_FN     seed 23  goal      clr  0.50  t  11.5  inf 106  N 20.0  mpc   4.3 ms  err 0.15
[124/450] speed=5 S1  A_FR_FN     seed 24  goal      clr  0.55  t  11.5  inf 107  N 20.0  mpc   4.3 ms  err 0.21
[125/450] speed=5 S1  A_FR_FN     seed 25  goal      clr  0.46  t  11.8  inf 109  N 20.0  mpc   4.4 ms  err 0.14
[126/450] speed=5 S1  A_FR_FN     seed 26  goal      clr  0.47  t  11.7  inf 109  N 20.0  mpc   4.4 ms  err 0.14
[127/450] speed=5 S1  A_FR_FN     seed 27  goal      clr  0.46  t  11.7  inf 109  N 20.0  mpc   4.3 ms  err 0.11
[128/450] speed=5 S1  A_FR_FN     seed 28  goal      clr  0.44  t  11.6  inf 109  N 20.0  mpc   4.3 ms  err 0.20
[129/450] speed=5 S1  A_FR_FN     seed 29  goal      clr  0.41  t  11.8  inf 111  N 20.0  mpc   4.4 ms  err 0.20
[130/450] speed=5 S1  A_FR_FN     seed 30  goal      clr  0.57  t  11.6  inf 107  N 20.0  mpc   4.3 ms  err 0.17
[131/450] speed=5 S1  A_FR_FN     seed 31  goal      clr  0.45  t  11.9  inf 111  N 20.0  mpc   4.5 ms  err 0.18
[132/450] speed=5 S1  A_FR_FN     seed 32  goal      clr  0.45  t  12.6  inf 118  N 20.0  mpc   4.7 ms  err 0.14
[133/450] speed=5 S1  A_FR_FN     seed 33  goal      clr  0.57  t  11.5  inf 107  N 20.0  mpc   4.1 ms  err 0.18
[134/450] speed=5 S1  A_FR_FN     seed 34  goal      clr  0.42  t  12.3  inf 117  N 20.0  mpc   4.4 ms  err 0.13
[135/450] speed=5 S1  A_FR_FN     seed 35  goal      clr  0.45  t  11.8  inf 112  N 20.0  mpc   4.5 ms  err 0.18
[136/450] speed=5 S1  A_FR_FN     seed 36  goal      clr  0.46  t  11.6  inf 110  N 20.0  mpc   4.4 ms  err 0.21
[137/450] speed=5 S1  A_FR_FN     seed 37  goal      clr  0.10  t  11.9  inf 112  N 20.0  mpc   4.5 ms  err 0.30
[138/450] speed=5 S1  A_FR_FN     seed 38  goal      clr  0.49  t  11.9  inf 110  N 20.0  mpc   4.5 ms  err 0.18
[139/450] speed=5 S1  A_FR_FN     seed 39  goal      clr  0.49  t  12.1  inf 111  N 20.0  mpc   4.5 ms  err 0.10
[140/450] speed=5 S1  A_FR_FN     seed 40  goal      clr  0.52  t  11.6  inf 110  N 20.0  mpc   4.5 ms  err 0.19
[141/450] speed=5 S1  A_FR_FN     seed 41  goal      clr  0.45  t  11.9  inf 111  N 20.0  mpc   4.6 ms  err 0.17
[142/450] speed=5 S1  A_FR_FN     seed 42  goal      clr  0.33  t  11.9  inf 112  N 20.0  mpc   4.5 ms  err 0.20
[143/450] speed=5 S1  A_FR_FN     seed 43  goal      clr  0.52  t  11.7  inf 108  N 20.0  mpc   4.6 ms  err 0.23
[144/450] speed=5 S1  A_FR_FN     seed 44  goal      clr  0.53  t  11.6  inf 106  N 20.0  mpc   4.4 ms  err 0.13
[145/450] speed=5 S1  A_FR_FN     seed 45  goal      clr  0.37  t  11.8  inf 111  N 20.0  mpc   4.6 ms  err 0.26
[146/450] speed=5 S1  A_FR_FN     seed 46  goal      clr  0.48  t  11.7  inf 108  N 20.0  mpc   4.5 ms  err 0.23
[147/450] speed=5 S1  A_FR_FN     seed 47  goal      clr  0.40  t  12.1  inf 110  N 20.0  mpc   4.5 ms  err 0.16
[148/450] speed=5 S1  A_FR_FN     seed 48  goal      clr  0.37  t  11.6  inf 110  N 20.0  mpc   4.4 ms  err 0.23
[149/450] speed=5 S1  A_FR_FN     seed 49  goal      clr  0.52  t  11.7  inf 112  N 20.0  mpc   4.2 ms  err 0.15
[150/450] speed=5 S1  A_FR_FN     seed 50  goal      clr  0.39  t  11.7  inf 111  N 20.0  mpc   4.5 ms  err 0.16
[151/450] speed=5 S1  F_NODELAY   seed  1  goal      clr  0.57  t  24.3  inf 165  N 24.4  mpc   7.4 ms  err 1.36
[152/450] speed=5 S1  F_NODELAY   seed  2  goal      clr  0.69  t  18.0  inf 124  N 26.1  mpc   7.6 ms  err 1.22
[153/450] speed=5 S1  F_NODELAY   seed  3  goal      clr  0.50  t  29.5  inf 189  N 23.7  mpc   7.1 ms  err 1.51
[154/450] speed=5 S1  F_NODELAY   seed  4  goal      clr  0.23  t  15.9  inf 114  N 26.7  mpc   7.4 ms  err 1.04
[155/450] speed=5 S1  F_NODELAY   seed  5  collision clr -0.01  t   4.4  inf  35  N 26.3  mpc   8.2 ms  err 1.87
[156/450] speed=5 S1  F_NODELAY   seed  6  goal      clr  0.34  t  20.8  inf 134  N 26.1  mpc   7.2 ms  err 1.50
[157/450] speed=5 S1  F_NODELAY   seed  7  goal      clr  0.15  t  20.5  inf 148  N 26.1  mpc   7.6 ms  err 1.17
[158/450] speed=5 S1  F_NODELAY   seed  8  goal      clr  0.16  t  25.0  inf 186  N 25.6  mpc   7.8 ms  err 1.23
[159/450] speed=5 S1  F_NODELAY   seed  9  goal      clr  0.29  t  22.8  inf 166  N 25.4  mpc   7.4 ms  err 1.40
[160/450] speed=5 S1  F_NODELAY   seed 10  goal      clr  0.37  t  21.3  inf 154  N 25.5  mpc   8.0 ms  err 1.84
[161/450] speed=5 S1  F_NODELAY   seed 11  goal      clr  0.23  t  38.8  inf 293  N 26.2  mpc   8.2 ms  err 1.12
[162/450] speed=5 S1  F_NODELAY   seed 12  goal      clr  0.54  t  21.8  inf 159  N 25.9  mpc   7.9 ms  err 1.14
[163/450] speed=5 S1  F_NODELAY   seed 13  goal      clr  0.43  t  15.6  inf 105  N 25.8  mpc   7.2 ms  err 1.11
[164/450] speed=5 S1  F_NODELAY   seed 14  goal      clr  0.36  t  19.6  inf 127  N 25.9  mpc   7.7 ms  err 1.36
[165/450] speed=5 S1  F_NODELAY   seed 15  goal      clr  0.21  t  31.5  inf 248  N 24.3  mpc   7.3 ms  err 1.59
[166/450] speed=5 S1  F_NODELAY   seed 16  collision clr -0.00  t  12.4  inf  95  N 27.4  mpc   8.3 ms  err 1.23
[167/450] speed=5 S1  F_NODELAY   seed 17  goal      clr  0.46  t  31.4  inf 222  N 24.4  mpc   7.2 ms  err 1.43
[168/450] speed=5 S1  F_NODELAY   seed 18  goal      clr  0.09  t  27.3  inf 195  N 24.6  mpc   7.6 ms  err 1.05
[169/450] speed=5 S1  F_NODELAY   seed 19  goal      clr  0.09  t  21.2  inf 163  N 25.9  mpc   7.9 ms  err 1.35
[170/450] speed=5 S1  F_NODELAY   seed 20  goal      clr  0.12  t  29.6  inf 200  N 24.3  mpc   7.5 ms  err 1.15
[171/450] speed=5 S1  F_NODELAY   seed 21  goal      clr  0.44  t  18.6  inf 133  N 25.1  mpc   7.3 ms  err 0.99
[172/450] speed=5 S1  F_NODELAY   seed 22  collision clr -0.01  t  12.7  inf 104  N 27.5  mpc   8.8 ms  err 0.84
[173/450] speed=5 S1  F_NODELAY   seed 23  goal      clr  0.60  t  20.3  inf 149  N 26.3  mpc   7.9 ms  err 0.98
[174/450] speed=5 S1  F_NODELAY   seed 24  goal      clr  0.40  t  22.8  inf 176  N 26.1  mpc   8.2 ms  err 1.09
[175/450] speed=5 S1  F_NODELAY   seed 25  collision clr -0.00  t  20.8  inf 183  N 25.2  mpc   8.3 ms  err 1.75
[176/450] speed=5 S1  F_NODELAY   seed 26  goal      clr  0.55  t  22.8  inf 166  N 26.0  mpc   8.0 ms  err 1.47
[177/450] speed=5 S1  F_NODELAY   seed 27  goal      clr  0.14  t  17.9  inf 121  N 26.6  mpc   7.5 ms  err 1.09
[178/450] speed=5 S1  F_NODELAY   seed 28  goal      clr  0.14  t  25.6  inf 185  N 27.4  mpc   8.2 ms  err 0.94
[179/450] speed=5 S1  F_NODELAY   seed 29  goal      clr  0.28  t  27.2  inf 177  N 24.7  mpc   7.6 ms  err 0.93
[180/450] speed=5 S1  F_NODELAY   seed 30  goal      clr  0.87  t  16.4  inf  99  N 24.9  mpc   7.1 ms  err 1.39
[181/450] speed=5 S1  F_NODELAY   seed 31  goal      clr  0.00  t  27.9  inf 182  N 25.6  mpc   7.8 ms  err 1.23
[182/450] speed=5 S1  F_NODELAY   seed 32  goal      clr  0.30  t  19.9  inf 119  N 24.1  mpc   7.1 ms  err 2.07
[183/450] speed=5 S1  F_NODELAY   seed 33  collision clr -0.00  t   6.3  inf  48  N 24.4  mpc   8.1 ms  err 1.76
[184/450] speed=5 S1  F_NODELAY   seed 34  goal      clr  0.43  t  26.1  inf 182  N 24.6  mpc   7.7 ms  err 1.41
[185/450] speed=5 S1  F_NODELAY   seed 35  goal      clr  0.59  t  18.1  inf 134  N 26.4  mpc   7.5 ms  err 1.39
[186/450] speed=5 S1  F_NODELAY   seed 36  goal      clr  0.61  t  18.5  inf 135  N 26.8  mpc   8.1 ms  err 1.04
[187/450] speed=5 S1  F_NODELAY   seed 37  collision clr -0.00  t   6.2  inf  57  N 27.1  mpc  10.0 ms  err 1.65
[188/450] speed=5 S1  F_NODELAY   seed 38  goal      clr  0.70  t  19.2  inf 118  N 24.9  mpc   7.0 ms  err 1.10
[189/450] speed=5 S1  F_NODELAY   seed 39  collision clr -0.01  t   5.5  inf  43  N 27.0  mpc   7.9 ms  err 1.38
[190/450] speed=5 S1  F_NODELAY   seed 40  goal      clr  0.00  t  33.4  inf 253  N 24.7  mpc   7.5 ms  err 1.02
[191/450] speed=5 S1  F_NODELAY   seed 41  goal      clr  0.14  t  31.7  inf 212  N 25.3  mpc   7.7 ms  err 1.31
[192/450] speed=5 S1  F_NODELAY   seed 42  goal      clr  0.17  t  30.8  inf 192  N 25.4  mpc   7.8 ms  err 1.27
[193/450] speed=5 S1  F_NODELAY   seed 43  goal      clr  0.26  t  26.3  inf 171  N 25.5  mpc   7.8 ms  err 1.02
[194/450] speed=5 S1  F_NODELAY   seed 44  goal      clr  0.45  t  23.7  inf 160  N 26.4  mpc   8.2 ms  err 1.11
[195/450] speed=5 S1  F_NODELAY   seed 45  goal      clr  0.06  t  22.4  inf 175  N 26.9  mpc   8.6 ms  err 1.17
[196/450] speed=5 S1  F_NODELAY   seed 46  goal      clr  0.48  t  16.7  inf 110  N 26.7  mpc   7.8 ms  err 0.99
[197/450] speed=5 S1  F_NODELAY   seed 47  goal      clr  0.18  t  27.8  inf 140  N 24.2  mpc   7.0 ms  err 1.36
[198/450] speed=5 S1  F_NODELAY   seed 48  goal      clr  0.35  t  20.6  inf 139  N 24.9  mpc   7.3 ms  err 1.11
[199/450] speed=5 S1  F_NODELAY   seed 49  goal      clr  0.70  t  16.0  inf 119  N 26.1  mpc   7.2 ms  err 1.23
[200/450] speed=5 S1  F_NODELAY   seed 50  goal      clr  0.46  t  19.4  inf 134  N 26.5  mpc   8.0 ms  err 1.05
[201/450] speed=5 S1  FR_SAFE_1   seed  1  goal      clr  0.27  t  20.1  inf  21  N 26.9  mpc   7.8 ms  err 0.32
[202/450] speed=5 S1  FR_SAFE_1   seed  2  goal      clr  0.49  t  24.9  inf  25  N 24.8  mpc   7.4 ms  err 0.39
[203/450] speed=5 S1  FR_SAFE_1   seed  3  timeout   clr  0.76  t  40.0  inf  40  N 17.7  mpc   5.2 ms  err 0.50
[204/450] speed=5 S1  FR_SAFE_1   seed  4  goal      clr  0.59  t  23.5  inf  24  N 24.7  mpc   7.4 ms  err 0.43
[205/450] speed=5 S1  FR_SAFE_1   seed  5  goal      clr  0.51  t  23.9  inf  24  N 25.2  mpc   7.3 ms  err 0.33
[206/450] speed=5 S1  FR_SAFE_1   seed  6  goal      clr  0.64  t  19.5  inf  20  N 26.4  mpc   7.5 ms  err 0.41
[207/450] speed=5 S1  FR_SAFE_1   seed  7  goal      clr  0.59  t  25.7  inf  26  N 22.7  mpc   6.7 ms  err 0.44
[208/450] speed=5 S1  FR_SAFE_1   seed  8  goal      clr  0.41  t  26.8  inf  27  N 23.4  mpc   6.7 ms  err 0.47
[209/450] speed=5 S1  FR_SAFE_1   seed  9  goal      clr  0.58  t  19.6  inf  20  N 25.5  mpc   7.0 ms  err 0.36
[210/450] speed=5 S1  FR_SAFE_1   seed 10  goal      clr  0.89  t  15.8  inf  16  N 26.0  mpc   7.3 ms  err 0.34
[211/450] speed=5 S1  FR_SAFE_1   seed 11  goal      clr  0.53  t  22.1  inf  23  N 26.6  mpc   7.6 ms  err 0.31
[212/450] speed=5 S1  FR_SAFE_1   seed 12  goal      clr  0.52  t  20.2  inf  21  N 26.5  mpc   7.6 ms  err 0.35
[213/450] speed=5 S1  FR_SAFE_1   seed 13  goal      clr  0.44  t  28.2  inf  29  N 24.1  mpc   6.8 ms  err 0.19
[214/450] speed=5 S1  FR_SAFE_1   seed 14  goal      clr  0.49  t  34.3  inf  35  N 21.4  mpc   6.0 ms  err 0.37
[215/450] speed=5 S1  FR_SAFE_1   seed 15  goal      clr  0.71  t  25.4  inf  26  N 22.6  mpc   6.3 ms  err 0.39
[216/450] speed=5 S1  FR_SAFE_1   seed 16  goal      clr  0.73  t  16.4  inf  17  N 26.2  mpc   7.2 ms  err 0.32
[217/450] speed=5 S1  FR_SAFE_1   seed 17  goal      clr  0.53  t  23.1  inf  24  N 23.7  mpc   6.4 ms  err 0.42
[218/450] speed=5 S1  FR_SAFE_1   seed 18  goal      clr  0.70  t  20.6  inf  21  N 27.2  mpc   8.3 ms  err 0.43
[219/450] speed=5 S1  FR_SAFE_1   seed 19  goal      clr  0.67  t  26.5  inf  27  N 23.3  mpc   6.5 ms  err 0.33
[220/450] speed=5 S1  FR_SAFE_1   seed 20  goal      clr  0.72  t  25.9  inf  26  N 24.5  mpc   6.8 ms  err 0.23
[221/450] speed=5 S1  FR_SAFE_1   seed 21  goal      clr  0.48  t  30.7  inf  31  N 26.6  mpc   8.3 ms  err 0.40
[222/450] speed=5 S1  FR_SAFE_1   seed 22  goal      clr  0.69  t  23.1  inf  24  N 23.7  mpc   6.8 ms  err 0.34
[223/450] speed=5 S1  FR_SAFE_1   seed 23  goal      clr  0.57  t  22.1  inf  23  N 25.5  mpc   7.2 ms  err 0.22
[224/450] speed=5 S1  FR_SAFE_1   seed 24  goal      clr  0.54  t  14.9  inf  15  N 26.1  mpc   7.1 ms  err 0.40
[225/450] speed=5 S1  FR_SAFE_1   seed 25  goal      clr  0.67  t  23.5  inf  24  N 24.5  mpc   6.9 ms  err 0.40
[226/450] speed=5 S1  FR_SAFE_1   seed 26  goal      clr  0.60  t  21.2  inf  22  N 24.5  mpc   6.5 ms  err 0.46
[227/450] speed=5 S1  FR_SAFE_1   seed 27  goal      clr  1.05  t  16.0  inf  17  N 24.9  mpc   6.7 ms  err 0.47
[228/450] speed=5 S1  FR_SAFE_1   seed 28  goal      clr  0.63  t  16.8  inf  17  N 26.8  mpc   7.3 ms  err 0.38
[229/450] speed=5 S1  FR_SAFE_1   seed 29  goal      clr  0.73  t  20.6  inf  21  N 24.4  mpc   6.8 ms  err 0.44
[230/450] speed=5 S1  FR_SAFE_1   seed 30  collision clr -0.00  t  15.3  inf  16  N 25.0  mpc   7.5 ms  err 0.32
[231/450] speed=5 S1  FR_SAFE_1   seed 31  goal      clr  0.59  t  20.8  inf  21  N 27.2  mpc   7.9 ms  err 0.34
[232/450] speed=5 S1  FR_SAFE_1   seed 32  goal      clr  0.42  t  19.6  inf  20  N 26.3  mpc   7.4 ms  err 0.36
[233/450] speed=5 S1  FR_SAFE_1   seed 33  goal      clr  0.28  t  29.9  inf  30  N 23.6  mpc   6.8 ms  err 0.29
[234/450] speed=5 S1  FR_SAFE_1   seed 34  goal      clr  0.76  t  14.9  inf  15  N 26.2  mpc   7.7 ms  err 0.39
[235/450] speed=5 S1  FR_SAFE_1   seed 35  goal      clr  0.72  t  19.0  inf  20  N 27.1  mpc   7.7 ms  err 0.50
[236/450] speed=5 S1  FR_SAFE_1   seed 36  goal      clr  0.37  t  23.7  inf  24  N 24.8  mpc   7.0 ms  err 0.30
[237/450] speed=5 S1  FR_SAFE_1   seed 37  collision clr -0.00  t   6.4  inf   7  N 27.5  mpc   9.4 ms  err 0.22
[238/450] speed=5 S1  FR_SAFE_1   seed 38  timeout   clr  0.58  t  40.0  inf  40  N 20.3  mpc   5.9 ms  err 0.59
[239/450] speed=5 S1  FR_SAFE_1   seed 39  goal      clr  0.71  t  20.1  inf  21  N 26.6  mpc   7.3 ms  err 0.37
[240/450] speed=5 S1  FR_SAFE_1   seed 40  goal      clr  0.31  t  23.5  inf  24  N 24.9  mpc   7.1 ms  err 0.42
[241/450] speed=5 S1  FR_SAFE_1   seed 41  goal      clr  0.48  t  25.9  inf  26  N 25.1  mpc   7.4 ms  err 0.40
[242/450] speed=5 S1  FR_SAFE_1   seed 42  goal      clr  0.62  t  21.1  inf  22  N 24.6  mpc   6.7 ms  err 0.29
[243/450] speed=5 S1  FR_SAFE_1   seed 43  goal      clr  0.64  t  19.3  inf  20  N 26.8  mpc   7.9 ms  err 0.35
[244/450] speed=5 S1  FR_SAFE_1   seed 44  goal      clr  0.39  t  29.8  inf  30  N 22.4  mpc   6.4 ms  err 0.40
[245/450] speed=5 S1  FR_SAFE_1   seed 45  goal      clr  0.64  t  22.4  inf  23  N 25.2  mpc   7.4 ms  err 0.31
[246/450] speed=5 S1  FR_SAFE_1   seed 46  goal      clr  0.68  t  19.8  inf  20  N 26.4  mpc   7.9 ms  err 0.40
[247/450] speed=5 S1  FR_SAFE_1   seed 47  goal      clr  0.54  t  20.9  inf  21  N 25.3  mpc   7.1 ms  err 0.34
[248/450] speed=5 S1  FR_SAFE_1   seed 48  goal      clr  0.57  t  20.6  inf  21  N 25.6  mpc   7.0 ms  err 0.31
[249/450] speed=5 S1  FR_SAFE_1   seed 49  goal      clr  0.70  t  15.7  inf  16  N 26.5  mpc   7.2 ms  err 0.32
[250/450] speed=5 S1  FR_SAFE_1   seed 50  timeout   clr  0.44  t  40.0  inf  40  N 24.0  mpc   6.9 ms  err 0.39
[251/450] speed=5 S1  FR_SAFE_2   seed  1  goal      clr  0.72  t  14.0  inf  28  N 26.1  mpc   6.8 ms  err 0.21
[252/450] speed=5 S1  FR_SAFE_2   seed  2  goal      clr  0.58  t  15.6  inf  32  N 25.8  mpc   7.1 ms  err 0.23
[253/450] speed=5 S1  FR_SAFE_2   seed  3  goal      clr  0.47  t  19.8  inf  40  N 26.5  mpc   7.9 ms  err 0.40
[254/450] speed=5 S1  FR_SAFE_2   seed  4  goal      clr  0.77  t  13.8  inf  28  N 26.1  mpc   6.7 ms  err 0.21
[255/450] speed=5 S1  FR_SAFE_2   seed  5  goal      clr  0.57  t  14.3  inf  29  N 26.0  mpc   7.0 ms  err 0.47
[256/450] speed=5 S1  FR_SAFE_2   seed  6  goal      clr  0.68  t  13.7  inf  28  N 25.8  mpc   6.8 ms  err 0.25
[257/450] speed=5 S1  FR_SAFE_2   seed  7  goal      clr  0.59  t  14.2  inf  29  N 25.4  mpc   6.9 ms  err 0.29
[258/450] speed=5 S1  FR_SAFE_2   seed  8  goal      clr  0.59  t  20.5  inf  41  N 23.3  mpc   6.3 ms  err 0.25
[259/450] speed=5 S1  FR_SAFE_2   seed  9  goal      clr  0.58  t  14.8  inf  30  N 26.2  mpc   7.2 ms  err 0.21
[260/450] speed=5 S1  FR_SAFE_2   seed 10  goal      clr  0.40  t  15.1  inf  31  N 25.9  mpc   7.2 ms  err 0.19
[261/450] speed=5 S1  FR_SAFE_2   seed 11  goal      clr  0.37  t  17.4  inf  35  N 26.6  mpc   7.4 ms  err 0.23
[262/450] speed=5 S1  FR_SAFE_2   seed 12  goal      clr  0.38  t  35.2  inf  71  N 21.8  mpc   6.0 ms  err 0.45
[263/450] speed=5 S1  FR_SAFE_2   seed 13  goal      clr  0.72  t  13.6  inf  28  N 26.0  mpc   6.7 ms  err 0.20
[264/450] speed=5 S1  FR_SAFE_2   seed 14  goal      clr  0.53  t  14.5  inf  30  N 26.4  mpc   7.2 ms  err 0.23
[265/450] speed=5 S1  FR_SAFE_2   seed 15  goal      clr  0.65  t  15.1  inf  31  N 26.0  mpc   7.0 ms  err 0.33
[266/450] speed=5 S1  FR_SAFE_2   seed 16  goal      clr  0.73  t  14.7  inf  30  N 25.8  mpc   6.9 ms  err 0.21
[267/450] speed=5 S1  FR_SAFE_2   seed 17  goal      clr  0.68  t  13.8  inf  28  N 25.6  mpc   6.7 ms  err 0.25
[268/450] speed=5 S1  FR_SAFE_2   seed 18  goal      clr  0.33  t  15.4  inf  31  N 25.6  mpc   6.9 ms  err 0.44
[269/450] speed=5 S1  FR_SAFE_2   seed 19  goal      clr  0.43  t  27.0  inf  55  N 26.8  mpc   7.9 ms  err 0.21
[270/450] speed=5 S1  FR_SAFE_2   seed 20  goal      clr  0.63  t  14.5  inf  30  N 25.7  mpc   6.7 ms  err 0.29
[271/450] speed=5 S1  FR_SAFE_2   seed 21  goal      clr  0.44  t  20.4  inf  41  N 25.6  mpc   7.3 ms  err 0.45
[272/450] speed=5 S1  FR_SAFE_2   seed 22  goal      clr  0.50  t  14.6  inf  30  N 26.0  mpc   7.0 ms  err 0.43
[273/450] speed=5 S1  FR_SAFE_2   seed 23  goal      clr  0.69  t  14.1  inf  29  N 25.8  mpc   6.8 ms  err 0.25
[274/450] speed=5 S1  FR_SAFE_2   seed 24  goal      clr  0.58  t  14.3  inf  29  N 26.2  mpc   7.0 ms  err 0.27
[275/450] speed=5 S1  FR_SAFE_2   seed 25  goal      clr  0.63  t  13.7  inf  28  N 26.2  mpc   7.0 ms  err 0.30
[276/450] speed=5 S1  FR_SAFE_2   seed 26  goal      clr  0.55  t  14.6  inf  30  N 25.8  mpc   7.0 ms  err 0.32
[277/450] speed=5 S1  FR_SAFE_2   seed 27  goal      clr  0.57  t  13.5  inf  28  N 26.2  mpc   6.9 ms  err 0.21
[278/450] speed=5 S1  FR_SAFE_2   seed 28  goal      clr  0.73  t  13.7  inf  28  N 26.4  mpc   7.0 ms  err 0.55
[279/450] speed=5 S1  FR_SAFE_2   seed 29  goal      clr  0.65  t  15.5  inf  31  N 26.5  mpc   7.4 ms  err 0.19
[280/450] speed=5 S1  FR_SAFE_2   seed 30  goal      clr  0.53  t  17.8  inf  36  N 25.8  mpc   7.6 ms  err 0.50
[281/450] speed=5 S1  FR_SAFE_2   seed 31  goal      clr  0.73  t  14.5  inf  29  N 26.0  mpc   7.1 ms  err 0.18
[282/450] speed=5 S1  FR_SAFE_2   seed 32  goal      clr  0.77  t  13.7  inf  28  N 26.3  mpc   7.2 ms  err 0.21
[283/450] speed=5 S1  FR_SAFE_2   seed 33  goal      clr  0.50  t  14.4  inf  29  N 25.7  mpc   7.1 ms  err 0.13
[284/450] speed=5 S1  FR_SAFE_2   seed 34  goal      clr  0.75  t  14.0  inf  29  N 25.5  mpc   6.8 ms  err 0.24
[285/450] speed=5 S1  FR_SAFE_2   seed 35  goal      clr  0.62  t  14.3  inf  29  N 26.0  mpc   6.8 ms  err 0.37
[286/450] speed=5 S1  FR_SAFE_2   seed 36  goal      clr  0.76  t  17.8  inf  36  N 24.2  mpc   6.3 ms  err 0.29
[287/450] speed=5 S1  FR_SAFE_2   seed 37  goal      clr  0.69  t  15.8  inf  32  N 26.3  mpc   7.5 ms  err 0.21
[288/450] speed=5 S1  FR_SAFE_2   seed 38  goal      clr  0.43  t  19.7  inf  40  N 26.8  mpc   7.9 ms  err 0.30
[289/450] speed=5 S1  FR_SAFE_2   seed 39  goal      clr  0.61  t  15.6  inf  32  N 25.9  mpc   7.0 ms  err 0.37
[290/450] speed=5 S1  FR_SAFE_2   seed 40  goal      clr  0.60  t  16.6  inf  34  N 24.9  mpc   6.8 ms  err 0.28
[291/450] speed=5 S1  FR_SAFE_2   seed 41  goal      clr  0.46  t  17.1  inf  35  N 25.1  mpc   6.8 ms  err 0.18
[292/450] speed=5 S1  FR_SAFE_2   seed 42  goal      clr  0.79  t  15.3  inf  31  N 25.7  mpc   6.8 ms  err 0.15
[293/450] speed=5 S1  FR_SAFE_2   seed 43  goal      clr  0.68  t  13.7  inf  28  N 26.0  mpc   6.6 ms  err 0.26
[294/450] speed=5 S1  FR_SAFE_2   seed 44  goal      clr  0.58  t  14.4  inf  29  N 25.9  mpc   6.8 ms  err 0.30
[295/450] speed=5 S1  FR_SAFE_2   seed 45  goal      clr  0.53  t  19.3  inf  39  N 26.2  mpc   7.6 ms  err 0.28
[296/450] speed=5 S1  FR_SAFE_2   seed 46  goal      clr  0.64  t  13.8  inf  28  N 26.1  mpc   6.7 ms  err 0.22
[297/450] speed=5 S1  FR_SAFE_2   seed 47  goal      clr  0.53  t  14.1  inf  29  N 25.9  mpc   7.2 ms  err 0.26
[298/450] speed=5 S1  FR_SAFE_2   seed 48  goal      clr  0.61  t  14.5  inf  29  N 25.8  mpc   6.8 ms  err 0.26
[299/450] speed=5 S1  FR_SAFE_2   seed 49  goal      clr  0.63  t  13.1  inf  27  N 25.9  mpc   6.3 ms  err 0.25
[300/450] speed=5 S1  FR_SAFE_2   seed 50  goal      clr  0.65  t  13.8  inf  28  N 26.2  mpc   6.9 ms  err 0.23
[301/450] speed=5 S1  FR_SAFE_3   seed  1  goal      clr  0.62  t  13.9  inf  41  N 26.1  mpc   6.7 ms  err 0.17
[302/450] speed=5 S1  FR_SAFE_3   seed  2  goal      clr  0.58  t  15.0  inf  45  N 26.1  mpc   7.0 ms  err 0.25
[303/450] speed=5 S1  FR_SAFE_3   seed  3  goal      clr  0.23  t  18.8  inf  56  N 25.1  mpc   7.1 ms  err 0.24
[304/450] speed=5 S1  FR_SAFE_3   seed  4  goal      clr  0.64  t  14.0  inf  42  N 26.2  mpc   7.0 ms  err 0.24
[305/450] speed=5 S1  FR_SAFE_3   seed  5  goal      clr  0.71  t  15.0  inf  45  N 25.5  mpc   6.9 ms  err 0.29
[306/450] speed=5 S1  FR_SAFE_3   seed  6  goal      clr  0.73  t  13.0  inf  39  N 25.7  mpc   6.5 ms  err 0.20
[307/450] speed=5 S1  FR_SAFE_3   seed  7  goal      clr  0.61  t  13.8  inf  41  N 25.7  mpc   6.8 ms  err 0.26
[308/450] speed=5 S1  FR_SAFE_3   seed  8  goal      clr  0.69  t  14.4  inf  43  N 25.8  mpc   6.6 ms  err 0.24
[309/450] speed=5 S1  FR_SAFE_3   seed  9  goal      clr  0.33  t  14.6  inf  43  N 25.4  mpc   6.8 ms  err 0.29
[310/450] speed=5 S1  FR_SAFE_3   seed 10  goal      clr  0.60  t  13.9  inf  41  N 25.6  mpc   6.8 ms  err 0.13
[311/450] speed=5 S1  FR_SAFE_3   seed 11  goal      clr  0.64  t  13.7  inf  41  N 25.9  mpc   6.5 ms  err 0.17
[312/450] speed=5 S1  FR_SAFE_3   seed 12  goal      clr  0.59  t  15.4  inf  46  N 26.2  mpc   6.9 ms  err 0.17
[313/450] speed=5 S1  FR_SAFE_3   seed 13  goal      clr  0.72  t  13.2  inf  39  N 26.1  mpc   6.5 ms  err 0.15
[314/450] speed=5 S1  FR_SAFE_3   seed 14  goal      clr  0.51  t  19.8  inf  59  N 25.8  mpc   7.1 ms  err 0.17
[315/450] speed=5 S1  FR_SAFE_3   seed 15  goal      clr  0.50  t  16.8  inf  50  N 25.9  mpc   7.5 ms  err 0.38
[316/450] speed=5 S1  FR_SAFE_3   seed 16  goal      clr  0.69  t  13.2  inf  39  N 25.6  mpc   6.4 ms  err 0.20
[317/450] speed=5 S1  FR_SAFE_3   seed 17  goal      clr  0.61  t  13.3  inf  40  N 25.6  mpc   6.4 ms  err 0.21
[318/450] speed=5 S1  FR_SAFE_3   seed 18  goal      clr  0.64  t  13.8  inf  41  N 26.2  mpc   6.7 ms  err 0.20
[319/450] speed=5 S1  FR_SAFE_3   seed 19  goal      clr  0.52  t  14.7  inf  44  N 26.4  mpc   6.9 ms  err 0.15
[320/450] speed=5 S1  FR_SAFE_3   seed 20  goal      clr  0.70  t  13.5  inf  40  N 25.7  mpc   6.4 ms  err 0.46
[321/450] speed=5 S1  FR_SAFE_3   seed 21  goal      clr  0.87  t  13.2  inf  39  N 25.6  mpc   6.4 ms  err 0.18
[322/450] speed=5 S1  FR_SAFE_3   seed 22  goal      clr  0.58  t  13.6  inf  40  N 25.9  mpc   6.4 ms  err 0.30
[323/450] speed=5 S1  FR_SAFE_3   seed 23  goal      clr  0.51  t  14.5  inf  43  N 25.1  mpc   6.6 ms  err 0.18
[324/450] speed=5 S1  FR_SAFE_3   seed 24  goal      clr  0.59  t  13.7  inf  41  N 25.5  mpc   6.5 ms  err 0.24
[325/450] speed=5 S1  FR_SAFE_3   seed 25  goal      clr  0.69  t  14.0  inf  42  N 26.1  mpc   6.9 ms  err 0.17
[326/450] speed=5 S1  FR_SAFE_3   seed 26  goal      clr  0.67  t  14.4  inf  43  N 25.9  mpc   7.2 ms  err 0.36
[327/450] speed=5 S1  FR_SAFE_3   seed 27  goal      clr  0.65  t  13.5  inf  40  N 25.9  mpc   6.7 ms  err 0.16
[328/450] speed=5 S1  FR_SAFE_3   seed 28  goal      clr  0.75  t  12.9  inf  39  N 26.4  mpc   6.7 ms  err 0.45
[329/450] speed=5 S1  FR_SAFE_3   seed 29  goal      clr  0.51  t  15.2  inf  45  N 26.5  mpc   7.3 ms  err 0.16
[330/450] speed=5 S1  FR_SAFE_3   seed 30  goal      clr  0.65  t  14.2  inf  42  N 25.9  mpc   6.9 ms  err 0.38
[331/450] speed=5 S1  FR_SAFE_3   seed 31  goal      clr  0.67  t  14.2  inf  42  N 25.8  mpc   6.9 ms  err 0.14
[332/450] speed=5 S1  FR_SAFE_3   seed 32  goal      clr  0.54  t  16.7  inf  50  N 25.6  mpc   7.3 ms  err 0.20
[333/450] speed=5 S1  FR_SAFE_3   seed 33  goal      clr  0.91  t  12.8  inf  38  N 25.4  mpc   6.4 ms  err 0.21
[334/450] speed=5 S1  FR_SAFE_3   seed 34  goal      clr  0.65  t  15.0  inf  44  N 25.6  mpc   6.9 ms  err 0.14
[335/450] speed=5 S1  FR_SAFE_3   seed 35  goal      clr  0.75  t  13.2  inf  39  N 25.7  mpc   6.4 ms  err 0.23
[336/450] speed=5 S1  FR_SAFE_3   seed 36  goal      clr  0.60  t  14.7  inf  44  N 25.8  mpc   6.5 ms  err 0.20
[337/450] speed=5 S1  FR_SAFE_3   seed 37  goal      clr  0.61  t  13.1  inf  39  N 25.5  mpc   6.6 ms  err 0.20
[338/450] speed=5 S1  FR_SAFE_3   seed 38  goal      clr  0.48  t  16.0  inf  47  N 26.6  mpc   7.3 ms  err 0.18
[339/450] speed=5 S1  FR_SAFE_3   seed 39  goal      clr  0.61  t  14.7  inf  44  N 26.2  mpc   7.1 ms  err 0.15
[340/450] speed=5 S1  FR_SAFE_3   seed 40  goal      clr  0.21  t  18.4  inf  54  N 25.0  mpc   6.6 ms  err 0.41
[341/450] speed=5 S1  FR_SAFE_3   seed 41  goal      clr  0.77  t  14.3  inf  43  N 26.2  mpc   6.8 ms  err 0.28
[342/450] speed=5 S1  FR_SAFE_3   seed 42  goal      clr  0.72  t  13.8  inf  41  N 26.0  mpc   6.8 ms  err 0.21
[343/450] speed=5 S1  FR_SAFE_3   seed 43  goal      clr  0.63  t  13.8  inf  41  N 26.0  mpc   6.6 ms  err 0.34
[344/450] speed=5 S1  FR_SAFE_3   seed 44  goal      clr  0.80  t  12.9  inf  38  N 25.5  mpc   6.3 ms  err 0.18
[345/450] speed=5 S1  FR_SAFE_3   seed 45  goal      clr  0.64  t  13.8  inf  41  N 25.6  mpc   6.5 ms  err 0.26
[346/450] speed=5 S1  FR_SAFE_3   seed 46  goal      clr  0.68  t  13.1  inf  39  N 27.2  mpc   6.9 ms  err 0.35
[347/450] speed=5 S1  FR_SAFE_3   seed 47  goal      clr  0.65  t  13.8  inf  41  N 25.8  mpc   6.7 ms  err 0.30
[348/450] speed=5 S1  FR_SAFE_3   seed 48  goal      clr  0.73  t  14.0  inf  42  N 25.6  mpc   6.7 ms  err 0.28
[349/450] speed=5 S1  FR_SAFE_3   seed 49  goal      clr  0.84  t  12.7  inf  38  N 25.5  mpc   6.3 ms  err 0.25
[350/450] speed=5 S1  FR_SAFE_3   seed 50  goal      clr  0.67  t  13.3  inf  40  N 26.0  mpc   6.8 ms  err 0.28
[351/450] speed=5 S1  FR_SAFE_5   seed  1  goal      clr  0.62  t  13.6  inf  69  N 25.9  mpc   6.8 ms  err 0.23
[352/450] speed=5 S1  FR_SAFE_5   seed  2  goal      clr  0.53  t  13.8  inf  69  N 25.7  mpc   7.1 ms  err 0.19
[353/450] speed=5 S1  FR_SAFE_5   seed  3  goal      clr  0.48  t  14.7  inf  74  N 26.2  mpc   7.3 ms  err 0.23
[354/450] speed=5 S1  FR_SAFE_5   seed  4  goal      clr  0.56  t  13.3  inf  67  N 26.0  mpc   7.1 ms  err 0.30
[355/450] speed=5 S1  FR_SAFE_5   seed  5  goal      clr  0.54  t  13.4  inf  67  N 25.1  mpc   6.9 ms  err 0.28
[356/450] speed=5 S1  FR_SAFE_5   seed  6  goal      clr  0.73  t  12.8  inf  65  N 25.4  mpc   6.7 ms  err 0.16
[357/450] speed=5 S1  FR_SAFE_5   seed  7  goal      clr  0.71  t  12.7  inf  64  N 25.3  mpc   6.6 ms  err 0.18
[358/450] speed=5 S1  FR_SAFE_5   seed  8  goal      clr  0.73  t  13.8  inf  69  N 25.2  mpc   6.7 ms  err 0.24
[359/450] speed=5 S1  FR_SAFE_5   seed  9  goal      clr  0.24  t  18.4  inf  93  N 25.9  mpc   7.4 ms  err 0.33
[360/450] speed=5 S1  FR_SAFE_5   seed 10  goal      clr  0.56  t  13.7  inf  69  N 25.1  mpc   6.7 ms  err 0.20
[361/450] speed=5 S1  FR_SAFE_5   seed 11  goal      clr  0.55  t  12.8  inf  65  N 25.7  mpc   6.6 ms  err 0.25
[362/450] speed=5 S1  FR_SAFE_5   seed 12  goal      clr  0.49  t  13.6  inf  68  N 26.1  mpc   6.9 ms  err 0.25
[363/450] speed=5 S1  FR_SAFE_5   seed 13  goal      clr  0.70  t  12.8  inf  65  N 25.7  mpc   6.6 ms  err 0.11
[364/450] speed=5 S1  FR_SAFE_5   seed 14  goal      clr  0.62  t  13.9  inf  70  N 26.0  mpc   7.0 ms  err 0.20
[365/450] speed=5 S1  FR_SAFE_5   seed 15  goal      clr  0.56  t  14.0  inf  71  N 25.7  mpc   7.2 ms  err 0.20
[366/450] speed=5 S1  FR_SAFE_5   seed 16  goal      clr  0.73  t  12.9  inf  65  N 25.4  mpc   6.7 ms  err 0.16
[367/450] speed=5 S1  FR_SAFE_5   seed 17  goal      clr  0.66  t  12.7  inf  64  N 25.3  mpc   6.5 ms  err 0.15
[368/450] speed=5 S1  FR_SAFE_5   seed 18  goal      clr  0.67  t  13.8  inf  69  N 26.0  mpc   7.2 ms  err 0.15
[369/450] speed=5 S1  FR_SAFE_5   seed 19  goal      clr  0.49  t  15.4  inf  78  N 26.3  mpc   7.5 ms  err 0.18
[370/450] speed=5 S1  FR_SAFE_5   seed 20  goal      clr  0.71  t  13.1  inf  66  N 25.1  mpc   6.5 ms  err 0.30
[371/450] speed=5 S1  FR_SAFE_5   seed 21  goal      clr  0.63  t  12.8  inf  64  N 25.6  mpc   6.6 ms  err 0.21
[372/450] speed=5 S1  FR_SAFE_5   seed 22  goal      clr  0.62  t  13.0  inf  65  N 25.3  mpc   6.5 ms  err 0.31
[373/450] speed=5 S1  FR_SAFE_5   seed 23  goal      clr  0.58  t  13.5  inf  68  N 25.1  mpc   6.7 ms  err 0.19
[374/450] speed=5 S1  FR_SAFE_5   seed 24  goal      clr  0.58  t  12.7  inf  64  N 25.5  mpc   6.5 ms  err 0.24
[375/450] speed=5 S1  FR_SAFE_5   seed 25  goal      clr  0.65  t  13.1  inf  66  N 25.6  mpc   6.7 ms  err 0.19
[376/450] speed=5 S1  FR_SAFE_5   seed 26  goal      clr  0.32  t  14.5  inf  73  N 24.4  mpc   6.5 ms  err 0.21
[377/450] speed=5 S1  FR_SAFE_5   seed 27  goal      clr  0.50  t  13.2  inf  67  N 25.8  mpc   6.7 ms  err 0.12
[378/450] speed=5 S1  FR_SAFE_5   seed 28  goal      clr  0.67  t  13.0  inf  65  N 26.2  mpc   6.7 ms  err 0.36
[379/450] speed=5 S1  FR_SAFE_5   seed 29  goal      clr  0.59  t  14.2  inf  71  N 26.0  mpc   7.0 ms  err 0.21
[380/450] speed=5 S1  FR_SAFE_5   seed 30  goal      clr  0.70  t  13.7  inf  69  N 25.6  mpc   6.9 ms  err 0.20
[381/450] speed=5 S1  FR_SAFE_5   seed 31  goal      clr  0.61  t  13.5  inf  68  N 25.8  mpc   6.9 ms  err 0.18
[382/450] speed=5 S1  FR_SAFE_5   seed 32  goal      clr  0.51  t  14.9  inf  75  N 25.5  mpc   7.0 ms  err 0.20
[383/450] speed=5 S1  FR_SAFE_5   seed 33  goal      clr  0.68  t  12.8  inf  64  N 25.5  mpc   6.6 ms  err 0.15
[384/450] speed=5 S1  FR_SAFE_5   seed 34  goal      clr  0.62  t  13.6  inf  68  N 25.6  mpc   6.9 ms  err 0.12
[385/450] speed=5 S1  FR_SAFE_5   seed 35  goal      clr  0.70  t  13.5  inf  68  N 25.8  mpc   6.8 ms  err 0.23
[386/450] speed=5 S1  FR_SAFE_5   seed 36  goal      clr  0.60  t  14.2  inf  71  N 25.8  mpc   7.0 ms  err 0.21
[387/450] speed=5 S1  FR_SAFE_5   seed 37  goal      clr  0.73  t  12.8  inf  65  N 25.4  mpc   6.8 ms  err 0.21
[388/450] speed=5 S1  FR_SAFE_5   seed 38  goal      clr  0.67  t  13.6  inf  68  N 25.9  mpc   6.9 ms  err 0.22
[389/450] speed=5 S1  FR_SAFE_5   seed 39  goal      clr  0.59  t  13.5  inf  68  N 26.1  mpc   7.1 ms  err 0.13
[390/450] speed=5 S1  FR_SAFE_5   seed 40  goal      clr  0.66  t  13.4  inf  68  N 26.2  mpc   6.9 ms  err 0.25
[391/450] speed=5 S1  FR_SAFE_5   seed 41  goal      clr  0.55  t  15.7  inf  79  N 25.6  mpc   7.2 ms  err 0.27
[392/450] speed=5 S1  FR_SAFE_5   seed 42  goal      clr  0.69  t  13.5  inf  68  N 25.9  mpc   6.9 ms  err 0.18
[393/450] speed=5 S1  FR_SAFE_5   seed 43  goal      clr  0.46  t  14.9  inf  75  N 26.3  mpc   7.4 ms  err 0.16
[394/450] speed=5 S1  FR_SAFE_5   seed 44  goal      clr  0.51  t  17.0  inf  85  N 25.2  mpc   7.3 ms  err 0.35
[395/450] speed=5 S1  FR_SAFE_5   seed 45  goal      clr  0.46  t  13.6  inf  69  N 25.6  mpc   7.0 ms  err 0.26
[396/450] speed=5 S1  FR_SAFE_5   seed 46  goal      clr  0.66  t  12.9  inf  65  N 25.7  mpc   6.8 ms  err 0.17
[397/450] speed=5 S1  FR_SAFE_5   seed 47  goal      clr  0.67  t  13.4  inf  67  N 25.5  mpc   6.7 ms  err 0.19
[398/450] speed=5 S1  FR_SAFE_5   seed 48  goal      clr  0.60  t  14.0  inf  70  N 25.9  mpc   7.1 ms  err 0.23
[399/450] speed=5 S1  FR_SAFE_5   seed 49  goal      clr  0.62  t  12.7  inf  64  N 25.7  mpc   6.7 ms  err 0.19
[400/450] speed=5 S1  FR_SAFE_5   seed 50  goal      clr  0.69  t  13.4  inf  68  N 25.9  mpc   6.8 ms  err 0.20
[401/450] speed=5 S1  FR_SAFE_10  seed  1  goal      clr  0.57  t  13.0  inf 122  N 25.7  mpc   6.8 ms  err 0.15
[402/450] speed=5 S1  FR_SAFE_10  seed  2  goal      clr  0.47  t  16.6  inf 154  N 25.7  mpc   7.3 ms  err 0.63
[403/450] speed=5 S1  FR_SAFE_10  seed  3  goal      clr  0.57  t  13.6  inf 127  N 25.7  mpc   7.2 ms  err 0.16
[404/450] speed=5 S1  FR_SAFE_10  seed  4  goal      clr  0.68  t  12.9  inf 123  N 25.7  mpc   6.8 ms  err 0.19
[405/450] speed=5 S1  FR_SAFE_10  seed  5  goal      clr  0.48  t  13.6  inf 123  N 25.1  mpc   6.8 ms  err 0.22
[406/450] speed=5 S1  FR_SAFE_10  seed  6  goal      clr  0.68  t  12.7  inf 119  N 25.4  mpc   6.7 ms  err 0.15
[407/450] speed=5 S1  FR_SAFE_10  seed  7  goal      clr  0.54  t  13.0  inf 119  N 25.5  mpc   6.9 ms  err 0.22
[408/450] speed=5 S1  FR_SAFE_10  seed  8  goal      clr  0.69  t  13.5  inf 127  N 25.6  mpc   6.9 ms  err 0.38
[409/450] speed=5 S1  FR_SAFE_10  seed  9  goal      clr  0.38  t  19.0  inf 178  N 24.2  mpc   6.9 ms  err 0.41
[410/450] speed=5 S1  FR_SAFE_10  seed 10  goal      clr  0.52  t  13.6  inf 124  N 25.4  mpc   6.9 ms  err 0.20
[411/450] speed=5 S1  FR_SAFE_10  seed 11  goal      clr  0.68  t  12.8  inf 116  N 25.6  mpc   6.6 ms  err 0.21
[412/450] speed=5 S1  FR_SAFE_10  seed 12  goal      clr  0.48  t  13.9  inf 129  N 26.1  mpc   7.1 ms  err 0.16
[413/450] speed=5 S1  FR_SAFE_10  seed 13  goal      clr  0.69  t  12.9  inf 122  N 25.9  mpc   6.9 ms  err 0.17
[414/450] speed=5 S1  FR_SAFE_10  seed 14  goal      clr  0.49  t  15.0  inf 140  N 25.8  mpc   7.1 ms  err 0.15
[415/450] speed=5 S1  FR_SAFE_10  seed 15  collision clr -0.00  t   8.7  inf  81  N 28.0  mpc  10.3 ms  err 0.63
[416/450] speed=5 S1  FR_SAFE_10  seed 16  goal      clr  0.74  t  12.8  inf 121  N 25.4  mpc   6.7 ms  err 0.27
[417/450] speed=5 S1  FR_SAFE_10  seed 17  goal      clr  0.59  t  13.2  inf 126  N 25.4  mpc   6.7 ms  err 0.17
[418/450] speed=5 S1  FR_SAFE_10  seed 18  goal      clr  0.62  t  12.9  inf 121  N 25.8  mpc   6.7 ms  err 0.15
[419/450] speed=5 S1  FR_SAFE_10  seed 19  goal      clr  0.57  t  14.5  inf 137  N 26.2  mpc   7.3 ms  err 0.18
[420/450] speed=5 S1  FR_SAFE_10  seed 20  goal      clr  0.64  t  13.1  inf 122  N 24.9  mpc   6.5 ms  err 0.27
[421/450] speed=5 S1  FR_SAFE_10  seed 21  goal      clr  0.79  t  12.5  inf 115  N 25.3  mpc   6.7 ms  err 0.15
[422/450] speed=5 S1  FR_SAFE_10  seed 22  goal      clr  0.66  t  12.5  inf 119  N 25.4  mpc   6.9 ms  err 0.29
[423/450] speed=5 S1  FR_SAFE_10  seed 23  goal      clr  0.64  t  12.9  inf 120  N 24.9  mpc   6.6 ms  err 0.16
[424/450] speed=5 S1  FR_SAFE_10  seed 24  goal      clr  0.63  t  12.6  inf 117  N 25.3  mpc   6.5 ms  err 0.22
[425/450] speed=5 S1  FR_SAFE_10  seed 25  goal      clr  0.64  t  13.1  inf 122  N 25.5  mpc   6.8 ms  err 0.15
[426/450] speed=5 S1  FR_SAFE_10  seed 26  goal      clr  0.45  t  14.0  inf 129  N 24.7  mpc   6.8 ms  err 0.27
[427/450] speed=5 S1  FR_SAFE_10  seed 27  goal      clr  0.56  t  13.0  inf 120  N 25.6  mpc   6.7 ms  err 0.13
[428/450] speed=5 S1  FR_SAFE_10  seed 28  goal      clr  0.66  t  12.8  inf 120  N 25.5  mpc   6.7 ms  err 0.15
[429/450] speed=5 S1  FR_SAFE_10  seed 29  goal      clr  0.58  t  14.1  inf 132  N 26.1  mpc   7.2 ms  err 0.18
[430/450] speed=5 S1  FR_SAFE_10  seed 30  goal      clr  0.67  t  12.9  inf 119  N 25.4  mpc   6.8 ms  err 0.22
[431/450] speed=5 S1  FR_SAFE_10  seed 31  goal      clr  0.61  t  13.4  inf 126  N 25.5  mpc   6.8 ms  err 0.16
[432/450] speed=5 S1  FR_SAFE_10  seed 32  goal      clr  0.71  t  13.5  inf 126  N 26.0  mpc   7.1 ms  err 0.15
[433/450] speed=5 S1  FR_SAFE_10  seed 33  goal      clr  0.65  t  12.7  inf 117  N 25.2  mpc   6.7 ms  err 0.12
[434/450] speed=5 S1  FR_SAFE_10  seed 34  goal      clr  0.50  t  13.3  inf 127  N 25.4  mpc   6.9 ms  err 0.12
[435/450] speed=5 S1  FR_SAFE_10  seed 35  goal      clr  0.73  t  12.8  inf 121  N 25.6  mpc   6.6 ms  err 0.23
[436/450] speed=5 S1  FR_SAFE_10  seed 36  goal      clr  0.63  t  13.5  inf 128  N 25.5  mpc   6.9 ms  err 0.16
[437/450] speed=5 S1  FR_SAFE_10  seed 37  goal      clr  0.59  t  12.8  inf 120  N 25.2  mpc   6.7 ms  err 0.22
[438/450] speed=5 S1  FR_SAFE_10  seed 38  goal      clr  0.60  t  15.3  inf 141  N 26.2  mpc   7.4 ms  err 0.21
[439/450] speed=5 S1  FR_SAFE_10  seed 39  goal      clr  0.57  t  13.4  inf 122  N 26.1  mpc   7.2 ms  err 0.13
[440/450] speed=5 S1  FR_SAFE_10  seed 40  goal      clr  0.66  t  13.6  inf 128  N 25.4  mpc   7.0 ms  err 0.19
[441/450] speed=5 S1  FR_SAFE_10  seed 41  goal      clr  0.64  t  15.1  inf 141  N 25.4  mpc   7.2 ms  err 0.28
[442/450] speed=5 S1  FR_SAFE_10  seed 42  goal      clr  0.70  t  13.4  inf 126  N 25.7  mpc   7.0 ms  err 0.20
[443/450] speed=5 S1  FR_SAFE_10  seed 43  goal      clr  0.37  t  13.9  inf 128  N 25.4  mpc   7.1 ms  err 0.22
[444/450] speed=5 S1  FR_SAFE_10  seed 44  goal      clr  0.66  t  12.3  inf 113  N 25.1  mpc   6.6 ms  err 0.12
[445/450] speed=5 S1  FR_SAFE_10  seed 45  goal      clr  0.46  t  13.8  inf 129  N 25.3  mpc   7.0 ms  err 0.26
[446/450] speed=5 S1  FR_SAFE_10  seed 46  goal      clr  0.60  t  13.1  inf 121  N 25.6  mpc   7.0 ms  err 0.14
[447/450] speed=5 S1  FR_SAFE_10  seed 47  goal      clr  0.62  t  13.1  inf 121  N 25.2  mpc   6.9 ms  err 0.18
[448/450] speed=5 S1  FR_SAFE_10  seed 48  goal      clr  0.55  t  14.5  inf 137  N 25.5  mpc   7.1 ms  err 0.23
[449/450] speed=5 S1  FR_SAFE_10  seed 49  goal      clr  0.63  t  12.5  inf 120  N 25.6  mpc   6.9 ms  err 0.14
[450/450] speed=5 S1  FR_SAFE_10  seed 50  goal      clr  0.58  t  13.1  inf 124  N 25.7  mpc   6.9 ms  err 0.14
