[  1/250] shift=0.0025 S2  E_DART      seed  1  goal      clr  0.64  t  14.2  inf  68  N 24.3  mpc   5.1 ms  err 0.41
[  2/250] shift=0.0025 S2  E_DART      seed  2  goal      clr  0.83  t  13.8  inf  63  N 24.6  mpc   6.3 ms  err 0.73
[  3/250] shift=0.0025 S2  E_DART      seed  3  goal      clr  0.60  t  16.0  inf  73  N 25.2  mpc   4.7 ms  err 0.62
[  4/250] shift=0.0025 S2  E_DART      seed  4  goal      clr  0.73  t  15.7  inf  73  N 25.4  mpc   4.6 ms  err 0.47
[  5/250] shift=0.0025 S2  E_DART      seed  5  goal      clr  0.64  t  16.8  inf  69  N 22.8  mpc   4.1 ms  err 0.66
[  6/250] shift=0.0025 S2  E_DART      seed  6  goal      clr  0.81  t  16.2  inf  66  N 23.7  mpc   3.9 ms  err 0.49
[  7/250] shift=0.0025 S2  E_DART      seed  7  goal      clr  0.85  t  14.9  inf  72  N 24.2  mpc   4.2 ms  err 0.61
[  8/250] shift=0.0025 S2  E_DART      seed  8  goal      clr  0.48  t  15.2  inf  92  N 25.7  mpc   4.6 ms  err 0.27
[  9/250] shift=0.0025 S2  E_DART      seed  9  goal      clr  0.50  t  19.7  inf 104  N 24.1  mpc   4.4 ms  err 0.50
[ 10/250] shift=0.0025 S2  E_DART      seed 10  goal      clr  1.04  t  22.5  inf  64  N 21.7  mpc   3.5 ms  err 0.75
[ 11/250] shift=0.0025 S2  E_DART      seed 11  goal      clr  0.77  t  16.8  inf  79  N 24.3  mpc   4.3 ms  err 0.64
[ 12/250] shift=0.0025 S2  E_DART      seed 12  goal      clr  0.45  t  17.5  inf  82  N 24.5  mpc   4.4 ms  err 0.51
[ 13/250] shift=0.0025 S2  E_DART      seed 13  goal      clr  0.59  t  17.4  inf  83  N 24.9  mpc   4.4 ms  err 0.45
[ 14/250] shift=0.0025 S2  E_DART      seed 14  goal      clr  0.95  t  17.8  inf  63  N 21.1  mpc   3.4 ms  err 0.48
[ 15/250] shift=0.0025 S2  E_DART      seed 15  goal      clr  0.65  t  14.0  inf  68  N 24.7  mpc   4.4 ms  err 0.55
[ 16/250] shift=0.0025 S2  E_DART      seed 16  goal      clr  0.56  t  14.8  inf  86  N 25.3  mpc   4.7 ms  err 0.34
[ 17/250] shift=0.0025 S2  E_DART      seed 17  goal      clr  0.75  t  17.0  inf  66  N 22.2  mpc   3.9 ms  err 0.20
[ 18/250] shift=0.0025 S2  E_DART      seed 18  goal      clr  0.59  t  16.4  inf  71  N 23.7  mpc   4.4 ms  err 0.80
[ 19/250] shift=0.0025 S2  E_DART      seed 19  goal      clr  0.45  t  19.3  inf  73  N 22.7  mpc   3.9 ms  err 0.51
[ 20/250] shift=0.0025 S2  E_DART      seed 20  goal      clr  0.72  t  14.4  inf  87  N 25.6  mpc   4.5 ms  err 0.34
[ 21/250] shift=0.0025 S2  E_DART      seed 21  goal      clr  0.82  t  13.8  inf  69  N 24.6  mpc   4.3 ms  err 0.31
[ 22/250] shift=0.0025 S2  E_DART      seed 22  goal      clr  0.49  t  15.2  inf  81  N 25.0  mpc   4.5 ms  err 0.25
[ 23/250] shift=0.0025 S2  E_DART      seed 23  goal      clr  0.56  t  17.8  inf  84  N 24.4  mpc   4.4 ms  err 0.34
[ 24/250] shift=0.0025 S2  E_DART      seed 24  goal      clr  0.71  t  16.7  inf  72  N 24.6  mpc   4.4 ms  err 0.45
[ 25/250] shift=0.0025 S2  E_DART      seed 25  goal      clr  0.70  t  17.5  inf  81  N 23.9  mpc   4.2 ms  err 0.56
[ 26/250] shift=0.0025 S2  E_DART      seed 26  goal      clr  0.79  t  16.7  inf  64  N 22.9  mpc   3.8 ms  err 0.60
[ 27/250] shift=0.0025 S2  E_DART      seed 27  goal      clr  0.78  t  17.5  inf  86  N 25.3  mpc   4.5 ms  err 0.17
[ 28/250] shift=0.0025 S2  E_DART      seed 28  goal      clr  0.73  t  15.3  inf  61  N 24.4  mpc   4.2 ms  err 0.34
[ 29/250] shift=0.0025 S2  E_DART      seed 29  goal      clr  0.62  t  13.6  inf  55  N 24.6  mpc   4.4 ms  err 1.01
[ 30/250] shift=0.0025 S2  E_DART      seed 30  goal      clr  0.53  t  17.9  inf  66  N 23.7  mpc   4.1 ms  err 0.68
[ 31/250] shift=0.0025 S2  E_DART      seed 31  goal      clr  0.62  t  17.0  inf  62  N 23.4  mpc   3.9 ms  err 0.42
[ 32/250] shift=0.0025 S2  E_DART      seed 32  goal      clr  0.52  t  16.8  inf 116  N 26.7  mpc   5.0 ms  err 0.41
[ 33/250] shift=0.0025 S2  E_DART      seed 33  goal      clr  0.69  t  15.2  inf  70  N 24.5  mpc   4.7 ms  err 0.54
[ 34/250] shift=0.0025 S2  E_DART      seed 34  goal      clr  0.56  t  15.1  inf  84  N 25.3  mpc   4.7 ms  err 0.57
[ 35/250] shift=0.0025 S2  E_DART      seed 35  goal      clr  0.88  t  14.1  inf  73  N 25.2  mpc   4.3 ms  err 0.51
[ 36/250] shift=0.0025 S2  E_DART      seed 36  goal      clr  0.43  t  15.2  inf  87  N 24.4  mpc   4.4 ms  err 0.73
[ 37/250] shift=0.0025 S2  E_DART      seed 37  goal      clr  1.16  t  16.4  inf  62  N 23.8  mpc   3.8 ms  err 0.74
[ 38/250] shift=0.0025 S2  E_DART      seed 38  goal      clr  0.63  t  15.2  inf  95  N 25.9  mpc   5.0 ms  err 0.53
[ 39/250] shift=0.0025 S2  E_DART      seed 39  goal      clr  0.58  t  15.4  inf  76  N 25.4  mpc   4.7 ms  err 0.44
[ 40/250] shift=0.0025 S2  E_DART      seed 40  goal      clr  0.60  t  18.8  inf 115  N 23.4  mpc   4.6 ms  err 0.34
[ 41/250] shift=0.0025 S2  E_DART      seed 41  goal      clr  0.63  t  22.0  inf  76  N 22.1  mpc   4.3 ms  err 0.55
[ 42/250] shift=0.0025 S2  E_DART      seed 42  goal      clr  0.54  t  18.1  inf  96  N 24.9  mpc   4.9 ms  err 0.59
[ 43/250] shift=0.0025 S2  E_DART      seed 43  goal      clr  0.25  t  15.8  inf  79  N 25.5  mpc   5.0 ms  err 0.47
[ 44/250] shift=0.0025 S2  E_DART      seed 44  goal      clr  0.71  t  14.6  inf  75  N 24.8  mpc   4.7 ms  err 0.50
[ 45/250] shift=0.0025 S2  E_DART      seed 45  goal      clr  0.62  t  15.1  inf  85  N 24.9  mpc   4.5 ms  err 0.17
[ 46/250] shift=0.0025 S2  E_DART      seed 46  goal      clr  0.56  t  16.5  inf  84  N 23.3  mpc   4.3 ms  err 0.48
[ 47/250] shift=0.0025 S2  E_DART      seed 47  goal      clr  0.16  t  19.2  inf 115  N 26.0  mpc   5.1 ms  err 0.74
[ 48/250] shift=0.0025 S2  E_DART      seed 48  goal      clr  0.73  t  13.9  inf  72  N 25.3  mpc   4.7 ms  err 0.89
[ 49/250] shift=0.0025 S2  E_DART      seed 49  goal      clr  0.69  t  13.6  inf  72  N 25.9  mpc   4.7 ms  err 0.48
[ 50/250] shift=0.0025 S2  E_DART      seed 50  goal      clr  0.68  t  13.8  inf  69  N 24.9  mpc   4.6 ms  err 0.47
[ 51/250] shift=0.0025 S2  Z_ZHUYI     seed  1  goal      clr  0.64  t  23.3  inf  51  N 21.9  mpc   4.1 ms  err 0.36
[ 52/250] shift=0.0025 S2  Z_ZHUYI     seed  2  goal      clr  0.76  t  18.4  inf  32  N 23.7  mpc   4.4 ms  err 0.68
[ 53/250] shift=0.0025 S2  Z_ZHUYI     seed  3  goal      clr  0.56  t  16.4  inf  49  N 24.4  mpc   4.5 ms  err 0.27
[ 54/250] shift=0.0025 S2  Z_ZHUYI     seed  4  goal      clr  0.89  t  17.7  inf  30  N 22.5  mpc   3.9 ms  err 0.66
[ 55/250] shift=0.0025 S2  Z_ZHUYI     seed  5  goal      clr  2.96  t  15.7  inf  16  N 23.1  mpc   3.7 ms  err 1.07
[ 56/250] shift=0.0025 S2  Z_ZHUYI     seed  6  goal      clr  1.70  t  16.1  inf  17  N 23.2  mpc   4.0 ms  err 1.02
[ 57/250] shift=0.0025 S2  Z_ZHUYI     seed  7  goal      clr  0.29  t  22.5  inf  61  N 22.2  mpc   3.9 ms  err 0.82
[ 58/250] shift=0.0025 S2  Z_ZHUYI     seed  8  goal      clr  0.72  t  19.8  inf  45  N 22.3  mpc   4.0 ms  err 0.66
[ 59/250] shift=0.0025 S2  Z_ZHUYI     seed  9  goal      clr  0.87  t  14.2  inf  23  N 24.5  mpc   4.3 ms  err 0.52
[ 60/250] shift=0.0025 S2  Z_ZHUYI     seed 10  goal      clr  0.62  t  19.1  inf  43  N 22.6  mpc   4.1 ms  err 0.43
[ 61/250] shift=0.0025 S2  Z_ZHUYI     seed 11  goal      clr  0.46  t  16.1  inf  44  N 24.0  mpc   4.5 ms  err 0.38
[ 62/250] shift=0.0025 S2  Z_ZHUYI     seed 12  goal      clr  0.43  t  17.6  inf  48  N 24.2  mpc   4.7 ms  err 0.52
[ 63/250] shift=0.0025 S2  Z_ZHUYI     seed 13  goal      clr  0.55  t  22.0  inf  27  N 21.7  mpc   4.0 ms  err 0.44
[ 64/250] shift=0.0025 S2  Z_ZHUYI     seed 14  goal      clr  0.59  t  19.5  inf  43  N 23.6  mpc   4.5 ms  err 0.44
[ 65/250] shift=0.0025 S2  Z_ZHUYI     seed 15  goal      clr  0.76  t  17.3  inf  27  N 22.9  mpc   4.3 ms  err 0.43
[ 66/250] shift=0.0025 S2  Z_ZHUYI     seed 16  goal      clr  0.46  t  17.7  inf  65  N 24.5  mpc   4.9 ms  err 0.50
[ 67/250] shift=0.0025 S2  Z_ZHUYI     seed 17  goal      clr  0.69  t  16.2  inf  30  N 25.2  mpc   4.8 ms  err 0.62
[ 68/250] shift=0.0025 S2  Z_ZHUYI     seed 18  goal      clr  0.48  t  16.1  inf  34  N 25.8  mpc   4.9 ms  err 0.79
[ 69/250] shift=0.0025 S2  Z_ZHUYI     seed 19  goal      clr  0.79  t  20.2  inf  28  N 22.1  mpc   3.8 ms  err 0.55
[ 70/250] shift=0.0025 S2  Z_ZHUYI     seed 20  goal      clr  0.87  t  15.2  inf  32  N 25.5  mpc   4.6 ms  err 0.59
[ 71/250] shift=0.0025 S2  Z_ZHUYI     seed 21  goal      clr  0.75  t  13.3  inf  38  N 24.8  mpc   4.6 ms  err 0.36
[ 72/250] shift=0.0025 S2  Z_ZHUYI     seed 22  goal      clr  0.78  t  16.4  inf  28  N 23.3  mpc   4.1 ms  err 0.50
[ 73/250] shift=0.0025 S2  Z_ZHUYI     seed 23  goal      clr  0.64  t  17.8  inf  40  N 23.4  mpc   4.2 ms  err 0.32
[ 74/250] shift=0.0025 S2  Z_ZHUYI     seed 24  goal      clr  0.75  t  16.8  inf  30  N 24.0  mpc   4.2 ms  err 0.31
[ 75/250] shift=0.0025 S2  Z_ZHUYI     seed 25  goal      clr  0.41  t  17.5  inf  42  N 24.6  mpc   4.7 ms  err 0.39
[ 76/250] shift=0.0025 S2  Z_ZHUYI     seed 26  goal      clr  0.82  t  21.6  inf  44  N 21.0  mpc   3.6 ms  err 0.47
[ 77/250] shift=0.0025 S2  Z_ZHUYI     seed 27  goal      clr  0.62  t  19.6  inf  48  N 22.3  mpc   4.2 ms  err 0.29
[ 78/250] shift=0.0025 S2  Z_ZHUYI     seed 28  goal      clr  0.61  t  17.5  inf  33  N 24.1  mpc   4.3 ms  err 0.41
[ 79/250] shift=0.0025 S2  Z_ZHUYI     seed 29  goal      clr  0.84  t  15.5  inf  23  N 21.7  mpc   3.6 ms  err 1.12
[ 80/250] shift=0.0025 S2  Z_ZHUYI     seed 30  goal      clr  0.60  t  20.2  inf  43  N 24.5  mpc   4.5 ms  err 0.41
[ 81/250] shift=0.0025 S2  Z_ZHUYI     seed 31  goal      clr  0.45  t  21.9  inf  33  N 23.3  mpc   4.3 ms  err 0.36
[ 82/250] shift=0.0025 S2  Z_ZHUYI     seed 32  goal      clr  0.48  t  16.9  inf  30  N 23.4  mpc   4.2 ms  err 1.07
[ 83/250] shift=0.0025 S2  Z_ZHUYI     seed 33  goal      clr  0.38  t  17.2  inf  44  N 22.7  mpc   4.5 ms  err 0.67
[ 84/250] shift=0.0025 S2  Z_ZHUYI     seed 34  goal      clr  0.66  t  19.7  inf  45  N 22.7  mpc   4.1 ms  err 0.34
[ 85/250] shift=0.0025 S2  Z_ZHUYI     seed 35  goal      clr  2.02  t  16.7  inf  18  N 22.0  mpc   3.5 ms  err 0.75
[ 86/250] shift=0.0025 S2  Z_ZHUYI     seed 36  goal      clr  0.77  t  16.2  inf  31  N 25.9  mpc   4.8 ms  err 0.93
[ 87/250] shift=0.0025 S2  Z_ZHUYI     seed 37  goal      clr  0.60  t  21.6  inf  37  N 22.4  mpc   4.0 ms  err 0.77
[ 88/250] shift=0.0025 S2  Z_ZHUYI     seed 38  goal      clr  1.22  t  20.7  inf  31  N 25.4  mpc   5.1 ms  err 0.85
[ 89/250] shift=0.0025 S2  Z_ZHUYI     seed 39  goal      clr  0.92  t  15.1  inf  28  N 24.6  mpc   4.5 ms  err 0.70
[ 90/250] shift=0.0025 S2  Z_ZHUYI     seed 40  goal      clr  0.55  t  20.7  inf  27  N 22.0  mpc   3.7 ms  err 0.62
[ 91/250] shift=0.0025 S2  Z_ZHUYI     seed 41  goal      clr  0.63  t  22.5  inf  43  N 21.8  mpc   3.9 ms  err 0.41
[ 92/250] shift=0.0025 S2  Z_ZHUYI     seed 42  goal      clr  0.58  t  20.8  inf  44  N 22.9  mpc   4.1 ms  err 0.41
[ 93/250] shift=0.0025 S2  Z_ZHUYI     seed 43  goal      clr  0.69  t  20.2  inf  34  N 23.0  mpc   3.9 ms  err 0.49
[ 94/250] shift=0.0025 S2  Z_ZHUYI     seed 44  goal      clr  0.44  t  15.4  inf  45  N 24.1  mpc   4.6 ms  err 0.65
[ 95/250] shift=0.0025 S2  Z_ZHUYI     seed 45  goal      clr  0.79  t  16.5  inf  19  N 24.2  mpc   4.3 ms  err 0.79
[ 96/250] shift=0.0025 S2  Z_ZHUYI     seed 46  goal      clr  0.42  t  16.7  inf  37  N 24.2  mpc   4.3 ms  err 0.79
[ 97/250] shift=0.0025 S2  Z_ZHUYI     seed 47  goal      clr  0.62  t  14.7  inf  46  N 24.8  mpc   4.7 ms  err 0.57
[ 98/250] shift=0.0025 S2  Z_ZHUYI     seed 48  goal      clr  0.60  t  21.1  inf  41  N 25.0  mpc   5.0 ms  err 0.32
[ 99/250] shift=0.0025 S2  Z_ZHUYI     seed 49  goal      clr  0.69  t  23.0  inf  32  N 21.5  mpc   3.6 ms  err 0.96
[100/250] shift=0.0025 S2  Z_ZHUYI     seed 50  goal      clr  0.64  t  15.7  inf  47  N 25.5  mpc   5.0 ms  err 0.33
[101/250] shift=0.0025 S2  A_FR_FN     seed  1  goal      clr  0.12  t  16.3  inf 150  N 20.0  mpc   3.2 ms  err 0.62
[102/250] shift=0.0025 S2  A_FR_FN     seed  2  goal      clr  0.38  t  16.8  inf 157  N 20.0  mpc   3.2 ms  err 0.79
[103/250] shift=0.0025 S2  A_FR_FN     seed  3  goal      clr  0.32  t  16.1  inf 150  N 20.0  mpc   3.3 ms  err 0.27
[104/250] shift=0.0025 S2  A_FR_FN     seed  4  goal      clr  0.44  t  15.0  inf 140  N 20.0  mpc   3.1 ms  err 0.73
[105/250] shift=0.0025 S2  A_FR_FN     seed  5  goal      clr  0.22  t  18.1  inf 167  N 20.0  mpc   3.2 ms  err 1.22
[106/250] shift=0.0025 S2  A_FR_FN     seed  6  goal      clr  0.36  t  15.5  inf 144  N 20.0  mpc   3.1 ms  err 0.73
[107/250] shift=0.0025 S2  A_FR_FN     seed  7  goal      clr  0.33  t  14.0  inf 132  N 20.0  mpc   3.1 ms  err 0.42
[108/250] shift=0.0025 S2  A_FR_FN     seed  8  goal      clr  0.40  t  15.4  inf 143  N 20.0  mpc   3.2 ms  err 0.51
[109/250] shift=0.0025 S2  A_FR_FN     seed  9  goal      clr  0.25  t  18.3  inf 171  N 20.0  mpc   3.3 ms  err 0.45
[110/250] shift=0.0025 S2  A_FR_FN     seed 10  goal      clr  0.39  t  15.8  inf 148  N 20.0  mpc   3.2 ms  err 0.24
[111/250] shift=0.0025 S2  A_FR_FN     seed 11  goal      clr  0.06  t  16.0  inf 150  N 20.0  mpc   3.2 ms  err 0.68
[112/250] shift=0.0025 S2  A_FR_FN     seed 12  collision clr -0.01  t   4.6  inf  44  N 20.0  mpc   3.4 ms  err 0.74
[113/250] shift=0.0025 S2  A_FR_FN     seed 13  goal      clr  0.32  t  15.8  inf 145  N 20.0  mpc   3.2 ms  err 0.26
[114/250] shift=0.0025 S2  A_FR_FN     seed 14  goal      clr  0.33  t  15.1  inf 138  N 20.0  mpc   3.1 ms  err 0.57
[115/250] shift=0.0025 S2  A_FR_FN     seed 15  goal      clr  0.50  t  14.1  inf 130  N 20.0  mpc   3.1 ms  err 0.58
[116/250] shift=0.0025 S2  A_FR_FN     seed 16  goal      clr  0.21  t  15.1  inf 140  N 20.0  mpc   3.1 ms  err 0.25
[117/250] shift=0.0025 S2  A_FR_FN     seed 17  goal      clr  0.26  t  14.8  inf 139  N 20.0  mpc   3.1 ms  err 0.61
[118/250] shift=0.0025 S2  A_FR_FN     seed 18  goal      clr  0.25  t  15.1  inf 140  N 20.0  mpc   3.1 ms  err 0.51
[119/250] shift=0.0025 S2  A_FR_FN     seed 19  goal      clr  0.11  t  14.8  inf 137  N 20.0  mpc   3.2 ms  err 0.31
[120/250] shift=0.0025 S2  A_FR_FN     seed 20  goal      clr  0.46  t  13.6  inf 127  N 20.0  mpc   3.1 ms  err 0.35
[121/250] shift=0.0025 S2  A_FR_FN     seed 21  goal      clr  0.45  t  15.5  inf 145  N 20.0  mpc   3.3 ms  err 0.80
[122/250] shift=0.0025 S2  A_FR_FN     seed 22  goal      clr  0.59  t  15.0  inf 140  N 20.0  mpc   3.1 ms  err 0.64
[123/250] shift=0.0025 S2  A_FR_FN     seed 23  goal      clr  0.39  t  22.0  inf 207  N 20.0  mpc   3.4 ms  err 0.36
[124/250] shift=0.0025 S2  A_FR_FN     seed 24  goal      clr  0.13  t  13.7  inf 126  N 20.0  mpc   3.2 ms  err 0.52
[125/250] shift=0.0025 S2  A_FR_FN     seed 25  goal      clr  0.31  t  13.9  inf 132  N 20.0  mpc   3.2 ms  err 0.60
[126/250] shift=0.0025 S2  A_FR_FN     seed 26  goal      clr  0.29  t  16.6  inf 154  N 20.0  mpc   3.2 ms  err 0.58
[127/250] shift=0.0025 S2  A_FR_FN     seed 27  goal      clr  0.25  t  14.7  inf 136  N 20.0  mpc   3.2 ms  err 0.40
[128/250] shift=0.0025 S2  A_FR_FN     seed 28  goal      clr  0.24  t  14.9  inf 138  N 20.0  mpc   3.1 ms  err 0.39
[129/250] shift=0.0025 S2  A_FR_FN     seed 29  goal      clr  0.49  t  13.9  inf 128  N 20.0  mpc   3.1 ms  err 0.24
[130/250] shift=0.0025 S2  A_FR_FN     seed 30  goal      clr  0.36  t  17.0  inf 156  N 20.0  mpc   3.3 ms  err 0.55
[131/250] shift=0.0025 S2  A_FR_FN     seed 31  goal      clr  0.48  t  15.5  inf 143  N 20.0  mpc   3.1 ms  err 0.63
[132/250] shift=0.0025 S2  A_FR_FN     seed 32  goal      clr  0.38  t  16.0  inf 149  N 20.0  mpc   3.2 ms  err 0.36
[133/250] shift=0.0025 S2  A_FR_FN     seed 33  goal      clr  0.41  t  15.1  inf 140  N 20.0  mpc   3.2 ms  err 0.42
[134/250] shift=0.0025 S2  A_FR_FN     seed 34  goal      clr  0.10  t  15.2  inf 144  N 20.0  mpc   3.2 ms  err 0.33
[135/250] shift=0.0025 S2  A_FR_FN     seed 35  goal      clr  0.59  t  14.0  inf 133  N 20.0  mpc   3.1 ms  err 0.57
[136/250] shift=0.0025 S2  A_FR_FN     seed 36  collision clr -0.00  t   7.0  inf  66  N 20.0  mpc   3.5 ms  err 0.49
[137/250] shift=0.0025 S2  A_FR_FN     seed 37  goal      clr  0.20  t  14.8  inf 138  N 20.0  mpc   3.2 ms  err 0.32
[138/250] shift=0.0025 S2  A_FR_FN     seed 38  goal      clr  0.32  t  15.4  inf 144  N 20.0  mpc   3.2 ms  err 0.35
[139/250] shift=0.0025 S2  A_FR_FN     seed 39  goal      clr  0.25  t  14.3  inf 136  N 20.0  mpc   3.2 ms  err 0.61
[140/250] shift=0.0025 S2  A_FR_FN     seed 40  goal      clr  0.42  t  17.7  inf 163  N 20.0  mpc   3.2 ms  err 0.36
[141/250] shift=0.0025 S2  A_FR_FN     seed 41  goal      clr  0.35  t  17.8  inf 165  N 20.0  mpc   3.3 ms  err 0.55
[142/250] shift=0.0025 S2  A_FR_FN     seed 42  goal      clr  0.20  t  15.0  inf 143  N 20.0  mpc   3.2 ms  err 0.44
[143/250] shift=0.0025 S2  A_FR_FN     seed 43  goal      clr  0.09  t  15.5  inf 145  N 20.0  mpc   3.2 ms  err 0.38
[144/250] shift=0.0025 S2  A_FR_FN     seed 44  goal      clr  0.11  t  17.1  inf 160  N 20.0  mpc   3.3 ms  err 0.79
[145/250] shift=0.0025 S2  A_FR_FN     seed 45  goal      clr  0.40  t  14.8  inf 138  N 20.0  mpc   3.1 ms  err 0.42
[146/250] shift=0.0025 S2  A_FR_FN     seed 46  goal      clr  0.46  t  21.7  inf 201  N 20.0  mpc   3.3 ms  err 0.66
[147/250] shift=0.0025 S2  A_FR_FN     seed 47  goal      clr  0.26  t  23.4  inf 218  N 20.0  mpc   3.3 ms  err 0.30
[148/250] shift=0.0025 S2  A_FR_FN     seed 48  goal      clr  0.29  t  17.1  inf 157  N 20.0  mpc   3.3 ms  err 0.33
[149/250] shift=0.0025 S2  A_FR_FN     seed 49  goal      clr  0.43  t  13.5  inf 123  N 20.0  mpc   3.1 ms  err 0.38
[150/250] shift=0.0025 S2  A_FR_FN     seed 50  goal      clr  0.44  t  16.1  inf 149  N 20.0  mpc   3.2 ms  err 0.42
[151/250] shift=0.0025 S2  FR_SAFE_3   seed  1  goal      clr  0.54  t  19.7  inf  58  N 22.5  mpc   4.5 ms  err 1.16
[152/250] shift=0.0025 S2  FR_SAFE_3   seed  2  goal      clr  1.12  t  15.2  inf  45  N 25.3  mpc   4.8 ms  err 0.38
[153/250] shift=0.0025 S2  FR_SAFE_3   seed  3  goal      clr  0.77  t  16.5  inf  49  N 25.7  mpc   5.2 ms  err 0.34
[154/250] shift=0.0025 S2  FR_SAFE_3   seed  4  goal      clr  0.56  t  17.2  inf  51  N 25.4  mpc   5.1 ms  err 0.36
[155/250] shift=0.0025 S2  FR_SAFE_3   seed  5  goal      clr  0.67  t  17.1  inf  51  N 25.6  mpc   5.1 ms  err 0.73
[156/250] shift=0.0025 S2  FR_SAFE_3   seed  6  goal      clr  0.67  t  16.4  inf  49  N 24.3  mpc   4.7 ms  err 0.56
[157/250] shift=0.0025 S2  FR_SAFE_3   seed  7  goal      clr  0.70  t  17.9  inf  53  N 23.3  mpc   4.7 ms  err 0.31
[158/250] shift=0.0025 S2  FR_SAFE_3   seed  8  goal      clr  0.50  t  16.2  inf  48  N 25.1  mpc   5.5 ms  err 0.61
[159/250] shift=0.0025 S2  FR_SAFE_3   seed  9  goal      clr  0.57  t  16.4  inf  49  N 25.8  mpc   5.4 ms  err 0.87
[160/250] shift=0.0025 S2  FR_SAFE_3   seed 10  goal      clr  0.81  t  21.6  inf  64  N 22.5  mpc   4.9 ms  err 0.32
[161/250] shift=0.0025 S2  FR_SAFE_3   seed 11  goal      clr  0.45  t  18.4  inf  55  N 24.8  mpc   5.5 ms  err 0.49
[162/250] shift=0.0025 S2  FR_SAFE_3   seed 12  goal      clr  0.67  t  17.5  inf  52  N 24.2  mpc   5.2 ms  err 0.36
[163/250] shift=0.0025 S2  FR_SAFE_3   seed 13  goal      clr  0.71  t  15.9  inf  47  N 25.0  mpc   5.4 ms  err 0.25
[164/250] shift=0.0025 S2  FR_SAFE_3   seed 14  goal      clr  1.34  t  17.4  inf  52  N 20.0  mpc   4.2 ms  err 0.75
[165/250] shift=0.0025 S2  FR_SAFE_3   seed 15  goal      clr  0.85  t  13.7  inf  41  N 24.8  mpc   5.3 ms  err 0.56
[166/250] shift=0.0025 S2  FR_SAFE_3   seed 16  goal      clr  0.41  t  17.6  inf  52  N 24.7  mpc   5.3 ms  err 0.68
[167/250] shift=0.0025 S2  FR_SAFE_3   seed 17  goal      clr  0.51  t  17.2  inf  51  N 24.0  mpc   4.9 ms  err 0.37
[168/250] shift=0.0025 S2  FR_SAFE_3   seed 18  goal      clr  0.66  t  15.0  inf  45  N 22.6  mpc   4.6 ms  err 0.69
[169/250] shift=0.0025 S2  FR_SAFE_3   seed 19  goal      clr  0.47  t  15.0  inf  45  N 25.1  mpc   5.6 ms  err 0.61
[170/250] shift=0.0025 S2  FR_SAFE_3   seed 20  goal      clr  0.81  t  15.3  inf  46  N 24.7  mpc   5.0 ms  err 0.50
[171/250] shift=0.0025 S2  FR_SAFE_3   seed 21  goal      clr  0.80  t  13.7  inf  41  N 24.8  mpc   5.0 ms  err 0.31
[172/250] shift=0.0025 S2  FR_SAFE_3   seed 22  goal      clr  0.55  t  15.5  inf  46  N 24.9  mpc   5.4 ms  err 0.42
[173/250] shift=0.0025 S2  FR_SAFE_3   seed 23  goal      clr  0.66  t  16.4  inf  49  N 25.3  mpc   5.2 ms  err 0.23
[174/250] shift=0.0025 S2  FR_SAFE_3   seed 24  goal      clr  0.66  t  17.4  inf  52  N 24.3  mpc   4.5 ms  err 0.58
[175/250] shift=0.0025 S2  FR_SAFE_3   seed 25  goal      clr  0.76  t  17.3  inf  51  N 24.6  mpc   4.7 ms  err 0.19
[176/250] shift=0.0025 S2  FR_SAFE_3   seed 26  goal      clr  0.58  t  15.6  inf  46  N 24.6  mpc   5.0 ms  err 0.29
[177/250] shift=0.0025 S2  FR_SAFE_3   seed 27  goal      clr  0.77  t  17.5  inf  52  N 25.1  mpc   5.0 ms  err 0.37
[178/250] shift=0.0025 S2  FR_SAFE_3   seed 28  goal      clr  0.60  t  18.4  inf  54  N 22.0  mpc   4.1 ms  err 0.26
[179/250] shift=0.0025 S2  FR_SAFE_3   seed 29  goal      clr  0.94  t  12.7  inf  38  N 25.5  mpc   4.8 ms  err 0.56
[180/250] shift=0.0025 S2  FR_SAFE_3   seed 30  goal      clr  0.72  t  17.9  inf  53  N 23.9  mpc   4.7 ms  err 0.42
[181/250] shift=0.0025 S2  FR_SAFE_3   seed 31  goal      clr  0.39  t  18.9  inf  56  N 22.9  mpc   4.8 ms  err 0.73
[182/250] shift=0.0025 S2  FR_SAFE_3   seed 32  goal      clr  1.07  t  20.6  inf  61  N 23.2  mpc   4.4 ms  err 0.61
[183/250] shift=0.0025 S2  FR_SAFE_3   seed 33  goal      clr  0.78  t  13.8  inf  41  N 24.8  mpc   4.8 ms  err 0.53
[184/250] shift=0.0025 S2  FR_SAFE_3   seed 34  goal      clr  0.59  t  16.4  inf  49  N 24.5  mpc   4.7 ms  err 0.47
[185/250] shift=0.0025 S2  FR_SAFE_3   seed 35  goal      clr  0.70  t  13.9  inf  41  N 24.9  mpc   4.6 ms  err 0.68
[186/250] shift=0.0025 S2  FR_SAFE_3   seed 36  goal      clr  1.14  t  15.1  inf  45  N 23.7  mpc   4.4 ms  err 0.75
[187/250] shift=0.0025 S2  FR_SAFE_3   seed 37  goal      clr  0.61  t  16.2  inf  48  N 26.0  mpc   5.1 ms  err 0.34
[188/250] shift=0.0025 S2  FR_SAFE_3   seed 38  goal      clr  0.27  t  19.4  inf  57  N 24.4  mpc   5.0 ms  err 0.52
[189/250] shift=0.0025 S2  FR_SAFE_3   seed 39  goal      clr  0.77  t  14.2  inf  42  N 24.6  mpc   4.6 ms  err 0.65
[190/250] shift=0.0025 S2  FR_SAFE_3   seed 40  goal      clr  0.76  t  19.6  inf  58  N 23.2  mpc   4.2 ms  err 0.27
[191/250] shift=0.0025 S2  FR_SAFE_3   seed 41  goal      clr  0.49  t  15.0  inf  45  N 25.4  mpc   4.8 ms  err 0.42
[192/250] shift=0.0025 S2  FR_SAFE_3   seed 42  goal      clr  0.54  t  15.2  inf  45  N 24.4  mpc   4.7 ms  err 0.37
[193/250] shift=0.0025 S2  FR_SAFE_3   seed 43  goal      clr  0.78  t  16.7  inf  50  N 25.0  mpc   4.6 ms  err 0.61
[194/250] shift=0.0025 S2  FR_SAFE_3   seed 44  goal      clr  0.74  t  14.1  inf  42  N 25.2  mpc   4.6 ms  err 0.51
[195/250] shift=0.0025 S2  FR_SAFE_3   seed 45  goal      clr  1.39  t  15.8  inf  47  N 22.7  mpc   4.0 ms  err 0.57
[196/250] shift=0.0025 S2  FR_SAFE_3   seed 46  goal      clr  1.04  t  15.1  inf  45  N 25.5  mpc   4.6 ms  err 0.51
[197/250] shift=0.0025 S2  FR_SAFE_3   seed 47  goal      clr  0.52  t  15.2  inf  45  N 24.8  mpc   4.7 ms  err 0.37
[198/250] shift=0.0025 S2  FR_SAFE_3   seed 48  goal      clr  0.55  t  19.0  inf  56  N 24.4  mpc   4.3 ms  err 0.88
[199/250] shift=0.0025 S2  FR_SAFE_3   seed 49  goal      clr  0.68  t  13.9  inf  41  N 25.9  mpc   4.7 ms  err 0.61
[200/250] shift=0.0025 S2  FR_SAFE_3   seed 50  goal      clr  0.55  t  14.1  inf  42  N 25.2  mpc   4.6 ms  err 0.42
[201/250] shift=0.0025 S2  FR_SAFE_10  seed  1  goal      clr  0.67  t  17.0  inf 157  N 21.4  mpc   4.0 ms  err 0.60
[202/250] shift=0.0025 S2  FR_SAFE_10  seed  2  goal      clr  0.64  t  15.9  inf 149  N 25.0  mpc   4.7 ms  err 0.35
[203/250] shift=0.0025 S2  FR_SAFE_10  seed  3  goal      clr  0.62  t  16.6  inf 154  N 25.5  mpc   4.9 ms  err 0.31
[204/250] shift=0.0025 S2  FR_SAFE_10  seed  4  goal      clr  0.72  t  18.0  inf 168  N 24.5  mpc   4.7 ms  err 0.49
[205/250] shift=0.0025 S2  FR_SAFE_10  seed  5  goal      clr  0.66  t  16.4  inf 151  N 23.3  mpc   4.4 ms  err 0.71
[206/250] shift=0.0025 S2  FR_SAFE_10  seed  6  goal      clr  0.65  t  14.6  inf 136  N 25.9  mpc   4.9 ms  err 0.49
[207/250] shift=0.0025 S2  FR_SAFE_10  seed  7  goal      clr  0.69  t  14.2  inf 133  N 24.6  mpc   4.6 ms  err 0.48
[208/250] shift=0.0025 S2  FR_SAFE_10  seed  8  goal      clr  0.53  t  14.8  inf 137  N 25.3  mpc   4.9 ms  err 0.38
[209/250] shift=0.0025 S2  FR_SAFE_10  seed  9  goal      clr  0.71  t  22.5  inf 209  N 23.5  mpc   4.7 ms  err 0.83
[210/250] shift=0.0025 S2  FR_SAFE_10  seed 10  goal      clr  0.50  t  17.4  inf 162  N 24.1  mpc   4.8 ms  err 0.38
[211/250] shift=0.0025 S2  FR_SAFE_10  seed 11  goal      clr  0.60  t  16.0  inf 150  N 25.7  mpc   4.7 ms  err 0.31
[212/250] shift=0.0025 S2  FR_SAFE_10  seed 12  goal      clr  0.57  t  16.9  inf 157  N 24.4  mpc   4.4 ms  err 0.34
[213/250] shift=0.0025 S2  FR_SAFE_10  seed 13  goal      clr  0.60  t  15.4  inf 141  N 25.4  mpc   4.7 ms  err 0.29
[214/250] shift=0.0025 S2  FR_SAFE_10  seed 14  goal      clr  0.60  t  17.8  inf 163  N 19.0  mpc   3.1 ms  err 0.36
[215/250] shift=0.0025 S2  FR_SAFE_10  seed 15  goal      clr  0.74  t  13.9  inf 129  N 26.0  mpc   4.8 ms  err 0.65
[216/250] shift=0.0025 S2  FR_SAFE_10  seed 16  goal      clr  0.65  t  14.7  inf 136  N 25.3  mpc   4.6 ms  err 0.45
[217/250] shift=0.0025 S2  FR_SAFE_10  seed 17  goal      clr  0.61  t  14.9  inf 140  N 24.9  mpc   4.5 ms  err 0.29
[218/250] shift=0.0025 S2  FR_SAFE_10  seed 18  goal      clr  0.53  t  16.1  inf 149  N 25.3  mpc   4.7 ms  err 0.77
[219/250] shift=0.0025 S2  FR_SAFE_10  seed 19  goal      clr  0.49  t  16.6  inf 152  N 23.9  mpc   4.3 ms  err 0.32
[220/250] shift=0.0025 S2  FR_SAFE_10  seed 20  goal      clr  0.67  t  15.6  inf 146  N 24.9  mpc   4.5 ms  err 0.53
[221/250] shift=0.0025 S2  FR_SAFE_10  seed 21  goal      clr  0.51  t  15.3  inf 143  N 24.3  mpc   4.5 ms  err 0.64
[222/250] shift=0.0025 S2  FR_SAFE_10  seed 22  goal      clr  0.52  t  15.6  inf 146  N 23.2  mpc   4.1 ms  err 0.54
[223/250] shift=0.0025 S2  FR_SAFE_10  seed 23  goal      clr  0.61  t  15.5  inf 146  N 25.5  mpc   4.7 ms  err 0.35
[224/250] shift=0.0025 S2  FR_SAFE_10  seed 24  goal      clr  0.78  t  15.7  inf 145  N 26.1  mpc   5.1 ms  err 0.45
[225/250] shift=0.0025 S2  FR_SAFE_10  seed 25  goal      clr  0.52  t  23.4  inf 219  N 22.7  mpc   4.4 ms  err 0.70
[226/250] shift=0.0025 S2  FR_SAFE_10  seed 26  goal      clr  0.39  t  16.9  inf 157  N 23.8  mpc   4.6 ms  err 0.59
[227/250] shift=0.0025 S2  FR_SAFE_10  seed 27  goal      clr  0.38  t  18.3  inf 171  N 26.1  mpc   5.2 ms  err 0.56
[228/250] shift=0.0025 S2  FR_SAFE_10  seed 28  goal      clr  0.59  t  16.2  inf 149  N 24.5  mpc   4.4 ms  err 0.34
[229/250] shift=0.0025 S2  FR_SAFE_10  seed 29  goal      clr  0.85  t  13.9  inf 127  N 24.5  mpc   4.3 ms  err 0.60
[230/250] shift=0.0025 S2  FR_SAFE_10  seed 30  goal      clr  0.50  t  18.0  inf 166  N 24.7  mpc   4.8 ms  err 0.36
[231/250] shift=0.0025 S2  FR_SAFE_10  seed 31  goal      clr  0.73  t  15.5  inf 143  N 25.2  mpc   4.5 ms  err 0.29
[232/250] shift=0.0025 S2  FR_SAFE_10  seed 32  goal      clr  0.43  t  16.1  inf 151  N 25.2  mpc   4.7 ms  err 0.43
[233/250] shift=0.0025 S2  FR_SAFE_10  seed 33  goal      clr  0.77  t  14.2  inf 132  N 24.9  mpc   4.6 ms  err 0.57
[234/250] shift=0.0025 S2  FR_SAFE_10  seed 34  goal      clr  0.48  t  15.9  inf 151  N 23.6  mpc   4.5 ms  err 0.85
[235/250] shift=0.0025 S2  FR_SAFE_10  seed 35  goal      clr  0.70  t  14.6  inf 138  N 25.0  mpc   4.5 ms  err 0.60
[236/250] shift=0.0025 S2  FR_SAFE_10  seed 36  goal      clr  0.46  t  15.8  inf 146  N 21.5  mpc   4.0 ms  err 1.11
[237/250] shift=0.0025 S2  FR_SAFE_10  seed 37  goal      clr  0.61  t  15.4  inf 144  N 25.9  mpc   4.7 ms  err 0.24
[238/250] shift=0.0025 S2  FR_SAFE_10  seed 38  goal      clr  0.83  t  22.8  inf 211  N 23.4  mpc   4.3 ms  err 0.45
[239/250] shift=0.0025 S2  FR_SAFE_10  seed 39  goal      clr  0.72  t  13.8  inf 131  N 24.3  mpc   4.3 ms  err 0.80
[240/250] shift=0.0025 S2  FR_SAFE_10  seed 40  goal      clr  0.61  t  15.6  inf 143  N 25.8  mpc   4.7 ms  err 0.38
[241/250] shift=0.0025 S2  FR_SAFE_10  seed 41  goal      clr  0.63  t  18.9  inf 176  N 25.3  mpc   4.8 ms  err 0.82
[242/250] shift=0.0025 S2  FR_SAFE_10  seed 42  goal      clr  0.51  t  16.9  inf 160  N 24.5  mpc   4.4 ms  err 0.56
[243/250] shift=0.0025 S2  FR_SAFE_10  seed 43  goal      clr  0.81  t  19.8  inf 184  N 23.1  mpc   4.3 ms  err 0.50
[244/250] shift=0.0025 S2  FR_SAFE_10  seed 44  goal      clr  0.71  t  14.0  inf 131  N 24.7  mpc   4.5 ms  err 0.55
[245/250] shift=0.0025 S2  FR_SAFE_10  seed 45  goal      clr  0.60  t  15.9  inf 148  N 24.5  mpc   4.4 ms  err 0.25
[246/250] shift=0.0025 S2  FR_SAFE_10  seed 46  goal      clr  0.59  t  14.2  inf 133  N 24.7  mpc   4.4 ms  err 0.47
[247/250] shift=0.0025 S2  FR_SAFE_10  seed 47  goal      clr  0.56  t  15.8  inf 147  N 25.3  mpc   4.8 ms  err 0.61
[248/250] shift=0.0025 S2  FR_SAFE_10  seed 48  goal      clr  0.79  t  15.8  inf 146  N 25.0  mpc   4.6 ms  err 0.49
[249/250] shift=0.0025 S2  FR_SAFE_10  seed 49  goal      clr  0.82  t  13.9  inf 127  N 25.2  mpc   4.5 ms  err 0.38
[250/250] shift=0.0025 S2  FR_SAFE_10  seed 50  goal      clr  0.52  t  15.2  inf 141  N 23.9  mpc   4.3 ms  err 0.47
