[  1/250] shift=0.005 S1  E_DART      seed  1  goal      clr  0.59  t  15.0  inf  90  N 25.5  mpc   5.3 ms  err 0.23
[  2/250] shift=0.005 S1  E_DART      seed  2  goal      clr  0.48  t  14.7  inf  80  N 25.7  mpc   4.3 ms  err 0.24
[  3/250] shift=0.005 S1  E_DART      seed  3  goal      clr  0.43  t  20.6  inf 101  N 25.9  mpc   4.5 ms  err 0.25
[  4/250] shift=0.005 S1  E_DART      seed  4  goal      clr  0.60  t  14.5  inf  73  N 25.7  mpc   3.8 ms  err 0.22
[  5/250] shift=0.005 S1  E_DART      seed  5  goal      clr  0.58  t  14.4  inf  78  N 25.2  mpc   3.6 ms  err 0.25
[  6/250] shift=0.005 S1  E_DART      seed  6  goal      clr  0.64  t  14.0  inf  70  N 25.6  mpc   3.5 ms  err 0.38
[  7/250] shift=0.005 S1  E_DART      seed  7  goal      clr  0.51  t  15.2  inf  80  N 25.7  mpc   3.7 ms  err 0.41
[  8/250] shift=0.005 S1  E_DART      seed  8  goal      clr  0.55  t  20.4  inf 118  N 23.7  mpc   3.5 ms  err 0.21
[  9/250] shift=0.005 S1  E_DART      seed  9  goal      clr  0.64  t  14.2  inf  72  N 25.8  mpc   3.7 ms  err 0.25
[ 10/250] shift=0.005 S1  E_DART      seed 10  goal      clr  0.49  t  15.9  inf  74  N 25.3  mpc   3.8 ms  err 0.15
[ 11/250] shift=0.005 S1  E_DART      seed 11  goal      clr  0.65  t  14.9  inf  73  N 25.7  mpc   3.6 ms  err 0.25
[ 12/250] shift=0.005 S1  E_DART      seed 12  goal      clr  0.58  t  14.7  inf  82  N 25.9  mpc   3.6 ms  err 0.17
[ 13/250] shift=0.005 S1  E_DART      seed 13  goal      clr  0.63  t  14.2  inf  77  N 26.0  mpc   3.7 ms  err 0.17
[ 14/250] shift=0.005 S1  E_DART      seed 14  goal      clr  0.55  t  15.1  inf  77  N 26.0  mpc   3.8 ms  err 0.27
[ 15/250] shift=0.005 S1  E_DART      seed 15  goal      clr  0.61  t  18.8  inf 101  N 25.4  mpc   4.0 ms  err 0.46
[ 16/250] shift=0.005 S1  E_DART      seed 16  goal      clr  0.72  t  14.1  inf  67  N 25.3  mpc   3.5 ms  err 0.25
[ 17/250] shift=0.005 S1  E_DART      seed 17  goal      clr  0.65  t  14.1  inf  71  N 25.1  mpc   3.5 ms  err 0.17
[ 18/250] shift=0.005 S1  E_DART      seed 18  goal      clr  0.66  t  15.8  inf  87  N 25.7  mpc   4.0 ms  err 0.33
[ 19/250] shift=0.005 S1  E_DART      seed 19  timeout   clr  0.47  t  40.0  inf 216  N 17.6  mpc   2.7 ms  err 0.50
[ 20/250] shift=0.005 S1  E_DART      seed 20  goal      clr  0.59  t  14.5  inf  74  N 25.1  mpc   3.4 ms  err 0.42
[ 21/250] shift=0.005 S1  E_DART      seed 21  goal      clr  0.60  t  14.7  inf  67  N 25.9  mpc   3.8 ms  err 0.16
[ 22/250] shift=0.005 S1  E_DART      seed 22  goal      clr  0.61  t  14.2  inf  73  N 25.7  mpc   3.5 ms  err 0.34
[ 23/250] shift=0.005 S1  E_DART      seed 23  goal      clr  0.66  t  14.6  inf  74  N 25.1  mpc   3.4 ms  err 0.23
[ 24/250] shift=0.005 S1  E_DART      seed 24  goal      clr  0.60  t  14.1  inf  71  N 25.3  mpc   3.3 ms  err 0.32
[ 25/250] shift=0.005 S1  E_DART      seed 25  goal      clr  0.56  t  14.4  inf  75  N 25.8  mpc   3.6 ms  err 0.24
[ 26/250] shift=0.005 S1  E_DART      seed 26  goal      clr  0.58  t  14.2  inf  71  N 25.5  mpc   3.6 ms  err 0.28
[ 27/250] shift=0.005 S1  E_DART      seed 27  goal      clr  0.58  t  14.2  inf  76  N 26.0  mpc   3.6 ms  err 0.15
[ 28/250] shift=0.005 S1  E_DART      seed 28  goal      clr  0.57  t  14.1  inf  71  N 25.9  mpc   3.6 ms  err 0.31
[ 29/250] shift=0.005 S1  E_DART      seed 29  goal      clr  0.58  t  15.3  inf  81  N 26.2  mpc   3.9 ms  err 0.22
[ 30/250] shift=0.005 S1  E_DART      seed 30  goal      clr  0.46  t  20.6  inf  83  N 23.7  mpc   3.5 ms  err 0.34
[ 31/250] shift=0.005 S1  E_DART      seed 31  goal      clr  0.55  t  14.9  inf  79  N 25.7  mpc   3.8 ms  err 0.17
[ 32/250] shift=0.005 S1  E_DART      seed 32  goal      clr  0.58  t  14.9  inf  80  N 25.7  mpc   3.8 ms  err 0.16
[ 33/250] shift=0.005 S1  E_DART      seed 33  goal      clr  0.64  t  14.4  inf  74  N 25.5  mpc   3.9 ms  err 0.19
[ 34/250] shift=0.005 S1  E_DART      seed 34  goal      clr  0.52  t  20.2  inf  86  N 23.0  mpc   3.5 ms  err 0.29
[ 35/250] shift=0.005 S1  E_DART      seed 35  goal      clr  0.62  t  14.6  inf  78  N 26.0  mpc   3.8 ms  err 0.35
[ 36/250] shift=0.005 S1  E_DART      seed 36  goal      clr  0.56  t  14.7  inf  81  N 25.8  mpc   3.7 ms  err 0.31
[ 37/250] shift=0.005 S1  E_DART      seed 37  goal      clr  0.55  t  14.5  inf  68  N 25.3  mpc   3.8 ms  err 0.28
[ 38/250] shift=0.005 S1  E_DART      seed 38  goal      clr  0.52  t  16.5  inf  92  N 26.1  mpc   4.1 ms  err 0.27
[ 39/250] shift=0.005 S1  E_DART      seed 39  goal      clr  0.64  t  18.7  inf  86  N 24.3  mpc   3.4 ms  err 0.13
[ 40/250] shift=0.005 S1  E_DART      seed 40  goal      clr  0.50  t  15.0  inf  79  N 25.5  mpc   3.6 ms  err 0.22
[ 41/250] shift=0.005 S1  E_DART      seed 41  goal      clr  0.60  t  17.1  inf  75  N 24.5  mpc   3.5 ms  err 0.19
[ 42/250] shift=0.005 S1  E_DART      seed 42  goal      clr  0.68  t  15.0  inf  77  N 25.9  mpc   3.8 ms  err 0.25
[ 43/250] shift=0.005 S1  E_DART      seed 43  goal      clr  0.53  t  15.1  inf  65  N 25.9  mpc   3.7 ms  err 0.28
[ 44/250] shift=0.005 S1  E_DART      seed 44  goal      clr  0.69  t  14.3  inf  64  N 25.2  mpc   3.6 ms  err 0.19
[ 45/250] shift=0.005 S1  E_DART      seed 45  goal      clr  0.50  t  15.9  inf  88  N 26.0  mpc   4.2 ms  err 0.31
[ 46/250] shift=0.005 S1  E_DART      seed 46  goal      clr  0.63  t  14.2  inf  80  N 25.9  mpc   3.8 ms  err 0.23
[ 47/250] shift=0.005 S1  E_DART      seed 47  goal      clr  0.56  t  15.1  inf  68  N 25.1  mpc   3.6 ms  err 0.13
[ 48/250] shift=0.005 S1  E_DART      seed 48  goal      clr  0.52  t  15.8  inf  89  N 25.8  mpc   3.8 ms  err 0.40
[ 49/250] shift=0.005 S1  E_DART      seed 49  goal      clr  0.59  t  13.8  inf  73  N 25.7  mpc   3.6 ms  err 0.22
[ 50/250] shift=0.005 S1  E_DART      seed 50  goal      clr  0.57  t  14.5  inf  84  N 25.9  mpc   3.7 ms  err 0.17
[ 51/250] shift=0.005 S1  Z_ZHUYI     seed  1  goal      clr  0.46  t  14.7  inf  51  N 26.1  mpc   3.9 ms  err 0.29
[ 52/250] shift=0.005 S1  Z_ZHUYI     seed  2  goal      clr  0.54  t  19.3  inf  54  N 24.5  mpc   3.7 ms  err 0.30
[ 53/250] shift=0.005 S1  Z_ZHUYI     seed  3  goal      clr  0.50  t  18.2  inf  63  N 25.7  mpc   4.1 ms  err 0.31
[ 54/250] shift=0.005 S1  Z_ZHUYI     seed  4  goal      clr  0.56  t  14.9  inf  47  N 26.0  mpc   3.9 ms  err 0.34
[ 55/250] shift=0.005 S1  Z_ZHUYI     seed  5  goal      clr  0.30  t  17.3  inf  49  N 25.1  mpc   3.6 ms  err 0.54
[ 56/250] shift=0.005 S1  Z_ZHUYI     seed  6  goal      clr  0.66  t  14.1  inf  53  N 25.8  mpc   3.6 ms  err 0.33
[ 57/250] shift=0.005 S1  Z_ZHUYI     seed  7  goal      clr  0.48  t  20.8  inf  57  N 25.3  mpc   3.6 ms  err 0.37
[ 58/250] shift=0.005 S1  Z_ZHUYI     seed  8  goal      clr  0.55  t  21.1  inf  54  N 23.3  mpc   3.3 ms  err 0.25
[ 59/250] shift=0.005 S1  Z_ZHUYI     seed  9  goal      clr  0.45  t  23.8  inf  54  N 23.8  mpc   3.4 ms  err 0.42
[ 60/250] shift=0.005 S1  Z_ZHUYI     seed 10  timeout   clr  0.44  t  40.0  inf  89  N 20.5  mpc   3.3 ms  err 0.35
[ 61/250] shift=0.005 S1  Z_ZHUYI     seed 11  goal      clr  0.54  t  22.7  inf  58  N 24.0  mpc   3.5 ms  err 0.45
[ 62/250] shift=0.005 S1  Z_ZHUYI     seed 12  goal      clr  0.56  t  16.9  inf  50  N 26.3  mpc   3.9 ms  err 0.46
[ 63/250] shift=0.005 S1  Z_ZHUYI     seed 13  goal      clr  0.40  t  15.6  inf  51  N 26.1  mpc   3.9 ms  err 0.25
[ 64/250] shift=0.005 S1  Z_ZHUYI     seed 14  goal      clr  0.67  t  21.0  inf  55  N 24.2  mpc   3.4 ms  err 0.34
[ 65/250] shift=0.005 S1  Z_ZHUYI     seed 15  goal      clr  0.55  t  15.3  inf  47  N 27.0  mpc   4.0 ms  err 0.43
[ 66/250] shift=0.005 S1  Z_ZHUYI     seed 16  goal      clr  0.66  t  14.7  inf  36  N 25.8  mpc   3.6 ms  err 0.20
[ 67/250] shift=0.005 S1  Z_ZHUYI     seed 17  goal      clr  0.59  t  19.9  inf  49  N 24.3  mpc   3.5 ms  err 0.34
[ 68/250] shift=0.005 S1  Z_ZHUYI     seed 18  goal      clr  0.65  t  14.4  inf  57  N 25.9  mpc   3.8 ms  err 0.29
[ 69/250] shift=0.005 S1  Z_ZHUYI     seed 19  goal      clr  0.47  t  20.5  inf  59  N 24.4  mpc   3.8 ms  err 0.33
[ 70/250] shift=0.005 S1  Z_ZHUYI     seed 20  goal      clr  0.70  t  13.9  inf  42  N 25.4  mpc   3.7 ms  err 0.35
[ 71/250] shift=0.005 S1  Z_ZHUYI     seed 21  goal      clr  0.57  t  17.9  inf  53  N 25.4  mpc   3.7 ms  err 0.21
[ 72/250] shift=0.005 S1  Z_ZHUYI     seed 22  goal      clr  0.59  t  14.8  inf  46  N 25.7  mpc   3.6 ms  err 0.31
[ 73/250] shift=0.005 S1  Z_ZHUYI     seed 23  goal      clr  0.65  t  19.1  inf  56  N 24.2  mpc   3.4 ms  err 0.25
[ 74/250] shift=0.005 S1  Z_ZHUYI     seed 24  timeout   clr  0.44  t  40.0  inf  67  N 18.8  mpc   2.9 ms  err 0.40
[ 75/250] shift=0.005 S1  Z_ZHUYI     seed 25  goal      clr  0.61  t  14.2  inf  58  N 26.0  mpc   3.8 ms  err 0.20
[ 76/250] shift=0.005 S1  Z_ZHUYI     seed 26  goal      clr  0.48  t  22.9  inf  55  N 24.8  mpc   3.8 ms  err 0.31
[ 77/250] shift=0.005 S1  Z_ZHUYI     seed 27  goal      clr  0.58  t  14.1  inf  59  N 26.1  mpc   3.7 ms  err 0.13
[ 78/250] shift=0.005 S1  Z_ZHUYI     seed 28  goal      clr  0.57  t  13.9  inf  50  N 26.2  mpc   3.8 ms  err 0.31
[ 79/250] shift=0.005 S1  Z_ZHUYI     seed 29  goal      clr  0.56  t  20.4  inf  53  N 24.5  mpc   3.7 ms  err 0.24
[ 80/250] shift=0.005 S1  Z_ZHUYI     seed 30  goal      clr  0.62  t  18.9  inf  44  N 24.3  mpc   3.6 ms  err 0.31
[ 81/250] shift=0.005 S1  Z_ZHUYI     seed 31  goal      clr  0.56  t  15.0  inf  50  N 25.7  mpc   3.7 ms  err 0.16
[ 82/250] shift=0.005 S1  Z_ZHUYI     seed 32  goal      clr  0.58  t  14.6  inf  54  N 26.1  mpc   3.8 ms  err 0.27
[ 83/250] shift=0.005 S1  Z_ZHUYI     seed 33  goal      clr  0.52  t  15.2  inf  46  N 25.7  mpc   3.6 ms  err 0.24
[ 84/250] shift=0.005 S1  Z_ZHUYI     seed 34  timeout   clr  0.67  t  40.0  inf  53  N 14.6  mpc   2.0 ms  err 0.54
[ 85/250] shift=0.005 S1  Z_ZHUYI     seed 35  goal      clr  0.65  t  15.2  inf  52  N 26.2  mpc   3.7 ms  err 0.32
[ 86/250] shift=0.005 S1  Z_ZHUYI     seed 36  goal      clr  0.60  t  19.4  inf  55  N 24.9  mpc   3.5 ms  err 0.31
[ 87/250] shift=0.005 S1  Z_ZHUYI     seed 37  goal      clr  0.53  t  20.1  inf  53  N 24.0  mpc   3.5 ms  err 0.19
[ 88/250] shift=0.005 S1  Z_ZHUYI     seed 38  goal      clr  0.47  t  17.9  inf  53  N 25.6  mpc   3.9 ms  err 0.30
[ 89/250] shift=0.005 S1  Z_ZHUYI     seed 39  goal      clr  0.52  t  14.7  inf  69  N 26.1  mpc   4.0 ms  err 0.18
[ 90/250] shift=0.005 S1  Z_ZHUYI     seed 40  timeout   clr  0.53  t  40.0  inf 131  N 15.9  mpc   2.3 ms  err 0.44
[ 91/250] shift=0.005 S1  Z_ZHUYI     seed 41  timeout   clr  0.61  t  40.0  inf  47  N 17.0  mpc   2.6 ms  err 0.90
[ 92/250] shift=0.005 S1  Z_ZHUYI     seed 42  goal      clr  0.64  t  21.0  inf  58  N 23.8  mpc   3.4 ms  err 0.17
[ 93/250] shift=0.005 S1  Z_ZHUYI     seed 43  goal      clr  0.42  t  20.7  inf  55  N 25.2  mpc   3.8 ms  err 0.31
[ 94/250] shift=0.005 S1  Z_ZHUYI     seed 44  goal      clr  0.60  t  19.1  inf  51  N 24.2  mpc   3.6 ms  err 0.22
[ 95/250] shift=0.005 S1  Z_ZHUYI     seed 45  goal      clr  0.48  t  31.7  inf  71  N 21.9  mpc   3.5 ms  err 0.34
[ 96/250] shift=0.005 S1  Z_ZHUYI     seed 46  goal      clr  0.59  t  14.2  inf  62  N 25.9  mpc   4.1 ms  err 0.19
[ 97/250] shift=0.005 S1  Z_ZHUYI     seed 47  goal      clr  0.52  t  20.6  inf  55  N 25.0  mpc   3.8 ms  err 0.27
[ 98/250] shift=0.005 S1  Z_ZHUYI     seed 48  goal      clr  0.54  t  15.4  inf  47  N 26.2  mpc   4.1 ms  err 0.33
[ 99/250] shift=0.005 S1  Z_ZHUYI     seed 49  goal      clr  0.55  t  13.8  inf  45  N 25.9  mpc   3.6 ms  err 0.27
[100/250] shift=0.005 S1  Z_ZHUYI     seed 50  goal      clr  0.53  t  21.8  inf  49  N 25.5  mpc   3.9 ms  err 0.37
[101/250] shift=0.005 S1  A_FR_FN     seed  1  goal      clr  0.45  t  13.6  inf 126  N 20.0  mpc   2.4 ms  err 0.18
[102/250] shift=0.005 S1  A_FR_FN     seed  2  goal      clr  0.35  t  13.6  inf 128  N 20.0  mpc   2.3 ms  err 0.26
[103/250] shift=0.005 S1  A_FR_FN     seed  3  goal      clr  0.45  t  14.3  inf 133  N 20.0  mpc   2.6 ms  err 0.18
[104/250] shift=0.005 S1  A_FR_FN     seed  4  goal      clr  0.51  t  13.6  inf 128  N 20.0  mpc   2.3 ms  err 0.16
[105/250] shift=0.005 S1  A_FR_FN     seed  5  goal      clr  0.44  t  14.2  inf 132  N 20.0  mpc   2.5 ms  err 0.29
[106/250] shift=0.005 S1  A_FR_FN     seed  6  goal      clr  0.47  t  13.4  inf 125  N 20.0  mpc   2.6 ms  err 0.20
[107/250] shift=0.005 S1  A_FR_FN     seed  7  goal      clr  0.28  t  13.3  inf 125  N 20.0  mpc   2.3 ms  err 0.34
[108/250] shift=0.005 S1  A_FR_FN     seed  8  goal      clr  0.48  t  13.9  inf 128  N 20.0  mpc   2.5 ms  err 0.13
[109/250] shift=0.005 S1  A_FR_FN     seed  9  goal      clr  0.44  t  13.7  inf 128  N 20.0  mpc   2.5 ms  err 0.17
[110/250] shift=0.005 S1  A_FR_FN     seed 10  goal      clr  0.29  t  13.8  inf 129  N 20.0  mpc   2.4 ms  err 0.43
[111/250] shift=0.005 S1  A_FR_FN     seed 11  goal      clr  0.46  t  13.4  inf 125  N 20.0  mpc   2.3 ms  err 0.21
[112/250] shift=0.005 S1  A_FR_FN     seed 12  goal      clr  0.39  t  13.6  inf 126  N 20.0  mpc   2.4 ms  err 0.17
[113/250] shift=0.005 S1  A_FR_FN     seed 13  goal      clr  0.46  t  13.6  inf 124  N 20.0  mpc   2.4 ms  err 0.13
[114/250] shift=0.005 S1  A_FR_FN     seed 14  goal      clr  0.38  t  14.1  inf 129  N 20.0  mpc   2.4 ms  err 0.29
[115/250] shift=0.005 S1  A_FR_FN     seed 15  goal      clr  0.47  t  14.2  inf 131  N 20.0  mpc   2.4 ms  err 0.18
[116/250] shift=0.005 S1  A_FR_FN     seed 16  goal      clr  0.47  t  13.3  inf 124  N 20.0  mpc   2.2 ms  err 0.24
[117/250] shift=0.005 S1  A_FR_FN     seed 17  goal      clr  0.49  t  13.5  inf 127  N 20.0  mpc   2.3 ms  err 0.14
[118/250] shift=0.005 S1  A_FR_FN     seed 18  goal      clr  0.41  t  13.8  inf 127  N 20.0  mpc   2.4 ms  err 0.20
[119/250] shift=0.005 S1  A_FR_FN     seed 19  goal      clr  0.41  t  13.9  inf 128  N 20.0  mpc   2.5 ms  err 0.24
[120/250] shift=0.005 S1  A_FR_FN     seed 20  goal      clr  0.28  t  13.7  inf 128  N 20.0  mpc   2.3 ms  err 0.31
[121/250] shift=0.005 S1  A_FR_FN     seed 21  goal      clr  0.52  t  13.5  inf 127  N 20.0  mpc   2.3 ms  err 0.14
[122/250] shift=0.005 S1  A_FR_FN     seed 22  goal      clr  0.48  t  13.4  inf 126  N 20.0  mpc   2.2 ms  err 0.23
[123/250] shift=0.005 S1  A_FR_FN     seed 23  goal      clr  0.47  t  13.4  inf 126  N 20.0  mpc   2.2 ms  err 0.34
[124/250] shift=0.005 S1  A_FR_FN     seed 24  goal      clr  0.50  t  13.3  inf 123  N 20.0  mpc   2.2 ms  err 0.27
[125/250] shift=0.005 S1  A_FR_FN     seed 25  goal      clr  0.43  t  13.5  inf 128  N 20.0  mpc   2.2 ms  err 0.23
[126/250] shift=0.005 S1  A_FR_FN     seed 26  goal      clr  0.38  t  13.7  inf 126  N 20.0  mpc   2.4 ms  err 0.21
[127/250] shift=0.005 S1  A_FR_FN     seed 27  goal      clr  0.42  t  13.7  inf 127  N 20.0  mpc   2.4 ms  err 0.11
[128/250] shift=0.005 S1  A_FR_FN     seed 28  goal      clr  0.40  t  13.5  inf 124  N 20.0  mpc   2.3 ms  err 0.26
[129/250] shift=0.005 S1  A_FR_FN     seed 29  goal      clr  0.32  t  13.9  inf 127  N 20.0  mpc   2.4 ms  err 0.16
[130/250] shift=0.005 S1  A_FR_FN     seed 30  goal      clr  0.57  t  13.5  inf 125  N 20.0  mpc   2.2 ms  err 0.25
[131/250] shift=0.005 S1  A_FR_FN     seed 31  goal      clr  0.45  t  13.7  inf 126  N 20.0  mpc   2.4 ms  err 0.22
[132/250] shift=0.005 S1  A_FR_FN     seed 32  goal      clr  0.43  t  14.0  inf 130  N 20.0  mpc   2.6 ms  err 0.25
[133/250] shift=0.005 S1  A_FR_FN     seed 33  goal      clr  0.51  t  13.3  inf 123  N 20.0  mpc   2.4 ms  err 0.17
[134/250] shift=0.005 S1  A_FR_FN     seed 34  goal      clr  0.38  t  13.6  inf 129  N 20.0  mpc   2.4 ms  err 0.26
[135/250] shift=0.005 S1  A_FR_FN     seed 35  goal      clr  0.42  t  13.9  inf 132  N 20.0  mpc   2.6 ms  err 0.22
[136/250] shift=0.005 S1  A_FR_FN     seed 36  goal      clr  0.45  t  13.4  inf 124  N 20.0  mpc   2.3 ms  err 0.30
[137/250] shift=0.005 S1  A_FR_FN     seed 37  goal      clr  0.38  t  13.9  inf 130  N 20.0  mpc   2.5 ms  err 0.19
[138/250] shift=0.005 S1  A_FR_FN     seed 38  goal      clr  0.48  t  13.9  inf 130  N 20.0  mpc   2.4 ms  err 0.18
[139/250] shift=0.005 S1  A_FR_FN     seed 39  goal      clr  0.37  t  24.2  inf 227  N 20.0  mpc   2.7 ms  err 0.23
[140/250] shift=0.005 S1  A_FR_FN     seed 40  goal      clr  0.41  t  13.4  inf 124  N 20.0  mpc   2.3 ms  err 0.29
[141/250] shift=0.005 S1  A_FR_FN     seed 41  goal      clr  0.28  t  14.0  inf 130  N 20.0  mpc   2.4 ms  err 0.19
[142/250] shift=0.005 S1  A_FR_FN     seed 42  goal      clr  0.28  t  13.8  inf 132  N 20.0  mpc   2.3 ms  err 0.23
[143/250] shift=0.005 S1  A_FR_FN     seed 43  goal      clr  0.34  t  14.4  inf 134  N 20.0  mpc   2.4 ms  err 0.25
[144/250] shift=0.005 S1  A_FR_FN     seed 44  goal      clr  0.43  t  13.3  inf 125  N 20.0  mpc   2.4 ms  err 0.15
[145/250] shift=0.005 S1  A_FR_FN     seed 45  goal      clr  0.37  t  13.9  inf 130  N 20.0  mpc   2.5 ms  err 0.29
[146/250] shift=0.005 S1  A_FR_FN     seed 46  goal      clr  0.42  t  13.6  inf 128  N 20.0  mpc   2.4 ms  err 0.24
[147/250] shift=0.005 S1  A_FR_FN     seed 47  goal      clr  0.43  t  16.8  inf 156  N 20.0  mpc   2.5 ms  err 0.25
[148/250] shift=0.005 S1  A_FR_FN     seed 48  goal      clr  0.37  t  18.0  inf 166  N 20.0  mpc   2.5 ms  err 0.35
[149/250] shift=0.005 S1  A_FR_FN     seed 49  goal      clr  0.50  t  13.4  inf 122  N 20.0  mpc   2.3 ms  err 0.19
[150/250] shift=0.005 S1  A_FR_FN     seed 50  goal      clr  0.34  t  13.6  inf 126  N 20.0  mpc   2.4 ms  err 0.16
[151/250] shift=0.005 S1  FR_SAFE_3   seed  1  goal      clr  0.53  t  15.0  inf  45  N 25.9  mpc   4.0 ms  err 0.22
[152/250] shift=0.005 S1  FR_SAFE_3   seed  2  goal      clr  0.52  t  15.5  inf  46  N 25.7  mpc   4.0 ms  err 0.28
[153/250] shift=0.005 S1  FR_SAFE_3   seed  3  goal      clr  0.52  t  18.2  inf  54  N 26.3  mpc   4.3 ms  err 0.23
[154/250] shift=0.005 S1  FR_SAFE_3   seed  4  goal      clr  0.47  t  16.6  inf  49  N 26.3  mpc   4.3 ms  err 0.39
[155/250] shift=0.005 S1  FR_SAFE_3   seed  5  goal      clr  0.58  t  16.7  inf  50  N 26.1  mpc   4.1 ms  err 0.76
[156/250] shift=0.005 S1  FR_SAFE_3   seed  6  goal      clr  0.70  t  14.3  inf  43  N 25.8  mpc   3.7 ms  err 0.25
[157/250] shift=0.005 S1  FR_SAFE_3   seed  7  goal      clr  0.57  t  17.9  inf  53  N 24.6  mpc   3.7 ms  err 0.28
[158/250] shift=0.005 S1  FR_SAFE_3   seed  8  goal      clr  0.69  t  14.9  inf  44  N 25.7  mpc   3.7 ms  err 0.25
[159/250] shift=0.005 S1  FR_SAFE_3   seed  9  goal      clr  0.52  t  15.6  inf  46  N 25.8  mpc   3.7 ms  err 0.25
[160/250] shift=0.005 S1  FR_SAFE_3   seed 10  goal      clr  0.68  t  17.3  inf  51  N 24.7  mpc   3.8 ms  err 0.22
[161/250] shift=0.005 S1  FR_SAFE_3   seed 11  goal      clr  0.64  t  14.5  inf  43  N 25.8  mpc   3.6 ms  err 0.22
[162/250] shift=0.005 S1  FR_SAFE_3   seed 12  goal      clr  0.56  t  16.0  inf  48  N 26.4  mpc   4.0 ms  err 0.18
[163/250] shift=0.005 S1  FR_SAFE_3   seed 13  goal      clr  0.66  t  14.2  inf  42  N 26.2  mpc   3.6 ms  err 0.19
[164/250] shift=0.005 S1  FR_SAFE_3   seed 14  goal      clr  0.48  t  15.9  inf  47  N 26.3  mpc   3.9 ms  err 0.20
[165/250] shift=0.005 S1  FR_SAFE_3   seed 15  goal      clr  0.63  t  16.4  inf  49  N 25.8  mpc   3.8 ms  err 0.22
[166/250] shift=0.005 S1  FR_SAFE_3   seed 16  goal      clr  0.58  t  16.5  inf  49  N 25.9  mpc   3.7 ms  err 0.16
[167/250] shift=0.005 S1  FR_SAFE_3   seed 17  goal      clr  0.58  t  16.7  inf  49  N 23.9  mpc   3.4 ms  err 0.24
[168/250] shift=0.005 S1  FR_SAFE_3   seed 18  goal      clr  0.67  t  14.5  inf  43  N 25.8  mpc   3.5 ms  err 0.30
[169/250] shift=0.005 S1  FR_SAFE_3   seed 19  goal      clr  0.43  t  16.3  inf  49  N 26.3  mpc   3.9 ms  err 0.18
[170/250] shift=0.005 S1  FR_SAFE_3   seed 20  goal      clr  0.77  t  14.8  inf  44  N 25.8  mpc   3.6 ms  err 0.39
[171/250] shift=0.005 S1  FR_SAFE_3   seed 21  goal      clr  0.64  t  14.7  inf  44  N 25.6  mpc   3.7 ms  err 0.21
[172/250] shift=0.005 S1  FR_SAFE_3   seed 22  goal      clr  0.66  t  14.2  inf  42  N 25.7  mpc   3.7 ms  err 0.31
[173/250] shift=0.005 S1  FR_SAFE_3   seed 23  goal      clr  0.70  t  14.9  inf  44  N 25.1  mpc   3.5 ms  err 0.17
[174/250] shift=0.005 S1  FR_SAFE_3   seed 24  goal      clr  0.57  t  14.1  inf  42  N 25.7  mpc   3.5 ms  err 0.18
[175/250] shift=0.005 S1  FR_SAFE_3   seed 25  goal      clr  0.63  t  15.1  inf  45  N 26.0  mpc   3.8 ms  err 0.18
[176/250] shift=0.005 S1  FR_SAFE_3   seed 26  goal      clr  0.60  t  15.3  inf  45  N 25.6  mpc   3.7 ms  err 0.34
[177/250] shift=0.005 S1  FR_SAFE_3   seed 27  goal      clr  0.61  t  14.4  inf  43  N 26.0  mpc   3.6 ms  err 0.12
[178/250] shift=0.005 S1  FR_SAFE_3   seed 28  goal      clr  0.62  t  14.2  inf  42  N 25.9  mpc   3.6 ms  err 0.24
[179/250] shift=0.005 S1  FR_SAFE_3   seed 29  goal      clr  0.55  t  15.5  inf  46  N 26.1  mpc   3.8 ms  err 0.27
[180/250] shift=0.005 S1  FR_SAFE_3   seed 30  goal      clr  0.54  t  15.8  inf  47  N 25.8  mpc   3.9 ms  err 0.38
[181/250] shift=0.005 S1  FR_SAFE_3   seed 31  goal      clr  0.56  t  17.1  inf  51  N 26.2  mpc   3.8 ms  err 0.18
[182/250] shift=0.005 S1  FR_SAFE_3   seed 32  goal      clr  0.61  t  15.3  inf  45  N 26.1  mpc   4.1 ms  err 0.21
[183/250] shift=0.005 S1  FR_SAFE_3   seed 33  goal      clr  0.75  t  14.1  inf  42  N 25.5  mpc   3.7 ms  err 0.17
[184/250] shift=0.005 S1  FR_SAFE_3   seed 34  goal      clr  0.53  t  15.2  inf  45  N 25.4  mpc   3.8 ms  err 0.38
[185/250] shift=0.005 S1  FR_SAFE_3   seed 35  goal      clr  0.68  t  14.7  inf  44  N 26.1  mpc   4.0 ms  err 0.31
[186/250] shift=0.005 S1  FR_SAFE_3   seed 36  goal      clr  0.45  t  17.3  inf  51  N 25.0  mpc   4.0 ms  err 0.20
[187/250] shift=0.005 S1  FR_SAFE_3   seed 37  goal      clr  0.62  t  17.5  inf  52  N 24.4  mpc   3.8 ms  err 0.19
[188/250] shift=0.005 S1  FR_SAFE_3   seed 38  goal      clr  0.40  t  17.4  inf  52  N 26.2  mpc   4.1 ms  err 0.27
[189/250] shift=0.005 S1  FR_SAFE_3   seed 39  goal      clr  0.63  t  14.9  inf  44  N 26.2  mpc   4.0 ms  err 0.11
[190/250] shift=0.005 S1  FR_SAFE_3   seed 40  goal      clr  0.66  t  18.0  inf  53  N 24.6  mpc   3.7 ms  err 0.18
[191/250] shift=0.005 S1  FR_SAFE_3   seed 41  goal      clr  0.69  t  15.9  inf  47  N 26.4  mpc   3.9 ms  err 0.17
[192/250] shift=0.005 S1  FR_SAFE_3   seed 42  goal      clr  0.69  t  14.8  inf  44  N 26.0  mpc   3.7 ms  err 0.28
[193/250] shift=0.005 S1  FR_SAFE_3   seed 43  goal      clr  0.59  t  14.8  inf  44  N 25.9  mpc   3.7 ms  err 0.18
[194/250] shift=0.005 S1  FR_SAFE_3   seed 44  goal      clr  0.55  t  17.3  inf  51  N 25.7  mpc   4.0 ms  err 0.29
[195/250] shift=0.005 S1  FR_SAFE_3   seed 45  goal      clr  0.53  t  16.5  inf  49  N 26.2  mpc   3.9 ms  err 0.20
[196/250] shift=0.005 S1  FR_SAFE_3   seed 46  goal      clr  0.66  t  14.6  inf  44  N 26.2  mpc   3.8 ms  err 0.22
[197/250] shift=0.005 S1  FR_SAFE_3   seed 47  goal      clr  0.61  t  14.9  inf  44  N 25.6  mpc   4.0 ms  err 0.20
[198/250] shift=0.005 S1  FR_SAFE_3   seed 48  goal      clr  0.54  t  15.9  inf  47  N 26.0  mpc   4.3 ms  err 0.30
[199/250] shift=0.005 S1  FR_SAFE_3   seed 49  goal      clr  0.68  t  14.6  inf  43  N 25.7  mpc   3.9 ms  err 0.27
[200/250] shift=0.005 S1  FR_SAFE_3   seed 50  goal      clr  0.56  t  14.7  inf  44  N 26.1  mpc   4.1 ms  err 0.21
[201/250] shift=0.005 S1  FR_SAFE_10  seed  1  goal      clr  0.63  t  14.3  inf 133  N 25.8  mpc   3.8 ms  err 0.24
[202/250] shift=0.005 S1  FR_SAFE_10  seed  2  goal      clr  0.48  t  14.9  inf 140  N 25.3  mpc   4.3 ms  err 0.21
[203/250] shift=0.005 S1  FR_SAFE_10  seed  3  goal      clr  0.49  t  15.0  inf 140  N 25.8  mpc   4.3 ms  err 0.20
[204/250] shift=0.005 S1  FR_SAFE_10  seed  4  goal      clr  0.60  t  14.4  inf 135  N 25.5  mpc   4.0 ms  err 0.15
[205/250] shift=0.005 S1  FR_SAFE_10  seed  5  goal      clr  0.47  t  15.1  inf 140  N 25.3  mpc   4.0 ms  err 0.26
[206/250] shift=0.005 S1  FR_SAFE_10  seed  6  goal      clr  0.62  t  13.9  inf 129  N 25.3  mpc   3.7 ms  err 0.27
[207/250] shift=0.005 S1  FR_SAFE_10  seed  7  goal      clr  0.40  t  14.9  inf 140  N 25.5  mpc   3.8 ms  err 0.31
[208/250] shift=0.005 S1  FR_SAFE_10  seed  8  goal      clr  0.58  t  14.4  inf 133  N 25.7  mpc   4.0 ms  err 0.18
[209/250] shift=0.005 S1  FR_SAFE_10  seed  9  goal      clr  0.58  t  14.2  inf 133  N 25.4  mpc   3.8 ms  err 0.18
[210/250] shift=0.005 S1  FR_SAFE_10  seed 10  goal      clr  0.56  t  14.3  inf 134  N 25.2  mpc   3.9 ms  err 0.20
[211/250] shift=0.005 S1  FR_SAFE_10  seed 11  goal      clr  0.66  t  14.1  inf 131  N 25.4  mpc   3.7 ms  err 0.21
[212/250] shift=0.005 S1  FR_SAFE_10  seed 12  goal      clr  0.56  t  15.3  inf 142  N 26.1  mpc   4.0 ms  err 0.14
[213/250] shift=0.005 S1  FR_SAFE_10  seed 13  goal      clr  0.63  t  14.1  inf 128  N 25.6  mpc   3.9 ms  err 0.22
[214/250] shift=0.005 S1  FR_SAFE_10  seed 14  goal      clr  0.60  t  16.1  inf 147  N 25.7  mpc   4.1 ms  err 0.18
[215/250] shift=0.005 S1  FR_SAFE_10  seed 15  goal      clr  0.59  t  17.1  inf 158  N 24.5  mpc   4.0 ms  err 0.28
[216/250] shift=0.005 S1  FR_SAFE_10  seed 16  goal      clr  0.69  t  14.0  inf 130  N 25.0  mpc   3.7 ms  err 0.15
[217/250] shift=0.005 S1  FR_SAFE_10  seed 17  goal      clr  0.62  t  14.0  inf 132  N 24.9  mpc   3.8 ms  err 0.14
[218/250] shift=0.005 S1  FR_SAFE_10  seed 18  goal      clr  0.69  t  14.2  inf 131  N 25.8  mpc   4.2 ms  err 0.19
[219/250] shift=0.005 S1  FR_SAFE_10  seed 19  goal      clr  0.50  t  15.6  inf 144  N 25.7  mpc   4.2 ms  err 0.18
[220/250] shift=0.005 S1  FR_SAFE_10  seed 20  goal      clr  0.59  t  14.6  inf 137  N 25.1  mpc   3.6 ms  err 0.41
[221/250] shift=0.005 S1  FR_SAFE_10  seed 21  goal      clr  0.76  t  14.1  inf 132  N 24.9  mpc   3.8 ms  err 0.20
[222/250] shift=0.005 S1  FR_SAFE_10  seed 22  goal      clr  0.58  t  14.0  inf 131  N 25.4  mpc   3.7 ms  err 0.28
[223/250] shift=0.005 S1  FR_SAFE_10  seed 23  goal      clr  0.58  t  14.2  inf 133  N 24.9  mpc   3.6 ms  err 0.21
[224/250] shift=0.005 S1  FR_SAFE_10  seed 24  goal      clr  0.54  t  14.0  inf 129  N 25.0  mpc   3.6 ms  err 0.27
[225/250] shift=0.005 S1  FR_SAFE_10  seed 25  goal      clr  0.59  t  14.4  inf 137  N 25.5  mpc   3.9 ms  err 0.20
[226/250] shift=0.005 S1  FR_SAFE_10  seed 26  goal      clr  0.54  t  14.3  inf 132  N 25.1  mpc   3.7 ms  err 0.21
[227/250] shift=0.005 S1  FR_SAFE_10  seed 27  goal      clr  0.55  t  14.6  inf 136  N 25.7  mpc   3.8 ms  err 0.09
[228/250] shift=0.005 S1  FR_SAFE_10  seed 28  goal      clr  0.57  t  14.1  inf 130  N 25.7  mpc   3.7 ms  err 0.33
[229/250] shift=0.005 S1  FR_SAFE_10  seed 29  goal      clr  0.49  t  16.0  inf 147  N 26.1  mpc   4.1 ms  err 0.15
[230/250] shift=0.005 S1  FR_SAFE_10  seed 30  goal      clr  0.64  t  14.3  inf 133  N 25.3  mpc   3.9 ms  err 0.29
[231/250] shift=0.005 S1  FR_SAFE_10  seed 31  goal      clr  0.56  t  14.6  inf 134  N 25.3  mpc   3.9 ms  err 0.14
[232/250] shift=0.005 S1  FR_SAFE_10  seed 32  goal      clr  0.62  t  14.7  inf 137  N 25.8  mpc   4.1 ms  err 0.17
[233/250] shift=0.005 S1  FR_SAFE_10  seed 33  goal      clr  0.51  t  14.1  inf 131  N 25.2  mpc   4.0 ms  err 0.18
[234/250] shift=0.005 S1  FR_SAFE_10  seed 34  goal      clr  0.55  t  14.4  inf 136  N 25.1  mpc   4.1 ms  err 0.24
[235/250] shift=0.005 S1  FR_SAFE_10  seed 35  goal      clr  0.61  t  14.5  inf 137  N 25.8  mpc   4.1 ms  err 0.31
[236/250] shift=0.005 S1  FR_SAFE_10  seed 36  goal      clr  0.60  t  14.9  inf 138  N 25.3  mpc   4.2 ms  err 0.21
[237/250] shift=0.005 S1  FR_SAFE_10  seed 37  goal      clr  0.50  t  14.2  inf 133  N 25.1  mpc   4.0 ms  err 0.32
[238/250] shift=0.005 S1  FR_SAFE_10  seed 38  goal      clr  0.62  t  15.5  inf 144  N 25.9  mpc   4.3 ms  err 0.32
[239/250] shift=0.005 S1  FR_SAFE_10  seed 39  goal      clr  0.52  t  14.6  inf 139  N 25.8  mpc   4.1 ms  err 0.15
[240/250] shift=0.005 S1  FR_SAFE_10  seed 40  goal      clr  0.57  t  14.4  inf 132  N 25.6  mpc   3.9 ms  err 0.25
[241/250] shift=0.005 S1  FR_SAFE_10  seed 41  goal      clr  0.52  t  18.1  inf 167  N 25.7  mpc   4.4 ms  err 0.31
[242/250] shift=0.005 S1  FR_SAFE_10  seed 42  goal      clr  0.61  t  14.2  inf 136  N 25.5  mpc   3.9 ms  err 0.19
[243/250] shift=0.005 S1  FR_SAFE_10  seed 43  goal      clr  0.32  t  15.8  inf 147  N 25.7  mpc   4.2 ms  err 0.27
[244/250] shift=0.005 S1  FR_SAFE_10  seed 44  goal      clr  0.63  t  14.1  inf 132  N 24.9  mpc   3.9 ms  err 0.19
[245/250] shift=0.005 S1  FR_SAFE_10  seed 45  goal      clr  0.44  t  14.9  inf 139  N 25.1  mpc   4.0 ms  err 0.26
[246/250] shift=0.005 S1  FR_SAFE_10  seed 46  goal      clr  0.56  t  14.1  inf 131  N 26.0  mpc   4.0 ms  err 0.25
[247/250] shift=0.005 S1  FR_SAFE_10  seed 47  goal      clr  0.51  t  14.4  inf 134  N 24.9  mpc   3.8 ms  err 0.17
[248/250] shift=0.005 S1  FR_SAFE_10  seed 48  goal      clr  0.53  t  15.0  inf 138  N 25.7  mpc   4.0 ms  err 0.29
[249/250] shift=0.005 S1  FR_SAFE_10  seed 49  goal      clr  0.74  t  14.0  inf 127  N 25.3  mpc   3.7 ms  err 0.19
[250/250] shift=0.005 S1  FR_SAFE_10  seed 50  goal      clr  0.52  t  14.5  inf 134  N 25.8  mpc   4.0 ms  err 0.16
