[  1/450] latency=0.05 S2  E_DART      seed  1  goal      clr  0.50  t  16.7  inf  56  N 23.2  mpc   3.9 ms  err 0.76
[  2/450] latency=0.05 S2  E_DART      seed  2  goal      clr  0.42  t  16.0  inf 111  N 25.3  mpc   4.7 ms  err 0.43
[  3/450] latency=0.05 S2  E_DART      seed  3  goal      clr  0.67  t  14.6  inf  94  N 25.0  mpc   4.1 ms  err 0.50
[  4/450] latency=0.05 S2  E_DART      seed  4  goal      clr  0.86  t  16.4  inf  80  N 24.7  mpc   3.7 ms  err 0.45
[  5/450] latency=0.05 S2  E_DART      seed  5  goal      clr  0.49  t  17.2  inf  93  N 23.5  mpc   3.6 ms  err 0.72
[  6/450] latency=0.05 S2  E_DART      seed  6  goal      clr  0.52  t  15.6  inf  84  N 25.0  mpc   3.6 ms  err 0.77
[  7/450] latency=0.05 S2  E_DART      seed  7  goal      clr  0.74  t  15.0  inf  87  N 25.1  mpc   3.5 ms  err 0.69
[  8/450] latency=0.05 S2  E_DART      seed  8  goal      clr  0.62  t  15.3  inf 102  N 24.7  mpc   4.1 ms  err 0.29
[  9/450] latency=0.05 S2  E_DART      seed  9  goal      clr  0.50  t  15.2  inf 108  N 25.7  mpc   4.6 ms  err 0.62
[ 10/450] latency=0.05 S2  E_DART      seed 10  goal      clr  0.76  t  14.5  inf  78  N 25.3  mpc   3.7 ms  err 0.53
[ 11/450] latency=0.05 S2  E_DART      seed 11  goal      clr  0.54  t  16.2  inf  96  N 25.7  mpc   4.0 ms  err 0.43
[ 12/450] latency=0.05 S2  E_DART      seed 12  goal      clr  0.29  t  17.2  inf 122  N 25.0  mpc   3.8 ms  err 0.64
[ 13/450] latency=0.05 S2  E_DART      seed 13  goal      clr  0.50  t  15.2  inf  73  N 23.8  mpc   3.7 ms  err 0.24
[ 14/450] latency=0.05 S2  E_DART      seed 14  goal      clr  0.43  t  15.8  inf  96  N 23.8  mpc   3.7 ms  err 0.66
[ 15/450] latency=0.05 S2  E_DART      seed 15  goal      clr  0.79  t  13.9  inf  71  N 24.6  mpc   3.6 ms  err 0.53
[ 16/450] latency=0.05 S2  E_DART      seed 16  goal      clr  0.59  t  14.0  inf 107  N 25.9  mpc   3.8 ms  err 0.91
[ 17/450] latency=0.05 S2  E_DART      seed 17  goal      clr  0.54  t  17.6  inf  79  N 23.7  mpc   3.4 ms  err 0.51
[ 18/450] latency=0.05 S2  E_DART      seed 18  goal      clr  0.71  t  14.8  inf  67  N 23.1  mpc   3.2 ms  err 2.45
[ 19/450] latency=0.05 S2  E_DART      seed 19  goal      clr  0.45  t  16.7  inf 116  N 24.7  mpc   3.8 ms  err 0.55
[ 20/450] latency=0.05 S2  E_DART      seed 20  goal      clr  0.64  t  16.7  inf 104  N 24.8  mpc   3.7 ms  err 0.73
[ 21/450] latency=0.05 S2  E_DART      seed 21  goal      clr  0.48  t  15.4  inf  85  N 24.2  mpc   3.8 ms  err 0.37
[ 22/450] latency=0.05 S2  E_DART      seed 22  goal      clr  0.54  t  19.1  inf 101  N 23.4  mpc   3.7 ms  err 0.54
[ 23/450] latency=0.05 S2  E_DART      seed 23  goal      clr  0.61  t  15.8  inf  99  N 25.0  mpc   4.1 ms  err 0.46
[ 24/450] latency=0.05 S2  E_DART      seed 24  goal      clr  0.56  t  15.0  inf 105  N 26.4  mpc   4.0 ms  err 0.41
[ 25/450] latency=0.05 S2  E_DART      seed 25  goal      clr  0.44  t  18.2  inf 120  N 23.8  mpc   3.9 ms  err 0.82
[ 26/450] latency=0.05 S2  E_DART      seed 26  goal      clr  0.66  t  14.6  inf  97  N 25.2  mpc   3.8 ms  err 0.87
[ 27/450] latency=0.05 S2  E_DART      seed 27  goal      clr  0.50  t  18.8  inf  82  N 24.4  mpc   3.5 ms  err 0.29
[ 28/450] latency=0.05 S2  E_DART      seed 28  goal      clr  0.57  t  15.4  inf  64  N 24.8  mpc   3.5 ms  err 0.19
[ 29/450] latency=0.05 S2  E_DART      seed 29  goal      clr  0.71  t  15.9  inf  94  N 25.6  mpc   3.9 ms  err 0.38
[ 30/450] latency=0.05 S2  E_DART      seed 30  goal      clr  0.52  t  19.0  inf  89  N 24.1  mpc   3.5 ms  err 0.65
[ 31/450] latency=0.05 S2  E_DART      seed 31  goal      clr  0.55  t  18.5  inf  63  N 22.2  mpc   3.3 ms  err 0.78
[ 32/450] latency=0.05 S2  E_DART      seed 32  goal      clr  0.49  t  17.1  inf  86  N 23.5  mpc   3.3 ms  err 0.57
[ 33/450] latency=0.05 S2  E_DART      seed 33  goal      clr  0.72  t  14.0  inf  85  N 24.3  mpc   3.6 ms  err 0.71
[ 34/450] latency=0.05 S2  E_DART      seed 34  goal      clr  0.64  t  16.5  inf 115  N 25.1  mpc   3.8 ms  err 0.56
[ 35/450] latency=0.05 S2  E_DART      seed 35  goal      clr  0.62  t  14.2  inf  89  N 26.3  mpc   4.3 ms  err 0.44
[ 36/450] latency=0.05 S2  E_DART      seed 36  goal      clr  0.56  t  14.6  inf  93  N 25.9  mpc   3.7 ms  err 0.40
[ 37/450] latency=0.05 S2  E_DART      seed 37  goal      clr  0.53  t  23.5  inf  81  N 20.1  mpc   2.8 ms  err 0.31
[ 38/450] latency=0.05 S2  E_DART      seed 38  goal      clr  0.70  t  15.5  inf  83  N 24.8  mpc   3.6 ms  err 0.31
[ 39/450] latency=0.05 S2  E_DART      seed 39  goal      clr  0.74  t  13.8  inf  68  N 24.5  mpc   3.6 ms  err 1.14
[ 40/450] latency=0.05 S2  E_DART      seed 40  goal      clr  0.48  t  16.9  inf 118  N 25.2  mpc   4.2 ms  err 0.21
[ 41/450] latency=0.05 S2  E_DART      seed 41  goal      clr  0.60  t  15.7  inf 100  N 24.6  mpc   3.7 ms  err 0.63
[ 42/450] latency=0.05 S2  E_DART      seed 42  goal      clr  0.41  t  16.1  inf  92  N 23.0  mpc   3.5 ms  err 0.40
[ 43/450] latency=0.05 S2  E_DART      seed 43  goal      clr  0.47  t  16.1  inf  82  N 23.7  mpc   3.5 ms  err 0.55
[ 44/450] latency=0.05 S2  E_DART      seed 44  goal      clr  0.69  t  14.0  inf  79  N 24.8  mpc   3.5 ms  err 0.50
[ 45/450] latency=0.05 S2  E_DART      seed 45  goal      clr  0.56  t  20.9  inf 123  N 23.9  mpc   3.7 ms  err 0.54
[ 46/450] latency=0.05 S2  E_DART      seed 46  goal      clr  0.52  t  14.3  inf  93  N 24.8  mpc   3.7 ms  err 0.46
[ 47/450] latency=0.05 S2  E_DART      seed 47  goal      clr  0.42  t  15.6  inf 112  N 25.6  mpc   3.7 ms  err 0.76
[ 48/450] latency=0.05 S2  E_DART      seed 48  goal      clr  0.69  t  18.8  inf  85  N 23.4  mpc   3.2 ms  err 0.98
[ 49/450] latency=0.05 S2  E_DART      seed 49  goal      clr  0.82  t  13.5  inf  92  N 25.8  mpc   3.7 ms  err 0.48
[ 50/450] latency=0.05 S2  E_DART      seed 50  goal      clr  1.33  t  21.0  inf  59  N 20.6  mpc   2.7 ms  err 0.39
[ 51/450] latency=0.05 S2  Z_ZHUYI     seed  1  goal      clr  0.38  t  19.9  inf  42  N 22.2  mpc   3.1 ms  err 0.83
[ 52/450] latency=0.05 S2  Z_ZHUYI     seed  2  goal      clr  0.73  t  19.0  inf  42  N 23.5  mpc   4.1 ms  err 0.28
[ 53/450] latency=0.05 S2  Z_ZHUYI     seed  3  goal      clr  0.50  t  20.0  inf  44  N 23.6  mpc   4.1 ms  err 0.43
[ 54/450] latency=0.05 S2  Z_ZHUYI     seed  4  goal      clr  3.18  t  16.6  inf  17  N 24.2  mpc   3.1 ms  err 1.03
[ 55/450] latency=0.05 S2  Z_ZHUYI     seed  5  goal      clr  0.83  t  16.3  inf  22  N 22.5  mpc   3.3 ms  err 0.89
[ 56/450] latency=0.05 S2  Z_ZHUYI     seed  6  goal      clr  0.58  t  18.5  inf  51  N 22.8  mpc   3.5 ms  err 0.69
[ 57/450] latency=0.05 S2  Z_ZHUYI     seed  7  goal      clr  0.80  t  20.7  inf  27  N 22.3  mpc   3.3 ms  err 0.50
[ 58/450] latency=0.05 S2  Z_ZHUYI     seed  8  goal      clr  0.64  t  15.3  inf  40  N 24.0  mpc   3.4 ms  err 0.74
[ 59/450] latency=0.05 S2  Z_ZHUYI     seed  9  goal      clr  0.91  t  13.7  inf  28  N 25.8  mpc   3.9 ms  err 0.71
[ 60/450] latency=0.05 S2  Z_ZHUYI     seed 10  goal      clr  2.07  t  17.5  inf  18  N 22.2  mpc   3.0 ms  err 0.84
[ 61/450] latency=0.05 S2  Z_ZHUYI     seed 11  goal      clr  0.56  t  15.0  inf  45  N 25.8  mpc   3.8 ms  err 0.24
[ 62/450] latency=0.05 S2  Z_ZHUYI     seed 12  goal      clr  0.66  t  17.4  inf  43  N 24.2  mpc   3.6 ms  err 0.25
[ 63/450] latency=0.05 S2  Z_ZHUYI     seed 13  goal      clr  0.78  t  17.3  inf  31  N 24.0  mpc   3.2 ms  err 0.60
[ 64/450] latency=0.05 S2  Z_ZHUYI     seed 14  goal      clr  0.66  t  17.2  inf  36  N 23.9  mpc   3.4 ms  err 0.38
[ 65/450] latency=0.05 S2  Z_ZHUYI     seed 15  goal      clr  0.76  t  17.7  inf  31  N 25.0  mpc   3.7 ms  err 0.42
[ 66/450] latency=0.05 S2  Z_ZHUYI     seed 16  goal      clr  0.62  t  13.8  inf  49  N 25.7  mpc   3.7 ms  err 0.72
[ 67/450] latency=0.05 S2  Z_ZHUYI     seed 17  goal      clr  0.45  t  19.6  inf  32  N 24.0  mpc   3.5 ms  err 0.63
[ 68/450] latency=0.05 S2  Z_ZHUYI     seed 18  goal      clr  0.49  t  15.8  inf  32  N 25.8  mpc   4.0 ms  err 0.93
[ 69/450] latency=0.05 S2  Z_ZHUYI     seed 19  goal      clr  1.41  t  15.5  inf  18  N 22.6  mpc   2.8 ms  err 0.79
[ 70/450] latency=0.05 S2  Z_ZHUYI     seed 20  goal      clr  0.73  t  16.5  inf  42  N 25.1  mpc   3.8 ms  err 0.53
[ 71/450] latency=0.05 S2  Z_ZHUYI     seed 21  goal      clr  1.06  t  18.0  inf  34  N 22.4  mpc   3.0 ms  err 0.48
[ 72/450] latency=0.05 S2  Z_ZHUYI     seed 22  goal      clr  0.59  t  15.6  inf  29  N 24.5  mpc   3.5 ms  err 0.60
[ 73/450] latency=0.05 S2  Z_ZHUYI     seed 23  goal      clr  0.39  t  19.3  inf  58  N 24.8  mpc   4.0 ms  err 0.35
[ 74/450] latency=0.05 S2  Z_ZHUYI     seed 24  goal      clr  0.59  t  14.6  inf  43  N 25.5  mpc   4.1 ms  err 0.35
[ 75/450] latency=0.05 S2  Z_ZHUYI     seed 25  goal      clr  0.50  t  17.1  inf  47  N 25.1  mpc   3.7 ms  err 0.41
[ 76/450] latency=0.05 S2  Z_ZHUYI     seed 26  goal      clr  1.05  t  16.4  inf  21  N 23.2  mpc   3.2 ms  err 0.54
[ 77/450] latency=0.05 S2  Z_ZHUYI     seed 27  goal      clr  0.55  t  18.9  inf  45  N 22.9  mpc   3.2 ms  err 0.31
[ 78/450] latency=0.05 S2  Z_ZHUYI     seed 28  goal      clr  0.86  t  14.9  inf  38  N 24.6  mpc   3.7 ms  err 0.29
[ 79/450] latency=0.05 S2  Z_ZHUYI     seed 29  goal      clr  0.80  t  15.8  inf  23  N 23.4  mpc   3.4 ms  err 0.55
[ 80/450] latency=0.05 S2  Z_ZHUYI     seed 30  goal      clr  1.66  t  17.0  inf  18  N 23.8  mpc   3.5 ms  err 0.85
[ 81/450] latency=0.05 S2  Z_ZHUYI     seed 31  goal      clr  0.59  t  21.2  inf  32  N 21.6  mpc   3.0 ms  err 0.50
[ 82/450] latency=0.05 S2  Z_ZHUYI     seed 32  goal      clr  2.02  t  14.8  inf  16  N 25.1  mpc   3.3 ms  err 0.94
[ 83/450] latency=0.05 S2  Z_ZHUYI     seed 33  goal      clr  0.58  t  13.7  inf  36  N 25.0  mpc   3.5 ms  err 0.35
[ 84/450] latency=0.05 S2  Z_ZHUYI     seed 34  goal      clr  0.65  t  22.3  inf  41  N 23.5  mpc   3.4 ms  err 0.20
[ 85/450] latency=0.05 S2  Z_ZHUYI     seed 35  goal      clr  0.77  t  14.9  inf  21  N 24.1  mpc   3.0 ms  err 0.51
[ 86/450] latency=0.05 S2  Z_ZHUYI     seed 36  goal      clr  0.62  t  21.3  inf  34  N 22.9  mpc   3.6 ms  err 0.48
[ 87/450] latency=0.05 S2  Z_ZHUYI     seed 37  goal      clr  0.71  t  17.4  inf  31  N 24.1  mpc   3.9 ms  err 0.49
[ 88/450] latency=0.05 S2  Z_ZHUYI     seed 38  goal      clr  0.93  t  15.8  inf  24  N 24.7  mpc   3.7 ms  err 0.39
[ 89/450] latency=0.05 S2  Z_ZHUYI     seed 39  goal      clr  0.73  t  15.5  inf  26  N 25.0  mpc   3.4 ms  err 0.49
[ 90/450] latency=0.05 S2  Z_ZHUYI     seed 40  goal      clr  0.64  t  18.2  inf  34  N 24.5  mpc   3.6 ms  err 0.74
[ 91/450] latency=0.05 S2  Z_ZHUYI     seed 41  goal      clr  0.49  t  17.3  inf  50  N 23.0  mpc   3.1 ms  err 0.25
[ 92/450] latency=0.05 S2  Z_ZHUYI     seed 42  goal      clr  0.80  t  16.6  inf  38  N 23.2  mpc   3.1 ms  err 0.49
[ 93/450] latency=0.05 S2  Z_ZHUYI     seed 43  goal      clr  0.29  t  19.1  inf  35  N 23.0  mpc   3.7 ms  err 0.59
[ 94/450] latency=0.05 S2  Z_ZHUYI     seed 44  goal      clr  0.67  t  13.8  inf  38  N 25.2  mpc   3.8 ms  err 0.52
[ 95/450] latency=0.05 S2  Z_ZHUYI     seed 45  goal      clr  0.78  t  14.6  inf  29  N 25.4  mpc   3.7 ms  err 0.42
[ 96/450] latency=0.05 S2  Z_ZHUYI     seed 46  goal      clr  1.37  t  15.8  inf  20  N 23.4  mpc   3.1 ms  err 0.44
[ 97/450] latency=0.05 S2  Z_ZHUYI     seed 47  goal      clr  0.40  t  15.5  inf  56  N 24.4  mpc   3.6 ms  err 0.36
[ 98/450] latency=0.05 S2  Z_ZHUYI     seed 48  goal      clr  1.70  t  18.5  inf  19  N 22.9  mpc   2.8 ms  err 0.70
[ 99/450] latency=0.05 S2  Z_ZHUYI     seed 49  goal      clr  0.49  t  18.0  inf  32  N 23.5  mpc   3.4 ms  err 0.62
[100/450] latency=0.05 S2  Z_ZHUYI     seed 50  goal      clr  0.67  t  15.6  inf  42  N 25.8  mpc   4.2 ms  err 0.48
[101/450] latency=0.05 S2  A_FR_FN     seed  1  goal      clr  0.14  t  16.5  inf 165  N 20.0  mpc   2.8 ms  err 0.32
[102/450] latency=0.05 S2  A_FR_FN     seed  2  collision clr -0.00  t   4.3  inf  44  N 20.0  mpc   2.6 ms  err 0.42
[103/450] latency=0.05 S2  A_FR_FN     seed  3  goal      clr  0.31  t  18.8  inf 188  N 20.0  mpc   2.8 ms  err 0.48
[104/450] latency=0.05 S2  A_FR_FN     seed  4  goal      clr  0.44  t  15.5  inf 156  N 20.0  mpc   2.4 ms  err 0.73
[105/450] latency=0.05 S2  A_FR_FN     seed  5  goal      clr  0.46  t  18.7  inf 187  N 20.0  mpc   2.6 ms  err 0.61
[106/450] latency=0.05 S2  A_FR_FN     seed  6  goal      clr  0.50  t  15.6  inf 156  N 20.0  mpc   2.4 ms  err 0.34
[107/450] latency=0.05 S2  A_FR_FN     seed  7  goal      clr  0.24  t  16.2  inf 161  N 20.0  mpc   2.4 ms  err 0.52
[108/450] latency=0.05 S2  A_FR_FN     seed  8  goal      clr  0.43  t  15.2  inf 153  N 20.0  mpc   2.4 ms  err 0.32
[109/450] latency=0.05 S2  A_FR_FN     seed  9  goal      clr  0.06  t  17.4  inf 174  N 20.0  mpc   2.9 ms  err 0.40
[110/450] latency=0.05 S2  A_FR_FN     seed 10  goal      clr  0.39  t  15.7  inf 157  N 20.0  mpc   2.9 ms  err 0.24
[111/450] latency=0.05 S2  A_FR_FN     seed 11  goal      clr  0.06  t  14.9  inf 149  N 20.0  mpc   2.6 ms  err 0.51
[112/450] latency=0.05 S2  A_FR_FN     seed 12  goal      clr  0.06  t  16.9  inf 169  N 20.0  mpc   2.5 ms  err 0.56
[113/450] latency=0.05 S2  A_FR_FN     seed 13  goal      clr  0.25  t  17.9  inf 180  N 20.0  mpc   2.5 ms  err 0.24
[114/450] latency=0.05 S2  A_FR_FN     seed 14  goal      clr  0.41  t  14.9  inf 149  N 20.0  mpc   2.6 ms  err 0.32
[115/450] latency=0.05 S2  A_FR_FN     seed 15  goal      clr  0.23  t  17.3  inf 173  N 20.0  mpc   2.5 ms  err 0.59
[116/450] latency=0.05 S2  A_FR_FN     seed 16  goal      clr  0.31  t  16.8  inf 169  N 20.0  mpc   2.5 ms  err 0.55
[117/450] latency=0.05 S2  A_FR_FN     seed 17  goal      clr  0.08  t  15.0  inf 151  N 20.0  mpc   2.5 ms  err 0.39
[118/450] latency=0.05 S2  A_FR_FN     seed 18  goal      clr  0.13  t  17.6  inf 176  N 20.0  mpc   2.6 ms  err 1.06
[119/450] latency=0.05 S2  A_FR_FN     seed 19  goal      clr  0.27  t  16.3  inf 163  N 20.0  mpc   2.4 ms  err 0.57
[120/450] latency=0.05 S2  A_FR_FN     seed 20  goal      clr  0.42  t  13.5  inf 136  N 20.0  mpc   2.4 ms  err 0.41
[121/450] latency=0.05 S2  A_FR_FN     seed 21  goal      clr  0.07  t  15.3  inf 153  N 20.0  mpc   2.4 ms  err 0.62
[122/450] latency=0.05 S2  A_FR_FN     seed 22  goal      clr  0.11  t  15.0  inf 150  N 20.0  mpc   2.3 ms  err 0.41
[123/450] latency=0.05 S2  A_FR_FN     seed 23  goal      clr  0.27  t  17.9  inf 179  N 20.0  mpc   2.6 ms  err 0.34
[124/450] latency=0.05 S2  A_FR_FN     seed 24  goal      clr  0.71  t  16.7  inf 167  N 20.0  mpc   2.6 ms  err 0.74
[125/450] latency=0.05 S2  A_FR_FN     seed 25  goal      clr  0.34  t  13.9  inf 140  N 20.0  mpc   2.5 ms  err 0.54
[126/450] latency=0.05 S2  A_FR_FN     seed 26  goal      clr  0.17  t  16.6  inf 167  N 20.0  mpc   2.5 ms  err 0.50
[127/450] latency=0.05 S2  A_FR_FN     seed 27  goal      clr  0.32  t  14.7  inf 147  N 20.0  mpc   2.5 ms  err 0.42
[128/450] latency=0.05 S2  A_FR_FN     seed 28  goal      clr  0.18  t  14.3  inf 144  N 20.0  mpc   2.5 ms  err 0.39
[129/450] latency=0.05 S2  A_FR_FN     seed 29  goal      clr  0.33  t  15.3  inf 153  N 20.0  mpc   2.4 ms  err 0.18
[130/450] latency=0.05 S2  A_FR_FN     seed 30  goal      clr  0.36  t  14.3  inf 143  N 20.0  mpc   2.3 ms  err 0.64
[131/450] latency=0.05 S2  A_FR_FN     seed 31  goal      clr  0.36  t  15.0  inf 151  N 20.0  mpc   2.3 ms  err 0.57
[132/450] latency=0.05 S2  A_FR_FN     seed 32  goal      clr  0.38  t  15.9  inf 159  N 20.0  mpc   3.0 ms  err 0.40
[133/450] latency=0.05 S2  A_FR_FN     seed 33  goal      clr  0.15  t  15.1  inf 151  N 20.0  mpc   2.4 ms  err 0.45
[134/450] latency=0.05 S2  A_FR_FN     seed 34  goal      clr  0.13  t  16.0  inf 160  N 20.0  mpc   2.8 ms  err 0.32
[135/450] latency=0.05 S2  A_FR_FN     seed 35  goal      clr  0.56  t  14.0  inf 140  N 20.0  mpc   2.4 ms  err 0.48
[136/450] latency=0.05 S2  A_FR_FN     seed 36  goal      clr  0.01  t  16.4  inf 165  N 20.0  mpc   2.5 ms  err 0.43
[137/450] latency=0.05 S2  A_FR_FN     seed 37  goal      clr  0.18  t  15.8  inf 158  N 20.0  mpc   2.5 ms  err 0.29
[138/450] latency=0.05 S2  A_FR_FN     seed 38  goal      clr  0.37  t  16.3  inf 163  N 20.0  mpc   2.8 ms  err 0.23
[139/450] latency=0.05 S2  A_FR_FN     seed 39  goal      clr  0.41  t  16.0  inf 160  N 20.0  mpc   2.5 ms  err 0.56
[140/450] latency=0.05 S2  A_FR_FN     seed 40  goal      clr  0.25  t  15.9  inf 160  N 20.0  mpc   2.5 ms  err 0.27
[141/450] latency=0.05 S2  A_FR_FN     seed 41  goal      clr  0.24  t  15.0  inf 151  N 20.0  mpc   2.8 ms  err 0.32
[142/450] latency=0.05 S2  A_FR_FN     seed 42  goal      clr  0.28  t  16.8  inf 168  N 20.0  mpc   2.5 ms  err 0.41
[143/450] latency=0.05 S2  A_FR_FN     seed 43  collision clr -0.01  t   4.6  inf  47  N 20.0  mpc   2.7 ms  err 0.44
[144/450] latency=0.05 S2  A_FR_FN     seed 44  goal      clr  0.36  t  14.8  inf 148  N 20.0  mpc   2.5 ms  err 0.52
[145/450] latency=0.05 S2  A_FR_FN     seed 45  goal      clr  0.31  t  14.8  inf 149  N 20.0  mpc   2.4 ms  err 0.45
[146/450] latency=0.05 S2  A_FR_FN     seed 46  goal      clr  0.39  t  15.8  inf 158  N 20.0  mpc   2.5 ms  err 0.62
[147/450] latency=0.05 S2  A_FR_FN     seed 47  goal      clr  0.29  t  14.2  inf 142  N 20.0  mpc   2.4 ms  err 0.53
[148/450] latency=0.05 S2  A_FR_FN     seed 48  goal      clr  0.02  t  15.5  inf 155  N 20.0  mpc   2.5 ms  err 0.24
[149/450] latency=0.05 S2  A_FR_FN     seed 49  goal      clr  0.49  t  13.7  inf 137  N 20.0  mpc   2.4 ms  err 0.36
[150/450] latency=0.05 S2  A_FR_FN     seed 50  goal      clr  0.04  t  15.4  inf 154  N 20.0  mpc   2.4 ms  err 0.43
[151/450] latency=0.05 S2  F_NODELAY   seed  1  goal      clr  0.37  t  21.1  inf 117  N 22.6  mpc   3.1 ms  err 1.81
[152/450] latency=0.05 S2  F_NODELAY   seed  2  goal      clr  0.74  t  14.1  inf 127  N 25.2  mpc   3.9 ms  err 2.09
[153/450] latency=0.05 S2  F_NODELAY   seed  3  goal      clr  0.01  t  24.5  inf 206  N 24.7  mpc   4.0 ms  err 2.42
[154/450] latency=0.05 S2  F_NODELAY   seed  4  goal      clr  0.95  t  21.6  inf 137  N 20.4  mpc   3.1 ms  err 2.75
[155/450] latency=0.05 S2  F_NODELAY   seed  5  goal      clr  0.87  t  16.2  inf  73  N 23.0  mpc   3.6 ms  err 1.91
[156/450] latency=0.05 S2  F_NODELAY   seed  6  goal      clr  1.04  t  14.8  inf  69  N 23.1  mpc   3.2 ms  err 2.25
[157/450] latency=0.05 S2  F_NODELAY   seed  7  goal      clr  0.74  t  18.9  inf 190  N 26.0  mpc   4.6 ms  err 1.72
[158/450] latency=0.05 S2  F_NODELAY   seed  8  goal      clr  0.52  t  15.8  inf 116  N 25.2  mpc   3.9 ms  err 1.27
[159/450] latency=0.05 S2  F_NODELAY   seed  9  goal      clr  0.69  t  20.0  inf 111  N 22.6  mpc   3.3 ms  err 2.04
[160/450] latency=0.05 S2  F_NODELAY   seed 10  goal      clr  0.42  t  16.9  inf  76  N 21.6  mpc   3.1 ms  err 1.80
[161/450] latency=0.05 S2  F_NODELAY   seed 11  goal      clr  1.23  t  18.0  inf 111  N 24.5  mpc   3.8 ms  err 2.01
[162/450] latency=0.05 S2  F_NODELAY   seed 12  goal      clr  0.18  t  22.1  inf 246  N 25.1  mpc   4.4 ms  err 2.98
[163/450] latency=0.05 S2  F_NODELAY   seed 13  goal      clr  0.74  t  14.4  inf 120  N 25.5  mpc   4.3 ms  err 1.71
[164/450] latency=0.05 S2  F_NODELAY   seed 14  goal      clr  0.02  t  15.8  inf 138  N 24.2  mpc   3.8 ms  err 1.59
[165/450] latency=0.05 S2  F_NODELAY   seed 15  goal      clr  1.33  t  16.6  inf  75  N 23.0  mpc   3.0 ms  err 1.62
[166/450] latency=0.05 S2  F_NODELAY   seed 16  goal      clr  0.97  t  20.2  inf 116  N 22.7  mpc   3.4 ms  err 2.63
[167/450] latency=0.05 S2  F_NODELAY   seed 17  collision clr -0.01  t  29.0  inf 308  N 25.3  mpc   4.4 ms  err 1.83
[168/450] latency=0.05 S2  F_NODELAY   seed 18  goal      clr  1.34  t  16.0  inf  87  N 21.8  mpc   3.1 ms  err 2.63
[169/450] latency=0.05 S2  F_NODELAY   seed 19  goal      clr  0.66  t  20.0  inf  99  N 20.1  mpc   2.8 ms  err 2.65
[170/450] latency=0.05 S2  F_NODELAY   seed 20  goal      clr  0.03  t  25.7  inf 203  N 24.0  mpc   3.9 ms  err 1.79
[171/450] latency=0.05 S2  F_NODELAY   seed 21  goal      clr  0.92  t  14.5  inf 108  N 24.2  mpc   3.7 ms  err 2.13
[172/450] latency=0.05 S2  F_NODELAY   seed 22  goal      clr  0.92  t  20.6  inf 147  N 21.5  mpc   3.3 ms  err 2.30
[173/450] latency=0.05 S2  F_NODELAY   seed 23  goal      clr  0.25  t  20.5  inf 117  N 23.0  mpc   3.5 ms  err 1.42
[174/450] latency=0.05 S2  F_NODELAY   seed 24  goal      clr  0.61  t  18.5  inf 135  N 23.2  mpc   3.8 ms  err 1.18
[175/450] latency=0.05 S2  F_NODELAY   seed 25  collision clr -0.00  t   7.7  inf  76  N 27.9  mpc   4.7 ms  err 2.27
[176/450] latency=0.05 S2  F_NODELAY   seed 26  goal      clr  1.59  t  15.2  inf  94  N 23.9  mpc   3.5 ms  err 2.89
[177/450] latency=0.05 S2  F_NODELAY   seed 27  goal      clr  0.87  t  18.6  inf  82  N 20.6  mpc   3.0 ms  err 1.81
[178/450] latency=0.05 S2  F_NODELAY   seed 28  goal      clr  0.52  t  20.2  inf 106  N 23.6  mpc   3.6 ms  err 1.15
[179/450] latency=0.05 S2  F_NODELAY   seed 29  goal      clr  0.67  t  16.0  inf  82  N 22.2  mpc   3.3 ms  err 1.78
[180/450] latency=0.05 S2  F_NODELAY   seed 30  goal      clr  1.13  t  15.9  inf 102  N 24.1  mpc   3.8 ms  err 1.90
[181/450] latency=0.05 S2  F_NODELAY   seed 31  goal      clr  0.32  t  27.1  inf 202  N 22.8  mpc   3.7 ms  err 1.88
[182/450] latency=0.05 S2  F_NODELAY   seed 32  goal      clr  0.73  t  18.6  inf 146  N 24.4  mpc   3.9 ms  err 2.43
[183/450] latency=0.05 S2  F_NODELAY   seed 33  collision clr -0.00  t   3.3  inf  23  N 24.3  mpc   3.8 ms  err 1.35
[184/450] latency=0.05 S2  F_NODELAY   seed 34  goal      clr  0.80  t  19.9  inf 158  N 22.6  mpc   3.7 ms  err 1.84
[185/450] latency=0.05 S2  F_NODELAY   seed 35  goal      clr  1.01  t  18.2  inf 108  N 23.0  mpc   3.3 ms  err 1.45
[186/450] latency=0.05 S2  F_NODELAY   seed 36  goal      clr  0.36  t  23.3  inf 228  N 24.9  mpc   4.3 ms  err 1.50
[187/450] latency=0.05 S2  F_NODELAY   seed 37  goal      clr  0.67  t  24.9  inf 184  N 19.9  mpc   2.7 ms  err 3.14
[188/450] latency=0.05 S2  F_NODELAY   seed 38  goal      clr  0.72  t  17.9  inf 144  N 23.8  mpc   3.5 ms  err 2.33
[189/450] latency=0.05 S2  F_NODELAY   seed 39  goal      clr  1.02  t  14.1  inf 136  N 26.1  mpc   4.3 ms  err 2.40
[190/450] latency=0.05 S2  F_NODELAY   seed 40  collision clr -0.00  t  15.2  inf 118  N 25.1  mpc   3.9 ms  err 1.77
[191/450] latency=0.05 S2  F_NODELAY   seed 41  goal      clr  0.85  t  19.6  inf 145  N 22.2  mpc   3.8 ms  err 3.42
[192/450] latency=0.05 S2  F_NODELAY   seed 42  goal      clr  1.17  t  16.0  inf  87  N 23.7  mpc   3.5 ms  err 1.68
[193/450] latency=0.05 S2  F_NODELAY   seed 43  goal      clr  0.11  t  26.1  inf 192  N 22.8  mpc   3.5 ms  err 2.11
[194/450] latency=0.05 S2  F_NODELAY   seed 44  goal      clr  0.77  t  19.8  inf 164  N 23.6  mpc   3.7 ms  err 1.84
[195/450] latency=0.05 S2  F_NODELAY   seed 45  goal      clr  0.94  t  19.6  inf  60  N 20.3  mpc   2.6 ms  err 1.79
[196/450] latency=0.05 S2  F_NODELAY   seed 46  goal      clr  0.33  t  17.6  inf 111  N 24.4  mpc   4.1 ms  err 1.52
[197/450] latency=0.05 S2  F_NODELAY   seed 47  goal      clr  0.78  t  29.2  inf 235  N 22.4  mpc   3.6 ms  err 2.20
[198/450] latency=0.05 S2  F_NODELAY   seed 48  goal      clr  0.70  t  22.3  inf 167  N 23.8  mpc   3.8 ms  err 1.12
[199/450] latency=0.05 S2  F_NODELAY   seed 49  goal      clr  0.89  t  17.7  inf 151  N 26.0  mpc   4.2 ms  err 1.29
[200/450] latency=0.05 S2  F_NODELAY   seed 50  timeout   clr  0.10  t  40.0  inf 386  N 22.8  mpc   3.9 ms  err 1.26
[201/450] latency=0.05 S2  FR_SAFE_1   seed  1  goal      clr  0.40  t  24.2  inf  25  N 21.8  mpc   3.5 ms  err 1.00
[202/450] latency=0.05 S2  FR_SAFE_1   seed  2  goal      clr  0.62  t  19.1  inf  20  N 24.7  mpc   3.8 ms  err 0.39
[203/450] latency=0.05 S2  FR_SAFE_1   seed  3  goal      clr  0.99  t  21.4  inf  22  N 21.7  mpc   3.1 ms  err 0.41
[204/450] latency=0.05 S2  FR_SAFE_1   seed  4  goal      clr  3.49  t  16.7  inf  17  N 23.3  mpc   2.8 ms  err 0.73
[205/450] latency=0.05 S2  FR_SAFE_1   seed  5  goal      clr  1.99  t  16.9  inf  17  N 21.9  mpc   3.0 ms  err 1.19
[206/450] latency=0.05 S2  FR_SAFE_1   seed  6  goal      clr  0.82  t  15.7  inf  16  N 22.7  mpc   3.0 ms  err 1.05
[207/450] latency=0.05 S2  FR_SAFE_1   seed  7  goal      clr  0.64  t  18.4  inf  19  N 23.9  mpc   3.5 ms  err 0.54
[208/450] latency=0.05 S2  FR_SAFE_1   seed  8  goal      clr  1.97  t  18.0  inf  18  N 23.3  mpc   3.2 ms  err 0.68
[209/450] latency=0.05 S2  FR_SAFE_1   seed  9  goal      clr  1.48  t  14.4  inf  15  N 24.7  mpc   3.5 ms  err 0.89
[210/450] latency=0.05 S2  FR_SAFE_1   seed 10  goal      clr  2.07  t  17.8  inf  18  N 22.5  mpc   3.0 ms  err 1.04
[211/450] latency=0.05 S2  FR_SAFE_1   seed 11  goal      clr  0.80  t  19.7  inf  20  N 26.0  mpc   4.4 ms  err 0.72
[212/450] latency=0.05 S2  FR_SAFE_1   seed 12  goal      clr  0.81  t  21.5  inf  22  N 23.0  mpc   3.6 ms  err 0.55
[213/450] latency=0.05 S2  FR_SAFE_1   seed 13  goal      clr  1.26  t  18.1  inf  19  N 24.5  mpc   3.6 ms  err 0.55
[214/450] latency=0.05 S2  FR_SAFE_1   seed 14  goal      clr  0.88  t  15.7  inf  16  N 25.5  mpc   3.5 ms  err 0.73
[215/450] latency=0.05 S2  FR_SAFE_1   seed 15  goal      clr  1.51  t  16.8  inf  17  N 23.0  mpc   3.1 ms  err 0.45
[216/450] latency=0.05 S2  FR_SAFE_1   seed 16  goal      clr  0.42  t  19.5  inf  20  N 24.3  mpc   4.2 ms  err 0.53
[217/450] latency=0.05 S2  FR_SAFE_1   seed 17  goal      clr  0.93  t  17.8  inf  18  N 24.0  mpc   3.7 ms  err 0.53
[218/450] latency=0.05 S2  FR_SAFE_1   seed 18  goal      clr  0.95  t  24.9  inf  25  N 23.9  mpc   4.1 ms  err 0.39
[219/450] latency=0.05 S2  FR_SAFE_1   seed 19  goal      clr  1.89  t  16.0  inf  16  N 22.9  mpc   2.9 ms  err 0.93
[220/450] latency=0.05 S2  FR_SAFE_1   seed 20  goal      clr  0.84  t  20.2  inf  21  N 24.5  mpc   4.0 ms  err 0.50
[221/450] latency=0.05 S2  FR_SAFE_1   seed 21  goal      clr  0.93  t  17.1  inf  18  N 25.5  mpc   3.8 ms  err 0.72
[222/450] latency=0.05 S2  FR_SAFE_1   seed 22  goal      clr  0.90  t  15.9  inf  16  N 24.3  mpc   3.4 ms  err 0.56
[223/450] latency=0.05 S2  FR_SAFE_1   seed 23  goal      clr  0.88  t  19.1  inf  20  N 23.5  mpc   3.1 ms  err 0.64
[224/450] latency=0.05 S2  FR_SAFE_1   seed 24  goal      clr  1.13  t  16.5  inf  17  N 24.6  mpc   3.3 ms  err 0.75
[225/450] latency=0.05 S2  FR_SAFE_1   seed 25  goal      clr  0.66  t  27.7  inf  28  N 24.3  mpc   4.3 ms  err 0.60
[226/450] latency=0.05 S2  FR_SAFE_1   seed 26  goal      clr  0.92  t  17.3  inf  18  N 22.8  mpc   2.8 ms  err 0.33
[227/450] latency=0.05 S2  FR_SAFE_1   seed 27  goal      clr  0.44  t  22.4  inf  23  N 24.5  mpc   3.6 ms  err 0.49
[228/450] latency=0.05 S2  FR_SAFE_1   seed 28  goal      clr  0.37  t  22.4  inf  23  N 24.2  mpc   3.8 ms  err 0.54
[229/450] latency=0.05 S2  FR_SAFE_1   seed 29  goal      clr  0.73  t  17.8  inf  18  N 21.6  mpc   2.7 ms  err 0.56
[230/450] latency=0.05 S2  FR_SAFE_1   seed 30  goal      clr  0.76  t  23.2  inf  24  N 24.4  mpc   3.7 ms  err 0.47
[231/450] latency=0.05 S2  FR_SAFE_1   seed 31  goal      clr  0.57  t  23.6  inf  24  N 22.0  mpc   3.0 ms  err 0.50
[232/450] latency=0.05 S2  FR_SAFE_1   seed 32  goal      clr  1.34  t  17.5  inf  18  N 23.3  mpc   3.0 ms  err 0.75
[233/450] latency=0.05 S2  FR_SAFE_1   seed 33  goal      clr  1.59  t  15.2  inf  16  N 22.9  mpc   2.9 ms  err 0.61
[234/450] latency=0.05 S2  FR_SAFE_1   seed 34  goal      clr  0.52  t  21.1  inf  22  N 23.9  mpc   3.5 ms  err 0.51
[235/450] latency=0.05 S2  FR_SAFE_1   seed 35  goal      clr  0.95  t  14.8  inf  15  N 23.6  mpc   3.4 ms  err 0.54
[236/450] latency=0.05 S2  FR_SAFE_1   seed 36  goal      clr  0.72  t  27.5  inf  28  N 23.7  mpc   4.0 ms  err 0.47
[237/450] latency=0.05 S2  FR_SAFE_1   seed 37  goal      clr  0.70  t  19.5  inf  20  N 24.5  mpc   3.9 ms  err 0.49
[238/450] latency=0.05 S2  FR_SAFE_1   seed 38  goal      clr  0.67  t  23.4  inf  24  N 22.6  mpc   3.5 ms  err 0.56
[239/450] latency=0.05 S2  FR_SAFE_1   seed 39  goal      clr  1.00  t  17.3  inf  18  N 22.6  mpc   3.1 ms  err 0.70
[240/450] latency=0.05 S2  FR_SAFE_1   seed 40  goal      clr  0.58  t  23.8  inf  24  N 24.2  mpc   3.7 ms  err 0.42
[241/450] latency=0.05 S2  FR_SAFE_1   seed 41  goal      clr  0.64  t  30.8  inf  31  N 21.6  mpc   3.1 ms  err 0.50
[242/450] latency=0.05 S2  FR_SAFE_1   seed 42  goal      clr  0.59  t  22.5  inf  23  N 23.7  mpc   3.6 ms  err 0.37
[243/450] latency=0.05 S2  FR_SAFE_1   seed 43  goal      clr  0.70  t  22.0  inf  22  N 23.8  mpc   3.6 ms  err 0.51
[244/450] latency=0.05 S2  FR_SAFE_1   seed 44  goal      clr  0.80  t  18.8  inf  19  N 23.4  mpc   3.6 ms  err 0.53
[245/450] latency=0.05 S2  FR_SAFE_1   seed 45  goal      clr  1.04  t  16.5  inf  17  N 25.8  mpc   3.8 ms  err 0.62
[246/450] latency=0.05 S2  FR_SAFE_1   seed 46  goal      clr  0.72  t  22.3  inf  23  N 24.5  mpc   3.3 ms  err 0.60
[247/450] latency=0.05 S2  FR_SAFE_1   seed 47  goal      clr  0.83  t  18.1  inf  19  N 26.9  mpc   4.9 ms  err 0.65
[248/450] latency=0.05 S2  FR_SAFE_1   seed 48  goal      clr  0.95  t  21.8  inf  22  N 22.3  mpc   3.6 ms  err 0.77
[249/450] latency=0.05 S2  FR_SAFE_1   seed 49  goal      clr  0.73  t  23.4  inf  24  N 21.7  mpc   3.0 ms  err 0.75
[250/450] latency=0.05 S2  FR_SAFE_1   seed 50  goal      clr  0.52  t  17.6  inf  18  N 24.4  mpc   3.7 ms  err 0.64
[251/450] latency=0.05 S2  FR_SAFE_2   seed  1  goal      clr  0.55  t  16.4  inf  33  N 23.9  mpc   3.2 ms  err 0.39
[252/450] latency=0.05 S2  FR_SAFE_2   seed  2  goal      clr  0.36  t  16.1  inf  33  N 24.9  mpc   4.3 ms  err 0.39
[253/450] latency=0.05 S2  FR_SAFE_2   seed  3  goal      clr  0.75  t  14.8  inf  30  N 25.5  mpc   4.1 ms  err 0.30
[254/450] latency=0.05 S2  FR_SAFE_2   seed  4  goal      clr  0.63  t  19.3  inf  39  N 23.9  mpc   3.7 ms  err 0.56
[255/450] latency=0.05 S2  FR_SAFE_2   seed  5  goal      clr  0.78  t  16.1  inf  33  N 23.8  mpc   3.4 ms  err 0.68
[256/450] latency=0.05 S2  FR_SAFE_2   seed  6  goal      clr  0.83  t  14.6  inf  30  N 25.3  mpc   3.7 ms  err 0.67
[257/450] latency=0.05 S2  FR_SAFE_2   seed  7  goal      clr  0.66  t  17.1  inf  35  N 24.4  mpc   3.8 ms  err 0.29
[258/450] latency=0.05 S2  FR_SAFE_2   seed  8  goal      clr  1.29  t  23.1  inf  47  N 22.4  mpc   3.1 ms  err 0.49
[259/450] latency=0.05 S2  FR_SAFE_2   seed  9  goal      clr  0.65  t  16.1  inf  33  N 25.5  mpc   3.7 ms  err 0.42
[260/450] latency=0.05 S2  FR_SAFE_2   seed 10  goal      clr  0.51  t  21.3  inf  43  N 23.1  mpc   3.7 ms  err 0.41
[261/450] latency=0.05 S2  FR_SAFE_2   seed 11  goal      clr  0.58  t  17.1  inf  35  N 24.5  mpc   3.5 ms  err 0.74
[262/450] latency=0.05 S2  FR_SAFE_2   seed 12  goal      clr  0.46  t  18.5  inf  37  N 25.1  mpc   4.0 ms  err 0.40
[263/450] latency=0.05 S2  FR_SAFE_2   seed 13  goal      clr  0.38  t  24.8  inf  50  N 21.1  mpc   2.9 ms  err 0.45
[264/450] latency=0.05 S2  FR_SAFE_2   seed 14  goal      clr  0.76  t  17.9  inf  36  N 20.9  mpc   2.8 ms  err 0.25
[265/450] latency=0.05 S2  FR_SAFE_2   seed 15  goal      clr  0.64  t  14.3  inf  29  N 24.3  mpc   3.5 ms  err 0.53
[266/450] latency=0.05 S2  FR_SAFE_2   seed 16  goal      clr  0.53  t  16.8  inf  34  N 24.5  mpc   3.6 ms  err 0.65
[267/450] latency=0.05 S2  FR_SAFE_2   seed 17  goal      clr  0.50  t  16.6  inf  34  N 24.2  mpc   3.5 ms  err 0.35
[268/450] latency=0.05 S2  FR_SAFE_2   seed 18  goal      clr  0.93  t  15.4  inf  31  N 25.7  mpc   3.8 ms  err 0.51
[269/450] latency=0.05 S2  FR_SAFE_2   seed 19  goal      clr  0.46  t  20.6  inf  42  N 24.7  mpc   3.8 ms  err 0.45
[270/450] latency=0.05 S2  FR_SAFE_2   seed 20  goal      clr  0.67  t  15.1  inf  31  N 24.0  mpc   3.4 ms  err 0.60
[271/450] latency=0.05 S2  FR_SAFE_2   seed 21  goal      clr  0.77  t  13.8  inf  28  N 25.0  mpc   3.6 ms  err 0.44
[272/450] latency=0.05 S2  FR_SAFE_2   seed 22  goal      clr  0.58  t  15.6  inf  32  N 24.4  mpc   3.6 ms  err 0.40
[273/450] latency=0.05 S2  FR_SAFE_2   seed 23  goal      clr  0.64  t  16.2  inf  33  N 24.9  mpc   3.8 ms  err 0.44
[274/450] latency=0.05 S2  FR_SAFE_2   seed 24  goal      clr  0.43  t  17.1  inf  35  N 23.9  mpc   3.5 ms  err 0.38
[275/450] latency=0.05 S2  FR_SAFE_2   seed 25  goal      clr  0.62  t  20.3  inf  41  N 24.2  mpc   4.1 ms  err 0.49
[276/450] latency=0.05 S2  FR_SAFE_2   seed 26  goal      clr  0.57  t  16.0  inf  33  N 23.8  mpc   3.8 ms  err 0.61
[277/450] latency=0.05 S2  FR_SAFE_2   seed 27  goal      clr  0.69  t  17.1  inf  35  N 24.3  mpc   3.5 ms  err 0.32
[278/450] latency=0.05 S2  FR_SAFE_2   seed 28  goal      clr  0.49  t  14.6  inf  30  N 26.3  mpc   3.8 ms  err 0.33
[279/450] latency=0.05 S2  FR_SAFE_2   seed 29  goal      clr  1.04  t  12.9  inf  26  N 24.0  mpc   3.4 ms  err 0.88
[280/450] latency=0.05 S2  FR_SAFE_2   seed 30  goal      clr  0.66  t  18.9  inf  38  N 23.6  mpc   3.5 ms  err 0.64
[281/450] latency=0.05 S2  FR_SAFE_2   seed 31  goal      clr  0.74  t  16.8  inf  34  N 24.0  mpc   3.6 ms  err 0.46
[282/450] latency=0.05 S2  FR_SAFE_2   seed 32  goal      clr  0.45  t  24.9  inf  50  N 23.6  mpc   3.6 ms  err 0.75
[283/450] latency=0.05 S2  FR_SAFE_2   seed 33  goal      clr  0.20  t  16.6  inf  34  N 24.1  mpc   3.5 ms  err 0.89
[284/450] latency=0.05 S2  FR_SAFE_2   seed 34  goal      clr  0.63  t  16.4  inf  33  N 23.4  mpc   3.3 ms  err 0.45
[285/450] latency=0.05 S2  FR_SAFE_2   seed 35  goal      clr  0.71  t  14.7  inf  30  N 24.9  mpc   3.3 ms  err 0.83
[286/450] latency=0.05 S2  FR_SAFE_2   seed 36  timeout   clr  0.31  t  40.0  inf  80  N 16.7  mpc   2.9 ms  err 0.76
[287/450] latency=0.05 S2  FR_SAFE_2   seed 37  goal      clr  1.19  t  16.5  inf  33  N 23.6  mpc   3.5 ms  err 0.44
[288/450] latency=0.05 S2  FR_SAFE_2   seed 38  goal      clr  0.79  t  18.9  inf  38  N 23.7  mpc   3.2 ms  err 0.30
[289/450] latency=0.05 S2  FR_SAFE_2   seed 39  goal      clr  1.09  t  13.6  inf  28  N 24.6  mpc   3.6 ms  err 0.92
[290/450] latency=0.05 S2  FR_SAFE_2   seed 40  goal      clr  0.62  t  22.7  inf  46  N 23.6  mpc   3.5 ms  err 0.36
[291/450] latency=0.05 S2  FR_SAFE_2   seed 41  goal      clr  0.69  t  19.2  inf  39  N 23.8  mpc   3.5 ms  err 0.40
[292/450] latency=0.05 S2  FR_SAFE_2   seed 42  goal      clr  0.78  t  19.0  inf  39  N 22.2  mpc   3.1 ms  err 0.22
[293/450] latency=0.05 S2  FR_SAFE_2   seed 43  goal      clr  0.65  t  19.3  inf  39  N 22.9  mpc   3.2 ms  err 0.49
[294/450] latency=0.05 S2  FR_SAFE_2   seed 44  goal      clr  0.70  t  14.4  inf  29  N 24.8  mpc   3.5 ms  err 0.44
[295/450] latency=0.05 S2  FR_SAFE_2   seed 45  goal      clr  1.34  t  14.6  inf  30  N 24.6  mpc   3.4 ms  err 0.65
[296/450] latency=0.05 S2  FR_SAFE_2   seed 46  goal      clr  0.84  t  16.8  inf  34  N 24.7  mpc   3.5 ms  err 0.43
[297/450] latency=0.05 S2  FR_SAFE_2   seed 47  goal      clr  0.44  t  15.7  inf  32  N 25.9  mpc   3.9 ms  err 0.55
[298/450] latency=0.05 S2  FR_SAFE_2   seed 48  goal      clr  0.61  t  18.5  inf  37  N 24.3  mpc   3.6 ms  err 0.18
[299/450] latency=0.05 S2  FR_SAFE_2   seed 49  goal      clr  1.10  t  13.9  inf  28  N 24.2  mpc   3.5 ms  err 0.74
[300/450] latency=0.05 S2  FR_SAFE_2   seed 50  goal      clr  0.73  t  14.3  inf  29  N 25.2  mpc   3.7 ms  err 0.45
[301/450] latency=0.05 S2  FR_SAFE_3   seed  1  goal      clr  0.99  t  17.1  inf  51  N 23.3  mpc   3.3 ms  err 0.77
[302/450] latency=0.05 S2  FR_SAFE_3   seed  2  goal      clr  0.52  t  16.0  inf  47  N 25.5  mpc   3.8 ms  err 0.61
[303/450] latency=0.05 S2  FR_SAFE_3   seed  3  goal      clr  0.67  t  15.0  inf  45  N 24.3  mpc   3.5 ms  err 0.26
[304/450] latency=0.05 S2  FR_SAFE_3   seed  4  goal      clr  0.77  t  14.9  inf  44  N 25.2  mpc   3.5 ms  err 0.49
[305/450] latency=0.05 S2  FR_SAFE_3   seed  5  goal      clr  0.60  t  15.9  inf  47  N 24.1  mpc   3.4 ms  err 0.68
[306/450] latency=0.05 S2  FR_SAFE_3   seed  6  goal      clr  0.66  t  16.6  inf  49  N 26.4  mpc   4.8 ms  err 0.39
[307/450] latency=0.05 S2  FR_SAFE_3   seed  7  goal      clr  0.84  t  15.0  inf  45  N 23.7  mpc   3.9 ms  err 0.84
[308/450] latency=0.05 S2  FR_SAFE_3   seed  8  goal      clr  0.75  t  14.8  inf  44  N 23.8  mpc   3.2 ms  err 0.44
[309/450] latency=0.05 S2  FR_SAFE_3   seed  9  goal      clr  0.47  t  16.6  inf  49  N 24.7  mpc   3.7 ms  err 0.43
[310/450] latency=0.05 S2  FR_SAFE_3   seed 10  goal      clr  0.50  t  17.9  inf  53  N 24.6  mpc   3.6 ms  err 0.38
[311/450] latency=0.05 S2  FR_SAFE_3   seed 11  goal      clr  0.78  t  17.1  inf  51  N 24.0  mpc   3.5 ms  err 0.36
[312/450] latency=0.05 S2  FR_SAFE_3   seed 12  goal      clr  0.70  t  19.7  inf  58  N 21.9  mpc   3.6 ms  err 0.52
[313/450] latency=0.05 S2  FR_SAFE_3   seed 13  goal      clr  0.65  t  14.7  inf  44  N 25.0  mpc   4.1 ms  err 0.34
[314/450] latency=0.05 S2  FR_SAFE_3   seed 14  goal      clr  1.59  t  17.1  inf  51  N 21.5  mpc   3.0 ms  err 0.85
[315/450] latency=0.05 S2  FR_SAFE_3   seed 15  goal      clr  0.89  t  13.7  inf  41  N 24.6  mpc   3.4 ms  err 0.57
[316/450] latency=0.05 S2  FR_SAFE_3   seed 16  goal      clr  0.51  t  18.3  inf  54  N 24.6  mpc   3.4 ms  err 0.35
[317/450] latency=0.05 S2  FR_SAFE_3   seed 17  goal      clr  0.59  t  15.8  inf  47  N 25.5  mpc   3.8 ms  err 0.48
[318/450] latency=0.05 S2  FR_SAFE_3   seed 18  goal      clr  1.07  t  15.7  inf  47  N 23.8  mpc   3.4 ms  err 0.85
[319/450] latency=0.05 S2  FR_SAFE_3   seed 19  goal      clr  0.59  t  16.5  inf  49  N 23.3  mpc   3.7 ms  err 0.35
[320/450] latency=0.05 S2  FR_SAFE_3   seed 20  goal      clr  0.62  t  14.9  inf  44  N 24.7  mpc   3.5 ms  err 0.44
[321/450] latency=0.05 S2  FR_SAFE_3   seed 21  goal      clr  0.60  t  15.7  inf  47  N 25.4  mpc   3.9 ms  err 0.56
[322/450] latency=0.05 S2  FR_SAFE_3   seed 22  goal      clr  0.62  t  16.1  inf  48  N 24.7  mpc   3.7 ms  err 0.40
[323/450] latency=0.05 S2  FR_SAFE_3   seed 23  goal      clr  0.68  t  19.6  inf  58  N 24.9  mpc   4.0 ms  err 0.36
[324/450] latency=0.05 S2  FR_SAFE_3   seed 24  goal      clr  0.70  t  16.7  inf  50  N 24.7  mpc   3.8 ms  err 0.53
[325/450] latency=0.05 S2  FR_SAFE_3   seed 25  goal      clr  0.52  t  18.0  inf  53  N 24.5  mpc   4.1 ms  err 0.91
[326/450] latency=0.05 S2  FR_SAFE_3   seed 26  goal      clr  0.80  t  15.8  inf  47  N 24.8  mpc   3.4 ms  err 0.78
[327/450] latency=0.05 S2  FR_SAFE_3   seed 27  goal      clr  0.68  t  16.7  inf  50  N 24.9  mpc   3.7 ms  err 0.55
[328/450] latency=0.05 S2  FR_SAFE_3   seed 28  goal      clr  0.80  t  19.3  inf  57  N 22.2  mpc   3.0 ms  err 0.43
[329/450] latency=0.05 S2  FR_SAFE_3   seed 29  goal      clr  0.83  t  13.3  inf  40  N 24.2  mpc   3.3 ms  err 0.64
[330/450] latency=0.05 S2  FR_SAFE_3   seed 30  goal      clr  0.57  t  17.6  inf  52  N 24.7  mpc   3.4 ms  err 0.60
[331/450] latency=0.05 S2  FR_SAFE_3   seed 31  goal      clr  0.71  t  16.6  inf  49  N 23.9  mpc   3.9 ms  err 0.67
[332/450] latency=0.05 S2  FR_SAFE_3   seed 32  goal      clr  0.60  t  14.8  inf  44  N 25.1  mpc   4.4 ms  err 0.88
[333/450] latency=0.05 S2  FR_SAFE_3   seed 33  goal      clr  0.57  t  15.2  inf  45  N 24.3  mpc   3.5 ms  err 0.94
[334/450] latency=0.05 S2  FR_SAFE_3   seed 34  goal      clr  0.52  t  15.0  inf  45  N 24.4  mpc   3.8 ms  err 0.49
[335/450] latency=0.05 S2  FR_SAFE_3   seed 35  goal      clr  0.56  t  15.0  inf  45  N 25.1  mpc   3.4 ms  err 0.63
[336/450] latency=0.05 S2  FR_SAFE_3   seed 36  goal      clr  1.04  t  18.0  inf  53  N 22.4  mpc   3.3 ms  err 0.52
[337/450] latency=0.05 S2  FR_SAFE_3   seed 37  goal      clr  0.78  t  15.5  inf  46  N 25.3  mpc   3.6 ms  err 0.23
[338/450] latency=0.05 S2  FR_SAFE_3   seed 38  goal      clr  0.54  t  16.1  inf  48  N 26.2  mpc   4.0 ms  err 0.45
[339/450] latency=0.05 S2  FR_SAFE_3   seed 39  goal      clr  0.89  t  13.7  inf  41  N 24.8  mpc   3.5 ms  err 0.50
[340/450] latency=0.05 S2  FR_SAFE_3   seed 40  goal      clr  0.71  t  16.7  inf  50  N 23.8  mpc   3.4 ms  err 0.51
[341/450] latency=0.05 S2  FR_SAFE_3   seed 41  goal      clr  0.67  t  15.8  inf  47  N 24.7  mpc   4.1 ms  err 0.34
[342/450] latency=0.05 S2  FR_SAFE_3   seed 42  goal      clr  0.74  t  17.7  inf  53  N 24.4  mpc   3.6 ms  err 0.49
[343/450] latency=0.05 S2  FR_SAFE_3   seed 43  goal      clr  0.83  t  17.4  inf  52  N 24.9  mpc   3.6 ms  err 0.78
[344/450] latency=0.05 S2  FR_SAFE_3   seed 44  goal      clr  0.72  t  14.2  inf  42  N 24.6  mpc   3.6 ms  err 0.46
[345/450] latency=0.05 S2  FR_SAFE_3   seed 45  goal      clr  0.68  t  15.8  inf  47  N 25.2  mpc   3.6 ms  err 0.29
[346/450] latency=0.05 S2  FR_SAFE_3   seed 46  goal      clr  1.11  t  19.3  inf  57  N 22.8  mpc   3.2 ms  err 0.69
[347/450] latency=0.05 S2  FR_SAFE_3   seed 47  goal      clr  0.77  t  15.0  inf  45  N 25.6  mpc   3.7 ms  err 0.23
[348/450] latency=0.05 S2  FR_SAFE_3   seed 48  goal      clr  0.56  t  19.0  inf  56  N 24.4  mpc   3.9 ms  err 0.57
[349/450] latency=0.05 S2  FR_SAFE_3   seed 49  goal      clr  0.71  t  13.8  inf  41  N 24.8  mpc   4.3 ms  err 0.53
[350/450] latency=0.05 S2  FR_SAFE_3   seed 50  goal      clr  0.56  t  15.4  inf  46  N 23.0  mpc   3.2 ms  err 0.26
[351/450] latency=0.05 S2  FR_SAFE_5   seed  1  goal      clr  0.58  t  17.2  inf  87  N 21.8  mpc   3.2 ms  err 0.51
[352/450] latency=0.05 S2  FR_SAFE_5   seed  2  goal      clr  0.30  t  16.0  inf  80  N 24.9  mpc   3.8 ms  err 0.44
[353/450] latency=0.05 S2  FR_SAFE_5   seed  3  goal      clr  0.71  t  15.9  inf  80  N 25.1  mpc   3.6 ms  err 0.31
[354/450] latency=0.05 S2  FR_SAFE_5   seed  4  goal      clr  0.77  t  16.2  inf  81  N 25.0  mpc   3.7 ms  err 0.35
[355/450] latency=0.05 S2  FR_SAFE_5   seed  5  goal      clr  0.62  t  17.3  inf  87  N 25.2  mpc   4.2 ms  err 0.57
[356/450] latency=0.05 S2  FR_SAFE_5   seed  6  goal      clr  0.65  t  17.8  inf  90  N 25.5  mpc   4.7 ms  err 0.32
[357/450] latency=0.05 S2  FR_SAFE_5   seed  7  goal      clr  0.79  t  14.4  inf  73  N 24.0  mpc   3.3 ms  err 0.45
[358/450] latency=0.05 S2  FR_SAFE_5   seed  8  goal      clr  0.66  t  14.8  inf  75  N 25.1  mpc   3.7 ms  err 0.34
[359/450] latency=0.05 S2  FR_SAFE_5   seed  9  goal      clr  0.57  t  16.0  inf  81  N 25.2  mpc   3.6 ms  err 0.38
[360/450] latency=0.05 S2  FR_SAFE_5   seed 10  goal      clr  0.75  t  14.6  inf  73  N 25.4  mpc   3.8 ms  err 0.59
[361/450] latency=0.05 S2  FR_SAFE_5   seed 11  goal      clr  0.61  t  15.3  inf  77  N 24.8  mpc   3.5 ms  err 0.40
[362/450] latency=0.05 S2  FR_SAFE_5   seed 12  goal      clr  0.69  t  17.3  inf  87  N 23.8  mpc   3.7 ms  err 0.37
[363/450] latency=0.05 S2  FR_SAFE_5   seed 13  goal      clr  0.55  t  16.9  inf  85  N 24.5  mpc   3.6 ms  err 0.36
[364/450] latency=0.05 S2  FR_SAFE_5   seed 14  goal      clr  0.51  t  17.2  inf  86  N 22.4  mpc   3.2 ms  err 0.32
[365/450] latency=0.05 S2  FR_SAFE_5   seed 15  goal      clr  0.78  t  13.8  inf  70  N 24.8  mpc   4.0 ms  err 0.43
[366/450] latency=0.05 S2  FR_SAFE_5   seed 16  goal      clr  0.57  t  14.8  inf  74  N 25.6  mpc   3.7 ms  err 0.34
[367/450] latency=0.05 S2  FR_SAFE_5   seed 17  goal      clr  0.73  t  15.1  inf  76  N 24.2  mpc   3.6 ms  err 0.20
[368/450] latency=0.05 S2  FR_SAFE_5   seed 18  goal      clr  0.53  t  15.1  inf  76  N 25.6  mpc   3.7 ms  err 0.23
[369/450] latency=0.05 S2  FR_SAFE_5   seed 19  goal      clr  0.74  t  21.1  inf 106  N 21.6  mpc   3.2 ms  err 0.51
[370/450] latency=0.05 S2  FR_SAFE_5   seed 20  goal      clr  0.72  t  14.4  inf  73  N 24.4  mpc   3.4 ms  err 0.45
[371/450] latency=0.05 S2  FR_SAFE_5   seed 21  goal      clr  0.56  t  22.0  inf 111  N 22.5  mpc   3.3 ms  err 0.41
[372/450] latency=0.05 S2  FR_SAFE_5   seed 22  goal      clr  0.66  t  15.6  inf  79  N 22.6  mpc   3.4 ms  err 0.51
[373/450] latency=0.05 S2  FR_SAFE_5   seed 23  goal      clr  0.41  t  16.2  inf  81  N 24.4  mpc   3.8 ms  err 0.33
[374/450] latency=0.05 S2  FR_SAFE_5   seed 24  goal      clr  0.73  t  18.2  inf  91  N 23.1  mpc   3.4 ms  err 0.44
[375/450] latency=0.05 S2  FR_SAFE_5   seed 25  goal      clr  0.47  t  21.3  inf 107  N 24.8  mpc   4.2 ms  err 0.49
[376/450] latency=0.05 S2  FR_SAFE_5   seed 26  goal      clr  0.61  t  15.9  inf  80  N 24.7  mpc   3.7 ms  err 0.54
[377/450] latency=0.05 S2  FR_SAFE_5   seed 27  goal      clr  0.59  t  19.0  inf  95  N 24.9  mpc   3.7 ms  err 0.44
[378/450] latency=0.05 S2  FR_SAFE_5   seed 28  goal      clr  0.67  t  14.4  inf  73  N 26.2  mpc   3.7 ms  err 0.47
[379/450] latency=0.05 S2  FR_SAFE_5   seed 29  goal      clr  0.68  t  16.8  inf  85  N 23.9  mpc   3.5 ms  err 0.40
[380/450] latency=0.05 S2  FR_SAFE_5   seed 30  goal      clr  0.47  t  18.5  inf  93  N 23.2  mpc   3.4 ms  err 0.40
[381/450] latency=0.05 S2  FR_SAFE_5   seed 31  goal      clr  0.73  t  16.6  inf  83  N 24.0  mpc   4.4 ms  err 0.21
[382/450] latency=0.05 S2  FR_SAFE_5   seed 32  goal      clr  0.65  t  14.3  inf  72  N 25.1  mpc   4.5 ms  err 0.45
[383/450] latency=0.05 S2  FR_SAFE_5   seed 33  goal      clr  0.60  t  14.2  inf  71  N 24.4  mpc   4.2 ms  err 0.76
[384/450] latency=0.05 S2  FR_SAFE_5   seed 34  goal      clr  0.64  t  15.2  inf  76  N 24.3  mpc   3.6 ms  err 0.27
[385/450] latency=0.05 S2  FR_SAFE_5   seed 35  goal      clr  0.71  t  14.7  inf  74  N 25.4  mpc   3.7 ms  err 0.53
[386/450] latency=0.05 S2  FR_SAFE_5   seed 36  goal      clr  0.58  t  18.1  inf  91  N 24.0  mpc   3.5 ms  err 0.38
[387/450] latency=0.05 S2  FR_SAFE_5   seed 37  goal      clr  0.36  t  18.5  inf  93  N 23.7  mpc   3.4 ms  err 0.52
[388/450] latency=0.05 S2  FR_SAFE_5   seed 38  goal      clr  0.62  t  14.9  inf  75  N 26.2  mpc   3.9 ms  err 0.60
[389/450] latency=0.05 S2  FR_SAFE_5   seed 39  goal      clr  0.71  t  13.8  inf  69  N 24.5  mpc   3.5 ms  err 1.07
[390/450] latency=0.05 S2  FR_SAFE_5   seed 40  goal      clr  0.65  t  14.8  inf  75  N 26.0  mpc   4.1 ms  err 0.30
[391/450] latency=0.05 S2  FR_SAFE_5   seed 41  goal      clr  0.55  t  23.2  inf 117  N 24.5  mpc   3.9 ms  err 0.55
[392/450] latency=0.05 S2  FR_SAFE_5   seed 42  goal      clr  0.46  t  16.5  inf  83  N 24.7  mpc   3.6 ms  err 0.21
[393/450] latency=0.05 S2  FR_SAFE_5   seed 43  goal      clr  0.61  t  16.1  inf  81  N 24.2  mpc   3.5 ms  err 0.38
[394/450] latency=0.05 S2  FR_SAFE_5   seed 44  goal      clr  0.64  t  14.3  inf  72  N 24.7  mpc   3.7 ms  err 0.36
[395/450] latency=0.05 S2  FR_SAFE_5   seed 45  goal      clr  0.78  t  19.9  inf 100  N 24.1  mpc   3.5 ms  err 0.38
[396/450] latency=0.05 S2  FR_SAFE_5   seed 46  goal      clr  0.52  t  14.0  inf  71  N 25.3  mpc   3.6 ms  err 0.37
[397/450] latency=0.05 S2  FR_SAFE_5   seed 47  goal      clr  0.52  t  15.1  inf  76  N 24.7  mpc   3.7 ms  err 0.53
[398/450] latency=0.05 S2  FR_SAFE_5   seed 48  goal      clr  0.50  t  14.4  inf  72  N 25.2  mpc   3.7 ms  err 0.49
[399/450] latency=0.05 S2  FR_SAFE_5   seed 49  goal      clr  0.77  t  13.9  inf  70  N 25.0  mpc   3.5 ms  err 0.59
[400/450] latency=0.05 S2  FR_SAFE_5   seed 50  goal      clr  0.50  t  20.7  inf 104  N 23.6  mpc   3.6 ms  err 0.56
[401/450] latency=0.05 S2  FR_SAFE_10  seed  1  goal      clr  0.57  t  18.3  inf 183  N 22.9  mpc   3.5 ms  err 0.23
[402/450] latency=0.05 S2  FR_SAFE_10  seed  2  goal      clr  0.63  t  16.2  inf 162  N 23.8  mpc   4.1 ms  err 0.53
[403/450] latency=0.05 S2  FR_SAFE_10  seed  3  goal      clr  0.50  t  16.0  inf 160  N 25.5  mpc   4.0 ms  err 0.39
[404/450] latency=0.05 S2  FR_SAFE_10  seed  4  goal      clr  0.64  t  15.9  inf 159  N 24.7  mpc   3.9 ms  err 0.46
[405/450] latency=0.05 S2  FR_SAFE_10  seed  5  goal      clr  0.62  t  16.5  inf 165  N 22.5  mpc   3.4 ms  err 0.60
[406/450] latency=0.05 S2  FR_SAFE_10  seed  6  goal      clr  0.65  t  17.1  inf 171  N 24.1  mpc   3.7 ms  err 0.44
[407/450] latency=0.05 S2  FR_SAFE_10  seed  7  goal      clr  0.82  t  14.8  inf 148  N 22.9  mpc   3.3 ms  err 0.39
[408/450] latency=0.05 S2  FR_SAFE_10  seed  8  goal      clr  0.57  t  15.1  inf 151  N 25.1  mpc   4.3 ms  err 0.48
[409/450] latency=0.05 S2  FR_SAFE_10  seed  9  goal      clr  0.50  t  16.2  inf 162  N 25.5  mpc   4.2 ms  err 0.30
[410/450] latency=0.05 S2  FR_SAFE_10  seed 10  goal      clr  0.74  t  14.3  inf 143  N 25.5  mpc   3.9 ms  err 0.47
[411/450] latency=0.05 S2  FR_SAFE_10  seed 11  goal      clr  0.47  t  16.2  inf 162  N 24.1  mpc   3.7 ms  err 0.52
[412/450] latency=0.05 S2  FR_SAFE_10  seed 12  goal      clr  0.93  t  18.3  inf 182  N 22.0  mpc   3.8 ms  err 0.41
[413/450] latency=0.05 S2  FR_SAFE_10  seed 13  goal      clr  0.70  t  15.3  inf 153  N 24.8  mpc   3.8 ms  err 0.39
[414/450] latency=0.05 S2  FR_SAFE_10  seed 14  goal      clr  0.67  t  16.4  inf 164  N 23.8  mpc   3.7 ms  err 0.36
[415/450] latency=0.05 S2  FR_SAFE_10  seed 15  goal      clr  0.71  t  14.1  inf 140  N 24.4  mpc   3.6 ms  err 0.53
[416/450] latency=0.05 S2  FR_SAFE_10  seed 16  goal      clr  0.48  t  18.3  inf 183  N 24.6  mpc   3.8 ms  err 0.45
[417/450] latency=0.05 S2  FR_SAFE_10  seed 17  goal      clr  0.58  t  16.5  inf 166  N 24.2  mpc   3.8 ms  err 0.33
[418/450] latency=0.05 S2  FR_SAFE_10  seed 18  goal      clr  0.55  t  15.3  inf 153  N 25.5  mpc   4.0 ms  err 0.29
[419/450] latency=0.05 S2  FR_SAFE_10  seed 19  goal      clr  0.47  t  16.2  inf 163  N 25.1  mpc   4.0 ms  err 0.41
[420/450] latency=0.05 S2  FR_SAFE_10  seed 20  goal      clr  0.68  t  14.4  inf 144  N 25.5  mpc   3.8 ms  err 0.29
[421/450] latency=0.05 S2  FR_SAFE_10  seed 21  goal      clr  0.72  t  13.7  inf 137  N 24.4  mpc   3.6 ms  err 0.33
[422/450] latency=0.05 S2  FR_SAFE_10  seed 22  goal      clr  0.52  t  16.4  inf 164  N 22.1  mpc   3.4 ms  err 0.60
[423/450] latency=0.05 S2  FR_SAFE_10  seed 23  goal      clr  0.64  t  15.9  inf 159  N 24.9  mpc   3.9 ms  err 0.42
[424/450] latency=0.05 S2  FR_SAFE_10  seed 24  goal      clr  0.58  t  18.3  inf 183  N 23.3  mpc   4.3 ms  err 0.69
[425/450] latency=0.05 S2  FR_SAFE_10  seed 25  goal      clr  0.59  t  14.8  inf 148  N 25.5  mpc   3.9 ms  err 0.51
[426/450] latency=0.05 S2  FR_SAFE_10  seed 26  goal      clr  0.93  t  15.8  inf 159  N 23.9  mpc   4.0 ms  err 0.68
[427/450] latency=0.05 S2  FR_SAFE_10  seed 27  goal      clr  0.56  t  15.0  inf 150  N 25.6  mpc   4.0 ms  err 0.32
[428/450] latency=0.05 S2  FR_SAFE_10  seed 28  goal      clr  0.76  t  14.4  inf 144  N 26.2  mpc   3.9 ms  err 0.41
[429/450] latency=0.05 S2  FR_SAFE_10  seed 29  goal      clr  0.61  t  14.2  inf 141  N 25.1  mpc   4.1 ms  err 0.43
[430/450] latency=0.05 S2  FR_SAFE_10  seed 30  goal      clr  0.66  t  18.3  inf 183  N 23.9  mpc   4.4 ms  err 0.53
[431/450] latency=0.05 S2  FR_SAFE_10  seed 31  goal      clr  0.60  t  18.4  inf 184  N 23.2  mpc   3.8 ms  err 0.41
[432/450] latency=0.05 S2  FR_SAFE_10  seed 32  goal      clr  0.36  t  15.8  inf 158  N 27.0  mpc   4.4 ms  err 0.41
[433/450] latency=0.05 S2  FR_SAFE_10  seed 33  goal      clr  0.76  t  14.3  inf 144  N 24.7  mpc   3.8 ms  err 0.78
[434/450] latency=0.05 S2  FR_SAFE_10  seed 34  goal      clr  0.50  t  16.0  inf 160  N 24.5  mpc   3.9 ms  err 0.47
[435/450] latency=0.05 S2  FR_SAFE_10  seed 35  goal      clr  0.67  t  16.5  inf 165  N 25.7  mpc   4.0 ms  err 0.84
[436/450] latency=0.05 S2  FR_SAFE_10  seed 36  goal      clr  0.50  t  16.0  inf 160  N 23.4  mpc   3.8 ms  err 0.49
[437/450] latency=0.05 S2  FR_SAFE_10  seed 37  goal      clr  0.60  t  15.5  inf 155  N 25.9  mpc   4.0 ms  err 0.33
[438/450] latency=0.05 S2  FR_SAFE_10  seed 38  goal      clr  0.39  t  16.3  inf 163  N 25.3  mpc   4.2 ms  err 0.46
[439/450] latency=0.05 S2  FR_SAFE_10  seed 39  goal      clr  0.63  t  13.8  inf 138  N 24.6  mpc   3.8 ms  err 0.93
[440/450] latency=0.05 S2  FR_SAFE_10  seed 40  goal      clr  0.67  t  15.4  inf 155  N 25.5  mpc   3.9 ms  err 0.41
[441/450] latency=0.05 S2  FR_SAFE_10  seed 41  goal      clr  0.66  t  17.4  inf 175  N 25.6  mpc   4.1 ms  err 0.26
[442/450] latency=0.05 S2  FR_SAFE_10  seed 42  goal      clr  0.48  t  16.2  inf 162  N 25.8  mpc   4.0 ms  err 0.46
[443/450] latency=0.05 S2  FR_SAFE_10  seed 43  goal      clr  0.67  t  19.3  inf 193  N 23.2  mpc   3.6 ms  err 0.48
[444/450] latency=0.05 S2  FR_SAFE_10  seed 44  goal      clr  0.54  t  17.0  inf 169  N 24.4  mpc   3.8 ms  err 0.34
[445/450] latency=0.05 S2  FR_SAFE_10  seed 45  goal      clr  0.70  t  16.2  inf 162  N 24.5  mpc   3.7 ms  err 0.26
[446/450] latency=0.05 S2  FR_SAFE_10  seed 46  goal      clr  0.89  t  15.2  inf 152  N 25.0  mpc   4.3 ms  err 0.76
[447/450] latency=0.05 S2  FR_SAFE_10  seed 47  goal      clr  0.72  t  19.4  inf 194  N 23.1  mpc   3.8 ms  err 0.93
[448/450] latency=0.05 S2  FR_SAFE_10  seed 48  goal      clr  0.48  t  15.9  inf 160  N 24.4  mpc   3.9 ms  err 0.58
[449/450] latency=0.05 S2  FR_SAFE_10  seed 49  goal      clr  0.75  t  13.9  inf 140  N 25.1  mpc   3.9 ms  err 0.36
[450/450] latency=0.05 S2  FR_SAFE_10  seed 50  goal      clr  0.51  t  20.5  inf 205  N 24.8  mpc   4.0 ms  err 0.53
