[  1/450] speed=3 S2  E_DART      seed  1  goal      clr  0.65  t  18.1  inf  48  N 22.5  mpc   4.4 ms  err 0.53
[  2/450] speed=3 S2  E_DART      seed  2  goal      clr  0.99  t  19.5  inf  57  N 22.0  mpc   4.0 ms  err 0.36
[  3/450] speed=3 S2  E_DART      seed  3  goal      clr  0.48  t  17.6  inf  60  N 24.5  mpc   3.7 ms  err 0.34
[  4/450] speed=3 S2  E_DART      seed  4  goal      clr  2.30  t  20.5  inf  31  N 19.5  mpc   2.6 ms  err 0.95
[  5/450] speed=3 S2  E_DART      seed  5  goal      clr  0.59  t  18.9  inf  46  N 20.6  mpc   3.0 ms  err 0.83
[  6/450] speed=3 S2  E_DART      seed  6  goal      clr  0.79  t  20.7  inf  49  N 20.7  mpc   2.8 ms  err 0.82
[  7/450] speed=3 S2  E_DART      seed  7  goal      clr  0.56  t  17.0  inf  71  N 24.0  mpc   3.5 ms  err 0.48
[  8/450] speed=3 S2  E_DART      seed  8  goal      clr  0.72  t  23.8  inf  80  N 22.7  mpc   3.7 ms  err 0.56
[  9/450] speed=3 S2  E_DART      seed  9  goal      clr  0.43  t  22.6  inf  83  N 23.6  mpc   3.4 ms  err 0.48
[ 10/450] speed=3 S2  E_DART      seed 10  goal      clr  0.43  t  25.8  inf  72  N 21.3  mpc   3.1 ms  err 0.48
[ 11/450] speed=3 S2  E_DART      seed 11  goal      clr  0.58  t  17.0  inf  68  N 24.4  mpc   3.6 ms  err 0.32
[ 12/450] speed=3 S2  E_DART      seed 12  goal      clr  0.54  t  20.6  inf  69  N 22.8  mpc   3.2 ms  err 0.40
[ 13/450] speed=3 S2  E_DART      seed 13  goal      clr  0.63  t  17.6  inf  51  N 22.3  mpc   3.3 ms  err 0.79
[ 14/450] speed=3 S2  E_DART      seed 14  goal      clr  0.60  t  20.0  inf  40  N 18.9  mpc   2.5 ms  err 0.56
[ 15/450] speed=3 S2  E_DART      seed 15  goal      clr  0.58  t  17.7  inf  62  N 23.0  mpc   3.3 ms  err 0.39
[ 16/450] speed=3 S2  E_DART      seed 16  goal      clr  0.63  t  17.8  inf  79  N 24.7  mpc   3.7 ms  err 0.48
[ 17/450] speed=3 S2  E_DART      seed 17  goal      clr  0.57  t  23.1  inf  56  N 20.9  mpc   3.0 ms  err 0.34
[ 18/450] speed=3 S2  E_DART      seed 18  goal      clr  0.82  t  19.3  inf  51  N 20.9  mpc   2.8 ms  err 1.06
[ 19/450] speed=3 S2  E_DART      seed 19  goal      clr  0.59  t  21.2  inf  50  N 20.8  mpc   2.9 ms  err 0.72
[ 20/450] speed=3 S2  E_DART      seed 20  goal      clr  0.85  t  20.4  inf  49  N 22.1  mpc   3.3 ms  err 0.60
[ 21/450] speed=3 S2  E_DART      seed 21  goal      clr  0.47  t  26.5  inf  83  N 21.8  mpc   3.3 ms  err 0.63
[ 22/450] speed=3 S2  E_DART      seed 22  goal      clr  0.51  t  18.3  inf  46  N 23.1  mpc   3.4 ms  err 0.28
[ 23/450] speed=3 S2  E_DART      seed 23  goal      clr  0.64  t  20.0  inf  60  N 23.6  mpc   3.6 ms  err 0.25
[ 24/450] speed=3 S2  E_DART      seed 24  goal      clr  0.75  t  17.4  inf  56  N 24.5  mpc   3.7 ms  err 0.27
[ 25/450] speed=3 S2  E_DART      seed 25  goal      clr  0.60  t  18.7  inf  67  N 24.2  mpc   3.5 ms  err 0.46
[ 26/450] speed=3 S2  E_DART      seed 26  goal      clr  0.67  t  18.4  inf  62  N 23.2  mpc   3.3 ms  err 0.58
[ 27/450] speed=3 S2  E_DART      seed 27  goal      clr  0.49  t  19.1  inf  53  N 22.2  mpc   3.2 ms  err 0.28
[ 28/450] speed=3 S2  E_DART      seed 28  goal      clr  0.56  t  19.5  inf  43  N 21.6  mpc   2.9 ms  err 0.42
[ 29/450] speed=3 S2  E_DART      seed 29  goal      clr  1.20  t  17.1  inf  34  N 24.2  mpc   3.3 ms  err 0.78
[ 30/450] speed=3 S2  E_DART      seed 30  goal      clr  0.50  t  19.2  inf  69  N 23.8  mpc   3.4 ms  err 0.61
[ 31/450] speed=3 S2  E_DART      seed 31  goal      clr  0.46  t  18.9  inf  63  N 22.1  mpc   3.2 ms  err 0.29
[ 32/450] speed=3 S2  E_DART      seed 32  goal      clr  0.55  t  16.9  inf  87  N 26.1  mpc   4.0 ms  err 0.57
[ 33/450] speed=3 S2  E_DART      seed 33  goal      clr  0.55  t  22.8  inf  62  N 22.7  mpc   3.2 ms  err 0.24
[ 34/450] speed=3 S2  E_DART      seed 34  goal      clr  0.65  t  21.2  inf  57  N 21.4  mpc   3.0 ms  err 0.22
[ 35/450] speed=3 S2  E_DART      seed 35  goal      clr  0.58  t  20.2  inf  63  N 23.2  mpc   3.5 ms  err 0.90
[ 36/450] speed=3 S2  E_DART      seed 36  goal      clr  0.43  t  19.8  inf  85  N 23.9  mpc   3.9 ms  err 0.73
[ 37/450] speed=3 S2  E_DART      seed 37  goal      clr  0.59  t  24.1  inf  68  N 21.1  mpc   3.0 ms  err 0.37
[ 38/450] speed=3 S2  E_DART      seed 38  goal      clr  0.68  t  17.4  inf  57  N 23.7  mpc   3.5 ms  err 0.27
[ 39/450] speed=3 S2  E_DART      seed 39  goal      clr  0.94  t  16.8  inf  48  N 22.9  mpc   3.3 ms  err 0.47
[ 40/450] speed=3 S2  E_DART      seed 40  goal      clr  0.54  t  18.4  inf  74  N 24.2  mpc   3.5 ms  err 0.30
[ 41/450] speed=3 S2  E_DART      seed 41  goal      clr  0.54  t  21.0  inf  77  N 24.9  mpc   3.8 ms  err 0.37
[ 42/450] speed=3 S2  E_DART      seed 42  goal      clr  0.57  t  25.7  inf  45  N 20.0  mpc   2.9 ms  err 0.23
[ 43/450] speed=3 S2  E_DART      seed 43  goal      clr  0.61  t  21.4  inf  78  N 23.0  mpc   3.4 ms  err 0.59
[ 44/450] speed=3 S2  E_DART      seed 44  goal      clr  0.61  t  19.3  inf  59  N 22.9  mpc   3.4 ms  err 0.74
[ 45/450] speed=3 S2  E_DART      seed 45  goal      clr  0.67  t  17.4  inf  68  N 24.2  mpc   3.4 ms  err 0.24
[ 46/450] speed=3 S2  E_DART      seed 46  goal      clr  0.91  t  18.6  inf  55  N 22.7  mpc   3.1 ms  err 0.55
[ 47/450] speed=3 S2  E_DART      seed 47  goal      clr  0.60  t  17.0  inf  61  N 24.1  mpc   3.7 ms  err 0.54
[ 48/450] speed=3 S2  E_DART      seed 48  goal      clr  0.54  t  20.7  inf  79  N 24.1  mpc   3.8 ms  err 0.38
[ 49/450] speed=3 S2  E_DART      seed 49  goal      clr  0.60  t  18.0  inf  51  N 22.8  mpc   3.2 ms  err 0.40
[ 50/450] speed=3 S2  E_DART      seed 50  goal      clr  0.58  t  24.1  inf  80  N 21.6  mpc   3.1 ms  err 0.31
[ 51/450] speed=3 S2  Z_ZHUYI     seed  1  goal      clr  0.81  t  21.3  inf  28  N 21.6  mpc   3.1 ms  err 0.57
[ 52/450] speed=3 S2  Z_ZHUYI     seed  2  goal      clr  0.44  t  22.9  inf  36  N 21.9  mpc   3.2 ms  err 0.25
[ 53/450] speed=3 S2  Z_ZHUYI     seed  3  goal      clr  1.43  t  22.5  inf  25  N 21.6  mpc   3.1 ms  err 0.45
[ 54/450] speed=3 S2  Z_ZHUYI     seed  4  goal      clr  0.69  t  23.7  inf  40  N 21.8  mpc   2.9 ms  err 0.58
[ 55/450] speed=3 S2  Z_ZHUYI     seed  5  goal      clr  1.99  t  20.2  inf  21  N 19.6  mpc   2.3 ms  err 0.76
[ 56/450] speed=3 S2  Z_ZHUYI     seed  6  goal      clr  0.76  t  19.2  inf  27  N 21.2  mpc   2.8 ms  err 0.68
[ 57/450] speed=3 S2  Z_ZHUYI     seed  7  goal      clr  0.67  t  20.8  inf  33  N 21.7  mpc   3.0 ms  err 0.55
[ 58/450] speed=3 S2  Z_ZHUYI     seed  8  goal      clr  0.58  t  18.6  inf  32  N 23.7  mpc   3.5 ms  err 0.63
[ 59/450] speed=3 S2  Z_ZHUYI     seed  9  goal      clr  1.69  t  20.9  inf  21  N 20.8  mpc   2.7 ms  err 0.73
[ 60/450] speed=3 S2  Z_ZHUYI     seed 10  goal      clr  0.50  t  18.9  inf  30  N 21.0  mpc   2.9 ms  err 0.58
[ 61/450] speed=3 S2  Z_ZHUYI     seed 11  goal      clr  0.97  t  18.9  inf  24  N 23.4  mpc   3.2 ms  err 0.58
[ 62/450] speed=3 S2  Z_ZHUYI     seed 12  goal      clr  0.64  t  29.7  inf  42  N 19.8  mpc   3.0 ms  err 0.40
[ 63/450] speed=3 S2  Z_ZHUYI     seed 13  goal      clr  0.75  t  20.0  inf  27  N 22.4  mpc   3.2 ms  err 0.80
[ 64/450] speed=3 S2  Z_ZHUYI     seed 14  goal      clr  0.64  t  20.1  inf  25  N 20.5  mpc   2.7 ms  err 0.43
[ 65/450] speed=3 S2  Z_ZHUYI     seed 15  goal      clr  1.43  t  20.9  inf  22  N 21.5  mpc   2.7 ms  err 0.42
[ 66/450] speed=3 S2  Z_ZHUYI     seed 16  goal      clr  0.55  t  21.6  inf  42  N 21.5  mpc   3.1 ms  err 0.76
[ 67/450] speed=3 S2  Z_ZHUYI     seed 17  goal      clr  0.68  t  19.7  inf  30  N 23.9  mpc   3.5 ms  err 0.41
[ 68/450] speed=3 S2  Z_ZHUYI     seed 18  goal      clr  0.57  t  20.6  inf  42  N 24.1  mpc   3.6 ms  err 0.70
[ 69/450] speed=3 S2  Z_ZHUYI     seed 19  goal      clr  0.56  t  25.5  inf  37  N 21.3  mpc   3.0 ms  err 0.50
[ 70/450] speed=3 S2  Z_ZHUYI     seed 20  goal      clr  0.70  t  20.5  inf  30  N 22.8  mpc   3.3 ms  err 0.32
[ 71/450] speed=3 S2  Z_ZHUYI     seed 21  goal      clr  0.52  t  23.7  inf  38  N 21.9  mpc   3.2 ms  err 0.38
[ 72/450] speed=3 S2  Z_ZHUYI     seed 22  goal      clr  0.67  t  20.8  inf  26  N 22.4  mpc   3.2 ms  err 0.42
[ 73/450] speed=3 S2  Z_ZHUYI     seed 23  goal      clr  0.65  t  19.6  inf  31  N 24.0  mpc   3.4 ms  err 0.31
[ 74/450] speed=3 S2  Z_ZHUYI     seed 24  goal      clr  0.72  t  20.0  inf  27  N 23.8  mpc   3.4 ms  err 0.52
[ 75/450] speed=3 S2  Z_ZHUYI     seed 25  goal      clr  0.64  t  21.5  inf  31  N 23.5  mpc   3.4 ms  err 0.28
[ 76/450] speed=3 S2  Z_ZHUYI     seed 26  goal      clr  0.95  t  19.5  inf  23  N 22.6  mpc   3.1 ms  err 0.32
[ 77/450] speed=3 S2  Z_ZHUYI     seed 27  goal      clr  0.59  t  21.1  inf  36  N 23.1  mpc   3.4 ms  err 0.22
[ 78/450] speed=3 S2  Z_ZHUYI     seed 28  goal      clr  0.72  t  29.4  inf  37  N 21.4  mpc   3.1 ms  err 0.41
[ 79/450] speed=3 S2  Z_ZHUYI     seed 29  goal      clr  1.44  t  19.8  inf  20  N 21.9  mpc   2.5 ms  err 0.50
[ 80/450] speed=3 S2  Z_ZHUYI     seed 30  goal      clr  0.83  t  21.2  inf  28  N 23.1  mpc   3.2 ms  err 0.62
[ 81/450] speed=3 S2  Z_ZHUYI     seed 31  goal      clr  0.69  t  23.1  inf  24  N 21.6  mpc   3.0 ms  err 0.47
[ 82/450] speed=3 S2  Z_ZHUYI     seed 32  goal      clr  1.89  t  23.3  inf  24  N 21.0  mpc   2.7 ms  err 1.10
[ 83/450] speed=3 S2  Z_ZHUYI     seed 33  goal      clr  0.83  t  27.7  inf  30  N 21.0  mpc   2.6 ms  err 0.43
[ 84/450] speed=3 S2  Z_ZHUYI     seed 34  goal      clr  0.70  t  24.8  inf  32  N 22.4  mpc   3.3 ms  err 0.64
[ 85/450] speed=3 S2  Z_ZHUYI     seed 35  goal      clr  1.83  t  20.6  inf  21  N 20.3  mpc   2.5 ms  err 0.62
[ 86/450] speed=3 S2  Z_ZHUYI     seed 36  goal      clr  0.88  t  18.8  inf  24  N 23.0  mpc   3.3 ms  err 0.78
[ 87/450] speed=3 S2  Z_ZHUYI     seed 37  goal      clr  0.62  t  23.5  inf  35  N 19.7  mpc   2.7 ms  err 0.28
[ 88/450] speed=3 S2  Z_ZHUYI     seed 38  goal      clr  0.76  t  17.4  inf  22  N 24.6  mpc   3.5 ms  err 0.65
[ 89/450] speed=3 S2  Z_ZHUYI     seed 39  goal      clr  0.50  t  18.6  inf  26  N 22.7  mpc   3.2 ms  err 0.56
[ 90/450] speed=3 S2  Z_ZHUYI     seed 40  goal      clr  1.65  t  23.3  inf  24  N 21.3  mpc   2.9 ms  err 0.75
[ 91/450] speed=3 S2  Z_ZHUYI     seed 41  goal      clr  0.60  t  21.6  inf  32  N 22.1  mpc   3.1 ms  err 0.41
[ 92/450] speed=3 S2  Z_ZHUYI     seed 42  goal      clr  0.72  t  20.3  inf  36  N 23.9  mpc   3.5 ms  err 0.47
[ 93/450] speed=3 S2  Z_ZHUYI     seed 43  goal      clr  1.45  t  19.3  inf  21  N 22.1  mpc   2.9 ms  err 0.86
[ 94/450] speed=3 S2  Z_ZHUYI     seed 44  goal      clr  0.56  t  20.1  inf  29  N 20.7  mpc   2.9 ms  err 0.83
[ 95/450] speed=3 S2  Z_ZHUYI     seed 45  goal      clr  0.74  t  17.3  inf  34  N 25.3  mpc   3.6 ms  err 0.50
[ 96/450] speed=3 S2  Z_ZHUYI     seed 46  goal      clr  0.57  t  17.7  inf  32  N 25.5  mpc   3.7 ms  err 0.25
[ 97/450] speed=3 S2  Z_ZHUYI     seed 47  goal      clr  0.99  t  19.8  inf  23  N 22.4  mpc   2.9 ms  err 0.59
[ 98/450] speed=3 S2  Z_ZHUYI     seed 48  goal      clr  0.83  t  24.5  inf  25  N 19.4  mpc   2.3 ms  err 0.78
[ 99/450] speed=3 S2  Z_ZHUYI     seed 49  goal      clr  0.47  t  22.9  inf  29  N 21.3  mpc   2.8 ms  err 0.63
[100/450] speed=3 S2  Z_ZHUYI     seed 50  goal      clr  1.16  t  26.2  inf  28  N 19.0  mpc   2.4 ms  err 0.43
[101/450] speed=3 S2  A_FR_FN     seed  1  goal      clr  0.33  t  17.8  inf 164  N 20.0  mpc   2.5 ms  err 0.41
[102/450] speed=3 S2  A_FR_FN     seed  2  goal      clr  0.17  t  19.3  inf 179  N 20.0  mpc   2.5 ms  err 1.04
[103/450] speed=3 S2  A_FR_FN     seed  3  goal      clr  0.39  t  17.4  inf 164  N 20.0  mpc   2.5 ms  err 0.32
[104/450] speed=3 S2  A_FR_FN     seed  4  goal      clr  0.30  t  22.7  inf 214  N 20.0  mpc   2.5 ms  err 0.83
[105/450] speed=3 S2  A_FR_FN     seed  5  goal      clr  0.50  t  20.2  inf 184  N 20.0  mpc   2.5 ms  err 0.32
[106/450] speed=3 S2  A_FR_FN     seed  6  goal      clr  0.36  t  18.7  inf 173  N 20.0  mpc   2.5 ms  err 0.38
[107/450] speed=3 S2  A_FR_FN     seed  7  goal      clr  0.42  t  17.2  inf 157  N 20.0  mpc   2.4 ms  err 0.24
[108/450] speed=3 S2  A_FR_FN     seed  8  goal      clr  0.38  t  17.1  inf 161  N 20.0  mpc   2.4 ms  err 0.26
[109/450] speed=3 S2  A_FR_FN     seed  9  goal      clr  0.23  t  17.8  inf 166  N 20.0  mpc   2.5 ms  err 0.47
[110/450] speed=3 S2  A_FR_FN     seed 10  goal      clr  0.40  t  18.6  inf 168  N 20.0  mpc   2.4 ms  err 0.43
[111/450] speed=3 S2  A_FR_FN     seed 11  goal      clr  0.07  t  18.9  inf 174  N 20.0  mpc   2.5 ms  err 0.24
[112/450] speed=3 S2  A_FR_FN     seed 12  goal      clr  0.04  t  19.8  inf 182  N 20.0  mpc   2.5 ms  err 0.44
[113/450] speed=3 S2  A_FR_FN     seed 13  goal      clr  0.45  t  16.9  inf 160  N 20.0  mpc   2.5 ms  err 0.44
[114/450] speed=3 S2  A_FR_FN     seed 14  goal      clr  0.35  t  18.5  inf 170  N 20.0  mpc   2.6 ms  err 0.68
[115/450] speed=3 S2  A_FR_FN     seed 15  goal      clr  0.42  t  17.3  inf 160  N 20.0  mpc   2.5 ms  err 0.49
[116/450] speed=3 S2  A_FR_FN     seed 16  goal      clr  0.28  t  17.1  inf 161  N 20.0  mpc   2.4 ms  err 0.53
[117/450] speed=3 S2  A_FR_FN     seed 17  goal      clr  0.11  t  18.1  inf 172  N 20.0  mpc   2.5 ms  err 0.42
[118/450] speed=3 S2  A_FR_FN     seed 18  goal      clr  0.06  t  18.8  inf 176  N 20.0  mpc   2.4 ms  err 0.53
[119/450] speed=3 S2  A_FR_FN     seed 19  goal      clr  0.37  t  18.0  inf 170  N 20.0  mpc   2.5 ms  err 0.55
[120/450] speed=3 S2  A_FR_FN     seed 20  goal      clr  0.43  t  18.2  inf 170  N 20.0  mpc   2.5 ms  err 0.52
[121/450] speed=3 S2  A_FR_FN     seed 21  goal      clr  0.11  t  19.3  inf 178  N 20.0  mpc   2.5 ms  err 0.63
[122/450] speed=3 S2  A_FR_FN     seed 22  goal      clr  0.35  t  16.9  inf 159  N 20.0  mpc   2.5 ms  err 0.42
[123/450] speed=3 S2  A_FR_FN     seed 23  goal      clr  0.34  t  18.8  inf 173  N 20.0  mpc   2.5 ms  err 0.40
[124/450] speed=3 S2  A_FR_FN     seed 24  goal      clr  0.28  t  19.7  inf 185  N 20.0  mpc   2.5 ms  err 0.66
[125/450] speed=3 S2  A_FR_FN     seed 25  goal      clr  0.50  t  17.7  inf 164  N 20.0  mpc   2.5 ms  err 0.42
[126/450] speed=3 S2  A_FR_FN     seed 26  goal      clr  0.36  t  18.0  inf 168  N 20.0  mpc   2.5 ms  err 0.70
[127/450] speed=3 S2  A_FR_FN     seed 27  goal      clr  0.42  t  17.0  inf 158  N 20.0  mpc   2.4 ms  err 0.59
[128/450] speed=3 S2  A_FR_FN     seed 28  goal      clr  0.10  t  18.4  inf 171  N 20.0  mpc   2.5 ms  err 0.51
[129/450] speed=3 S2  A_FR_FN     seed 29  goal      clr  0.37  t  17.2  inf 160  N 20.0  mpc   2.4 ms  err 0.48
[130/450] speed=3 S2  A_FR_FN     seed 30  goal      clr  0.35  t  18.9  inf 175  N 20.0  mpc   2.5 ms  err 0.56
[131/450] speed=3 S2  A_FR_FN     seed 31  goal      clr  0.36  t  18.5  inf 172  N 20.0  mpc   2.5 ms  err 0.44
[132/450] speed=3 S2  A_FR_FN     seed 32  goal      clr  0.41  t  19.7  inf 184  N 20.0  mpc   2.5 ms  err 0.27
[133/450] speed=3 S2  A_FR_FN     seed 33  goal      clr  0.27  t  20.5  inf 191  N 20.0  mpc   2.5 ms  err 0.46
[134/450] speed=3 S2  A_FR_FN     seed 34  goal      clr  0.45  t  18.0  inf 170  N 20.0  mpc   2.4 ms  err 0.31
[135/450] speed=3 S2  A_FR_FN     seed 35  goal      clr  0.28  t  20.6  inf 194  N 20.0  mpc   2.5 ms  err 0.55
[136/450] speed=3 S2  A_FR_FN     seed 36  collision clr -0.00  t   7.2  inf  68  N 20.0  mpc   2.7 ms  err 0.40
[137/450] speed=3 S2  A_FR_FN     seed 37  goal      clr  0.48  t  17.1  inf 160  N 20.0  mpc   2.4 ms  err 0.36
[138/450] speed=3 S2  A_FR_FN     seed 38  goal      clr  0.43  t  17.3  inf 160  N 20.0  mpc   2.5 ms  err 0.34
[139/450] speed=3 S2  A_FR_FN     seed 39  goal      clr  0.04  t  18.9  inf 175  N 20.0  mpc   2.5 ms  err 0.58
[140/450] speed=3 S2  A_FR_FN     seed 40  goal      clr  0.37  t  17.6  inf 165  N 20.0  mpc   2.5 ms  err 0.33
[141/450] speed=3 S2  A_FR_FN     seed 41  goal      clr  0.29  t  18.1  inf 170  N 20.0  mpc   2.5 ms  err 0.22
[142/450] speed=3 S2  A_FR_FN     seed 42  goal      clr  0.44  t  17.2  inf 160  N 20.0  mpc   2.5 ms  err 0.47
[143/450] speed=3 S2  A_FR_FN     seed 43  goal      clr  0.40  t  19.5  inf 181  N 20.0  mpc   2.5 ms  err 0.65
[144/450] speed=3 S2  A_FR_FN     seed 44  goal      clr  0.40  t  17.6  inf 163  N 20.0  mpc   2.5 ms  err 0.54
[145/450] speed=3 S2  A_FR_FN     seed 45  goal      clr  0.38  t  17.0  inf 160  N 20.0  mpc   2.5 ms  err 0.48
[146/450] speed=3 S2  A_FR_FN     seed 46  goal      clr  0.51  t  23.4  inf 217  N 20.0  mpc   2.5 ms  err 0.40
[147/450] speed=3 S2  A_FR_FN     seed 47  goal      clr  0.51  t  17.2  inf 160  N 20.0  mpc   2.5 ms  err 0.46
[148/450] speed=3 S2  A_FR_FN     seed 48  goal      clr  0.37  t  17.9  inf 168  N 20.0  mpc   2.5 ms  err 0.44
[149/450] speed=3 S2  A_FR_FN     seed 49  goal      clr  0.32  t  18.5  inf 174  N 20.0  mpc   2.5 ms  err 0.58
[150/450] speed=3 S2  A_FR_FN     seed 50  goal      clr  0.47  t  18.7  inf 176  N 20.0  mpc   2.5 ms  err 0.41
[151/450] speed=3 S2  F_NODELAY   seed  1  goal      clr  0.81  t  22.4  inf  79  N 19.9  mpc   2.6 ms  err 2.43
[152/450] speed=3 S2  F_NODELAY   seed  2  goal      clr  0.92  t  25.1  inf  87  N 20.4  mpc   2.8 ms  err 2.30
[153/450] speed=3 S2  F_NODELAY   seed  3  goal      clr  0.98  t  27.4  inf 179  N 24.8  mpc   4.0 ms  err 2.27
[154/450] speed=3 S2  F_NODELAY   seed  4  goal      clr  0.35  t  19.7  inf  66  N 21.3  mpc   2.8 ms  err 2.95
[155/450] speed=3 S2  F_NODELAY   seed  5  goal      clr  0.62  t  17.2  inf  89  N 24.7  mpc   3.8 ms  err 2.16
[156/450] speed=3 S2  F_NODELAY   seed  6  goal      clr  1.56  t  20.1  inf  43  N 18.8  mpc   2.3 ms  err 3.01
[157/450] speed=3 S2  F_NODELAY   seed  7  collision clr -0.01  t   6.8  inf  42  N 25.7  mpc   3.8 ms  err 1.29
[158/450] speed=3 S2  F_NODELAY   seed  8  goal      clr  0.05  t  21.7  inf 100  N 21.1  mpc   2.8 ms  err 1.74
[159/450] speed=3 S2  F_NODELAY   seed  9  goal      clr  1.82  t  21.8  inf  84  N 20.3  mpc   2.6 ms  err 3.41
[160/450] speed=3 S2  F_NODELAY   seed 10  goal      clr  0.18  t  24.5  inf  83  N 20.5  mpc   2.7 ms  err 2.39
[161/450] speed=3 S2  F_NODELAY   seed 11  goal      clr  0.53  t  18.2  inf  68  N 22.2  mpc   3.3 ms  err 1.79
[162/450] speed=3 S2  F_NODELAY   seed 12  goal      clr  0.49  t  29.8  inf 172  N 22.2  mpc   3.7 ms  err 3.00
[163/450] speed=3 S2  F_NODELAY   seed 13  goal      clr  0.73  t  21.3  inf  86  N 22.8  mpc   3.4 ms  err 1.29
[164/450] speed=3 S2  F_NODELAY   seed 14  goal      clr  0.27  t  33.3  inf 170  N 21.2  mpc   3.2 ms  err 1.85
[165/450] speed=3 S2  F_NODELAY   seed 15  goal      clr  0.98  t  25.1  inf  65  N 19.4  mpc   2.6 ms  err 2.21
[166/450] speed=3 S2  F_NODELAY   seed 16  goal      clr  1.21  t  22.6  inf  80  N 21.6  mpc   3.2 ms  err 1.66
[167/450] speed=3 S2  F_NODELAY   seed 17  goal      clr  0.57  t  22.8  inf 100  N 21.9  mpc   3.2 ms  err 1.57
[168/450] speed=3 S2  F_NODELAY   seed 18  goal      clr  0.32  t  23.9  inf 103  N 19.9  mpc   2.7 ms  err 3.11
[169/450] speed=3 S2  F_NODELAY   seed 19  goal      clr  0.26  t  26.0  inf 104  N 19.2  mpc   2.5 ms  err 1.81
[170/450] speed=3 S2  F_NODELAY   seed 20  goal      clr  0.57  t  30.8  inf 197  N 22.5  mpc   3.7 ms  err 2.40
[171/450] speed=3 S2  F_NODELAY   seed 21  goal      clr  0.97  t  22.1  inf 112  N 21.9  mpc   3.3 ms  err 2.78
[172/450] speed=3 S2  F_NODELAY   seed 22  goal      clr  0.98  t  21.9  inf 101  N 20.6  mpc   2.9 ms  err 3.03
[173/450] speed=3 S2  F_NODELAY   seed 23  goal      clr  1.69  t  23.2  inf 105  N 21.0  mpc   3.0 ms  err 2.17
[174/450] speed=3 S2  F_NODELAY   seed 24  collision clr -0.02  t   4.1  inf  31  N 25.7  mpc   4.2 ms  err 1.39
[175/450] speed=3 S2  F_NODELAY   seed 25  goal      clr  0.93  t  21.8  inf  66  N 21.4  mpc   2.9 ms  err 1.87
[176/450] speed=3 S2  F_NODELAY   seed 26  goal      clr  0.00  t  33.4  inf 206  N 21.5  mpc   3.3 ms  err 2.13
[177/450] speed=3 S2  F_NODELAY   seed 27  goal      clr  0.56  t  23.2  inf 114  N 25.4  mpc   3.9 ms  err 1.39
[178/450] speed=3 S2  F_NODELAY   seed 28  goal      clr  0.13  t  24.9  inf 120  N 22.6  mpc   3.4 ms  err 1.51
[179/450] speed=3 S2  F_NODELAY   seed 29  goal      clr  0.70  t  24.2  inf 119  N 21.1  mpc   3.0 ms  err 2.04
[180/450] speed=3 S2  F_NODELAY   seed 30  goal      clr  0.60  t  21.4  inf  93  N 21.2  mpc   2.9 ms  err 2.93
[181/450] speed=3 S2  F_NODELAY   seed 31  goal      clr  0.26  t  22.9  inf 154  N 22.9  mpc   3.7 ms  err 2.87
[182/450] speed=3 S2  F_NODELAY   seed 32  collision clr -0.01  t  19.3  inf 153  N 26.1  mpc   4.5 ms  err 1.70
[183/450] speed=3 S2  F_NODELAY   seed 33  goal      clr  1.16  t  17.8  inf  54  N 20.9  mpc   2.7 ms  err 1.73
[184/450] speed=3 S2  F_NODELAY   seed 34  goal      clr  0.56  t  22.8  inf  91  N 21.4  mpc   2.9 ms  err 2.62
[185/450] speed=3 S2  F_NODELAY   seed 35  goal      clr  1.36  t  20.0  inf  75  N 21.4  mpc   2.6 ms  err 2.37
[186/450] speed=3 S2  F_NODELAY   seed 36  goal      clr  0.53  t  27.9  inf  97  N 20.6  mpc   2.8 ms  err 1.63
[187/450] speed=3 S2  F_NODELAY   seed 37  goal      clr  0.14  t  26.8  inf 175  N 22.6  mpc   3.7 ms  err 2.61
[188/450] speed=3 S2  F_NODELAY   seed 38  goal      clr  1.03  t  24.9  inf  63  N 20.5  mpc   2.8 ms  err 1.55
[189/450] speed=3 S2  F_NODELAY   seed 39  goal      clr  1.47  t  20.0  inf  61  N 19.8  mpc   2.7 ms  err 1.44
[190/450] speed=3 S2  F_NODELAY   seed 40  goal      clr  0.62  t  20.7  inf  76  N 21.5  mpc   3.1 ms  err 2.45
[191/450] speed=3 S2  F_NODELAY   seed 41  goal      clr  0.27  t  21.7  inf 115  N 24.6  mpc   3.8 ms  err 1.45
[192/450] speed=3 S2  F_NODELAY   seed 42  goal      clr  0.06  t  23.9  inf 100  N 21.6  mpc   3.1 ms  err 2.42
[193/450] speed=3 S2  F_NODELAY   seed 43  collision clr -0.01  t  17.2  inf 131  N 26.9  mpc   4.7 ms  err 2.90
[194/450] speed=3 S2  F_NODELAY   seed 44  collision clr -0.01  t  14.4  inf  86  N 24.1  mpc   3.8 ms  err 1.67
[195/450] speed=3 S2  F_NODELAY   seed 45  goal      clr  0.39  t  28.3  inf 177  N 23.1  mpc   3.9 ms  err 1.83
[196/450] speed=3 S2  F_NODELAY   seed 46  goal      clr  0.36  t  25.6  inf 164  N 25.0  mpc   4.0 ms  err 1.82
[197/450] speed=3 S2  F_NODELAY   seed 47  goal      clr  0.58  t  35.5  inf 157  N 20.6  mpc   2.9 ms  err 1.86
[198/450] speed=3 S2  F_NODELAY   seed 48  goal      clr  1.06  t  17.0  inf  62  N 25.1  mpc   3.6 ms  err 0.99
[199/450] speed=3 S2  F_NODELAY   seed 49  goal      clr  1.03  t  19.6  inf  54  N 21.2  mpc   2.7 ms  err 2.75
[200/450] speed=3 S2  F_NODELAY   seed 50  goal      clr  1.02  t  22.0  inf 101  N 21.0  mpc   3.0 ms  err 1.54
[201/450] speed=3 S2  FR_SAFE_1   seed  1  goal      clr  2.21  t  24.9  inf  25  N 18.7  mpc   2.5 ms  err 0.58
[202/450] speed=3 S2  FR_SAFE_1   seed  2  goal      clr  0.52  t  23.2  inf  24  N 23.1  mpc   3.4 ms  err 0.42
[203/450] speed=3 S2  FR_SAFE_1   seed  3  goal      clr  1.33  t  22.7  inf  23  N 21.8  mpc   3.1 ms  err 0.67
[204/450] speed=3 S2  FR_SAFE_1   seed  4  goal      clr  1.96  t  17.8  inf  18  N 23.8  mpc   3.2 ms  err 1.12
[205/450] speed=3 S2  FR_SAFE_1   seed  5  goal      clr  1.99  t  20.2  inf  21  N 19.6  mpc   2.3 ms  err 0.76
[206/450] speed=3 S2  FR_SAFE_1   seed  6  goal      clr  0.68  t  19.3  inf  20  N 20.5  mpc   2.5 ms  err 0.64
[207/450] speed=3 S2  FR_SAFE_1   seed  7  goal      clr  0.73  t  24.3  inf  25  N 21.5  mpc   3.0 ms  err 0.42
[208/450] speed=3 S2  FR_SAFE_1   seed  8  goal      clr  0.67  t  23.2  inf  24  N 23.9  mpc   3.7 ms  err 0.50
[209/450] speed=3 S2  FR_SAFE_1   seed  9  goal      clr  1.69  t  20.9  inf  21  N 20.8  mpc   2.6 ms  err 0.73
[210/450] speed=3 S2  FR_SAFE_1   seed 10  goal      clr  0.62  t  20.0  inf  21  N 23.1  mpc   3.0 ms  err 0.73
[211/450] speed=3 S2  FR_SAFE_1   seed 11  goal      clr  0.68  t  20.2  inf  21  N 23.4  mpc   3.1 ms  err 0.87
[212/450] speed=3 S2  FR_SAFE_1   seed 12  goal      clr  0.73  t  21.2  inf  22  N 23.5  mpc   3.5 ms  err 0.43
[213/450] speed=3 S2  FR_SAFE_1   seed 13  goal      clr  1.08  t  20.2  inf  21  N 22.7  mpc   3.2 ms  err 0.61
[214/450] speed=3 S2  FR_SAFE_1   seed 14  goal      clr  0.72  t  21.3  inf  22  N 22.7  mpc   3.2 ms  err 0.53
[215/450] speed=3 S2  FR_SAFE_1   seed 15  goal      clr  0.64  t  26.1  inf  27  N 25.1  mpc   3.7 ms  err 0.53
[216/450] speed=3 S2  FR_SAFE_1   seed 16  goal      clr  0.78  t  26.4  inf  27  N 20.3  mpc   2.8 ms  err 0.68
[217/450] speed=3 S2  FR_SAFE_1   seed 17  goal      clr  0.66  t  22.3  inf  23  N 23.8  mpc   3.6 ms  err 0.49
[218/450] speed=3 S2  FR_SAFE_1   seed 18  goal      clr  0.69  t  18.7  inf  19  N 24.0  mpc   3.7 ms  err 0.61
[219/450] speed=3 S2  FR_SAFE_1   seed 19  goal      clr  0.55  t  29.7  inf  30  N 20.6  mpc   2.8 ms  err 0.57
[220/450] speed=3 S2  FR_SAFE_1   seed 20  goal      clr  0.55  t  27.3  inf  28  N 22.1  mpc   3.3 ms  err 0.32
[221/450] speed=3 S2  FR_SAFE_1   seed 21  goal      clr  0.68  t  25.4  inf  26  N 22.9  mpc   3.1 ms  err 0.47
[222/450] speed=3 S2  FR_SAFE_1   seed 22  goal      clr  0.87  t  24.8  inf  25  N 21.4  mpc   3.0 ms  err 0.38
[223/450] speed=3 S2  FR_SAFE_1   seed 23  goal      clr  0.72  t  21.7  inf  22  N 24.0  mpc   3.3 ms  err 0.40
[224/450] speed=3 S2  FR_SAFE_1   seed 24  goal      clr  0.86  t  22.8  inf  23  N 22.6  mpc   3.0 ms  err 0.53
[225/450] speed=3 S2  FR_SAFE_1   seed 25  goal      clr  0.66  t  24.6  inf  25  N 22.7  mpc   3.5 ms  err 0.36
[226/450] speed=3 S2  FR_SAFE_1   seed 26  goal      clr  0.92  t  20.2  inf  21  N 23.2  mpc   3.3 ms  err 0.34
[227/450] speed=3 S2  FR_SAFE_1   seed 27  goal      clr  0.54  t  25.1  inf  26  N 24.1  mpc   3.6 ms  err 0.35
[228/450] speed=3 S2  FR_SAFE_1   seed 28  goal      clr  0.76  t  24.4  inf  25  N 21.7  mpc   3.1 ms  err 0.44
[229/450] speed=3 S2  FR_SAFE_1   seed 29  goal      clr  1.44  t  19.8  inf  20  N 21.9  mpc   2.5 ms  err 0.50
[230/450] speed=3 S2  FR_SAFE_1   seed 30  goal      clr  1.44  t  23.2  inf  24  N 20.4  mpc   2.6 ms  err 1.05
[231/450] speed=3 S2  FR_SAFE_1   seed 31  goal      clr  0.62  t  26.6  inf  27  N 20.1  mpc   2.8 ms  err 0.47
[232/450] speed=3 S2  FR_SAFE_1   seed 32  goal      clr  1.95  t  18.8  inf  19  N 22.0  mpc   2.9 ms  err 1.26
[233/450] speed=3 S2  FR_SAFE_1   seed 33  goal      clr  0.79  t  29.0  inf  30  N 23.4  mpc   3.4 ms  err 0.30
[234/450] speed=3 S2  FR_SAFE_1   seed 34  goal      clr  0.80  t  26.5  inf  27  N 22.3  mpc   3.3 ms  err 0.45
[235/450] speed=3 S2  FR_SAFE_1   seed 35  goal      clr  0.90  t  22.5  inf  23  N 20.5  mpc   2.4 ms  err 0.88
[236/450] speed=3 S2  FR_SAFE_1   seed 36  goal      clr  0.81  t  24.9  inf  25  N 24.0  mpc   3.8 ms  err 0.51
[237/450] speed=3 S2  FR_SAFE_1   seed 37  goal      clr  0.66  t  24.6  inf  25  N 20.5  mpc   2.8 ms  err 0.35
[238/450] speed=3 S2  FR_SAFE_1   seed 38  goal      clr  0.82  t  21.6  inf  22  N 22.6  mpc   3.3 ms  err 0.85
[239/450] speed=3 S2  FR_SAFE_1   seed 39  goal      clr  0.69  t  19.6  inf  20  N 23.4  mpc   3.1 ms  err 0.58
[240/450] speed=3 S2  FR_SAFE_1   seed 40  goal      clr  1.77  t  22.8  inf  23  N 20.6  mpc   2.6 ms  err 0.74
[241/450] speed=3 S2  FR_SAFE_1   seed 41  goal      clr  0.71  t  25.1  inf  26  N 23.0  mpc   3.4 ms  err 0.42
[242/450] speed=3 S2  FR_SAFE_1   seed 42  goal      clr  1.53  t  23.3  inf  24  N 22.6  mpc   3.0 ms  err 1.09
[243/450] speed=3 S2  FR_SAFE_1   seed 43  goal      clr  1.29  t  19.1  inf  20  N 23.5  mpc   3.2 ms  err 0.98
[244/450] speed=3 S2  FR_SAFE_1   seed 44  goal      clr  1.37  t  19.9  inf  20  N 21.7  mpc   3.2 ms  err 0.60
[245/450] speed=3 S2  FR_SAFE_1   seed 45  goal      clr  0.60  t  23.7  inf  24  N 24.5  mpc   3.8 ms  err 0.48
[246/450] speed=3 S2  FR_SAFE_1   seed 46  goal      clr  0.56  t  20.9  inf  21  N 25.2  mpc   3.8 ms  err 0.43
[247/450] speed=3 S2  FR_SAFE_1   seed 47  goal      clr  0.84  t  24.1  inf  25  N 25.3  mpc   4.1 ms  err 0.94
[248/450] speed=3 S2  FR_SAFE_1   seed 48  goal      clr  0.83  t  23.6  inf  24  N 18.9  mpc   2.3 ms  err 0.81
[249/450] speed=3 S2  FR_SAFE_1   seed 49  goal      clr  0.67  t  21.5  inf  22  N 23.3  mpc   3.3 ms  err 0.66
[250/450] speed=3 S2  FR_SAFE_1   seed 50  goal      clr  2.08  t  22.3  inf  23  N 19.1  mpc   2.4 ms  err 0.50
[251/450] speed=3 S2  FR_SAFE_2   seed  1  goal      clr  0.67  t  19.7  inf  40  N 22.9  mpc   3.2 ms  err 0.48
[252/450] speed=3 S2  FR_SAFE_2   seed  2  goal      clr  0.59  t  17.8  inf  36  N 23.3  mpc   3.5 ms  err 0.29
[253/450] speed=3 S2  FR_SAFE_2   seed  3  goal      clr  0.49  t  20.1  inf  41  N 24.8  mpc   3.7 ms  err 0.24
[254/450] speed=3 S2  FR_SAFE_2   seed  4  goal      clr  2.51  t  18.6  inf  38  N 21.1  mpc   2.9 ms  err 0.72
[255/450] speed=3 S2  FR_SAFE_2   seed  5  goal      clr  1.36  t  22.2  inf  45  N 19.7  mpc   2.5 ms  err 0.65
[256/450] speed=3 S2  FR_SAFE_2   seed  6  goal      clr  0.69  t  19.8  inf  40  N 19.8  mpc   2.6 ms  err 0.98
[257/450] speed=3 S2  FR_SAFE_2   seed  7  goal      clr  0.57  t  20.2  inf  41  N 22.3  mpc   3.2 ms  err 0.37
[258/450] speed=3 S2  FR_SAFE_2   seed  8  goal      clr  0.40  t  18.9  inf  38  N 22.9  mpc   3.3 ms  err 0.57
[259/450] speed=3 S2  FR_SAFE_2   seed  9  goal      clr  0.38  t  24.3  inf  49  N 22.4  mpc   3.4 ms  err 0.47
[260/450] speed=3 S2  FR_SAFE_2   seed 10  goal      clr  0.60  t  19.6  inf  40  N 25.1  mpc   3.7 ms  err 0.29
[261/450] speed=3 S2  FR_SAFE_2   seed 11  goal      clr  0.60  t  18.0  inf  36  N 24.3  mpc   3.6 ms  err 0.36
[262/450] speed=3 S2  FR_SAFE_2   seed 12  goal      clr  0.58  t  21.6  inf  44  N 23.6  mpc   3.5 ms  err 0.32
[263/450] speed=3 S2  FR_SAFE_2   seed 13  goal      clr  0.55  t  19.5  inf  39  N 23.4  mpc   3.5 ms  err 0.29
[264/450] speed=3 S2  FR_SAFE_2   seed 14  goal      clr  0.59  t  19.4  inf  39  N 22.0  mpc   3.1 ms  err 0.34
[265/450] speed=3 S2  FR_SAFE_2   seed 15  goal      clr  0.89  t  17.2  inf  35  N 22.7  mpc   3.0 ms  err 0.46
[266/450] speed=3 S2  FR_SAFE_2   seed 16  goal      clr  0.69  t  18.1  inf  37  N 23.8  mpc   3.5 ms  err 0.39
[267/450] speed=3 S2  FR_SAFE_2   seed 17  goal      clr  0.67  t  19.2  inf  39  N 22.7  mpc   3.1 ms  err 0.27
[268/450] speed=3 S2  FR_SAFE_2   seed 18  goal      clr  0.70  t  22.4  inf  45  N 21.5  mpc   2.9 ms  err 0.49
[269/450] speed=3 S2  FR_SAFE_2   seed 19  goal      clr  1.25  t  22.5  inf  45  N 19.4  mpc   2.3 ms  err 0.75
[270/450] speed=3 S2  FR_SAFE_2   seed 20  goal      clr  0.74  t  20.0  inf  40  N 22.7  mpc   3.2 ms  err 0.44
[271/450] speed=3 S2  FR_SAFE_2   seed 21  goal      clr  0.63  t  21.3  inf  43  N 20.0  mpc   2.8 ms  err 0.27
[272/450] speed=3 S2  FR_SAFE_2   seed 22  goal      clr  0.64  t  18.6  inf  38  N 22.2  mpc   3.1 ms  err 0.26
[273/450] speed=3 S2  FR_SAFE_2   seed 23  goal      clr  0.77  t  17.2  inf  35  N 24.1  mpc   3.7 ms  err 0.41
[274/450] speed=3 S2  FR_SAFE_2   seed 24  goal      clr  0.49  t  20.0  inf  40  N 24.4  mpc   3.6 ms  err 0.24
[275/450] speed=3 S2  FR_SAFE_2   seed 25  goal      clr  0.44  t  19.3  inf  39  N 24.0  mpc   3.5 ms  err 0.41
[276/450] speed=3 S2  FR_SAFE_2   seed 26  goal      clr  0.65  t  19.7  inf  40  N 23.2  mpc   3.3 ms  err 0.57
[277/450] speed=3 S2  FR_SAFE_2   seed 27  goal      clr  0.50  t  20.9  inf  42  N 24.6  mpc   3.5 ms  err 0.48
[278/450] speed=3 S2  FR_SAFE_2   seed 28  goal      clr  0.73  t  22.6  inf  46  N 21.0  mpc   2.8 ms  err 0.39
[279/450] speed=3 S2  FR_SAFE_2   seed 29  goal      clr  1.03  t  16.6  inf  34  N 22.8  mpc   3.2 ms  err 0.66
[280/450] speed=3 S2  FR_SAFE_2   seed 30  goal      clr  0.71  t  20.0  inf  40  N 22.4  mpc   3.2 ms  err 0.33
[281/450] speed=3 S2  FR_SAFE_2   seed 31  goal      clr  0.58  t  19.9  inf  40  N 21.9  mpc   3.1 ms  err 0.31
[282/450] speed=3 S2  FR_SAFE_2   seed 32  goal      clr  0.67  t  22.8  inf  46  N 22.7  mpc   3.4 ms  err 0.60
[283/450] speed=3 S2  FR_SAFE_2   seed 33  goal      clr  0.82  t  17.3  inf  35  N 23.5  mpc   3.4 ms  err 0.59
[284/450] speed=3 S2  FR_SAFE_2   seed 34  goal      clr  0.63  t  24.5  inf  50  N 21.3  mpc   2.9 ms  err 0.53
[285/450] speed=3 S2  FR_SAFE_2   seed 35  goal      clr  0.74  t  19.4  inf  39  N 23.2  mpc   3.2 ms  err 0.51
[286/450] speed=3 S2  FR_SAFE_2   seed 36  goal      clr  0.83  t  24.5  inf  49  N 20.7  mpc   2.8 ms  err 0.55
[287/450] speed=3 S2  FR_SAFE_2   seed 37  goal      clr  0.75  t  18.1  inf  37  N 23.6  mpc   3.2 ms  err 0.27
[288/450] speed=3 S2  FR_SAFE_2   seed 38  goal      clr  0.72  t  17.3  inf  35  N 22.1  mpc   3.2 ms  err 0.41
[289/450] speed=3 S2  FR_SAFE_2   seed 39  goal      clr  1.17  t  17.3  inf  35  N 22.7  mpc   3.2 ms  err 0.76
[290/450] speed=3 S2  FR_SAFE_2   seed 40  goal      clr  0.77  t  19.7  inf  40  N 23.2  mpc   3.3 ms  err 0.44
[291/450] speed=3 S2  FR_SAFE_2   seed 41  goal      clr  0.80  t  16.6  inf  34  N 24.6  mpc   3.5 ms  err 0.72
[292/450] speed=3 S2  FR_SAFE_2   seed 42  goal      clr  0.62  t  17.7  inf  36  N 24.4  mpc   3.3 ms  err 0.25
[293/450] speed=3 S2  FR_SAFE_2   seed 43  goal      clr  0.67  t  20.2  inf  41  N 22.7  mpc   3.3 ms  err 0.41
[294/450] speed=3 S2  FR_SAFE_2   seed 44  goal      clr  0.61  t  19.4  inf  39  N 23.6  mpc   3.4 ms  err 0.29
[295/450] speed=3 S2  FR_SAFE_2   seed 45  goal      clr  0.69  t  17.1  inf  35  N 25.0  mpc   3.4 ms  err 0.35
[296/450] speed=3 S2  FR_SAFE_2   seed 46  goal      clr  0.61  t  19.2  inf  39  N 24.0  mpc   3.4 ms  err 0.22
[297/450] speed=3 S2  FR_SAFE_2   seed 47  goal      clr  0.67  t  19.6  inf  40  N 25.3  mpc   3.7 ms  err 0.27
[298/450] speed=3 S2  FR_SAFE_2   seed 48  goal      clr  0.59  t  21.2  inf  43  N 24.2  mpc   3.5 ms  err 0.17
[299/450] speed=3 S2  FR_SAFE_2   seed 49  goal      clr  0.69  t  16.8  inf  34  N 23.2  mpc   3.3 ms  err 0.68
[300/450] speed=3 S2  FR_SAFE_2   seed 50  goal      clr  0.82  t  18.1  inf  37  N 19.9  mpc   2.7 ms  err 0.95
[301/450] speed=3 S2  FR_SAFE_3   seed  1  goal      clr  0.62  t  21.0  inf  62  N 23.7  mpc   3.4 ms  err 0.30
[302/450] speed=3 S2  FR_SAFE_3   seed  2  goal      clr  0.52  t  19.7  inf  59  N 23.4  mpc   3.4 ms  err 0.40
[303/450] speed=3 S2  FR_SAFE_3   seed  3  goal      clr  0.57  t  17.6  inf  52  N 24.5  mpc   3.5 ms  err 0.26
[304/450] speed=3 S2  FR_SAFE_3   seed  4  goal      clr  1.29  t  23.8  inf  70  N 17.9  mpc   2.3 ms  err 0.56
[305/450] speed=3 S2  FR_SAFE_3   seed  5  goal      clr  0.65  t  22.3  inf  66  N 23.3  mpc   3.3 ms  err 0.87
[306/450] speed=3 S2  FR_SAFE_3   seed  6  goal      clr  0.59  t  18.9  inf  56  N 22.7  mpc   3.1 ms  err 0.52
[307/450] speed=3 S2  FR_SAFE_3   seed  7  goal      clr  0.58  t  18.9  inf  56  N 22.6  mpc   3.2 ms  err 0.26
[308/450] speed=3 S2  FR_SAFE_3   seed  8  goal      clr  0.64  t  17.6  inf  52  N 22.7  mpc   3.2 ms  err 0.23
[309/450] speed=3 S2  FR_SAFE_3   seed  9  goal      clr  0.50  t  20.8  inf  62  N 24.4  mpc   3.5 ms  err 0.33
[310/450] speed=3 S2  FR_SAFE_3   seed 10  goal      clr  0.73  t  19.7  inf  58  N 22.0  mpc   3.1 ms  err 0.43
[311/450] speed=3 S2  FR_SAFE_3   seed 11  goal      clr  0.57  t  22.6  inf  67  N 23.1  mpc   3.4 ms  err 0.38
[312/450] speed=3 S2  FR_SAFE_3   seed 12  goal      clr  0.56  t  19.6  inf  58  N 23.5  mpc   3.4 ms  err 0.53
[313/450] speed=3 S2  FR_SAFE_3   seed 13  goal      clr  0.62  t  21.5  inf  64  N 22.5  mpc   3.2 ms  err 0.70
[314/450] speed=3 S2  FR_SAFE_3   seed 14  goal      clr  0.58  t  20.5  inf  61  N 22.1  mpc   3.1 ms  err 0.49
[315/450] speed=3 S2  FR_SAFE_3   seed 15  goal      clr  0.67  t  17.2  inf  51  N 22.4  mpc   3.2 ms  err 0.84
[316/450] speed=3 S2  FR_SAFE_3   seed 16  goal      clr  0.33  t  23.3  inf  69  N 21.7  mpc   3.0 ms  err 0.59
[317/450] speed=3 S2  FR_SAFE_3   seed 17  goal      clr  0.72  t  18.2  inf  54  N 23.6  mpc   3.3 ms  err 0.31
[318/450] speed=3 S2  FR_SAFE_3   seed 18  goal      clr  0.48  t  18.4  inf  55  N 22.5  mpc   3.4 ms  err 0.46
[319/450] speed=3 S2  FR_SAFE_3   seed 19  goal      clr  0.62  t  20.7  inf  61  N 21.9  mpc   3.1 ms  err 0.42
[320/450] speed=3 S2  FR_SAFE_3   seed 20  goal      clr  0.89  t  21.4  inf  63  N 22.9  mpc   3.4 ms  err 0.52
[321/450] speed=3 S2  FR_SAFE_3   seed 21  goal      clr  0.67  t  22.6  inf  67  N 22.6  mpc   3.2 ms  err 0.40
[322/450] speed=3 S2  FR_SAFE_3   seed 22  goal      clr  0.64  t  18.5  inf  55  N 22.3  mpc   3.1 ms  err 0.37
[323/450] speed=3 S2  FR_SAFE_3   seed 23  goal      clr  0.66  t  19.8  inf  59  N 23.6  mpc   3.5 ms  err 0.28
[324/450] speed=3 S2  FR_SAFE_3   seed 24  goal      clr  0.75  t  17.4  inf  52  N 25.0  mpc   3.7 ms  err 0.37
[325/450] speed=3 S2  FR_SAFE_3   seed 25  goal      clr  0.65  t  19.3  inf  57  N 24.2  mpc   3.4 ms  err 0.35
[326/450] speed=3 S2  FR_SAFE_3   seed 26  goal      clr  1.07  t  18.3  inf  54  N 23.6  mpc   3.3 ms  err 0.79
[327/450] speed=3 S2  FR_SAFE_3   seed 27  goal      clr  0.78  t  17.3  inf  51  N 24.7  mpc   3.5 ms  err 0.40
[328/450] speed=3 S2  FR_SAFE_3   seed 28  goal      clr  0.63  t  21.6  inf  64  N 20.2  mpc   2.8 ms  err 0.31
[329/450] speed=3 S2  FR_SAFE_3   seed 29  goal      clr  1.05  t  16.8  inf  50  N 22.5  mpc   3.1 ms  err 0.51
[330/450] speed=3 S2  FR_SAFE_3   seed 30  goal      clr  0.62  t  23.5  inf  70  N 19.4  mpc   2.7 ms  err 0.52
[331/450] speed=3 S2  FR_SAFE_3   seed 31  goal      clr  0.73  t  21.0  inf  62  N 21.8  mpc   3.1 ms  err 0.40
[332/450] speed=3 S2  FR_SAFE_3   seed 32  goal      clr  0.62  t  19.1  inf  57  N 22.4  mpc   3.3 ms  err 0.89
[333/450] speed=3 S2  FR_SAFE_3   seed 33  goal      clr  1.45  t  16.7  inf  50  N 23.7  mpc   3.5 ms  err 0.87
[334/450] speed=3 S2  FR_SAFE_3   seed 34  goal      clr  0.64  t  19.3  inf  57  N 22.9  mpc   3.1 ms  err 0.80
[335/450] speed=3 S2  FR_SAFE_3   seed 35  goal      clr  0.58  t  17.8  inf  53  N 23.6  mpc   3.2 ms  err 0.67
[336/450] speed=3 S2  FR_SAFE_3   seed 36  goal      clr  0.59  t  20.7  inf  61  N 23.5  mpc   3.4 ms  err 0.24
[337/450] speed=3 S2  FR_SAFE_3   seed 37  goal      clr  0.73  t  18.3  inf  54  N 23.3  mpc   3.2 ms  err 0.56
[338/450] speed=3 S2  FR_SAFE_3   seed 38  goal      clr  0.65  t  19.7  inf  58  N 25.3  mpc   3.7 ms  err 0.36
[339/450] speed=3 S2  FR_SAFE_3   seed 39  goal      clr  0.63  t  18.7  inf  55  N 21.5  mpc   3.0 ms  err 0.77
[340/450] speed=3 S2  FR_SAFE_3   seed 40  goal      clr  0.63  t  18.2  inf  54  N 24.4  mpc   3.5 ms  err 0.46
[341/450] speed=3 S2  FR_SAFE_3   seed 41  goal      clr  0.65  t  20.2  inf  60  N 24.2  mpc   3.6 ms  err 0.45
[342/450] speed=3 S2  FR_SAFE_3   seed 42  goal      clr  0.56  t  19.0  inf  56  N 23.8  mpc   3.4 ms  err 0.30
[343/450] speed=3 S2  FR_SAFE_3   seed 43  goal      clr  0.51  t  20.6  inf  61  N 23.0  mpc   3.2 ms  err 0.39
[344/450] speed=3 S2  FR_SAFE_3   seed 44  goal      clr  0.57  t  18.5  inf  55  N 24.1  mpc   3.6 ms  err 0.56
[345/450] speed=3 S2  FR_SAFE_3   seed 45  goal      clr  0.65  t  17.1  inf  51  N 24.8  mpc   3.4 ms  err 0.32
[346/450] speed=3 S2  FR_SAFE_3   seed 46  goal      clr  0.98  t  18.6  inf  55  N 25.0  mpc   3.6 ms  err 0.54
[347/450] speed=3 S2  FR_SAFE_3   seed 47  goal      clr  0.46  t  21.5  inf  64  N 23.0  mpc   3.3 ms  err 0.83
[348/450] speed=3 S2  FR_SAFE_3   seed 48  goal      clr  0.57  t  20.7  inf  61  N 25.6  mpc   3.8 ms  err 0.23
[349/450] speed=3 S2  FR_SAFE_3   seed 49  goal      clr  0.54  t  18.6  inf  55  N 22.7  mpc   3.1 ms  err 0.40
[350/450] speed=3 S2  FR_SAFE_3   seed 50  goal      clr  0.61  t  21.9  inf  65  N 20.6  mpc   2.9 ms  err 0.24
[351/450] speed=3 S2  FR_SAFE_5   seed  1  goal      clr  0.61  t  19.0  inf  96  N 22.8  mpc   3.3 ms  err 0.27
[352/450] speed=3 S2  FR_SAFE_5   seed  2  goal      clr  0.37  t  18.4  inf  93  N 21.5  mpc   3.3 ms  err 0.40
[353/450] speed=3 S2  FR_SAFE_5   seed  3  goal      clr  0.49  t  17.6  inf  88  N 24.6  mpc   3.6 ms  err 0.34
[354/450] speed=3 S2  FR_SAFE_5   seed  4  goal      clr  1.85  t  25.1  inf 126  N 18.0  mpc   2.1 ms  err 0.83
[355/450] speed=3 S2  FR_SAFE_5   seed  5  goal      clr  0.70  t  19.4  inf  98  N 22.2  mpc   3.2 ms  err 0.74
[356/450] speed=3 S2  FR_SAFE_5   seed  6  goal      clr  0.56  t  17.2  inf  87  N 23.6  mpc   3.3 ms  err 0.51
[357/450] speed=3 S2  FR_SAFE_5   seed  7  goal      clr  0.64  t  23.6  inf 118  N 22.7  mpc   3.5 ms  err 0.53
[358/450] speed=3 S2  FR_SAFE_5   seed  8  goal      clr  0.66  t  17.5  inf  88  N 22.0  mpc   3.2 ms  err 0.23
[359/450] speed=3 S2  FR_SAFE_5   seed  9  goal      clr  0.39  t  21.0  inf 106  N 22.4  mpc   3.4 ms  err 0.47
[360/450] speed=3 S2  FR_SAFE_5   seed 10  goal      clr  0.40  t  19.4  inf  98  N 25.1  mpc   3.9 ms  err 0.49
[361/450] speed=3 S2  FR_SAFE_5   seed 11  goal      clr  0.50  t  19.5  inf  98  N 23.6  mpc   3.5 ms  err 0.18
[362/450] speed=3 S2  FR_SAFE_5   seed 12  goal      clr  0.57  t  20.0  inf 100  N 22.1  mpc   3.2 ms  err 0.53
[363/450] speed=3 S2  FR_SAFE_5   seed 13  goal      clr  0.63  t  17.0  inf  86  N 24.5  mpc   3.6 ms  err 0.38
[364/450] speed=3 S2  FR_SAFE_5   seed 14  goal      clr  0.55  t  20.3  inf 102  N 21.3  mpc   3.1 ms  err 0.23
[365/450] speed=3 S2  FR_SAFE_5   seed 15  goal      clr  0.65  t  17.7  inf  89  N 22.7  mpc   3.3 ms  err 0.86
[366/450] speed=3 S2  FR_SAFE_5   seed 16  goal      clr  0.54  t  18.4  inf  93  N 23.5  mpc   3.6 ms  err 0.30
[367/450] speed=3 S2  FR_SAFE_5   seed 17  goal      clr  0.78  t  18.3  inf  92  N 23.6  mpc   3.4 ms  err 0.17
[368/450] speed=3 S2  FR_SAFE_5   seed 18  goal      clr  0.53  t  19.7  inf  99  N 21.9  mpc   3.5 ms  err 0.55
[369/450] speed=3 S2  FR_SAFE_5   seed 19  goal      clr  0.64  t  20.2  inf 101  N 23.2  mpc   3.5 ms  err 0.41
[370/450] speed=3 S2  FR_SAFE_5   seed 20  goal      clr  0.57  t  21.2  inf 106  N 21.2  mpc   3.2 ms  err 0.55
[371/450] speed=3 S2  FR_SAFE_5   seed 21  goal      clr  0.56  t  19.7  inf  99  N 24.2  mpc   3.7 ms  err 0.43
[372/450] speed=3 S2  FR_SAFE_5   seed 22  goal      clr  0.61  t  19.9  inf 100  N 20.5  mpc   3.0 ms  err 0.52
[373/450] speed=3 S2  FR_SAFE_5   seed 23  goal      clr  0.50  t  18.8  inf  94  N 23.9  mpc   3.7 ms  err 0.31
[374/450] speed=3 S2  FR_SAFE_5   seed 24  goal      clr  0.71  t  19.9  inf 100  N 23.1  mpc   3.4 ms  err 0.68
[375/450] speed=3 S2  FR_SAFE_5   seed 25  goal      clr  0.50  t  20.6  inf 104  N 23.9  mpc   3.6 ms  err 0.28
[376/450] speed=3 S2  FR_SAFE_5   seed 26  goal      clr  0.65  t  20.4  inf 102  N 22.4  mpc   3.2 ms  err 0.39
[377/450] speed=3 S2  FR_SAFE_5   seed 27  goal      clr  0.53  t  17.3  inf  87  N 25.0  mpc   3.7 ms  err 0.35
[378/450] speed=3 S2  FR_SAFE_5   seed 28  goal      clr  0.64  t  16.9  inf  85  N 24.3  mpc   3.4 ms  err 0.20
[379/450] speed=3 S2  FR_SAFE_5   seed 29  goal      clr  0.57  t  17.8  inf  89  N 24.6  mpc   3.6 ms  err 0.29
[380/450] speed=3 S2  FR_SAFE_5   seed 30  goal      clr  0.45  t  20.1  inf 101  N 23.6  mpc   3.5 ms  err 0.36
[381/450] speed=3 S2  FR_SAFE_5   seed 31  goal      clr  0.71  t  18.6  inf  94  N 22.2  mpc   3.2 ms  err 0.26
[382/450] speed=3 S2  FR_SAFE_5   seed 32  goal      clr  0.47  t  22.7  inf 114  N 22.4  mpc   3.5 ms  err 0.89
[383/450] speed=3 S2  FR_SAFE_5   seed 33  goal      clr  0.64  t  16.9  inf  85  N 23.3  mpc   3.5 ms  err 1.00
[384/450] speed=3 S2  FR_SAFE_5   seed 34  goal      clr  0.65  t  21.1  inf 106  N 24.1  mpc   3.6 ms  err 0.41
[385/450] speed=3 S2  FR_SAFE_5   seed 35  goal      clr  0.44  t  18.3  inf  92  N 24.4  mpc   3.7 ms  err 0.26
[386/450] speed=3 S2  FR_SAFE_5   seed 36  goal      clr  0.67  t  19.6  inf  98  N 22.5  mpc   3.5 ms  err 0.61
[387/450] speed=3 S2  FR_SAFE_5   seed 37  goal      clr  0.43  t  19.9  inf 100  N 24.1  mpc   3.7 ms  err 0.34
[388/450] speed=3 S2  FR_SAFE_5   seed 38  goal      clr  0.59  t  18.7  inf  94  N 22.7  mpc   3.4 ms  err 0.35
[389/450] speed=3 S2  FR_SAFE_5   seed 39  goal      clr  0.65  t  16.5  inf  83  N 23.1  mpc   3.5 ms  err 0.65
[390/450] speed=3 S2  FR_SAFE_5   seed 40  goal      clr  0.66  t  18.1  inf  91  N 23.9  mpc   3.5 ms  err 0.26
[391/450] speed=3 S2  FR_SAFE_5   seed 41  goal      clr  0.61  t  19.1  inf  96  N 25.1  mpc   3.8 ms  err 0.39
[392/450] speed=3 S2  FR_SAFE_5   seed 42  goal      clr  0.58  t  17.3  inf  87  N 23.8  mpc   3.5 ms  err 0.61
[393/450] speed=3 S2  FR_SAFE_5   seed 43  goal      clr  0.56  t  23.0  inf 115  N 24.1  mpc   3.7 ms  err 0.49
[394/450] speed=3 S2  FR_SAFE_5   seed 44  goal      clr  0.45  t  17.8  inf  90  N 24.2  mpc   3.7 ms  err 0.25
[395/450] speed=3 S2  FR_SAFE_5   seed 45  goal      clr  0.59  t  17.2  inf  87  N 24.2  mpc   3.5 ms  err 0.18
[396/450] speed=3 S2  FR_SAFE_5   seed 46  goal      clr  0.81  t  20.2  inf 101  N 23.0  mpc   3.5 ms  err 0.30
[397/450] speed=3 S2  FR_SAFE_5   seed 47  goal      clr  0.71  t  19.5  inf  98  N 23.6  mpc   3.6 ms  err 0.45
[398/450] speed=3 S2  FR_SAFE_5   seed 48  goal      clr  0.56  t  19.1  inf  96  N 24.9  mpc   3.8 ms  err 0.38
[399/450] speed=3 S2  FR_SAFE_5   seed 49  goal      clr  0.57  t  17.3  inf  87  N 22.9  mpc   3.4 ms  err 0.59
[400/450] speed=3 S2  FR_SAFE_5   seed 50  goal      clr  0.65  t  21.4  inf 107  N 20.6  mpc   3.0 ms  err 0.31
[401/450] speed=3 S2  FR_SAFE_10  seed  1  goal      clr  0.59  t  20.1  inf 185  N 23.7  mpc   3.6 ms  err 0.37
[402/450] speed=3 S2  FR_SAFE_10  seed  2  goal      clr  0.61  t  17.6  inf 164  N 23.4  mpc   3.4 ms  err 0.37
[403/450] speed=3 S2  FR_SAFE_10  seed  3  goal      clr  0.54  t  17.6  inf 165  N 24.5  mpc   3.6 ms  err 0.31
[404/450] speed=3 S2  FR_SAFE_10  seed  4  goal      clr  0.61  t  20.8  inf 197  N 19.5  mpc   2.8 ms  err 0.73
[405/450] speed=3 S2  FR_SAFE_10  seed  5  goal      clr  0.48  t  19.2  inf 176  N 21.7  mpc   3.2 ms  err 0.55
[406/450] speed=3 S2  FR_SAFE_10  seed  6  goal      clr  0.33  t  20.2  inf 188  N 24.6  mpc   3.9 ms  err 0.93
[407/450] speed=3 S2  FR_SAFE_10  seed  7  goal      clr  0.54  t  17.8  inf 164  N 22.3  mpc   3.2 ms  err 0.51
[408/450] speed=3 S2  FR_SAFE_10  seed  8  goal      clr  0.75  t  19.0  inf 179  N 21.4  mpc   3.2 ms  err 0.41
[409/450] speed=3 S2  FR_SAFE_10  seed  9  goal      clr  0.58  t  17.8  inf 166  N 24.2  mpc   3.7 ms  err 0.56
[410/450] speed=3 S2  FR_SAFE_10  seed 10  goal      clr  0.48  t  19.9  inf 181  N 24.8  mpc   3.8 ms  err 0.65
[411/450] speed=3 S2  FR_SAFE_10  seed 11  goal      clr  0.56  t  16.9  inf 154  N 23.7  mpc   3.5 ms  err 0.42
[412/450] speed=3 S2  FR_SAFE_10  seed 12  goal      clr  0.53  t  19.6  inf 181  N 24.9  mpc   4.0 ms  err 0.74
[413/450] speed=3 S2  FR_SAFE_10  seed 13  goal      clr  0.56  t  23.2  inf 216  N 22.4  mpc   3.4 ms  err 0.36
[414/450] speed=3 S2  FR_SAFE_10  seed 14  goal      clr  0.54  t  20.3  inf 186  N 21.3  mpc   3.1 ms  err 0.30
[415/450] speed=3 S2  FR_SAFE_10  seed 15  goal      clr  0.65  t  17.9  inf 165  N 21.4  mpc   3.1 ms  err 0.93
[416/450] speed=3 S2  FR_SAFE_10  seed 16  goal      clr  0.59  t  22.5  inf 210  N 21.6  mpc   3.2 ms  err 0.29
[417/450] speed=3 S2  FR_SAFE_10  seed 17  goal      clr  0.44  t  21.4  inf 201  N 23.7  mpc   3.5 ms  err 0.52
[418/450] speed=3 S2  FR_SAFE_10  seed 18  goal      clr  0.71  t  17.3  inf 161  N 22.2  mpc   3.2 ms  err 0.83
[419/450] speed=3 S2  FR_SAFE_10  seed 19  goal      clr  0.63  t  22.1  inf 208  N 23.9  mpc   3.6 ms  err 0.52
[420/450] speed=3 S2  FR_SAFE_10  seed 20  goal      clr  0.64  t  21.8  inf 202  N 21.9  mpc   3.2 ms  err 0.57
[421/450] speed=3 S2  FR_SAFE_10  seed 21  goal      clr  0.45  t  19.2  inf 177  N 24.2  mpc   3.6 ms  err 0.60
[422/450] speed=3 S2  FR_SAFE_10  seed 22  goal      clr  0.52  t  18.5  inf 173  N 21.4  mpc   3.1 ms  err 0.51
[423/450] speed=3 S2  FR_SAFE_10  seed 23  goal      clr  0.68  t  25.2  inf 231  N 21.1  mpc   3.2 ms  err 0.51
[424/450] speed=3 S2  FR_SAFE_10  seed 24  goal      clr  0.69  t  17.5  inf 164  N 24.1  mpc   3.6 ms  err 0.47
[425/450] speed=3 S2  FR_SAFE_10  seed 25  goal      clr  0.61  t  18.5  inf 171  N 23.4  mpc   3.4 ms  err 0.45
[426/450] speed=3 S2  FR_SAFE_10  seed 26  goal      clr  0.54  t  19.5  inf 181  N 23.0  mpc   3.4 ms  err 0.73
[427/450] speed=3 S2  FR_SAFE_10  seed 27  goal      clr  0.61  t  17.4  inf 162  N 24.5  mpc   3.7 ms  err 0.67
[428/450] speed=3 S2  FR_SAFE_10  seed 28  goal      clr  0.53  t  19.4  inf 180  N 21.5  mpc   3.1 ms  err 0.34
[429/450] speed=3 S2  FR_SAFE_10  seed 29  goal      clr  0.68  t  21.4  inf 200  N 23.1  mpc   3.6 ms  err 0.43
[430/450] speed=3 S2  FR_SAFE_10  seed 30  goal      clr  0.50  t  19.7  inf 183  N 23.4  mpc   3.5 ms  err 0.42
[431/450] speed=3 S2  FR_SAFE_10  seed 31  goal      clr  0.63  t  18.5  inf 172  N 21.9  mpc   3.2 ms  err 0.42
[432/450] speed=3 S2  FR_SAFE_10  seed 32  goal      clr  0.62  t  20.3  inf 190  N 22.7  mpc   3.3 ms  err 0.90
[433/450] speed=3 S2  FR_SAFE_10  seed 33  goal      clr  0.67  t  17.1  inf 159  N 23.1  mpc   3.5 ms  err 0.90
[434/450] speed=3 S2  FR_SAFE_10  seed 34  goal      clr  0.62  t  18.2  inf 171  N 23.1  mpc   3.3 ms  err 0.33
[435/450] speed=3 S2  FR_SAFE_10  seed 35  goal      clr  0.65  t  17.8  inf 167  N 24.6  mpc   3.6 ms  err 0.81
[436/450] speed=3 S2  FR_SAFE_10  seed 36  goal      clr  0.79  t  19.4  inf 184  N 24.1  mpc   3.6 ms  err 0.72
[437/450] speed=3 S2  FR_SAFE_10  seed 37  goal      clr  0.51  t  18.1  inf 170  N 23.7  mpc   3.5 ms  err 0.42
[438/450] speed=3 S2  FR_SAFE_10  seed 38  goal      clr  0.56  t  17.2  inf 159  N 24.6  mpc   3.7 ms  err 0.60
[439/450] speed=3 S2  FR_SAFE_10  seed 39  goal      clr  0.61  t  16.9  inf 155  N 21.9  mpc   3.3 ms  err 0.48
[440/450] speed=3 S2  FR_SAFE_10  seed 40  goal      clr  0.52  t  18.1  inf 169  N 23.8  mpc   3.5 ms  err 0.40
[441/450] speed=3 S2  FR_SAFE_10  seed 41  goal      clr  0.61  t  19.2  inf 181  N 24.6  mpc   3.6 ms  err 0.20
[442/450] speed=3 S2  FR_SAFE_10  seed 42  goal      clr  0.54  t  17.3  inf 162  N 23.6  mpc   3.4 ms  err 0.45
[443/450] speed=3 S2  FR_SAFE_10  seed 43  goal      clr  0.46  t  18.8  inf 175  N 22.7  mpc   3.3 ms  err 0.70
[444/450] speed=3 S2  FR_SAFE_10  seed 44  goal      clr  0.52  t  24.7  inf 228  N 22.0  mpc   3.4 ms  err 0.30
[445/450] speed=3 S2  FR_SAFE_10  seed 45  goal      clr  0.58  t  17.3  inf 162  N 23.7  mpc   3.4 ms  err 0.24
[446/450] speed=3 S2  FR_SAFE_10  seed 46  goal      clr  0.50  t  17.6  inf 162  N 23.8  mpc   3.6 ms  err 0.55
[447/450] speed=3 S2  FR_SAFE_10  seed 47  goal      clr  0.60  t  17.8  inf 166  N 24.9  mpc   3.8 ms  err 0.49
[448/450] speed=3 S2  FR_SAFE_10  seed 48  goal      clr  0.56  t  17.6  inf 165  N 25.4  mpc   3.7 ms  err 0.24
[449/450] speed=3 S2  FR_SAFE_10  seed 49  goal      clr  0.51  t  18.9  inf 177  N 23.7  mpc   3.5 ms  err 0.46
[450/450] speed=3 S2  FR_SAFE_10  seed 50  goal      clr  0.61  t  21.5  inf 201  N 20.9  mpc   3.0 ms  err 0.43
