[  1/200] speed=3 S2  E_DART      seed  1  goal      clr  0.65  t  18.1  inf  48  N 22.5  mpc   6.1 ms  err 0.53
[  2/200] speed=3 S2  E_DART      seed  2  goal      clr  0.99  t  19.5  inf  57  N 22.0  mpc   4.7 ms  err 0.36
[  3/200] speed=3 S2  E_DART      seed  3  goal      clr  0.48  t  17.6  inf  60  N 24.5  mpc   4.9 ms  err 0.34
[  4/200] speed=3 S2  E_DART      seed  4  goal      clr  2.30  t  20.5  inf  31  N 19.5  mpc   3.4 ms  err 0.95
[  5/200] speed=3 S2  E_DART      seed  5  goal      clr  0.59  t  18.9  inf  46  N 20.6  mpc   4.0 ms  err 0.83
[  6/200] speed=3 S2  E_DART      seed  6  goal      clr  0.79  t  20.7  inf  49  N 20.7  mpc   3.7 ms  err 0.82
[  7/200] speed=3 S2  E_DART      seed  7  goal      clr  0.56  t  17.0  inf  71  N 24.0  mpc   4.5 ms  err 0.48
[  8/200] speed=3 S2  E_DART      seed  8  goal      clr  0.66  t  19.7  inf  93  N 25.1  mpc   5.3 ms  err 0.52
[  9/200] speed=3 S2  E_DART      seed  9  goal      clr  0.43  t  22.5  inf  83  N 23.6  mpc   4.6 ms  err 0.49
[ 10/200] speed=3 S2  E_DART      seed 10  goal      clr  0.45  t  25.9  inf  76  N 22.7  mpc   4.5 ms  err 0.50
[ 11/200] speed=3 S2  E_DART      seed 11  goal      clr  0.58  t  17.0  inf  68  N 24.4  mpc   4.9 ms  err 0.32
[ 12/200] speed=3 S2  E_DART      seed 12  goal      clr  0.54  t  20.6  inf  69  N 22.8  mpc   4.1 ms  err 0.40
[ 13/200] speed=3 S2  E_DART      seed 13  goal      clr  0.63  t  17.6  inf  51  N 22.3  mpc   4.2 ms  err 0.79
[ 14/200] speed=3 S2  E_DART      seed 14  goal      clr  0.60  t  20.0  inf  40  N 18.9  mpc   3.1 ms  err 0.56
[ 15/200] speed=3 S2  E_DART      seed 15  goal      clr  0.58  t  17.7  inf  62  N 23.0  mpc   4.1 ms  err 0.39
[ 16/200] speed=3 S2  E_DART      seed 16  goal      clr  0.63  t  17.8  inf  77  N 24.6  mpc   4.7 ms  err 0.48
[ 17/200] speed=3 S2  E_DART      seed 17  goal      clr  0.57  t  23.1  inf  56  N 20.9  mpc   3.7 ms  err 0.34
[ 18/200] speed=3 S2  E_DART      seed 18  goal      clr  0.82  t  19.3  inf  51  N 20.9  mpc   3.5 ms  err 1.06
[ 19/200] speed=3 S2  E_DART      seed 19  goal      clr  0.59  t  21.2  inf  50  N 20.8  mpc   3.6 ms  err 0.72
[ 20/200] speed=3 S2  E_DART      seed 20  goal      clr  0.85  t  20.4  inf  49  N 22.1  mpc   4.2 ms  err 0.60
[ 21/200] speed=3 S2  E_DART      seed 21  goal      clr  0.48  t  24.7  inf  72  N 21.3  mpc   4.1 ms  err 0.67
[ 22/200] speed=3 S2  E_DART      seed 22  goal      clr  0.51  t  18.3  inf  46  N 23.1  mpc   4.2 ms  err 0.28
[ 23/200] speed=3 S2  E_DART      seed 23  goal      clr  0.64  t  20.0  inf  60  N 23.6  mpc   4.6 ms  err 0.25
[ 24/200] speed=3 S2  E_DART      seed 24  goal      clr  0.75  t  17.4  inf  56  N 24.5  mpc   4.8 ms  err 0.27
[ 25/200] speed=3 S2  E_DART      seed 25  goal      clr  0.60  t  18.7  inf  67  N 24.2  mpc   4.8 ms  err 0.46
[ 26/200] speed=3 S2  E_DART      seed 26  goal      clr  0.67  t  18.4  inf  62  N 23.2  mpc   4.3 ms  err 0.58
[ 27/200] speed=3 S2  E_DART      seed 27  goal      clr  0.49  t  19.1  inf  53  N 22.2  mpc   4.1 ms  err 0.28
[ 28/200] speed=3 S2  E_DART      seed 28  goal      clr  0.56  t  19.5  inf  43  N 21.6  mpc   3.7 ms  err 0.42
[ 29/200] speed=3 S2  E_DART      seed 29  goal      clr  1.20  t  17.1  inf  34  N 24.2  mpc   4.4 ms  err 0.78
[ 30/200] speed=3 S2  E_DART      seed 30  goal      clr  0.50  t  19.2  inf  69  N 23.8  mpc   4.3 ms  err 0.61
[ 31/200] speed=3 S2  E_DART      seed 31  goal      clr  0.52  t  18.3  inf  70  N 23.2  mpc   4.5 ms  err 0.44
[ 32/200] speed=3 S2  E_DART      seed 32  goal      clr  0.55  t  16.9  inf  87  N 26.1  mpc   5.2 ms  err 0.57
[ 33/200] speed=3 S2  E_DART      seed 33  goal      clr  0.55  t  22.8  inf  62  N 22.7  mpc   4.0 ms  err 0.24
[ 34/200] speed=3 S2  E_DART      seed 34  goal      clr  0.65  t  21.2  inf  57  N 21.4  mpc   3.8 ms  err 0.22
[ 35/200] speed=3 S2  E_DART      seed 35  goal      clr  0.58  t  20.2  inf  63  N 23.2  mpc   4.4 ms  err 0.90
[ 36/200] speed=3 S2  E_DART      seed 36  goal      clr  0.43  t  19.8  inf  85  N 23.9  mpc   5.1 ms  err 0.73
[ 37/200] speed=3 S2  E_DART      seed 37  goal      clr  0.59  t  24.1  inf  66  N 21.3  mpc   3.8 ms  err 0.36
[ 38/200] speed=3 S2  E_DART      seed 38  goal      clr  0.68  t  17.4  inf  57  N 23.7  mpc   4.6 ms  err 0.27
[ 39/200] speed=3 S2  E_DART      seed 39  goal      clr  0.94  t  16.8  inf  48  N 22.9  mpc   4.3 ms  err 0.47
[ 40/200] speed=3 S2  E_DART      seed 40  goal      clr  0.54  t  18.4  inf  74  N 24.2  mpc   4.7 ms  err 0.30
[ 41/200] speed=3 S2  E_DART      seed 41  goal      clr  0.54  t  21.0  inf  77  N 24.9  mpc   5.0 ms  err 0.37
[ 42/200] speed=3 S2  E_DART      seed 42  goal      clr  0.57  t  25.7  inf  45  N 20.0  mpc   3.6 ms  err 0.23
[ 43/200] speed=3 S2  E_DART      seed 43  goal      clr  0.61  t  21.4  inf  78  N 23.0  mpc   4.5 ms  err 0.59
[ 44/200] speed=3 S2  E_DART      seed 44  goal      clr  0.61  t  19.3  inf  59  N 22.9  mpc   4.4 ms  err 0.74
[ 45/200] speed=3 S2  E_DART      seed 45  goal      clr  0.67  t  17.4  inf  68  N 24.2  mpc   4.4 ms  err 0.24
[ 46/200] speed=3 S2  E_DART      seed 46  goal      clr  0.91  t  18.6  inf  55  N 22.7  mpc   4.1 ms  err 0.55
[ 47/200] speed=3 S2  E_DART      seed 47  goal      clr  0.60  t  17.0  inf  60  N 24.2  mpc   5.0 ms  err 0.54
[ 48/200] speed=3 S2  E_DART      seed 48  goal      clr  0.39  t  22.5  inf  91  N 24.3  mpc   5.3 ms  err 0.46
[ 49/200] speed=3 S2  E_DART      seed 49  goal      clr  0.60  t  18.0  inf  51  N 22.8  mpc   4.3 ms  err 0.40
[ 50/200] speed=3 S2  E_DART      seed 50  goal      clr  0.58  t  24.1  inf  80  N 21.6  mpc   4.1 ms  err 0.31
[ 51/200] speed=3 S2  FN_SAFE_15  seed  1  goal      clr  0.57  t  21.2  inf  93  N 17.3  mpc   3.3 ms  err 0.62
[ 52/200] speed=3 S2  FN_SAFE_15  seed  2  goal      clr  0.49  t  25.9  inf  75  N 15.0  mpc   2.5 ms  err 0.54
[ 53/200] speed=3 S2  FN_SAFE_15  seed  3  goal      clr  0.51  t  17.5  inf  82  N 15.0  mpc   2.4 ms  err 0.44
[ 54/200] speed=3 S2  FN_SAFE_15  seed  4  goal      clr  0.81  t  20.9  inf  75  N 15.0  mpc   2.5 ms  err 0.36
[ 55/200] speed=3 S2  FN_SAFE_15  seed  5  goal      clr  0.56  t  19.8  inf  75  N 15.0  mpc   2.4 ms  err 0.40
[ 56/200] speed=3 S2  FN_SAFE_15  seed  6  goal      clr  0.77  t  20.8  inf  42  N 15.0  mpc   2.0 ms  err 0.79
[ 57/200] speed=3 S2  FN_SAFE_15  seed  7  goal      clr  0.49  t  17.3  inf  61  N 15.0  mpc   2.3 ms  err 0.55
[ 58/200] speed=3 S2  FN_SAFE_15  seed  8  goal      clr  0.70  t  19.0  inf  60  N 15.7  mpc   2.3 ms  err 0.71
[ 59/200] speed=3 S2  FN_SAFE_15  seed  9  goal      clr  0.44  t  20.2  inf  74  N 15.5  mpc   2.6 ms  err 0.75
[ 60/200] speed=3 S2  FN_SAFE_15  seed 10  goal      clr  0.53  t  18.8  inf  76  N 15.8  mpc   2.6 ms  err 0.46
[ 61/200] speed=3 S2  FN_SAFE_15  seed 11  goal      clr  0.54  t  20.2  inf  72  N 15.5  mpc   2.6 ms  err 0.54
[ 62/200] speed=3 S2  FN_SAFE_15  seed 12  goal      clr  0.52  t  27.4  inf  84  N 15.0  mpc   2.5 ms  err 0.73
[ 63/200] speed=3 S2  FN_SAFE_15  seed 13  goal      clr  0.57  t  18.8  inf  70  N 15.8  mpc   2.7 ms  err 0.44
[ 64/200] speed=3 S2  FN_SAFE_15  seed 14  goal      clr  0.75  t  21.1  inf  45  N 15.0  mpc   1.9 ms  err 0.54
[ 65/200] speed=3 S2  FN_SAFE_15  seed 15  goal      clr  0.75  t  18.0  inf  54  N 15.5  mpc   2.4 ms  err 0.64
[ 66/200] speed=3 S2  FN_SAFE_15  seed 16  goal      clr  0.39  t  18.9  inf  91  N 16.5  mpc   2.8 ms  err 0.55
[ 67/200] speed=3 S2  FN_SAFE_15  seed 17  goal      clr  0.62  t  17.6  inf  50  N 15.0  mpc   2.4 ms  err 0.28
[ 68/200] speed=3 S2  FN_SAFE_15  seed 18  goal      clr  0.48  t  19.2  inf  45  N 15.0  mpc   2.0 ms  err 1.23
[ 69/200] speed=3 S2  FN_SAFE_15  seed 19  goal      clr  0.49  t  20.9  inf  64  N 15.2  mpc   2.3 ms  err 0.61
[ 70/200] speed=3 S2  FN_SAFE_15  seed 20  goal      clr  0.57  t  20.4  inf  69  N 15.0  mpc   2.3 ms  err 0.37
[ 71/200] speed=3 S2  FN_SAFE_15  seed 21  goal      clr  0.57  t  21.7  inf  59  N 15.0  mpc   2.3 ms  err 0.42
[ 72/200] speed=3 S2  FN_SAFE_15  seed 22  goal      clr  0.59  t  18.6  inf  52  N 15.0  mpc   2.3 ms  err 0.50
[ 73/200] speed=3 S2  FN_SAFE_15  seed 23  goal      clr  0.60  t  25.7  inf  61  N 15.2  mpc   2.4 ms  err 0.45
[ 74/200] speed=3 S2  FN_SAFE_15  seed 24  goal      clr  0.58  t  20.9  inf  88  N 17.2  mpc   3.1 ms  err 0.44
[ 75/200] speed=3 S2  FN_SAFE_15  seed 25  goal      clr  0.56  t  18.8  inf  72  N 15.0  mpc   2.3 ms  err 0.28
[ 76/200] speed=3 S2  FN_SAFE_15  seed 26  goal      clr  1.01  t  18.4  inf  41  N 15.0  mpc   2.2 ms  err 0.61
[ 77/200] speed=3 S2  FN_SAFE_15  seed 27  goal      clr  0.48  t  17.1  inf  71  N 15.4  mpc   2.4 ms  err 0.50
[ 78/200] speed=3 S2  FN_SAFE_15  seed 28  goal      clr  0.53  t  22.7  inf  56  N 15.0  mpc   2.3 ms  err 0.31
[ 79/200] speed=3 S2  FN_SAFE_15  seed 29  goal      clr  0.53  t  17.4  inf  70  N 15.3  mpc   2.3 ms  err 0.27
[ 80/200] speed=3 S2  FN_SAFE_15  seed 30  goal      clr  0.53  t  22.7  inf 103  N 15.0  mpc   2.4 ms  err 0.54
[ 81/200] speed=3 S2  FN_SAFE_15  seed 31  goal      clr  0.69  t  18.7  inf  62  N 15.3  mpc   2.4 ms  err 0.33
[ 82/200] speed=3 S2  FN_SAFE_15  seed 32  goal      clr  0.75  t  21.1  inf  52  N 15.4  mpc   2.2 ms  err 0.86
[ 83/200] speed=3 S2  FN_SAFE_15  seed 33  goal      clr  0.60  t  22.0  inf  79  N 15.2  mpc   2.3 ms  err 0.21
[ 84/200] speed=3 S2  FN_SAFE_15  seed 34  goal      clr  0.53  t  21.9  inf  77  N 15.0  mpc   2.3 ms  err 0.36
[ 85/200] speed=3 S2  FN_SAFE_15  seed 35  goal      clr  0.48  t  21.7  inf  70  N 16.0  mpc   2.3 ms  err 0.92
[ 86/200] speed=3 S2  FN_SAFE_15  seed 36  goal      clr  0.60  t  29.2  inf  80  N 15.0  mpc   2.4 ms  err 0.20
[ 87/200] speed=3 S2  FN_SAFE_15  seed 37  goal      clr  0.83  t  22.1  inf  58  N 15.0  mpc   2.1 ms  err 0.78
[ 88/200] speed=3 S2  FN_SAFE_15  seed 38  goal      clr  0.66  t  17.6  inf  67  N 15.5  mpc   2.6 ms  err 0.38
[ 89/200] speed=3 S2  FN_SAFE_15  seed 39  goal      clr  0.83  t  17.1  inf  45  N 15.0  mpc   2.4 ms  err 0.64
[ 90/200] speed=3 S2  FN_SAFE_15  seed 40  goal      clr  0.63  t  22.5  inf  68  N 15.5  mpc   2.4 ms  err 0.56
[ 91/200] speed=3 S2  FN_SAFE_15  seed 41  goal      clr  0.61  t  28.3  inf 121  N 15.7  mpc   2.7 ms  err 0.55
[ 92/200] speed=3 S2  FN_SAFE_15  seed 42  goal      clr  0.57  t  17.2  inf  69  N 15.0  mpc   2.3 ms  err 0.52
[ 93/200] speed=3 S2  FN_SAFE_15  seed 43  goal      clr  0.62  t  25.7  inf  98  N 17.0  mpc   2.8 ms  err 0.82
[ 94/200] speed=3 S2  FN_SAFE_15  seed 44  goal      clr  0.63  t  17.8  inf  74  N 16.0  mpc   2.7 ms  err 0.29
[ 95/200] speed=3 S2  FN_SAFE_15  seed 45  goal      clr  0.52  t  16.9  inf  65  N 15.0  mpc   2.4 ms  err 0.31
[ 96/200] speed=3 S2  FN_SAFE_15  seed 46  goal      clr  0.63  t  21.8  inf  63  N 15.2  mpc   2.4 ms  err 0.20
[ 97/200] speed=3 S2  FN_SAFE_15  seed 47  goal      clr  0.58  t  17.9  inf  74  N 16.2  mpc   2.8 ms  err 0.66
[ 98/200] speed=3 S2  FN_SAFE_15  seed 48  goal      clr  0.55  t  21.1  inf  67  N 15.6  mpc   2.5 ms  err 0.25
[ 99/200] speed=3 S2  FN_SAFE_15  seed 49  goal      clr  0.71  t  18.6  inf  50  N 15.3  mpc   2.5 ms  err 0.26
[100/200] speed=3 S2  FN_SAFE_15  seed 50  goal      clr  0.69  t  18.0  inf  54  N 15.0  mpc   2.3 ms  err 0.37
[101/200] speed=3 S2  FN_SAFE_20  seed  1  goal      clr  0.56  t  25.1  inf  62  N 20.1  mpc   3.0 ms  err 0.40
[102/200] speed=3 S2  FN_SAFE_20  seed  2  goal      clr  0.57  t  18.1  inf  61  N 20.7  mpc   3.6 ms  err 0.54
[103/200] speed=3 S2  FN_SAFE_20  seed  3  goal      clr  0.51  t  17.5  inf  72  N 20.0  mpc   3.2 ms  err 0.26
[104/200] speed=3 S2  FN_SAFE_20  seed  4  goal      clr  0.60  t  22.2  inf  57  N 20.6  mpc   3.2 ms  err 0.61
[105/200] speed=3 S2  FN_SAFE_20  seed  5  goal      clr  1.23  t  18.8  inf  36  N 20.0  mpc   3.0 ms  err 0.51
[106/200] speed=3 S2  FN_SAFE_20  seed  6  goal      clr  0.55  t  18.5  inf  46  N 20.4  mpc   2.7 ms  err 1.09
[107/200] speed=3 S2  FN_SAFE_20  seed  7  goal      clr  0.63  t  19.4  inf  71  N 20.7  mpc   3.0 ms  err 0.31
[108/200] speed=3 S2  FN_SAFE_20  seed  8  goal      clr  0.52  t  24.5  inf  74  N 20.2  mpc   3.2 ms  err 0.41
[109/200] speed=3 S2  FN_SAFE_20  seed  9  goal      clr  0.37  t  21.8  inf  90  N 20.5  mpc   3.6 ms  err 0.33
[110/200] speed=3 S2  FN_SAFE_20  seed 10  goal      clr  0.50  t  20.3  inf  51  N 20.0  mpc   3.0 ms  err 0.47
[111/200] speed=3 S2  FN_SAFE_20  seed 11  goal      clr  0.51  t  20.9  inf  65  N 20.0  mpc   3.4 ms  err 0.26
[112/200] speed=3 S2  FN_SAFE_20  seed 12  goal      clr  0.32  t  24.0  inf  98  N 20.7  mpc   3.7 ms  err 0.64
[113/200] speed=3 S2  FN_SAFE_20  seed 13  goal      clr  0.84  t  19.6  inf  51  N 20.0  mpc   3.3 ms  err 0.57
[114/200] speed=3 S2  FN_SAFE_20  seed 14  goal      clr  0.51  t  19.6  inf  56  N 20.0  mpc   3.2 ms  err 0.46
[115/200] speed=3 S2  FN_SAFE_20  seed 15  goal      clr  0.73  t  17.9  inf  57  N 20.6  mpc   3.4 ms  err 0.44
[116/200] speed=3 S2  FN_SAFE_20  seed 16  goal      clr  0.60  t  34.0  inf  84  N 20.3  mpc   3.5 ms  err 0.34
[117/200] speed=3 S2  FN_SAFE_20  seed 17  goal      clr  0.59  t  26.9  inf  60  N 20.0  mpc   3.4 ms  err 0.20
[118/200] speed=3 S2  FN_SAFE_20  seed 18  goal      clr  0.65  t  19.6  inf  45  N 20.0  mpc   3.2 ms  err 0.75
[119/200] speed=3 S2  FN_SAFE_20  seed 19  goal      clr  0.58  t  21.9  inf  66  N 20.4  mpc   3.5 ms  err 0.49
[120/200] speed=3 S2  FN_SAFE_20  seed 20  goal      clr  0.63  t  21.6  inf  73  N 20.1  mpc   3.5 ms  err 0.28
[121/200] speed=3 S2  FN_SAFE_20  seed 21  goal      clr  0.70  t  17.3  inf  43  N 20.0  mpc   3.3 ms  err 0.70
[122/200] speed=3 S2  FN_SAFE_20  seed 22  goal      clr  0.72  t  22.8  inf  58  N 20.0  mpc   3.3 ms  err 0.34
[123/200] speed=3 S2  FN_SAFE_20  seed 23  goal      clr  0.45  t  20.3  inf  62  N 20.0  mpc   3.3 ms  err 0.72
[124/200] speed=3 S2  FN_SAFE_20  seed 24  goal      clr  0.60  t  21.6  inf  69  N 20.0  mpc   3.4 ms  err 0.42
[125/200] speed=3 S2  FN_SAFE_20  seed 25  goal      clr  0.48  t  17.4  inf  77  N 21.4  mpc   3.9 ms  err 0.48
[126/200] speed=3 S2  FN_SAFE_20  seed 26  goal      clr  0.93  t  18.7  inf  46  N 20.0  mpc   3.3 ms  err 0.34
[127/200] speed=3 S2  FN_SAFE_20  seed 27  goal      clr  0.69  t  19.9  inf  63  N 20.0  mpc   3.5 ms  err 0.23
[128/200] speed=3 S2  FN_SAFE_20  seed 28  goal      clr  0.59  t  22.4  inf  55  N 20.0  mpc   3.5 ms  err 0.41
[129/200] speed=3 S2  FN_SAFE_20  seed 29  goal      clr  0.53  t  17.4  inf  67  N 20.0  mpc   3.2 ms  err 0.15
[130/200] speed=3 S2  FN_SAFE_20  seed 30  goal      clr  0.48  t  23.5  inf 110  N 20.6  mpc   3.7 ms  err 0.85
[131/200] speed=3 S2  FN_SAFE_20  seed 31  goal      clr  0.50  t  19.8  inf  71  N 20.3  mpc   3.3 ms  err 0.60
[132/200] speed=3 S2  FN_SAFE_20  seed 32  goal      clr  0.40  t  19.6  inf  79  N 20.5  mpc   3.6 ms  err 0.50
[133/200] speed=3 S2  FN_SAFE_20  seed 33  goal      clr  0.93  t  22.3  inf  59  N 20.0  mpc   3.1 ms  err 0.46
[134/200] speed=3 S2  FN_SAFE_20  seed 34  timeout   clr  0.54  t  40.0  inf  80  N 20.1  mpc   2.8 ms  err 0.34
[135/200] speed=3 S2  FN_SAFE_20  seed 35  goal      clr  1.01  t  17.8  inf  38  N 20.0  mpc   2.8 ms  err 1.16
[136/200] speed=3 S2  FN_SAFE_20  seed 36  goal      clr  0.57  t  19.3  inf  66  N 20.0  mpc   3.1 ms  err 0.32
[137/200] speed=3 S2  FN_SAFE_20  seed 37  goal      clr  0.54  t  22.4  inf  60  N 20.0  mpc   3.1 ms  err 0.32
[138/200] speed=3 S2  FN_SAFE_20  seed 38  goal      clr  0.51  t  17.4  inf  61  N 20.0  mpc   3.3 ms  err 0.34
[139/200] speed=3 S2  FN_SAFE_20  seed 39  goal      clr  0.84  t  16.6  inf  46  N 20.2  mpc   3.3 ms  err 0.41
[140/200] speed=3 S2  FN_SAFE_20  seed 40  goal      clr  0.61  t  22.4  inf  49  N 20.0  mpc   3.2 ms  err 0.72
[141/200] speed=3 S2  FN_SAFE_20  seed 41  goal      clr  0.56  t  19.7  inf  74  N 20.8  mpc   3.7 ms  err 0.66
[142/200] speed=3 S2  FN_SAFE_20  seed 42  goal      clr  0.56  t  17.2  inf  67  N 20.0  mpc   3.5 ms  err 0.51
[143/200] speed=3 S2  FN_SAFE_20  seed 43  goal      clr  0.90  t  19.3  inf  49  N 20.4  mpc   3.3 ms  err 1.13
[144/200] speed=3 S2  FN_SAFE_20  seed 44  goal      clr  0.54  t  18.3  inf  63  N 20.5  mpc   3.5 ms  err 0.80
[145/200] speed=3 S2  FN_SAFE_20  seed 45  goal      clr  0.55  t  17.0  inf  63  N 20.0  mpc   3.2 ms  err 0.21
[146/200] speed=3 S2  FN_SAFE_20  seed 46  goal      clr  0.62  t  19.8  inf  72  N 20.3  mpc   3.3 ms  err 0.42
[147/200] speed=3 S2  FN_SAFE_20  seed 47  goal      clr  0.70  t  21.4  inf  43  N 20.0  mpc   2.9 ms  err 0.56
[148/200] speed=3 S2  FN_SAFE_20  seed 48  goal      clr  0.49  t  20.5  inf  55  N 20.1  mpc   3.3 ms  err 0.32
[149/200] speed=3 S2  FN_SAFE_20  seed 49  goal      clr  0.56  t  17.3  inf  50  N 20.5  mpc   3.6 ms  err 0.38
[150/200] speed=3 S2  FN_SAFE_20  seed 50  goal      clr  0.66  t  19.8  inf  51  N 20.0  mpc   3.1 ms  err 0.38
[151/200] speed=3 S2  FN_SAFE_30  seed  1  goal      clr  0.56  t  19.0  inf  43  N 30.0  mpc   5.6 ms  err 0.44
[152/200] speed=3 S2  FN_SAFE_30  seed  2  goal      clr  0.79  t  17.4  inf  64  N 30.0  mpc   5.7 ms  err 0.28
[153/200] speed=3 S2  FN_SAFE_30  seed  3  goal      clr  0.49  t  17.4  inf  56  N 30.0  mpc   5.7 ms  err 0.32
[154/200] speed=3 S2  FN_SAFE_30  seed  4  goal      clr  0.71  t  21.8  inf  64  N 30.0  mpc   5.7 ms  err 0.66
[155/200] speed=3 S2  FN_SAFE_30  seed  5  goal      clr  1.94  t  18.9  inf  26  N 30.0  mpc   5.0 ms  err 0.77
[156/200] speed=3 S2  FN_SAFE_30  seed  6  goal      clr  0.51  t  21.3  inf  90  N 30.0  mpc   5.5 ms  err 0.46
[157/200] speed=3 S2  FN_SAFE_30  seed  7  goal      clr  0.55  t  18.9  inf  79  N 30.0  mpc   6.0 ms  err 0.53
[158/200] speed=3 S2  FN_SAFE_30  seed  8  goal      clr  0.57  t  25.6  inf  77  N 30.0  mpc   6.2 ms  err 0.62
[159/200] speed=3 S2  FN_SAFE_30  seed  9  goal      clr  0.50  t  19.4  inf  74  N 30.0  mpc   6.1 ms  err 0.60
[160/200] speed=3 S2  FN_SAFE_30  seed 10  goal      clr  0.65  t  19.0  inf  75  N 30.0  mpc   6.0 ms  err 0.32
[161/200] speed=3 S2  FN_SAFE_30  seed 11  goal      clr  0.53  t  17.0  inf  67  N 30.0  mpc   6.0 ms  err 0.35
[162/200] speed=3 S2  FN_SAFE_30  seed 12  goal      clr  0.55  t  18.4  inf  65  N 30.0  mpc   6.0 ms  err 0.56
[163/200] speed=3 S2  FN_SAFE_30  seed 13  timeout   clr  0.53  t  40.0  inf  79  N 30.0  mpc   6.1 ms  err 0.37
[164/200] speed=3 S2  FN_SAFE_30  seed 14  goal      clr  0.49  t  20.2  inf  52  N 30.0  mpc   5.9 ms  err 0.50
[165/200] speed=3 S2  FN_SAFE_30  seed 15  goal      clr  0.67  t  17.2  inf  47  N 30.0  mpc   5.9 ms  err 0.40
[166/200] speed=3 S2  FN_SAFE_30  seed 16  goal      clr  0.50  t  17.7  inf  73  N 30.0  mpc   5.8 ms  err 0.45
[167/200] speed=3 S2  FN_SAFE_30  seed 17  goal      clr  0.46  t  23.9  inf 108  N 30.0  mpc   6.0 ms  err 0.34
[168/200] speed=3 S2  FN_SAFE_30  seed 18  goal      clr  0.56  t  18.9  inf  61  N 30.0  mpc   5.7 ms  err 0.39
[169/200] speed=3 S2  FN_SAFE_30  seed 19  goal      clr  0.51  t  19.8  inf  56  N 30.0  mpc   5.7 ms  err 0.24
[170/200] speed=3 S2  FN_SAFE_30  seed 20  goal      clr  0.57  t  20.5  inf  57  N 30.0  mpc   5.8 ms  err 0.40
[171/200] speed=3 S2  FN_SAFE_30  seed 21  goal      clr  0.47  t  20.5  inf  47  N 30.0  mpc   5.5 ms  err 0.51
[172/200] speed=3 S2  FN_SAFE_30  seed 22  goal      clr  0.57  t  17.1  inf  46  N 30.0  mpc   5.7 ms  err 0.38
[173/200] speed=3 S2  FN_SAFE_30  seed 23  goal      clr  0.88  t  21.4  inf  70  N 30.0  mpc   5.5 ms  err 0.65
[174/200] speed=3 S2  FN_SAFE_30  seed 24  goal      clr  0.94  t  19.9  inf  32  N 30.0  mpc   5.0 ms  err 0.55
[175/200] speed=3 S2  FN_SAFE_30  seed 25  goal      clr  0.49  t  20.7  inf  64  N 30.0  mpc   5.9 ms  err 0.31
[176/200] speed=3 S2  FN_SAFE_30  seed 26  goal      clr  2.12  t  19.7  inf  31  N 30.0  mpc   4.9 ms  err 0.91
[177/200] speed=3 S2  FN_SAFE_30  seed 27  goal      clr  0.56  t  24.4  inf  65  N 30.0  mpc   6.1 ms  err 0.17
[178/200] speed=3 S2  FN_SAFE_30  seed 28  goal      clr  0.81  t  17.0  inf  55  N 30.0  mpc   6.0 ms  err 0.27
[179/200] speed=3 S2  FN_SAFE_30  seed 29  goal      clr  2.39  t  19.5  inf  30  N 30.0  mpc   5.0 ms  err 0.66
[180/200] speed=3 S2  FN_SAFE_30  seed 30  goal      clr  0.60  t  22.9  inf  75  N 30.0  mpc   6.1 ms  err 0.50
[181/200] speed=3 S2  FN_SAFE_30  seed 31  goal      clr  0.46  t  20.3  inf  72  N 30.0  mpc   6.3 ms  err 0.52
[182/200] speed=3 S2  FN_SAFE_30  seed 32  goal      clr  0.51  t  16.8  inf  81  N 30.0  mpc   6.0 ms  err 0.62
[183/200] speed=3 S2  FN_SAFE_30  seed 33  goal      clr  0.46  t  21.1  inf  72  N 30.0  mpc   6.0 ms  err 0.37
[184/200] speed=3 S2  FN_SAFE_30  seed 34  goal      clr  0.67  t  19.8  inf  63  N 30.0  mpc   5.8 ms  err 0.35
[185/200] speed=3 S2  FN_SAFE_30  seed 35  goal      clr  1.48  t  20.6  inf  46  N 30.0  mpc   5.7 ms  err 1.01
[186/200] speed=3 S2  FN_SAFE_30  seed 36  goal      clr  0.61  t  17.2  inf  65  N 30.0  mpc   5.8 ms  err 0.51
[187/200] speed=3 S2  FN_SAFE_30  seed 37  goal      clr  0.58  t  21.3  inf  71  N 30.0  mpc   5.7 ms  err 0.33
[188/200] speed=3 S2  FN_SAFE_30  seed 38  goal      clr  0.71  t  17.4  inf  56  N 30.0  mpc   5.9 ms  err 0.23
[189/200] speed=3 S2  FN_SAFE_30  seed 39  goal      clr  0.58  t  25.3  inf  61  N 30.0  mpc   6.0 ms  err 0.51
[190/200] speed=3 S2  FN_SAFE_30  seed 40  goal      clr  0.76  t  33.4  inf  62  N 30.0  mpc   6.0 ms  err 0.27
[191/200] speed=3 S2  FN_SAFE_30  seed 41  goal      clr  0.58  t  18.6  inf  67  N 30.0  mpc   5.8 ms  err 0.42
[192/200] speed=3 S2  FN_SAFE_30  seed 42  goal      clr  0.59  t  18.6  inf  57  N 30.0  mpc   5.7 ms  err 0.55
[193/200] speed=3 S2  FN_SAFE_30  seed 43  goal      clr  0.84  t  19.0  inf  58  N 30.0  mpc   5.9 ms  err 0.39
[194/200] speed=3 S2  FN_SAFE_30  seed 44  goal      clr  0.57  t  23.0  inf  69  N 30.0  mpc   6.1 ms  err 0.42
[195/200] speed=3 S2  FN_SAFE_30  seed 45  goal      clr  0.53  t  17.3  inf  66  N 30.0  mpc   5.7 ms  err 0.22
[196/200] speed=3 S2  FN_SAFE_30  seed 46  goal      clr  0.82  t  17.6  inf  61  N 30.0  mpc   5.6 ms  err 0.46
[197/200] speed=3 S2  FN_SAFE_30  seed 47  goal      clr  0.67  t  17.7  inf  48  N 30.0  mpc   5.7 ms  err 0.32
[198/200] speed=3 S2  FN_SAFE_30  seed 48  goal      clr  0.62  t  20.4  inf  70  N 30.0  mpc   5.8 ms  err 0.17
[199/200] speed=3 S2  FN_SAFE_30  seed 49  goal      clr  0.54  t  19.4  inf  47  N 30.0  mpc   5.3 ms  err 0.46
[200/200] speed=3 S2  FN_SAFE_30  seed 50  goal      clr  0.73  t  22.6  inf  46  N 30.0  mpc   5.5 ms  err 0.37
