[  1/450] latency=0.1 S1  E_DART      seed  1  goal      clr  0.48  t  15.1  inf  77  N 25.9  mpc   5.4 ms  err 0.16
[  2/450] latency=0.1 S1  E_DART      seed  2  goal      clr  0.46  t  14.9  inf  69  N 25.5  mpc   5.5 ms  err 0.23
[  3/450] latency=0.1 S1  E_DART      seed  3  goal      clr  0.58  t  17.9  inf  85  N 25.3  mpc   4.2 ms  err 0.19
[  4/450] latency=0.1 S1  E_DART      seed  4  goal      clr  0.60  t  14.6  inf  66  N 25.8  mpc   3.9 ms  err 0.21
[  5/450] latency=0.1 S1  E_DART      seed  5  goal      clr  0.54  t  14.9  inf  68  N 25.1  mpc   3.8 ms  err 0.20
[  6/450] latency=0.1 S1  E_DART      seed  6  goal      clr  0.61  t  14.0  inf  63  N 25.4  mpc   3.6 ms  err 0.16
[  7/450] latency=0.1 S1  E_DART      seed  7  goal      clr  0.41  t  15.2  inf  63  N 25.4  mpc   3.8 ms  err 0.20
[  8/450] latency=0.1 S1  E_DART      seed  8  goal      clr  0.59  t  15.7  inf  73  N 25.6  mpc   3.9 ms  err 0.19
[  9/450] latency=0.1 S1  E_DART      seed  9  goal      clr  0.63  t  14.4  inf  65  N 25.5  mpc   3.7 ms  err 0.24
[ 10/450] latency=0.1 S1  E_DART      seed 10  goal      clr  0.56  t  14.4  inf  67  N 25.3  mpc   3.9 ms  err 0.21
[ 11/450] latency=0.1 S1  E_DART      seed 11  goal      clr  0.67  t  14.4  inf  67  N 25.6  mpc   3.8 ms  err 0.22
[ 12/450] latency=0.1 S1  E_DART      seed 12  goal      clr  0.63  t  15.7  inf  73  N 25.4  mpc   3.7 ms  err 0.18
[ 13/450] latency=0.1 S1  E_DART      seed 13  goal      clr  0.59  t  14.1  inf  71  N 25.8  mpc   3.8 ms  err 0.16
[ 14/450] latency=0.1 S1  E_DART      seed 14  goal      clr  0.60  t  17.6  inf  65  N 24.0  mpc   3.6 ms  err 0.34
[ 15/450] latency=0.1 S1  E_DART      seed 15  goal      clr  0.42  t  21.2  inf 100  N 26.4  mpc   4.5 ms  err 0.30
[ 16/450] latency=0.1 S1  E_DART      seed 16  goal      clr  0.69  t  14.0  inf  62  N 25.1  mpc   3.6 ms  err 0.24
[ 17/450] latency=0.1 S1  E_DART      seed 17  goal      clr  0.66  t  14.3  inf  63  N 25.1  mpc   3.7 ms  err 0.21
[ 18/450] latency=0.1 S1  E_DART      seed 18  goal      clr  0.67  t  14.6  inf  73  N 25.8  mpc   3.8 ms  err 0.19
[ 19/450] latency=0.1 S1  E_DART      seed 19  goal      clr  0.57  t  15.7  inf  76  N 25.8  mpc   4.0 ms  err 0.17
[ 20/450] latency=0.1 S1  E_DART      seed 20  goal      clr  0.62  t  14.4  inf  65  N 25.3  mpc   3.6 ms  err 0.37
[ 21/450] latency=0.1 S1  E_DART      seed 21  goal      clr  0.67  t  15.1  inf  60  N 25.7  mpc   3.8 ms  err 0.22
[ 22/450] latency=0.1 S1  E_DART      seed 22  goal      clr  0.53  t  13.9  inf  65  N 25.4  mpc   3.6 ms  err 0.35
[ 23/450] latency=0.1 S1  E_DART      seed 23  goal      clr  0.67  t  14.5  inf  65  N 24.8  mpc   3.6 ms  err 0.20
[ 24/450] latency=0.1 S1  E_DART      seed 24  goal      clr  0.60  t  13.8  inf  63  N 25.3  mpc   3.6 ms  err 0.21
[ 25/450] latency=0.1 S1  E_DART      seed 25  goal      clr  0.57  t  14.3  inf  69  N 25.7  mpc   3.8 ms  err 0.18
[ 26/450] latency=0.1 S1  E_DART      seed 26  goal      clr  0.58  t  14.2  inf  65  N 25.2  mpc   3.7 ms  err 0.26
[ 27/450] latency=0.1 S1  E_DART      seed 27  goal      clr  0.54  t  14.2  inf  71  N 25.7  mpc   3.7 ms  err 0.11
[ 28/450] latency=0.1 S1  E_DART      seed 28  goal      clr  0.56  t  14.1  inf  63  N 25.7  mpc   3.6 ms  err 0.28
[ 29/450] latency=0.1 S1  E_DART      seed 29  goal      clr  0.59  t  16.3  inf  69  N 26.1  mpc   4.0 ms  err 0.22
[ 30/450] latency=0.1 S1  E_DART      seed 30  goal      clr  0.61  t  14.7  inf  60  N 25.0  mpc   3.6 ms  err 0.19
[ 31/450] latency=0.1 S1  E_DART      seed 31  goal      clr  0.56  t  14.8  inf  69  N 25.5  mpc   3.8 ms  err 0.15
[ 32/450] latency=0.1 S1  E_DART      seed 32  goal      clr  0.67  t  14.7  inf  75  N 25.4  mpc   3.7 ms  err 0.25
[ 33/450] latency=0.1 S1  E_DART      seed 33  goal      clr  0.63  t  14.3  inf  67  N 25.3  mpc   3.7 ms  err 0.15
[ 34/450] latency=0.1 S1  E_DART      seed 34  goal      clr  0.59  t  18.7  inf  74  N 23.8  mpc   3.6 ms  err 0.30
[ 35/450] latency=0.1 S1  E_DART      seed 35  goal      clr  0.61  t  14.4  inf  70  N 25.9  mpc   3.8 ms  err 0.28
[ 36/450] latency=0.1 S1  E_DART      seed 36  goal      clr  0.56  t  14.8  inf  75  N 25.6  mpc   3.8 ms  err 0.20
[ 37/450] latency=0.1 S1  E_DART      seed 37  goal      clr  0.57  t  28.7  inf 103  N 22.6  mpc   3.5 ms  err 0.72
[ 38/450] latency=0.1 S1  E_DART      seed 38  goal      clr  0.64  t  15.0  inf  81  N 25.9  mpc   3.9 ms  err 0.20
[ 39/450] latency=0.1 S1  E_DART      seed 39  goal      clr  0.53  t  15.3  inf  76  N 26.0  mpc   3.9 ms  err 0.16
[ 40/450] latency=0.1 S1  E_DART      seed 40  goal      clr  0.44  t  15.1  inf  69  N 25.3  mpc   3.8 ms  err 0.26
[ 41/450] latency=0.1 S1  E_DART      seed 41  goal      clr  0.62  t  17.1  inf  72  N 24.4  mpc   3.6 ms  err 0.15
[ 42/450] latency=0.1 S1  E_DART      seed 42  goal      clr  0.67  t  14.5  inf  66  N 25.7  mpc   3.8 ms  err 0.18
[ 43/450] latency=0.1 S1  E_DART      seed 43  goal      clr  0.66  t  15.4  inf  62  N 25.3  mpc   3.7 ms  err 0.27
[ 44/450] latency=0.1 S1  E_DART      seed 44  goal      clr  0.62  t  16.7  inf  61  N 25.1  mpc   3.7 ms  err 0.15
[ 45/450] latency=0.1 S1  E_DART      seed 45  goal      clr  0.48  t  15.6  inf  74  N 25.5  mpc   3.8 ms  err 0.24
[ 46/450] latency=0.1 S1  E_DART      seed 46  goal      clr  0.61  t  14.0  inf  72  N 25.8  mpc   3.8 ms  err 0.20
[ 47/450] latency=0.1 S1  E_DART      seed 47  goal      clr  0.51  t  14.7  inf  62  N 24.9  mpc   3.7 ms  err 0.25
[ 48/450] latency=0.1 S1  E_DART      seed 48  goal      clr  0.56  t  20.9  inf  86  N 24.7  mpc   3.9 ms  err 0.25
[ 49/450] latency=0.1 S1  E_DART      seed 49  goal      clr  0.72  t  14.1  inf  66  N 25.1  mpc   3.5 ms  err 0.17
[ 50/450] latency=0.1 S1  E_DART      seed 50  goal      clr  0.51  t  14.8  inf  80  N 25.6  mpc   3.9 ms  err 0.17
[ 51/450] latency=0.1 S1  Z_ZHUYI     seed  1  goal      clr  0.47  t  14.8  inf  54  N 26.0  mpc   3.9 ms  err 0.36
[ 52/450] latency=0.1 S1  Z_ZHUYI     seed  2  goal      clr  0.42  t  15.3  inf  50  N 25.3  mpc   4.1 ms  err 0.34
[ 53/450] latency=0.1 S1  Z_ZHUYI     seed  3  goal      clr  0.50  t  20.5  inf  67  N 24.9  mpc   4.0 ms  err 0.22
[ 54/450] latency=0.1 S1  Z_ZHUYI     seed  4  goal      clr  0.57  t  14.1  inf  50  N 25.6  mpc   3.9 ms  err 0.15
[ 55/450] latency=0.1 S1  Z_ZHUYI     seed  5  goal      clr  0.62  t  14.2  inf  54  N 25.7  mpc   3.8 ms  err 0.22
[ 56/450] latency=0.1 S1  Z_ZHUYI     seed  6  goal      clr  0.64  t  13.9  inf  50  N 25.7  mpc   3.7 ms  err 0.20
[ 57/450] latency=0.1 S1  Z_ZHUYI     seed  7  goal      clr  0.54  t  14.3  inf  53  N 25.4  mpc   3.8 ms  err 0.28
[ 58/450] latency=0.1 S1  Z_ZHUYI     seed  8  goal      clr  0.51  t  21.9  inf  55  N 23.3  mpc   3.5 ms  err 0.30
[ 59/450] latency=0.1 S1  Z_ZHUYI     seed  9  goal      clr  0.47  t  14.9  inf  45  N 25.4  mpc   3.7 ms  err 0.23
[ 60/450] latency=0.1 S1  Z_ZHUYI     seed 10  goal      clr  0.42  t  15.9  inf  48  N 25.6  mpc   3.9 ms  err 0.19
[ 61/450] latency=0.1 S1  Z_ZHUYI     seed 11  goal      clr  0.63  t  14.5  inf  47  N 25.6  mpc   3.7 ms  err 0.26
[ 62/450] latency=0.1 S1  Z_ZHUYI     seed 12  goal      clr  0.53  t  16.9  inf  53  N 26.0  mpc   3.9 ms  err 0.31
[ 63/450] latency=0.1 S1  Z_ZHUYI     seed 13  goal      clr  0.61  t  19.7  inf  51  N 23.6  mpc   3.5 ms  err 0.13
[ 64/450] latency=0.1 S1  Z_ZHUYI     seed 14  goal      clr  0.66  t  21.0  inf  55  N 23.7  mpc   3.5 ms  err 0.46
[ 65/450] latency=0.1 S1  Z_ZHUYI     seed 15  goal      clr  0.55  t  16.3  inf  52  N 24.8  mpc   3.8 ms  err 0.31
[ 66/450] latency=0.1 S1  Z_ZHUYI     seed 16  goal      clr  0.66  t  14.1  inf  41  N 25.3  mpc   3.6 ms  err 0.17
[ 67/450] latency=0.1 S1  Z_ZHUYI     seed 17  goal      clr  0.68  t  18.4  inf  50  N 24.1  mpc   3.6 ms  err 0.31
[ 68/450] latency=0.1 S1  Z_ZHUYI     seed 18  goal      clr  0.56  t  14.4  inf  58  N 25.9  mpc   3.9 ms  err 0.22
[ 69/450] latency=0.1 S1  Z_ZHUYI     seed 19  goal      clr  0.53  t  19.0  inf  58  N 24.2  mpc   3.6 ms  err 0.25
[ 70/450] latency=0.1 S1  Z_ZHUYI     seed 20  goal      clr  0.60  t  14.1  inf  44  N 25.2  mpc   3.7 ms  err 0.29
[ 71/450] latency=0.1 S1  Z_ZHUYI     seed 21  goal      clr  0.65  t  18.1  inf  48  N 26.0  mpc   4.0 ms  err 0.26
[ 72/450] latency=0.1 S1  Z_ZHUYI     seed 22  goal      clr  0.54  t  13.9  inf  48  N 25.6  mpc   3.7 ms  err 0.25
[ 73/450] latency=0.1 S1  Z_ZHUYI     seed 23  timeout   clr  0.37  t  40.0  inf  67  N 21.5  mpc   3.4 ms  err 0.38
[ 74/450] latency=0.1 S1  Z_ZHUYI     seed 24  goal      clr  0.62  t  14.2  inf  45  N 25.6  mpc   3.7 ms  err 0.17
[ 75/450] latency=0.1 S1  Z_ZHUYI     seed 25  goal      clr  0.52  t  14.6  inf  51  N 25.8  mpc   3.8 ms  err 0.19
[ 76/450] latency=0.1 S1  Z_ZHUYI     seed 26  goal      clr  0.42  t  22.0  inf  56  N 23.9  mpc   3.7 ms  err 0.27
[ 77/450] latency=0.1 S1  Z_ZHUYI     seed 27  goal      clr  0.60  t  14.2  inf  56  N 25.8  mpc   3.8 ms  err 0.11
[ 78/450] latency=0.1 S1  Z_ZHUYI     seed 28  goal      clr  0.60  t  13.9  inf  46  N 25.9  mpc   3.6 ms  err 0.31
[ 79/450] latency=0.1 S1  Z_ZHUYI     seed 29  goal      clr  0.64  t  19.2  inf  49  N 24.2  mpc   3.7 ms  err 0.34
[ 80/450] latency=0.1 S1  Z_ZHUYI     seed 30  goal      clr  0.58  t  19.2  inf  51  N 23.9  mpc   3.7 ms  err 0.35
[ 81/450] latency=0.1 S1  Z_ZHUYI     seed 31  goal      clr  0.55  t  15.4  inf  49  N 25.7  mpc   3.9 ms  err 0.21
[ 82/450] latency=0.1 S1  Z_ZHUYI     seed 32  goal      clr  0.63  t  14.3  inf  63  N 25.9  mpc   3.9 ms  err 0.26
[ 83/450] latency=0.1 S1  Z_ZHUYI     seed 33  goal      clr  0.55  t  15.6  inf  47  N 25.2  mpc   3.7 ms  err 0.13
[ 84/450] latency=0.1 S1  Z_ZHUYI     seed 34  goal      clr  0.51  t  15.0  inf  48  N 25.6  mpc   3.9 ms  err 0.16
[ 85/450] latency=0.1 S1  Z_ZHUYI     seed 35  goal      clr  0.61  t  14.5  inf  53  N 25.8  mpc   3.9 ms  err 0.32
[ 86/450] latency=0.1 S1  Z_ZHUYI     seed 36  goal      clr  0.55  t  14.5  inf  54  N 25.6  mpc   3.8 ms  err 0.24
[ 87/450] latency=0.1 S1  Z_ZHUYI     seed 37  goal      clr  0.54  t  15.5  inf  45  N 25.6  mpc   3.9 ms  err 0.29
[ 88/450] latency=0.1 S1  Z_ZHUYI     seed 38  goal      clr  0.54  t  15.8  inf  56  N 25.5  mpc   3.9 ms  err 0.21
[ 89/450] latency=0.1 S1  Z_ZHUYI     seed 39  goal      clr  0.49  t  15.2  inf  63  N 26.2  mpc   4.0 ms  err 0.19
[ 90/450] latency=0.1 S1  Z_ZHUYI     seed 40  goal      clr  0.58  t  16.3  inf  52  N 24.8  mpc   3.7 ms  err 0.28
[ 91/450] latency=0.1 S1  Z_ZHUYI     seed 41  goal      clr  0.54  t  20.1  inf  52  N 24.2  mpc   3.7 ms  err 0.32
[ 92/450] latency=0.1 S1  Z_ZHUYI     seed 42  goal      clr  0.67  t  20.1  inf  53  N 24.1  mpc   3.6 ms  err 0.23
[ 93/450] latency=0.1 S1  Z_ZHUYI     seed 43  goal      clr  0.48  t  15.7  inf  46  N 25.9  mpc   3.8 ms  err 0.30
[ 94/450] latency=0.1 S1  Z_ZHUYI     seed 44  goal      clr  0.37  t  27.7  inf  84  N 24.6  mpc   4.0 ms  err 0.25
[ 95/450] latency=0.1 S1  Z_ZHUYI     seed 45  goal      clr  0.47  t  20.8  inf  62  N 25.1  mpc   3.9 ms  err 0.28
[ 96/450] latency=0.1 S1  Z_ZHUYI     seed 46  goal      clr  0.62  t  14.2  inf  57  N 25.9  mpc   3.8 ms  err 0.24
[ 97/450] latency=0.1 S1  Z_ZHUYI     seed 47  goal      clr  0.49  t  20.5  inf  50  N 24.5  mpc   3.7 ms  err 0.26
[ 98/450] latency=0.1 S1  Z_ZHUYI     seed 48  goal      clr  0.47  t  16.5  inf  53  N 25.8  mpc   3.9 ms  err 0.37
[ 99/450] latency=0.1 S1  Z_ZHUYI     seed 49  goal      clr  0.67  t  13.9  inf  45  N 25.3  mpc   3.6 ms  err 0.24
[100/450] latency=0.1 S1  Z_ZHUYI     seed 50  goal      clr  0.67  t  22.3  inf  53  N 23.3  mpc   3.5 ms  err 0.33
[101/450] latency=0.1 S1  A_FR_FN     seed  1  goal      clr  0.42  t  13.5  inf 112  N 20.0  mpc   2.5 ms  err 0.14
[102/450] latency=0.1 S1  A_FR_FN     seed  2  goal      clr  0.41  t  13.6  inf 113  N 20.0  mpc   2.5 ms  err 0.22
[103/450] latency=0.1 S1  A_FR_FN     seed  3  goal      clr  0.41  t  14.3  inf 119  N 20.0  mpc   2.6 ms  err 0.14
[104/450] latency=0.1 S1  A_FR_FN     seed  4  goal      clr  0.49  t  13.5  inf 114  N 20.0  mpc   2.6 ms  err 0.13
[105/450] latency=0.1 S1  A_FR_FN     seed  5  goal      clr  0.32  t  14.2  inf 111  N 20.0  mpc   2.6 ms  err 0.28
[106/450] latency=0.1 S1  A_FR_FN     seed  6  goal      clr  0.48  t  13.4  inf 110  N 20.0  mpc   2.5 ms  err 0.13
[107/450] latency=0.1 S1  A_FR_FN     seed  7  goal      clr  0.23  t  13.3  inf 107  N 20.0  mpc   2.5 ms  err 0.24
[108/450] latency=0.1 S1  A_FR_FN     seed  8  goal      clr  0.39  t  13.8  inf 115  N 20.0  mpc   2.5 ms  err 0.18
[109/450] latency=0.1 S1  A_FR_FN     seed  9  goal      clr  0.34  t  13.7  inf 113  N 20.0  mpc   2.5 ms  err 0.15
[110/450] latency=0.1 S1  A_FR_FN     seed 10  goal      clr  0.24  t  13.9  inf 111  N 20.0  mpc   2.6 ms  err 0.33
[111/450] latency=0.1 S1  A_FR_FN     seed 11  goal      clr  0.50  t  13.4  inf 109  N 20.0  mpc   2.4 ms  err 0.21
[112/450] latency=0.1 S1  A_FR_FN     seed 12  goal      clr  0.49  t  13.7  inf 111  N 20.0  mpc   2.5 ms  err 0.12
[113/450] latency=0.1 S1  A_FR_FN     seed 13  goal      clr  0.46  t  13.6  inf 113  N 20.0  mpc   2.6 ms  err 0.11
[114/450] latency=0.1 S1  A_FR_FN     seed 14  goal      clr  0.35  t  14.3  inf 118  N 20.0  mpc   2.6 ms  err 0.25
[115/450] latency=0.1 S1  A_FR_FN     seed 15  goal      clr  0.40  t  14.4  inf 117  N 20.0  mpc   2.7 ms  err 0.15
[116/450] latency=0.1 S1  A_FR_FN     seed 16  goal      clr  0.51  t  13.3  inf 112  N 20.0  mpc   2.5 ms  err 0.22
[117/450] latency=0.1 S1  A_FR_FN     seed 17  goal      clr  0.43  t  13.6  inf 116  N 20.0  mpc   2.5 ms  err 0.14
[118/450] latency=0.1 S1  A_FR_FN     seed 18  goal      clr  0.43  t  13.7  inf 115  N 20.0  mpc   2.5 ms  err 0.15
[119/450] latency=0.1 S1  A_FR_FN     seed 19  goal      clr  0.40  t  14.6  inf 123  N 20.0  mpc   2.6 ms  err 0.14
[120/450] latency=0.1 S1  A_FR_FN     seed 20  goal      clr  0.26  t  13.6  inf 113  N 20.0  mpc   2.5 ms  err 0.22
[121/450] latency=0.1 S1  A_FR_FN     seed 21  goal      clr  0.54  t  13.6  inf 109  N 20.0  mpc   2.5 ms  err 0.19
[122/450] latency=0.1 S1  A_FR_FN     seed 22  goal      clr  0.49  t  13.4  inf 113  N 20.0  mpc   2.5 ms  err 0.23
[123/450] latency=0.1 S1  A_FR_FN     seed 23  goal      clr  0.50  t  13.4  inf 110  N 20.0  mpc   2.5 ms  err 0.19
[124/450] latency=0.1 S1  A_FR_FN     seed 24  goal      clr  0.50  t  13.3  inf 108  N 20.0  mpc   2.4 ms  err 0.20
[125/450] latency=0.1 S1  A_FR_FN     seed 25  goal      clr  0.43  t  13.5  inf 110  N 20.0  mpc   2.5 ms  err 0.13
[126/450] latency=0.1 S1  A_FR_FN     seed 26  goal      clr  0.46  t  13.5  inf 112  N 20.0  mpc   2.6 ms  err 0.30
[127/450] latency=0.1 S1  A_FR_FN     seed 27  goal      clr  0.44  t  13.6  inf 111  N 20.0  mpc   2.5 ms  err 0.12
[128/450] latency=0.1 S1  A_FR_FN     seed 28  goal      clr  0.44  t  13.5  inf 111  N 20.0  mpc   2.5 ms  err 0.20
[129/450] latency=0.1 S1  A_FR_FN     seed 29  goal      clr  0.39  t  13.8  inf 114  N 20.0  mpc   2.6 ms  err 0.17
[130/450] latency=0.1 S1  A_FR_FN     seed 30  goal      clr  0.59  t  13.5  inf 108  N 20.0  mpc   2.5 ms  err 0.20
[131/450] latency=0.1 S1  A_FR_FN     seed 31  goal      clr  0.45  t  13.8  inf 114  N 20.0  mpc   2.5 ms  err 0.14
[132/450] latency=0.1 S1  A_FR_FN     seed 32  goal      clr  0.44  t  14.0  inf 115  N 20.0  mpc   2.6 ms  err 0.14
[133/450] latency=0.1 S1  A_FR_FN     seed 33  goal      clr  0.56  t  13.5  inf 112  N 20.0  mpc   2.5 ms  err 0.14
[134/450] latency=0.1 S1  A_FR_FN     seed 34  goal      clr  0.40  t  13.8  inf 117  N 20.0  mpc   2.5 ms  err 0.15
[135/450] latency=0.1 S1  A_FR_FN     seed 35  goal      clr  0.45  t  13.8  inf 116  N 20.0  mpc   2.6 ms  err 0.15
[136/450] latency=0.1 S1  A_FR_FN     seed 36  goal      clr  0.41  t  13.4  inf 114  N 20.0  mpc   2.5 ms  err 0.20
[137/450] latency=0.1 S1  A_FR_FN     seed 37  goal      clr  0.42  t  15.1  inf 126  N 20.0  mpc   2.6 ms  err 0.22
[138/450] latency=0.1 S1  A_FR_FN     seed 38  goal      clr  0.42  t  13.7  inf 112  N 20.0  mpc   2.6 ms  err 0.21
[139/450] latency=0.1 S1  A_FR_FN     seed 39  goal      clr  0.45  t  14.1  inf 113  N 20.0  mpc   2.6 ms  err 0.08
[140/450] latency=0.1 S1  A_FR_FN     seed 40  goal      clr  0.46  t  13.5  inf 114  N 20.0  mpc   2.5 ms  err 0.22
[141/450] latency=0.1 S1  A_FR_FN     seed 41  goal      clr  0.42  t  14.0  inf 115  N 20.0  mpc   2.5 ms  err 0.22
[142/450] latency=0.1 S1  A_FR_FN     seed 42  goal      clr  0.44  t  13.9  inf 114  N 20.0  mpc   2.5 ms  err 0.18
[143/450] latency=0.1 S1  A_FR_FN     seed 43  goal      clr  0.40  t  13.8  inf 113  N 20.0  mpc   2.6 ms  err 0.18
[144/450] latency=0.1 S1  A_FR_FN     seed 44  goal      clr  0.51  t  13.4  inf 108  N 20.0  mpc   2.5 ms  err 0.14
[145/450] latency=0.1 S1  A_FR_FN     seed 45  goal      clr  0.40  t  13.9  inf 115  N 20.0  mpc   2.7 ms  err 0.32
[146/450] latency=0.1 S1  A_FR_FN     seed 46  goal      clr  0.44  t  13.6  inf 110  N 20.0  mpc   2.6 ms  err 0.21
[147/450] latency=0.1 S1  A_FR_FN     seed 47  goal      clr  0.37  t  13.8  inf 111  N 20.0  mpc   2.6 ms  err 0.21
[148/450] latency=0.1 S1  A_FR_FN     seed 48  goal      clr  0.38  t  13.6  inf 114  N 20.0  mpc   2.5 ms  err 0.23
[149/450] latency=0.1 S1  A_FR_FN     seed 49  goal      clr  0.51  t  13.5  inf 114  N 20.0  mpc   2.5 ms  err 0.15
[150/450] latency=0.1 S1  A_FR_FN     seed 50  goal      clr  0.34  t  13.5  inf 115  N 20.0  mpc   2.6 ms  err 0.13
[151/450] latency=0.1 S1  F_NODELAY   seed  1  goal      clr  0.00  t  19.6  inf 112  N 25.5  mpc   4.2 ms  err 1.38
[152/450] latency=0.1 S1  F_NODELAY   seed  2  collision clr -0.00  t   5.5  inf  39  N 27.2  mpc   4.9 ms  err 1.57
[153/450] latency=0.1 S1  F_NODELAY   seed  3  goal      clr  0.12  t  25.6  inf 173  N 25.4  mpc   4.4 ms  err 1.32
[154/450] latency=0.1 S1  F_NODELAY   seed  4  goal      clr  0.08  t  18.3  inf  98  N 26.1  mpc   4.3 ms  err 1.04
[155/450] latency=0.1 S1  F_NODELAY   seed  5  goal      clr  0.42  t  30.6  inf 139  N 22.0  mpc   3.7 ms  err 1.44
[156/450] latency=0.1 S1  F_NODELAY   seed  6  goal      clr  0.42  t  21.9  inf 124  N 25.7  mpc   4.1 ms  err 1.28
[157/450] latency=0.1 S1  F_NODELAY   seed  7  goal      clr  0.66  t  14.8  inf  77  N 25.5  mpc   3.8 ms  err 1.29
[158/450] latency=0.1 S1  F_NODELAY   seed  8  goal      clr  0.58  t  18.9  inf 115  N 24.9  mpc   4.0 ms  err 1.42
[159/450] latency=0.1 S1  F_NODELAY   seed  9  goal      clr  0.45  t  18.2  inf  96  N 25.0  mpc   3.9 ms  err 1.66
[160/450] latency=0.1 S1  F_NODELAY   seed 10  goal      clr  0.36  t  24.3  inf 157  N 26.5  mpc   4.6 ms  err 1.31
[161/450] latency=0.1 S1  F_NODELAY   seed 11  goal      clr  0.42  t  21.7  inf 112  N 25.4  mpc   3.9 ms  err 1.11
[162/450] latency=0.1 S1  F_NODELAY   seed 12  goal      clr  0.40  t  24.1  inf 149  N 25.1  mpc   4.1 ms  err 1.55
[163/450] latency=0.1 S1  F_NODELAY   seed 13  goal      clr  0.21  t  17.3  inf 101  N 25.6  mpc   3.8 ms  err 1.16
[164/450] latency=0.1 S1  F_NODELAY   seed 14  goal      clr  0.31  t  27.1  inf 165  N 25.4  mpc   4.1 ms  err 1.50
[165/450] latency=0.1 S1  F_NODELAY   seed 15  goal      clr  0.44  t  17.4  inf  83  N 24.3  mpc   3.8 ms  err 2.04
[166/450] latency=0.1 S1  F_NODELAY   seed 16  goal      clr  0.07  t  21.2  inf 107  N 25.0  mpc   3.8 ms  err 1.39
[167/450] latency=0.1 S1  F_NODELAY   seed 17  goal      clr  0.33  t  23.6  inf 141  N 23.9  mpc   3.9 ms  err 1.45
[168/450] latency=0.1 S1  F_NODELAY   seed 18  goal      clr  0.59  t  20.5  inf  98  N 23.0  mpc   3.5 ms  err 1.39
[169/450] latency=0.1 S1  F_NODELAY   seed 19  goal      clr  0.02  t  26.9  inf 157  N 25.1  mpc   4.0 ms  err 1.96
[170/450] latency=0.1 S1  F_NODELAY   seed 20  goal      clr  0.35  t  25.4  inf 145  N 24.8  mpc   3.9 ms  err 1.17
[171/450] latency=0.1 S1  F_NODELAY   seed 21  goal      clr  0.86  t  15.6  inf  86  N 25.1  mpc   3.9 ms  err 1.23
[172/450] latency=0.1 S1  F_NODELAY   seed 22  collision clr -0.03  t  13.2  inf  84  N 27.6  mpc   4.2 ms  err 0.88
[173/450] latency=0.1 S1  F_NODELAY   seed 23  collision clr -0.01  t   7.6  inf  49  N 21.9  mpc   3.7 ms  err 1.12
[174/450] latency=0.1 S1  F_NODELAY   seed 24  collision clr -0.00  t  18.1  inf 123  N 27.6  mpc   5.2 ms  err 1.33
[175/450] latency=0.1 S1  F_NODELAY   seed 25  goal      clr  0.25  t  25.9  inf 163  N 25.9  mpc   4.2 ms  err 1.17
[176/450] latency=0.1 S1  F_NODELAY   seed 26  goal      clr  0.40  t  16.8  inf  98  N 26.3  mpc   4.0 ms  err 1.19
[177/450] latency=0.1 S1  F_NODELAY   seed 27  goal      clr  0.69  t  18.8  inf  99  N 23.4  mpc   3.4 ms  err 1.10
[178/450] latency=0.1 S1  F_NODELAY   seed 28  goal      clr  0.26  t  25.5  inf 141  N 24.2  mpc   3.8 ms  err 1.85
[179/450] latency=0.1 S1  F_NODELAY   seed 29  goal      clr  0.13  t  21.5  inf 127  N 25.7  mpc   4.2 ms  err 1.76
[180/450] latency=0.1 S1  F_NODELAY   seed 30  goal      clr  0.42  t  22.3  inf 129  N 26.4  mpc   4.4 ms  err 1.31
[181/450] latency=0.1 S1  F_NODELAY   seed 31  collision clr -0.00  t  12.8  inf  81  N 25.8  mpc   4.9 ms  err 1.31
[182/450] latency=0.1 S1  F_NODELAY   seed 32  goal      clr  0.16  t  23.0  inf 126  N 25.6  mpc   4.3 ms  err 1.50
[183/450] latency=0.1 S1  F_NODELAY   seed 33  goal      clr  0.43  t  26.7  inf 156  N 25.1  mpc   4.2 ms  err 1.29
[184/450] latency=0.1 S1  F_NODELAY   seed 34  goal      clr  0.32  t  28.8  inf 161  N 23.5  mpc   4.2 ms  err 1.54
[185/450] latency=0.1 S1  F_NODELAY   seed 35  goal      clr  0.67  t  16.7  inf 100  N 26.1  mpc   4.0 ms  err 1.43
[186/450] latency=0.1 S1  F_NODELAY   seed 36  goal      clr  0.40  t  22.5  inf 127  N 24.9  mpc   4.1 ms  err 1.46
[187/450] latency=0.1 S1  F_NODELAY   seed 37  goal      clr  0.50  t  23.1  inf 120  N 22.6  mpc   3.7 ms  err 1.38
[188/450] latency=0.1 S1  F_NODELAY   seed 38  goal      clr  0.11  t  21.1  inf 110  N 24.1  mpc   3.8 ms  err 1.60
[189/450] latency=0.1 S1  F_NODELAY   seed 39  goal      clr  0.24  t  31.5  inf 183  N 26.0  mpc   4.6 ms  err 1.53
[190/450] latency=0.1 S1  F_NODELAY   seed 40  goal      clr  0.27  t  16.7  inf 100  N 26.1  mpc   3.9 ms  err 1.09
[191/450] latency=0.1 S1  F_NODELAY   seed 41  goal      clr  0.52  t  24.8  inf 147  N 24.5  mpc   4.1 ms  err 1.26
[192/450] latency=0.1 S1  F_NODELAY   seed 42  goal      clr  0.54  t  22.4  inf 125  N 23.3  mpc   3.8 ms  err 1.54
[193/450] latency=0.1 S1  F_NODELAY   seed 43  goal      clr  0.00  t  25.7  inf 165  N 25.7  mpc   4.2 ms  err 0.93
[194/450] latency=0.1 S1  F_NODELAY   seed 44  goal      clr  0.12  t  23.5  inf 128  N 23.3  mpc   3.8 ms  err 1.32
[195/450] latency=0.1 S1  F_NODELAY   seed 45  goal      clr  0.41  t  18.0  inf 109  N 26.6  mpc   4.3 ms  err 1.32
[196/450] latency=0.1 S1  F_NODELAY   seed 46  collision clr -0.00  t  11.3  inf  60  N 22.1  mpc   4.1 ms  err 1.32
[197/450] latency=0.1 S1  F_NODELAY   seed 47  goal      clr  0.10  t  20.5  inf 114  N 25.4  mpc   3.9 ms  err 1.24
[198/450] latency=0.1 S1  F_NODELAY   seed 48  goal      clr  0.77  t  17.0  inf 109  N 27.0  mpc   4.5 ms  err 1.13
[199/450] latency=0.1 S1  F_NODELAY   seed 49  goal      clr  0.37  t  24.1  inf 147  N 24.9  mpc   4.0 ms  err 1.08
[200/450] latency=0.1 S1  F_NODELAY   seed 50  collision clr -0.02  t  18.3  inf 119  N 26.4  mpc   4.4 ms  err 1.16
[201/450] latency=0.1 S1  FR_SAFE_1   seed  1  goal      clr  0.67  t  22.4  inf  23  N 25.7  mpc   4.2 ms  err 0.22
[202/450] latency=0.1 S1  FR_SAFE_1   seed  2  goal      clr  0.48  t  19.0  inf  19  N 26.2  mpc   4.3 ms  err 0.34
[203/450] latency=0.1 S1  FR_SAFE_1   seed  3  goal      clr  0.60  t  21.1  inf  22  N 24.9  mpc   3.9 ms  err 0.25
[204/450] latency=0.1 S1  FR_SAFE_1   seed  4  goal      clr  0.49  t  21.9  inf  22  N 24.6  mpc   3.9 ms  err 0.46
[205/450] latency=0.1 S1  FR_SAFE_1   seed  5  goal      clr  0.26  t  18.9  inf  19  N 27.1  mpc   4.5 ms  err 0.49
[206/450] latency=0.1 S1  FR_SAFE_1   seed  6  goal      clr  0.38  t  16.7  inf  17  N 26.2  mpc   4.3 ms  err 0.53
[207/450] latency=0.1 S1  FR_SAFE_1   seed  7  goal      clr  0.78  t  15.1  inf  16  N 25.9  mpc   4.1 ms  err 0.26
[208/450] latency=0.1 S1  FR_SAFE_1   seed  8  goal      clr  0.47  t  25.5  inf  26  N 24.5  mpc   3.9 ms  err 0.40
[209/450] latency=0.1 S1  FR_SAFE_1   seed  9  goal      clr  0.58  t  16.5  inf  17  N 26.0  mpc   4.0 ms  err 0.46
[210/450] latency=0.1 S1  FR_SAFE_1   seed 10  goal      clr  0.54  t  20.9  inf  21  N 24.9  mpc   3.9 ms  err 0.29
[211/450] latency=0.1 S1  FR_SAFE_1   seed 11  goal      clr  0.50  t  21.7  inf  22  N 23.9  mpc   3.7 ms  err 0.54
[212/450] latency=0.1 S1  FR_SAFE_1   seed 12  timeout   clr  0.48  t  40.0  inf  40  N 19.8  mpc   3.3 ms  err 0.61
[213/450] latency=0.1 S1  FR_SAFE_1   seed 13  goal      clr  0.61  t  21.2  inf  22  N 24.0  mpc   3.7 ms  err 0.22
[214/450] latency=0.1 S1  FR_SAFE_1   seed 14  goal      clr  0.51  t  22.5  inf  23  N 24.8  mpc   3.9 ms  err 0.27
[215/450] latency=0.1 S1  FR_SAFE_1   seed 15  goal      clr  0.58  t  17.1  inf  18  N 26.7  mpc   4.1 ms  err 0.33
[216/450] latency=0.1 S1  FR_SAFE_1   seed 16  goal      clr  0.65  t  16.6  inf  17  N 26.3  mpc   4.0 ms  err 0.35
[217/450] latency=0.1 S1  FR_SAFE_1   seed 17  goal      clr  0.61  t  23.2  inf  24  N 25.5  mpc   4.0 ms  err 0.36
[218/450] latency=0.1 S1  FR_SAFE_1   seed 18  goal      clr  0.84  t  20.3  inf  21  N 25.6  mpc   4.1 ms  err 0.29
[219/450] latency=0.1 S1  FR_SAFE_1   seed 19  goal      clr  0.43  t  25.6  inf  26  N 24.6  mpc   3.9 ms  err 0.47
[220/450] latency=0.1 S1  FR_SAFE_1   seed 20  goal      clr  0.85  t  17.6  inf  18  N 26.1  mpc   4.2 ms  err 0.42
[221/450] latency=0.1 S1  FR_SAFE_1   seed 21  goal      clr  0.65  t  17.6  inf  18  N 26.9  mpc   4.3 ms  err 0.27
[222/450] latency=0.1 S1  FR_SAFE_1   seed 22  goal      clr  0.59  t  20.4  inf  21  N 26.3  mpc   4.2 ms  err 0.28
[223/450] latency=0.1 S1  FR_SAFE_1   seed 23  timeout   clr  0.90  t  40.0  inf  40  N 15.7  mpc   2.5 ms  err 0.78
[224/450] latency=0.1 S1  FR_SAFE_1   seed 24  goal      clr  0.56  t  16.0  inf  16  N 26.0  mpc   4.0 ms  err 0.31
[225/450] latency=0.1 S1  FR_SAFE_1   seed 25  goal      clr  0.71  t  16.6  inf  17  N 26.4  mpc   4.1 ms  err 0.44
[226/450] latency=0.1 S1  FR_SAFE_1   seed 26  goal      clr  0.60  t  21.2  inf  22  N 26.2  mpc   4.3 ms  err 0.41
[227/450] latency=0.1 S1  FR_SAFE_1   seed 27  goal      clr  0.53  t  19.1  inf  20  N 26.8  mpc   4.4 ms  err 0.34
[228/450] latency=0.1 S1  FR_SAFE_1   seed 28  goal      clr  0.59  t  18.7  inf  19  N 26.8  mpc   4.3 ms  err 0.51
[229/450] latency=0.1 S1  FR_SAFE_1   seed 29  goal      clr  0.49  t  31.3  inf  32  N 23.2  mpc   3.5 ms  err 0.31
[230/450] latency=0.1 S1  FR_SAFE_1   seed 30  goal      clr  0.66  t  22.4  inf  23  N 24.7  mpc   3.9 ms  err 0.27
[231/450] latency=0.1 S1  FR_SAFE_1   seed 31  goal      clr  0.51  t  21.0  inf  21  N 26.4  mpc   4.3 ms  err 0.32
[232/450] latency=0.1 S1  FR_SAFE_1   seed 32  goal      clr  0.61  t  19.8  inf  20  N 25.9  mpc   4.2 ms  err 0.33
[233/450] latency=0.1 S1  FR_SAFE_1   seed 33  goal      clr  0.74  t  16.2  inf  17  N 27.1  mpc   4.3 ms  err 0.38
[234/450] latency=0.1 S1  FR_SAFE_1   seed 34  goal      clr  0.90  t  15.6  inf  16  N 25.6  mpc   4.0 ms  err 0.37
[235/450] latency=0.1 S1  FR_SAFE_1   seed 35  goal      clr  0.49  t  19.4  inf  20  N 27.0  mpc   4.0 ms  err 0.52
[236/450] latency=0.1 S1  FR_SAFE_1   seed 36  goal      clr  0.55  t  23.1  inf  24  N 25.9  mpc   4.4 ms  err 0.36
[237/450] latency=0.1 S1  FR_SAFE_1   seed 37  goal      clr  0.78  t  17.1  inf  18  N 26.7  mpc   4.1 ms  err 0.33
[238/450] latency=0.1 S1  FR_SAFE_1   seed 38  goal      clr  0.71  t  27.0  inf  27  N 23.5  mpc   3.8 ms  err 0.24
[239/450] latency=0.1 S1  FR_SAFE_1   seed 39  goal      clr  0.84  t  18.0  inf  18  N 26.2  mpc   4.2 ms  err 0.48
[240/450] latency=0.1 S1  FR_SAFE_1   seed 40  goal      clr  0.53  t  20.4  inf  21  N 26.0  mpc   4.1 ms  err 0.39
[241/450] latency=0.1 S1  FR_SAFE_1   seed 41  goal      clr  0.64  t  24.4  inf  25  N 23.9  mpc   3.8 ms  err 0.35
[242/450] latency=0.1 S1  FR_SAFE_1   seed 42  goal      clr  0.22  t  27.1  inf  28  N 24.4  mpc   3.9 ms  err 0.36
[243/450] latency=0.1 S1  FR_SAFE_1   seed 43  goal      clr  0.59  t  20.3  inf  21  N 26.1  mpc   4.1 ms  err 0.41
[244/450] latency=0.1 S1  FR_SAFE_1   seed 44  goal      clr  0.60  t  25.4  inf  26  N 24.2  mpc   3.8 ms  err 0.55
[245/450] latency=0.1 S1  FR_SAFE_1   seed 45  goal      clr  0.53  t  22.8  inf  23  N 25.4  mpc   3.9 ms  err 0.26
[246/450] latency=0.1 S1  FR_SAFE_1   seed 46  goal      clr  0.53  t  22.4  inf  23  N 25.6  mpc   4.3 ms  err 0.34
[247/450] latency=0.1 S1  FR_SAFE_1   seed 47  timeout   clr  0.48  t  40.0  inf  40  N 19.7  mpc   3.2 ms  err 0.50
[248/450] latency=0.1 S1  FR_SAFE_1   seed 48  goal      clr  0.71  t  17.2  inf  18  N 26.1  mpc   4.2 ms  err 0.30
[249/450] latency=0.1 S1  FR_SAFE_1   seed 49  goal      clr  0.87  t  19.1  inf  20  N 25.4  mpc   3.8 ms  err 0.39
[250/450] latency=0.1 S1  FR_SAFE_1   seed 50  goal      clr  0.58  t  18.1  inf  19  N 27.0  mpc   4.5 ms  err 0.31
[251/450] latency=0.1 S1  FR_SAFE_2   seed  1  goal      clr  0.71  t  14.6  inf  30  N 26.1  mpc   3.7 ms  err 0.20
[252/450] latency=0.1 S1  FR_SAFE_2   seed  2  goal      clr  0.52  t  15.9  inf  32  N 25.5  mpc   3.9 ms  err 0.21
[253/450] latency=0.1 S1  FR_SAFE_2   seed  3  goal      clr  0.56  t  22.0  inf  45  N 26.4  mpc   4.3 ms  err 0.30
[254/450] latency=0.1 S1  FR_SAFE_2   seed  4  goal      clr  0.55  t  15.5  inf  31  N 26.2  mpc   3.9 ms  err 0.27
[255/450] latency=0.1 S1  FR_SAFE_2   seed  5  goal      clr  0.68  t  14.9  inf  30  N 25.7  mpc   3.8 ms  err 0.60
[256/450] latency=0.1 S1  FR_SAFE_2   seed  6  goal      clr  0.73  t  14.3  inf  29  N 25.4  mpc   3.6 ms  err 0.25
[257/450] latency=0.1 S1  FR_SAFE_2   seed  7  goal      clr  0.53  t  14.7  inf  30  N 25.7  mpc   3.9 ms  err 0.33
[258/450] latency=0.1 S1  FR_SAFE_2   seed  8  goal      clr  0.56  t  18.9  inf  38  N 24.4  mpc   3.7 ms  err 0.27
[259/450] latency=0.1 S1  FR_SAFE_2   seed  9  goal      clr  0.47  t  16.0  inf  32  N 25.8  mpc   3.9 ms  err 0.25
[260/450] latency=0.1 S1  FR_SAFE_2   seed 10  goal      clr  0.55  t  16.0  inf  32  N 25.8  mpc   3.9 ms  err 0.17
[261/450] latency=0.1 S1  FR_SAFE_2   seed 11  goal      clr  0.52  t  16.6  inf  34  N 25.3  mpc   3.8 ms  err 0.29
[262/450] latency=0.1 S1  FR_SAFE_2   seed 12  goal      clr  0.49  t  16.2  inf  33  N 26.4  mpc   3.9 ms  err 0.25
[263/450] latency=0.1 S1  FR_SAFE_2   seed 13  goal      clr  0.73  t  14.5  inf  30  N 25.8  mpc   3.7 ms  err 0.16
[264/450] latency=0.1 S1  FR_SAFE_2   seed 14  goal      clr  0.44  t  18.1  inf  37  N 24.4  mpc   3.6 ms  err 0.15
[265/450] latency=0.1 S1  FR_SAFE_2   seed 15  goal      clr  0.55  t  15.6  inf  32  N 25.8  mpc   3.9 ms  err 0.34
[266/450] latency=0.1 S1  FR_SAFE_2   seed 16  goal      clr  0.72  t  15.1  inf  31  N 25.5  mpc   3.7 ms  err 0.24
[267/450] latency=0.1 S1  FR_SAFE_2   seed 17  goal      clr  0.71  t  14.7  inf  30  N 25.3  mpc   3.7 ms  err 0.26
[268/450] latency=0.1 S1  FR_SAFE_2   seed 18  goal      clr  0.55  t  17.1  inf  35  N 25.7  mpc   3.9 ms  err 0.26
[269/450] latency=0.1 S1  FR_SAFE_2   seed 19  goal      clr  0.48  t  17.0  inf  34  N 26.3  mpc   4.1 ms  err 0.14
[270/450] latency=0.1 S1  FR_SAFE_2   seed 20  goal      clr  0.80  t  14.7  inf  30  N 25.1  mpc   3.7 ms  err 0.21
[271/450] latency=0.1 S1  FR_SAFE_2   seed 21  goal      clr  0.83  t  14.5  inf  29  N 25.1  mpc   3.7 ms  err 0.32
[272/450] latency=0.1 S1  FR_SAFE_2   seed 22  goal      clr  0.50  t  18.6  inf  38  N 26.1  mpc   4.0 ms  err 0.32
[273/450] latency=0.1 S1  FR_SAFE_2   seed 23  goal      clr  0.58  t  16.4  inf  33  N 24.6  mpc   3.6 ms  err 0.23
[274/450] latency=0.1 S1  FR_SAFE_2   seed 24  goal      clr  0.63  t  14.2  inf  29  N 25.6  mpc   3.7 ms  err 0.18
[275/450] latency=0.1 S1  FR_SAFE_2   seed 25  goal      clr  0.62  t  15.2  inf  31  N 25.9  mpc   3.8 ms  err 0.17
[276/450] latency=0.1 S1  FR_SAFE_2   seed 26  goal      clr  0.54  t  15.3  inf  31  N 25.4  mpc   3.8 ms  err 0.20
[277/450] latency=0.1 S1  FR_SAFE_2   seed 27  goal      clr  0.58  t  14.3  inf  29  N 26.1  mpc   3.7 ms  err 0.14
[278/450] latency=0.1 S1  FR_SAFE_2   seed 28  goal      clr  0.50  t  16.9  inf  34  N 25.6  mpc   3.7 ms  err 0.25
[279/450] latency=0.1 S1  FR_SAFE_2   seed 29  goal      clr  0.59  t  16.5  inf  33  N 25.2  mpc   3.7 ms  err 0.23
[280/450] latency=0.1 S1  FR_SAFE_2   seed 30  goal      clr  0.65  t  15.2  inf  31  N 25.7  mpc   3.8 ms  err 0.31
[281/450] latency=0.1 S1  FR_SAFE_2   seed 31  goal      clr  0.62  t  15.3  inf  31  N 25.9  mpc   3.9 ms  err 0.23
[282/450] latency=0.1 S1  FR_SAFE_2   seed 32  goal      clr  0.62  t  15.0  inf  30  N 26.0  mpc   3.8 ms  err 0.31
[283/450] latency=0.1 S1  FR_SAFE_2   seed 33  goal      clr  0.66  t  14.9  inf  30  N 25.6  mpc   3.9 ms  err 0.12
[284/450] latency=0.1 S1  FR_SAFE_2   seed 34  goal      clr  0.53  t  14.9  inf  30  N 25.4  mpc   3.8 ms  err 0.19
[285/450] latency=0.1 S1  FR_SAFE_2   seed 35  goal      clr  0.61  t  14.7  inf  30  N 26.1  mpc   3.7 ms  err 0.32
[286/450] latency=0.1 S1  FR_SAFE_2   seed 36  goal      clr  0.56  t  15.1  inf  31  N 25.9  mpc   3.9 ms  err 0.22
[287/450] latency=0.1 S1  FR_SAFE_2   seed 37  goal      clr  0.59  t  16.4  inf  33  N 25.1  mpc   3.8 ms  err 0.17
[288/450] latency=0.1 S1  FR_SAFE_2   seed 38  goal      clr  0.51  t  17.2  inf  35  N 26.3  mpc   4.1 ms  err 0.21
[289/450] latency=0.1 S1  FR_SAFE_2   seed 39  goal      clr  0.62  t  15.6  inf  32  N 25.6  mpc   3.8 ms  err 0.30
[290/450] latency=0.1 S1  FR_SAFE_2   seed 40  goal      clr  0.70  t  17.8  inf  36  N 25.4  mpc   3.8 ms  err 0.26
[291/450] latency=0.1 S1  FR_SAFE_2   seed 41  goal      clr  0.63  t  17.7  inf  36  N 25.7  mpc   3.9 ms  err 0.26
[292/450] latency=0.1 S1  FR_SAFE_2   seed 42  goal      clr  0.65  t  15.5  inf  32  N 25.8  mpc   3.8 ms  err 0.27
[293/450] latency=0.1 S1  FR_SAFE_2   seed 43  goal      clr  0.59  t  15.5  inf  32  N 26.1  mpc   3.7 ms  err 0.28
[294/450] latency=0.1 S1  FR_SAFE_2   seed 44  goal      clr  0.45  t  15.9  inf  32  N 25.8  mpc   3.8 ms  err 0.19
[295/450] latency=0.1 S1  FR_SAFE_2   seed 45  goal      clr  0.50  t  21.3  inf  43  N 24.9  mpc   3.9 ms  err 0.22
[296/450] latency=0.1 S1  FR_SAFE_2   seed 46  goal      clr  0.68  t  15.3  inf  31  N 25.8  mpc   3.7 ms  err 0.17
[297/450] latency=0.1 S1  FR_SAFE_2   seed 47  goal      clr  0.54  t  14.7  inf  30  N 25.5  mpc   3.8 ms  err 0.20
[298/450] latency=0.1 S1  FR_SAFE_2   seed 48  goal      clr  0.52  t  17.4  inf  35  N 26.2  mpc   4.0 ms  err 0.22
[299/450] latency=0.1 S1  FR_SAFE_2   seed 49  goal      clr  0.77  t  14.2  inf  29  N 25.6  mpc   3.5 ms  err 0.20
[300/450] latency=0.1 S1  FR_SAFE_2   seed 50  goal      clr  0.56  t  15.2  inf  31  N 25.7  mpc   3.7 ms  err 0.27
[301/450] latency=0.1 S1  FR_SAFE_3   seed  1  goal      clr  0.50  t  14.8  inf  44  N 25.9  mpc   3.7 ms  err 0.18
[302/450] latency=0.1 S1  FR_SAFE_3   seed  2  goal      clr  0.45  t  15.9  inf  47  N 24.9  mpc   3.7 ms  err 0.32
[303/450] latency=0.1 S1  FR_SAFE_3   seed  3  goal      clr  0.35  t  19.7  inf  58  N 26.0  mpc   4.4 ms  err 0.23
[304/450] latency=0.1 S1  FR_SAFE_3   seed  4  goal      clr  0.65  t  14.5  inf  43  N 25.9  mpc   3.8 ms  err 0.15
[305/450] latency=0.1 S1  FR_SAFE_3   seed  5  goal      clr  0.67  t  15.9  inf  47  N 25.6  mpc   3.8 ms  err 0.43
[306/450] latency=0.1 S1  FR_SAFE_3   seed  6  goal      clr  0.70  t  14.3  inf  42  N 25.1  mpc   3.6 ms  err 0.13
[307/450] latency=0.1 S1  FR_SAFE_3   seed  7  goal      clr  0.68  t  14.1  inf  42  N 25.5  mpc   3.6 ms  err 0.32
[308/450] latency=0.1 S1  FR_SAFE_3   seed  8  goal      clr  0.63  t  15.0  inf  45  N 26.1  mpc   3.9 ms  err 0.19
[309/450] latency=0.1 S1  FR_SAFE_3   seed  9  goal      clr  0.54  t  15.2  inf  45  N 25.5  mpc   3.7 ms  err 0.30
[310/450] latency=0.1 S1  FR_SAFE_3   seed 10  goal      clr  0.45  t  16.5  inf  49  N 25.6  mpc   3.9 ms  err 0.33
[311/450] latency=0.1 S1  FR_SAFE_3   seed 11  goal      clr  0.74  t  14.9  inf  44  N 25.5  mpc   3.6 ms  err 0.22
[312/450] latency=0.1 S1  FR_SAFE_3   seed 12  goal      clr  0.45  t  15.1  inf  45  N 26.0  mpc   3.8 ms  err 0.20
[313/450] latency=0.1 S1  FR_SAFE_3   seed 13  goal      clr  0.69  t  14.1  inf  42  N 26.0  mpc   3.7 ms  err 0.15
[314/450] latency=0.1 S1  FR_SAFE_3   seed 14  goal      clr  0.61  t  20.1  inf  60  N 25.8  mpc   4.0 ms  err 0.15
[315/450] latency=0.1 S1  FR_SAFE_3   seed 15  goal      clr  0.55  t  16.7  inf  50  N 25.4  mpc   3.8 ms  err 0.35
[316/450] latency=0.1 S1  FR_SAFE_3   seed 16  goal      clr  0.55  t  16.2  inf  48  N 25.7  mpc   3.8 ms  err 0.17
[317/450] latency=0.1 S1  FR_SAFE_3   seed 17  goal      clr  0.70  t  14.1  inf  42  N 25.2  mpc   3.6 ms  err 0.19
[318/450] latency=0.1 S1  FR_SAFE_3   seed 18  goal      clr  0.69  t  14.4  inf  43  N 25.6  mpc   3.7 ms  err 0.16
[319/450] latency=0.1 S1  FR_SAFE_3   seed 19  goal      clr  0.47  t  15.5  inf  46  N 25.8  mpc   3.9 ms  err 0.13
[320/450] latency=0.1 S1  FR_SAFE_3   seed 20  goal      clr  0.40  t  19.1  inf  57  N 25.9  mpc   4.1 ms  err 0.32
[321/450] latency=0.1 S1  FR_SAFE_3   seed 21  goal      clr  0.76  t  14.2  inf  42  N 25.2  mpc   3.5 ms  err 0.19
[322/450] latency=0.1 S1  FR_SAFE_3   seed 22  goal      clr  0.54  t  14.0  inf  42  N 25.6  mpc   3.6 ms  err 0.21
[323/450] latency=0.1 S1  FR_SAFE_3   seed 23  goal      clr  0.47  t  15.2  inf  45  N 25.3  mpc   3.9 ms  err 0.30
[324/450] latency=0.1 S1  FR_SAFE_3   seed 24  goal      clr  0.64  t  14.7  inf  44  N 25.4  mpc   3.6 ms  err 0.18
[325/450] latency=0.1 S1  FR_SAFE_3   seed 25  goal      clr  0.63  t  14.9  inf  44  N 25.7  mpc   3.8 ms  err 0.14
[326/450] latency=0.1 S1  FR_SAFE_3   seed 26  goal      clr  0.58  t  14.6  inf  43  N 25.5  mpc   3.8 ms  err 0.23
[327/450] latency=0.1 S1  FR_SAFE_3   seed 27  goal      clr  0.58  t  14.4  inf  43  N 25.8  mpc   3.6 ms  err 0.10
[328/450] latency=0.1 S1  FR_SAFE_3   seed 28  goal      clr  0.58  t  14.1  inf  42  N 26.0  mpc   3.7 ms  err 0.30
[329/450] latency=0.1 S1  FR_SAFE_3   seed 29  timeout   clr  0.68  t  40.0  inf 118  N 16.0  mpc   2.6 ms  err 0.52
[330/450] latency=0.1 S1  FR_SAFE_3   seed 30  goal      clr  0.65  t  15.0  inf  45  N 25.5  mpc   3.7 ms  err 0.30
[331/450] latency=0.1 S1  FR_SAFE_3   seed 31  goal      clr  0.59  t  15.3  inf  45  N 25.5  mpc   3.7 ms  err 0.15
[332/450] latency=0.1 S1  FR_SAFE_3   seed 32  goal      clr  0.61  t  15.4  inf  46  N 25.8  mpc   3.9 ms  err 0.30
[333/450] latency=0.1 S1  FR_SAFE_3   seed 33  goal      clr  0.71  t  14.0  inf  42  N 25.0  mpc   3.6 ms  err 0.10
[334/450] latency=0.1 S1  FR_SAFE_3   seed 34  goal      clr  0.56  t  15.2  inf  45  N 24.9  mpc   3.6 ms  err 0.18
[335/450] latency=0.1 S1  FR_SAFE_3   seed 35  goal      clr  0.65  t  15.0  inf  45  N 25.5  mpc   3.6 ms  err 0.25
[336/450] latency=0.1 S1  FR_SAFE_3   seed 36  goal      clr  0.55  t  17.6  inf  52  N 24.7  mpc   3.7 ms  err 0.23
[337/450] latency=0.1 S1  FR_SAFE_3   seed 37  goal      clr  0.59  t  26.9  inf  80  N 22.3  mpc   3.4 ms  err 0.24
[338/450] latency=0.1 S1  FR_SAFE_3   seed 38  goal      clr  0.51  t  16.8  inf  50  N 26.4  mpc   4.0 ms  err 0.14
[339/450] latency=0.1 S1  FR_SAFE_3   seed 39  goal      clr  0.62  t  15.3  inf  46  N 25.8  mpc   3.7 ms  err 0.22
[340/450] latency=0.1 S1  FR_SAFE_3   seed 40  goal      clr  0.57  t  15.0  inf  45  N 25.9  mpc   3.7 ms  err 0.27
[341/450] latency=0.1 S1  FR_SAFE_3   seed 41  goal      clr  0.36  t  16.6  inf  49  N 25.5  mpc   3.9 ms  err 0.18
[342/450] latency=0.1 S1  FR_SAFE_3   seed 42  goal      clr  0.63  t  14.8  inf  44  N 25.9  mpc   3.8 ms  err 0.24
[343/450] latency=0.1 S1  FR_SAFE_3   seed 43  goal      clr  0.37  t  15.3  inf  46  N 25.5  mpc   3.9 ms  err 0.33
[344/450] latency=0.1 S1  FR_SAFE_3   seed 44  goal      clr  0.68  t  14.2  inf  42  N 25.2  mpc   3.6 ms  err 0.24
[345/450] latency=0.1 S1  FR_SAFE_3   seed 45  goal      clr  0.54  t  16.3  inf  48  N 26.6  mpc   4.0 ms  err 0.26
[346/450] latency=0.1 S1  FR_SAFE_3   seed 46  goal      clr  0.64  t  14.3  inf  43  N 25.9  mpc   3.8 ms  err 0.18
[347/450] latency=0.1 S1  FR_SAFE_3   seed 47  goal      clr  0.60  t  15.0  inf  44  N 24.9  mpc   3.6 ms  err 0.24
[348/450] latency=0.1 S1  FR_SAFE_3   seed 48  goal      clr  0.50  t  18.5  inf  55  N 26.6  mpc   4.1 ms  err 0.27
[349/450] latency=0.1 S1  FR_SAFE_3   seed 49  goal      clr  0.64  t  14.0  inf  42  N 25.4  mpc   3.5 ms  err 0.15
[350/450] latency=0.1 S1  FR_SAFE_3   seed 50  goal      clr  0.43  t  16.3  inf  49  N 26.0  mpc   3.7 ms  err 0.17
[351/450] latency=0.1 S1  FR_SAFE_5   seed  1  goal      clr  0.41  t  14.6  inf  74  N 25.8  mpc   3.8 ms  err 0.16
[352/450] latency=0.1 S1  FR_SAFE_5   seed  2  goal      clr  0.42  t  15.2  inf  77  N 25.0  mpc   3.8 ms  err 0.23
[353/450] latency=0.1 S1  FR_SAFE_5   seed  3  goal      clr  0.37  t  19.8  inf  99  N 26.0  mpc   4.4 ms  err 0.25
[354/450] latency=0.1 S1  FR_SAFE_5   seed  4  goal      clr  0.62  t  14.6  inf  74  N 25.7  mpc   3.8 ms  err 0.17
[355/450] latency=0.1 S1  FR_SAFE_5   seed  5  goal      clr  0.59  t  14.6  inf  74  N 25.0  mpc   3.7 ms  err 0.21
[356/450] latency=0.1 S1  FR_SAFE_5   seed  6  goal      clr  0.64  t  13.9  inf  70  N 25.1  mpc   3.7 ms  err 0.13
[357/450] latency=0.1 S1  FR_SAFE_5   seed  7  goal      clr  0.53  t  14.4  inf  73  N 25.3  mpc   3.7 ms  err 0.24
[358/450] latency=0.1 S1  FR_SAFE_5   seed  8  goal      clr  0.64  t  14.8  inf  74  N 25.0  mpc   3.8 ms  err 0.19
[359/450] latency=0.1 S1  FR_SAFE_5   seed  9  goal      clr  0.48  t  14.8  inf  75  N 25.1  mpc   3.8 ms  err 0.26
[360/450] latency=0.1 S1  FR_SAFE_5   seed 10  goal      clr  0.60  t  14.9  inf  75  N 25.2  mpc   3.9 ms  err 0.14
[361/450] latency=0.1 S1  FR_SAFE_5   seed 11  goal      clr  0.66  t  14.1  inf  71  N 25.4  mpc   3.7 ms  err 0.22
[362/450] latency=0.1 S1  FR_SAFE_5   seed 12  goal      clr  0.51  t  15.9  inf  80  N 25.6  mpc   3.9 ms  err 0.25
[363/450] latency=0.1 S1  FR_SAFE_5   seed 13  goal      clr  0.64  t  14.3  inf  72  N 25.5  mpc   3.9 ms  err 0.11
[364/450] latency=0.1 S1  FR_SAFE_5   seed 14  goal      clr  0.60  t  15.4  inf  77  N 25.8  mpc   3.9 ms  err 0.20
[365/450] latency=0.1 S1  FR_SAFE_5   seed 15  goal      clr  0.54  t  20.8  inf 104  N 25.8  mpc   4.2 ms  err 0.30
[366/450] latency=0.1 S1  FR_SAFE_5   seed 16  goal      clr  0.69  t  14.4  inf  72  N 25.1  mpc   3.6 ms  err 0.28
[367/450] latency=0.1 S1  FR_SAFE_5   seed 17  goal      clr  0.63  t  15.0  inf  76  N 24.8  mpc   3.8 ms  err 0.14
[368/450] latency=0.1 S1  FR_SAFE_5   seed 18  goal      clr  0.69  t  14.3  inf  72  N 25.5  mpc   3.7 ms  err 0.13
[369/450] latency=0.1 S1  FR_SAFE_5   seed 19  goal      clr  0.55  t  16.7  inf  84  N 25.5  mpc   4.0 ms  err 0.18
[370/450] latency=0.1 S1  FR_SAFE_5   seed 20  goal      clr  0.72  t  14.4  inf  73  N 25.1  mpc   3.7 ms  err 0.28
[371/450] latency=0.1 S1  FR_SAFE_5   seed 21  goal      clr  0.64  t  14.0  inf  70  N 25.3  mpc   3.7 ms  err 0.15
[372/450] latency=0.1 S1  FR_SAFE_5   seed 22  goal      clr  0.62  t  14.1  inf  71  N 25.0  mpc   3.6 ms  err 0.18
[373/450] latency=0.1 S1  FR_SAFE_5   seed 23  goal      clr  0.61  t  14.8  inf  74  N 24.8  mpc   3.8 ms  err 0.21
[374/450] latency=0.1 S1  FR_SAFE_5   seed 24  goal      clr  0.54  t  13.9  inf  70  N 25.2  mpc   3.6 ms  err 0.23
[375/450] latency=0.1 S1  FR_SAFE_5   seed 25  goal      clr  0.54  t  14.6  inf  73  N 25.6  mpc   3.9 ms  err 0.15
[376/450] latency=0.1 S1  FR_SAFE_5   seed 26  goal      clr  0.57  t  14.4  inf  72  N 25.0  mpc   3.8 ms  err 0.26
[377/450] latency=0.1 S1  FR_SAFE_5   seed 27  goal      clr  0.60  t  14.3  inf  72  N 25.6  mpc   3.7 ms  err 0.08
[378/450] latency=0.1 S1  FR_SAFE_5   seed 28  goal      clr  0.53  t  14.5  inf  73  N 25.3  mpc   3.7 ms  err 0.28
[379/450] latency=0.1 S1  FR_SAFE_5   seed 29  goal      clr  0.59  t  15.3  inf  77  N 25.9  mpc   4.0 ms  err 0.21
[380/450] latency=0.1 S1  FR_SAFE_5   seed 30  goal      clr  0.63  t  14.3  inf  72  N 25.4  mpc   3.7 ms  err 0.24
[381/450] latency=0.1 S1  FR_SAFE_5   seed 31  goal      clr  0.55  t  14.8  inf  74  N 25.3  mpc   3.8 ms  err 0.16
[382/450] latency=0.1 S1  FR_SAFE_5   seed 32  goal      clr  0.60  t  15.0  inf  75  N 25.5  mpc   3.9 ms  err 0.15
[383/450] latency=0.1 S1  FR_SAFE_5   seed 33  goal      clr  0.62  t  14.2  inf  71  N 25.2  mpc   3.7 ms  err 0.10
[384/450] latency=0.1 S1  FR_SAFE_5   seed 34  goal      clr  0.62  t  15.4  inf  77  N 25.0  mpc   3.7 ms  err 0.15
[385/450] latency=0.1 S1  FR_SAFE_5   seed 35  goal      clr  0.63  t  14.6  inf  73  N 25.8  mpc   3.8 ms  err 0.25
[386/450] latency=0.1 S1  FR_SAFE_5   seed 36  goal      clr  0.55  t  14.8  inf  75  N 25.5  mpc   3.8 ms  err 0.16
[387/450] latency=0.1 S1  FR_SAFE_5   seed 37  goal      clr  0.56  t  14.6  inf  73  N 25.2  mpc   3.7 ms  err 0.23
[388/450] latency=0.1 S1  FR_SAFE_5   seed 38  goal      clr  0.64  t  15.8  inf  79  N 26.0  mpc   4.0 ms  err 0.17
[389/450] latency=0.1 S1  FR_SAFE_5   seed 39  goal      clr  0.51  t  14.7  inf  74  N 25.8  mpc   3.9 ms  err 0.09
[390/450] latency=0.1 S1  FR_SAFE_5   seed 40  goal      clr  0.60  t  14.6  inf  73  N 25.6  mpc   3.8 ms  err 0.25
[391/450] latency=0.1 S1  FR_SAFE_5   seed 41  goal      clr  0.58  t  14.9  inf  75  N 25.5  mpc   3.9 ms  err 0.14
[392/450] latency=0.1 S1  FR_SAFE_5   seed 42  goal      clr  0.65  t  14.4  inf  72  N 25.7  mpc   3.8 ms  err 0.23
[393/450] latency=0.1 S1  FR_SAFE_5   seed 43  goal      clr  0.55  t  15.9  inf  80  N 25.9  mpc   4.1 ms  err 0.12
[394/450] latency=0.1 S1  FR_SAFE_5   seed 44  goal      clr  0.55  t  14.1  inf  71  N 24.9  mpc   3.6 ms  err 0.18
[395/450] latency=0.1 S1  FR_SAFE_5   seed 45  goal      clr  0.43  t  15.4  inf  77  N 25.2  mpc   3.9 ms  err 0.19
[396/450] latency=0.1 S1  FR_SAFE_5   seed 46  goal      clr  0.57  t  14.5  inf  73  N 26.1  mpc   4.0 ms  err 0.30
[397/450] latency=0.1 S1  FR_SAFE_5   seed 47  goal      clr  0.55  t  14.8  inf  75  N 25.0  mpc   3.7 ms  err 0.19
[398/450] latency=0.1 S1  FR_SAFE_5   seed 48  goal      clr  0.63  t  15.7  inf  79  N 25.5  mpc   3.9 ms  err 0.37
[399/450] latency=0.1 S1  FR_SAFE_5   seed 49  goal      clr  0.63  t  14.4  inf  72  N 25.7  mpc   3.7 ms  err 0.16
[400/450] latency=0.1 S1  FR_SAFE_5   seed 50  goal      clr  0.61  t  14.9  inf  75  N 25.6  mpc   4.0 ms  err 0.16
[401/450] latency=0.1 S1  FR_SAFE_10  seed  1  goal      clr  0.44  t  14.7  inf 121  N 25.8  mpc   3.8 ms  err 0.18
[402/450] latency=0.1 S1  FR_SAFE_10  seed  2  goal      clr  0.48  t  14.5  inf 120  N 25.4  mpc   3.9 ms  err 0.19
[403/450] latency=0.1 S1  FR_SAFE_10  seed  3  goal      clr  0.52  t  16.1  inf 135  N 25.8  mpc   4.1 ms  err 0.20
[404/450] latency=0.1 S1  FR_SAFE_10  seed  4  goal      clr  0.57  t  14.6  inf 124  N 25.5  mpc   3.9 ms  err 0.20
[405/450] latency=0.1 S1  FR_SAFE_10  seed  5  goal      clr  0.54  t  14.8  inf 116  N 24.8  mpc   3.7 ms  err 0.24
[406/450] latency=0.1 S1  FR_SAFE_10  seed  6  goal      clr  0.63  t  13.9  inf 114  N 25.2  mpc   3.6 ms  err 0.19
[407/450] latency=0.1 S1  FR_SAFE_10  seed  7  goal      clr  0.37  t  17.8  inf 143  N 24.9  mpc   3.8 ms  err 0.30
[408/450] latency=0.1 S1  FR_SAFE_10  seed  8  goal      clr  0.57  t  14.3  inf 118  N 25.7  mpc   3.8 ms  err 0.24
[409/450] latency=0.1 S1  FR_SAFE_10  seed  9  goal      clr  0.43  t  15.3  inf 127  N 24.3  mpc   3.7 ms  err 0.22
[410/450] latency=0.1 S1  FR_SAFE_10  seed 10  goal      clr  0.58  t  14.7  inf 118  N 25.1  mpc   3.9 ms  err 0.26
[411/450] latency=0.1 S1  FR_SAFE_10  seed 11  goal      clr  0.62  t  14.0  inf 113  N 25.4  mpc   3.6 ms  err 0.22
[412/450] latency=0.1 S1  FR_SAFE_10  seed 12  goal      clr  0.44  t  14.9  inf 121  N 25.9  mpc   4.0 ms  err 0.15
[413/450] latency=0.1 S1  FR_SAFE_10  seed 13  goal      clr  0.60  t  14.1  inf 117  N 25.4  mpc   3.8 ms  err 0.18
[414/450] latency=0.1 S1  FR_SAFE_10  seed 14  goal      clr  0.51  t  14.8  inf 122  N 25.3  mpc   4.0 ms  err 0.25
[415/450] latency=0.1 S1  FR_SAFE_10  seed 15  goal      clr  0.41  t  16.8  inf 135  N 25.3  mpc   4.0 ms  err 0.22
[416/450] latency=0.1 S1  FR_SAFE_10  seed 16  goal      clr  0.70  t  14.1  inf 118  N 25.1  mpc   3.7 ms  err 0.25
[417/450] latency=0.1 S1  FR_SAFE_10  seed 17  goal      clr  0.63  t  14.1  inf 120  N 24.9  mpc   3.6 ms  err 0.15
[418/450] latency=0.1 S1  FR_SAFE_10  seed 18  goal      clr  0.58  t  15.8  inf 133  N 24.9  mpc   3.8 ms  err 0.17
[419/450] latency=0.1 S1  FR_SAFE_10  seed 19  goal      clr  0.59  t  15.8  inf 133  N 26.0  mpc   4.0 ms  err 0.15
[420/450] latency=0.1 S1  FR_SAFE_10  seed 20  goal      clr  0.56  t  14.2  inf 118  N 24.5  mpc   3.5 ms  err 0.26
[421/450] latency=0.1 S1  FR_SAFE_10  seed 21  goal      clr  0.62  t  14.0  inf 113  N 25.7  mpc   3.7 ms  err 0.23
[422/450] latency=0.1 S1  FR_SAFE_10  seed 22  goal      clr  0.53  t  14.0  inf 118  N 25.1  mpc   3.6 ms  err 0.25
[423/450] latency=0.1 S1  FR_SAFE_10  seed 23  goal      clr  0.62  t  14.1  inf 115  N 24.8  mpc   3.6 ms  err 0.19
[424/450] latency=0.1 S1  FR_SAFE_10  seed 24  goal      clr  0.62  t  13.8  inf 113  N 25.2  mpc   3.5 ms  err 0.22
[425/450] latency=0.1 S1  FR_SAFE_10  seed 25  goal      clr  0.62  t  14.7  inf 119  N 25.3  mpc   3.7 ms  err 0.14
[426/450] latency=0.1 S1  FR_SAFE_10  seed 26  goal      clr  0.59  t  14.1  inf 117  N 24.8  mpc   3.7 ms  err 0.18
[427/450] latency=0.1 S1  FR_SAFE_10  seed 27  goal      clr  0.57  t  14.2  inf 116  N 25.5  mpc   3.6 ms  err 0.09
[428/450] latency=0.1 S1  FR_SAFE_10  seed 28  goal      clr  0.60  t  14.1  inf 117  N 25.4  mpc   3.6 ms  err 0.20
[429/450] latency=0.1 S1  FR_SAFE_10  seed 29  goal      clr  0.48  t  15.8  inf 132  N 26.0  mpc   3.9 ms  err 0.16
[430/450] latency=0.1 S1  FR_SAFE_10  seed 30  goal      clr  0.65  t  14.2  inf 114  N 25.1  mpc   3.6 ms  err 0.19
[431/450] latency=0.1 S1  FR_SAFE_10  seed 31  goal      clr  0.57  t  14.5  inf 119  N 25.3  mpc   3.7 ms  err 0.23
[432/450] latency=0.1 S1  FR_SAFE_10  seed 32  goal      clr  0.57  t  14.5  inf 119  N 25.6  mpc   3.8 ms  err 0.12
[433/450] latency=0.1 S1  FR_SAFE_10  seed 33  goal      clr  0.62  t  14.0  inf 116  N 25.1  mpc   3.6 ms  err 0.14
[434/450] latency=0.1 S1  FR_SAFE_10  seed 34  goal      clr  0.55  t  19.9  inf 166  N 23.2  mpc   3.5 ms  err 0.25
[435/450] latency=0.1 S1  FR_SAFE_10  seed 35  goal      clr  0.62  t  14.6  inf 123  N 25.7  mpc   3.7 ms  err 0.18
[436/450] latency=0.1 S1  FR_SAFE_10  seed 36  goal      clr  0.61  t  14.4  inf 121  N 25.3  mpc   3.7 ms  err 0.23
[437/450] latency=0.1 S1  FR_SAFE_10  seed 37  goal      clr  0.56  t  14.8  inf 123  N 25.0  mpc   3.7 ms  err 0.22
[438/450] latency=0.1 S1  FR_SAFE_10  seed 38  goal      clr  0.59  t  15.3  inf 125  N 25.7  mpc   3.8 ms  err 0.16
[439/450] latency=0.1 S1  FR_SAFE_10  seed 39  goal      clr  0.52  t  14.8  inf 119  N 25.8  mpc   3.9 ms  err 0.15
[440/450] latency=0.1 S1  FR_SAFE_10  seed 40  goal      clr  0.62  t  14.4  inf 121  N 25.3  mpc   3.6 ms  err 0.21
[441/450] latency=0.1 S1  FR_SAFE_10  seed 41  goal      clr  0.53  t  20.7  inf 173  N 25.7  mpc   4.3 ms  err 0.28
[442/450] latency=0.1 S1  FR_SAFE_10  seed 42  goal      clr  0.67  t  14.6  inf 119  N 25.4  mpc   3.7 ms  err 0.19
[443/450] latency=0.1 S1  FR_SAFE_10  seed 43  goal      clr  0.40  t  20.2  inf 166  N 25.7  mpc   4.1 ms  err 0.45
[444/450] latency=0.1 S1  FR_SAFE_10  seed 44  goal      clr  0.63  t  14.0  inf 113  N 24.6  mpc   3.5 ms  err 0.15
[445/450] latency=0.1 S1  FR_SAFE_10  seed 45  goal      clr  0.42  t  14.8  inf 123  N 25.0  mpc   3.8 ms  err 0.24
[446/450] latency=0.1 S1  FR_SAFE_10  seed 46  goal      clr  0.60  t  14.7  inf 120  N 25.5  mpc   3.8 ms  err 0.18
[447/450] latency=0.1 S1  FR_SAFE_10  seed 47  goal      clr  0.53  t  15.2  inf 124  N 24.7  mpc   3.7 ms  err 0.16
[448/450] latency=0.1 S1  FR_SAFE_10  seed 48  goal      clr  0.53  t  15.4  inf 129  N 25.2  mpc   3.8 ms  err 0.24
[449/450] latency=0.1 S1  FR_SAFE_10  seed 49  goal      clr  0.59  t  14.1  inf 120  N 25.3  mpc   3.6 ms  err 0.16
[450/450] latency=0.1 S1  FR_SAFE_10  seed 50  goal      clr  0.54  t  14.8  inf 125  N 25.4  mpc   3.8 ms  err 0.14
