[  1/450] speed=3 S1  E_DART      seed  1  goal      clr  0.54  t  17.5  inf  62  N 25.3  mpc   8.1 ms  err 0.23
[  2/450] speed=3 S1  E_DART      seed  2  goal      clr  0.52  t  18.1  inf  59  N 24.6  mpc   6.5 ms  err 0.29
[  3/450] speed=3 S1  E_DART      seed  3  goal      clr  0.38  t  21.6  inf  92  N 23.6  mpc   6.1 ms  err 0.45
[  4/450] speed=3 S1  E_DART      seed  4  goal      clr  0.67  t  17.5  inf  54  N 24.3  mpc   5.8 ms  err 0.17
[  5/450] speed=3 S1  E_DART      seed  5  goal      clr  0.46  t  23.1  inf 105  N 23.1  mpc   5.6 ms  err 0.29
[  6/450] speed=3 S1  E_DART      seed  6  goal      clr  0.51  t  17.5  inf  54  N 24.5  mpc   5.6 ms  err 0.23
[  7/450] speed=3 S1  E_DART      seed  7  goal      clr  0.48  t  17.4  inf  57  N 24.8  mpc   6.0 ms  err 0.26
[  8/450] speed=3 S1  E_DART      seed  8  goal      clr  0.64  t  19.0  inf  55  N 24.4  mpc   6.0 ms  err 0.19
[  9/450] speed=3 S1  E_DART      seed  9  goal      clr  0.52  t  17.5  inf  52  N 24.5  mpc   5.9 ms  err 0.23
[ 10/450] speed=3 S1  E_DART      seed 10  goal      clr  0.46  t  18.2  inf  58  N 24.4  mpc   6.0 ms  err 0.17
[ 11/450] speed=3 S1  E_DART      seed 11  goal      clr  0.53  t  17.6  inf  50  N 24.4  mpc   5.8 ms  err 0.24
[ 12/450] speed=3 S1  E_DART      seed 12  goal      clr  0.54  t  17.9  inf  67  N 25.5  mpc   6.3 ms  err 0.40
[ 13/450] speed=3 S1  E_DART      seed 13  goal      clr  0.56  t  17.6  inf  60  N 25.0  mpc   6.0 ms  err 0.25
[ 14/450] speed=3 S1  E_DART      seed 14  goal      clr  0.55  t  19.4  inf  66  N 25.2  mpc   6.6 ms  err 0.23
[ 15/450] speed=3 S1  E_DART      seed 15  timeout   clr  0.55  t  40.0  inf 128  N 23.2  mpc   6.4 ms  err 0.40
[ 16/450] speed=3 S1  E_DART      seed 16  goal      clr  0.64  t  18.5  inf  44  N 23.7  mpc   5.7 ms  err 0.20
[ 17/450] speed=3 S1  E_DART      seed 17  goal      clr  0.61  t  17.4  inf  47  N 23.6  mpc   5.5 ms  err 0.16
[ 18/450] speed=3 S1  E_DART      seed 18  goal      clr  0.54  t  18.1  inf  63  N 25.0  mpc   6.1 ms  err 0.30
[ 19/450] speed=3 S1  E_DART      seed 19  goal      clr  0.55  t  18.9  inf  77  N 25.7  mpc   6.6 ms  err 0.20
[ 20/450] speed=3 S1  E_DART      seed 20  goal      clr  0.47  t  17.6  inf  51  N 23.9  mpc   5.6 ms  err 0.26
[ 21/450] speed=3 S1  E_DART      seed 21  goal      clr  0.63  t  18.3  inf  50  N 25.1  mpc   6.2 ms  err 0.14
[ 22/450] speed=3 S1  E_DART      seed 22  goal      clr  0.53  t  17.4  inf  59  N 24.1  mpc   6.0 ms  err 0.29
[ 23/450] speed=3 S1  E_DART      seed 23  goal      clr  0.56  t  17.9  inf  62  N 23.8  mpc   5.6 ms  err 0.28
[ 24/450] speed=3 S1  E_DART      seed 24  goal      clr  0.51  t  17.9  inf  52  N 24.6  mpc   5.8 ms  err 0.26
[ 25/450] speed=3 S1  E_DART      seed 25  goal      clr  0.49  t  17.7  inf  63  N 25.0  mpc   6.1 ms  err 0.24
[ 26/450] speed=3 S1  E_DART      seed 26  goal      clr  0.51  t  17.7  inf  52  N 24.0  mpc   5.8 ms  err 0.18
[ 27/450] speed=3 S1  E_DART      seed 27  goal      clr  0.53  t  18.1  inf  63  N 24.8  mpc   6.1 ms  err 0.11
[ 28/450] speed=3 S1  E_DART      seed 28  goal      clr  0.57  t  17.5  inf  50  N 25.2  mpc   6.0 ms  err 0.33
[ 29/450] speed=3 S1  E_DART      seed 29  goal      clr  0.46  t  18.6  inf  65  N 25.1  mpc   6.4 ms  err 0.34
[ 30/450] speed=3 S1  E_DART      seed 30  goal      clr  0.64  t  18.0  inf  57  N 24.4  mpc   5.8 ms  err 0.32
[ 31/450] speed=3 S1  E_DART      seed 31  goal      clr  0.51  t  18.0  inf  63  N 24.7  mpc   6.0 ms  err 0.21
[ 32/450] speed=3 S1  E_DART      seed 32  goal      clr  0.58  t  17.8  inf  70  N 25.1  mpc   6.1 ms  err 0.32
[ 33/450] speed=3 S1  E_DART      seed 33  goal      clr  0.59  t  17.8  inf  62  N 24.4  mpc   5.9 ms  err 0.23
[ 34/450] speed=3 S1  E_DART      seed 34  timeout   clr  0.54  t  40.0  inf 116  N 16.8  mpc   4.4 ms  err 0.71
[ 35/450] speed=3 S1  E_DART      seed 35  goal      clr  0.59  t  22.3  inf  72  N 23.8  mpc   5.9 ms  err 0.65
[ 36/450] speed=3 S1  E_DART      seed 36  goal      clr  0.50  t  18.6  inf  61  N 24.6  mpc   5.9 ms  err 0.18
[ 37/450] speed=3 S1  E_DART      seed 37  goal      clr  0.50  t  18.4  inf  68  N 23.6  mpc   6.0 ms  err 0.21
[ 38/450] speed=3 S1  E_DART      seed 38  goal      clr  0.58  t  18.5  inf  70  N 25.5  mpc   6.3 ms  err 0.22
[ 39/450] speed=3 S1  E_DART      seed 39  goal      clr  0.54  t  18.1  inf  70  N 25.4  mpc   6.3 ms  err 0.29
[ 40/450] speed=3 S1  E_DART      seed 40  goal      clr  0.53  t  18.1  inf  56  N 24.7  mpc   5.8 ms  err 0.31
[ 41/450] speed=3 S1  E_DART      seed 41  goal      clr  0.58  t  23.1  inf  65  N 23.2  mpc   5.8 ms  err 0.16
[ 42/450] speed=3 S1  E_DART      seed 42  goal      clr  0.60  t  24.0  inf  64  N 24.5  mpc   6.3 ms  err 0.41
[ 43/450] speed=3 S1  E_DART      seed 43  goal      clr  0.50  t  20.2  inf  63  N 25.0  mpc   6.4 ms  err 0.20
[ 44/450] speed=3 S1  E_DART      seed 44  goal      clr  0.57  t  17.5  inf  48  N 24.2  mpc   5.8 ms  err 0.23
[ 45/450] speed=3 S1  E_DART      seed 45  goal      clr  0.47  t  20.6  inf  79  N 24.8  mpc   6.4 ms  err 0.22
[ 46/450] speed=3 S1  E_DART      seed 46  goal      clr  0.52  t  17.8  inf  57  N 25.5  mpc   6.1 ms  err 0.23
[ 47/450] speed=3 S1  E_DART      seed 47  goal      clr  0.45  t  18.6  inf  55  N 23.8  mpc   5.7 ms  err 0.21
[ 48/450] speed=3 S1  E_DART      seed 48  goal      clr  0.53  t  17.5  inf  63  N 25.1  mpc   6.3 ms  err 0.25
[ 49/450] speed=3 S1  E_DART      seed 49  goal      clr  0.61  t  17.6  inf  55  N 25.0  mpc   6.1 ms  err 0.28
[ 50/450] speed=3 S1  E_DART      seed 50  goal      clr  0.39  t  18.1  inf  67  N 25.5  mpc   6.3 ms  err 0.24
[ 51/450] speed=3 S1  Z_ZHUYI     seed  1  goal      clr  0.38  t  17.5  inf  44  N 25.6  mpc   6.5 ms  err 0.21
[ 52/450] speed=3 S1  Z_ZHUYI     seed  2  goal      clr  0.43  t  18.4  inf  38  N 24.2  mpc   6.1 ms  err 0.24
[ 53/450] speed=3 S1  Z_ZHUYI     seed  3  goal      clr  0.53  t  22.1  inf  48  N 25.4  mpc   6.7 ms  err 0.24
[ 54/450] speed=3 S1  Z_ZHUYI     seed  4  goal      clr  0.52  t  23.4  inf  40  N 24.2  mpc   6.2 ms  err 0.23
[ 55/450] speed=3 S1  Z_ZHUYI     seed  5  goal      clr  0.47  t  25.3  inf  44  N 23.0  mpc   5.8 ms  err 0.36
[ 56/450] speed=3 S1  Z_ZHUYI     seed  6  goal      clr  0.58  t  17.5  inf  36  N 24.6  mpc   5.8 ms  err 0.25
[ 57/450] speed=3 S1  Z_ZHUYI     seed  7  goal      clr  0.57  t  26.2  inf  37  N 23.5  mpc   6.0 ms  err 0.31
[ 58/450] speed=3 S1  Z_ZHUYI     seed  8  goal      clr  0.49  t  25.5  inf  46  N 23.1  mpc   5.8 ms  err 0.38
[ 59/450] speed=3 S1  Z_ZHUYI     seed  9  goal      clr  0.62  t  17.8  inf  34  N 24.7  mpc   6.0 ms  err 0.23
[ 60/450] speed=3 S1  Z_ZHUYI     seed 10  goal      clr  0.57  t  19.4  inf  44  N 24.6  mpc   6.1 ms  err 0.22
[ 61/450] speed=3 S1  Z_ZHUYI     seed 11  goal      clr  0.56  t  17.8  inf  37  N 24.5  mpc   6.2 ms  err 0.28
[ 62/450] speed=3 S1  Z_ZHUYI     seed 12  goal      clr  0.43  t  18.7  inf  42  N 25.1  mpc   6.3 ms  err 0.22
[ 63/450] speed=3 S1  Z_ZHUYI     seed 13  goal      clr  0.59  t  17.7  inf  38  N 25.6  mpc   6.3 ms  err 0.20
[ 64/450] speed=3 S1  Z_ZHUYI     seed 14  goal      clr  0.53  t  22.3  inf  38  N 24.6  mpc   6.3 ms  err 0.38
[ 65/450] speed=3 S1  Z_ZHUYI     seed 15  goal      clr  0.61  t  23.6  inf  45  N 24.9  mpc   6.5 ms  err 0.34
[ 66/450] speed=3 S1  Z_ZHUYI     seed 16  goal      clr  0.73  t  18.3  inf  28  N 24.4  mpc   5.8 ms  err 0.29
[ 67/450] speed=3 S1  Z_ZHUYI     seed 17  goal      clr  0.61  t  24.7  inf  35  N 23.3  mpc   5.8 ms  err 0.25
[ 68/450] speed=3 S1  Z_ZHUYI     seed 18  goal      clr  0.57  t  21.5  inf  43  N 25.8  mpc   6.6 ms  err 0.29
[ 69/450] speed=3 S1  Z_ZHUYI     seed 19  goal      clr  0.48  t  20.0  inf  41  N 25.2  mpc   6.4 ms  err 0.42
[ 70/450] speed=3 S1  Z_ZHUYI     seed 20  goal      clr  0.46  t  18.1  inf  31  N 24.6  mpc   6.0 ms  err 0.28
[ 71/450] speed=3 S1  Z_ZHUYI     seed 21  goal      clr  0.66  t  21.9  inf  38  N 25.2  mpc   6.3 ms  err 0.24
[ 72/450] speed=3 S1  Z_ZHUYI     seed 22  goal      clr  0.51  t  17.4  inf  33  N 25.0  mpc   6.0 ms  err 0.38
[ 73/450] speed=3 S1  Z_ZHUYI     seed 23  goal      clr  0.62  t  17.7  inf  36  N 24.2  mpc   5.7 ms  err 0.20
[ 74/450] speed=3 S1  Z_ZHUYI     seed 24  goal      clr  0.48  t  22.2  inf  39  N 24.3  mpc   5.9 ms  err 0.23
[ 75/450] speed=3 S1  Z_ZHUYI     seed 25  goal      clr  0.46  t  17.9  inf  50  N 24.9  mpc   6.3 ms  err 0.18
[ 76/450] speed=3 S1  Z_ZHUYI     seed 26  goal      clr  0.37  t  20.9  inf  43  N 24.2  mpc   6.4 ms  err 0.41
[ 77/450] speed=3 S1  Z_ZHUYI     seed 27  goal      clr  0.53  t  17.6  inf  39  N 25.3  mpc   6.2 ms  err 0.16
[ 78/450] speed=3 S1  Z_ZHUYI     seed 28  goal      clr  0.53  t  17.5  inf  32  N 25.3  mpc   6.0 ms  err 0.37
[ 79/450] speed=3 S1  Z_ZHUYI     seed 29  goal      clr  0.51  t  18.8  inf  45  N 25.6  mpc   6.6 ms  err 0.27
[ 80/450] speed=3 S1  Z_ZHUYI     seed 30  goal      clr  0.50  t  22.0  inf  41  N 23.5  mpc   5.9 ms  err 0.37
[ 81/450] speed=3 S1  Z_ZHUYI     seed 31  goal      clr  0.47  t  18.5  inf  37  N 24.7  mpc   6.0 ms  err 0.29
[ 82/450] speed=3 S1  Z_ZHUYI     seed 32  goal      clr  0.64  t  17.7  inf  45  N 24.9  mpc   6.2 ms  err 0.27
[ 83/450] speed=3 S1  Z_ZHUYI     seed 33  goal      clr  0.65  t  24.3  inf  41  N 23.1  mpc   5.8 ms  err 0.25
[ 84/450] speed=3 S1  Z_ZHUYI     seed 34  goal      clr  0.52  t  17.6  inf  43  N 24.4  mpc   6.0 ms  err 0.35
[ 85/450] speed=3 S1  Z_ZHUYI     seed 35  goal      clr  0.57  t  24.8  inf  45  N 24.1  mpc   6.1 ms  err 0.28
[ 86/450] speed=3 S1  Z_ZHUYI     seed 36  goal      clr  0.33  t  23.6  inf  37  N 24.7  mpc   6.4 ms  err 0.33
[ 87/450] speed=3 S1  Z_ZHUYI     seed 37  timeout   clr  0.55  t  40.0  inf  53  N 16.4  mpc   4.2 ms  err 0.63
[ 88/450] speed=3 S1  Z_ZHUYI     seed 38  goal      clr  0.52  t  18.2  inf  42  N 25.6  mpc   6.5 ms  err 0.37
[ 89/450] speed=3 S1  Z_ZHUYI     seed 39  goal      clr  0.55  t  19.1  inf  43  N 25.5  mpc   6.5 ms  err 0.24
[ 90/450] speed=3 S1  Z_ZHUYI     seed 40  goal      clr  0.53  t  21.6  inf  45  N 24.7  mpc   6.1 ms  err 0.28
[ 91/450] speed=3 S1  Z_ZHUYI     seed 41  goal      clr  0.52  t  22.6  inf  50  N 24.2  mpc   6.3 ms  err 0.19
[ 92/450] speed=3 S1  Z_ZHUYI     seed 42  goal      clr  0.55  t  24.1  inf  42  N 22.8  mpc   5.7 ms  err 0.13
[ 93/450] speed=3 S1  Z_ZHUYI     seed 43  goal      clr  0.33  t  19.8  inf  42  N 25.0  mpc   6.4 ms  err 0.23
[ 94/450] speed=3 S1  Z_ZHUYI     seed 44  goal      clr  0.56  t  29.1  inf  49  N 23.7  mpc   6.2 ms  err 0.23
[ 95/450] speed=3 S1  Z_ZHUYI     seed 45  goal      clr  0.60  t  19.0  inf  42  N 25.4  mpc   6.4 ms  err 0.26
[ 96/450] speed=3 S1  Z_ZHUYI     seed 46  goal      clr  0.53  t  18.5  inf  37  N 25.8  mpc   6.4 ms  err 0.24
[ 97/450] speed=3 S1  Z_ZHUYI     seed 47  goal      clr  0.43  t  18.6  inf  41  N 24.1  mpc   6.2 ms  err 0.26
[ 98/450] speed=3 S1  Z_ZHUYI     seed 48  goal      clr  0.61  t  18.1  inf  41  N 24.9  mpc   6.0 ms  err 0.37
[ 99/450] speed=3 S1  Z_ZHUYI     seed 49  goal      clr  0.70  t  17.1  inf  26  N 25.2  mpc   6.1 ms  err 0.39
[100/450] speed=3 S1  Z_ZHUYI     seed 50  goal      clr  0.53  t  21.8  inf  43  N 24.0  mpc   6.0 ms  err 0.22
[101/450] speed=3 S1  A_FR_FN     seed  1  goal      clr  0.39  t  17.4  inf 160  N 20.0  mpc   4.2 ms  err 0.25
[102/450] speed=3 S1  A_FR_FN     seed  2  goal      clr  0.35  t  17.5  inf 163  N 20.0  mpc   4.1 ms  err 0.26
[103/450] speed=3 S1  A_FR_FN     seed  3  goal      clr  0.41  t  18.1  inf 169  N 20.0  mpc   4.2 ms  err 0.15
[104/450] speed=3 S1  A_FR_FN     seed  4  goal      clr  0.51  t  17.3  inf 164  N 20.0  mpc   4.1 ms  err 0.20
[105/450] speed=3 S1  A_FR_FN     seed  5  goal      clr  0.34  t  17.7  inf 162  N 20.0  mpc   4.2 ms  err 0.38
[106/450] speed=3 S1  A_FR_FN     seed  6  goal      clr  0.42  t  17.3  inf 160  N 20.0  mpc   4.1 ms  err 0.12
[107/450] speed=3 S1  A_FR_FN     seed  7  goal      clr  0.39  t  17.3  inf 158  N 20.0  mpc   4.0 ms  err 0.33
[108/450] speed=3 S1  A_FR_FN     seed  8  goal      clr  0.30  t  17.7  inf 167  N 20.0  mpc   4.1 ms  err 0.18
[109/450] speed=3 S1  A_FR_FN     seed  9  goal      clr  0.33  t  17.6  inf 164  N 20.0  mpc   4.2 ms  err 0.19
[110/450] speed=3 S1  A_FR_FN     seed 10  goal      clr  0.12  t  17.3  inf 158  N 20.0  mpc   4.2 ms  err 0.47
[111/450] speed=3 S1  A_FR_FN     seed 11  goal      clr  0.47  t  17.3  inf 158  N 20.0  mpc   4.0 ms  err 0.23
[112/450] speed=3 S1  A_FR_FN     seed 12  goal      clr  0.38  t  17.2  inf 159  N 20.0  mpc   4.1 ms  err 0.18
[113/450] speed=3 S1  A_FR_FN     seed 13  goal      clr  0.29  t  17.4  inf 164  N 20.0  mpc   4.0 ms  err 0.19
[114/450] speed=3 S1  A_FR_FN     seed 14  goal      clr  0.32  t  18.2  inf 168  N 20.0  mpc   4.1 ms  err 0.29
[115/450] speed=3 S1  A_FR_FN     seed 15  goal      clr  0.34  t  18.1  inf 167  N 20.0  mpc   4.2 ms  err 0.18
[116/450] speed=3 S1  A_FR_FN     seed 16  goal      clr  0.48  t  17.2  inf 161  N 20.0  mpc   4.1 ms  err 0.24
[117/450] speed=3 S1  A_FR_FN     seed 17  goal      clr  0.40  t  17.6  inf 167  N 20.0  mpc   4.1 ms  err 0.20
[118/450] speed=3 S1  A_FR_FN     seed 18  goal      clr  0.40  t  17.6  inf 164  N 20.0  mpc   4.2 ms  err 0.20
[119/450] speed=3 S1  A_FR_FN     seed 19  goal      clr  0.34  t  17.9  inf 169  N 20.0  mpc   4.1 ms  err 0.20
[120/450] speed=3 S1  A_FR_FN     seed 20  goal      clr  0.22  t  17.8  inf 165  N 20.0  mpc   4.2 ms  err 0.37
[121/450] speed=3 S1  A_FR_FN     seed 21  goal      clr  0.41  t  17.2  inf 159  N 20.0  mpc   4.1 ms  err 0.18
[122/450] speed=3 S1  A_FR_FN     seed 22  goal      clr  0.41  t  17.1  inf 161  N 20.0  mpc   4.1 ms  err 0.23
[123/450] speed=3 S1  A_FR_FN     seed 23  goal      clr  0.47  t  17.2  inf 159  N 20.0  mpc   4.1 ms  err 0.31
[124/450] speed=3 S1  A_FR_FN     seed 24  goal      clr  0.42  t  17.0  inf 160  N 20.0  mpc   4.1 ms  err 0.23
[125/450] speed=3 S1  A_FR_FN     seed 25  goal      clr  0.39  t  17.2  inf 160  N 20.0  mpc   3.9 ms  err 0.20
[126/450] speed=3 S1  A_FR_FN     seed 26  goal      clr  0.43  t  17.7  inf 164  N 20.0  mpc   4.1 ms  err 0.47
[127/450] speed=3 S1  A_FR_FN     seed 27  goal      clr  0.45  t  17.3  inf 161  N 20.0  mpc   4.1 ms  err 0.18
[128/450] speed=3 S1  A_FR_FN     seed 28  goal      clr  0.43  t  17.3  inf 161  N 20.0  mpc   4.1 ms  err 0.32
[129/450] speed=3 S1  A_FR_FN     seed 29  goal      clr  0.30  t  17.7  inf 164  N 20.0  mpc   4.1 ms  err 0.33
[130/450] speed=3 S1  A_FR_FN     seed 30  goal      clr  0.52  t  17.3  inf 160  N 20.0  mpc   4.1 ms  err 0.34
[131/450] speed=3 S1  A_FR_FN     seed 31  goal      clr  0.41  t  17.5  inf 162  N 20.0  mpc   4.1 ms  err 0.24
[132/450] speed=3 S1  A_FR_FN     seed 32  goal      clr  0.36  t  21.0  inf 196  N 20.0  mpc   4.4 ms  err 0.23
[133/450] speed=3 S1  A_FR_FN     seed 33  goal      clr  0.48  t  17.2  inf 160  N 20.0  mpc   4.1 ms  err 0.22
[134/450] speed=3 S1  A_FR_FN     seed 34  goal      clr  0.41  t  17.4  inf 164  N 20.0  mpc   4.2 ms  err 0.19
[135/450] speed=3 S1  A_FR_FN     seed 35  goal      clr  0.39  t  18.0  inf 169  N 20.0  mpc   4.2 ms  err 0.18
[136/450] speed=3 S1  A_FR_FN     seed 36  goal      clr  0.44  t  17.2  inf 163  N 20.0  mpc   4.1 ms  err 0.22
[137/450] speed=3 S1  A_FR_FN     seed 37  goal      clr  0.40  t  17.4  inf 163  N 20.0  mpc   4.1 ms  err 0.38
[138/450] speed=3 S1  A_FR_FN     seed 38  goal      clr  0.44  t  17.8  inf 165  N 20.0  mpc   4.2 ms  err 0.18
[139/450] speed=3 S1  A_FR_FN     seed 39  goal      clr  0.33  t  23.0  inf 213  N 20.0  mpc   4.4 ms  err 0.09
[140/450] speed=3 S1  A_FR_FN     seed 40  goal      clr  0.39  t  17.4  inf 163  N 20.0  mpc   4.2 ms  err 0.31
[141/450] speed=3 S1  A_FR_FN     seed 41  goal      clr  0.44  t  17.9  inf 167  N 20.0  mpc   4.2 ms  err 0.16
[142/450] speed=3 S1  A_FR_FN     seed 42  goal      clr  0.47  t  17.6  inf 164  N 20.0  mpc   4.1 ms  err 0.35
[143/450] speed=3 S1  A_FR_FN     seed 43  goal      clr  0.37  t  17.8  inf 166  N 20.0  mpc   4.2 ms  err 0.17
[144/450] speed=3 S1  A_FR_FN     seed 44  goal      clr  0.45  t  17.1  inf 158  N 20.0  mpc   4.1 ms  err 0.21
[145/450] speed=3 S1  A_FR_FN     seed 45  goal      clr  0.30  t  17.7  inf 166  N 20.0  mpc   4.1 ms  err 0.38
[146/450] speed=3 S1  A_FR_FN     seed 46  goal      clr  0.37  t  17.4  inf 161  N 20.0  mpc   4.2 ms  err 0.22
[147/450] speed=3 S1  A_FR_FN     seed 47  goal      clr  0.39  t  17.8  inf 165  N 20.0  mpc   4.2 ms  err 0.28
[148/450] speed=3 S1  A_FR_FN     seed 48  goal      clr  0.40  t  17.7  inf 166  N 20.0  mpc   4.1 ms  err 0.16
[149/450] speed=3 S1  A_FR_FN     seed 49  goal      clr  0.41  t  17.2  inf 162  N 20.0  mpc   4.0 ms  err 0.18
[150/450] speed=3 S1  A_FR_FN     seed 50  goal      clr  0.35  t  17.5  inf 164  N 20.0  mpc   4.1 ms  err 0.19
[151/450] speed=3 S1  F_NODELAY   seed  1  goal      clr  0.55  t  20.1  inf 100  N 25.8  mpc   6.8 ms  err 1.07
[152/450] speed=3 S1  F_NODELAY   seed  2  goal      clr  0.11  t  34.4  inf 145  N 23.0  mpc   6.2 ms  err 0.78
[153/450] speed=3 S1  F_NODELAY   seed  3  goal      clr  0.37  t  25.7  inf 144  N 24.6  mpc   7.1 ms  err 1.15
[154/450] speed=3 S1  F_NODELAY   seed  4  goal      clr  0.51  t  19.5  inf  81  N 25.6  mpc   6.7 ms  err 0.90
[155/450] speed=3 S1  F_NODELAY   seed  5  timeout   clr  0.54  t  40.0  inf 237  N 22.5  mpc   6.4 ms  err 1.06
[156/450] speed=3 S1  F_NODELAY   seed  6  goal      clr  0.34  t  25.9  inf 144  N 25.4  mpc   7.1 ms  err 1.51
[157/450] speed=3 S1  F_NODELAY   seed  7  goal      clr  0.39  t  19.4  inf  95  N 23.9  mpc   6.5 ms  err 0.98
[158/450] speed=3 S1  F_NODELAY   seed  8  goal      clr  0.04  t  27.0  inf 153  N 24.3  mpc   6.8 ms  err 1.47
[159/450] speed=3 S1  F_NODELAY   seed  9  goal      clr  0.44  t  18.1  inf  86  N 25.4  mpc   6.7 ms  err 1.25
[160/450] speed=3 S1  F_NODELAY   seed 10  goal      clr  0.34  t  27.9  inf 165  N 25.8  mpc   7.3 ms  err 1.07
[161/450] speed=3 S1  F_NODELAY   seed 11  goal      clr  0.07  t  24.5  inf 131  N 26.3  mpc   7.1 ms  err 1.05
[162/450] speed=3 S1  F_NODELAY   seed 12  goal      clr  0.35  t  34.9  inf 200  N 23.1  mpc   6.3 ms  err 1.12
[163/450] speed=3 S1  F_NODELAY   seed 13  goal      clr  0.49  t  18.0  inf  81  N 26.2  mpc   6.5 ms  err 0.95
[164/450] speed=3 S1  F_NODELAY   seed 14  timeout   clr  0.19  t  40.0  inf 245  N 25.5  mpc   7.5 ms  err 1.08
[165/450] speed=3 S1  F_NODELAY   seed 15  goal      clr  0.34  t  23.6  inf 123  N 24.7  mpc   6.8 ms  err 1.21
[166/450] speed=3 S1  F_NODELAY   seed 16  goal      clr  0.14  t  23.9  inf 107  N 24.7  mpc   6.5 ms  err 1.32
[167/450] speed=3 S1  F_NODELAY   seed 17  collision clr -0.00  t  14.2  inf  80  N 24.2  mpc   6.7 ms  err 1.05
[168/450] speed=3 S1  F_NODELAY   seed 18  goal      clr  0.38  t  19.7  inf 115  N 26.1  mpc   7.1 ms  err 0.95
[169/450] speed=3 S1  F_NODELAY   seed 19  timeout   clr  0.28  t  40.0  inf 249  N 23.7  mpc   6.8 ms  err 1.32
[170/450] speed=3 S1  F_NODELAY   seed 20  goal      clr  0.31  t  28.2  inf 161  N 24.2  mpc   6.7 ms  err 1.14
[171/450] speed=3 S1  F_NODELAY   seed 21  goal      clr  0.41  t  33.3  inf 177  N 24.8  mpc   7.0 ms  err 1.31
[172/450] speed=3 S1  F_NODELAY   seed 22  goal      clr  0.19  t  22.7  inf 132  N 26.3  mpc   7.2 ms  err 0.96
[173/450] speed=3 S1  F_NODELAY   seed 23  collision clr -0.01  t   3.0  inf  22  N 24.7  mpc   7.1 ms  err 1.54
[174/450] speed=3 S1  F_NODELAY   seed 24  timeout   clr  0.11  t  40.0  inf 280  N 23.0  mpc   6.6 ms  err 0.86
[175/450] speed=3 S1  F_NODELAY   seed 25  goal      clr  0.58  t  20.1  inf 109  N 26.3  mpc   7.3 ms  err 1.20
[176/450] speed=3 S1  F_NODELAY   seed 26  goal      clr  0.53  t  20.4  inf 101  N 25.1  mpc   6.8 ms  err 0.73
[177/450] speed=3 S1  F_NODELAY   seed 27  goal      clr  0.63  t  27.9  inf 200  N 25.3  mpc   7.1 ms  err 0.99
[178/450] speed=3 S1  F_NODELAY   seed 28  collision clr -0.01  t  10.6  inf  57  N 25.2  mpc   7.1 ms  err 1.16
[179/450] speed=3 S1  F_NODELAY   seed 29  timeout   clr  0.03  t  40.0  inf 241  N 23.9  mpc   7.1 ms  err 0.89
[180/450] speed=3 S1  F_NODELAY   seed 30  timeout   clr  0.46  t  40.0  inf 298  N 23.5  mpc   7.1 ms  err 1.01
[181/450] speed=3 S1  F_NODELAY   seed 31  collision clr -0.01  t  32.2  inf 224  N 27.0  mpc   8.1 ms  err 1.42
[182/450] speed=3 S1  F_NODELAY   seed 32  goal      clr  0.31  t  22.6  inf 103  N 23.2  mpc   6.3 ms  err 0.81
[183/450] speed=3 S1  F_NODELAY   seed 33  goal      clr  0.53  t  21.3  inf 119  N 25.1  mpc   6.9 ms  err 0.87
[184/450] speed=3 S1  F_NODELAY   seed 34  goal      clr  0.42  t  24.8  inf 147  N 24.7  mpc   7.2 ms  err 1.23
[185/450] speed=3 S1  F_NODELAY   seed 35  goal      clr  0.53  t  19.1  inf  95  N 26.1  mpc   6.9 ms  err 0.88
[186/450] speed=3 S1  F_NODELAY   seed 36  goal      clr  0.44  t  19.1  inf  84  N 25.3  mpc   6.8 ms  err 0.80
[187/450] speed=3 S1  F_NODELAY   seed 37  goal      clr  0.40  t  39.2  inf 230  N 23.9  mpc   7.1 ms  err 1.21
[188/450] speed=3 S1  F_NODELAY   seed 38  collision clr -0.01  t  12.8  inf  72  N 20.9  mpc   5.7 ms  err 1.47
[189/450] speed=3 S1  F_NODELAY   seed 39  goal      clr  0.13  t  32.4  inf 196  N 25.1  mpc   7.6 ms  err 1.23
[190/450] speed=3 S1  F_NODELAY   seed 40  goal      clr  0.00  t  28.7  inf 155  N 23.8  mpc   7.1 ms  err 1.19
[191/450] speed=3 S1  F_NODELAY   seed 41  goal      clr  0.52  t  20.2  inf 138  N 26.1  mpc   7.2 ms  err 1.12
[192/450] speed=3 S1  F_NODELAY   seed 42  goal      clr  0.35  t  29.0  inf 188  N 25.4  mpc   7.3 ms  err 1.18
[193/450] speed=3 S1  F_NODELAY   seed 43  goal      clr  0.24  t  25.4  inf 123  N 24.7  mpc   6.6 ms  err 1.01
[194/450] speed=3 S1  F_NODELAY   seed 44  goal      clr  0.53  t  20.2  inf  98  N 25.5  mpc   6.8 ms  err 0.97
[195/450] speed=3 S1  F_NODELAY   seed 45  goal      clr  0.14  t  24.8  inf  99  N 23.6  mpc   6.3 ms  err 0.91
[196/450] speed=3 S1  F_NODELAY   seed 46  goal      clr  0.38  t  21.7  inf  99  N 24.3  mpc   6.4 ms  err 1.11
[197/450] speed=3 S1  F_NODELAY   seed 47  goal      clr  0.11  t  19.3  inf  77  N 25.2  mpc   6.8 ms  err 0.89
[198/450] speed=3 S1  F_NODELAY   seed 48  goal      clr  0.27  t  31.0  inf 153  N 24.3  mpc   7.0 ms  err 1.47
[199/450] speed=3 S1  F_NODELAY   seed 49  goal      clr  0.48  t  18.9  inf  91  N 25.2  mpc   6.5 ms  err 1.09
[200/450] speed=3 S1  F_NODELAY   seed 50  goal      clr  0.39  t  18.1  inf  70  N 24.6  mpc   6.1 ms  err 1.11
[201/450] speed=3 S1  FR_SAFE_1   seed  1  goal      clr  0.63  t  21.3  inf  22  N 25.0  mpc   6.6 ms  err 0.28
[202/450] speed=3 S1  FR_SAFE_1   seed  2  goal      clr  0.50  t  22.5  inf  23  N 24.4  mpc   6.3 ms  err 0.45
[203/450] speed=3 S1  FR_SAFE_1   seed  3  goal      clr  0.50  t  31.3  inf  32  N 23.6  mpc   6.5 ms  err 0.26
[204/450] speed=3 S1  FR_SAFE_1   seed  4  goal      clr  0.54  t  26.6  inf  27  N 24.2  mpc   6.5 ms  err 0.29
[205/450] speed=3 S1  FR_SAFE_1   seed  5  goal      clr  0.58  t  26.5  inf  27  N 23.5  mpc   6.3 ms  err 0.39
[206/450] speed=3 S1  FR_SAFE_1   seed  6  goal      clr  0.54  t  18.2  inf  19  N 25.8  mpc   6.6 ms  err 0.47
[207/450] speed=3 S1  FR_SAFE_1   seed  7  goal      clr  0.62  t  22.9  inf  23  N 24.8  mpc   6.6 ms  err 0.28
[208/450] speed=3 S1  FR_SAFE_1   seed  8  goal      clr  0.49  t  23.1  inf  24  N 24.1  mpc   6.3 ms  err 0.27
[209/450] speed=3 S1  FR_SAFE_1   seed  9  goal      clr  0.64  t  18.7  inf  19  N 25.4  mpc   6.3 ms  err 0.47
[210/450] speed=3 S1  FR_SAFE_1   seed 10  goal      clr  0.70  t  20.8  inf  21  N 25.2  mpc   6.9 ms  err 0.32
[211/450] speed=3 S1  FR_SAFE_1   seed 11  goal      clr  0.67  t  19.2  inf  20  N 24.7  mpc   6.4 ms  err 0.32
[212/450] speed=3 S1  FR_SAFE_1   seed 12  goal      clr  0.68  t  23.8  inf  24  N 26.0  mpc   7.1 ms  err 0.42
[213/450] speed=3 S1  FR_SAFE_1   seed 13  goal      clr  0.71  t  22.3  inf  23  N 24.4  mpc   6.2 ms  err 0.31
[214/450] speed=3 S1  FR_SAFE_1   seed 14  goal      clr  0.66  t  21.0  inf  22  N 24.3  mpc   6.0 ms  err 0.27
[215/450] speed=3 S1  FR_SAFE_1   seed 15  goal      clr  0.69  t  18.7  inf  19  N 25.2  mpc   6.5 ms  err 0.22
[216/450] speed=3 S1  FR_SAFE_1   seed 16  goal      clr  0.61  t  19.9  inf  20  N 24.7  mpc   6.1 ms  err 0.25
[217/450] speed=3 S1  FR_SAFE_1   seed 17  goal      clr  0.68  t  23.4  inf  24  N 24.4  mpc   6.6 ms  err 0.30
[218/450] speed=3 S1  FR_SAFE_1   seed 18  goal      clr  0.47  t  20.6  inf  21  N 25.1  mpc   6.6 ms  err 0.39
[219/450] speed=3 S1  FR_SAFE_1   seed 19  goal      clr  0.70  t  22.9  inf  23  N 25.4  mpc   7.3 ms  err 0.31
[220/450] speed=3 S1  FR_SAFE_1   seed 20  goal      clr  0.71  t  19.2  inf  20  N 25.8  mpc   6.6 ms  err 0.40
[221/450] speed=3 S1  FR_SAFE_1   seed 21  goal      clr  0.71  t  22.5  inf  23  N 25.2  mpc   6.3 ms  err 0.28
[222/450] speed=3 S1  FR_SAFE_1   seed 22  goal      clr  0.56  t  26.7  inf  27  N 24.9  mpc   6.5 ms  err 0.36
[223/450] speed=3 S1  FR_SAFE_1   seed 23  goal      clr  0.64  t  19.8  inf  20  N 24.7  mpc   6.4 ms  err 0.31
[224/450] speed=3 S1  FR_SAFE_1   seed 24  goal      clr  0.52  t  22.9  inf  23  N 24.6  mpc   6.1 ms  err 0.22
[225/450] speed=3 S1  FR_SAFE_1   seed 25  timeout   clr  0.49  t  40.0  inf  40  N 21.0  mpc   6.1 ms  err 0.66
[226/450] speed=3 S1  FR_SAFE_1   seed 26  goal      clr  0.58  t  20.5  inf  21  N 24.6  mpc   6.8 ms  err 0.31
[227/450] speed=3 S1  FR_SAFE_1   seed 27  goal      clr  0.60  t  19.2  inf  20  N 25.8  mpc   6.3 ms  err 0.18
[228/450] speed=3 S1  FR_SAFE_1   seed 28  goal      clr  0.58  t  19.3  inf  20  N 27.0  mpc   6.9 ms  err 0.32
[229/450] speed=3 S1  FR_SAFE_1   seed 29  goal      clr  0.53  t  21.2  inf  22  N 25.2  mpc   6.9 ms  err 0.23
[230/450] speed=3 S1  FR_SAFE_1   seed 30  goal      clr  0.57  t  26.9  inf  27  N 24.5  mpc   6.5 ms  err 0.23
[231/450] speed=3 S1  FR_SAFE_1   seed 31  goal      clr  0.57  t  20.5  inf  21  N 25.5  mpc   6.7 ms  err 0.23
[232/450] speed=3 S1  FR_SAFE_1   seed 32  goal      clr  0.47  t  20.9  inf  21  N 25.1  mpc   7.2 ms  err 0.40
[233/450] speed=3 S1  FR_SAFE_1   seed 33  goal      clr  0.63  t  24.0  inf  25  N 23.6  mpc   6.2 ms  err 0.35
[234/450] speed=3 S1  FR_SAFE_1   seed 34  goal      clr  0.68  t  19.2  inf  20  N 24.8  mpc   6.6 ms  err 0.28
[235/450] speed=3 S1  FR_SAFE_1   seed 35  goal      clr  0.61  t  19.5  inf  20  N 25.4  mpc   6.6 ms  err 0.25
[236/450] speed=3 S1  FR_SAFE_1   seed 36  goal      clr  0.39  t  22.4  inf  23  N 24.6  mpc   6.3 ms  err 0.32
[237/450] speed=3 S1  FR_SAFE_1   seed 37  timeout   clr  0.57  t  40.0  inf  40  N 16.3  mpc   4.2 ms  err 0.59
[238/450] speed=3 S1  FR_SAFE_1   seed 38  goal      clr  0.66  t  24.8  inf  25  N 26.7  mpc   7.4 ms  err 0.25
[239/450] speed=3 S1  FR_SAFE_1   seed 39  goal      clr  0.72  t  20.3  inf  21  N 25.6  mpc   6.5 ms  err 0.33
[240/450] speed=3 S1  FR_SAFE_1   seed 40  goal      clr  0.63  t  22.6  inf  23  N 24.8  mpc   6.3 ms  err 0.30
[241/450] speed=3 S1  FR_SAFE_1   seed 41  goal      clr  0.61  t  24.8  inf  25  N 24.4  mpc   6.4 ms  err 0.25
[242/450] speed=3 S1  FR_SAFE_1   seed 42  goal      clr  0.64  t  24.8  inf  25  N 23.7  mpc   6.1 ms  err 0.28
[243/450] speed=3 S1  FR_SAFE_1   seed 43  goal      clr  0.37  t  20.7  inf  21  N 25.3  mpc   6.6 ms  err 0.22
[244/450] speed=3 S1  FR_SAFE_1   seed 44  timeout   clr  0.64  t  40.0  inf  40  N 14.4  mpc   3.8 ms  err 0.66
[245/450] speed=3 S1  FR_SAFE_1   seed 45  goal      clr  0.55  t  21.8  inf  22  N 25.8  mpc   7.4 ms  err 0.28
[246/450] speed=3 S1  FR_SAFE_1   seed 46  goal      clr  0.62  t  19.6  inf  20  N 26.0  mpc   6.9 ms  err 0.33
[247/450] speed=3 S1  FR_SAFE_1   seed 47  goal      clr  0.58  t  23.9  inf  24  N 25.9  mpc   7.4 ms  err 0.40
[248/450] speed=3 S1  FR_SAFE_1   seed 48  goal      clr  0.64  t  23.5  inf  24  N 25.5  mpc   6.9 ms  err 0.34
[249/450] speed=3 S1  FR_SAFE_1   seed 49  goal      clr  0.66  t  17.6  inf  18  N 25.9  mpc   6.6 ms  err 0.34
[250/450] speed=3 S1  FR_SAFE_1   seed 50  goal      clr  0.60  t  30.9  inf  31  N 23.3  mpc   6.1 ms  err 0.30
[251/450] speed=3 S1  FR_SAFE_2   seed  1  goal      clr  0.64  t  17.9  inf  36  N 25.5  mpc   6.2 ms  err 0.24
[252/450] speed=3 S1  FR_SAFE_2   seed  2  goal      clr  0.45  t  19.2  inf  39  N 24.1  mpc   6.1 ms  err 0.35
[253/450] speed=3 S1  FR_SAFE_2   seed  3  goal      clr  0.50  t  21.1  inf  43  N 26.0  mpc   7.1 ms  err 0.36
[254/450] speed=3 S1  FR_SAFE_2   seed  4  goal      clr  0.55  t  18.2  inf  37  N 24.9  mpc   6.1 ms  err 0.14
[255/450] speed=3 S1  FR_SAFE_2   seed  5  goal      clr  0.57  t  20.7  inf  42  N 24.7  mpc   6.5 ms  err 0.27
[256/450] speed=3 S1  FR_SAFE_2   seed  6  goal      clr  0.59  t  17.5  inf  36  N 24.2  mpc   5.7 ms  err 0.21
[257/450] speed=3 S1  FR_SAFE_2   seed  7  goal      clr  0.50  t  17.7  inf  36  N 24.5  mpc   5.9 ms  err 0.22
[258/450] speed=3 S1  FR_SAFE_2   seed  8  goal      clr  0.64  t  18.1  inf  37  N 24.8  mpc   6.1 ms  err 0.31
[259/450] speed=3 S1  FR_SAFE_2   seed  9  goal      clr  0.61  t  17.7  inf  36  N 24.6  mpc   5.8 ms  err 0.21
[260/450] speed=3 S1  FR_SAFE_2   seed 10  goal      clr  0.50  t  18.2  inf  37  N 24.1  mpc   6.0 ms  err 0.12
[261/450] speed=3 S1  FR_SAFE_2   seed 11  goal      clr  0.68  t  17.6  inf  36  N 24.7  mpc   5.9 ms  err 0.26
[262/450] speed=3 S1  FR_SAFE_2   seed 12  goal      clr  0.51  t  18.3  inf  37  N 25.6  mpc   6.4 ms  err 0.18
[263/450] speed=3 S1  FR_SAFE_2   seed 13  goal      clr  0.60  t  17.7  inf  36  N 25.2  mpc   6.1 ms  err 0.15
[264/450] speed=3 S1  FR_SAFE_2   seed 14  goal      clr  0.58  t  19.7  inf  40  N 24.7  mpc   6.2 ms  err 0.17
[265/450] speed=3 S1  FR_SAFE_2   seed 15  goal      clr  0.57  t  20.3  inf  41  N 25.7  mpc   7.1 ms  err 0.39
[266/450] speed=3 S1  FR_SAFE_2   seed 16  goal      clr  0.63  t  18.0  inf  36  N 24.0  mpc   5.8 ms  err 0.22
[267/450] speed=3 S1  FR_SAFE_2   seed 17  goal      clr  0.58  t  17.7  inf  36  N 23.8  mpc   5.6 ms  err 0.14
[268/450] speed=3 S1  FR_SAFE_2   seed 18  goal      clr  0.59  t  17.9  inf  36  N 25.1  mpc   6.1 ms  err 0.27
[269/450] speed=3 S1  FR_SAFE_2   seed 19  goal      clr  0.55  t  18.9  inf  38  N 25.6  mpc   6.5 ms  err 0.18
[270/450] speed=3 S1  FR_SAFE_2   seed 20  goal      clr  0.59  t  17.6  inf  36  N 24.6  mpc   5.8 ms  err 0.30
[271/450] speed=3 S1  FR_SAFE_2   seed 21  goal      clr  0.66  t  19.0  inf  39  N 24.0  mpc   5.7 ms  err 0.14
[272/450] speed=3 S1  FR_SAFE_2   seed 22  goal      clr  0.48  t  22.1  inf  45  N 25.0  mpc   6.4 ms  err 0.38
[273/450] speed=3 S1  FR_SAFE_2   seed 23  goal      clr  0.61  t  17.5  inf  35  N 24.2  mpc   5.9 ms  err 0.19
[274/450] speed=3 S1  FR_SAFE_2   seed 24  goal      clr  0.63  t  17.4  inf  35  N 24.5  mpc   5.7 ms  err 0.29
[275/450] speed=3 S1  FR_SAFE_2   seed 25  goal      clr  0.59  t  18.3  inf  37  N 24.7  mpc   6.1 ms  err 0.11
[276/450] speed=3 S1  FR_SAFE_2   seed 26  goal      clr  0.56  t  17.9  inf  36  N 23.8  mpc   5.8 ms  err 0.15
[277/450] speed=3 S1  FR_SAFE_2   seed 27  goal      clr  0.55  t  17.9  inf  36  N 24.8  mpc   5.9 ms  err 0.13
[278/450] speed=3 S1  FR_SAFE_2   seed 28  goal      clr  0.63  t  17.5  inf  36  N 25.2  mpc   6.1 ms  err 0.36
[279/450] speed=3 S1  FR_SAFE_2   seed 29  goal      clr  0.54  t  18.8  inf  38  N 25.1  mpc   6.5 ms  err 0.22
[280/450] speed=3 S1  FR_SAFE_2   seed 30  goal      clr  0.59  t  18.5  inf  38  N 24.5  mpc   6.2 ms  err 0.27
[281/450] speed=3 S1  FR_SAFE_2   seed 31  goal      clr  0.54  t  18.1  inf  37  N 25.1  mpc   6.2 ms  err 0.34
[282/450] speed=3 S1  FR_SAFE_2   seed 32  goal      clr  0.67  t  18.2  inf  37  N 24.8  mpc   6.0 ms  err 0.27
[283/450] speed=3 S1  FR_SAFE_2   seed 33  goal      clr  0.68  t  17.8  inf  36  N 24.4  mpc   5.9 ms  err 0.15
[284/450] speed=3 S1  FR_SAFE_2   seed 34  goal      clr  0.54  t  18.8  inf  38  N 24.2  mpc   6.1 ms  err 0.15
[285/450] speed=3 S1  FR_SAFE_2   seed 35  goal      clr  0.58  t  17.9  inf  36  N 25.1  mpc   6.2 ms  err 0.36
[286/450] speed=3 S1  FR_SAFE_2   seed 36  goal      clr  0.63  t  18.8  inf  38  N 24.4  mpc   6.0 ms  err 0.18
[287/450] speed=3 S1  FR_SAFE_2   seed 37  goal      clr  0.62  t  18.6  inf  38  N 24.5  mpc   6.1 ms  err 0.26
[288/450] speed=3 S1  FR_SAFE_2   seed 38  goal      clr  0.52  t  21.6  inf  44  N 25.4  mpc   6.7 ms  err 0.27
[289/450] speed=3 S1  FR_SAFE_2   seed 39  goal      clr  0.55  t  18.5  inf  38  N 25.3  mpc   6.4 ms  err 0.16
[290/450] speed=3 S1  FR_SAFE_2   seed 40  goal      clr  0.56  t  18.1  inf  37  N 25.0  mpc   6.1 ms  err 0.32
[291/450] speed=3 S1  FR_SAFE_2   seed 41  goal      clr  0.47  t  21.9  inf  44  N 24.0  mpc   6.2 ms  err 0.20
[292/450] speed=3 S1  FR_SAFE_2   seed 42  goal      clr  0.68  t  18.0  inf  37  N 25.1  mpc   6.1 ms  err 0.22
[293/450] speed=3 S1  FR_SAFE_2   seed 43  goal      clr  0.58  t  21.0  inf  42  N 24.1  mpc   6.0 ms  err 0.14
[294/450] speed=3 S1  FR_SAFE_2   seed 44  goal      clr  0.57  t  18.3  inf  37  N 24.3  mpc   6.0 ms  err 0.25
[295/450] speed=3 S1  FR_SAFE_2   seed 45  goal      clr  0.49  t  20.3  inf  41  N 24.4  mpc   6.2 ms  err 0.22
[296/450] speed=3 S1  FR_SAFE_2   seed 46  goal      clr  0.62  t  17.9  inf  36  N 24.7  mpc   6.0 ms  err 0.16
[297/450] speed=3 S1  FR_SAFE_2   seed 47  goal      clr  0.48  t  19.6  inf  40  N 24.2  mpc   5.9 ms  err 0.26
[298/450] speed=3 S1  FR_SAFE_2   seed 48  goal      clr  0.57  t  17.8  inf  36  N 25.0  mpc   6.2 ms  err 0.22
[299/450] speed=3 S1  FR_SAFE_2   seed 49  goal      clr  0.63  t  17.5  inf  36  N 24.6  mpc   6.0 ms  err 0.17
[300/450] speed=3 S1  FR_SAFE_2   seed 50  goal      clr  0.27  t  19.4  inf  39  N 25.1  mpc   6.4 ms  err 0.35
[301/450] speed=3 S1  FR_SAFE_3   seed  1  goal      clr  0.37  t  20.7  inf  61  N 25.9  mpc   6.7 ms  err 0.42
[302/450] speed=3 S1  FR_SAFE_3   seed  2  goal      clr  0.43  t  18.9  inf  56  N 24.2  mpc   6.1 ms  err 0.37
[303/450] speed=3 S1  FR_SAFE_3   seed  3  goal      clr  0.41  t  19.0  inf  56  N 25.2  mpc   6.6 ms  err 0.21
[304/450] speed=3 S1  FR_SAFE_3   seed  4  goal      clr  0.57  t  18.0  inf  53  N 24.8  mpc   6.0 ms  err 0.19
[305/450] speed=3 S1  FR_SAFE_3   seed  5  goal      clr  0.58  t  17.7  inf  53  N 24.0  mpc   6.0 ms  err 0.24
[306/450] speed=3 S1  FR_SAFE_3   seed  6  goal      clr  0.58  t  17.5  inf  52  N 24.4  mpc   5.8 ms  err 0.16
[307/450] speed=3 S1  FR_SAFE_3   seed  7  goal      clr  0.56  t  17.6  inf  52  N 24.2  mpc   5.8 ms  err 0.22
[308/450] speed=3 S1  FR_SAFE_3   seed  8  goal      clr  0.60  t  17.8  inf  53  N 25.0  mpc   6.0 ms  err 0.25
[309/450] speed=3 S1  FR_SAFE_3   seed  9  goal      clr  0.54  t  17.7  inf  53  N 24.3  mpc   5.8 ms  err 0.18
[310/450] speed=3 S1  FR_SAFE_3   seed 10  goal      clr  0.57  t  18.3  inf  54  N 24.5  mpc   5.9 ms  err 0.17
[311/450] speed=3 S1  FR_SAFE_3   seed 11  goal      clr  0.56  t  18.0  inf  53  N 24.4  mpc   5.8 ms  err 0.21
[312/450] speed=3 S1  FR_SAFE_3   seed 12  goal      clr  0.45  t  17.9  inf  53  N 25.0  mpc   6.2 ms  err 0.17
[313/450] speed=3 S1  FR_SAFE_3   seed 13  goal      clr  0.57  t  17.7  inf  52  N 24.9  mpc   6.0 ms  err 0.14
[314/450] speed=3 S1  FR_SAFE_3   seed 14  goal      clr  0.53  t  20.5  inf  61  N 24.7  mpc   6.2 ms  err 0.16
[315/450] speed=3 S1  FR_SAFE_3   seed 15  goal      clr  0.45  t  18.7  inf  55  N 24.9  mpc   6.4 ms  err 0.29
[316/450] speed=3 S1  FR_SAFE_3   seed 16  goal      clr  0.67  t  17.4  inf  52  N 24.0  mpc   5.6 ms  err 0.19
[317/450] speed=3 S1  FR_SAFE_3   seed 17  goal      clr  0.62  t  17.5  inf  52  N 23.5  mpc   5.5 ms  err 0.20
[318/450] speed=3 S1  FR_SAFE_3   seed 18  goal      clr  0.61  t  17.7  inf  52  N 24.7  mpc   6.0 ms  err 0.18
[319/450] speed=3 S1  FR_SAFE_3   seed 19  goal      clr  0.52  t  19.2  inf  57  N 25.1  mpc   6.4 ms  err 0.17
[320/450] speed=3 S1  FR_SAFE_3   seed 20  goal      clr  0.50  t  17.6  inf  52  N 23.2  mpc   5.6 ms  err 0.24
[321/450] speed=3 S1  FR_SAFE_3   seed 21  goal      clr  0.69  t  17.5  inf  52  N 24.4  mpc   5.8 ms  err 0.17
[322/450] speed=3 S1  FR_SAFE_3   seed 22  goal      clr  0.53  t  17.5  inf  52  N 24.2  mpc   5.8 ms  err 0.28
[323/450] speed=3 S1  FR_SAFE_3   seed 23  goal      clr  0.60  t  17.9  inf  53  N 23.9  mpc   5.7 ms  err 0.19
[324/450] speed=3 S1  FR_SAFE_3   seed 24  goal      clr  0.57  t  17.7  inf  52  N 24.3  mpc   5.7 ms  err 0.19
[325/450] speed=3 S1  FR_SAFE_3   seed 25  goal      clr  0.53  t  17.8  inf  53  N 24.7  mpc   6.0 ms  err 0.19
[326/450] speed=3 S1  FR_SAFE_3   seed 26  goal      clr  0.51  t  17.8  inf  53  N 23.7  mpc   5.7 ms  err 0.11
[327/450] speed=3 S1  FR_SAFE_3   seed 27  goal      clr  0.53  t  18.3  inf  54  N 24.9  mpc   6.1 ms  err 0.11
[328/450] speed=3 S1  FR_SAFE_3   seed 28  goal      clr  0.57  t  17.5  inf  52  N 24.9  mpc   6.0 ms  err 0.23
[329/450] speed=3 S1  FR_SAFE_3   seed 29  goal      clr  0.52  t  18.7  inf  55  N 25.1  mpc   6.2 ms  err 0.24
[330/450] speed=3 S1  FR_SAFE_3   seed 30  goal      clr  0.66  t  18.0  inf  53  N 23.9  mpc   5.8 ms  err 0.26
[331/450] speed=3 S1  FR_SAFE_3   seed 31  goal      clr  0.51  t  18.1  inf  54  N 24.4  mpc   5.9 ms  err 0.15
[332/450] speed=3 S1  FR_SAFE_3   seed 32  goal      clr  0.48  t  23.3  inf  69  N 24.7  mpc   6.9 ms  err 0.33
[333/450] speed=3 S1  FR_SAFE_3   seed 33  goal      clr  0.65  t  17.5  inf  52  N 24.2  mpc   5.9 ms  err 0.12
[334/450] speed=3 S1  FR_SAFE_3   seed 34  goal      clr  0.58  t  17.8  inf  53  N 23.8  mpc   5.9 ms  err 0.15
[335/450] speed=3 S1  FR_SAFE_3   seed 35  goal      clr  0.55  t  18.0  inf  53  N 24.8  mpc   6.2 ms  err 0.21
[336/450] speed=3 S1  FR_SAFE_3   seed 36  goal      clr  0.68  t  18.8  inf  56  N 24.9  mpc   6.3 ms  err 0.15
[337/450] speed=3 S1  FR_SAFE_3   seed 37  goal      clr  0.57  t  17.8  inf  53  N 24.5  mpc   5.9 ms  err 0.28
[338/450] speed=3 S1  FR_SAFE_3   seed 38  goal      clr  0.54  t  18.3  inf  54  N 25.3  mpc   6.2 ms  err 0.17
[339/450] speed=3 S1  FR_SAFE_3   seed 39  goal      clr  0.53  t  18.2  inf  54  N 25.7  mpc   6.3 ms  err 0.20
[340/450] speed=3 S1  FR_SAFE_3   seed 40  goal      clr  0.52  t  17.6  inf  52  N 24.3  mpc   5.9 ms  err 0.26
[341/450] speed=3 S1  FR_SAFE_3   seed 41  goal      clr  0.52  t  20.0  inf  59  N 23.6  mpc   5.8 ms  err 0.22
[342/450] speed=3 S1  FR_SAFE_3   seed 42  goal      clr  0.65  t  18.0  inf  53  N 24.8  mpc   6.0 ms  err 0.25
[343/450] speed=3 S1  FR_SAFE_3   seed 43  goal      clr  0.59  t  18.5  inf  55  N 25.0  mpc   6.2 ms  err 0.15
[344/450] speed=3 S1  FR_SAFE_3   seed 44  goal      clr  0.64  t  17.5  inf  52  N 23.7  mpc   5.7 ms  err 0.20
[345/450] speed=3 S1  FR_SAFE_3   seed 45  goal      clr  0.49  t  18.4  inf  55  N 23.9  mpc   6.0 ms  err 0.24
[346/450] speed=3 S1  FR_SAFE_3   seed 46  goal      clr  0.60  t  17.9  inf  53  N 25.7  mpc   6.2 ms  err 0.23
[347/450] speed=3 S1  FR_SAFE_3   seed 47  goal      clr  0.48  t  18.3  inf  54  N 23.6  mpc   5.8 ms  err 0.18
[348/450] speed=3 S1  FR_SAFE_3   seed 48  goal      clr  0.58  t  17.8  inf  53  N 25.1  mpc   6.2 ms  err 0.20
[349/450] speed=3 S1  FR_SAFE_3   seed 49  goal      clr  0.57  t  18.0  inf  53  N 24.6  mpc   5.9 ms  err 0.20
[350/450] speed=3 S1  FR_SAFE_3   seed 50  goal      clr  0.57  t  18.6  inf  55  N 24.8  mpc   6.2 ms  err 0.17
[351/450] speed=3 S1  FR_SAFE_5   seed  1  goal      clr  0.55  t  17.7  inf  89  N 25.4  mpc   6.4 ms  err 0.26
[352/450] speed=3 S1  FR_SAFE_5   seed  2  goal      clr  0.51  t  18.1  inf  91  N 24.0  mpc   6.1 ms  err 0.23
[353/450] speed=3 S1  FR_SAFE_5   seed  3  goal      clr  0.51  t  20.5  inf 103  N 23.3  mpc   6.1 ms  err 0.14
[354/450] speed=3 S1  FR_SAFE_5   seed  4  goal      clr  0.64  t  17.5  inf  88  N 23.7  mpc   5.9 ms  err 0.15
[355/450] speed=3 S1  FR_SAFE_5   seed  5  goal      clr  0.52  t  18.0  inf  90  N 23.9  mpc   6.2 ms  err 0.15
[356/450] speed=3 S1  FR_SAFE_5   seed  6  goal      clr  0.56  t  17.5  inf  88  N 23.9  mpc   5.9 ms  err 0.13
[357/450] speed=3 S1  FR_SAFE_5   seed  7  goal      clr  0.53  t  17.9  inf  90  N 24.3  mpc   6.1 ms  err 0.25
[358/450] speed=3 S1  FR_SAFE_5   seed  8  goal      clr  0.54  t  18.0  inf  91  N 24.9  mpc   6.3 ms  err 0.18
[359/450] speed=3 S1  FR_SAFE_5   seed  9  goal      clr  0.55  t  17.6  inf  88  N 23.8  mpc   5.9 ms  err 0.20
[360/450] speed=3 S1  FR_SAFE_5   seed 10  goal      clr  0.50  t  18.7  inf  94  N 23.6  mpc   6.2 ms  err 0.21
[361/450] speed=3 S1  FR_SAFE_5   seed 11  goal      clr  0.62  t  17.4  inf  87  N 24.5  mpc   5.9 ms  err 0.28
[362/450] speed=3 S1  FR_SAFE_5   seed 12  goal      clr  0.57  t  17.8  inf  90  N 25.4  mpc   6.3 ms  err 0.13
[363/450] speed=3 S1  FR_SAFE_5   seed 13  goal      clr  0.55  t  17.7  inf  89  N 24.7  mpc   6.2 ms  err 0.15
[364/450] speed=3 S1  FR_SAFE_5   seed 14  goal      clr  0.56  t  18.7  inf  94  N 25.0  mpc   6.5 ms  err 0.23
[365/450] speed=3 S1  FR_SAFE_5   seed 15  goal      clr  0.58  t  18.4  inf  92  N 24.5  mpc   6.2 ms  err 0.30
[366/450] speed=3 S1  FR_SAFE_5   seed 16  goal      clr  0.72  t  17.5  inf  88  N 23.7  mpc   5.8 ms  err 0.15
[367/450] speed=3 S1  FR_SAFE_5   seed 17  goal      clr  0.56  t  17.5  inf  88  N 23.3  mpc   5.7 ms  err 0.18
[368/450] speed=3 S1  FR_SAFE_5   seed 18  goal      clr  0.59  t  17.7  inf  89  N 24.5  mpc   6.1 ms  err 0.15
[369/450] speed=3 S1  FR_SAFE_5   seed 19  goal      clr  0.55  t  20.1  inf 101  N 24.7  mpc   6.5 ms  err 0.25
[370/450] speed=3 S1  FR_SAFE_5   seed 20  goal      clr  0.46  t  17.8  inf  90  N 23.6  mpc   5.8 ms  err 0.27
[371/450] speed=3 S1  FR_SAFE_5   seed 21  goal      clr  0.64  t  17.9  inf  90  N 24.5  mpc   6.1 ms  err 0.14
[372/450] speed=3 S1  FR_SAFE_5   seed 22  goal      clr  0.53  t  17.4  inf  87  N 23.9  mpc   6.0 ms  err 0.20
[373/450] speed=3 S1  FR_SAFE_5   seed 23  goal      clr  0.59  t  17.5  inf  88  N 23.6  mpc   5.8 ms  err 0.19
[374/450] speed=3 S1  FR_SAFE_5   seed 24  goal      clr  0.55  t  17.4  inf  87  N 23.9  mpc   5.8 ms  err 0.21
[375/450] speed=3 S1  FR_SAFE_5   seed 25  goal      clr  0.53  t  17.6  inf  89  N 24.7  mpc   6.2 ms  err 0.19
[376/450] speed=3 S1  FR_SAFE_5   seed 26  goal      clr  0.46  t  17.7  inf  89  N 23.7  mpc   5.8 ms  err 0.16
[377/450] speed=3 S1  FR_SAFE_5   seed 27  goal      clr  0.54  t  18.1  inf  91  N 24.7  mpc   6.1 ms  err 0.12
[378/450] speed=3 S1  FR_SAFE_5   seed 28  goal      clr  0.53  t  17.5  inf  88  N 24.8  mpc   6.1 ms  err 0.31
[379/450] speed=3 S1  FR_SAFE_5   seed 29  goal      clr  0.48  t  18.7  inf  94  N 24.4  mpc   6.3 ms  err 0.27
[380/450] speed=3 S1  FR_SAFE_5   seed 30  goal      clr  0.66  t  17.6  inf  88  N 24.2  mpc   6.0 ms  err 0.30
[381/450] speed=3 S1  FR_SAFE_5   seed 31  goal      clr  0.51  t  18.0  inf  90  N 24.4  mpc   6.2 ms  err 0.19
[382/450] speed=3 S1  FR_SAFE_5   seed 32  goal      clr  0.51  t  19.3  inf  97  N 24.7  mpc   6.3 ms  err 0.26
[383/450] speed=3 S1  FR_SAFE_5   seed 33  goal      clr  0.56  t  17.7  inf  89  N 24.0  mpc   6.0 ms  err 0.15
[384/450] speed=3 S1  FR_SAFE_5   seed 34  goal      clr  0.56  t  17.7  inf  89  N 23.8  mpc   6.0 ms  err 0.19
[385/450] speed=3 S1  FR_SAFE_5   seed 35  goal      clr  0.54  t  18.2  inf  91  N 24.8  mpc   6.4 ms  err 0.17
[386/450] speed=3 S1  FR_SAFE_5   seed 36  goal      clr  0.52  t  17.8  inf  89  N 24.5  mpc   6.1 ms  err 0.22
[387/450] speed=3 S1  FR_SAFE_5   seed 37  goal      clr  0.55  t  17.9  inf  90  N 24.3  mpc   6.0 ms  err 0.30
[388/450] speed=3 S1  FR_SAFE_5   seed 38  goal      clr  0.59  t  17.9  inf  90  N 25.1  mpc   6.5 ms  err 0.23
[389/450] speed=3 S1  FR_SAFE_5   seed 39  goal      clr  0.54  t  18.1  inf  91  N 25.1  mpc   6.4 ms  err 0.10
[390/450] speed=3 S1  FR_SAFE_5   seed 40  goal      clr  0.56  t  17.8  inf  89  N 24.6  mpc   6.1 ms  err 0.18
[391/450] speed=3 S1  FR_SAFE_5   seed 41  goal      clr  0.59  t  18.4  inf  92  N 24.7  mpc   6.4 ms  err 0.13
[392/450] speed=3 S1  FR_SAFE_5   seed 42  goal      clr  0.55  t  17.9  inf  90  N 24.5  mpc   6.2 ms  err 0.32
[393/450] speed=3 S1  FR_SAFE_5   seed 43  goal      clr  0.52  t  18.0  inf  90  N 24.3  mpc   6.1 ms  err 0.14
[394/450] speed=3 S1  FR_SAFE_5   seed 44  goal      clr  0.57  t  17.5  inf  88  N 23.7  mpc   5.8 ms  err 0.19
[395/450] speed=3 S1  FR_SAFE_5   seed 45  goal      clr  0.40  t  18.0  inf  91  N 24.4  mpc   6.2 ms  err 0.31
[396/450] speed=3 S1  FR_SAFE_5   seed 46  goal      clr  0.55  t  19.7  inf  99  N 24.3  mpc   6.1 ms  err 0.27
[397/450] speed=3 S1  FR_SAFE_5   seed 47  goal      clr  0.50  t  17.8  inf  90  N 23.6  mpc   5.9 ms  err 0.21
[398/450] speed=3 S1  FR_SAFE_5   seed 48  goal      clr  0.60  t  17.9  inf  90  N 24.9  mpc   6.2 ms  err 0.19
[399/450] speed=3 S1  FR_SAFE_5   seed 49  goal      clr  0.57  t  18.1  inf  91  N 24.2  mpc   6.1 ms  err 0.16
[400/450] speed=3 S1  FR_SAFE_5   seed 50  goal      clr  0.55  t  17.9  inf  90  N 24.8  mpc   6.2 ms  err 0.29
[401/450] speed=3 S1  FR_SAFE_10  seed  1  goal      clr  0.53  t  17.5  inf 161  N 25.3  mpc   6.3 ms  err 0.22
[402/450] speed=3 S1  FR_SAFE_10  seed  2  goal      clr  0.51  t  17.9  inf 167  N 24.4  mpc   6.3 ms  err 0.33
[403/450] speed=3 S1  FR_SAFE_10  seed  3  goal      clr  0.49  t  19.8  inf 184  N 24.8  mpc   6.5 ms  err 0.16
[404/450] speed=3 S1  FR_SAFE_10  seed  4  goal      clr  0.64  t  17.5  inf 167  N 23.5  mpc   5.7 ms  err 0.19
[405/450] speed=3 S1  FR_SAFE_10  seed  5  goal      clr  0.51  t  18.1  inf 165  N 23.9  mpc   6.1 ms  err 0.15
[406/450] speed=3 S1  FR_SAFE_10  seed  6  goal      clr  0.53  t  17.8  inf 165  N 24.2  mpc   6.0 ms  err 0.18
[407/450] speed=3 S1  FR_SAFE_10  seed  7  goal      clr  0.52  t  17.5  inf 161  N 24.5  mpc   6.2 ms  err 0.25
[408/450] speed=3 S1  FR_SAFE_10  seed  8  goal      clr  0.58  t  18.3  inf 173  N 24.4  mpc   6.2 ms  err 0.23
[409/450] speed=3 S1  FR_SAFE_10  seed  9  goal      clr  0.51  t  17.6  inf 164  N 23.8  mpc   5.8 ms  err 0.20
[410/450] speed=3 S1  FR_SAFE_10  seed 10  goal      clr  0.43  t  18.2  inf 166  N 23.7  mpc   5.9 ms  err 0.18
[411/450] speed=3 S1  FR_SAFE_10  seed 11  goal      clr  0.59  t  17.4  inf 159  N 24.2  mpc   5.8 ms  err 0.26
[412/450] speed=3 S1  FR_SAFE_10  seed 12  goal      clr  0.45  t  17.8  inf 164  N 25.1  mpc   6.2 ms  err 0.16
[413/450] speed=3 S1  FR_SAFE_10  seed 13  goal      clr  0.56  t  17.7  inf 167  N 24.8  mpc   6.1 ms  err 0.19
[414/450] speed=3 S1  FR_SAFE_10  seed 14  goal      clr  0.46  t  19.7  inf 180  N 24.9  mpc   6.4 ms  err 0.27
[415/450] speed=3 S1  FR_SAFE_10  seed 15  goal      clr  0.40  t  23.1  inf 214  N 24.5  mpc   6.9 ms  err 0.21
[416/450] speed=3 S1  FR_SAFE_10  seed 16  goal      clr  0.67  t  17.6  inf 165  N 23.4  mpc   5.6 ms  err 0.24
[417/450] speed=3 S1  FR_SAFE_10  seed 17  goal      clr  0.49  t  18.6  inf 177  N 23.3  mpc   5.7 ms  err 0.14
[418/450] speed=3 S1  FR_SAFE_10  seed 18  goal      clr  0.55  t  17.7  inf 165  N 24.4  mpc   6.0 ms  err 0.19
[419/450] speed=3 S1  FR_SAFE_10  seed 19  goal      clr  0.54  t  19.5  inf 183  N 24.4  mpc   6.2 ms  err 0.30
[420/450] speed=3 S1  FR_SAFE_10  seed 20  goal      clr  0.65  t  18.5  inf 172  N 23.4  mpc   5.8 ms  err 0.22
[421/450] speed=3 S1  FR_SAFE_10  seed 21  goal      clr  0.60  t  17.6  inf 162  N 23.5  mpc   5.7 ms  err 0.14
[422/450] speed=3 S1  FR_SAFE_10  seed 22  goal      clr  0.45  t  17.6  inf 165  N 23.6  mpc   5.8 ms  err 0.26
[423/450] speed=3 S1  FR_SAFE_10  seed 23  goal      clr  0.60  t  17.5  inf 162  N 23.2  mpc   5.7 ms  err 0.15
[424/450] speed=3 S1  FR_SAFE_10  seed 24  goal      clr  0.51  t  17.4  inf 162  N 23.7  mpc   5.6 ms  err 0.20
[425/450] speed=3 S1  FR_SAFE_10  seed 25  goal      clr  0.50  t  17.7  inf 164  N 24.4  mpc   6.0 ms  err 0.18
[426/450] speed=3 S1  FR_SAFE_10  seed 26  goal      clr  0.45  t  17.8  inf 165  N 23.3  mpc   5.8 ms  err 0.21
[427/450] speed=3 S1  FR_SAFE_10  seed 27  goal      clr  0.54  t  17.9  inf 166  N 24.4  mpc   6.0 ms  err 0.10
[428/450] speed=3 S1  FR_SAFE_10  seed 28  goal      clr  0.55  t  17.5  inf 163  N 24.4  mpc   6.0 ms  err 0.30
[429/450] speed=3 S1  FR_SAFE_10  seed 29  goal      clr  0.46  t  17.9  inf 166  N 24.7  mpc   6.2 ms  err 0.37
[430/450] speed=3 S1  FR_SAFE_10  seed 30  goal      clr  0.63  t  17.6  inf 164  N 23.4  mpc   5.7 ms  err 0.20
[431/450] speed=3 S1  FR_SAFE_10  seed 31  goal      clr  0.49  t  18.1  inf 168  N 24.3  mpc   6.1 ms  err 0.26
[432/450] speed=3 S1  FR_SAFE_10  seed 32  goal      clr  0.54  t  18.1  inf 169  N 24.6  mpc   6.1 ms  err 0.25
[433/450] speed=3 S1  FR_SAFE_10  seed 33  goal      clr  0.54  t  17.5  inf 163  N 23.7  mpc   5.8 ms  err 0.20
[434/450] speed=3 S1  FR_SAFE_10  seed 34  goal      clr  0.55  t  19.8  inf 186  N 22.3  mpc   5.5 ms  err 0.14
[435/450] speed=3 S1  FR_SAFE_10  seed 35  goal      clr  0.49  t  18.6  inf 174  N 24.5  mpc   6.3 ms  err 0.18
[436/450] speed=3 S1  FR_SAFE_10  seed 36  goal      clr  0.46  t  27.3  inf 258  N 22.9  mpc   6.2 ms  err 0.44
[437/450] speed=3 S1  FR_SAFE_10  seed 37  goal      clr  0.48  t  18.5  inf 173  N 23.9  mpc   6.1 ms  err 0.17
[438/450] speed=3 S1  FR_SAFE_10  seed 38  goal      clr  0.50  t  18.7  inf 173  N 24.8  mpc   6.2 ms  err 0.20
[439/450] speed=3 S1  FR_SAFE_10  seed 39  goal      clr  0.51  t  18.1  inf 167  N 24.9  mpc   6.2 ms  err 0.23
[440/450] speed=3 S1  FR_SAFE_10  seed 40  goal      clr  0.31  t  19.0  inf 178  N 24.4  mpc   6.2 ms  err 0.29
[441/450] speed=3 S1  FR_SAFE_10  seed 41  goal      clr  0.57  t  18.0  inf 169  N 24.0  mpc   6.1 ms  err 0.13
[442/450] speed=3 S1  FR_SAFE_10  seed 42  goal      clr  0.50  t  18.0  inf 168  N 24.6  mpc   6.2 ms  err 0.33
[443/450] speed=3 S1  FR_SAFE_10  seed 43  goal      clr  0.29  t  18.5  inf 172  N 24.2  mpc   6.3 ms  err 0.24
[444/450] speed=3 S1  FR_SAFE_10  seed 44  goal      clr  0.52  t  17.5  inf 162  N 23.5  mpc   5.8 ms  err 0.24
[445/450] speed=3 S1  FR_SAFE_10  seed 45  goal      clr  0.48  t  20.4  inf 190  N 24.9  mpc   6.4 ms  err 0.25
[446/450] speed=3 S1  FR_SAFE_10  seed 46  goal      clr  0.48  t  17.7  inf 163  N 24.8  mpc   6.2 ms  err 0.22
[447/450] speed=3 S1  FR_SAFE_10  seed 47  goal      clr  0.51  t  17.7  inf 165  N 23.3  mpc   5.7 ms  err 0.30
[448/450] speed=3 S1  FR_SAFE_10  seed 48  goal      clr  0.59  t  18.0  inf 169  N 24.4  mpc   6.1 ms  err 0.17
[449/450] speed=3 S1  FR_SAFE_10  seed 49  goal      clr  0.59  t  17.6  inf 166  N 24.4  mpc   6.0 ms  err 0.20
[450/450] speed=3 S1  FR_SAFE_10  seed 50  goal      clr  0.45  t  17.9  inf 168  N 24.8  mpc   6.2 ms  err 0.14
