[  1/250] shift=0.0025 S1  E_DART      seed  1  goal      clr  0.54  t  14.8  inf  81  N 25.6  mpc   7.3 ms  err 0.15
[  2/250] shift=0.0025 S1  E_DART      seed  2  goal      clr  0.52  t  15.0  inf  77  N 25.5  mpc   8.4 ms  err 0.24
[  3/250] shift=0.0025 S1  E_DART      seed  3  goal      clr  0.55  t  16.1  inf  85  N 26.2  mpc   7.2 ms  err 0.21
[  4/250] shift=0.0025 S1  E_DART      seed  4  goal      clr  0.59  t  15.3  inf  67  N 25.8  mpc   6.9 ms  err 0.31
[  5/250] shift=0.0025 S1  E_DART      seed  5  goal      clr  0.53  t  14.6  inf  79  N 25.0  mpc   6.1 ms  err 0.36
[  6/250] shift=0.0025 S1  E_DART      seed  6  goal      clr  0.58  t  14.0  inf  67  N 25.4  mpc   6.1 ms  err 0.24
[  7/250] shift=0.0025 S1  E_DART      seed  7  goal      clr  0.50  t  14.9  inf  76  N 25.3  mpc   6.3 ms  err 0.36
[  8/250] shift=0.0025 S1  E_DART      seed  8  goal      clr  0.54  t  14.3  inf  69  N 25.7  mpc   6.3 ms  err 0.21
[  9/250] shift=0.0025 S1  E_DART      seed  9  goal      clr  0.41  t  15.7  inf  78  N 25.8  mpc   6.5 ms  err 0.36
[ 10/250] shift=0.0025 S1  E_DART      seed 10  goal      clr  0.46  t  15.1  inf  78  N 25.2  mpc   6.3 ms  err 0.14
[ 11/250] shift=0.0025 S1  E_DART      seed 11  goal      clr  0.64  t  14.4  inf  73  N 25.4  mpc   6.1 ms  err 0.21
[ 12/250] shift=0.0025 S1  E_DART      seed 12  goal      clr  0.58  t  14.5  inf  82  N 25.9  mpc   6.4 ms  err 0.18
[ 13/250] shift=0.0025 S1  E_DART      seed 13  goal      clr  0.65  t  14.1  inf  76  N 26.0  mpc   6.3 ms  err 0.17
[ 14/250] shift=0.0025 S1  E_DART      seed 14  goal      clr  0.50  t  19.6  inf  80  N 25.0  mpc   6.7 ms  err 0.36
[ 15/250] shift=0.0025 S1  E_DART      seed 15  goal      clr  0.61  t  18.7  inf  93  N 25.5  mpc   6.7 ms  err 0.63
[ 16/250] shift=0.0025 S1  E_DART      seed 16  goal      clr  0.69  t  13.9  inf  65  N 25.2  mpc   6.0 ms  err 0.17
[ 17/250] shift=0.0025 S1  E_DART      seed 17  goal      clr  0.68  t  14.0  inf  69  N 25.0  mpc   6.0 ms  err 0.17
[ 18/250] shift=0.0025 S1  E_DART      seed 18  goal      clr  0.63  t  14.4  inf  80  N 25.6  mpc   6.5 ms  err 0.21
[ 19/250] shift=0.0025 S1  E_DART      seed 19  goal      clr  0.52  t  15.4  inf  87  N 25.7  mpc   6.6 ms  err 0.31
[ 20/250] shift=0.0025 S1  E_DART      seed 20  goal      clr  0.62  t  14.7  inf  73  N 24.6  mpc   5.9 ms  err 0.30
[ 21/250] shift=0.0025 S1  E_DART      seed 21  goal      clr  0.63  t  15.1  inf  64  N 25.7  mpc   6.4 ms  err 0.15
[ 22/250] shift=0.0025 S1  E_DART      seed 22  goal      clr  0.55  t  14.6  inf  76  N 25.5  mpc   6.1 ms  err 0.26
[ 23/250] shift=0.0025 S1  E_DART      seed 23  goal      clr  0.60  t  14.3  inf  72  N 24.9  mpc   6.0 ms  err 0.22
[ 24/250] shift=0.0025 S1  E_DART      seed 24  goal      clr  0.57  t  13.8  inf  70  N 25.5  mpc   6.0 ms  err 0.25
[ 25/250] shift=0.0025 S1  E_DART      seed 25  goal      clr  0.60  t  14.2  inf  75  N 25.6  mpc   6.3 ms  err 0.21
[ 26/250] shift=0.0025 S1  E_DART      seed 26  goal      clr  0.54  t  14.4  inf  71  N 25.1  mpc   6.3 ms  err 0.19
[ 27/250] shift=0.0025 S1  E_DART      seed 27  goal      clr  0.55  t  14.3  inf  75  N 25.9  mpc   6.2 ms  err 0.11
[ 28/250] shift=0.0025 S1  E_DART      seed 28  goal      clr  0.54  t  14.1  inf  70  N 25.9  mpc   6.3 ms  err 0.33
[ 29/250] shift=0.0025 S1  E_DART      seed 29  goal      clr  0.55  t  14.8  inf  84  N 26.1  mpc   6.6 ms  err 0.21
[ 30/250] shift=0.0025 S1  E_DART      seed 30  goal      clr  0.61  t  14.4  inf  68  N 25.3  mpc   6.1 ms  err 0.24
[ 31/250] shift=0.0025 S1  E_DART      seed 31  goal      clr  0.57  t  15.0  inf  78  N 25.6  mpc   6.4 ms  err 0.14
[ 32/250] shift=0.0025 S1  E_DART      seed 32  goal      clr  0.64  t  14.6  inf  86  N 25.4  mpc   6.3 ms  err 0.27
[ 33/250] shift=0.0025 S1  E_DART      seed 33  goal      clr  0.61  t  14.2  inf  72  N 25.4  mpc   6.1 ms  err 0.17
[ 34/250] shift=0.0025 S1  E_DART      seed 34  goal      clr  0.53  t  16.7  inf  84  N 25.0  mpc   6.6 ms  err 0.28
[ 35/250] shift=0.0025 S1  E_DART      seed 35  goal      clr  0.58  t  14.6  inf  77  N 26.0  mpc   6.4 ms  err 0.35
[ 36/250] shift=0.0025 S1  E_DART      seed 36  goal      clr  0.65  t  16.3  inf  73  N 24.4  mpc   6.1 ms  err 0.32
[ 37/250] shift=0.0025 S1  E_DART      seed 37  goal      clr  0.60  t  16.2  inf  66  N 24.8  mpc   6.1 ms  err 0.25
[ 38/250] shift=0.0025 S1  E_DART      seed 38  goal      clr  0.61  t  14.4  inf  84  N 25.9  mpc   6.3 ms  err 0.24
[ 39/250] shift=0.0025 S1  E_DART      seed 39  goal      clr  0.49  t  15.1  inf  87  N 26.0  mpc   6.5 ms  err 0.17
[ 40/250] shift=0.0025 S1  E_DART      seed 40  goal      clr  0.45  t  14.7  inf  78  N 25.5  mpc   6.2 ms  err 0.29
[ 41/250] shift=0.0025 S1  E_DART      seed 41  goal      clr  0.59  t  15.7  inf  85  N 25.9  mpc   6.6 ms  err 0.16
[ 42/250] shift=0.0025 S1  E_DART      seed 42  goal      clr  0.65  t  15.7  inf  67  N 25.9  mpc   6.4 ms  err 0.23
[ 43/250] shift=0.0025 S1  E_DART      seed 43  goal      clr  0.52  t  15.4  inf  63  N 25.8  mpc   6.2 ms  err 0.29
[ 44/250] shift=0.0025 S1  E_DART      seed 44  goal      clr  0.66  t  14.2  inf  61  N 24.9  mpc   5.9 ms  err 0.18
[ 45/250] shift=0.0025 S1  E_DART      seed 45  goal      clr  0.44  t  15.9  inf  91  N 25.6  mpc   6.5 ms  err 0.30
[ 46/250] shift=0.0025 S1  E_DART      seed 46  goal      clr  0.63  t  14.5  inf  80  N 25.8  mpc   6.3 ms  err 0.19
[ 47/250] shift=0.0025 S1  E_DART      seed 47  goal      clr  0.50  t  15.4  inf  67  N 25.2  mpc   6.3 ms  err 0.34
[ 48/250] shift=0.0025 S1  E_DART      seed 48  goal      clr  0.60  t  15.2  inf  89  N 25.6  mpc   6.5 ms  err 0.25
[ 49/250] shift=0.0025 S1  E_DART      seed 49  goal      clr  0.59  t  14.4  inf  74  N 25.5  mpc   6.1 ms  err 0.23
[ 50/250] shift=0.0025 S1  E_DART      seed 50  goal      clr  0.51  t  14.5  inf  85  N 25.8  mpc   6.3 ms  err 0.21
[ 51/250] shift=0.0025 S1  Z_ZHUYI     seed  1  goal      clr  0.44  t  15.0  inf  63  N 25.9  mpc   6.5 ms  err 0.30
[ 52/250] shift=0.0025 S1  Z_ZHUYI     seed  2  goal      clr  0.47  t  15.8  inf  52  N 25.4  mpc   6.7 ms  err 0.41
[ 53/250] shift=0.0025 S1  Z_ZHUYI     seed  3  goal      clr  0.49  t  15.9  inf  61  N 25.8  mpc   6.9 ms  err 0.29
[ 54/250] shift=0.0025 S1  Z_ZHUYI     seed  4  goal      clr  0.59  t  14.7  inf  44  N 25.8  mpc   6.7 ms  err 0.29
[ 55/250] shift=0.0025 S1  Z_ZHUYI     seed  5  goal      clr  0.48  t  19.1  inf  53  N 25.6  mpc   7.1 ms  err 0.54
[ 56/250] shift=0.0025 S1  Z_ZHUYI     seed  6  goal      clr  0.56  t  14.1  inf  54  N 25.5  mpc   6.2 ms  err 0.24
[ 57/250] shift=0.0025 S1  Z_ZHUYI     seed  7  goal      clr  0.49  t  14.6  inf  55  N 25.4  mpc   6.3 ms  err 0.26
[ 58/250] shift=0.0025 S1  Z_ZHUYI     seed  8  goal      clr  0.56  t  19.9  inf  54  N 23.4  mpc   5.8 ms  err 0.23
[ 59/250] shift=0.0025 S1  Z_ZHUYI     seed  9  goal      clr  0.44  t  18.6  inf  60  N 24.9  mpc   6.2 ms  err 0.31
[ 60/250] shift=0.0025 S1  Z_ZHUYI     seed 10  goal      clr  0.41  t  17.9  inf  49  N 25.6  mpc   6.7 ms  err 0.27
[ 61/250] shift=0.0025 S1  Z_ZHUYI     seed 11  goal      clr  0.61  t  20.9  inf  53  N 23.5  mpc   5.9 ms  err 0.45
[ 62/250] shift=0.0025 S1  Z_ZHUYI     seed 12  goal      clr  0.23  t  16.7  inf  56  N 25.2  mpc   6.5 ms  err 0.39
[ 63/250] shift=0.0025 S1  Z_ZHUYI     seed 13  goal      clr  0.61  t  21.9  inf  57  N 23.8  mpc   6.0 ms  err 0.23
[ 64/250] shift=0.0025 S1  Z_ZHUYI     seed 14  goal      clr  0.61  t  20.1  inf  45  N 24.1  mpc   6.2 ms  err 0.34
[ 65/250] shift=0.0025 S1  Z_ZHUYI     seed 15  goal      clr  0.62  t  16.1  inf  52  N 24.8  mpc   6.4 ms  err 0.48
[ 66/250] shift=0.0025 S1  Z_ZHUYI     seed 16  goal      clr  0.54  t  14.8  inf  42  N 25.7  mpc   6.2 ms  err 0.28
[ 67/250] shift=0.0025 S1  Z_ZHUYI     seed 17  goal      clr  0.57  t  18.9  inf  51  N 23.8  mpc   6.0 ms  err 0.40
[ 68/250] shift=0.0025 S1  Z_ZHUYI     seed 18  goal      clr  0.64  t  14.4  inf  57  N 25.8  mpc   6.4 ms  err 0.31
[ 69/250] shift=0.0025 S1  Z_ZHUYI     seed 19  goal      clr  0.53  t  26.6  inf  59  N 24.7  mpc   6.7 ms  err 0.34
[ 70/250] shift=0.0025 S1  Z_ZHUYI     seed 20  goal      clr  0.66  t  14.1  inf  44  N 25.2  mpc   6.1 ms  err 0.34
[ 71/250] shift=0.0025 S1  Z_ZHUYI     seed 21  goal      clr  0.70  t  14.0  inf  51  N 25.4  mpc   6.2 ms  err 0.16
[ 72/250] shift=0.0025 S1  Z_ZHUYI     seed 22  goal      clr  0.56  t  19.1  inf  51  N 23.7  mpc   5.8 ms  err 0.36
[ 73/250] shift=0.0025 S1  Z_ZHUYI     seed 23  goal      clr  0.54  t  22.1  inf  54  N 22.5  mpc   5.6 ms  err 0.20
[ 74/250] shift=0.0025 S1  Z_ZHUYI     seed 24  goal      clr  0.64  t  19.0  inf  49  N 24.5  mpc   6.0 ms  err 0.30
[ 75/250] shift=0.0025 S1  Z_ZHUYI     seed 25  goal      clr  0.59  t  14.9  inf  52  N 26.2  mpc   6.6 ms  err 0.22
[ 76/250] shift=0.0025 S1  Z_ZHUYI     seed 26  goal      clr  0.44  t  15.2  inf  49  N 24.6  mpc   6.1 ms  err 0.23
[ 77/250] shift=0.0025 S1  Z_ZHUYI     seed 27  goal      clr  0.56  t  14.2  inf  63  N 26.0  mpc   6.3 ms  err 0.11
[ 78/250] shift=0.0025 S1  Z_ZHUYI     seed 28  goal      clr  0.57  t  13.9  inf  49  N 26.1  mpc   6.2 ms  err 0.32
[ 79/250] shift=0.0025 S1  Z_ZHUYI     seed 29  timeout   clr  0.63  t  40.0  inf  62  N 16.7  mpc   4.3 ms  err 0.37
[ 80/250] shift=0.0025 S1  Z_ZHUYI     seed 30  goal      clr  0.68  t  19.9  inf  53  N 24.2  mpc   6.1 ms  err 0.33
[ 81/250] shift=0.0025 S1  Z_ZHUYI     seed 31  goal      clr  0.54  t  15.0  inf  54  N 25.6  mpc   6.5 ms  err 0.19
[ 82/250] shift=0.0025 S1  Z_ZHUYI     seed 32  goal      clr  0.63  t  14.5  inf  62  N 26.0  mpc   6.4 ms  err 0.25
[ 83/250] shift=0.0025 S1  Z_ZHUYI     seed 33  goal      clr  0.55  t  14.2  inf  49  N 25.3  mpc   6.2 ms  err 0.21
[ 84/250] shift=0.0025 S1  Z_ZHUYI     seed 34  goal      clr  0.62  t  14.6  inf  51  N 25.5  mpc   6.3 ms  err 0.18
[ 85/250] shift=0.0025 S1  Z_ZHUYI     seed 35  goal      clr  0.63  t  14.6  inf  55  N 26.1  mpc   6.4 ms  err 0.38
[ 86/250] shift=0.0025 S1  Z_ZHUYI     seed 36  goal      clr  0.61  t  16.8  inf  50  N 25.9  mpc   6.7 ms  err 0.28
[ 87/250] shift=0.0025 S1  Z_ZHUYI     seed 37  goal      clr  0.54  t  14.6  inf  49  N 25.6  mpc   6.3 ms  err 0.27
[ 88/250] shift=0.0025 S1  Z_ZHUYI     seed 38  goal      clr  0.63  t  22.3  inf  67  N 22.9  mpc   5.8 ms  err 0.24
[ 89/250] shift=0.0025 S1  Z_ZHUYI     seed 39  goal      clr  0.52  t  14.8  inf  68  N 26.0  mpc   6.6 ms  err 0.19
[ 90/250] shift=0.0025 S1  Z_ZHUYI     seed 40  goal      clr  0.60  t  18.6  inf  51  N 25.0  mpc   6.2 ms  err 0.28
[ 91/250] shift=0.0025 S1  Z_ZHUYI     seed 41  goal      clr  0.62  t  18.1  inf  59  N 24.5  mpc   6.2 ms  err 0.23
[ 92/250] shift=0.0025 S1  Z_ZHUYI     seed 42  goal      clr  0.58  t  23.1  inf  54  N 23.0  mpc   5.8 ms  err 0.17
[ 93/250] shift=0.0025 S1  Z_ZHUYI     seed 43  goal      clr  0.51  t  21.1  inf  52  N 25.0  mpc   6.3 ms  err 0.24
[ 94/250] shift=0.0025 S1  Z_ZHUYI     seed 44  goal      clr  0.62  t  19.3  inf  57  N 24.2  mpc   6.1 ms  err 0.27
[ 95/250] shift=0.0025 S1  Z_ZHUYI     seed 45  goal      clr  0.50  t  16.9  inf  65  N 25.6  mpc   6.7 ms  err 0.36
[ 96/250] shift=0.0025 S1  Z_ZHUYI     seed 46  goal      clr  0.62  t  14.2  inf  63  N 25.6  mpc   6.2 ms  err 0.20
[ 97/250] shift=0.0025 S1  Z_ZHUYI     seed 47  timeout   clr  0.38  t  40.0  inf  86  N 23.0  mpc   6.4 ms  err 0.58
[ 98/250] shift=0.0025 S1  Z_ZHUYI     seed 48  goal      clr  0.49  t  17.4  inf  56  N 25.9  mpc   6.7 ms  err 0.39
[ 99/250] shift=0.0025 S1  Z_ZHUYI     seed 49  goal      clr  0.66  t  13.8  inf  44  N 25.7  mpc   6.0 ms  err 0.28
[100/250] shift=0.0025 S1  Z_ZHUYI     seed 50  goal      clr  0.62  t  18.6  inf  52  N 25.0  mpc   6.3 ms  err 0.26
[101/250] shift=0.0025 S1  A_FR_FN     seed  1  goal      clr  0.39  t  13.5  inf 125  N 20.0  mpc   4.0 ms  err 0.22
[102/250] shift=0.0025 S1  A_FR_FN     seed  2  goal      clr  0.35  t  13.6  inf 128  N 20.0  mpc   4.1 ms  err 0.23
[103/250] shift=0.0025 S1  A_FR_FN     seed  3  goal      clr  0.46  t  14.3  inf 133  N 20.0  mpc   4.3 ms  err 0.15
[104/250] shift=0.0025 S1  A_FR_FN     seed  4  goal      clr  0.52  t  13.6  inf 128  N 20.0  mpc   4.1 ms  err 0.14
[105/250] shift=0.0025 S1  A_FR_FN     seed  5  goal      clr  0.41  t  14.2  inf 132  N 20.0  mpc   4.2 ms  err 0.25
[106/250] shift=0.0025 S1  A_FR_FN     seed  6  goal      clr  0.49  t  13.4  inf 125  N 20.0  mpc   4.0 ms  err 0.14
[107/250] shift=0.0025 S1  A_FR_FN     seed  7  goal      clr  0.27  t  13.3  inf 125  N 20.0  mpc   3.9 ms  err 0.29
[108/250] shift=0.0025 S1  A_FR_FN     seed  8  goal      clr  0.42  t  13.9  inf 128  N 20.0  mpc   4.2 ms  err 0.13
[109/250] shift=0.0025 S1  A_FR_FN     seed  9  goal      clr  0.45  t  13.6  inf 127  N 20.0  mpc   4.1 ms  err 0.15
[110/250] shift=0.0025 S1  A_FR_FN     seed 10  goal      clr  0.19  t  13.6  inf 127  N 20.0  mpc   4.1 ms  err 0.40
[111/250] shift=0.0025 S1  A_FR_FN     seed 11  goal      clr  0.47  t  13.4  inf 125  N 20.0  mpc   3.9 ms  err 0.18
[112/250] shift=0.0025 S1  A_FR_FN     seed 12  goal      clr  0.47  t  13.6  inf 126  N 20.0  mpc   4.1 ms  err 0.14
[113/250] shift=0.0025 S1  A_FR_FN     seed 13  goal      clr  0.46  t  13.6  inf 124  N 20.0  mpc   4.1 ms  err 0.13
[114/250] shift=0.0025 S1  A_FR_FN     seed 14  goal      clr  0.38  t  14.3  inf 132  N 20.0  mpc   4.2 ms  err 0.28
[115/250] shift=0.0025 S1  A_FR_FN     seed 15  goal      clr  0.42  t  14.6  inf 135  N 20.0  mpc   4.3 ms  err 0.18
[116/250] shift=0.0025 S1  A_FR_FN     seed 16  goal      clr  0.48  t  13.3  inf 124  N 20.0  mpc   3.9 ms  err 0.23
[117/250] shift=0.0025 S1  A_FR_FN     seed 17  goal      clr  0.49  t  13.5  inf 127  N 20.0  mpc   4.0 ms  err 0.14
[118/250] shift=0.0025 S1  A_FR_FN     seed 18  goal      clr  0.42  t  13.8  inf 127  N 20.0  mpc   4.2 ms  err 0.19
[119/250] shift=0.0025 S1  A_FR_FN     seed 19  goal      clr  0.43  t  14.1  inf 129  N 20.0  mpc   4.1 ms  err 0.16
[120/250] shift=0.0025 S1  A_FR_FN     seed 20  goal      clr  0.36  t  13.7  inf 128  N 20.0  mpc   4.0 ms  err 0.34
[121/250] shift=0.0025 S1  A_FR_FN     seed 21  goal      clr  0.51  t  13.5  inf 127  N 20.0  mpc   4.0 ms  err 0.13
[122/250] shift=0.0025 S1  A_FR_FN     seed 22  goal      clr  0.47  t  13.4  inf 126  N 20.0  mpc   3.9 ms  err 0.21
[123/250] shift=0.0025 S1  A_FR_FN     seed 23  goal      clr  0.49  t  13.5  inf 126  N 20.0  mpc   4.0 ms  err 0.24
[124/250] shift=0.0025 S1  A_FR_FN     seed 24  goal      clr  0.49  t  13.3  inf 123  N 20.0  mpc   3.9 ms  err 0.23
[125/250] shift=0.0025 S1  A_FR_FN     seed 25  goal      clr  0.42  t  13.6  inf 129  N 20.0  mpc   3.9 ms  err 0.21
[126/250] shift=0.0025 S1  A_FR_FN     seed 26  goal      clr  0.38  t  13.7  inf 126  N 20.0  mpc   4.1 ms  err 0.15
[127/250] shift=0.0025 S1  A_FR_FN     seed 27  goal      clr  0.40  t  13.6  inf 126  N 20.0  mpc   4.1 ms  err 0.12
[128/250] shift=0.0025 S1  A_FR_FN     seed 28  goal      clr  0.40  t  13.4  inf 124  N 20.0  mpc   4.0 ms  err 0.28
[129/250] shift=0.0025 S1  A_FR_FN     seed 29  goal      clr  0.30  t  13.8  inf 127  N 20.0  mpc   4.1 ms  err 0.16
[130/250] shift=0.0025 S1  A_FR_FN     seed 30  goal      clr  0.58  t  13.5  inf 125  N 20.0  mpc   4.0 ms  err 0.25
[131/250] shift=0.0025 S1  A_FR_FN     seed 31  goal      clr  0.45  t  13.7  inf 127  N 20.0  mpc   4.1 ms  err 0.19
[132/250] shift=0.0025 S1  A_FR_FN     seed 32  goal      clr  0.43  t  13.9  inf 130  N 20.0  mpc   4.1 ms  err 0.23
[133/250] shift=0.0025 S1  A_FR_FN     seed 33  goal      clr  0.45  t  13.3  inf 123  N 20.0  mpc   4.0 ms  err 0.13
[134/250] shift=0.0025 S1  A_FR_FN     seed 34  goal      clr  0.43  t  13.6  inf 129  N 20.0  mpc   4.2 ms  err 0.17
[135/250] shift=0.0025 S1  A_FR_FN     seed 35  goal      clr  0.41  t  13.8  inf 131  N 20.0  mpc   4.2 ms  err 0.17
[136/250] shift=0.0025 S1  A_FR_FN     seed 36  goal      clr  0.46  t  13.4  inf 124  N 20.0  mpc   4.0 ms  err 0.30
[137/250] shift=0.0025 S1  A_FR_FN     seed 37  goal      clr  0.38  t  14.0  inf 130  N 20.0  mpc   4.2 ms  err 0.19
[138/250] shift=0.0025 S1  A_FR_FN     seed 38  goal      clr  0.48  t  15.4  inf 144  N 20.0  mpc   4.2 ms  err 0.17
[139/250] shift=0.0025 S1  A_FR_FN     seed 39  goal      clr  0.35  t  23.8  inf 224  N 20.0  mpc   4.5 ms  err 0.25
[140/250] shift=0.0025 S1  A_FR_FN     seed 40  goal      clr  0.41  t  13.4  inf 124  N 20.0  mpc   4.1 ms  err 0.27
[141/250] shift=0.0025 S1  A_FR_FN     seed 41  goal      clr  0.41  t  13.8  inf 128  N 20.0  mpc   4.1 ms  err 0.24
[142/250] shift=0.0025 S1  A_FR_FN     seed 42  goal      clr  0.46  t  13.7  inf 130  N 20.0  mpc   4.1 ms  err 0.24
[143/250] shift=0.0025 S1  A_FR_FN     seed 43  goal      clr  0.32  t  14.3  inf 134  N 20.0  mpc   4.1 ms  err 0.27
[144/250] shift=0.0025 S1  A_FR_FN     seed 44  goal      clr  0.44  t  13.3  inf 125  N 20.0  mpc   4.0 ms  err 0.16
[145/250] shift=0.0025 S1  A_FR_FN     seed 45  goal      clr  0.37  t  13.9  inf 129  N 20.0  mpc   4.1 ms  err 0.26
[146/250] shift=0.0025 S1  A_FR_FN     seed 46  goal      clr  0.42  t  13.6  inf 128  N 20.0  mpc   4.1 ms  err 0.21
[147/250] shift=0.0025 S1  A_FR_FN     seed 47  goal      clr  0.40  t  15.0  inf 139  N 20.0  mpc   4.3 ms  err 0.16
[148/250] shift=0.0025 S1  A_FR_FN     seed 48  goal      clr  0.36  t  21.7  inf 200  N 20.0  mpc   4.4 ms  err 0.28
[149/250] shift=0.0025 S1  A_FR_FN     seed 49  goal      clr  0.51  t  13.4  inf 122  N 20.0  mpc   3.9 ms  err 0.17
[150/250] shift=0.0025 S1  A_FR_FN     seed 50  goal      clr  0.34  t  13.6  inf 126  N 20.0  mpc   4.1 ms  err 0.16
[151/250] shift=0.0025 S1  FR_SAFE_3   seed  1  goal      clr  0.61  t  14.7  inf  44  N 25.8  mpc   6.3 ms  err 0.20
[152/250] shift=0.0025 S1  FR_SAFE_3   seed  2  goal      clr  0.59  t  16.4  inf  49  N 25.1  mpc   6.4 ms  err 0.27
[153/250] shift=0.0025 S1  FR_SAFE_3   seed  3  goal      clr  0.50  t  18.1  inf  54  N 26.4  mpc   7.0 ms  err 0.25
[154/250] shift=0.0025 S1  FR_SAFE_3   seed  4  goal      clr  0.61  t  14.7  inf  44  N 25.9  mpc   6.6 ms  err 0.23
[155/250] shift=0.0025 S1  FR_SAFE_3   seed  5  goal      clr  0.54  t  14.9  inf  44  N 26.1  mpc   6.5 ms  err 0.44
[156/250] shift=0.0025 S1  FR_SAFE_3   seed  6  goal      clr  0.70  t  14.1  inf  42  N 25.7  mpc   6.1 ms  err 0.18
[157/250] shift=0.0025 S1  FR_SAFE_3   seed  7  goal      clr  0.63  t  14.2  inf  42  N 25.5  mpc   6.1 ms  err 0.25
[158/250] shift=0.0025 S1  FR_SAFE_3   seed  8  goal      clr  0.64  t  15.6  inf  46  N 26.1  mpc   6.6 ms  err 0.23
[159/250] shift=0.0025 S1  FR_SAFE_3   seed  9  goal      clr  0.61  t  15.2  inf  45  N 25.9  mpc   6.4 ms  err 0.23
[160/250] shift=0.0025 S1  FR_SAFE_3   seed 10  goal      clr  0.58  t  15.0  inf  45  N 25.1  mpc   6.3 ms  err 0.19
[161/250] shift=0.0025 S1  FR_SAFE_3   seed 11  goal      clr  0.69  t  14.3  inf  43  N 25.7  mpc   6.1 ms  err 0.22
[162/250] shift=0.0025 S1  FR_SAFE_3   seed 12  goal      clr  0.55  t  15.2  inf  45  N 26.0  mpc   6.3 ms  err 0.19
[163/250] shift=0.0025 S1  FR_SAFE_3   seed 13  goal      clr  0.63  t  14.2  inf  42  N 25.6  mpc   6.3 ms  err 0.14
[164/250] shift=0.0025 S1  FR_SAFE_3   seed 14  goal      clr  0.46  t  15.9  inf  47  N 25.9  mpc   6.5 ms  err 0.19
[165/250] shift=0.0025 S1  FR_SAFE_3   seed 15  goal      clr  0.61  t  17.2  inf  51  N 25.6  mpc   6.8 ms  err 0.19
[166/250] shift=0.0025 S1  FR_SAFE_3   seed 16  goal      clr  0.67  t  15.7  inf  47  N 25.4  mpc   6.2 ms  err 0.16
[167/250] shift=0.0025 S1  FR_SAFE_3   seed 17  goal      clr  0.72  t  14.2  inf  42  N 25.3  mpc   6.2 ms  err 0.25
[168/250] shift=0.0025 S1  FR_SAFE_3   seed 18  goal      clr  0.66  t  14.9  inf  44  N 25.5  mpc   6.2 ms  err 0.26
[169/250] shift=0.0025 S1  FR_SAFE_3   seed 19  goal      clr  0.48  t  15.6  inf  46  N 26.2  mpc   6.6 ms  err 0.17
[170/250] shift=0.0025 S1  FR_SAFE_3   seed 20  goal      clr  0.82  t  14.8  inf  44  N 26.0  mpc   6.2 ms  err 0.44
[171/250] shift=0.0025 S1  FR_SAFE_3   seed 21  goal      clr  0.73  t  14.4  inf  43  N 25.2  mpc   6.0 ms  err 0.19
[172/250] shift=0.0025 S1  FR_SAFE_3   seed 22  goal      clr  0.60  t  14.0  inf  42  N 25.6  mpc   6.0 ms  err 0.25
[173/250] shift=0.0025 S1  FR_SAFE_3   seed 23  goal      clr  0.64  t  14.4  inf  43  N 25.1  mpc   6.1 ms  err 0.22
[174/250] shift=0.0025 S1  FR_SAFE_3   seed 24  goal      clr  0.54  t  14.4  inf  43  N 25.6  mpc   6.0 ms  err 0.21
[175/250] shift=0.0025 S1  FR_SAFE_3   seed 25  goal      clr  0.58  t  14.8  inf  44  N 25.6  mpc   6.3 ms  err 0.20
[176/250] shift=0.0025 S1  FR_SAFE_3   seed 26  goal      clr  0.64  t  15.4  inf  46  N 25.8  mpc   6.5 ms  err 0.35
[177/250] shift=0.0025 S1  FR_SAFE_3   seed 27  goal      clr  0.62  t  14.4  inf  43  N 26.0  mpc   6.3 ms  err 0.11
[178/250] shift=0.0025 S1  FR_SAFE_3   seed 28  goal      clr  0.60  t  14.2  inf  42  N 25.8  mpc   6.1 ms  err 0.27
[179/250] shift=0.0025 S1  FR_SAFE_3   seed 29  goal      clr  0.51  t  16.0  inf  47  N 25.9  mpc   6.7 ms  err 0.27
[180/250] shift=0.0025 S1  FR_SAFE_3   seed 30  goal      clr  0.68  t  14.5  inf  43  N 25.7  mpc   6.3 ms  err 0.32
[181/250] shift=0.0025 S1  FR_SAFE_3   seed 31  goal      clr  0.55  t  15.5  inf  46  N 25.3  mpc   6.3 ms  err 0.18
[182/250] shift=0.0025 S1  FR_SAFE_3   seed 32  goal      clr  0.61  t  14.9  inf  44  N 25.8  mpc   6.3 ms  err 0.14
[183/250] shift=0.0025 S1  FR_SAFE_3   seed 33  goal      clr  0.69  t  14.3  inf  43  N 25.5  mpc   6.3 ms  err 0.17
[184/250] shift=0.0025 S1  FR_SAFE_3   seed 34  goal      clr  0.56  t  23.2  inf  69  N 22.1  mpc   5.6 ms  err 0.59
[185/250] shift=0.0025 S1  FR_SAFE_3   seed 35  goal      clr  0.60  t  14.4  inf  43  N 26.0  mpc   6.2 ms  err 0.30
[186/250] shift=0.0025 S1  FR_SAFE_3   seed 36  goal      clr  0.56  t  15.4  inf  46  N 25.5  mpc   6.2 ms  err 0.18
[187/250] shift=0.0025 S1  FR_SAFE_3   seed 37  goal      clr  0.49  t  15.4  inf  46  N 25.0  mpc   6.1 ms  err 0.25
[188/250] shift=0.0025 S1  FR_SAFE_3   seed 38  goal      clr  0.63  t  15.8  inf  47  N 26.2  mpc   6.5 ms  err 0.16
[189/250] shift=0.0025 S1  FR_SAFE_3   seed 39  goal      clr  0.61  t  15.0  inf  45  N 26.1  mpc   6.5 ms  err 0.15
[190/250] shift=0.0025 S1  FR_SAFE_3   seed 40  goal      clr  0.57  t  15.3  inf  45  N 25.7  mpc   6.2 ms  err 0.31
[191/250] shift=0.0025 S1  FR_SAFE_3   seed 41  goal      clr  0.67  t  16.9  inf  50  N 25.8  mpc   6.5 ms  err 0.14
[192/250] shift=0.0025 S1  FR_SAFE_3   seed 42  goal      clr  0.61  t  14.8  inf  44  N 25.9  mpc   6.3 ms  err 0.27
[193/250] shift=0.0025 S1  FR_SAFE_3   seed 43  goal      clr  0.59  t  14.8  inf  44  N 25.8  mpc   6.1 ms  err 0.23
[194/250] shift=0.0025 S1  FR_SAFE_3   seed 44  goal      clr  0.58  t  16.2  inf  48  N 26.2  mpc   6.8 ms  err 0.25
[195/250] shift=0.0025 S1  FR_SAFE_3   seed 45  goal      clr  0.52  t  16.2  inf  48  N 26.5  mpc   6.5 ms  err 0.22
[196/250] shift=0.0025 S1  FR_SAFE_3   seed 46  goal      clr  0.59  t  14.4  inf  43  N 26.4  mpc   6.3 ms  err 0.28
[197/250] shift=0.0025 S1  FR_SAFE_3   seed 47  goal      clr  0.55  t  14.9  inf  44  N 25.3  mpc   6.2 ms  err 0.19
[198/250] shift=0.0025 S1  FR_SAFE_3   seed 48  goal      clr  0.53  t  15.4  inf  46  N 25.7  mpc   6.3 ms  err 0.29
[199/250] shift=0.0025 S1  FR_SAFE_3   seed 49  goal      clr  0.58  t  14.9  inf  44  N 25.8  mpc   6.0 ms  err 0.28
[200/250] shift=0.0025 S1  FR_SAFE_3   seed 50  goal      clr  0.41  t  16.3  inf  48  N 25.7  mpc   6.4 ms  err 0.22
[201/250] shift=0.0025 S1  FR_SAFE_10  seed  1  goal      clr  0.58  t  15.7  inf 145  N 25.8  mpc   6.4 ms  err 0.23
[202/250] shift=0.0025 S1  FR_SAFE_10  seed  2  goal      clr  0.52  t  14.7  inf 138  N 25.4  mpc   6.9 ms  err 0.23
[203/250] shift=0.0025 S1  FR_SAFE_10  seed  3  goal      clr  0.49  t  16.1  inf 150  N 25.5  mpc   6.8 ms  err 0.17
[204/250] shift=0.0025 S1  FR_SAFE_10  seed  4  goal      clr  0.63  t  15.3  inf 143  N 24.8  mpc   6.4 ms  err 0.14
[205/250] shift=0.0025 S1  FR_SAFE_10  seed  5  goal      clr  0.42  t  15.6  inf 144  N 25.6  mpc   6.8 ms  err 0.28
[206/250] shift=0.0025 S1  FR_SAFE_10  seed  6  goal      clr  0.63  t  13.9  inf 129  N 25.2  mpc   6.2 ms  err 0.19
[207/250] shift=0.0025 S1  FR_SAFE_10  seed  7  goal      clr  0.43  t  16.7  inf 157  N 25.6  mpc   7.0 ms  err 0.29
[208/250] shift=0.0025 S1  FR_SAFE_10  seed  8  goal      clr  0.55  t  14.8  inf 137  N 25.5  mpc   6.5 ms  err 0.22
[209/250] shift=0.0025 S1  FR_SAFE_10  seed  9  goal      clr  0.56  t  14.2  inf 133  N 25.3  mpc   6.5 ms  err 0.15
[210/250] shift=0.0025 S1  FR_SAFE_10  seed 10  goal      clr  0.57  t  14.3  inf 134  N 25.1  mpc   6.3 ms  err 0.20
[211/250] shift=0.0025 S1  FR_SAFE_10  seed 11  goal      clr  0.66  t  14.0  inf 131  N 25.4  mpc   6.3 ms  err 0.19
[212/250] shift=0.0025 S1  FR_SAFE_10  seed 12  goal      clr  0.41  t  14.8  inf 138  N 26.1  mpc   6.7 ms  err 0.19
[213/250] shift=0.0025 S1  FR_SAFE_10  seed 13  goal      clr  0.60  t  14.1  inf 128  N 25.5  mpc   6.6 ms  err 0.19
[214/250] shift=0.0025 S1  FR_SAFE_10  seed 14  goal      clr  0.54  t  15.6  inf 143  N 25.7  mpc   7.0 ms  err 0.21
[215/250] shift=0.0025 S1  FR_SAFE_10  seed 15  goal      clr  0.57  t  15.1  inf 139  N 25.5  mpc   6.4 ms  err 0.22
[216/250] shift=0.0025 S1  FR_SAFE_10  seed 16  goal      clr  0.68  t  14.0  inf 130  N 24.9  mpc   6.2 ms  err 0.24
[217/250] shift=0.0025 S1  FR_SAFE_10  seed 17  goal      clr  0.62  t  14.4  inf 136  N 24.7  mpc   6.0 ms  err 0.14
[218/250] shift=0.0025 S1  FR_SAFE_10  seed 18  goal      clr  0.66  t  14.3  inf 133  N 25.8  mpc   6.7 ms  err 0.15
[219/250] shift=0.0025 S1  FR_SAFE_10  seed 19  goal      clr  0.48  t  15.8  inf 145  N 25.8  mpc   7.0 ms  err 0.19
[220/250] shift=0.0025 S1  FR_SAFE_10  seed 20  goal      clr  0.68  t  14.5  inf 136  N 24.7  mpc   6.0 ms  err 0.31
[221/250] shift=0.0025 S1  FR_SAFE_10  seed 21  goal      clr  0.74  t  13.9  inf 130  N 25.0  mpc   6.4 ms  err 0.19
[222/250] shift=0.0025 S1  FR_SAFE_10  seed 22  goal      clr  0.57  t  13.9  inf 131  N 25.0  mpc   6.0 ms  err 0.22
[223/250] shift=0.0025 S1  FR_SAFE_10  seed 23  goal      clr  0.60  t  14.2  inf 133  N 24.5  mpc   6.3 ms  err 0.21
[224/250] shift=0.0025 S1  FR_SAFE_10  seed 24  goal      clr  0.55  t  13.9  inf 128  N 24.8  mpc   6.1 ms  err 0.25
[225/250] shift=0.0025 S1  FR_SAFE_10  seed 25  goal      clr  0.59  t  14.3  inf 136  N 25.3  mpc   6.5 ms  err 0.19
[226/250] shift=0.0025 S1  FR_SAFE_10  seed 26  goal      clr  0.53  t  14.3  inf 132  N 25.0  mpc   6.5 ms  err 0.21
[227/250] shift=0.0025 S1  FR_SAFE_10  seed 27  goal      clr  0.58  t  15.0  inf 139  N 25.6  mpc   6.6 ms  err 0.09
[228/250] shift=0.0025 S1  FR_SAFE_10  seed 28  goal      clr  0.57  t  14.1  inf 131  N 25.5  mpc   6.2 ms  err 0.22
[229/250] shift=0.0025 S1  FR_SAFE_10  seed 29  goal      clr  0.53  t  15.9  inf 146  N 26.1  mpc   7.0 ms  err 0.24
[230/250] shift=0.0025 S1  FR_SAFE_10  seed 30  goal      clr  0.68  t  14.3  inf 133  N 25.1  mpc   6.2 ms  err 0.21
[231/250] shift=0.0025 S1  FR_SAFE_10  seed 31  goal      clr  0.57  t  14.6  inf 134  N 25.3  mpc   6.5 ms  err 0.19
[232/250] shift=0.0025 S1  FR_SAFE_10  seed 32  goal      clr  0.62  t  15.2  inf 143  N 25.1  mpc   6.4 ms  err 0.14
[233/250] shift=0.0025 S1  FR_SAFE_10  seed 33  goal      clr  0.60  t  14.0  inf 130  N 25.0  mpc   6.3 ms  err 0.10
[234/250] shift=0.0025 S1  FR_SAFE_10  seed 34  goal      clr  0.57  t  14.3  inf 136  N 25.0  mpc   6.5 ms  err 0.16
[235/250] shift=0.0025 S1  FR_SAFE_10  seed 35  goal      clr  0.61  t  14.5  inf 137  N 25.8  mpc   6.7 ms  err 0.31
[236/250] shift=0.0025 S1  FR_SAFE_10  seed 36  goal      clr  0.46  t  14.8  inf 137  N 25.5  mpc   6.7 ms  err 0.15
[237/250] shift=0.0025 S1  FR_SAFE_10  seed 37  goal      clr  0.49  t  15.1  inf 140  N 25.1  mpc   6.4 ms  err 0.22
[238/250] shift=0.0025 S1  FR_SAFE_10  seed 38  goal      clr  0.61  t  14.9  inf 139  N 25.8  mpc   6.9 ms  err 0.15
[239/250] shift=0.0025 S1  FR_SAFE_10  seed 39  goal      clr  0.54  t  14.7  inf 139  N 25.8  mpc   6.6 ms  err 0.13
[240/250] shift=0.0025 S1  FR_SAFE_10  seed 40  goal      clr  0.57  t  14.4  inf 132  N 25.4  mpc   6.5 ms  err 0.21
[241/250] shift=0.0025 S1  FR_SAFE_10  seed 41  goal      clr  0.56  t  16.0  inf 148  N 25.0  mpc   6.7 ms  err 0.22
[242/250] shift=0.0025 S1  FR_SAFE_10  seed 42  goal      clr  0.61  t  14.2  inf 136  N 25.4  mpc   6.6 ms  err 0.22
[243/250] shift=0.0025 S1  FR_SAFE_10  seed 43  goal      clr  0.45  t  16.0  inf 149  N 25.3  mpc   6.7 ms  err 0.19
[244/250] shift=0.0025 S1  FR_SAFE_10  seed 44  goal      clr  0.42  t  15.1  inf 141  N 25.0  mpc   6.6 ms  err 0.24
[245/250] shift=0.0025 S1  FR_SAFE_10  seed 45  goal      clr  0.47  t  15.1  inf 141  N 24.9  mpc   6.7 ms  err 0.31
[246/250] shift=0.0025 S1  FR_SAFE_10  seed 46  goal      clr  0.59  t  14.0  inf 131  N 25.5  mpc   6.5 ms  err 0.24
[247/250] shift=0.0025 S1  FR_SAFE_10  seed 47  goal      clr  0.56  t  14.5  inf 135  N 24.9  mpc   6.5 ms  err 0.17
[248/250] shift=0.0025 S1  FR_SAFE_10  seed 48  goal      clr  0.44  t  15.3  inf 141  N 25.8  mpc   6.9 ms  err 0.28
[249/250] shift=0.0025 S1  FR_SAFE_10  seed 49  goal      clr  0.58  t  14.0  inf 128  N 25.4  mpc   6.4 ms  err 0.19
[250/250] shift=0.0025 S1  FR_SAFE_10  seed 50  goal      clr  0.53  t  14.4  inf 133  N 25.7  mpc   6.7 ms  err 0.15
