[  1/450] speed=6 S1  E_DART      seed  1  goal      clr  0.41  t  15.0  inf  90  N 26.2  mpc   7.9 ms  err 0.22
[  2/450] speed=6 S1  E_DART      seed  2  goal      clr  0.50  t  13.6  inf  79  N 25.7  mpc   8.3 ms  err 0.20
[  3/450] speed=6 S1  E_DART      seed  3  goal      clr  0.50  t  15.3  inf  92  N 25.3  mpc   7.0 ms  err 0.18
[  4/450] speed=6 S1  E_DART      seed  4  goal      clr  0.44  t  16.5  inf  92  N 25.6  mpc   7.0 ms  err 0.44
[  5/450] speed=6 S1  E_DART      seed  5  goal      clr  0.59  t  13.3  inf  80  N 24.7  mpc   6.4 ms  err 0.21
[  6/450] speed=6 S1  E_DART      seed  6  goal      clr  0.71  t  12.7  inf  78  N 25.6  mpc   6.3 ms  err 0.18
[  7/450] speed=6 S1  E_DART      seed  7  goal      clr  0.47  t  13.8  inf  78  N 25.8  mpc   6.9 ms  err 0.19
[  8/450] speed=6 S1  E_DART      seed  8  goal      clr  0.63  t  13.0  inf  79  N 25.8  mpc   6.5 ms  err 0.27
[  9/450] speed=6 S1  E_DART      seed  9  goal      clr  0.39  t  14.6  inf  84  N 24.9  mpc   6.4 ms  err 0.40
[ 10/450] speed=6 S1  E_DART      seed 10  goal      clr  0.31  t  14.6  inf  83  N 25.0  mpc   6.4 ms  err 0.24
[ 11/450] speed=6 S1  E_DART      seed 11  goal      clr  0.69  t  13.0  inf  75  N 25.8  mpc   6.5 ms  err 0.21
[ 12/450] speed=6 S1  E_DART      seed 12  goal      clr  0.54  t  20.7  inf  86  N 24.1  mpc   6.2 ms  err 0.35
[ 13/450] speed=6 S1  E_DART      seed 13  goal      clr  0.64  t  12.6  inf  80  N 25.9  mpc   6.6 ms  err 0.17
[ 14/450] speed=6 S1  E_DART      seed 14  goal      clr  0.53  t  13.2  inf  86  N 25.8  mpc   6.6 ms  err 0.19
[ 15/450] speed=6 S1  E_DART      seed 15  goal      clr  0.53  t  14.9  inf  87  N 25.1  mpc   6.7 ms  err 0.24
[ 16/450] speed=6 S1  E_DART      seed 16  goal      clr  0.72  t  12.6  inf  72  N 25.3  mpc   6.3 ms  err 0.17
[ 17/450] speed=6 S1  E_DART      seed 17  goal      clr  0.68  t  12.8  inf  80  N 25.4  mpc   6.3 ms  err 0.18
[ 18/450] speed=6 S1  E_DART      seed 18  goal      clr  0.54  t  13.4  inf  86  N 25.9  mpc   6.7 ms  err 0.23
[ 19/450] speed=6 S1  E_DART      seed 19  goal      clr  0.30  t  14.2  inf  88  N 25.9  mpc   6.7 ms  err 0.23
[ 20/450] speed=6 S1  E_DART      seed 20  goal      clr  0.55  t  12.9  inf  76  N 25.7  mpc   6.4 ms  err 0.32
[ 21/450] speed=6 S1  E_DART      seed 21  goal      clr  0.73  t  13.3  inf  72  N 25.7  mpc   6.5 ms  err 0.24
[ 22/450] speed=6 S1  E_DART      seed 22  goal      clr  0.44  t  13.1  inf  77  N 25.7  mpc   6.4 ms  err 0.36
[ 23/450] speed=6 S1  E_DART      seed 23  goal      clr  0.40  t  13.7  inf  80  N 25.4  mpc   6.5 ms  err 0.22
[ 24/450] speed=6 S1  E_DART      seed 24  goal      clr  0.47  t  13.2  inf  79  N 25.7  mpc   6.3 ms  err 0.21
[ 25/450] speed=6 S1  E_DART      seed 25  goal      clr  0.64  t  13.2  inf  77  N 25.7  mpc   6.6 ms  err 0.19
[ 26/450] speed=6 S1  E_DART      seed 26  goal      clr  0.63  t  13.0  inf  77  N 25.2  mpc   6.3 ms  err 0.26
[ 27/450] speed=6 S1  E_DART      seed 27  goal      clr  0.50  t  12.7  inf  80  N 25.8  mpc   6.4 ms  err 0.11
[ 28/450] speed=6 S1  E_DART      seed 28  goal      clr  0.74  t  12.4  inf  77  N 25.8  mpc   6.4 ms  err 0.20
[ 29/450] speed=6 S1  E_DART      seed 29  goal      clr  0.59  t  13.8  inf  84  N 26.1  mpc   6.8 ms  err 0.18
[ 30/450] speed=6 S1  E_DART      seed 30  goal      clr  0.69  t  13.4  inf  78  N 25.7  mpc   6.6 ms  err 0.30
[ 31/450] speed=6 S1  E_DART      seed 31  goal      clr  0.58  t  13.3  inf  82  N 25.9  mpc   6.6 ms  err 0.16
[ 32/450] speed=6 S1  E_DART      seed 32  goal      clr  0.59  t  13.4  inf  80  N 25.9  mpc   6.8 ms  err 0.22
[ 33/450] speed=6 S1  E_DART      seed 33  goal      clr  0.67  t  12.8  inf  80  N 25.5  mpc   6.4 ms  err 0.15
[ 34/450] speed=6 S1  E_DART      seed 34  goal      clr  0.44  t  14.4  inf  87  N 26.0  mpc   6.9 ms  err 0.24
[ 35/450] speed=6 S1  E_DART      seed 35  goal      clr  0.77  t  12.7  inf  83  N 25.4  mpc   6.3 ms  err 0.26
[ 36/450] speed=6 S1  E_DART      seed 36  goal      clr  0.75  t  17.2  inf  76  N 24.1  mpc   6.1 ms  err 0.27
[ 37/450] speed=6 S1  E_DART      seed 37  goal      clr  0.54  t  13.5  inf  83  N 26.2  mpc   6.8 ms  err 0.34
[ 38/450] speed=6 S1  E_DART      seed 38  goal      clr  0.60  t  13.6  inf  91  N 26.0  mpc   6.7 ms  err 0.18
[ 39/450] speed=6 S1  E_DART      seed 39  goal      clr  0.61  t  13.5  inf  85  N 26.1  mpc   6.8 ms  err 0.15
[ 40/450] speed=6 S1  E_DART      seed 40  goal      clr  0.37  t  20.2  inf 118  N 25.4  mpc   7.0 ms  err 0.39
[ 41/450] speed=6 S1  E_DART      seed 41  goal      clr  0.56  t  16.5  inf  88  N 25.0  mpc   6.7 ms  err 0.19
[ 42/450] speed=6 S1  E_DART      seed 42  goal      clr  0.66  t  13.2  inf  81  N 25.7  mpc   6.6 ms  err 0.17
[ 43/450] speed=6 S1  E_DART      seed 43  goal      clr  0.45  t  14.2  inf  76  N 25.6  mpc   6.6 ms  err 0.29
[ 44/450] speed=6 S1  E_DART      seed 44  goal      clr  0.49  t  13.3  inf  72  N 25.6  mpc   6.6 ms  err 0.17
[ 45/450] speed=6 S1  E_DART      seed 45  goal      clr  0.54  t  13.5  inf  84  N 25.5  mpc   6.7 ms  err 0.33
[ 46/450] speed=6 S1  E_DART      seed 46  goal      clr  0.61  t  12.7  inf  83  N 25.7  mpc   6.5 ms  err 0.17
[ 47/450] speed=6 S1  E_DART      seed 47  goal      clr  0.51  t  13.6  inf  75  N 25.7  mpc   6.8 ms  err 0.19
[ 48/450] speed=6 S1  E_DART      seed 48  goal      clr  0.48  t  16.7  inf  92  N 25.7  mpc   7.0 ms  err 0.28
[ 49/450] speed=6 S1  E_DART      seed 49  goal      clr  0.62  t  12.7  inf  81  N 25.8  mpc   6.7 ms  err 0.23
[ 50/450] speed=6 S1  E_DART      seed 50  goal      clr  0.73  t  12.8  inf  88  N 25.9  mpc   6.8 ms  err 0.20
[ 51/450] speed=6 S1  Z_ZHUYI     seed  1  goal      clr  0.64  t  13.0  inf  68  N 25.8  mpc   6.9 ms  err 0.17
[ 52/450] speed=6 S1  Z_ZHUYI     seed  2  goal      clr  0.39  t  14.0  inf  64  N 25.3  mpc   7.0 ms  err 0.37
[ 53/450] speed=6 S1  Z_ZHUYI     seed  3  goal      clr  0.50  t  14.5  inf  75  N 25.9  mpc   7.4 ms  err 0.21
[ 54/450] speed=6 S1  Z_ZHUYI     seed  4  goal      clr  0.44  t  14.5  inf  54  N 26.2  mpc   7.2 ms  err 0.34
[ 55/450] speed=6 S1  Z_ZHUYI     seed  5  goal      clr  0.71  t  14.1  inf  60  N 25.3  mpc   6.9 ms  err 0.34
[ 56/450] speed=6 S1  Z_ZHUYI     seed  6  goal      clr  0.68  t  12.4  inf  64  N 25.6  mpc   6.7 ms  err 0.17
[ 57/450] speed=6 S1  Z_ZHUYI     seed  7  goal      clr  0.49  t  12.7  inf  59  N 25.6  mpc   6.8 ms  err 0.31
[ 58/450] speed=6 S1  Z_ZHUYI     seed  8  goal      clr  0.59  t  17.4  inf  67  N 24.1  mpc   6.5 ms  err 0.25
[ 59/450] speed=6 S1  Z_ZHUYI     seed  9  goal      clr  0.45  t  12.6  inf  57  N 25.8  mpc   6.8 ms  err 0.29
[ 60/450] speed=6 S1  Z_ZHUYI     seed 10  goal      clr  0.40  t  14.2  inf  62  N 25.7  mpc   6.9 ms  err 0.27
[ 61/450] speed=6 S1  Z_ZHUYI     seed 11  goal      clr  0.68  t  13.1  inf  61  N 25.9  mpc   6.9 ms  err 0.24
[ 62/450] speed=6 S1  Z_ZHUYI     seed 12  goal      clr  0.45  t  30.0  inf  83  N 20.8  mpc   5.7 ms  err 0.32
[ 63/450] speed=6 S1  Z_ZHUYI     seed 13  goal      clr  0.51  t  18.6  inf  60  N 23.8  mpc   6.3 ms  err 0.18
[ 64/450] speed=6 S1  Z_ZHUYI     seed 14  goal      clr  0.75  t  16.1  inf  63  N 24.4  mpc   6.5 ms  err 0.19
[ 65/450] speed=6 S1  Z_ZHUYI     seed 15  goal      clr  0.52  t  13.7  inf  61  N 25.7  mpc   7.1 ms  err 0.29
[ 66/450] speed=6 S1  Z_ZHUYI     seed 16  goal      clr  0.69  t  12.5  inf  56  N 25.5  mpc   6.8 ms  err 0.19
[ 67/450] speed=6 S1  Z_ZHUYI     seed 17  goal      clr  0.68  t  16.7  inf  56  N 25.0  mpc   6.8 ms  err 0.31
[ 68/450] speed=6 S1  Z_ZHUYI     seed 18  goal      clr  0.69  t  13.1  inf  57  N 25.9  mpc   7.0 ms  err 0.28
[ 69/450] speed=6 S1  Z_ZHUYI     seed 19  goal      clr  0.48  t  14.0  inf  72  N 26.6  mpc   7.4 ms  err 0.27
[ 70/450] speed=6 S1  Z_ZHUYI     seed 20  goal      clr  0.39  t  13.3  inf  70  N 25.1  mpc   6.7 ms  err 0.53
[ 71/450] speed=6 S1  Z_ZHUYI     seed 21  goal      clr  0.58  t  19.6  inf  52  N 25.1  mpc   6.7 ms  err 0.37
[ 72/450] speed=6 S1  Z_ZHUYI     seed 22  goal      clr  0.57  t  26.9  inf  76  N 21.3  mpc   5.7 ms  err 0.41
[ 73/450] speed=6 S1  Z_ZHUYI     seed 23  goal      clr  0.71  t  13.0  inf  61  N 25.3  mpc   6.7 ms  err 0.19
[ 74/450] speed=6 S1  Z_ZHUYI     seed 24  goal      clr  0.50  t  12.7  inf  59  N 25.7  mpc   6.7 ms  err 0.22
[ 75/450] speed=6 S1  Z_ZHUYI     seed 25  goal      clr  0.63  t  17.4  inf  64  N 24.7  mpc   6.6 ms  err 0.18
[ 76/450] speed=6 S1  Z_ZHUYI     seed 26  goal      clr  0.38  t  13.2  inf  60  N 24.6  mpc   6.6 ms  err 0.25
[ 77/450] speed=6 S1  Z_ZHUYI     seed 27  goal      clr  0.52  t  12.6  inf  67  N 25.9  mpc   6.7 ms  err 0.13
[ 78/450] speed=6 S1  Z_ZHUYI     seed 28  goal      clr  0.71  t  12.2  inf  61  N 25.9  mpc   6.7 ms  err 0.24
[ 79/450] speed=6 S1  Z_ZHUYI     seed 29  goal      clr  0.70  t  14.4  inf  64  N 26.1  mpc   7.1 ms  err 0.20
[ 80/450] speed=6 S1  Z_ZHUYI     seed 30  goal      clr  0.41  t  21.5  inf  72  N 23.3  mpc   6.5 ms  err 0.35
[ 81/450] speed=6 S1  Z_ZHUYI     seed 31  goal      clr  0.58  t  13.2  inf  64  N 25.6  mpc   7.0 ms  err 0.16
[ 82/450] speed=6 S1  Z_ZHUYI     seed 32  goal      clr  0.69  t  12.8  inf  62  N 25.8  mpc   7.0 ms  err 0.27
[ 83/450] speed=6 S1  Z_ZHUYI     seed 33  goal      clr  0.63  t  17.6  inf  56  N 24.5  mpc   6.6 ms  err 0.16
[ 84/450] speed=6 S1  Z_ZHUYI     seed 34  goal      clr  0.65  t  14.0  inf  64  N 25.8  mpc   7.1 ms  err 0.19
[ 85/450] speed=6 S1  Z_ZHUYI     seed 35  goal      clr  0.78  t  12.6  inf  64  N 25.7  mpc   6.8 ms  err 0.36
[ 86/450] speed=6 S1  Z_ZHUYI     seed 36  goal      clr  0.56  t  16.6  inf  68  N 25.6  mpc   6.9 ms  err 0.18
[ 87/450] speed=6 S1  Z_ZHUYI     seed 37  goal      clr  0.77  t  12.5  inf  56  N 25.5  mpc   6.7 ms  err 0.24
[ 88/450] speed=6 S1  Z_ZHUYI     seed 38  goal      clr  0.53  t  13.9  inf  73  N 26.3  mpc   7.2 ms  err 0.19
[ 89/450] speed=6 S1  Z_ZHUYI     seed 39  goal      clr  0.80  t  12.5  inf  63  N 25.9  mpc   6.8 ms  err 0.20
[ 90/450] speed=6 S1  Z_ZHUYI     seed 40  goal      clr  0.65  t  17.2  inf  68  N 24.7  mpc   6.7 ms  err 0.22
[ 91/450] speed=6 S1  Z_ZHUYI     seed 41  goal      clr  0.62  t  20.3  inf  66  N 23.6  mpc   6.5 ms  err 0.38
[ 92/450] speed=6 S1  Z_ZHUYI     seed 42  goal      clr  0.60  t  21.9  inf  69  N 22.2  mpc   6.0 ms  err 0.20
[ 93/450] speed=6 S1  Z_ZHUYI     seed 43  goal      clr  0.65  t  14.1  inf  52  N 25.8  mpc   6.9 ms  err 0.22
[ 94/450] speed=6 S1  Z_ZHUYI     seed 44  goal      clr  0.32  t  22.8  inf  73  N 24.5  mpc   7.0 ms  err 0.21
[ 95/450] speed=6 S1  Z_ZHUYI     seed 45  goal      clr  0.50  t  15.1  inf  63  N 25.6  mpc   7.2 ms  err 0.23
[ 96/450] speed=6 S1  Z_ZHUYI     seed 46  goal      clr  0.62  t  12.9  inf  71  N 25.8  mpc   6.9 ms  err 0.19
[ 97/450] speed=6 S1  Z_ZHUYI     seed 47  goal      clr  0.55  t  13.6  inf  53  N 25.8  mpc   6.9 ms  err 0.17
[ 98/450] speed=6 S1  Z_ZHUYI     seed 48  goal      clr  0.58  t  14.4  inf  58  N 25.9  mpc   7.0 ms  err 0.28
[ 99/450] speed=6 S1  Z_ZHUYI     seed 49  goal      clr  0.68  t  13.1  inf  54  N 26.6  mpc   7.0 ms  err 0.24
[100/450] speed=6 S1  Z_ZHUYI     seed 50  goal      clr  0.57  t  18.1  inf  62  N 24.4  mpc   6.5 ms  err 0.26
[101/450] speed=6 S1  A_FR_FN     seed  1  goal      clr  0.42  t  11.5  inf 108  N 20.0  mpc   4.5 ms  err 0.16
[102/450] speed=6 S1  A_FR_FN     seed  2  goal      clr  0.40  t  11.5  inf 108  N 20.0  mpc   4.5 ms  err 0.20
[103/450] speed=6 S1  A_FR_FN     seed  3  goal      clr  0.41  t  12.9  inf 121  N 20.0  mpc   4.6 ms  err 0.21
[104/450] speed=6 S1  A_FR_FN     seed  4  goal      clr  0.57  t  11.4  inf 108  N 20.0  mpc   4.4 ms  err 0.15
[105/450] speed=6 S1  A_FR_FN     seed  5  goal      clr  0.42  t  11.6  inf 106  N 20.0  mpc   4.5 ms  err 0.43
[106/450] speed=6 S1  A_FR_FN     seed  6  goal      clr  0.53  t  11.4  inf 108  N 20.0  mpc   4.4 ms  err 0.13
[107/450] speed=6 S1  A_FR_FN     seed  7  goal      clr  0.39  t  11.4  inf 104  N 20.0  mpc   4.3 ms  err 0.20
[108/450] speed=6 S1  A_FR_FN     seed  8  goal      clr  0.37  t  13.2  inf 124  N 20.0  mpc   4.5 ms  err 0.15
[109/450] speed=6 S1  A_FR_FN     seed  9  goal      clr  0.50  t  11.4  inf 107  N 20.0  mpc   4.4 ms  err 0.18
[110/450] speed=6 S1  A_FR_FN     seed 10  goal      clr  0.38  t  11.6  inf 106  N 20.0  mpc   4.3 ms  err 0.27
[111/450] speed=6 S1  A_FR_FN     seed 11  goal      clr  0.44  t  11.6  inf 105  N 20.0  mpc   4.2 ms  err 0.21
[112/450] speed=6 S1  A_FR_FN     seed 12  goal      clr  0.45  t  11.5  inf 107  N 20.0  mpc   4.4 ms  err 0.15
[113/450] speed=6 S1  A_FR_FN     seed 13  goal      clr  0.52  t  11.5  inf 109  N 20.0  mpc   4.4 ms  err 0.13
[114/450] speed=6 S1  A_FR_FN     seed 14  goal      clr  0.42  t  24.0  inf 220  N 20.0  mpc   5.0 ms  err 0.14
[115/450] speed=6 S1  A_FR_FN     seed 15  goal      clr  0.34  t  13.5  inf 124  N 20.0  mpc   4.5 ms  err 0.16
[116/450] speed=6 S1  A_FR_FN     seed 16  goal      clr  0.54  t  11.5  inf 108  N 20.0  mpc   4.4 ms  err 0.21
[117/450] speed=6 S1  A_FR_FN     seed 17  goal      clr  0.57  t  11.5  inf 110  N 20.0  mpc   4.3 ms  err 0.15
[118/450] speed=6 S1  A_FR_FN     seed 18  goal      clr  0.40  t  11.4  inf 107  N 20.0  mpc   4.4 ms  err 0.16
[119/450] speed=6 S1  A_FR_FN     seed 19  goal      clr  0.42  t  12.0  inf 113  N 20.0  mpc   4.6 ms  err 0.15
[120/450] speed=6 S1  A_FR_FN     seed 20  goal      clr  0.26  t  11.6  inf 108  N 20.0  mpc   4.4 ms  err 0.22
[121/450] speed=6 S1  A_FR_FN     seed 21  goal      clr  0.60  t  11.5  inf 106  N 20.0  mpc   4.4 ms  err 0.17
[122/450] speed=6 S1  A_FR_FN     seed 22  goal      clr  0.54  t  11.5  inf 109  N 20.0  mpc   4.3 ms  err 0.30
[123/450] speed=6 S1  A_FR_FN     seed 23  goal      clr  0.57  t  11.4  inf 105  N 20.0  mpc   4.4 ms  err 0.20
[124/450] speed=6 S1  A_FR_FN     seed 24  goal      clr  0.57  t  11.4  inf 106  N 20.0  mpc   4.2 ms  err 0.21
[125/450] speed=6 S1  A_FR_FN     seed 25  goal      clr  0.54  t  11.6  inf 108  N 20.0  mpc   4.3 ms  err 0.18
[126/450] speed=6 S1  A_FR_FN     seed 26  goal      clr  0.47  t  11.5  inf 107  N 20.0  mpc   4.3 ms  err 0.28
[127/450] speed=6 S1  A_FR_FN     seed 27  goal      clr  0.42  t  11.4  inf 106  N 20.0  mpc   4.3 ms  err 0.12
[128/450] speed=6 S1  A_FR_FN     seed 28  goal      clr  0.50  t  11.5  inf 107  N 20.0  mpc   4.3 ms  err 0.20
[129/450] speed=6 S1  A_FR_FN     seed 29  goal      clr  0.41  t  11.6  inf 109  N 20.0  mpc   4.4 ms  err 0.15
[130/450] speed=6 S1  A_FR_FN     seed 30  goal      clr  0.54  t  11.5  inf 106  N 20.0  mpc   4.3 ms  err 0.16
[131/450] speed=6 S1  A_FR_FN     seed 31  goal      clr  0.48  t  11.7  inf 110  N 20.0  mpc   4.4 ms  err 0.21
[132/450] speed=6 S1  A_FR_FN     seed 32  goal      clr  0.41  t  11.7  inf 111  N 20.0  mpc   4.4 ms  err 0.16
[133/450] speed=6 S1  A_FR_FN     seed 33  goal      clr  0.58  t  11.4  inf 107  N 20.0  mpc   4.3 ms  err 0.19
[134/450] speed=6 S1  A_FR_FN     seed 34  goal      clr  0.46  t  11.9  inf 113  N 20.0  mpc   4.4 ms  err 0.12
[135/450] speed=6 S1  A_FR_FN     seed 35  goal      clr  0.45  t  11.6  inf 110  N 20.0  mpc   4.5 ms  err 0.24
[136/450] speed=6 S1  A_FR_FN     seed 36  goal      clr  0.43  t  11.4  inf 108  N 20.0  mpc   4.3 ms  err 0.23
[137/450] speed=6 S1  A_FR_FN     seed 37  goal      clr  0.25  t  12.2  inf 115  N 20.0  mpc   4.4 ms  err 0.16
[138/450] speed=6 S1  A_FR_FN     seed 38  goal      clr  0.42  t  11.9  inf 110  N 20.0  mpc   4.2 ms  err 0.16
[139/450] speed=6 S1  A_FR_FN     seed 39  goal      clr  0.48  t  11.4  inf 104  N 20.0  mpc   4.2 ms  err 0.09
[140/450] speed=6 S1  A_FR_FN     seed 40  goal      clr  0.52  t  11.4  inf 108  N 20.0  mpc   4.1 ms  err 0.21
[141/450] speed=6 S1  A_FR_FN     seed 41  goal      clr  0.50  t  11.7  inf 109  N 20.0  mpc   4.4 ms  err 0.16
[142/450] speed=6 S1  A_FR_FN     seed 42  goal      clr  0.37  t  11.8  inf 111  N 20.0  mpc   4.2 ms  err 0.23
[143/450] speed=6 S1  A_FR_FN     seed 43  goal      clr  0.50  t  11.5  inf 106  N 20.0  mpc   4.2 ms  err 0.18
[144/450] speed=6 S1  A_FR_FN     seed 44  goal      clr  0.56  t  11.4  inf 104  N 20.0  mpc   4.1 ms  err 0.14
[145/450] speed=6 S1  A_FR_FN     seed 45  goal      clr  0.29  t  11.7  inf 110  N 20.0  mpc   4.3 ms  err 0.31
[146/450] speed=6 S1  A_FR_FN     seed 46  goal      clr  0.48  t  11.4  inf 106  N 20.0  mpc   4.2 ms  err 0.22
[147/450] speed=6 S1  A_FR_FN     seed 47  goal      clr  0.44  t  11.8  inf 108  N 20.0  mpc   4.3 ms  err 0.22
[148/450] speed=6 S1  A_FR_FN     seed 48  goal      clr  0.41  t  11.4  inf 108  N 20.0  mpc   4.1 ms  err 0.25
[149/450] speed=6 S1  A_FR_FN     seed 49  goal      clr  0.46  t  11.5  inf 110  N 20.0  mpc   4.1 ms  err 0.15
[150/450] speed=6 S1  A_FR_FN     seed 50  goal      clr  0.42  t  11.5  inf 109  N 20.0  mpc   4.3 ms  err 0.15
[151/450] speed=6 S1  F_NODELAY   seed  1  goal      clr  0.39  t  30.7  inf 194  N 23.3  mpc   6.5 ms  err 0.98
[152/450] speed=6 S1  F_NODELAY   seed  2  goal      clr  0.47  t  28.2  inf 220  N 26.5  mpc   7.9 ms  err 1.01
[153/450] speed=6 S1  F_NODELAY   seed  3  collision clr -0.01  t   3.1  inf  24  N 25.0  mpc   7.0 ms  err 1.50
[154/450] speed=6 S1  F_NODELAY   seed  4  goal      clr  0.15  t  22.4  inf 160  N 24.9  mpc   7.1 ms  err 1.28
[155/450] speed=6 S1  F_NODELAY   seed  5  goal      clr  0.52  t  28.1  inf 174  N 23.4  mpc   6.7 ms  err 1.29
[156/450] speed=6 S1  F_NODELAY   seed  6  goal      clr  0.49  t  21.8  inf 152  N 26.6  mpc   8.1 ms  err 1.61
[157/450] speed=6 S1  F_NODELAY   seed  7  goal      clr  0.45  t  21.7  inf 146  N 25.5  mpc   7.8 ms  err 1.76
[158/450] speed=6 S1  F_NODELAY   seed  8  goal      clr  0.32  t  20.2  inf 130  N 25.6  mpc   7.2 ms  err 1.31
[159/450] speed=6 S1  F_NODELAY   seed  9  goal      clr  0.13  t  22.3  inf 170  N 25.8  mpc   7.4 ms  err 1.06
[160/450] speed=6 S1  F_NODELAY   seed 10  goal      clr  0.15  t  17.4  inf 115  N 25.5  mpc   7.6 ms  err 1.28
[161/450] speed=6 S1  F_NODELAY   seed 11  timeout   clr  0.11  t  40.0  inf 264  N 23.7  mpc   7.0 ms  err 1.04
[162/450] speed=6 S1  F_NODELAY   seed 12  goal      clr  0.36  t  20.8  inf 154  N 27.1  mpc   8.3 ms  err 1.08
[163/450] speed=6 S1  F_NODELAY   seed 13  collision clr -0.00  t   8.1  inf  69  N 27.9  mpc   7.9 ms  err 1.27
[164/450] speed=6 S1  F_NODELAY   seed 14  goal      clr  0.18  t  34.6  inf 244  N 25.1  mpc   7.5 ms  err 1.31
[165/450] speed=6 S1  F_NODELAY   seed 15  goal      clr  0.57  t  19.1  inf 141  N 26.0  mpc   7.7 ms  err 1.01
[166/450] speed=6 S1  F_NODELAY   seed 16  goal      clr  0.68  t  14.2  inf  96  N 25.7  mpc   6.8 ms  err 1.05
[167/450] speed=6 S1  F_NODELAY   seed 17  goal      clr  0.25  t  32.1  inf 235  N 24.5  mpc   7.1 ms  err 0.98
[168/450] speed=6 S1  F_NODELAY   seed 18  goal      clr  0.46  t  15.4  inf 113  N 26.3  mpc   7.2 ms  err 0.97
[169/450] speed=6 S1  F_NODELAY   seed 19  goal      clr  0.20  t  30.0  inf 194  N 24.9  mpc   7.5 ms  err 0.96
[170/450] speed=6 S1  F_NODELAY   seed 20  goal      clr  0.65  t  17.5  inf 134  N 25.9  mpc   7.2 ms  err 1.07
[171/450] speed=6 S1  F_NODELAY   seed 21  goal      clr  0.26  t  35.9  inf 247  N 25.4  mpc   7.8 ms  err 1.11
[172/450] speed=6 S1  F_NODELAY   seed 22  goal      clr  0.21  t  15.9  inf 119  N 26.7  mpc   7.3 ms  err 0.87
[173/450] speed=6 S1  F_NODELAY   seed 23  goal      clr  0.38  t  20.4  inf 149  N 26.6  mpc   7.6 ms  err 1.14
[174/450] speed=6 S1  F_NODELAY   seed 24  goal      clr  0.16  t  23.5  inf 169  N 25.7  mpc   7.5 ms  err 1.48
[175/450] speed=6 S1  F_NODELAY   seed 25  goal      clr  0.16  t  28.1  inf 182  N 26.2  mpc   7.7 ms  err 1.14
[176/450] speed=6 S1  F_NODELAY   seed 26  collision clr -0.01  t   6.6  inf  52  N 27.7  mpc   8.0 ms  err 1.16
[177/450] speed=6 S1  F_NODELAY   seed 27  goal      clr  0.07  t  22.9  inf 163  N 25.4  mpc   7.3 ms  err 1.35
[178/450] speed=6 S1  F_NODELAY   seed 28  goal      clr  0.39  t  22.2  inf 166  N 27.2  mpc   7.8 ms  err 1.11
[179/450] speed=6 S1  F_NODELAY   seed 29  goal      clr  0.22  t  18.4  inf 120  N 25.4  mpc   7.2 ms  err 1.19
[180/450] speed=6 S1  F_NODELAY   seed 30  goal      clr  0.47  t  23.5  inf 166  N 24.0  mpc   6.8 ms  err 1.32
[181/450] speed=6 S1  F_NODELAY   seed 31  goal      clr  0.02  t  19.3  inf 146  N 26.6  mpc   7.5 ms  err 1.03
[182/450] speed=6 S1  F_NODELAY   seed 32  goal      clr  0.53  t  28.8  inf 197  N 25.7  mpc   7.6 ms  err 1.18
[183/450] speed=6 S1  F_NODELAY   seed 33  collision clr -0.00  t  21.6  inf 175  N 27.2  mpc   8.3 ms  err 1.18
[184/450] speed=6 S1  F_NODELAY   seed 34  goal      clr  0.22  t  16.4  inf 102  N 25.8  mpc   7.3 ms  err 1.31
[185/450] speed=6 S1  F_NODELAY   seed 35  goal      clr  0.41  t  39.5  inf 264  N 24.6  mpc   6.1 ms  err 0.82
[186/450] speed=6 S1  F_NODELAY   seed 36  goal      clr  0.59  t  19.0  inf 141  N 26.4  mpc   7.4 ms  err 0.90
[187/450] speed=6 S1  F_NODELAY   seed 37  goal      clr  0.19  t  24.2  inf 143  N 23.3  mpc   6.6 ms  err 1.47
[188/450] speed=6 S1  F_NODELAY   seed 38  collision clr -0.00  t   3.1  inf  22  N 24.9  mpc   7.1 ms  err 1.78
[189/450] speed=6 S1  F_NODELAY   seed 39  goal      clr  0.34  t  19.5  inf 126  N 26.4  mpc   7.5 ms  err 1.21
[190/450] speed=6 S1  F_NODELAY   seed 40  collision clr -0.00  t  24.5  inf 173  N 26.2  mpc   7.7 ms  err 0.93
[191/450] speed=6 S1  F_NODELAY   seed 41  goal      clr  0.31  t  19.4  inf 135  N 24.9  mpc   6.6 ms  err 1.06
[192/450] speed=6 S1  F_NODELAY   seed 42  goal      clr  0.44  t  30.8  inf 209  N 24.5  mpc   6.8 ms  err 0.92
[193/450] speed=6 S1  F_NODELAY   seed 43  goal      clr  0.53  t  16.8  inf 123  N 26.7  mpc   7.5 ms  err 1.00
[194/450] speed=6 S1  F_NODELAY   seed 44  goal      clr  0.07  t  20.5  inf 135  N 26.5  mpc   7.5 ms  err 1.38
[195/450] speed=6 S1  F_NODELAY   seed 45  collision clr -0.00  t  12.8  inf 108  N 27.2  mpc   9.0 ms  err 1.02
[196/450] speed=6 S1  F_NODELAY   seed 46  goal      clr  0.17  t  25.7  inf 191  N 26.1  mpc   7.6 ms  err 1.01
[197/450] speed=6 S1  F_NODELAY   seed 47  goal      clr  0.17  t  16.7  inf  94  N 24.9  mpc   6.6 ms  err 1.88
[198/450] speed=6 S1  F_NODELAY   seed 48  collision clr -0.01  t  12.0  inf  93  N 26.2  mpc   7.6 ms  err 0.91
[199/450] speed=6 S1  F_NODELAY   seed 49  goal      clr  0.48  t  15.7  inf 116  N 26.1  mpc   6.7 ms  err 0.97
[200/450] speed=6 S1  F_NODELAY   seed 50  timeout   clr  0.18  t  40.0  inf 275  N 20.8  mpc   5.8 ms  err 0.84
[201/450] speed=6 S1  FR_SAFE_1   seed  1  goal      clr  0.59  t  21.1  inf  22  N 26.9  mpc   7.8 ms  err 0.32
[202/450] speed=6 S1  FR_SAFE_1   seed  2  goal      clr  0.74  t  15.7  inf  16  N 26.6  mpc   7.4 ms  err 0.31
[203/450] speed=6 S1  FR_SAFE_1   seed  3  collision clr -0.00  t  13.9  inf  14  N 21.5  mpc   6.7 ms  err 0.47
[204/450] speed=6 S1  FR_SAFE_1   seed  4  goal      clr  0.70  t  20.6  inf  21  N 25.8  mpc   7.6 ms  err 0.52
[205/450] speed=6 S1  FR_SAFE_1   seed  5  goal      clr  0.66  t  17.8  inf  18  N 26.4  mpc   7.6 ms  err 0.36
[206/450] speed=6 S1  FR_SAFE_1   seed  6  goal      clr  0.57  t  19.4  inf  20  N 26.4  mpc   7.4 ms  err 0.33
[207/450] speed=6 S1  FR_SAFE_1   seed  7  goal      clr  0.77  t  14.1  inf  15  N 25.8  mpc   7.0 ms  err 0.40
[208/450] speed=6 S1  FR_SAFE_1   seed  8  goal      clr  0.46  t  24.1  inf  25  N 24.8  mpc   6.8 ms  err 0.42
[209/450] speed=6 S1  FR_SAFE_1   seed  9  goal      clr  0.77  t  14.9  inf  15  N 26.8  mpc   7.1 ms  err 0.46
[210/450] speed=6 S1  FR_SAFE_1   seed 10  goal      clr  0.79  t  21.1  inf  22  N 25.4  mpc   7.2 ms  err 0.39
[211/450] speed=6 S1  FR_SAFE_1   seed 11  goal      clr  0.59  t  24.9  inf  25  N 26.0  mpc   7.3 ms  err 0.32
[212/450] speed=6 S1  FR_SAFE_1   seed 12  timeout   clr  0.56  t  40.0  inf  40  N 18.3  mpc   5.0 ms  err 0.85
[213/450] speed=6 S1  FR_SAFE_1   seed 13  goal      clr  0.61  t  29.0  inf  30  N 24.1  mpc   6.8 ms  err 0.28
[214/450] speed=6 S1  FR_SAFE_1   seed 14  goal      clr  0.60  t  21.8  inf  22  N 24.9  mpc   6.9 ms  err 0.34
[215/450] speed=6 S1  FR_SAFE_1   seed 15  goal      clr  0.70  t  28.1  inf  29  N 24.6  mpc   7.2 ms  err 0.29
[216/450] speed=6 S1  FR_SAFE_1   seed 16  goal      clr  1.03  t  15.2  inf  16  N 25.7  mpc   6.9 ms  err 0.34
[217/450] speed=6 S1  FR_SAFE_1   seed 17  goal      clr  0.74  t  26.4  inf  27  N 24.6  mpc   6.8 ms  err 0.43
[218/450] speed=6 S1  FR_SAFE_1   seed 18  goal      clr  0.63  t  23.9  inf  24  N 24.6  mpc   7.1 ms  err 0.37
[219/450] speed=6 S1  FR_SAFE_1   seed 19  goal      clr  0.66  t  25.5  inf  26  N 24.3  mpc   6.8 ms  err 0.28
[220/450] speed=6 S1  FR_SAFE_1   seed 20  goal      clr  0.64  t  19.2  inf  20  N 24.7  mpc   6.8 ms  err 0.27
[221/450] speed=6 S1  FR_SAFE_1   seed 21  goal      clr  0.79  t  19.4  inf  20  N 25.1  mpc   6.7 ms  err 0.31
[222/450] speed=6 S1  FR_SAFE_1   seed 22  goal      clr  0.60  t  20.1  inf  21  N 24.7  mpc   6.7 ms  err 0.36
[223/450] speed=6 S1  FR_SAFE_1   seed 23  timeout   clr  0.81  t  40.0  inf  40  N 14.9  mpc   3.9 ms  err 0.61
[224/450] speed=6 S1  FR_SAFE_1   seed 24  goal      clr  0.82  t  14.4  inf  15  N 26.1  mpc   7.3 ms  err 0.41
[225/450] speed=6 S1  FR_SAFE_1   seed 25  goal      clr  0.58  t  17.0  inf  17  N 26.8  mpc   7.6 ms  err 0.41
[226/450] speed=6 S1  FR_SAFE_1   seed 26  goal      clr  0.47  t  18.9  inf  19  N 25.1  mpc   7.0 ms  err 0.37
[227/450] speed=6 S1  FR_SAFE_1   seed 27  goal      clr  0.83  t  16.3  inf  17  N 25.0  mpc   6.7 ms  err 0.33
[228/450] speed=6 S1  FR_SAFE_1   seed 28  goal      clr  0.64  t  15.6  inf  16  N 26.7  mpc   7.0 ms  err 0.36
[229/450] speed=6 S1  FR_SAFE_1   seed 29  goal      clr  0.52  t  31.4  inf  32  N 24.1  mpc   6.4 ms  err 0.42
[230/450] speed=6 S1  FR_SAFE_1   seed 30  goal      clr  0.62  t  22.1  inf  23  N 24.5  mpc   6.6 ms  err 0.49
[231/450] speed=6 S1  FR_SAFE_1   seed 31  goal      clr  0.57  t  15.6  inf  16  N 27.1  mpc   7.6 ms  err 0.40
[232/450] speed=6 S1  FR_SAFE_1   seed 32  goal      clr  0.79  t  16.0  inf  16  N 26.5  mpc   7.4 ms  err 0.34
[233/450] speed=6 S1  FR_SAFE_1   seed 33  goal      clr  0.16  t  26.8  inf  27  N 24.8  mpc   7.2 ms  err 0.43
[234/450] speed=6 S1  FR_SAFE_1   seed 34  goal      clr  0.70  t  26.3  inf  27  N 24.3  mpc   7.0 ms  err 0.43
[235/450] speed=6 S1  FR_SAFE_1   seed 35  goal      clr  0.49  t  19.1  inf  20  N 26.1  mpc   6.9 ms  err 0.37
[236/450] speed=6 S1  FR_SAFE_1   seed 36  goal      clr  0.56  t  23.4  inf  24  N 25.9  mpc   7.3 ms  err 0.38
[237/450] speed=6 S1  FR_SAFE_1   seed 37  goal      clr  0.64  t  20.6  inf  21  N 24.6  mpc   6.7 ms  err 0.32
[238/450] speed=6 S1  FR_SAFE_1   seed 38  timeout   clr  0.68  t  40.0  inf  40  N 21.2  mpc   5.7 ms  err 0.52
[239/450] speed=6 S1  FR_SAFE_1   seed 39  goal      clr  0.89  t  15.3  inf  16  N 26.7  mpc   7.2 ms  err 0.39
[240/450] speed=6 S1  FR_SAFE_1   seed 40  goal      clr  0.47  t  22.5  inf  23  N 26.1  mpc   7.4 ms  err 0.43
[241/450] speed=6 S1  FR_SAFE_1   seed 41  goal      clr  0.41  t  24.8  inf  25  N 24.2  mpc   6.6 ms  err 0.43
[242/450] speed=6 S1  FR_SAFE_1   seed 42  goal      clr  0.66  t  27.7  inf  28  N 23.3  mpc   6.4 ms  err 0.49
[243/450] speed=6 S1  FR_SAFE_1   seed 43  goal      clr  0.74  t  15.8  inf  16  N 26.5  mpc   7.5 ms  err 0.36
[244/450] speed=6 S1  FR_SAFE_1   seed 44  goal      clr  0.58  t  37.9  inf  38  N 20.4  mpc   5.2 ms  err 0.20
[245/450] speed=6 S1  FR_SAFE_1   seed 45  goal      clr  0.56  t  20.8  inf  21  N 25.9  mpc   7.4 ms  err 0.52
[246/450] speed=6 S1  FR_SAFE_1   seed 46  timeout   clr  0.38  t  40.0  inf  40  N 21.2  mpc   6.0 ms  err 0.58
[247/450] speed=6 S1  FR_SAFE_1   seed 47  goal      clr  0.60  t  30.4  inf  31  N 24.4  mpc   6.8 ms  err 0.31
[248/450] speed=6 S1  FR_SAFE_1   seed 48  goal      clr  0.53  t  19.8  inf  20  N 26.7  mpc   7.3 ms  err 0.24
[249/450] speed=6 S1  FR_SAFE_1   seed 49  goal      clr  0.88  t  15.3  inf  16  N 26.4  mpc   7.2 ms  err 0.34
[250/450] speed=6 S1  FR_SAFE_1   seed 50  goal      clr  0.52  t  27.4  inf  28  N 24.8  mpc   7.0 ms  err 0.39
[251/450] speed=6 S1  FR_SAFE_2   seed  1  goal      clr  0.39  t  16.1  inf  33  N 26.5  mpc   7.2 ms  err 0.35
[252/450] speed=6 S1  FR_SAFE_2   seed  2  goal      clr  0.56  t  14.8  inf  30  N 25.8  mpc   6.9 ms  err 0.35
[253/450] speed=6 S1  FR_SAFE_2   seed  3  goal      clr  0.57  t  17.8  inf  36  N 26.4  mpc   7.2 ms  err 0.21
[254/450] speed=6 S1  FR_SAFE_2   seed  4  goal      clr  0.68  t  14.3  inf  29  N 26.2  mpc   6.8 ms  err 0.25
[255/450] speed=6 S1  FR_SAFE_2   seed  5  goal      clr  0.70  t  14.6  inf  30  N 25.9  mpc   6.7 ms  err 0.45
[256/450] speed=6 S1  FR_SAFE_2   seed  6  goal      clr  0.67  t  13.8  inf  28  N 25.9  mpc   6.7 ms  err 0.26
[257/450] speed=6 S1  FR_SAFE_2   seed  7  goal      clr  0.58  t  14.2  inf  29  N 25.6  mpc   6.9 ms  err 0.26
[258/450] speed=6 S1  FR_SAFE_2   seed  8  goal      clr  0.64  t  19.1  inf  39  N 23.4  mpc   6.2 ms  err 0.52
[259/450] speed=6 S1  FR_SAFE_2   seed  9  goal      clr  0.26  t  15.2  inf  31  N 25.7  mpc   6.7 ms  err 0.40
[260/450] speed=6 S1  FR_SAFE_2   seed 10  goal      clr  0.44  t  18.9  inf  38  N 26.5  mpc   7.6 ms  err 0.24
[261/450] speed=6 S1  FR_SAFE_2   seed 11  goal      clr  0.70  t  14.4  inf  29  N 26.0  mpc   6.6 ms  err 0.15
[262/450] speed=6 S1  FR_SAFE_2   seed 12  goal      clr  0.55  t  20.6  inf  42  N 24.5  mpc   6.6 ms  err 0.40
[263/450] speed=6 S1  FR_SAFE_2   seed 13  goal      clr  0.64  t  14.7  inf  30  N 26.1  mpc   7.1 ms  err 0.25
[264/450] speed=6 S1  FR_SAFE_2   seed 14  goal      clr  0.61  t  17.1  inf  35  N 24.3  mpc   6.4 ms  err 0.28
[265/450] speed=6 S1  FR_SAFE_2   seed 15  goal      clr  0.43  t  21.8  inf  44  N 26.5  mpc   8.0 ms  err 0.34
[266/450] speed=6 S1  FR_SAFE_2   seed 16  goal      clr  0.71  t  13.1  inf  27  N 25.6  mpc   6.5 ms  err 0.24
[267/450] speed=6 S1  FR_SAFE_2   seed 17  goal      clr  0.45  t  15.1  inf  31  N 25.2  mpc   7.1 ms  err 0.32
[268/450] speed=6 S1  FR_SAFE_2   seed 18  goal      clr  0.63  t  15.0  inf  31  N 26.5  mpc   7.2 ms  err 0.21
[269/450] speed=6 S1  FR_SAFE_2   seed 19  goal      clr  0.56  t  20.7  inf  42  N 26.1  mpc   7.7 ms  err 0.20
[270/450] speed=6 S1  FR_SAFE_2   seed 20  goal      clr  0.81  t  13.9  inf  28  N 26.0  mpc   6.9 ms  err 0.21
[271/450] speed=6 S1  FR_SAFE_2   seed 21  goal      clr  0.60  t  18.8  inf  38  N 25.9  mpc   7.3 ms  err 0.28
[272/450] speed=6 S1  FR_SAFE_2   seed 22  goal      clr  0.61  t  14.3  inf  29  N 26.0  mpc   6.9 ms  err 0.36
[273/450] speed=6 S1  FR_SAFE_2   seed 23  goal      clr  0.68  t  14.9  inf  30  N 25.9  mpc   6.9 ms  err 0.21
[274/450] speed=6 S1  FR_SAFE_2   seed 24  goal      clr  0.47  t  18.1  inf  37  N 25.2  mpc   7.0 ms  err 0.27
[275/450] speed=6 S1  FR_SAFE_2   seed 25  goal      clr  0.71  t  13.7  inf  28  N 26.0  mpc   6.9 ms  err 0.24
[276/450] speed=6 S1  FR_SAFE_2   seed 26  goal      clr  0.73  t  13.8  inf  28  N 25.7  mpc   6.9 ms  err 0.27
[277/450] speed=6 S1  FR_SAFE_2   seed 27  goal      clr  0.39  t  13.8  inf  28  N 26.0  mpc   6.9 ms  err 0.25
[278/450] speed=6 S1  FR_SAFE_2   seed 28  goal      clr  0.76  t  13.4  inf  27  N 26.3  mpc   6.7 ms  err 0.35
[279/450] speed=6 S1  FR_SAFE_2   seed 29  goal      clr  0.49  t  17.0  inf  35  N 26.6  mpc   7.5 ms  err 0.21
[280/450] speed=6 S1  FR_SAFE_2   seed 30  goal      clr  0.70  t  13.9  inf  28  N 25.8  mpc   7.0 ms  err 0.34
[281/450] speed=6 S1  FR_SAFE_2   seed 31  goal      clr  0.65  t  14.6  inf  30  N 26.2  mpc   7.2 ms  err 0.21
[282/450] speed=6 S1  FR_SAFE_2   seed 32  goal      clr  0.68  t  14.1  inf  29  N 26.2  mpc   7.0 ms  err 0.29
[283/450] speed=6 S1  FR_SAFE_2   seed 33  goal      clr  0.25  t  17.1  inf  35  N 26.3  mpc   7.6 ms  err 0.25
[284/450] speed=6 S1  FR_SAFE_2   seed 34  goal      clr  0.46  t  24.4  inf  49  N 24.3  mpc   7.1 ms  err 0.29
[285/450] speed=6 S1  FR_SAFE_2   seed 35  goal      clr  0.77  t  13.6  inf  28  N 26.0  mpc   6.6 ms  err 0.30
[286/450] speed=6 S1  FR_SAFE_2   seed 36  goal      clr  0.77  t  17.9  inf  36  N 24.6  mpc   6.4 ms  err 0.29
[287/450] speed=6 S1  FR_SAFE_2   seed 37  goal      clr  0.53  t  14.8  inf  30  N 26.2  mpc   7.3 ms  err 0.28
[288/450] speed=6 S1  FR_SAFE_2   seed 38  goal      clr  0.56  t  17.3  inf  35  N 26.4  mpc   7.2 ms  err 0.34
[289/450] speed=6 S1  FR_SAFE_2   seed 39  goal      clr  0.74  t  13.8  inf  28  N 26.2  mpc   6.7 ms  err 0.29
[290/450] speed=6 S1  FR_SAFE_2   seed 40  goal      clr  0.58  t  17.1  inf  35  N 25.5  mpc   7.0 ms  err 0.22
[291/450] speed=6 S1  FR_SAFE_2   seed 41  goal      clr  0.51  t  18.6  inf  38  N 24.8  mpc   6.8 ms  err 0.21
[292/450] speed=6 S1  FR_SAFE_2   seed 42  goal      clr  0.63  t  14.9  inf  30  N 26.2  mpc   6.6 ms  err 0.25
[293/450] speed=6 S1  FR_SAFE_2   seed 43  goal      clr  0.55  t  14.4  inf  29  N 26.3  mpc   6.8 ms  err 0.45
[294/450] speed=6 S1  FR_SAFE_2   seed 44  goal      clr  0.84  t  13.4  inf  27  N 25.5  mpc   6.5 ms  err 0.19
[295/450] speed=6 S1  FR_SAFE_2   seed 45  goal      clr  0.55  t  15.4  inf  31  N 26.2  mpc   7.1 ms  err 0.23
[296/450] speed=6 S1  FR_SAFE_2   seed 46  goal      clr  0.62  t  14.6  inf  30  N 26.1  mpc   6.8 ms  err 0.17
[297/450] speed=6 S1  FR_SAFE_2   seed 47  goal      clr  0.53  t  14.2  inf  29  N 25.8  mpc   6.7 ms  err 0.22
[298/450] speed=6 S1  FR_SAFE_2   seed 48  goal      clr  0.66  t  14.8  inf  30  N 25.7  mpc   6.9 ms  err 0.26
[299/450] speed=6 S1  FR_SAFE_2   seed 49  goal      clr  0.63  t  13.3  inf  27  N 25.6  mpc   6.6 ms  err 0.24
[300/450] speed=6 S1  FR_SAFE_2   seed 50  goal      clr  0.60  t  14.9  inf  30  N 26.1  mpc   6.8 ms  err 0.33
[301/450] speed=6 S1  FR_SAFE_3   seed  1  goal      clr  0.51  t  13.7  inf  41  N 26.1  mpc   6.7 ms  err 0.20
[302/450] speed=6 S1  FR_SAFE_3   seed  2  goal      clr  0.46  t  14.7  inf  44  N 25.4  mpc   6.7 ms  err 0.28
[303/450] speed=6 S1  FR_SAFE_3   seed  3  goal      clr  0.48  t  14.8  inf  44  N 26.2  mpc   7.0 ms  err 0.24
[304/450] speed=6 S1  FR_SAFE_3   seed  4  goal      clr  0.61  t  13.8  inf  41  N 26.2  mpc   6.9 ms  err 0.25
[305/450] speed=6 S1  FR_SAFE_3   seed  5  goal      clr  0.70  t  14.8  inf  44  N 25.5  mpc   6.7 ms  err 0.22
[306/450] speed=6 S1  FR_SAFE_3   seed  6  goal      clr  0.72  t  12.9  inf  39  N 25.6  mpc   6.3 ms  err 0.18
[307/450] speed=6 S1  FR_SAFE_3   seed  7  goal      clr  0.69  t  12.9  inf  39  N 25.6  mpc   6.5 ms  err 0.19
[308/450] speed=6 S1  FR_SAFE_3   seed  8  goal      clr  0.66  t  15.0  inf  45  N 25.9  mpc   6.8 ms  err 0.48
[309/450] speed=6 S1  FR_SAFE_3   seed  9  goal      clr  0.32  t  15.8  inf  47  N 25.5  mpc   6.7 ms  err 0.29
[310/450] speed=6 S1  FR_SAFE_3   seed 10  goal      clr  0.61  t  13.7  inf  41  N 25.4  mpc   6.5 ms  err 0.13
[311/450] speed=6 S1  FR_SAFE_3   seed 11  goal      clr  0.74  t  13.2  inf  39  N 25.7  mpc   6.4 ms  err 0.27
[312/450] speed=6 S1  FR_SAFE_3   seed 12  goal      clr  0.50  t  14.0  inf  42  N 26.2  mpc   6.5 ms  err 0.21
[313/450] speed=6 S1  FR_SAFE_3   seed 13  goal      clr  0.71  t  13.0  inf  39  N 26.1  mpc   6.6 ms  err 0.13
[314/450] speed=6 S1  FR_SAFE_3   seed 14  goal      clr  0.52  t  15.7  inf  47  N 25.7  mpc   6.6 ms  err 0.30
[315/450] speed=6 S1  FR_SAFE_3   seed 15  goal      clr  0.61  t  14.6  inf  44  N 25.5  mpc   6.6 ms  err 0.30
[316/450] speed=6 S1  FR_SAFE_3   seed 16  goal      clr  0.67  t  13.9  inf  41  N 25.6  mpc   6.5 ms  err 0.18
[317/450] speed=6 S1  FR_SAFE_3   seed 17  goal      clr  0.69  t  13.2  inf  39  N 25.7  mpc   6.5 ms  err 0.18
[318/450] speed=6 S1  FR_SAFE_3   seed 18  goal      clr  0.74  t  14.5  inf  43  N 25.1  mpc   6.5 ms  err 0.28
[319/450] speed=6 S1  FR_SAFE_3   seed 19  goal      clr  0.44  t  22.9  inf  68  N 25.6  mpc   7.1 ms  err 0.38
[320/450] speed=6 S1  FR_SAFE_3   seed 20  goal      clr  0.71  t  12.9  inf  38  N 25.6  mpc   6.4 ms  err 0.35
[321/450] speed=6 S1  FR_SAFE_3   seed 21  goal      clr  0.89  t  13.2  inf  39  N 25.7  mpc   6.5 ms  err 0.20
[322/450] speed=6 S1  FR_SAFE_3   seed 22  goal      clr  0.68  t  12.9  inf  39  N 25.8  mpc   6.5 ms  err 0.26
[323/450] speed=6 S1  FR_SAFE_3   seed 23  goal      clr  0.55  t  14.2  inf  42  N 25.0  mpc   6.4 ms  err 0.22
[324/450] speed=6 S1  FR_SAFE_3   seed 24  goal      clr  0.57  t  13.1  inf  39  N 25.6  mpc   6.3 ms  err 0.25
[325/450] speed=6 S1  FR_SAFE_3   seed 25  goal      clr  0.61  t  13.2  inf  39  N 25.7  mpc   6.5 ms  err 0.19
[326/450] speed=6 S1  FR_SAFE_3   seed 26  goal      clr  0.59  t  13.8  inf  41  N 25.8  mpc   6.9 ms  err 0.24
[327/450] speed=6 S1  FR_SAFE_3   seed 27  goal      clr  0.67  t  13.7  inf  41  N 25.9  mpc   6.5 ms  err 0.09
[328/450] speed=6 S1  FR_SAFE_3   seed 28  goal      clr  0.76  t  12.9  inf  38  N 25.9  mpc   6.4 ms  err 0.25
[329/450] speed=6 S1  FR_SAFE_3   seed 29  goal      clr  0.54  t  14.3  inf  43  N 26.2  mpc   6.9 ms  err 0.17
[330/450] speed=6 S1  FR_SAFE_3   seed 30  goal      clr  0.66  t  14.0  inf  42  N 25.9  mpc   6.7 ms  err 0.36
[331/450] speed=6 S1  FR_SAFE_3   seed 31  goal      clr  0.69  t  14.2  inf  42  N 25.8  mpc   6.8 ms  err 0.17
[332/450] speed=6 S1  FR_SAFE_3   seed 32  goal      clr  0.59  t  14.4  inf  43  N 26.1  mpc   7.0 ms  err 0.24
[333/450] speed=6 S1  FR_SAFE_3   seed 33  goal      clr  0.76  t  12.8  inf  38  N 25.4  mpc   6.4 ms  err 0.16
[334/450] speed=6 S1  FR_SAFE_3   seed 34  goal      clr  0.61  t  18.6  inf  55  N 22.5  mpc   5.8 ms  err 0.20
[335/450] speed=6 S1  FR_SAFE_3   seed 35  goal      clr  0.76  t  13.4  inf  40  N 25.4  mpc   6.3 ms  err 0.36
[336/450] speed=6 S1  FR_SAFE_3   seed 36  goal      clr  0.58  t  14.6  inf  43  N 26.0  mpc   6.6 ms  err 0.19
[337/450] speed=6 S1  FR_SAFE_3   seed 37  goal      clr  0.67  t  13.4  inf  40  N 25.7  mpc   6.7 ms  err 0.17
[338/450] speed=6 S1  FR_SAFE_3   seed 38  goal      clr  0.64  t  15.3  inf  45  N 26.5  mpc   7.0 ms  err 0.17
[339/450] speed=6 S1  FR_SAFE_3   seed 39  goal      clr  0.64  t  14.2  inf  42  N 26.1  mpc   7.0 ms  err 0.15
[340/450] speed=6 S1  FR_SAFE_3   seed 40  goal      clr  0.59  t  13.7  inf  41  N 26.0  mpc   6.6 ms  err 0.39
[341/450] speed=6 S1  FR_SAFE_3   seed 41  goal      clr  0.56  t  17.0  inf  50  N 24.6  mpc   6.4 ms  err 0.19
[342/450] speed=6 S1  FR_SAFE_3   seed 42  goal      clr  0.71  t  13.7  inf  41  N 25.9  mpc   6.6 ms  err 0.16
[343/450] speed=6 S1  FR_SAFE_3   seed 43  goal      clr  0.35  t  15.2  inf  45  N 26.1  mpc   7.0 ms  err 0.40
[344/450] speed=6 S1  FR_SAFE_3   seed 44  goal      clr  0.87  t  12.8  inf  38  N 25.5  mpc   6.3 ms  err 0.18
[345/450] speed=6 S1  FR_SAFE_3   seed 45  goal      clr  0.49  t  14.5  inf  43  N 25.6  mpc   6.8 ms  err 0.28
[346/450] speed=6 S1  FR_SAFE_3   seed 46  goal      clr  0.60  t  13.4  inf  40  N 26.0  mpc   6.6 ms  err 0.20
[347/450] speed=6 S1  FR_SAFE_3   seed 47  goal      clr  0.62  t  13.6  inf  40  N 25.3  mpc   6.4 ms  err 0.32
[348/450] speed=6 S1  FR_SAFE_3   seed 48  goal      clr  0.65  t  14.6  inf  43  N 25.9  mpc   6.9 ms  err 0.25
[349/450] speed=6 S1  FR_SAFE_3   seed 49  goal      clr  0.84  t  12.6  inf  38  N 25.6  mpc   6.2 ms  err 0.22
[350/450] speed=6 S1  FR_SAFE_3   seed 50  goal      clr  0.50  t  14.3  inf  42  N 26.3  mpc   6.7 ms  err 0.29
[351/450] speed=6 S1  FR_SAFE_5   seed  1  goal      clr  0.51  t  16.9  inf  85  N 25.2  mpc   7.1 ms  err 0.35
[352/450] speed=6 S1  FR_SAFE_5   seed  2  goal      clr  0.50  t  13.8  inf  70  N 25.5  mpc   6.9 ms  err 0.29
[353/450] speed=6 S1  FR_SAFE_5   seed  3  goal      clr  0.56  t  14.2  inf  71  N 25.6  mpc   6.9 ms  err 0.19
[354/450] speed=6 S1  FR_SAFE_5   seed  4  goal      clr  0.50  t  13.8  inf  69  N 25.8  mpc   6.9 ms  err 0.33
[355/450] speed=6 S1  FR_SAFE_5   seed  5  goal      clr  0.57  t  13.3  inf  67  N 25.3  mpc   6.6 ms  err 0.26
[356/450] speed=6 S1  FR_SAFE_5   seed  6  goal      clr  0.74  t  12.5  inf  63  N 25.5  mpc   6.5 ms  err 0.18
[357/450] speed=6 S1  FR_SAFE_5   seed  7  goal      clr  0.52  t  13.1  inf  66  N 25.4  mpc   6.6 ms  err 0.26
[358/450] speed=6 S1  FR_SAFE_5   seed  8  goal      clr  0.62  t  13.3  inf  67  N 25.9  mpc   6.8 ms  err 0.22
[359/450] speed=6 S1  FR_SAFE_5   seed  9  goal      clr  0.61  t  13.0  inf  65  N 25.8  mpc   6.7 ms  err 0.22
[360/450] speed=6 S1  FR_SAFE_5   seed 10  goal      clr  0.62  t  14.3  inf  72  N 24.9  mpc   6.5 ms  err 0.21
[361/450] speed=6 S1  FR_SAFE_5   seed 11  goal      clr  0.60  t  12.8  inf  64  N 25.6  mpc   6.6 ms  err 0.20
[362/450] speed=6 S1  FR_SAFE_5   seed 12  goal      clr  0.49  t  13.1  inf  66  N 26.1  mpc   6.8 ms  err 0.19
[363/450] speed=6 S1  FR_SAFE_5   seed 13  goal      clr  0.71  t  12.9  inf  65  N 25.8  mpc   6.6 ms  err 0.14
[364/450] speed=6 S1  FR_SAFE_5   seed 14  goal      clr  0.55  t  15.9  inf  80  N 24.6  mpc   6.5 ms  err 0.14
[365/450] speed=6 S1  FR_SAFE_5   seed 15  goal      clr  0.38  t  17.0  inf  85  N 26.3  mpc   7.7 ms  err 0.28
[366/450] speed=6 S1  FR_SAFE_5   seed 16  goal      clr  0.75  t  12.9  inf  65  N 25.4  mpc   6.6 ms  err 0.24
[367/450] speed=6 S1  FR_SAFE_5   seed 17  goal      clr  0.64  t  12.6  inf  64  N 25.2  mpc   6.5 ms  err 0.18
[368/450] speed=6 S1  FR_SAFE_5   seed 18  goal      clr  0.69  t  12.8  inf  65  N 25.8  mpc   6.8 ms  err 0.19
[369/450] speed=6 S1  FR_SAFE_5   seed 19  goal      clr  0.56  t  14.2  inf  71  N 26.1  mpc   6.9 ms  err 0.20
[370/450] speed=6 S1  FR_SAFE_5   seed 20  goal      clr  0.65  t  14.2  inf  71  N 25.2  mpc   6.6 ms  err 0.39
[371/450] speed=6 S1  FR_SAFE_5   seed 21  goal      clr  0.62  t  12.7  inf  64  N 25.7  mpc   6.5 ms  err 0.16
[372/450] speed=6 S1  FR_SAFE_5   seed 22  goal      clr  0.46  t  14.1  inf  71  N 25.6  mpc   6.8 ms  err 0.40
[373/450] speed=6 S1  FR_SAFE_5   seed 23  goal      clr  0.72  t  13.3  inf  67  N 25.1  mpc   6.4 ms  err 0.20
[374/450] speed=6 S1  FR_SAFE_5   seed 24  goal      clr  0.57  t  12.6  inf  64  N 25.4  mpc   6.3 ms  err 0.24
[375/450] speed=6 S1  FR_SAFE_5   seed 25  goal      clr  0.57  t  13.6  inf  68  N 25.7  mpc   6.8 ms  err 0.14
[376/450] speed=6 S1  FR_SAFE_5   seed 26  goal      clr  0.41  t  13.0  inf  65  N 24.9  mpc   6.4 ms  err 0.21
[377/450] speed=6 S1  FR_SAFE_5   seed 27  goal      clr  0.59  t  13.3  inf  67  N 25.8  mpc   6.6 ms  err 0.12
[378/450] speed=6 S1  FR_SAFE_5   seed 28  goal      clr  0.70  t  13.0  inf  65  N 25.8  mpc   6.4 ms  err 0.23
[379/450] speed=6 S1  FR_SAFE_5   seed 29  goal      clr  0.55  t  13.3  inf  67  N 26.0  mpc   6.8 ms  err 0.27
[380/450] speed=6 S1  FR_SAFE_5   seed 30  goal      clr  0.68  t  12.8  inf  64  N 25.3  mpc   6.5 ms  err 0.26
[381/450] speed=6 S1  FR_SAFE_5   seed 31  goal      clr  0.58  t  14.4  inf  72  N 25.9  mpc   6.9 ms  err 0.16
[382/450] speed=6 S1  FR_SAFE_5   seed 32  goal      clr  0.58  t  14.2  inf  71  N 25.8  mpc   6.8 ms  err 0.14
[383/450] speed=6 S1  FR_SAFE_5   seed 33  goal      clr  0.76  t  12.4  inf  63  N 25.4  mpc   6.6 ms  err 0.13
[384/450] speed=6 S1  FR_SAFE_5   seed 34  goal      clr  0.62  t  13.6  inf  68  N 25.5  mpc   6.7 ms  err 0.13
[385/450] speed=6 S1  FR_SAFE_5   seed 35  goal      clr  0.74  t  13.1  inf  66  N 25.3  mpc   6.4 ms  err 0.29
[386/450] speed=6 S1  FR_SAFE_5   seed 36  goal      clr  0.53  t  13.8  inf  69  N 25.9  mpc   6.8 ms  err 0.23
[387/450] speed=6 S1  FR_SAFE_5   seed 37  goal      clr  0.64  t  12.7  inf  64  N 25.2  mpc   6.7 ms  err 0.21
[388/450] speed=6 S1  FR_SAFE_5   seed 38  goal      clr  0.56  t  14.5  inf  73  N 26.2  mpc   7.0 ms  err 0.20
[389/450] speed=6 S1  FR_SAFE_5   seed 39  goal      clr  0.58  t  13.3  inf  67  N 26.1  mpc   6.8 ms  err 0.18
[390/450] speed=6 S1  FR_SAFE_5   seed 40  goal      clr  0.59  t  13.2  inf  66  N 26.1  mpc   6.7 ms  err 0.29
[391/450] speed=6 S1  FR_SAFE_5   seed 41  goal      clr  0.61  t  14.3  inf  72  N 26.0  mpc   7.1 ms  err 0.40
[392/450] speed=6 S1  FR_SAFE_5   seed 42  goal      clr  0.83  t  12.6  inf  64  N 25.6  mpc   6.6 ms  err 0.24
[393/450] speed=6 S1  FR_SAFE_5   seed 43  goal      clr  0.68  t  13.8  inf  70  N 25.2  mpc   6.5 ms  err 0.16
[394/450] speed=6 S1  FR_SAFE_5   seed 44  goal      clr  0.77  t  12.3  inf  62  N 25.2  mpc   6.2 ms  err 0.20
[395/450] speed=6 S1  FR_SAFE_5   seed 45  goal      clr  0.48  t  13.9  inf  70  N 25.9  mpc   6.9 ms  err 0.26
[396/450] speed=6 S1  FR_SAFE_5   seed 46  goal      clr  0.67  t  12.7  inf  64  N 25.7  mpc   6.6 ms  err 0.18
[397/450] speed=6 S1  FR_SAFE_5   seed 47  goal      clr  0.56  t  13.6  inf  68  N 25.5  mpc   6.6 ms  err 0.15
[398/450] speed=6 S1  FR_SAFE_5   seed 48  goal      clr  0.79  t  13.2  inf  66  N 25.3  mpc   6.6 ms  err 0.19
[399/450] speed=6 S1  FR_SAFE_5   seed 49  goal      clr  0.64  t  13.0  inf  66  N 26.0  mpc   6.6 ms  err 0.29
[400/450] speed=6 S1  FR_SAFE_5   seed 50  goal      clr  0.73  t  13.3  inf  67  N 25.9  mpc   6.7 ms  err 0.20
[401/450] speed=6 S1  FR_SAFE_10  seed  1  goal      clr  0.60  t  12.8  inf 120  N 25.9  mpc   6.8 ms  err 0.17
[402/450] speed=6 S1  FR_SAFE_10  seed  2  goal      clr  0.47  t  13.6  inf 126  N 25.7  mpc   6.9 ms  err 0.22
[403/450] speed=6 S1  FR_SAFE_10  seed  3  goal      clr  0.52  t  28.1  inf 262  N 21.0  mpc   5.8 ms  err 0.47
[404/450] speed=6 S1  FR_SAFE_10  seed  4  goal      clr  0.71  t  12.8  inf 122  N 25.6  mpc   6.6 ms  err 0.21
[405/450] speed=6 S1  FR_SAFE_10  seed  5  goal      clr  0.73  t  15.6  inf 142  N 25.2  mpc   6.7 ms  err 0.41
[406/450] speed=6 S1  FR_SAFE_10  seed  6  goal      clr  0.72  t  12.5  inf 117  N 25.5  mpc   6.4 ms  err 0.14
[407/450] speed=6 S1  FR_SAFE_10  seed  7  goal      clr  0.37  t  13.5  inf 124  N 25.2  mpc   6.5 ms  err 0.17
[408/450] speed=6 S1  FR_SAFE_10  seed  8  goal      clr  0.72  t  13.5  inf 127  N 25.5  mpc   6.6 ms  err 0.33
[409/450] speed=6 S1  FR_SAFE_10  seed  9  goal      clr  0.32  t  13.9  inf 130  N 24.8  mpc   6.5 ms  err 0.31
[410/450] speed=6 S1  FR_SAFE_10  seed 10  goal      clr  0.50  t  13.8  inf 125  N 24.9  mpc   6.6 ms  err 0.19
[411/450] speed=6 S1  FR_SAFE_10  seed 11  goal      clr  0.65  t  12.6  inf 114  N 25.5  mpc   6.5 ms  err 0.22
[412/450] speed=6 S1  FR_SAFE_10  seed 12  goal      clr  0.44  t  13.7  inf 128  N 26.1  mpc   6.8 ms  err 0.17
[413/450] speed=6 S1  FR_SAFE_10  seed 13  goal      clr  0.69  t  12.6  inf 119  N 25.7  mpc   6.6 ms  err 0.17
[414/450] speed=6 S1  FR_SAFE_10  seed 14  goal      clr  0.47  t  17.7  inf 164  N 25.6  mpc   7.1 ms  err 0.25
[415/450] speed=6 S1  FR_SAFE_10  seed 15  goal      clr  0.51  t  14.7  inf 135  N 25.9  mpc   7.1 ms  err 0.17
[416/450] speed=6 S1  FR_SAFE_10  seed 16  goal      clr  0.73  t  12.6  inf 119  N 25.4  mpc   6.6 ms  err 0.23
[417/450] speed=6 S1  FR_SAFE_10  seed 17  goal      clr  0.60  t  13.1  inf 125  N 24.9  mpc   6.4 ms  err 0.13
[418/450] speed=6 S1  FR_SAFE_10  seed 18  goal      clr  0.67  t  13.0  inf 121  N 25.8  mpc   6.6 ms  err 0.16
[419/450] speed=6 S1  FR_SAFE_10  seed 19  goal      clr  0.53  t  14.0  inf 132  N 25.8  mpc   7.1 ms  err 0.17
[420/450] speed=6 S1  FR_SAFE_10  seed 20  goal      clr  0.59  t  13.0  inf 121  N 24.9  mpc   6.4 ms  err 0.30
[421/450] speed=6 S1  FR_SAFE_10  seed 21  goal      clr  0.79  t  12.7  inf 117  N 25.3  mpc   6.4 ms  err 0.17
[422/450] speed=6 S1  FR_SAFE_10  seed 22  goal      clr  0.66  t  12.6  inf 120  N 25.4  mpc   6.5 ms  err 0.28
[423/450] speed=6 S1  FR_SAFE_10  seed 23  goal      clr  0.64  t  12.8  inf 119  N 25.0  mpc   6.4 ms  err 0.16
[424/450] speed=6 S1  FR_SAFE_10  seed 24  goal      clr  0.62  t  12.5  inf 116  N 25.3  mpc   6.3 ms  err 0.22
[425/450] speed=6 S1  FR_SAFE_10  seed 25  goal      clr  0.63  t  13.2  inf 122  N 25.6  mpc   6.9 ms  err 0.19
[426/450] speed=6 S1  FR_SAFE_10  seed 26  goal      clr  0.47  t  13.1  inf 122  N 25.1  mpc   6.5 ms  err 0.28
[427/450] speed=6 S1  FR_SAFE_10  seed 27  goal      clr  0.53  t  12.9  inf 119  N 25.7  mpc   6.5 ms  err 0.11
[428/450] speed=6 S1  FR_SAFE_10  seed 28  goal      clr  0.71  t  12.6  inf 119  N 25.5  mpc   6.5 ms  err 0.21
[429/450] speed=6 S1  FR_SAFE_10  seed 29  goal      clr  0.62  t  13.2  inf 124  N 25.9  mpc   6.9 ms  err 0.17
[430/450] speed=6 S1  FR_SAFE_10  seed 30  goal      clr  0.67  t  13.1  inf 120  N 25.5  mpc   6.7 ms  err 0.19
[431/450] speed=6 S1  FR_SAFE_10  seed 31  goal      clr  0.64  t  13.4  inf 125  N 25.4  mpc   6.7 ms  err 0.20
[432/450] speed=6 S1  FR_SAFE_10  seed 32  goal      clr  0.64  t  13.2  inf 124  N 26.1  mpc   6.8 ms  err 0.20
[433/450] speed=6 S1  FR_SAFE_10  seed 33  goal      clr  0.72  t  12.4  inf 115  N 25.2  mpc   6.5 ms  err 0.13
[434/450] speed=6 S1  FR_SAFE_10  seed 34  goal      clr  0.59  t  13.2  inf 126  N 25.4  mpc   6.8 ms  err 0.12
[435/450] speed=6 S1  FR_SAFE_10  seed 35  goal      clr  0.73  t  12.9  inf 122  N 25.6  mpc   6.6 ms  err 0.20
[436/450] speed=6 S1  FR_SAFE_10  seed 36  goal      clr  0.61  t  13.8  inf 131  N 25.2  mpc   6.6 ms  err 0.15
[437/450] speed=6 S1  FR_SAFE_10  seed 37  goal      clr  0.57  t  15.8  inf 148  N 26.1  mpc   7.2 ms  err 0.20
[438/450] speed=6 S1  FR_SAFE_10  seed 38  goal      clr  0.61  t  13.5  inf 126  N 25.9  mpc   6.7 ms  err 0.18
[439/450] speed=6 S1  FR_SAFE_10  seed 39  goal      clr  0.58  t  13.3  inf 121  N 26.0  mpc   6.8 ms  err 0.14
[440/450] speed=6 S1  FR_SAFE_10  seed 40  goal      clr  0.63  t  13.4  inf 127  N 25.6  mpc   6.6 ms  err 0.20
[441/450] speed=6 S1  FR_SAFE_10  seed 41  goal      clr  0.62  t  15.4  inf 143  N 24.7  mpc   6.7 ms  err 0.14
[442/450] speed=6 S1  FR_SAFE_10  seed 42  goal      clr  0.71  t  13.1  inf 122  N 25.7  mpc   6.6 ms  err 0.19
[443/450] speed=6 S1  FR_SAFE_10  seed 43  goal      clr  0.35  t  14.9  inf 137  N 26.1  mpc   7.2 ms  err 0.27
[444/450] speed=6 S1  FR_SAFE_10  seed 44  goal      clr  0.67  t  12.3  inf 113  N 25.1  mpc   6.4 ms  err 0.12
[445/450] speed=6 S1  FR_SAFE_10  seed 45  goal      clr  0.51  t  13.6  inf 127  N 25.6  mpc   6.8 ms  err 0.28
[446/450] speed=6 S1  FR_SAFE_10  seed 46  goal      clr  0.69  t  12.8  inf 118  N 25.6  mpc   6.7 ms  err 0.14
[447/450] speed=6 S1  FR_SAFE_10  seed 47  goal      clr  0.48  t  14.0  inf 128  N 25.5  mpc   6.8 ms  err 0.31
[448/450] speed=6 S1  FR_SAFE_10  seed 48  goal      clr  0.59  t  14.1  inf 132  N 25.2  mpc   6.7 ms  err 0.29
[449/450] speed=6 S1  FR_SAFE_10  seed 49  goal      clr  0.63  t  12.3  inf 118  N 25.5  mpc   6.5 ms  err 0.15
[450/450] speed=6 S1  FR_SAFE_10  seed 50  goal      clr  0.63  t  13.1  inf 124  N 25.5  mpc   6.5 ms  err 0.15
