[  1/450] speed=4 S2  E_DART      seed  1  goal      clr  0.58  t  17.3  inf  56  N 21.4  mpc   5.3 ms  err 0.52
[  2/450] speed=4 S2  E_DART      seed  2  goal      clr  0.82  t  16.9  inf  90  N 24.5  mpc   6.5 ms  err 0.50
[  3/450] speed=4 S2  E_DART      seed  3  goal      clr  0.66  t  14.4  inf  78  N 25.2  mpc   5.3 ms  err 0.21
[  4/450] speed=4 S2  E_DART      seed  4  goal      clr  0.81  t  15.0  inf  77  N 24.0  mpc   5.7 ms  err 0.88
[  5/450] speed=4 S2  E_DART      seed  5  goal      clr  0.64  t  15.6  inf  60  N 22.8  mpc   4.5 ms  err 1.02
[  6/450] speed=4 S2  E_DART      seed  6  goal      clr  0.64  t  14.3  inf  65  N 25.8  mpc   4.9 ms  err 0.52
[  7/450] speed=4 S2  E_DART      seed  7  goal      clr  0.76  t  14.2  inf  71  N 24.4  mpc   4.6 ms  err 0.27
[  8/450] speed=4 S2  E_DART      seed  8  goal      clr  0.74  t  15.4  inf  68  N 24.1  mpc   4.5 ms  err 0.38
[  9/450] speed=4 S2  E_DART      seed  9  goal      clr  0.54  t  23.1  inf 113  N 24.0  mpc   4.8 ms  err 0.56
[ 10/450] speed=4 S2  E_DART      seed 10  goal      clr  0.44  t  16.4  inf  71  N 25.6  mpc   5.2 ms  err 0.37
[ 11/450] speed=4 S2  E_DART      seed 11  goal      clr  0.53  t  14.9  inf  84  N 25.9  mpc   5.0 ms  err 0.34
[ 12/450] speed=4 S2  E_DART      seed 12  goal      clr  0.12  t  19.9  inf 109  N 24.9  mpc   5.5 ms  err 0.94
[ 13/450] speed=4 S2  E_DART      seed 13  goal      clr  0.58  t  15.8  inf  86  N 25.3  mpc   5.0 ms  err 0.36
[ 14/450] speed=4 S2  E_DART      seed 14  goal      clr  0.35  t  15.3  inf  71  N 24.0  mpc   5.0 ms  err 0.34
[ 15/450] speed=4 S2  E_DART      seed 15  goal      clr  0.74  t  14.1  inf  61  N 24.8  mpc   4.9 ms  err 0.55
[ 16/450] speed=4 S2  E_DART      seed 16  goal      clr  0.08  t  17.8  inf 109  N 25.0  mpc   5.5 ms  err 0.69
[ 17/450] speed=4 S2  E_DART      seed 17  goal      clr  0.51  t  15.6  inf  68  N 24.4  mpc   4.8 ms  err 0.25
[ 18/450] speed=4 S2  E_DART      seed 18  goal      clr  0.80  t  14.5  inf  64  N 25.0  mpc   4.8 ms  err 0.77
[ 19/450] speed=4 S2  E_DART      seed 19  goal      clr  0.76  t  21.0  inf  70  N 22.2  mpc   4.2 ms  err 0.50
[ 20/450] speed=4 S2  E_DART      seed 20  goal      clr  0.66  t  15.9  inf  78  N 24.8  mpc   4.8 ms  err 0.25
[ 21/450] speed=4 S2  E_DART      seed 21  goal      clr  0.79  t  13.7  inf  66  N 24.6  mpc   4.7 ms  err 0.37
[ 22/450] speed=4 S2  E_DART      seed 22  goal      clr  0.60  t  16.8  inf  70  N 24.4  mpc   4.8 ms  err 0.26
[ 23/450] speed=4 S2  E_DART      seed 23  goal      clr  0.61  t  17.0  inf  71  N 24.9  mpc   5.1 ms  err 0.29
[ 24/450] speed=4 S2  E_DART      seed 24  goal      clr  0.63  t  15.4  inf  89  N 25.5  mpc   5.3 ms  err 0.60
[ 25/450] speed=4 S2  E_DART      seed 25  goal      clr  0.61  t  16.2  inf 100  N 26.0  mpc   5.4 ms  err 0.33
[ 26/450] speed=4 S2  E_DART      seed 26  goal      clr  0.80  t  15.9  inf  75  N 24.3  mpc   4.6 ms  err 0.49
[ 27/450] speed=4 S2  E_DART      seed 27  goal      clr  0.67  t  16.8  inf  73  N 24.2  mpc   4.6 ms  err 0.24
[ 28/450] speed=4 S2  E_DART      seed 28  goal      clr  0.72  t  15.8  inf  63  N 24.6  mpc   4.6 ms  err 0.31
[ 29/450] speed=4 S2  E_DART      seed 29  goal      clr  0.66  t  13.9  inf  66  N 24.8  mpc   4.9 ms  err 0.55
[ 30/450] speed=4 S2  E_DART      seed 30  goal      clr  0.58  t  17.5  inf  71  N 24.0  mpc   4.6 ms  err 0.56
[ 31/450] speed=4 S2  E_DART      seed 31  goal      clr  0.46  t  18.2  inf  89  N 24.0  mpc   5.3 ms  err 1.03
[ 32/450] speed=4 S2  E_DART      seed 32  goal      clr  0.45  t  16.5  inf  65  N 23.4  mpc   4.6 ms  err 0.56
[ 33/450] speed=4 S2  E_DART      seed 33  goal      clr  0.70  t  20.2  inf  79  N 23.9  mpc   4.6 ms  err 0.31
[ 34/450] speed=4 S2  E_DART      seed 34  goal      clr  0.63  t  19.7  inf  69  N 21.7  mpc   3.9 ms  err 0.27
[ 35/450] speed=4 S2  E_DART      seed 35  goal      clr  0.58  t  14.3  inf  79  N 25.1  mpc   4.9 ms  err 0.60
[ 36/450] speed=4 S2  E_DART      seed 36  goal      clr  0.29  t  17.6  inf  96  N 24.6  mpc   4.9 ms  err 0.25
[ 37/450] speed=4 S2  E_DART      seed 37  goal      clr  0.75  t  15.4  inf  88  N 24.6  mpc   4.6 ms  err 0.45
[ 38/450] speed=4 S2  E_DART      seed 38  goal      clr  0.45  t  16.4  inf  97  N 25.3  mpc   5.1 ms  err 0.51
[ 39/450] speed=4 S2  E_DART      seed 39  goal      clr  0.66  t  13.7  inf  60  N 24.8  mpc   4.8 ms  err 0.80
[ 40/450] speed=4 S2  E_DART      seed 40  goal      clr  0.57  t  16.7  inf  93  N 25.9  mpc   5.4 ms  err 0.32
[ 41/450] speed=4 S2  E_DART      seed 41  goal      clr  0.70  t  15.7  inf  64  N 23.6  mpc   4.4 ms  err 0.64
[ 42/450] speed=4 S2  E_DART      seed 42  goal      clr  0.48  t  17.1  inf  64  N 24.3  mpc   5.0 ms  err 0.48
[ 43/450] speed=4 S2  E_DART      seed 43  goal      clr  0.47  t  15.0  inf  79  N 25.4  mpc   5.1 ms  err 0.51
[ 44/450] speed=4 S2  E_DART      seed 44  goal      clr  0.73  t  13.9  inf  67  N 24.9  mpc   4.9 ms  err 0.46
[ 45/450] speed=4 S2  E_DART      seed 45  goal      clr  0.60  t  15.8  inf  99  N 26.3  mpc   5.3 ms  err 0.84
[ 46/450] speed=4 S2  E_DART      seed 46  goal      clr  0.53  t  13.9  inf  70  N 25.8  mpc   5.1 ms  err 0.45
[ 47/450] speed=4 S2  E_DART      seed 47  goal      clr  0.44  t  15.8  inf  85  N 24.5  mpc   5.0 ms  err 0.73
[ 48/450] speed=4 S2  E_DART      seed 48  goal      clr  0.78  t  18.4  inf  63  N 22.9  mpc   4.4 ms  err 0.33
[ 49/450] speed=4 S2  E_DART      seed 49  goal      clr  0.71  t  14.0  inf  87  N 25.1  mpc   5.0 ms  err 0.40
[ 50/450] speed=4 S2  E_DART      seed 50  goal      clr  0.57  t  16.4  inf  72  N 22.7  mpc   4.4 ms  err 0.61
[ 51/450] speed=4 S2  Z_ZHUYI     seed  1  goal      clr  0.37  t  18.4  inf  39  N 22.9  mpc   4.3 ms  err 0.76
[ 52/450] speed=4 S2  Z_ZHUYI     seed  2  goal      clr  0.78  t  22.8  inf  38  N 24.4  mpc   5.5 ms  err 0.42
[ 53/450] speed=4 S2  Z_ZHUYI     seed  3  goal      clr  0.62  t  16.1  inf  55  N 24.2  mpc   4.8 ms  err 0.22
[ 54/450] speed=4 S2  Z_ZHUYI     seed  4  goal      clr  0.91  t  14.9  inf  28  N 23.8  mpc   4.1 ms  err 0.54
[ 55/450] speed=4 S2  Z_ZHUYI     seed  5  goal      clr  3.30  t  16.8  inf  17  N 21.5  mpc   3.7 ms  err 1.00
[ 56/450] speed=4 S2  Z_ZHUYI     seed  6  goal      clr  0.62  t  17.1  inf  43  N 23.4  mpc   4.4 ms  err 1.27
[ 57/450] speed=4 S2  Z_ZHUYI     seed  7  goal      clr  0.71  t  23.5  inf  31  N 21.1  mpc   3.8 ms  err 0.60
[ 58/450] speed=4 S2  Z_ZHUYI     seed  8  goal      clr  0.70  t  15.5  inf  52  N 24.9  mpc   4.9 ms  err 0.61
[ 59/450] speed=4 S2  Z_ZHUYI     seed  9  goal      clr  1.25  t  14.2  inf  19  N 25.6  mpc   4.9 ms  err 0.50
[ 60/450] speed=4 S2  Z_ZHUYI     seed 10  goal      clr  1.26  t  18.3  inf  22  N 22.6  mpc   4.3 ms  err 0.79
[ 61/450] speed=4 S2  Z_ZHUYI     seed 11  goal      clr  0.69  t  15.2  inf  31  N 26.3  mpc   5.3 ms  err 0.51
[ 62/450] speed=4 S2  Z_ZHUYI     seed 12  goal      clr  0.66  t  17.5  inf  46  N 24.3  mpc   4.7 ms  err 0.41
[ 63/450] speed=4 S2  Z_ZHUYI     seed 13  goal      clr  0.85  t  17.9  inf  33  N 23.8  mpc   4.6 ms  err 0.50
[ 64/450] speed=4 S2  Z_ZHUYI     seed 14  goal      clr  0.91  t  16.2  inf  42  N 23.5  mpc   4.6 ms  err 0.82
[ 65/450] speed=4 S2  Z_ZHUYI     seed 15  goal      clr  0.81  t  18.2  inf  35  N 24.1  mpc   4.7 ms  err 0.39
[ 66/450] speed=4 S2  Z_ZHUYI     seed 16  goal      clr  0.63  t  13.9  inf  48  N 24.3  mpc   4.7 ms  err 0.81
[ 67/450] speed=4 S2  Z_ZHUYI     seed 17  goal      clr  0.38  t  18.0  inf  43  N 25.6  mpc   5.4 ms  err 0.60
[ 68/450] speed=4 S2  Z_ZHUYI     seed 18  goal      clr  0.60  t  17.4  inf  34  N 23.3  mpc   4.6 ms  err 0.77
[ 69/450] speed=4 S2  Z_ZHUYI     seed 19  goal      clr  2.12  t  17.1  inf  19  N 22.2  mpc   3.8 ms  err 0.84
[ 70/450] speed=4 S2  Z_ZHUYI     seed 20  goal      clr  0.69  t  13.9  inf  50  N 26.1  mpc   5.3 ms  err 0.33
[ 71/450] speed=4 S2  Z_ZHUYI     seed 21  goal      clr  0.84  t  13.4  inf  38  N 25.1  mpc   4.7 ms  err 0.32
[ 72/450] speed=4 S2  Z_ZHUYI     seed 22  goal      clr  0.69  t  16.7  inf  29  N 23.1  mpc   4.5 ms  err 0.71
[ 73/450] speed=4 S2  Z_ZHUYI     seed 23  goal      clr  0.64  t  20.8  inf  41  N 24.0  mpc   4.8 ms  err 0.21
[ 74/450] speed=4 S2  Z_ZHUYI     seed 24  goal      clr  0.57  t  17.1  inf  25  N 25.0  mpc   5.0 ms  err 0.27
[ 75/450] speed=4 S2  Z_ZHUYI     seed 25  goal      clr  0.47  t  20.7  inf  43  N 24.7  mpc   5.1 ms  err 0.55
[ 76/450] speed=4 S2  Z_ZHUYI     seed 26  goal      clr  1.15  t  16.1  inf  22  N 22.5  mpc   4.2 ms  err 0.74
[ 77/450] speed=4 S2  Z_ZHUYI     seed 27  goal      clr  0.72  t  15.4  inf  46  N 25.3  mpc   4.9 ms  err 0.43
[ 78/450] speed=4 S2  Z_ZHUYI     seed 28  goal      clr  0.73  t  21.0  inf  39  N 22.4  mpc   4.2 ms  err 0.48
[ 79/450] speed=4 S2  Z_ZHUYI     seed 29  goal      clr  0.65  t  15.1  inf  32  N 24.3  mpc   4.4 ms  err 0.53
[ 80/450] speed=4 S2  Z_ZHUYI     seed 30  goal      clr  0.58  t  19.5  inf  45  N 24.3  mpc   4.9 ms  err 0.50
[ 81/450] speed=4 S2  Z_ZHUYI     seed 31  goal      clr  0.81  t  21.7  inf  31  N 22.4  mpc   4.2 ms  err 0.44
[ 82/450] speed=4 S2  Z_ZHUYI     seed 32  goal      clr  0.71  t  21.9  inf  46  N 22.9  mpc   4.5 ms  err 0.79
[ 83/450] speed=4 S2  Z_ZHUYI     seed 33  goal      clr  0.96  t  13.7  inf  28  N 25.4  mpc   5.3 ms  err 0.67
[ 84/450] speed=4 S2  Z_ZHUYI     seed 34  goal      clr  0.67  t  19.5  inf  36  N 22.9  mpc   4.5 ms  err 0.32
[ 85/450] speed=4 S2  Z_ZHUYI     seed 35  goal      clr  0.78  t  15.6  inf  23  N 24.3  mpc   4.4 ms  err 0.65
[ 86/450] speed=4 S2  Z_ZHUYI     seed 36  goal      clr  0.38  t  22.9  inf  55  N 23.5  mpc   5.1 ms  err 0.53
[ 87/450] speed=4 S2  Z_ZHUYI     seed 37  goal      clr  0.77  t  20.8  inf  33  N 21.4  mpc   4.0 ms  err 0.72
[ 88/450] speed=4 S2  Z_ZHUYI     seed 38  goal      clr  1.00  t  18.8  inf  25  N 22.2  mpc   4.3 ms  err 0.62
[ 89/450] speed=4 S2  Z_ZHUYI     seed 39  goal      clr  0.63  t  15.2  inf  32  N 24.4  mpc   5.2 ms  err 0.48
[ 90/450] speed=4 S2  Z_ZHUYI     seed 40  goal      clr  0.73  t  16.8  inf  29  N 24.6  mpc   5.3 ms  err 0.74
[ 91/450] speed=4 S2  Z_ZHUYI     seed 41  goal      clr  0.69  t  17.9  inf  39  N 23.0  mpc   4.5 ms  err 0.22
[ 92/450] speed=4 S2  Z_ZHUYI     seed 42  goal      clr  0.69  t  18.0  inf  43  N 23.7  mpc   4.9 ms  err 0.37
[ 93/450] speed=4 S2  Z_ZHUYI     seed 43  goal      clr  0.78  t  15.3  inf  32  N 25.2  mpc   5.5 ms  err 0.69
[ 94/450] speed=4 S2  Z_ZHUYI     seed 44  goal      clr  0.65  t  13.8  inf  39  N 25.4  mpc   5.4 ms  err 0.46
[ 95/450] speed=4 S2  Z_ZHUYI     seed 45  goal      clr  0.67  t  15.0  inf  50  N 24.5  mpc   5.0 ms  err 0.33
[ 96/450] speed=4 S2  Z_ZHUYI     seed 46  goal      clr  0.94  t  15.7  inf  33  N 24.1  mpc   4.8 ms  err 0.54
[ 97/450] speed=4 S2  Z_ZHUYI     seed 47  goal      clr  0.47  t  15.1  inf  45  N 25.9  mpc   5.5 ms  err 0.55
[ 98/450] speed=4 S2  Z_ZHUYI     seed 48  goal      clr  1.47  t  17.8  inf  19  N 23.2  mpc   4.2 ms  err 1.01
[ 99/450] speed=4 S2  Z_ZHUYI     seed 49  goal      clr  1.15  t  15.4  inf  19  N 24.8  mpc   4.5 ms  err 0.63
[100/450] speed=4 S2  Z_ZHUYI     seed 50  goal      clr  0.62  t  13.4  inf  34  N 25.8  mpc   5.2 ms  err 0.65
[101/450] speed=4 S2  A_FR_FN     seed  1  goal      clr  0.16  t  15.5  inf 144  N 20.0  mpc   3.4 ms  err 0.28
[102/450] speed=4 S2  A_FR_FN     seed  2  goal      clr  0.44  t  13.7  inf 127  N 20.0  mpc   3.3 ms  err 0.42
[103/450] speed=4 S2  A_FR_FN     seed  3  goal      clr  0.13  t  19.8  inf 184  N 20.0  mpc   3.5 ms  err 0.43
[104/450] speed=4 S2  A_FR_FN     seed  4  goal      clr  0.51  t  15.1  inf 143  N 20.0  mpc   3.2 ms  err 0.56
[105/450] speed=4 S2  A_FR_FN     seed  5  collision clr -0.01  t  15.1  inf 137  N 20.0  mpc   3.6 ms  err 0.52
[106/450] speed=4 S2  A_FR_FN     seed  6  goal      clr  0.50  t  15.5  inf 144  N 20.0  mpc   3.3 ms  err 0.29
[107/450] speed=4 S2  A_FR_FN     seed  7  goal      clr  0.37  t  23.9  inf 221  N 20.0  mpc   3.4 ms  err 1.46
[108/450] speed=4 S2  A_FR_FN     seed  8  goal      clr  0.30  t  15.8  inf 149  N 20.0  mpc   3.4 ms  err 0.32
[109/450] speed=4 S2  A_FR_FN     seed  9  goal      clr  0.32  t  17.0  inf 159  N 20.0  mpc   3.6 ms  err 0.37
[110/450] speed=4 S2  A_FR_FN     seed 10  goal      clr  0.34  t  15.7  inf 142  N 20.0  mpc   3.3 ms  err 0.32
[111/450] speed=4 S2  A_FR_FN     seed 11  goal      clr  0.03  t  15.5  inf 140  N 20.0  mpc   3.4 ms  err 0.21
[112/450] speed=4 S2  A_FR_FN     seed 12  goal      clr  0.35  t  14.9  inf 138  N 20.0  mpc   3.2 ms  err 0.44
[113/450] speed=4 S2  A_FR_FN     seed 13  goal      clr  0.16  t  13.9  inf 132  N 20.0  mpc   3.5 ms  err 0.26
[114/450] speed=4 S2  A_FR_FN     seed 14  goal      clr  0.53  t  15.2  inf 142  N 20.0  mpc   3.3 ms  err 0.40
[115/450] speed=4 S2  A_FR_FN     seed 15  goal      clr  0.24  t  15.9  inf 146  N 20.0  mpc   3.4 ms  err 0.52
[116/450] speed=4 S2  A_FR_FN     seed 16  goal      clr  0.38  t  14.2  inf 134  N 20.0  mpc   3.2 ms  err 0.23
[117/450] speed=4 S2  A_FR_FN     seed 17  goal      clr  0.47  t  15.7  inf 150  N 20.0  mpc   3.3 ms  err 0.17
[118/450] speed=4 S2  A_FR_FN     seed 18  goal      clr  0.42  t  15.9  inf 148  N 20.0  mpc   3.3 ms  err 0.64
[119/450] speed=4 S2  A_FR_FN     seed 19  goal      clr  0.26  t  14.9  inf 141  N 20.0  mpc   3.3 ms  err 0.43
[120/450] speed=4 S2  A_FR_FN     seed 20  goal      clr  0.49  t  13.6  inf 127  N 20.0  mpc   3.2 ms  err 0.33
[121/450] speed=4 S2  A_FR_FN     seed 21  goal      clr  0.22  t  15.5  inf 143  N 20.0  mpc   3.4 ms  err 0.80
[122/450] speed=4 S2  A_FR_FN     seed 22  goal      clr  0.20  t  14.9  inf 141  N 20.0  mpc   3.2 ms  err 0.68
[123/450] speed=4 S2  A_FR_FN     seed 23  goal      clr  0.37  t  15.7  inf 145  N 20.0  mpc   3.4 ms  err 0.30
[124/450] speed=4 S2  A_FR_FN     seed 24  goal      clr  0.58  t  17.4  inf 162  N 20.0  mpc   3.3 ms  err 0.68
[125/450] speed=4 S2  A_FR_FN     seed 25  goal      clr  0.32  t  14.6  inf 135  N 20.0  mpc   3.4 ms  err 0.39
[126/450] speed=4 S2  A_FR_FN     seed 26  goal      clr  0.32  t  15.2  inf 140  N 20.0  mpc   3.3 ms  err 0.47
[127/450] speed=4 S2  A_FR_FN     seed 27  goal      clr  0.32  t  15.3  inf 142  N 20.0  mpc   3.4 ms  err 0.38
[128/450] speed=4 S2  A_FR_FN     seed 28  goal      clr  0.20  t  15.2  inf 142  N 20.0  mpc   3.3 ms  err 0.30
[129/450] speed=4 S2  A_FR_FN     seed 29  goal      clr  0.42  t  13.9  inf 131  N 20.0  mpc   3.2 ms  err 0.36
[130/450] speed=4 S2  A_FR_FN     seed 30  goal      clr  0.34  t  14.2  inf 131  N 20.0  mpc   3.2 ms  err 0.57
[131/450] speed=4 S2  A_FR_FN     seed 31  goal      clr  0.45  t  15.7  inf 146  N 20.0  mpc   3.2 ms  err 0.62
[132/450] speed=4 S2  A_FR_FN     seed 32  goal      clr  0.25  t  15.8  inf 148  N 20.0  mpc   3.4 ms  err 0.51
[133/450] speed=4 S2  A_FR_FN     seed 33  goal      clr  0.17  t  15.2  inf 141  N 20.0  mpc   3.3 ms  err 0.36
[134/450] speed=4 S2  A_FR_FN     seed 34  goal      clr  0.23  t  15.8  inf 150  N 20.0  mpc   3.3 ms  err 0.36
[135/450] speed=4 S2  A_FR_FN     seed 35  goal      clr  0.60  t  13.9  inf 132  N 20.0  mpc   3.1 ms  err 0.42
[136/450] speed=4 S2  A_FR_FN     seed 36  goal      clr  0.00  t  16.1  inf 152  N 20.0  mpc   3.4 ms  err 0.35
[137/450] speed=4 S2  A_FR_FN     seed 37  goal      clr  0.20  t  14.7  inf 138  N 20.0  mpc   3.2 ms  err 0.67
[138/450] speed=4 S2  A_FR_FN     seed 38  goal      clr  0.12  t  15.4  inf 143  N 20.0  mpc   3.3 ms  err 0.45
[139/450] speed=4 S2  A_FR_FN     seed 39  goal      clr  0.40  t  15.5  inf 142  N 20.0  mpc   3.2 ms  err 0.45
[140/450] speed=4 S2  A_FR_FN     seed 40  goal      clr  0.46  t  24.0  inf 224  N 20.0  mpc   3.3 ms  err 0.18
[141/450] speed=4 S2  A_FR_FN     seed 41  goal      clr  0.26  t  17.2  inf 161  N 20.0  mpc   3.4 ms  err 1.17
[142/450] speed=4 S2  A_FR_FN     seed 42  goal      clr  0.07  t  15.2  inf 142  N 20.0  mpc   3.3 ms  err 0.63
[143/450] speed=4 S2  A_FR_FN     seed 43  goal      clr  0.10  t  15.8  inf 147  N 20.0  mpc   3.4 ms  err 0.34
[144/450] speed=4 S2  A_FR_FN     seed 44  goal      clr  0.39  t  14.6  inf 134  N 20.0  mpc   3.4 ms  err 0.67
[145/450] speed=4 S2  A_FR_FN     seed 45  goal      clr  0.40  t  14.7  inf 138  N 20.0  mpc   3.3 ms  err 0.22
[146/450] speed=4 S2  A_FR_FN     seed 46  goal      clr  0.50  t  15.3  inf 141  N 20.0  mpc   3.4 ms  err 0.90
[147/450] speed=4 S2  A_FR_FN     seed 47  goal      clr  0.37  t  13.8  inf 127  N 20.0  mpc   3.3 ms  err 0.44
[148/450] speed=4 S2  A_FR_FN     seed 48  goal      clr  0.20  t  18.3  inf 172  N 20.0  mpc   3.5 ms  err 0.28
[149/450] speed=4 S2  A_FR_FN     seed 49  goal      clr  0.33  t  15.4  inf 146  N 20.0  mpc   3.3 ms  err 0.23
[150/450] speed=4 S2  A_FR_FN     seed 50  goal      clr  0.20  t  14.7  inf 139  N 20.0  mpc   3.3 ms  err 0.38
[151/450] speed=4 S2  F_NODELAY   seed  1  goal      clr  0.37  t  20.7  inf 128  N 23.5  mpc   4.9 ms  err 1.87
[152/450] speed=4 S2  F_NODELAY   seed  2  goal      clr  0.95  t  15.8  inf  71  N 22.3  mpc   4.4 ms  err 2.36
[153/450] speed=4 S2  F_NODELAY   seed  3  goal      clr  0.79  t  14.4  inf  66  N 23.5  mpc   4.9 ms  err 1.93
[154/450] speed=4 S2  F_NODELAY   seed  4  goal      clr  1.43  t  16.1  inf  60  N 23.5  mpc   4.2 ms  err 2.62
[155/450] speed=4 S2  F_NODELAY   seed  5  goal      clr  0.19  t  18.7  inf  80  N 22.1  mpc   4.3 ms  err 1.69
[156/450] speed=4 S2  F_NODELAY   seed  6  goal      clr  0.61  t  17.0  inf  88  N 23.4  mpc   4.7 ms  err 2.08
[157/450] speed=4 S2  F_NODELAY   seed  7  goal      clr  0.82  t  18.9  inf 103  N 22.4  mpc   4.3 ms  err 2.18
[158/450] speed=4 S2  F_NODELAY   seed  8  goal      clr  2.29  t  15.1  inf  49  N 21.4  mpc   3.6 ms  err 2.81
[159/450] speed=4 S2  F_NODELAY   seed  9  goal      clr  1.35  t  12.8  inf  72  N 25.5  mpc   5.4 ms  err 1.73
[160/450] speed=4 S2  F_NODELAY   seed 10  goal      clr  0.57  t  17.2  inf  99  N 22.6  mpc   4.8 ms  err 2.36
[161/450] speed=4 S2  F_NODELAY   seed 11  collision clr -0.01  t   3.2  inf  29  N 26.3  mpc   5.4 ms  err 1.07
[162/450] speed=4 S2  F_NODELAY   seed 12  goal      clr  0.39  t  18.4  inf 105  N 23.5  mpc   5.5 ms  err 2.44
[163/450] speed=4 S2  F_NODELAY   seed 13  goal      clr  0.33  t  19.4  inf  91  N 22.1  mpc   4.1 ms  err 2.31
[164/450] speed=4 S2  F_NODELAY   seed 14  goal      clr  0.24  t  24.7  inf 149  N 22.0  mpc   4.9 ms  err 1.80
[165/450] speed=4 S2  F_NODELAY   seed 15  goal      clr  1.05  t  14.0  inf  71  N 25.5  mpc   5.3 ms  err 1.58
[166/450] speed=4 S2  F_NODELAY   seed 16  goal      clr  0.55  t  19.4  inf  82  N 19.9  mpc   3.7 ms  err 2.48
[167/450] speed=4 S2  F_NODELAY   seed 17  goal      clr  0.43  t  20.5  inf 132  N 24.1  mpc   5.0 ms  err 2.14
[168/450] speed=4 S2  F_NODELAY   seed 18  goal      clr  0.33  t  23.1  inf 131  N 24.2  mpc   5.2 ms  err 2.21
[169/450] speed=4 S2  F_NODELAY   seed 19  goal      clr  0.24  t  20.2  inf 102  N 22.4  mpc   4.4 ms  err 1.63
[170/450] speed=4 S2  F_NODELAY   seed 20  goal      clr  1.47  t  14.3  inf  77  N 23.8  mpc   5.0 ms  err 3.17
[171/450] speed=4 S2  F_NODELAY   seed 21  goal      clr  0.85  t  15.8  inf  80  N 23.7  mpc   4.5 ms  err 2.90
[172/450] speed=4 S2  F_NODELAY   seed 22  goal      clr  1.42  t  17.7  inf  91  N 21.6  mpc   4.1 ms  err 2.10
[173/450] speed=4 S2  F_NODELAY   seed 23  goal      clr  0.91  t  19.1  inf 131  N 23.3  mpc   4.9 ms  err 1.68
[174/450] speed=4 S2  F_NODELAY   seed 24  goal      clr  0.85  t  17.2  inf  96  N 24.1  mpc   5.1 ms  err 1.81
[175/450] speed=4 S2  F_NODELAY   seed 25  goal      clr  0.94  t  18.1  inf  89  N 22.2  mpc   4.3 ms  err 2.66
[176/450] speed=4 S2  F_NODELAY   seed 26  goal      clr  0.31  t  25.7  inf 183  N 23.4  mpc   5.3 ms  err 2.20
[177/450] speed=4 S2  F_NODELAY   seed 27  goal      clr  0.14  t  17.8  inf  74  N 22.2  mpc   4.3 ms  err 2.70
[178/450] speed=4 S2  F_NODELAY   seed 28  goal      clr  1.13  t  19.8  inf  88  N 21.7  mpc   3.6 ms  err 2.35
[179/450] speed=4 S2  F_NODELAY   seed 29  collision clr -0.00  t   5.1  inf  47  N 28.5  mpc   6.7 ms  err 1.74
[180/450] speed=4 S2  F_NODELAY   seed 30  goal      clr  0.45  t  16.5  inf 104  N 25.1  mpc   5.3 ms  err 2.17
[181/450] speed=4 S2  F_NODELAY   seed 31  collision clr -0.00  t   6.0  inf  56  N 28.1  mpc   6.3 ms  err 2.43
[182/450] speed=4 S2  F_NODELAY   seed 32  goal      clr  0.78  t  16.6  inf  95  N 23.4  mpc   4.7 ms  err 3.06
[183/450] speed=4 S2  F_NODELAY   seed 33  goal      clr  1.00  t  18.3  inf  87  N 23.0  mpc   4.2 ms  err 1.92
[184/450] speed=4 S2  F_NODELAY   seed 34  collision clr -0.01  t  13.0  inf 118  N 25.6  mpc   6.1 ms  err 2.83
[185/450] speed=4 S2  F_NODELAY   seed 35  goal      clr  1.71  t  14.9  inf  74  N 23.5  mpc   4.3 ms  err 2.98
[186/450] speed=4 S2  F_NODELAY   seed 36  goal      clr  0.89  t  20.2  inf 122  N 23.3  mpc   4.9 ms  err 2.44
[187/450] speed=4 S2  F_NODELAY   seed 37  goal      clr  0.45  t  19.6  inf  65  N 20.9  mpc   3.4 ms  err 1.54
[188/450] speed=4 S2  F_NODELAY   seed 38  goal      clr  0.38  t  18.6  inf 103  N 24.1  mpc   4.7 ms  err 1.62
[189/450] speed=4 S2  F_NODELAY   seed 39  goal      clr  1.48  t  18.1  inf  95  N 23.5  mpc   4.5 ms  err 1.89
[190/450] speed=4 S2  F_NODELAY   seed 40  goal      clr  0.07  t  21.3  inf 110  N 21.8  mpc   4.2 ms  err 3.06
[191/450] speed=4 S2  F_NODELAY   seed 41  goal      clr  0.43  t  25.0  inf 169  N 23.5  mpc   4.9 ms  err 2.71
[192/450] speed=4 S2  F_NODELAY   seed 42  goal      clr  0.55  t  18.8  inf 128  N 24.6  mpc   5.0 ms  err 1.99
[193/450] speed=4 S2  F_NODELAY   seed 43  goal      clr  1.51  t  15.4  inf  73  N 22.3  mpc   4.0 ms  err 2.41
[194/450] speed=4 S2  F_NODELAY   seed 44  goal      clr  0.88  t  17.5  inf  72  N 21.3  mpc   4.0 ms  err 2.08
[195/450] speed=4 S2  F_NODELAY   seed 45  goal      clr  0.21  t  25.3  inf 132  N 23.6  mpc   4.9 ms  err 1.75
[196/450] speed=4 S2  F_NODELAY   seed 46  goal      clr  1.81  t  18.2  inf  93  N 22.8  mpc   4.5 ms  err 2.38
[197/450] speed=4 S2  F_NODELAY   seed 47  goal      clr  0.92  t  17.8  inf  79  N 23.3  mpc   4.8 ms  err 1.75
[198/450] speed=4 S2  F_NODELAY   seed 48  goal      clr  0.41  t  24.2  inf  96  N 20.7  mpc   3.8 ms  err 2.28
[199/450] speed=4 S2  F_NODELAY   seed 49  goal      clr  0.88  t  17.8  inf 110  N 26.3  mpc   5.3 ms  err 2.02
[200/450] speed=4 S2  F_NODELAY   seed 50  collision clr -0.01  t   3.3  inf  28  N 24.4  mpc   5.1 ms  err 1.71
[201/450] speed=4 S2  FR_SAFE_1   seed  1  goal      clr  1.31  t  15.7  inf  16  N 23.5  mpc   4.6 ms  err 0.50
[202/450] speed=4 S2  FR_SAFE_1   seed  2  goal      clr  0.59  t  18.7  inf  19  N 24.0  mpc   5.0 ms  err 0.55
[203/450] speed=4 S2  FR_SAFE_1   seed  3  goal      clr  0.99  t  20.5  inf  21  N 24.1  mpc   4.8 ms  err 0.56
[204/450] speed=4 S2  FR_SAFE_1   seed  4  goal      clr  2.39  t  15.1  inf  16  N 24.7  mpc   4.7 ms  err 0.83
[205/450] speed=4 S2  FR_SAFE_1   seed  5  goal      clr  3.30  t  17.1  inf  18  N 20.4  mpc   3.3 ms  err 1.02
[206/450] speed=4 S2  FR_SAFE_1   seed  6  goal      clr  0.75  t  16.0  inf  17  N 23.0  mpc   4.0 ms  err 1.20
[207/450] speed=4 S2  FR_SAFE_1   seed  7  goal      clr  0.80  t  25.6  inf  26  N 22.8  mpc   4.7 ms  err 0.32
[208/450] speed=4 S2  FR_SAFE_1   seed  8  goal      clr  1.45  t  19.5  inf  20  N 22.4  mpc   4.0 ms  err 1.13
[209/450] speed=4 S2  FR_SAFE_1   seed  9  goal      clr  1.69  t  14.1  inf  15  N 25.2  mpc   5.2 ms  err 0.69
[210/450] speed=4 S2  FR_SAFE_1   seed 10  goal      clr  2.08  t  17.7  inf  18  N 21.5  mpc   3.9 ms  err 1.01
[211/450] speed=4 S2  FR_SAFE_1   seed 11  goal      clr  0.87  t  17.7  inf  18  N 26.2  mpc   5.8 ms  err 0.80
[212/450] speed=4 S2  FR_SAFE_1   seed 12  goal      clr  0.64  t  17.9  inf  18  N 22.8  mpc   4.6 ms  err 0.64
[213/450] speed=4 S2  FR_SAFE_1   seed 13  goal      clr  0.73  t  23.4  inf  24  N 24.2  mpc   5.3 ms  err 0.25
[214/450] speed=4 S2  FR_SAFE_1   seed 14  goal      clr  0.66  t  21.6  inf  22  N 23.7  mpc   4.8 ms  err 0.36
[215/450] speed=4 S2  FR_SAFE_1   seed 15  goal      clr  1.08  t  14.1  inf  15  N 24.9  mpc   5.0 ms  err 0.52
[216/450] speed=4 S2  FR_SAFE_1   seed 16  goal      clr  0.35  t  24.0  inf  24  N 23.8  mpc   5.6 ms  err 0.51
[217/450] speed=4 S2  FR_SAFE_1   seed 17  goal      clr  1.24  t  20.6  inf  21  N 23.9  mpc   4.8 ms  err 0.84
[218/450] speed=4 S2  FR_SAFE_1   seed 18  goal      clr  0.97  t  16.4  inf  17  N 25.1  mpc   5.4 ms  err 0.56
[219/450] speed=4 S2  FR_SAFE_1   seed 19  goal      clr  2.75  t  16.5  inf  17  N 23.1  mpc   4.1 ms  err 0.95
[220/450] speed=4 S2  FR_SAFE_1   seed 20  goal      clr  0.51  t  20.6  inf  21  N 25.5  mpc   5.9 ms  err 0.48
[221/450] speed=4 S2  FR_SAFE_1   seed 21  goal      clr  0.72  t  18.0  inf  18  N 24.1  mpc   5.0 ms  err 0.62
[222/450] speed=4 S2  FR_SAFE_1   seed 22  goal      clr  1.06  t  17.2  inf  18  N 22.6  mpc   4.5 ms  err 0.79
[223/450] speed=4 S2  FR_SAFE_1   seed 23  goal      clr  0.55  t  21.7  inf  22  N 23.8  mpc   4.7 ms  err 0.72
[224/450] speed=4 S2  FR_SAFE_1   seed 24  goal      clr  0.75  t  20.8  inf  21  N 23.5  mpc   5.0 ms  err 0.27
[225/450] speed=4 S2  FR_SAFE_1   seed 25  goal      clr  0.96  t  20.5  inf  21  N 24.5  mpc   5.2 ms  err 0.45
[226/450] speed=4 S2  FR_SAFE_1   seed 26  goal      clr  1.60  t  16.4  inf  17  N 22.6  mpc   3.9 ms  err 0.43
[227/450] speed=4 S2  FR_SAFE_1   seed 27  goal      clr  1.00  t  17.4  inf  18  N 25.3  mpc   5.5 ms  err 0.46
[228/450] speed=4 S2  FR_SAFE_1   seed 28  goal      clr  0.74  t  24.2  inf  25  N 22.8  mpc   4.6 ms  err 0.56
[229/450] speed=4 S2  FR_SAFE_1   seed 29  goal      clr  0.47  t  20.4  inf  21  N 21.0  mpc   3.8 ms  err 0.70
[230/450] speed=4 S2  FR_SAFE_1   seed 30  goal      clr  0.74  t  16.3  inf  17  N 22.7  mpc   4.5 ms  err 0.69
[231/450] speed=4 S2  FR_SAFE_1   seed 31  goal      clr  0.76  t  22.9  inf  23  N 22.3  mpc   4.3 ms  err 0.58
[232/450] speed=4 S2  FR_SAFE_1   seed 32  goal      clr  2.58  t  17.0  inf  18  N 23.9  mpc   4.5 ms  err 0.87
[233/450] speed=4 S2  FR_SAFE_1   seed 33  goal      clr  1.58  t  15.6  inf  16  N 23.2  mpc   4.3 ms  err 0.58
[234/450] speed=4 S2  FR_SAFE_1   seed 34  goal      clr  0.96  t  18.7  inf  19  N 25.5  mpc   5.4 ms  err 0.53
[235/450] speed=4 S2  FR_SAFE_1   seed 35  goal      clr  1.10  t  16.1  inf  17  N 24.4  mpc   4.4 ms  err 0.56
[236/450] speed=4 S2  FR_SAFE_1   seed 36  goal      clr  0.83  t  18.4  inf  19  N 26.0  mpc   5.9 ms  err 0.56
[237/450] speed=4 S2  FR_SAFE_1   seed 37  goal      clr  1.12  t  22.0  inf  22  N 21.4  mpc   3.9 ms  err 0.91
[238/450] speed=4 S2  FR_SAFE_1   seed 38  goal      clr  0.49  t  17.9  inf  18  N 24.6  mpc   5.0 ms  err 0.79
[239/450] speed=4 S2  FR_SAFE_1   seed 39  goal      clr  0.95  t  18.5  inf  19  N 21.9  mpc   4.2 ms  err 0.66
[240/450] speed=4 S2  FR_SAFE_1   seed 40  goal      clr  0.90  t  18.4  inf  19  N 23.9  mpc   4.7 ms  err 0.63
[241/450] speed=4 S2  FR_SAFE_1   seed 41  goal      clr  0.55  t  22.4  inf  23  N 23.4  mpc   5.0 ms  err 0.85
[242/450] speed=4 S2  FR_SAFE_1   seed 42  goal      clr  0.75  t  19.4  inf  20  N 24.1  mpc   5.1 ms  err 0.64
[243/450] speed=4 S2  FR_SAFE_1   seed 43  goal      clr  1.38  t  16.5  inf  17  N 23.8  mpc   4.4 ms  err 0.68
[244/450] speed=4 S2  FR_SAFE_1   seed 44  goal      clr  0.89  t  16.7  inf  17  N 25.0  mpc   5.3 ms  err 0.86
[245/450] speed=4 S2  FR_SAFE_1   seed 45  goal      clr  0.99  t  20.3  inf  21  N 25.7  mpc   5.6 ms  err 0.42
[246/450] speed=4 S2  FR_SAFE_1   seed 46  goal      clr  0.92  t  16.5  inf  17  N 25.8  mpc   5.1 ms  err 0.94
[247/450] speed=4 S2  FR_SAFE_1   seed 47  goal      clr  0.88  t  21.6  inf  22  N 22.8  mpc   4.8 ms  err 0.74
[248/450] speed=4 S2  FR_SAFE_1   seed 48  goal      clr  1.09  t  19.4  inf  20  N 22.3  mpc   3.9 ms  err 0.73
[249/450] speed=4 S2  FR_SAFE_1   seed 49  goal      clr  1.16  t  16.0  inf  17  N 24.1  mpc   4.3 ms  err 0.63
[250/450] speed=4 S2  FR_SAFE_1   seed 50  goal      clr  0.38  t  17.9  inf  18  N 25.4  mpc   5.4 ms  err 0.75
[251/450] speed=4 S2  FR_SAFE_2   seed  1  goal      clr  0.59  t  14.3  inf  29  N 25.3  mpc   5.0 ms  err 0.46
[252/450] speed=4 S2  FR_SAFE_2   seed  2  goal      clr  0.50  t  16.1  inf  33  N 24.3  mpc   4.6 ms  err 0.28
[253/450] speed=4 S2  FR_SAFE_2   seed  3  goal      clr  0.69  t  16.1  inf  33  N 25.6  mpc   5.1 ms  err 0.28
[254/450] speed=4 S2  FR_SAFE_2   seed  4  goal      clr  0.55  t  16.7  inf  34  N 24.5  mpc   4.8 ms  err 0.27
[255/450] speed=4 S2  FR_SAFE_2   seed  5  goal      clr  1.52  t  16.1  inf  33  N 23.7  mpc   4.5 ms  err 0.83
[256/450] speed=4 S2  FR_SAFE_2   seed  6  goal      clr  0.75  t  15.9  inf  32  N 24.2  mpc   4.5 ms  err 0.87
[257/450] speed=4 S2  FR_SAFE_2   seed  7  goal      clr  0.52  t  18.6  inf  38  N 23.6  mpc   4.5 ms  err 0.58
[258/450] speed=4 S2  FR_SAFE_2   seed  8  goal      clr  0.41  t  19.6  inf  40  N 24.4  mpc   5.0 ms  err 0.35
[259/450] speed=4 S2  FR_SAFE_2   seed  9  goal      clr  0.58  t  17.1  inf  35  N 24.5  mpc   4.9 ms  err 0.34
[260/450] speed=4 S2  FR_SAFE_2   seed 10  goal      clr  0.53  t  17.3  inf  35  N 22.1  mpc   4.4 ms  err 0.55
[261/450] speed=4 S2  FR_SAFE_2   seed 11  goal      clr  0.57  t  18.1  inf  37  N 23.5  mpc   4.3 ms  err 0.45
[262/450] speed=4 S2  FR_SAFE_2   seed 12  goal      clr  0.55  t  15.8  inf  32  N 25.3  mpc   4.9 ms  err 0.42
[263/450] speed=4 S2  FR_SAFE_2   seed 13  goal      clr  0.64  t  15.5  inf  31  N 24.9  mpc   4.7 ms  err 0.38
[264/450] speed=4 S2  FR_SAFE_2   seed 14  goal      clr  0.86  t  16.9  inf  34  N 21.9  mpc   4.0 ms  err 0.79
[265/450] speed=4 S2  FR_SAFE_2   seed 15  goal      clr  0.55  t  14.7  inf  30  N 24.1  mpc   4.5 ms  err 0.52
[266/450] speed=4 S2  FR_SAFE_2   seed 16  goal      clr  0.94  t  16.1  inf  33  N 24.1  mpc   4.7 ms  err 0.55
[267/450] speed=4 S2  FR_SAFE_2   seed 17  goal      clr  0.36  t  21.5  inf  44  N 25.3  mpc   5.1 ms  err 0.55
[268/450] speed=4 S2  FR_SAFE_2   seed 18  goal      clr  1.06  t  14.1  inf  29  N 25.6  mpc   5.1 ms  err 0.95
[269/450] speed=4 S2  FR_SAFE_2   seed 19  goal      clr  0.63  t  21.5  inf  43  N 22.9  mpc   4.5 ms  err 0.53
[270/450] speed=4 S2  FR_SAFE_2   seed 20  goal      clr  0.87  t  14.2  inf  29  N 24.4  mpc   4.5 ms  err 0.50
[271/450] speed=4 S2  FR_SAFE_2   seed 21  goal      clr  0.78  t  13.9  inf  28  N 24.9  mpc   4.8 ms  err 0.50
[272/450] speed=4 S2  FR_SAFE_2   seed 22  goal      clr  0.52  t  20.1  inf  41  N 20.4  mpc   3.7 ms  err 0.36
[273/450] speed=4 S2  FR_SAFE_2   seed 23  goal      clr  0.50  t  16.1  inf  33  N 25.5  mpc   5.2 ms  err 0.42
[274/450] speed=4 S2  FR_SAFE_2   seed 24  goal      clr  0.48  t  15.6  inf  32  N 24.7  mpc   4.9 ms  err 0.55
[275/450] speed=4 S2  FR_SAFE_2   seed 25  goal      clr  0.55  t  17.5  inf  35  N 24.2  mpc   4.7 ms  err 0.44
[276/450] speed=4 S2  FR_SAFE_2   seed 26  goal      clr  0.66  t  17.3  inf  35  N 22.9  mpc   4.4 ms  err 0.41
[277/450] speed=4 S2  FR_SAFE_2   seed 27  goal      clr  0.75  t  17.5  inf  35  N 24.7  mpc   4.8 ms  err 0.30
[278/450] speed=4 S2  FR_SAFE_2   seed 28  goal      clr  0.51  t  14.6  inf  30  N 25.9  mpc   4.8 ms  err 0.41
[279/450] speed=4 S2  FR_SAFE_2   seed 29  goal      clr  0.90  t  13.0  inf  26  N 24.2  mpc   4.7 ms  err 0.67
[280/450] speed=4 S2  FR_SAFE_2   seed 30  goal      clr  0.62  t  17.9  inf  36  N 24.3  mpc   4.6 ms  err 0.39
[281/450] speed=4 S2  FR_SAFE_2   seed 31  goal      clr  0.55  t  15.7  inf  32  N 25.1  mpc   5.1 ms  err 0.51
[282/450] speed=4 S2  FR_SAFE_2   seed 32  goal      clr  0.65  t  19.2  inf  39  N 24.3  mpc   4.7 ms  err 0.61
[283/450] speed=4 S2  FR_SAFE_2   seed 33  goal      clr  0.55  t  20.6  inf  42  N 23.5  mpc   4.6 ms  err 0.74
[284/450] speed=4 S2  FR_SAFE_2   seed 34  goal      clr  0.38  t  16.3  inf  33  N 25.0  mpc   5.1 ms  err 0.56
[285/450] speed=4 S2  FR_SAFE_2   seed 35  goal      clr  0.55  t  15.6  inf  32  N 25.5  mpc   4.8 ms  err 0.68
[286/450] speed=4 S2  FR_SAFE_2   seed 36  goal      clr  0.50  t  20.9  inf  42  N 23.4  mpc   4.9 ms  err 0.52
[287/450] speed=4 S2  FR_SAFE_2   seed 37  goal      clr  0.96  t  17.2  inf  35  N 23.6  mpc   4.3 ms  err 0.33
[288/450] speed=4 S2  FR_SAFE_2   seed 38  goal      clr  0.83  t  16.4  inf  33  N 25.0  mpc   4.8 ms  err 0.68
[289/450] speed=4 S2  FR_SAFE_2   seed 39  goal      clr  0.68  t  15.6  inf  32  N 23.9  mpc   4.8 ms  err 1.05
[290/450] speed=4 S2  FR_SAFE_2   seed 40  goal      clr  0.74  t  18.0  inf  36  N 24.5  mpc   4.7 ms  err 0.53
[291/450] speed=4 S2  FR_SAFE_2   seed 41  goal      clr  0.71  t  16.0  inf  33  N 24.7  mpc   4.9 ms  err 0.46
[292/450] speed=4 S2  FR_SAFE_2   seed 42  goal      clr  0.66  t  19.2  inf  39  N 23.2  mpc   4.3 ms  err 0.18
[293/450] speed=4 S2  FR_SAFE_2   seed 43  goal      clr  0.70  t  16.6  inf  34  N 24.1  mpc   4.7 ms  err 0.46
[294/450] speed=4 S2  FR_SAFE_2   seed 44  goal      clr  0.70  t  14.4  inf  29  N 25.1  mpc   5.0 ms  err 0.47
[295/450] speed=4 S2  FR_SAFE_2   seed 45  goal      clr  0.69  t  18.4  inf  37  N 25.1  mpc   5.2 ms  err 0.74
[296/450] speed=4 S2  FR_SAFE_2   seed 46  goal      clr  0.86  t  16.5  inf  34  N 25.3  mpc   5.0 ms  err 0.32
[297/450] speed=4 S2  FR_SAFE_2   seed 47  goal      clr  0.58  t  16.3  inf  33  N 26.3  mpc   5.4 ms  err 0.50
[298/450] speed=4 S2  FR_SAFE_2   seed 48  goal      clr  0.58  t  17.6  inf  36  N 24.8  mpc   5.0 ms  err 0.32
[299/450] speed=4 S2  FR_SAFE_2   seed 49  goal      clr  0.93  t  14.6  inf  30  N 25.6  mpc   5.2 ms  err 0.40
[300/450] speed=4 S2  FR_SAFE_2   seed 50  goal      clr  0.62  t  18.9  inf  38  N 22.6  mpc   4.7 ms  err 0.41
[301/450] speed=4 S2  FR_SAFE_3   seed  1  goal      clr  0.59  t  17.6  inf  52  N 22.6  mpc   4.8 ms  err 0.48
[302/450] speed=4 S2  FR_SAFE_3   seed  2  goal      clr  0.55  t  15.4  inf  46  N 24.1  mpc   5.0 ms  err 0.41
[303/450] speed=4 S2  FR_SAFE_3   seed  3  goal      clr  0.63  t  14.9  inf  44  N 24.8  mpc   5.1 ms  err 0.31
[304/450] speed=4 S2  FR_SAFE_3   seed  4  goal      clr  0.76  t  14.8  inf  44  N 24.2  mpc   4.9 ms  err 0.51
[305/450] speed=4 S2  FR_SAFE_3   seed  5  goal      clr  0.73  t  17.6  inf  52  N 25.5  mpc   5.6 ms  err 0.37
[306/450] speed=4 S2  FR_SAFE_3   seed  6  goal      clr  0.62  t  17.1  inf  51  N 25.7  mpc   5.4 ms  err 0.27
[307/450] speed=4 S2  FR_SAFE_3   seed  7  goal      clr  0.37  t  19.4  inf  58  N 22.9  mpc   4.6 ms  err 0.48
[308/450] speed=4 S2  FR_SAFE_3   seed  8  goal      clr  0.69  t  14.8  inf  44  N 24.1  mpc   4.7 ms  err 0.53
[309/450] speed=4 S2  FR_SAFE_3   seed  9  goal      clr  0.47  t  16.0  inf  48  N 25.2  mpc   5.0 ms  err 0.65
[310/450] speed=4 S2  FR_SAFE_3   seed 10  goal      clr  0.60  t  21.4  inf  63  N 22.6  mpc   4.7 ms  err 0.48
[311/450] speed=4 S2  FR_SAFE_3   seed 11  goal      clr  0.60  t  17.0  inf  51  N 24.5  mpc   5.0 ms  err 0.68
[312/450] speed=4 S2  FR_SAFE_3   seed 12  goal      clr  0.58  t  16.8  inf  50  N 24.6  mpc   5.0 ms  err 0.72
[313/450] speed=4 S2  FR_SAFE_3   seed 13  goal      clr  0.65  t  14.8  inf  44  N 25.2  mpc   5.2 ms  err 0.34
[314/450] speed=4 S2  FR_SAFE_3   seed 14  goal      clr  0.67  t  17.4  inf  52  N 19.8  mpc   3.7 ms  err 0.54
[315/450] speed=4 S2  FR_SAFE_3   seed 15  goal      clr  0.90  t  13.8  inf  41  N 24.6  mpc   5.0 ms  err 0.58
[316/450] speed=4 S2  FR_SAFE_3   seed 16  goal      clr  0.70  t  16.2  inf  48  N 25.5  mpc   5.4 ms  err 0.47
[317/450] speed=4 S2  FR_SAFE_3   seed 17  goal      clr  0.61  t  16.4  inf  49  N 25.1  mpc   5.1 ms  err 0.34
[318/450] speed=4 S2  FR_SAFE_3   seed 18  goal      clr  0.56  t  14.6  inf  43  N 25.2  mpc   5.1 ms  err 0.57
[319/450] speed=4 S2  FR_SAFE_3   seed 19  goal      clr  0.56  t  18.8  inf  56  N 22.7  mpc   4.9 ms  err 0.33
[320/450] speed=4 S2  FR_SAFE_3   seed 20  goal      clr  0.63  t  15.0  inf  45  N 25.3  mpc   5.2 ms  err 0.43
[321/450] speed=4 S2  FR_SAFE_3   seed 21  goal      clr  0.81  t  13.7  inf  41  N 24.6  mpc   4.8 ms  err 0.36
[322/450] speed=4 S2  FR_SAFE_3   seed 22  goal      clr  0.80  t  16.8  inf  50  N 23.9  mpc   4.6 ms  err 0.39
[323/450] speed=4 S2  FR_SAFE_3   seed 23  goal      clr  0.63  t  16.9  inf  50  N 25.4  mpc   5.7 ms  err 0.28
[324/450] speed=4 S2  FR_SAFE_3   seed 24  goal      clr  0.83  t  19.2  inf  57  N 24.3  mpc   5.1 ms  err 0.59
[325/450] speed=4 S2  FR_SAFE_3   seed 25  goal      clr  0.73  t  17.7  inf  53  N 25.0  mpc   5.1 ms  err 0.19
[326/450] speed=4 S2  FR_SAFE_3   seed 26  goal      clr  0.74  t  15.8  inf  47  N 25.0  mpc   5.0 ms  err 0.77
[327/450] speed=4 S2  FR_SAFE_3   seed 27  goal      clr  0.71  t  16.9  inf  50  N 24.8  mpc   5.1 ms  err 0.38
[328/450] speed=4 S2  FR_SAFE_3   seed 28  goal      clr  0.55  t  14.4  inf  43  N 26.4  mpc   5.2 ms  err 0.30
[329/450] speed=4 S2  FR_SAFE_3   seed 29  goal      clr  1.18  t  12.9  inf  38  N 23.5  mpc   4.7 ms  err 0.83
[330/450] speed=4 S2  FR_SAFE_3   seed 30  goal      clr  0.48  t  17.8  inf  53  N 24.0  mpc   4.8 ms  err 0.57
[331/450] speed=4 S2  FR_SAFE_3   seed 31  goal      clr  0.86  t  17.9  inf  53  N 23.6  mpc   4.8 ms  err 0.35
[332/450] speed=4 S2  FR_SAFE_3   seed 32  goal      clr  0.91  t  19.4  inf  58  N 22.8  mpc   4.8 ms  err 0.56
[333/450] speed=4 S2  FR_SAFE_3   seed 33  goal      clr  0.71  t  16.7  inf  49  N 24.0  mpc   5.1 ms  err 1.05
[334/450] speed=4 S2  FR_SAFE_3   seed 34  goal      clr  0.52  t  15.2  inf  45  N 24.5  mpc   5.1 ms  err 0.70
[335/450] speed=4 S2  FR_SAFE_3   seed 35  goal      clr  0.57  t  14.1  inf  42  N 24.6  mpc   4.7 ms  err 0.57
[336/450] speed=4 S2  FR_SAFE_3   seed 36  goal      clr  0.64  t  15.1  inf  45  N 22.4  mpc   4.6 ms  err 0.68
[337/450] speed=4 S2  FR_SAFE_3   seed 37  goal      clr  0.84  t  15.1  inf  45  N 25.6  mpc   5.3 ms  err 0.36
[338/450] speed=4 S2  FR_SAFE_3   seed 38  goal      clr  0.73  t  15.0  inf  45  N 25.5  mpc   5.2 ms  err 0.26
[339/450] speed=4 S2  FR_SAFE_3   seed 39  goal      clr  0.93  t  13.6  inf  41  N 25.2  mpc   5.1 ms  err 0.52
[340/450] speed=4 S2  FR_SAFE_3   seed 40  goal      clr  0.69  t  15.3  inf  45  N 25.5  mpc   5.1 ms  err 0.45
[341/450] speed=4 S2  FR_SAFE_3   seed 41  goal      clr  0.54  t  21.7  inf  64  N 24.1  mpc   5.0 ms  err 0.49
[342/450] speed=4 S2  FR_SAFE_3   seed 42  goal      clr  0.62  t  17.7  inf  52  N 25.3  mpc   5.4 ms  err 0.25
[343/450] speed=4 S2  FR_SAFE_3   seed 43  goal      clr  0.57  t  18.8  inf  56  N 24.0  mpc   5.2 ms  err 0.64
[344/450] speed=4 S2  FR_SAFE_3   seed 44  goal      clr  0.76  t  14.3  inf  42  N 24.6  mpc   5.0 ms  err 0.54
[345/450] speed=4 S2  FR_SAFE_3   seed 45  goal      clr  0.76  t  15.5  inf  46  N 25.6  mpc   5.1 ms  err 0.24
[346/450] speed=4 S2  FR_SAFE_3   seed 46  goal      clr  0.78  t  16.2  inf  48  N 24.5  mpc   4.8 ms  err 0.65
[347/450] speed=4 S2  FR_SAFE_3   seed 47  goal      clr  0.50  t  14.4  inf  43  N 25.5  mpc   5.4 ms  err 0.63
[348/450] speed=4 S2  FR_SAFE_3   seed 48  goal      clr  0.48  t  18.4  inf  55  N 25.3  mpc   5.4 ms  err 0.53
[349/450] speed=4 S2  FR_SAFE_3   seed 49  goal      clr  0.83  t  13.9  inf  41  N 25.6  mpc   5.2 ms  err 0.43
[350/450] speed=4 S2  FR_SAFE_3   seed 50  goal      clr  1.13  t  15.9  inf  47  N 23.4  mpc   4.6 ms  err 0.64
[351/450] speed=4 S2  FR_SAFE_5   seed  1  goal      clr  0.79  t  17.6  inf  89  N 22.3  mpc   4.6 ms  err 0.61
[352/450] speed=4 S2  FR_SAFE_5   seed  2  goal      clr  0.43  t  15.7  inf  79  N 24.4  mpc   5.1 ms  err 0.64
[353/450] speed=4 S2  FR_SAFE_5   seed  3  goal      clr  0.62  t  16.1  inf  81  N 25.4  mpc   5.5 ms  err 0.28
[354/450] speed=4 S2  FR_SAFE_5   seed  4  goal      clr  0.64  t  14.5  inf  73  N 24.9  mpc   5.0 ms  err 0.59
[355/450] speed=4 S2  FR_SAFE_5   seed  5  goal      clr  0.84  t  17.4  inf  88  N 24.8  mpc   5.2 ms  err 0.44
[356/450] speed=4 S2  FR_SAFE_5   seed  6  goal      clr  0.63  t  15.5  inf  78  N 25.3  mpc   5.3 ms  err 0.27
[357/450] speed=4 S2  FR_SAFE_5   seed  7  goal      clr  0.80  t  15.0  inf  75  N 24.3  mpc   4.8 ms  err 0.43
[358/450] speed=4 S2  FR_SAFE_5   seed  8  goal      clr  0.65  t  15.7  inf  79  N 25.2  mpc   5.4 ms  err 0.37
[359/450] speed=4 S2  FR_SAFE_5   seed  9  goal      clr  0.57  t  16.0  inf  80  N 25.2  mpc   5.2 ms  err 0.35
[360/450] speed=4 S2  FR_SAFE_5   seed 10  goal      clr  0.70  t  16.0  inf  80  N 25.3  mpc   5.2 ms  err 0.50
[361/450] speed=4 S2  FR_SAFE_5   seed 11  goal      clr  0.66  t  16.7  inf  84  N 23.9  mpc   4.7 ms  err 0.40
[362/450] speed=4 S2  FR_SAFE_5   seed 12  goal      clr  0.80  t  17.9  inf  90  N 25.3  mpc   5.3 ms  err 0.58
[363/450] speed=4 S2  FR_SAFE_5   seed 13  goal      clr  0.60  t  15.1  inf  76  N 24.7  mpc   5.1 ms  err 0.36
[364/450] speed=4 S2  FR_SAFE_5   seed 14  goal      clr  1.07  t  18.0  inf  91  N 19.9  mpc   3.6 ms  err 0.75
[365/450] speed=4 S2  FR_SAFE_5   seed 15  goal      clr  0.77  t  13.8  inf  70  N 24.8  mpc   5.2 ms  err 0.41
[366/450] speed=4 S2  FR_SAFE_5   seed 16  goal      clr  0.60  t  14.8  inf  74  N 25.3  mpc   5.4 ms  err 0.33
[367/450] speed=4 S2  FR_SAFE_5   seed 17  goal      clr  0.63  t  15.2  inf  76  N 24.2  mpc   5.1 ms  err 0.23
[368/450] speed=4 S2  FR_SAFE_5   seed 18  goal      clr  0.50  t  17.4  inf  88  N 24.7  mpc   5.4 ms  err 0.35
[369/450] speed=4 S2  FR_SAFE_5   seed 19  goal      clr  0.71  t  18.2  inf  91  N 22.9  mpc   4.8 ms  err 0.29
[370/450] speed=4 S2  FR_SAFE_5   seed 20  goal      clr  0.73  t  14.7  inf  74  N 24.2  mpc   5.0 ms  err 0.55
[371/450] speed=4 S2  FR_SAFE_5   seed 21  goal      clr  0.59  t  17.1  inf  86  N 23.2  mpc   4.7 ms  err 0.55
[372/450] speed=4 S2  FR_SAFE_5   seed 22  goal      clr  0.63  t  15.4  inf  78  N 23.1  mpc   4.6 ms  err 0.47
[373/450] speed=4 S2  FR_SAFE_5   seed 23  goal      clr  0.63  t  15.3  inf  77  N 25.1  mpc   5.2 ms  err 0.33
[374/450] speed=4 S2  FR_SAFE_5   seed 24  goal      clr  0.76  t  17.7  inf  89  N 24.7  mpc   5.4 ms  err 0.34
[375/450] speed=4 S2  FR_SAFE_5   seed 25  goal      clr  0.49  t  18.3  inf  92  N 24.4  mpc   5.3 ms  err 0.47
[376/450] speed=4 S2  FR_SAFE_5   seed 26  goal      clr  0.69  t  15.4  inf  78  N 24.8  mpc   4.9 ms  err 0.78
[377/450] speed=4 S2  FR_SAFE_5   seed 27  goal      clr  0.52  t  19.4  inf  98  N 23.4  mpc   5.3 ms  err 0.39
[378/450] speed=4 S2  FR_SAFE_5   seed 28  goal      clr  0.76  t  14.3  inf  72  N 26.1  mpc   5.4 ms  err 0.40
[379/450] speed=4 S2  FR_SAFE_5   seed 29  goal      clr  0.47  t  18.8  inf  94  N 24.1  mpc   5.2 ms  err 0.54
[380/450] speed=4 S2  FR_SAFE_5   seed 30  goal      clr  0.70  t  17.5  inf  88  N 24.2  mpc   4.9 ms  err 0.35
[381/450] speed=4 S2  FR_SAFE_5   seed 31  goal      clr  0.81  t  19.3  inf  97  N 22.7  mpc   4.6 ms  err 0.29
[382/450] speed=4 S2  FR_SAFE_5   seed 32  goal      clr  0.74  t  15.8  inf  80  N 25.7  mpc   5.7 ms  err 0.45
[383/450] speed=4 S2  FR_SAFE_5   seed 33  goal      clr  0.63  t  13.8  inf  69  N 24.6  mpc   5.1 ms  err 1.06
[384/450] speed=4 S2  FR_SAFE_5   seed 34  goal      clr  0.52  t  15.0  inf  75  N 24.6  mpc   5.1 ms  err 0.41
[385/450] speed=4 S2  FR_SAFE_5   seed 35  goal      clr  0.67  t  14.7  inf  74  N 25.1  mpc   5.2 ms  err 0.49
[386/450] speed=4 S2  FR_SAFE_5   seed 36  goal      clr  0.83  t  17.7  inf  89  N 23.2  mpc   5.2 ms  err 0.68
[387/450] speed=4 S2  FR_SAFE_5   seed 37  goal      clr  0.41  t  17.6  inf  88  N 23.8  mpc   5.0 ms  err 0.65
[388/450] speed=4 S2  FR_SAFE_5   seed 38  goal      clr  0.65  t  15.2  inf  76  N 25.5  mpc   5.3 ms  err 0.46
[389/450] speed=4 S2  FR_SAFE_5   seed 39  goal      clr  0.83  t  13.7  inf  69  N 24.6  mpc   5.1 ms  err 0.73
[390/450] speed=4 S2  FR_SAFE_5   seed 40  goal      clr  0.56  t  16.2  inf  82  N 25.7  mpc   5.6 ms  err 0.46
[391/450] speed=4 S2  FR_SAFE_5   seed 41  goal      clr  0.52  t  18.7  inf  94  N 26.1  mpc   5.9 ms  err 0.31
[392/450] speed=4 S2  FR_SAFE_5   seed 42  goal      clr  0.73  t  14.8  inf  74  N 24.8  mpc   5.2 ms  err 0.30
[393/450] speed=4 S2  FR_SAFE_5   seed 43  goal      clr  0.77  t  14.9  inf  75  N 25.2  mpc   5.5 ms  err 0.87
[394/450] speed=4 S2  FR_SAFE_5   seed 44  goal      clr  0.64  t  14.5  inf  73  N 25.2  mpc   5.4 ms  err 0.64
[395/450] speed=4 S2  FR_SAFE_5   seed 45  goal      clr  0.70  t  16.1  inf  81  N 24.9  mpc   5.3 ms  err 0.44
[396/450] speed=4 S2  FR_SAFE_5   seed 46  goal      clr  0.40  t  15.7  inf  79  N 24.5  mpc   5.2 ms  err 0.68
[397/450] speed=4 S2  FR_SAFE_5   seed 47  goal      clr  0.49  t  16.1  inf  81  N 23.7  mpc   5.0 ms  err 0.57
[398/450] speed=4 S2  FR_SAFE_5   seed 48  goal      clr  0.57  t  17.3  inf  87  N 24.3  mpc   5.2 ms  err 0.47
[399/450] speed=4 S2  FR_SAFE_5   seed 49  goal      clr  0.81  t  13.9  inf  70  N 25.0  mpc   5.3 ms  err 0.57
[400/450] speed=4 S2  FR_SAFE_5   seed 50  goal      clr  0.40  t  17.8  inf  89  N 24.4  mpc   5.2 ms  err 0.34
[401/450] speed=4 S2  FR_SAFE_10  seed  1  goal      clr  0.62  t  17.4  inf 160  N 21.2  mpc   4.2 ms  err 0.57
[402/450] speed=4 S2  FR_SAFE_10  seed  2  goal      clr  0.38  t  15.8  inf 147  N 24.4  mpc   5.2 ms  err 0.71
[403/450] speed=4 S2  FR_SAFE_10  seed  3  goal      clr  0.60  t  15.6  inf 146  N 25.4  mpc   5.4 ms  err 0.67
[404/450] speed=4 S2  FR_SAFE_10  seed  4  goal      clr  0.61  t  16.4  inf 155  N 24.2  mpc   4.8 ms  err 0.23
[405/450] speed=4 S2  FR_SAFE_10  seed  5  goal      clr  0.75  t  16.7  inf 153  N 22.7  mpc   4.5 ms  err 0.58
[406/450] speed=4 S2  FR_SAFE_10  seed  6  goal      clr  0.60  t  17.1  inf 159  N 25.1  mpc   5.1 ms  err 0.67
[407/450] speed=4 S2  FR_SAFE_10  seed  7  goal      clr  0.59  t  17.9  inf 164  N 23.0  mpc   4.6 ms  err 0.50
[408/450] speed=4 S2  FR_SAFE_10  seed  8  goal      clr  0.65  t  15.0  inf 141  N 25.2  mpc   5.1 ms  err 0.31
[409/450] speed=4 S2  FR_SAFE_10  seed  9  goal      clr  0.63  t  17.6  inf 165  N 25.2  mpc   5.4 ms  err 0.85
[410/450] speed=4 S2  FR_SAFE_10  seed 10  goal      clr  0.76  t  15.7  inf 143  N 25.0  mpc   5.2 ms  err 0.56
[411/450] speed=4 S2  FR_SAFE_10  seed 11  goal      clr  0.76  t  16.4  inf 149  N 25.0  mpc   5.1 ms  err 0.25
[412/450] speed=4 S2  FR_SAFE_10  seed 12  goal      clr  0.58  t  17.0  inf 157  N 24.4  mpc   5.0 ms  err 0.53
[413/450] speed=4 S2  FR_SAFE_10  seed 13  goal      clr  0.59  t  15.3  inf 145  N 24.5  mpc   5.0 ms  err 0.53
[414/450] speed=4 S2  FR_SAFE_10  seed 14  goal      clr  0.63  t  16.6  inf 154  N 23.3  mpc   4.6 ms  err 0.44
[415/450] speed=4 S2  FR_SAFE_10  seed 15  goal      clr  0.75  t  14.0  inf 128  N 24.7  mpc   4.9 ms  err 0.41
[416/450] speed=4 S2  FR_SAFE_10  seed 16  goal      clr  0.74  t  19.3  inf 182  N 23.4  mpc   4.7 ms  err 0.32
[417/450] speed=4 S2  FR_SAFE_10  seed 17  goal      clr  0.64  t  18.4  inf 174  N 24.5  mpc   4.9 ms  err 0.22
[418/450] speed=4 S2  FR_SAFE_10  seed 18  goal      clr  0.63  t  15.6  inf 145  N 25.2  mpc   5.0 ms  err 0.36
[419/450] speed=4 S2  FR_SAFE_10  seed 19  goal      clr  0.51  t  20.7  inf 195  N 23.0  mpc   4.5 ms  err 0.35
[420/450] speed=4 S2  FR_SAFE_10  seed 20  goal      clr  0.68  t  14.4  inf 134  N 25.4  mpc   5.1 ms  err 0.33
[421/450] speed=4 S2  FR_SAFE_10  seed 21  goal      clr  0.82  t  13.7  inf 127  N 24.4  mpc   5.0 ms  err 0.44
[422/450] speed=4 S2  FR_SAFE_10  seed 22  goal      clr  0.61  t  16.2  inf 152  N 23.1  mpc   4.5 ms  err 0.54
[423/450] speed=4 S2  FR_SAFE_10  seed 23  goal      clr  0.63  t  22.4  inf 205  N 22.2  mpc   4.7 ms  err 0.63
[424/450] speed=4 S2  FR_SAFE_10  seed 24  goal      clr  0.60  t  18.1  inf 170  N 23.9  mpc   5.3 ms  err 0.66
[425/450] speed=4 S2  FR_SAFE_10  seed 25  goal      clr  0.74  t  16.3  inf 151  N 25.0  mpc   5.4 ms  err 0.23
[426/450] speed=4 S2  FR_SAFE_10  seed 26  goal      clr  0.65  t  15.3  inf 142  N 25.0  mpc   5.2 ms  err 0.33
[427/450] speed=4 S2  FR_SAFE_10  seed 27  goal      clr  0.55  t  19.8  inf 185  N 23.2  mpc   5.3 ms  err 0.64
[428/450] speed=4 S2  FR_SAFE_10  seed 28  goal      clr  0.69  t  15.8  inf 148  N 23.7  mpc   4.8 ms  err 0.36
[429/450] speed=4 S2  FR_SAFE_10  seed 29  goal      clr  0.59  t  19.9  inf 184  N 24.6  mpc   5.5 ms  err 0.51
[430/450] speed=4 S2  FR_SAFE_10  seed 30  goal      clr  0.69  t  17.0  inf 157  N 24.8  mpc   5.3 ms  err 0.34
[431/450] speed=4 S2  FR_SAFE_10  seed 31  goal      clr  0.82  t  18.3  inf 170  N 23.5  mpc   5.2 ms  err 0.47
[432/450] speed=4 S2  FR_SAFE_10  seed 32  goal      clr  0.49  t  17.2  inf 161  N 23.5  mpc   5.2 ms  err 0.60
[433/450] speed=4 S2  FR_SAFE_10  seed 33  goal      clr  0.59  t  15.1  inf 140  N 24.5  mpc   5.4 ms  err 0.78
[434/450] speed=4 S2  FR_SAFE_10  seed 34  goal      clr  0.53  t  16.7  inf 158  N 24.6  mpc   5.3 ms  err 0.80
[435/450] speed=4 S2  FR_SAFE_10  seed 35  goal      clr  0.56  t  17.6  inf 166  N 25.2  mpc   5.6 ms  err 0.69
[436/450] speed=4 S2  FR_SAFE_10  seed 36  goal      clr  0.53  t  16.4  inf 155  N 25.0  mpc   5.7 ms  err 0.60
[437/450] speed=4 S2  FR_SAFE_10  seed 37  goal      clr  0.57  t  20.0  inf 186  N 24.3  mpc   5.5 ms  err 0.30
[438/450] speed=4 S2  FR_SAFE_10  seed 38  goal      clr  0.59  t  14.7  inf 136  N 26.5  mpc   6.0 ms  err 0.48
[439/450] speed=4 S2  FR_SAFE_10  seed 39  goal      clr  0.81  t  13.6  inf 124  N 24.4  mpc   5.2 ms  err 1.06
[440/450] speed=4 S2  FR_SAFE_10  seed 40  goal      clr  0.59  t  16.3  inf 152  N 25.0  mpc   5.5 ms  err 0.27
[441/450] speed=4 S2  FR_SAFE_10  seed 41  goal      clr  0.41  t  20.2  inf 190  N 26.0  mpc   5.9 ms  err 0.53
[442/450] speed=4 S2  FR_SAFE_10  seed 42  goal      clr  0.76  t  15.9  inf 149  N 25.0  mpc   5.6 ms  err 0.59
[443/450] speed=4 S2  FR_SAFE_10  seed 43  goal      clr  0.69  t  16.2  inf 150  N 24.6  mpc   5.5 ms  err 0.59
[444/450] speed=4 S2  FR_SAFE_10  seed 44  goal      clr  0.53  t  16.8  inf 155  N 24.7  mpc   5.6 ms  err 0.59
[445/450] speed=4 S2  FR_SAFE_10  seed 45  goal      clr  0.44  t  15.5  inf 145  N 25.2  mpc   5.5 ms  err 0.24
[446/450] speed=4 S2  FR_SAFE_10  seed 46  goal      clr  0.59  t  13.8  inf 127  N 24.7  mpc   5.2 ms  err 0.61
[447/450] speed=4 S2  FR_SAFE_10  seed 47  goal      clr  0.52  t  15.2  inf 140  N 23.7  mpc   5.1 ms  err 0.54
[448/450] speed=4 S2  FR_SAFE_10  seed 48  goal      clr  0.53  t  18.3  inf 172  N 24.5  mpc   5.3 ms  err 0.38
[449/450] speed=4 S2  FR_SAFE_10  seed 49  goal      clr  0.57  t  14.4  inf 137  N 25.1  mpc   5.5 ms  err 0.34
[450/450] speed=4 S2  FR_SAFE_10  seed 50  goal      clr  0.73  t  18.0  inf 168  N 22.1  mpc   4.4 ms  err 0.43
