[  1/200] speed=5 S2  E_DART      seed  1  goal      clr  0.48  t  14.2  inf  88  N 25.3  mpc   7.7 ms  err 0.70
[  2/200] speed=5 S2  E_DART      seed  2  goal      clr  0.78  t  16.1  inf  96  N 24.2  mpc   7.1 ms  err 0.76
[  3/200] speed=5 S2  E_DART      seed  3  goal      clr  0.62  t  14.2  inf  88  N 25.1  mpc   7.0 ms  err 0.17
[  4/200] speed=5 S2  E_DART      seed  4  goal      clr  0.75  t  14.0  inf  83  N 24.7  mpc   7.4 ms  err 0.72
[  5/200] speed=5 S2  E_DART      seed  5  goal      clr  0.64  t  13.8  inf  66  N 23.8  mpc   6.4 ms  err 0.63
[  6/200] speed=5 S2  E_DART      seed  6  goal      clr  0.95  t  12.2  inf  54  N 24.9  mpc   6.8 ms  err 1.00
[  7/200] speed=5 S2  E_DART      seed  7  goal      clr  0.63  t  17.0  inf  67  N 22.3  mpc   5.8 ms  err 0.53
[  8/200] speed=5 S2  E_DART      seed  8  goal      clr  0.82  t  14.8  inf  87  N 24.6  mpc   6.0 ms  err 0.46
[  9/200] speed=5 S2  E_DART      seed  9  goal      clr  0.51  t  21.8  inf 103  N 24.3  mpc   7.3 ms  err 0.79
[ 10/200] speed=5 S2  E_DART      seed 10  goal      clr  0.73  t  18.9  inf  75  N 22.6  mpc   5.7 ms  err 0.80
[ 11/200] speed=5 S2  E_DART      seed 11  goal      clr  0.38  t  14.8  inf 101  N 25.2  mpc   6.3 ms  err 0.24
[ 12/200] speed=5 S2  E_DART      seed 12  goal      clr  0.67  t  14.4  inf  95  N 25.9  mpc   7.4 ms  err 0.38
[ 13/200] speed=5 S2  E_DART      seed 13  goal      clr  0.50  t  14.9  inf  78  N 25.2  mpc   6.5 ms  err 0.43
[ 14/200] speed=5 S2  E_DART      seed 14  goal      clr  0.46  t  17.0  inf  94  N 23.7  mpc   6.6 ms  err 0.51
[ 15/200] speed=5 S2  E_DART      seed 15  goal      clr  0.89  t  12.2  inf  73  N 25.5  mpc   6.2 ms  err 0.49
[ 16/200] speed=5 S2  E_DART      seed 16  goal      clr  0.46  t  14.5  inf  93  N 24.3  mpc   7.5 ms  err 0.59
[ 17/200] speed=5 S2  E_DART      seed 17  goal      clr  0.57  t  14.4  inf  91  N 25.3  mpc   7.1 ms  err 0.30
[ 18/200] speed=5 S2  E_DART      seed 18  goal      clr  0.55  t  15.5  inf  76  N 22.8  mpc   5.6 ms  err 0.95
[ 19/200] speed=5 S2  E_DART      seed 19  goal      clr  0.97  t  16.8  inf  84  N 23.0  mpc   5.7 ms  err 0.50
[ 20/200] speed=5 S2  E_DART      seed 20  goal      clr  0.72  t  15.6  inf  85  N 23.9  mpc   5.9 ms  err 0.40
[ 21/200] speed=5 S2  E_DART      seed 21  goal      clr  0.83  t  12.7  inf  80  N 24.6  mpc   6.0 ms  err 0.24
[ 22/200] speed=5 S2  E_DART      seed 22  goal      clr  0.50  t  15.1  inf  77  N 24.3  mpc   7.4 ms  err 0.51
[ 23/200] speed=5 S2  E_DART      seed 23  goal      clr  0.46  t  15.3  inf 104  N 25.9  mpc   7.5 ms  err 0.32
[ 24/200] speed=5 S2  E_DART      seed 24  goal      clr  0.76  t  17.9  inf 104  N 24.2  mpc   6.5 ms  err 0.74
[ 25/200] speed=5 S2  E_DART      seed 25  goal      clr  0.57  t  18.9  inf 110  N 23.9  mpc   6.9 ms  err 1.20
[ 26/200] speed=5 S2  E_DART      seed 26  goal      clr  0.60  t  14.3  inf  81  N 25.2  mpc   7.1 ms  err 0.44
[ 27/200] speed=5 S2  E_DART      seed 27  goal      clr  0.50  t  13.6  inf  86  N 25.5  mpc   7.3 ms  err 0.39
[ 28/200] speed=5 S2  E_DART      seed 28  goal      clr  0.65  t  15.0  inf  76  N 23.3  mpc   6.1 ms  err 0.23
[ 29/200] speed=5 S2  E_DART      seed 29  goal      clr  0.68  t  13.6  inf  79  N 25.3  mpc   7.0 ms  err 0.26
[ 30/200] speed=5 S2  E_DART      seed 30  goal      clr  0.63  t  14.5  inf  77  N 23.8  mpc   6.1 ms  err 0.45
[ 31/200] speed=5 S2  E_DART      seed 31  goal      clr  0.63  t  15.8  inf  84  N 25.4  mpc   7.3 ms  err 0.42
[ 32/200] speed=5 S2  E_DART      seed 32  goal      clr  0.54  t  15.0  inf  90  N 25.8  mpc   6.8 ms  err 0.46
[ 33/200] speed=5 S2  E_DART      seed 33  goal      clr  0.76  t  13.3  inf  90  N 25.1  mpc   6.9 ms  err 0.34
[ 34/200] speed=5 S2  E_DART      seed 34  goal      clr  0.53  t  14.1  inf  84  N 24.0  mpc   6.4 ms  err 0.45
[ 35/200] speed=5 S2  E_DART      seed 35  goal      clr  0.40  t  13.2  inf  85  N 25.2  mpc   6.9 ms  err 0.52
[ 36/200] speed=5 S2  E_DART      seed 36  goal      clr  0.53  t  13.6  inf  84  N 24.7  mpc   7.1 ms  err 0.66
[ 37/200] speed=5 S2  E_DART      seed 37  goal      clr  0.77  t  17.1  inf  84  N 22.1  mpc   5.4 ms  err 0.25
[ 38/200] speed=5 S2  E_DART      seed 38  goal      clr  0.73  t  15.0  inf  94  N 25.4  mpc   6.5 ms  err 0.22
[ 39/200] speed=5 S2  E_DART      seed 39  goal      clr  0.88  t  13.7  inf  85  N 25.4  mpc   7.1 ms  err 0.54
[ 40/200] speed=5 S2  E_DART      seed 40  goal      clr  0.61  t  17.8  inf 106  N 25.3  mpc   7.5 ms  err 0.38
[ 41/200] speed=5 S2  E_DART      seed 41  goal      clr  1.05  t  13.1  inf  78  N 24.4  mpc   6.1 ms  err 1.20
[ 42/200] speed=5 S2  E_DART      seed 42  goal      clr  0.41  t  13.9  inf  77  N 24.3  mpc   6.9 ms  err 0.24
[ 43/200] speed=5 S2  E_DART      seed 43  goal      clr  0.69  t  14.0  inf  85  N 25.2  mpc   6.8 ms  err 0.50
[ 44/200] speed=5 S2  E_DART      seed 44  goal      clr  0.62  t  13.6  inf  81  N 24.9  mpc   6.9 ms  err 0.45
[ 45/200] speed=5 S2  E_DART      seed 45  goal      clr  0.42  t  18.4  inf  97  N 23.7  mpc   6.8 ms  err 0.47
[ 46/200] speed=5 S2  E_DART      seed 46  goal      clr  0.51  t  14.2  inf  83  N 25.0  mpc   6.7 ms  err 0.37
[ 47/200] speed=5 S2  E_DART      seed 47  goal      clr  0.21  t  16.4  inf  99  N 23.5  mpc   6.6 ms  err 0.72
[ 48/200] speed=5 S2  E_DART      seed 48  goal      clr  0.60  t  16.5  inf  71  N 23.5  mpc   6.2 ms  err 0.38
[ 49/200] speed=5 S2  E_DART      seed 49  goal      clr  0.43  t  16.3  inf  95  N 24.4  mpc   6.4 ms  err 0.56
[ 50/200] speed=5 S2  E_DART      seed 50  goal      clr  0.44  t  15.2  inf  91  N 23.6  mpc   5.8 ms  err 0.62
[ 51/200] speed=5 S2  FN_SAFE_15  seed  1  goal      clr  0.44  t  16.4  inf  71  N 16.1  mpc   3.7 ms  err 0.52
[ 52/200] speed=5 S2  FN_SAFE_15  seed  2  goal      clr  0.66  t  17.1  inf  85  N 15.6  mpc   3.5 ms  err 0.41
[ 53/200] speed=5 S2  FN_SAFE_15  seed  3  goal      clr  0.66  t  15.3  inf  92  N 17.0  mpc   4.0 ms  err 0.42
[ 54/200] speed=5 S2  FN_SAFE_15  seed  4  goal      clr  0.83  t  16.2  inf  70  N 15.8  mpc   3.4 ms  err 0.42
[ 55/200] speed=5 S2  FN_SAFE_15  seed  5  goal      clr  0.52  t  17.4  inf  98  N 18.2  mpc   4.9 ms  err 0.50
[ 56/200] speed=5 S2  FN_SAFE_15  seed  6  goal      clr  0.61  t  13.3  inf  80  N 17.9  mpc   4.0 ms  err 0.35
[ 57/200] speed=5 S2  FN_SAFE_15  seed  7  goal      clr  0.87  t  15.3  inf  73  N 16.9  mpc   3.7 ms  err 0.56
[ 58/200] speed=5 S2  FN_SAFE_15  seed  8  goal      clr  0.62  t  15.0  inf  95  N 18.8  mpc   4.4 ms  err 0.27
[ 59/200] speed=5 S2  FN_SAFE_15  seed  9  goal      clr  0.40  t  17.3  inf  99  N 15.7  mpc   3.5 ms  err 0.55
[ 60/200] speed=5 S2  FN_SAFE_15  seed 10  goal      clr  0.51  t  20.2  inf 114  N 18.3  mpc   4.4 ms  err 0.31
[ 61/200] speed=5 S2  FN_SAFE_15  seed 11  goal      clr  0.53  t  15.6  inf  96  N 16.8  mpc   3.8 ms  err 0.28
[ 62/200] speed=5 S2  FN_SAFE_15  seed 12  goal      clr  1.05  t  16.1  inf  85  N 17.1  mpc   3.9 ms  err 1.14
[ 63/200] speed=5 S2  FN_SAFE_15  seed 13  goal      clr  0.69  t  14.6  inf  84  N 16.3  mpc   3.8 ms  err 0.36
[ 64/200] speed=5 S2  FN_SAFE_15  seed 14  goal      clr  0.60  t  15.8  inf  84  N 16.6  mpc   3.7 ms  err 0.55
[ 65/200] speed=5 S2  FN_SAFE_15  seed 15  goal      clr  1.08  t  14.3  inf  82  N 17.3  mpc   3.9 ms  err 0.36
[ 66/200] speed=5 S2  FN_SAFE_15  seed 16  goal      clr  0.69  t  15.6  inf  86  N 17.6  mpc   3.9 ms  err 0.41
[ 67/200] speed=5 S2  FN_SAFE_15  seed 17  goal      clr  0.72  t  13.1  inf  82  N 18.5  mpc   4.4 ms  err 0.30
[ 68/200] speed=5 S2  FN_SAFE_15  seed 18  goal      clr  0.83  t  14.4  inf  71  N 17.2  mpc   3.8 ms  err 0.64
[ 69/200] speed=5 S2  FN_SAFE_15  seed 19  goal      clr  0.52  t  17.3  inf  89  N 16.3  mpc   3.6 ms  err 0.51
[ 70/200] speed=5 S2  FN_SAFE_15  seed 20  goal      clr  0.71  t  16.2  inf  91  N 16.4  mpc   3.6 ms  err 0.28
[ 71/200] speed=5 S2  FN_SAFE_15  seed 21  goal      clr  0.78  t  12.9  inf  78  N 16.6  mpc   3.6 ms  err 0.24
[ 72/200] speed=5 S2  FN_SAFE_15  seed 22  goal      clr  0.61  t  15.7  inf  77  N 16.4  mpc   3.7 ms  err 0.42
[ 73/200] speed=5 S2  FN_SAFE_15  seed 23  goal      clr  0.57  t  16.1  inf  90  N 16.1  mpc   3.6 ms  err 0.28
[ 74/200] speed=5 S2  FN_SAFE_15  seed 24  goal      clr  0.80  t  13.8  inf  78  N 16.0  mpc   3.6 ms  err 0.32
[ 75/200] speed=5 S2  FN_SAFE_15  seed 25  goal      clr  0.67  t  13.6  inf  90  N 17.3  mpc   4.0 ms  err 0.38
[ 76/200] speed=5 S2  FN_SAFE_15  seed 26  goal      clr  0.80  t  15.6  inf  64  N 16.7  mpc   3.7 ms  err 0.34
[ 77/200] speed=5 S2  FN_SAFE_15  seed 27  goal      clr  0.62  t  15.2  inf 100  N 16.9  mpc   3.9 ms  err 0.21
[ 78/200] speed=5 S2  FN_SAFE_15  seed 28  goal      clr  0.62  t  19.1  inf  74  N 15.0  mpc   3.3 ms  err 0.36
[ 79/200] speed=5 S2  FN_SAFE_15  seed 29  goal      clr  0.67  t  15.9  inf  76  N 16.9  mpc   3.8 ms  err 0.62
[ 80/200] speed=5 S2  FN_SAFE_15  seed 30  goal      clr  0.40  t  16.3  inf 100  N 17.9  mpc   4.2 ms  err 0.46
[ 81/200] speed=5 S2  FN_SAFE_15  seed 31  goal      clr  0.73  t  17.1  inf  82  N 16.2  mpc   3.6 ms  err 0.61
[ 82/200] speed=5 S2  FN_SAFE_15  seed 32  goal      clr  0.65  t  15.6  inf  92  N 17.2  mpc   4.0 ms  err 0.69
[ 83/200] speed=5 S2  FN_SAFE_15  seed 33  goal      clr  0.50  t  17.1  inf  85  N 17.1  mpc   4.0 ms  err 1.16
[ 84/200] speed=5 S2  FN_SAFE_15  seed 34  goal      clr  0.57  t  15.7  inf  80  N 16.1  mpc   3.6 ms  err 0.33
[ 85/200] speed=5 S2  FN_SAFE_15  seed 35  goal      clr  1.11  t  12.6  inf  65  N 16.5  mpc   3.5 ms  err 0.52
[ 86/200] speed=5 S2  FN_SAFE_15  seed 36  goal      clr  0.56  t  20.6  inf 100  N 15.5  mpc   3.4 ms  err 0.20
[ 87/200] speed=5 S2  FN_SAFE_15  seed 37  goal      clr  0.65  t  16.7  inf  75  N 15.9  mpc   3.4 ms  err 0.46
[ 88/200] speed=5 S2  FN_SAFE_15  seed 38  goal      clr  0.70  t  19.9  inf  95  N 16.4  mpc   3.7 ms  err 0.54
[ 89/200] speed=5 S2  FN_SAFE_15  seed 39  goal      clr  0.80  t  12.9  inf  81  N 17.3  mpc   3.9 ms  err 0.74
[ 90/200] speed=5 S2  FN_SAFE_15  seed 40  goal      clr  0.61  t  14.2  inf  88  N 17.9  mpc   4.3 ms  err 0.33
[ 91/200] speed=5 S2  FN_SAFE_15  seed 41  goal      clr  0.61  t  14.1  inf  91  N 19.6  mpc   4.7 ms  err 0.46
[ 92/200] speed=5 S2  FN_SAFE_15  seed 42  goal      clr  0.71  t  19.1  inf  96  N 16.2  mpc   3.6 ms  err 0.29
[ 93/200] speed=5 S2  FN_SAFE_15  seed 43  goal      clr  0.41  t  14.3  inf  80  N 17.8  mpc   4.2 ms  err 0.54
[ 94/200] speed=5 S2  FN_SAFE_15  seed 44  goal      clr  0.62  t  15.3  inf  91  N 18.2  mpc   4.4 ms  err 0.42
[ 95/200] speed=5 S2  FN_SAFE_15  seed 45  goal      clr  0.65  t  14.6  inf  99  N 17.4  mpc   3.9 ms  err 0.37
[ 96/200] speed=5 S2  FN_SAFE_15  seed 46  goal      clr  0.77  t  14.2  inf  74  N 15.5  mpc   3.4 ms  err 0.66
[ 97/200] speed=5 S2  FN_SAFE_15  seed 47  goal      clr  0.75  t  13.0  inf  87  N 18.4  mpc   4.3 ms  err 0.57
[ 98/200] speed=5 S2  FN_SAFE_15  seed 48  goal      clr  0.82  t  13.1  inf  82  N 18.0  mpc   4.0 ms  err 0.46
[ 99/200] speed=5 S2  FN_SAFE_15  seed 49  goal      clr  0.63  t  15.3  inf  99  N 17.5  mpc   4.0 ms  err 0.32
[100/200] speed=5 S2  FN_SAFE_15  seed 50  goal      clr  0.44  t  13.7  inf  83  N 16.5  mpc   3.7 ms  err 0.36
[101/200] speed=5 S2  FN_SAFE_20  seed  1  goal      clr  0.49  t  14.3  inf  96  N 23.0  mpc   5.7 ms  err 0.61
[102/200] speed=5 S2  FN_SAFE_20  seed  2  goal      clr  0.25  t  14.7  inf  86  N 22.4  mpc   5.4 ms  err 0.31
[103/200] speed=5 S2  FN_SAFE_20  seed  3  goal      clr  0.69  t  15.4  inf  94  N 20.7  mpc   4.8 ms  err 0.35
[104/200] speed=5 S2  FN_SAFE_20  seed  4  goal      clr  0.67  t  13.2  inf  70  N 21.4  mpc   4.7 ms  err 0.37
[105/200] speed=5 S2  FN_SAFE_20  seed  5  goal      clr  0.58  t  12.7  inf  52  N 21.3  mpc   4.9 ms  err 0.42
[106/200] speed=5 S2  FN_SAFE_20  seed  6  goal      clr  0.78  t  13.0  inf  82  N 23.1  mpc   5.2 ms  err 0.27
[107/200] speed=5 S2  FN_SAFE_20  seed  7  goal      clr  0.66  t  15.1  inf  74  N 20.7  mpc   4.5 ms  err 0.25
[108/200] speed=5 S2  FN_SAFE_20  seed  8  goal      clr  0.72  t  16.3  inf  83  N 20.5  mpc   4.6 ms  err 0.23
[109/200] speed=5 S2  FN_SAFE_20  seed  9  goal      clr  0.75  t  15.7  inf  97  N 22.4  mpc   5.3 ms  err 0.42
[110/200] speed=5 S2  FN_SAFE_20  seed 10  goal      clr  0.65  t  22.8  inf 109  N 21.2  mpc   4.9 ms  err 0.37
[111/200] speed=5 S2  FN_SAFE_20  seed 11  goal      clr  0.60  t  17.1  inf 104  N 22.0  mpc   5.1 ms  err 0.40
[112/200] speed=5 S2  FN_SAFE_20  seed 12  goal      clr  0.40  t  15.3  inf  98  N 21.4  mpc   4.9 ms  err 0.36
[113/200] speed=5 S2  FN_SAFE_20  seed 13  goal      clr  0.56  t  15.3  inf  95  N 22.4  mpc   5.3 ms  err 0.43
[114/200] speed=5 S2  FN_SAFE_20  seed 14  goal      clr  0.82  t  16.4  inf  92  N 22.0  mpc   5.1 ms  err 0.68
[115/200] speed=5 S2  FN_SAFE_20  seed 15  goal      clr  0.73  t  13.4  inf  70  N 21.3  mpc   4.8 ms  err 0.77
[116/200] speed=5 S2  FN_SAFE_20  seed 16  goal      clr  0.58  t  18.7  inf 103  N 22.0  mpc   5.0 ms  err 0.64
[117/200] speed=5 S2  FN_SAFE_20  seed 17  goal      clr  0.76  t  13.3  inf  85  N 22.3  mpc   5.1 ms  err 0.36
[118/200] speed=5 S2  FN_SAFE_20  seed 18  goal      clr  0.64  t  19.6  inf  91  N 21.3  mpc   5.3 ms  err 0.96
[119/200] speed=5 S2  FN_SAFE_20  seed 19  goal      clr  0.62  t  16.3  inf  81  N 21.1  mpc   4.8 ms  err 0.48
[120/200] speed=5 S2  FN_SAFE_20  seed 20  goal      clr  0.68  t  15.3  inf 103  N 21.0  mpc   4.7 ms  err 0.46
[121/200] speed=5 S2  FN_SAFE_20  seed 21  goal      clr  0.83  t  12.7  inf  81  N 21.6  mpc   4.9 ms  err 0.27
[122/200] speed=5 S2  FN_SAFE_20  seed 22  goal      clr  0.55  t  15.6  inf  93  N 22.2  mpc   5.4 ms  err 0.50
[123/200] speed=5 S2  FN_SAFE_20  seed 23  goal      clr  0.74  t  14.8  inf  70  N 20.7  mpc   4.7 ms  err 0.38
[124/200] speed=5 S2  FN_SAFE_20  seed 24  goal      clr  0.75  t  14.5  inf  97  N 22.4  mpc   5.5 ms  err 0.33
[125/200] speed=5 S2  FN_SAFE_20  seed 25  goal      clr  0.67  t  17.2  inf  90  N 21.8  mpc   5.2 ms  err 0.43
[126/200] speed=5 S2  FN_SAFE_20  seed 26  goal      clr  0.48  t  16.0  inf  82  N 21.5  mpc   5.1 ms  err 0.39
[127/200] speed=5 S2  FN_SAFE_20  seed 27  goal      clr  0.54  t  14.4  inf  83  N 21.0  mpc   4.9 ms  err 0.17
[128/200] speed=5 S2  FN_SAFE_20  seed 28  goal      clr  0.82  t  14.3  inf  76  N 20.5  mpc   4.5 ms  err 0.35
[129/200] speed=5 S2  FN_SAFE_20  seed 29  goal      clr  0.88  t  12.7  inf  60  N 21.7  mpc   4.7 ms  err 0.86
[130/200] speed=5 S2  FN_SAFE_20  seed 30  goal      clr  0.46  t  15.4  inf  81  N 21.8  mpc   5.2 ms  err 0.43
[131/200] speed=5 S2  FN_SAFE_20  seed 31  goal      clr  0.71  t  15.5  inf  68  N 20.3  mpc   4.5 ms  err 0.43
[132/200] speed=5 S2  FN_SAFE_20  seed 32  goal      clr  0.76  t  18.6  inf  91  N 21.4  mpc   5.0 ms  err 0.44
[133/200] speed=5 S2  FN_SAFE_20  seed 33  goal      clr  0.68  t  13.6  inf  79  N 21.1  mpc   4.8 ms  err 0.56
[134/200] speed=5 S2  FN_SAFE_20  seed 34  goal      clr  0.41  t  16.5  inf 106  N 23.0  mpc   5.9 ms  err 0.47
[135/200] speed=5 S2  FN_SAFE_20  seed 35  goal      clr  0.37  t  15.0  inf  70  N 21.0  mpc   4.4 ms  err 0.71
[136/200] speed=5 S2  FN_SAFE_20  seed 36  goal      clr  1.01  t  14.6  inf  67  N 21.5  mpc   4.9 ms  err 0.65
[137/200] speed=5 S2  FN_SAFE_20  seed 37  timeout   clr  0.68  t  40.0  inf  55  N 20.0  mpc   4.7 ms  err 0.63
[138/200] speed=5 S2  FN_SAFE_20  seed 38  goal      clr  0.84  t  15.8  inf  79  N 20.6  mpc   4.7 ms  err 0.71
[139/200] speed=5 S2  FN_SAFE_20  seed 39  goal      clr  0.75  t  12.7  inf  74  N 21.8  mpc   5.0 ms  err 0.58
[140/200] speed=5 S2  FN_SAFE_20  seed 40  goal      clr  0.37  t  14.9  inf  89  N 21.9  mpc   5.4 ms  err 0.26
[141/200] speed=5 S2  FN_SAFE_20  seed 41  goal      clr  0.77  t  15.7  inf  78  N 21.6  mpc   4.9 ms  err 0.41
[142/200] speed=5 S2  FN_SAFE_20  seed 42  goal      clr  0.38  t  13.8  inf  82  N 22.5  mpc   5.4 ms  err 0.28
[143/200] speed=5 S2  FN_SAFE_20  seed 43  goal      clr  0.83  t  13.5  inf  83  N 22.4  mpc   5.3 ms  err 0.61
[144/200] speed=5 S2  FN_SAFE_20  seed 44  goal      clr  0.69  t  13.9  inf  83  N 21.8  mpc   5.1 ms  err 0.36
[145/200] speed=5 S2  FN_SAFE_20  seed 45  goal      clr  0.63  t  15.3  inf  93  N 20.7  mpc   4.7 ms  err 0.23
[146/200] speed=5 S2  FN_SAFE_20  seed 46  goal      clr  0.89  t  14.3  inf  74  N 21.0  mpc   4.6 ms  err 0.58
[147/200] speed=5 S2  FN_SAFE_20  seed 47  goal      clr  0.80  t  17.2  inf  83  N 21.8  mpc   5.0 ms  err 0.49
[148/200] speed=5 S2  FN_SAFE_20  seed 48  goal      clr  0.56  t  16.4  inf  78  N 22.1  mpc   5.2 ms  err 0.52
[149/200] speed=5 S2  FN_SAFE_20  seed 49  goal      clr  0.68  t  13.7  inf  89  N 22.5  mpc   5.2 ms  err 0.32
[150/200] speed=5 S2  FN_SAFE_20  seed 50  goal      clr  1.20  t  20.7  inf  69  N 20.8  mpc   4.5 ms  err 0.36
[151/200] speed=5 S2  FN_SAFE_30  seed  1  goal      clr  0.58  t  14.4  inf  55  N 30.0  mpc   7.7 ms  err 0.43
[152/200] speed=5 S2  FN_SAFE_30  seed  2  goal      clr  0.91  t  14.3  inf  76  N 30.0  mpc   7.7 ms  err 0.46
[153/200] speed=5 S2  FN_SAFE_30  seed  3  goal      clr  0.73  t  19.3  inf  84  N 30.0  mpc   7.8 ms  err 0.36
[154/200] speed=5 S2  FN_SAFE_30  seed  4  goal      clr  0.87  t  18.4  inf  64  N 30.0  mpc   7.6 ms  err 0.79
[155/200] speed=5 S2  FN_SAFE_30  seed  5  goal      clr  0.84  t  12.3  inf  64  N 30.0  mpc   7.7 ms  err 0.68
[156/200] speed=5 S2  FN_SAFE_30  seed  6  goal      clr  0.80  t  12.9  inf  85  N 30.0  mpc   7.2 ms  err 0.29
[157/200] speed=5 S2  FN_SAFE_30  seed  7  goal      clr  0.74  t  12.9  inf  90  N 30.0  mpc   7.2 ms  err 0.37
[158/200] speed=5 S2  FN_SAFE_30  seed  8  goal      clr  0.67  t  15.4  inf 101  N 30.0  mpc   7.7 ms  err 0.40
[159/200] speed=5 S2  FN_SAFE_30  seed  9  goal      clr  0.52  t  15.2  inf 101  N 30.0  mpc   8.1 ms  err 0.44
[160/200] speed=5 S2  FN_SAFE_30  seed 10  goal      clr  0.57  t  13.4  inf  82  N 30.0  mpc   7.4 ms  err 0.63
[161/200] speed=5 S2  FN_SAFE_30  seed 11  goal      clr  0.41  t  15.6  inf  95  N 30.0  mpc   7.6 ms  err 0.33
[162/200] speed=5 S2  FN_SAFE_30  seed 12  goal      clr  0.33  t  15.8  inf 103  N 30.0  mpc   8.0 ms  err 0.55
[163/200] speed=5 S2  FN_SAFE_30  seed 13  goal      clr  0.45  t  14.3  inf  94  N 30.0  mpc   7.8 ms  err 0.56
[164/200] speed=5 S2  FN_SAFE_30  seed 14  goal      clr  0.30  t  21.6  inf  77  N 30.0  mpc   7.6 ms  err 0.45
[165/200] speed=5 S2  FN_SAFE_30  seed 15  goal      clr  0.81  t  12.0  inf  66  N 30.0  mpc   7.4 ms  err 0.48
[166/200] speed=5 S2  FN_SAFE_30  seed 16  goal      clr  0.63  t  14.3  inf 100  N 30.0  mpc   7.7 ms  err 0.35
[167/200] speed=5 S2  FN_SAFE_30  seed 17  goal      clr  0.77  t  14.9  inf  88  N 30.0  mpc   7.6 ms  err 0.31
[168/200] speed=5 S2  FN_SAFE_30  seed 18  goal      clr  0.63  t  13.4  inf  79  N 30.0  mpc   7.3 ms  err 0.47
[169/200] speed=5 S2  FN_SAFE_30  seed 19  goal      clr  0.57  t  23.0  inf 128  N 30.0  mpc   8.2 ms  err 0.65
[170/200] speed=5 S2  FN_SAFE_30  seed 20  goal      clr  0.73  t  13.5  inf  95  N 30.0  mpc   7.5 ms  err 0.26
[171/200] speed=5 S2  FN_SAFE_30  seed 21  goal      clr  0.84  t  12.8  inf  80  N 30.0  mpc   7.4 ms  err 0.23
[172/200] speed=5 S2  FN_SAFE_30  seed 22  goal      clr  0.83  t  14.4  inf  69  N 30.0  mpc   7.5 ms  err 0.31
[173/200] speed=5 S2  FN_SAFE_30  seed 23  goal      clr  0.43  t  17.7  inf 112  N 30.0  mpc   8.2 ms  err 0.48
[174/200] speed=5 S2  FN_SAFE_30  seed 24  goal      clr  0.59  t  15.3  inf  73  N 30.0  mpc   7.5 ms  err 0.36
[175/200] speed=5 S2  FN_SAFE_30  seed 25  goal      clr  0.80  t  13.1  inf  89  N 30.0  mpc   7.6 ms  err 0.66
[176/200] speed=5 S2  FN_SAFE_30  seed 26  goal      clr  0.33  t  18.7  inf  91  N 30.0  mpc   8.2 ms  err 0.37
[177/200] speed=5 S2  FN_SAFE_30  seed 27  goal      clr  0.57  t  13.1  inf  81  N 30.0  mpc   7.7 ms  err 0.32
[178/200] speed=5 S2  FN_SAFE_30  seed 28  goal      clr  0.82  t  15.6  inf  88  N 30.0  mpc   7.9 ms  err 0.26
[179/200] speed=5 S2  FN_SAFE_30  seed 29  goal      clr  0.84  t  12.6  inf  73  N 30.0  mpc   7.5 ms  err 0.97
[180/200] speed=5 S2  FN_SAFE_30  seed 30  goal      clr  0.73  t  21.9  inf  87  N 30.0  mpc   8.1 ms  err 0.41
[181/200] speed=5 S2  FN_SAFE_30  seed 31  goal      clr  0.37  t  25.6  inf 104  N 30.0  mpc   8.5 ms  err 0.67
[182/200] speed=5 S2  FN_SAFE_30  seed 32  goal      clr  0.76  t  15.6  inf  99  N 30.0  mpc   8.0 ms  err 0.77
[183/200] speed=5 S2  FN_SAFE_30  seed 33  goal      clr  0.54  t  15.4  inf  99  N 30.0  mpc   8.2 ms  err 0.38
[184/200] speed=5 S2  FN_SAFE_30  seed 34  goal      clr  0.44  t  13.6  inf  83  N 30.0  mpc   7.7 ms  err 0.33
[185/200] speed=5 S2  FN_SAFE_30  seed 35  goal      clr  0.64  t  13.9  inf  65  N 30.0  mpc   7.7 ms  err 0.73
[186/200] speed=5 S2  FN_SAFE_30  seed 36  goal      clr  0.55  t  13.8  inf  80  N 30.0  mpc   7.5 ms  err 0.41
[187/200] speed=5 S2  FN_SAFE_30  seed 37  goal      clr  0.59  t  15.7  inf  93  N 30.0  mpc   7.8 ms  err 0.23
[188/200] speed=5 S2  FN_SAFE_30  seed 38  goal      clr  0.66  t  15.5  inf  93  N 30.0  mpc   7.8 ms  err 0.51
[189/200] speed=5 S2  FN_SAFE_30  seed 39  goal      clr  0.38  t  14.2  inf  90  N 30.0  mpc   7.7 ms  err 0.31
[190/200] speed=5 S2  FN_SAFE_30  seed 40  goal      clr  0.61  t  15.6  inf 107  N 30.0  mpc   8.1 ms  err 0.35
[191/200] speed=5 S2  FN_SAFE_30  seed 41  goal      clr  0.86  t  13.9  inf  91  N 30.0  mpc   7.4 ms  err 0.62
[192/200] speed=5 S2  FN_SAFE_30  seed 42  goal      clr  0.62  t  14.1  inf  84  N 30.0  mpc   7.4 ms  err 1.18
[193/200] speed=5 S2  FN_SAFE_30  seed 43  goal      clr  0.63  t  14.6  inf  84  N 30.0  mpc   7.8 ms  err 0.55
[194/200] speed=5 S2  FN_SAFE_30  seed 44  timeout   clr  0.44  t  40.0  inf 132  N 30.0  mpc   7.1 ms  err 0.33
[195/200] speed=5 S2  FN_SAFE_30  seed 45  goal      clr  0.66  t  13.7  inf  93  N 30.0  mpc   7.7 ms  err 0.37
[196/200] speed=5 S2  FN_SAFE_30  seed 46  goal      clr  0.57  t  13.3  inf  85  N 30.0  mpc   7.6 ms  err 0.19
[197/200] speed=5 S2  FN_SAFE_30  seed 47  goal      clr  0.82  t  13.9  inf  83  N 30.0  mpc   7.6 ms  err 0.38
[198/200] speed=5 S2  FN_SAFE_30  seed 48  goal      clr  0.43  t  18.0  inf 109  N 30.0  mpc   8.5 ms  err 0.47
[199/200] speed=5 S2  FN_SAFE_30  seed 49  goal      clr  0.42  t  18.8  inf 114  N 30.0  mpc   8.2 ms  err 0.27
[200/200] speed=5 S2  FN_SAFE_30  seed 50  goal      clr  0.67  t  15.8  inf  86  N 30.0  mpc   7.9 ms  err 0.33
