[  1/ 90] speed=6 SR  K0          seed  1  goal      clr  2.63  t  49.9  inf 312  N 19.7  mpc   4.9 ms  err 2.32  xte 8.28  xmax 17.02  off 0.93  nrj 1
WORLD SR seed 1 layout corridor nleg 1 dyn 0.28 nobj 26
[  2/ 90] speed=6 SR  K0          seed  2  goal      clr  2.48  t  18.3  inf  96  N 21.9  mpc   5.4 ms  err 1.90  xte 12.26  xmax 19.22  off 0.96  nrj 1
WORLD SR seed 2 layout uniform nleg 2 dyn 0.20 nobj 25
[  3/ 90] speed=6 SR  K0          seed  3  stuck     clr  1.44  t  70.1  inf 514  N 23.1  mpc   5.5 ms  err 3.08  xte 8.56  xmax 23.18  off 0.99  nrj 1
WORLD SR seed 3 layout corridor nleg 3 dyn 0.21 nobj 22
FAILINFO speed=6 SR K0 seed 3 cls stuck shape box dyn 0 tracked 1 infov 1 mode 2 speed 2.39 closing 2.26 static 1 prog10 0.0 layout corridor vdes 6
[  4/ 90] speed=6 SR  K0          seed  4  goal      clr  4.21  t  31.7  inf 148  N 18.9  mpc   3.7 ms  err 2.97  xte 13.67  xmax 21.57  off 0.98  nrj 1
WORLD SR seed 4 layout forest nleg 3 dyn 0.20 nobj 41
[  5/ 90] speed=6 SR  K0          seed  5  goal      clr  2.20  t  24.1  inf 118  N 23.0  mpc   5.2 ms  err 1.32  xte 6.38  xmax 12.95  off 0.95  nrj 1
WORLD SR seed 5 layout mixed nleg 2 dyn 0.00 nobj 34
[  6/ 90] speed=6 SR  K0          seed  6  goal      clr  1.44  t  32.5  inf 143  N 19.2  mpc   4.4 ms  err 1.06  xte 10.39  xmax 17.35  off 0.97  nrj 1
WORLD SR seed 6 layout clusters nleg 1 dyn 0.33 nobj 18
[  7/ 90] speed=6 SR  K0          seed  7  goal      clr  1.28  t  31.2  inf 204  N 24.3  mpc   6.0 ms  err 1.54  xte 6.14  xmax 12.85  off 0.97  nrj 1
WORLD SR seed 7 layout mixed nleg 1 dyn 0.00 nobj 30
[  8/ 90] speed=6 SR  K0          seed  8  goal      clr  0.81  t  21.7  inf 134  N 23.8  mpc   5.6 ms  err 0.99  xte 3.97  xmax 10.38  off 0.92  nrj 2
WORLD SR seed 8 layout clusters nleg 1 dyn 0.00 nobj 11
[  9/ 90] speed=6 SR  K0          seed  9  goal      clr  1.19  t  45.1  inf 272  N 20.6  mpc   4.9 ms  err 2.08  xte 9.22  xmax 23.92  off 0.98  nrj 1
WORLD SR seed 9 layout forest nleg 3 dyn 0.15 nobj 44
[ 10/ 90] speed=6 SR  K0          seed 10  goal      clr  1.22  t  24.5  inf 146  N 24.3  mpc   6.0 ms  err 1.49  xte 6.82  xmax 13.72  off 0.96  nrj 1
WORLD SR seed 10 layout mixed nleg 1 dyn 0.00 nobj 30
[ 11/ 90] speed=6 SR  K0          seed 11  goal      clr  0.86  t  69.9  inf 527  N 24.2  mpc   6.3 ms  err 1.25  xte 5.48  xmax 14.16  off 0.97  nrj 1
WORLD SR seed 11 layout mixed nleg 2 dyn 0.27 nobj 52
[ 12/ 90] speed=6 SR  K0          seed 12  stuck     clr  0.40  t  93.6  inf 515  N 21.0  mpc   4.8 ms  err 1.91  xte 7.74  xmax 20.88  off 0.96  nrj 1
WORLD SR seed 12 layout uniform nleg 2 dyn 0.34 nobj 38
FAILINFO speed=6 SR K0 seed 12 cls stuck shape box dyn 0 tracked 1 infov 0 mode 2 speed 1.83 closing 0.87 static 1 prog10 0.0 layout uniform vdes 6
[ 13/ 90] speed=6 SR  K0          seed 13  goal      clr  1.74  t  50.8  inf 319  N 21.5  mpc   5.0 ms  err 2.24  xte 8.98  xmax 16.62  off 0.98  nrj 1
WORLD SR seed 13 layout corridor nleg 2 dyn 0.28 nobj 28
[ 14/ 90] speed=6 SR  K0          seed 14  goal      clr  1.41  t  38.7  inf 219  N 21.5  mpc   5.0 ms  err 2.12  xte 10.63  xmax 20.60  off 0.97  nrj 1
WORLD SR seed 14 layout forest nleg 1 dyn 0.20 nobj 62
[ 15/ 90] speed=6 SR  K0          seed 15  goal      clr  1.03  t  31.6  inf 149  N 23.1  mpc   5.5 ms  err 1.24  xte 4.77  xmax 12.59  off 0.86  nrj 1
WORLD SR seed 15 layout clusters nleg 1 dyn 0.00 nobj 19
[ 16/ 90] speed=6 SR  K0          seed 16  stuck     clr  1.14  t  97.9  inf 590  N 21.0  mpc   4.8 ms  err 2.37  xte 6.73  xmax 15.42  off 0.98  nrj 1
WORLD SR seed 16 layout corridor nleg 3 dyn 0.31 nobj 26
FAILINFO speed=6 SR K0 seed 16 cls stuck shape box dyn 0 tracked 1 infov 0 mode 2 speed 0.83 closing 0.43 static 0 prog10 -0.4 layout corridor vdes 6
[ 17/ 90] speed=6 SR  K0          seed 17  goal      clr  1.25  t  50.2  inf 311  N 20.8  mpc   4.7 ms  err 2.58  xte 9.45  xmax 24.20  off 0.92  nrj 1
WORLD SR seed 17 layout forest nleg 3 dyn 0.10 nobj 54
[ 18/ 90] speed=6 SR  K0          seed 18  goal      clr  3.16  t  31.3  inf 184  N 20.2  mpc   4.5 ms  err 2.31  xte 9.44  xmax 18.71  off 0.97  nrj 1
WORLD SR seed 18 layout corridor nleg 1 dyn 0.23 nobj 22
[ 19/ 90] speed=6 SR  K0          seed 19  goal      clr  2.11  t  28.2  inf 164  N 21.3  mpc   4.6 ms  err 1.84  xte 11.65  xmax 22.52  off 0.97  nrj 1
WORLD SR seed 19 layout uniform nleg 2 dyn 0.28 nobj 26
[ 20/ 90] speed=6 SR  K0          seed 20  goal      clr  3.46  t  29.2  inf 173  N 21.9  mpc   4.9 ms  err 2.22  xte 11.25  xmax 20.37  off 0.94  nrj 1
WORLD SR seed 20 layout mixed nleg 2 dyn 0.18 nobj 38
[ 21/ 90] speed=6 SR  K0          seed 21  goal      clr  3.21  t  22.5  inf 117  N 20.2  mpc   4.3 ms  err 2.13  xte 9.59  xmax 19.59  off 0.93  nrj 2
WORLD SR seed 21 layout clusters nleg 3 dyn 0.12 nobj 15
[ 22/ 90] speed=6 SR  K0          seed 22  goal      clr  1.24  t  43.3  inf 244  N 22.7  mpc   5.3 ms  err 1.17  xte 5.74  xmax 12.24  off 0.92  nrj 1
WORLD SR seed 22 layout uniform nleg 2 dyn 0.32 nobj 24
[ 23/ 90] speed=6 SR  K0          seed 23  goal      clr  2.40  t  42.9  inf 280  N 23.0  mpc   5.2 ms  err 2.24  xte 12.00  xmax 26.75  off 0.98  nrj 1
WORLD SR seed 23 layout mixed nleg 1 dyn 0.28 nobj 45
[ 24/ 90] speed=6 SR  K0          seed 24  goal      clr  2.04  t  30.5  inf 165  N 21.7  mpc   4.7 ms  err 1.66  xte 10.27  xmax 20.03  off 0.96  nrj 1
WORLD SR seed 24 layout mixed nleg 1 dyn 0.19 nobj 42
[ 25/ 90] speed=6 SR  K0          seed 25  goal      clr  1.20  t  24.2  inf 125  N 23.0  mpc   4.9 ms  err 0.71  xte 4.88  xmax 10.45  off 0.89  nrj 3
WORLD SR seed 25 layout uniform nleg 2 dyn 0.00 nobj 18
[ 26/ 90] speed=6 SR  K0          seed 26  goal      clr  1.22  t  48.1  inf 286  N 21.5  mpc   4.9 ms  err 1.86  xte 9.28  xmax 21.21  off 0.98  nrj 1
WORLD SR seed 26 layout forest nleg 1 dyn 0.12 nobj 38
[ 27/ 90] speed=6 SR  K0          seed 27  goal      clr  1.61  t  39.2  inf 282  N 23.6  mpc   5.8 ms  err 2.03  xte 10.10  xmax 18.84  off 0.98  nrj 1
WORLD SR seed 27 layout mixed nleg 2 dyn 0.29 nobj 34
[ 28/ 90] speed=6 SR  K0          seed 28  goal      clr  1.42  t  32.0  inf 159  N 21.8  mpc   5.1 ms  err 1.04  xte 6.71  xmax 11.58  off 0.98  nrj 1
WORLD SR seed 28 layout clusters nleg 3 dyn 0.00 nobj 27
[ 29/ 90] speed=6 SR  K0          seed 29  goal      clr  1.33  t  54.3  inf 283  N 19.7  mpc   4.4 ms  err 2.47  xte 11.87  xmax 30.30  off 0.98  nrj 1
WORLD SR seed 29 layout forest nleg 3 dyn 0.16 nobj 55
[ 30/ 90] speed=6 SR  K0          seed 30  goal      clr  2.11  t  31.4  inf 161  N 21.2  mpc   4.5 ms  err 1.65  xte 9.85  xmax 17.56  off 0.94  nrj 1
WORLD SR seed 30 layout clusters nleg 1 dyn 0.35 nobj 31
[ 31/ 90] speed=6 SR  K50         seed  1  goal      clr  0.53  t  29.9  inf 263  N 27.0  mpc   6.7 ms  err 2.81  xte 4.79  xmax 12.17  off 0.90  nrj 1
[ 32/ 90] speed=6 SR  K50         seed  2  goal      clr  1.18  t  26.4  inf 180  N 24.3  mpc   5.7 ms  err 1.85  xte 8.19  xmax 17.26  off 0.94  nrj 1
[ 33/ 90] speed=6 SR  K50         seed  3  goal      clr  0.56  t  35.7  inf 278  N 25.1  mpc   5.7 ms  err 2.78  xte 9.37  xmax 21.85  off 0.98  nrj 1
[ 34/ 90] speed=6 SR  K50         seed  4  goal      clr  0.44  t  44.1  inf 383  N 26.6  mpc   6.8 ms  err 1.76  xte 6.08  xmax 14.09  off 0.95  nrj 1
[ 35/ 90] speed=6 SR  K50         seed  5  goal      clr  0.51  t  49.6  inf 363  N 25.4  mpc   5.9 ms  err 1.42  xte 4.36  xmax 9.66  off 0.89  nrj 1
[ 36/ 90] speed=6 SR  K50         seed  6  goal      clr  0.49  t  18.8  inf 136  N 25.6  mpc   5.8 ms  err 1.41  xte 5.74  xmax 13.03  off 0.87  nrj 1
[ 37/ 90] speed=6 SR  K50         seed  7  collision clr -0.01  t   9.2  inf  83  N 26.8  mpc   7.2 ms  err 1.37  xte 1.30  xmax 2.52  off 0.76  nrj 1
FAILINFO speed=6 SR K50 seed 7 cls collision-untracked shape cylinder dyn 0 tracked 0 infov 0 mode 2 speed 2.78 closing 2.20 static NaN prog10 9.7 layout mixed vdes 6
[ 38/ 90] speed=6 SR  K50         seed  8  goal      clr  0.97  t  21.2  inf 156  N 24.8  mpc   5.3 ms  err 0.97  xte 2.56  xmax 4.31  off 0.76  nrj 2
[ 39/ 90] speed=6 SR  K50         seed  9  goal      clr  1.54  t  21.4  inf 161  N 24.6  mpc   5.1 ms  err 2.12  xte 7.38  xmax 12.67  off 0.90  nrj 1
[ 40/ 90] speed=6 SR  K50         seed 10  collision clr -0.01  t   4.3  inf  33  N 22.4  mpc   5.3 ms  err 2.05  xte 1.18  xmax 1.78  off 0.76  nrj 1
FAILINFO speed=6 SR K50 seed 10 cls collision-untracked shape cylinder dyn 0 tracked 0 infov 0 mode 2 speed 4.05 closing 2.67 static NaN prog10 4.7 layout mixed vdes 6
[ 41/ 90] speed=6 SR  K50         seed 11  goal      clr  0.60  t  22.9  inf 164  N 25.1  mpc   5.2 ms  err 1.48  xte 9.68  xmax 21.76  off 0.96  nrj 1
[ 42/ 90] speed=6 SR  K50         seed 12  collision clr -0.00  t   4.3  inf  39  N 27.4  mpc   6.1 ms  err 0.75  xte 1.90  xmax 4.44  off 0.52  nrj 1
FAILINFO speed=6 SR K50 seed 12 cls collision-tracked shape sphere dyn 1 tracked 1 infov 1 mode 2 speed 2.36 closing 1.08 static 0 prog10 13.0 layout uniform vdes 6
[ 43/ 90] speed=6 SR  K50         seed 13  goal      clr  0.33  t  30.1  inf 269  N 27.8  mpc   7.3 ms  err 1.48  xte 1.97  xmax 4.17  off 0.93  nrj 1
[ 44/ 90] speed=6 SR  K50         seed 14  goal      clr  0.40  t  28.8  inf 195  N 24.6  mpc   5.5 ms  err 2.12  xte 9.42  xmax 19.39  off 0.97  nrj 1
[ 45/ 90] speed=6 SR  K50         seed 15  goal      clr  0.56  t  23.5  inf 152  N 25.3  mpc   5.5 ms  err 0.92  xte 3.32  xmax 7.99  off 0.77  nrj 2
[ 46/ 90] speed=6 SR  K50         seed 16  goal      clr  0.99  t  40.7  inf 311  N 25.2  mpc   5.8 ms  err 2.39  xte 6.19  xmax 13.04  off 0.95  nrj 1
[ 47/ 90] speed=6 SR  K50         seed 17  collision clr -0.02  t   5.0  inf  50  N 27.1  mpc   6.9 ms  err 1.81  xte 1.08  xmax 2.35  off 0.81  nrj 1
FAILINFO speed=6 SR K50 seed 17 cls collision-tracked shape cylinder dyn 0 tracked 1 infov 0 mode 2 speed 3.68 closing 0.79 static 0 prog10 4.3 layout forest vdes 6
[ 48/ 90] speed=6 SR  K50         seed 18  goal      clr  1.16  t  26.0  inf 216  N 26.7  mpc   6.2 ms  err 2.77  xte 5.95  xmax 11.88  off 0.90  nrj 1
[ 49/ 90] speed=6 SR  K50         seed 19  goal      clr  0.48  t  18.6  inf 147  N 25.0  mpc   5.5 ms  err 1.12  xte 7.83  xmax 12.92  off 0.96  nrj 1
[ 50/ 90] speed=6 SR  K50         seed 20  goal      clr  0.87  t  33.9  inf 237  N 26.1  mpc   5.8 ms  err 1.93  xte 11.16  xmax 19.85  off 0.98  nrj 1
[ 51/ 90] speed=6 SR  K50         seed 21  goal      clr  1.87  t  21.7  inf 139  N 23.9  mpc   5.3 ms  err 2.62  xte 6.59  xmax 13.29  off 0.88  nrj 2
[ 52/ 90] speed=6 SR  K50         seed 22  goal      clr  0.80  t  16.4  inf 121  N 25.8  mpc   5.5 ms  err 1.72  xte 8.68  xmax 18.50  off 0.84  nrj 1
[ 53/ 90] speed=6 SR  K50         seed 23  goal      clr  0.15  t  34.9  inf 280  N 26.8  mpc   6.1 ms  err 2.05  xte 7.98  xmax 14.93  off 0.98  nrj 1
[ 54/ 90] speed=6 SR  K50         seed 24  collision clr -0.01  t  17.9  inf 148  N 27.2  mpc   6.5 ms  err 1.25  xte 3.12  xmax 4.84  off 0.94  nrj 1
FAILINFO speed=6 SR K50 seed 24 cls collision-untracked shape sphere dyn 0 tracked 0 infov 1 mode 2 speed 1.84 closing 1.34 static NaN prog10 15.5 layout mixed vdes 6
[ 55/ 90] speed=6 SR  K50         seed 25  goal      clr  0.83  t  25.8  inf 169  N 24.4  mpc   5.4 ms  err 0.93  xte 2.55  xmax 6.17  off 0.83  nrj 3
[ 56/ 90] speed=6 SR  K50         seed 26  goal      clr  0.23  t  27.1  inf 200  N 25.6  mpc   5.8 ms  err 1.68  xte 7.81  xmax 17.79  off 0.96  nrj 1
[ 57/ 90] speed=6 SR  K50         seed 27  goal      clr  0.84  t  21.9  inf 191  N 27.9  mpc   6.7 ms  err 1.46  xte 3.45  xmax 7.46  off 0.93  nrj 1
[ 58/ 90] speed=6 SR  K50         seed 28  goal      clr  0.35  t  43.2  inf 318  N 26.4  mpc   6.4 ms  err 1.15  xte 4.42  xmax 12.34  off 0.89  nrj 1
[ 59/ 90] speed=6 SR  K50         seed 29  goal      clr  1.01  t  36.0  inf 314  N 26.7  mpc   6.8 ms  err 1.95  xte 5.65  xmax 12.79  off 0.92  nrj 1
[ 60/ 90] speed=6 SR  K50         seed 30  goal      clr  0.69  t  19.3  inf 149  N 24.6  mpc   5.3 ms  err 1.40  xte 7.02  xmax 13.36  off 0.95  nrj 1
[ 61/ 90] speed=6 SR  K100        seed  1  goal      clr  0.14  t  36.5  inf 335  N 27.9  mpc   6.6 ms  err 1.72  xte 4.45  xmax 13.17  off 0.91  nrj 1
[ 62/ 90] speed=6 SR  K100        seed  2  goal      clr  0.81  t  32.0  inf 281  N 27.6  mpc   6.2 ms  err 1.87  xte 3.36  xmax 9.81  off 0.95  nrj 1
[ 63/ 90] speed=6 SR  K100        seed  3  collision clr -0.02  t  21.3  inf 202  N 28.4  mpc   6.9 ms  err 2.08  xte 2.16  xmax 5.17  off 0.91  nrj 1
FAILINFO speed=6 SR K100 seed 3 cls collision-tracked shape box dyn 0 tracked 1 infov 0 mode 2 speed 2.23 closing 1.64 static 0 prog10 -0.4 layout corridor vdes 6
[ 64/ 90] speed=6 SR  K100        seed  4  goal      clr  0.66  t  26.6  inf 234  N 27.5  mpc   5.9 ms  err 1.87  xte 5.75  xmax 12.05  off 0.95  nrj 1
[ 65/ 90] speed=6 SR  K100        seed  5  goal      clr  0.03  t  41.4  inf 338  N 27.3  mpc   6.3 ms  err 1.38  xte 3.13  xmax 8.71  off 0.88  nrj 1
[ 66/ 90] speed=6 SR  K100        seed  6  goal      clr  0.64  t  17.9  inf 145  N 27.3  mpc   5.7 ms  err 1.35  xte 2.28  xmax 4.80  off 0.79  nrj 2
[ 67/ 90] speed=6 SR  K100        seed  7  goal      clr  0.43  t  40.1  inf 346  N 27.5  mpc   6.4 ms  err 1.60  xte 3.40  xmax 9.09  off 0.80  nrj 1
[ 68/ 90] speed=6 SR  K100        seed  8  goal      clr  0.31  t  20.9  inf 171  N 26.3  mpc   5.6 ms  err 0.95  xte 1.78  xmax 4.21  off 0.58  nrj 3
[ 69/ 90] speed=6 SR  K100        seed  9  goal      clr  0.20  t  52.1  inf 473  N 27.4  mpc   6.1 ms  err 1.59  xte 4.32  xmax 10.86  off 0.91  nrj 1
[ 70/ 90] speed=6 SR  K100        seed 10  goal      clr  0.55  t  41.1  inf 338  N 27.6  mpc   6.1 ms  err 1.76  xte 2.09  xmax 5.19  off 0.86  nrj 1
[ 71/ 90] speed=6 SR  K100        seed 11  goal      clr  0.67  t  21.4  inf 171  N 27.5  mpc   5.7 ms  err 1.13  xte 6.51  xmax 12.64  off 0.90  nrj 1
[ 72/ 90] speed=6 SR  K100        seed 12  goal      clr  0.23  t  26.4  inf 226  N 27.5  mpc   5.8 ms  err 2.22  xte 4.38  xmax 10.77  off 0.83  nrj 1
[ 73/ 90] speed=6 SR  K100        seed 13  goal      clr  0.82  t  22.7  inf 172  N 26.7  mpc   5.6 ms  err 2.76  xte 6.54  xmax 14.32  off 0.77  nrj 1
[ 74/ 90] speed=6 SR  K100        seed 14  goal      clr  0.07  t  34.0  inf 268  N 25.4  mpc   5.6 ms  err 1.47  xte 6.32  xmax 11.32  off 0.97  nrj 1
[ 75/ 90] speed=6 SR  K100        seed 15  collision clr -0.03  t  56.1  inf 512  N 28.4  mpc   7.0 ms  err 1.24  xte 2.11  xmax 5.10  off 0.93  nrj 2
FAILINFO speed=6 SR K100 seed 15 cls collision-untracked shape sphere dyn 0 tracked 0 infov 1 mode 2 speed 3.89 closing 3.33 static NaN prog10 0.1 layout clusters vdes 6
[ 76/ 90] speed=6 SR  K100        seed 16  goal      clr  0.72  t  33.7  inf 272  N 26.9  mpc   5.8 ms  err 2.10  xte 5.06  xmax 8.22  off 0.94  nrj 1
[ 77/ 90] speed=6 SR  K100        seed 17  collision clr -0.00  t  12.9  inf 129  N 29.2  mpc   7.3 ms  err 1.67  xte 4.82  xmax 9.37  off 0.85  nrj 2
FAILINFO speed=6 SR K100 seed 17 cls collision-tracked shape box dyn 1 tracked 1 infov 0 mode 2 speed 2.86 closing 2.92 static 0 prog10 18.7 layout forest vdes 6
[ 78/ 90] speed=6 SR  K100        seed 18  goal      clr  0.28  t  34.6  inf 312  N 27.9  mpc   6.7 ms  err 2.10  xte 4.30  xmax 8.79  off 0.98  nrj 1
[ 79/ 90] speed=6 SR  K100        seed 19  goal      clr  1.16  t  24.5  inf 208  N 27.4  mpc   5.9 ms  err 1.94  xte 3.43  xmax 7.07  off 0.89  nrj 1
[ 80/ 90] speed=6 SR  K100        seed 20  goal      clr  0.55  t  21.8  inf 179  N 27.5  mpc   6.1 ms  err 1.94  xte 8.31  xmax 18.35  off 0.97  nrj 1
[ 81/ 90] speed=6 SR  K100        seed 21  goal      clr  0.43  t  40.9  inf 323  N 26.2  mpc   6.0 ms  err 1.77  xte 5.07  xmax 12.93  off 0.92  nrj 2
[ 82/ 90] speed=6 SR  K100        seed 22  goal      clr  0.47  t  19.6  inf 161  N 27.7  mpc   5.6 ms  err 1.45  xte 3.19  xmax 7.90  off 0.67  nrj 2
[ 83/ 90] speed=6 SR  K100        seed 23  collision clr -0.01  t  26.4  inf 243  N 29.2  mpc   7.5 ms  err 1.81  xte 2.03  xmax 3.19  off 0.87  nrj 1
FAILINFO speed=6 SR K100 seed 23 cls collision-untracked shape cylinder dyn 0 tracked 0 infov 0 mode 2 speed 1.88 closing 0.14 static NaN prog10 -1.9 layout mixed vdes 6
[ 84/ 90] speed=6 SR  K100        seed 24  goal      clr  0.92  t  20.9  inf 172  N 26.9  mpc   5.9 ms  err 2.81  xte 9.87  xmax 15.27  off 0.97  nrj 1
[ 85/ 90] speed=6 SR  K100        seed 25  goal      clr  0.60  t  18.1  inf 127  N 27.6  mpc   5.6 ms  err 1.08  xte 2.69  xmax 6.01  off 0.65  nrj 3
[ 86/ 90] speed=6 SR  K100        seed 26  goal      clr  0.39  t  25.1  inf 226  N 28.1  mpc   6.4 ms  err 1.59  xte 4.12  xmax 7.40  off 0.95  nrj 1
[ 87/ 90] speed=6 SR  K100        seed 27  goal      clr  0.78  t  22.0  inf 160  N 27.0  mpc   5.7 ms  err 2.25  xte 7.96  xmax 15.73  off 0.97  nrj 1
[ 88/ 90] speed=6 SR  K100        seed 28  goal      clr  0.25  t  48.2  inf 413  N 26.9  mpc   6.3 ms  err 1.15  xte 2.56  xmax 6.33  off 0.86  nrj 2
[ 89/ 90] speed=6 SR  K100        seed 29  collision clr -0.02  t  51.9  inf 465  N 28.5  mpc   6.9 ms  err 1.62  xte 3.37  xmax 6.82  off 0.91  nrj 1
FAILINFO speed=6 SR K100 seed 29 cls collision-tracked shape cylinder dyn 0 tracked 1 infov 0 mode 2 speed 2.22 closing 0.21 static 0 prog10 7.2 layout forest vdes 6
[ 90/ 90] speed=6 SR  K100        seed 30  goal      clr  0.30  t  25.5  inf 206  N 27.3  mpc   6.1 ms  err 1.72  xte 3.45  xmax 6.84  off 0.95  nrj 1
