[  1/ 90] speed=2 SR  K0          seed  1  goal      clr  1.80  t  55.5  inf 239  N 17.1  mpc   3.5 ms  err 1.76  xte 10.53  xmax 17.45  off 0.95  nrj 1
WORLD SR seed 1 layout corridor nleg 1 dyn 0.28 nobj 26
[  2/ 90] speed=2 SR  K0          seed  2  goal      clr  3.47  t  45.4  inf 159  N 14.7  mpc   2.8 ms  err 2.01  xte 12.18  xmax 19.81  off 0.98  nrj 1
WORLD SR seed 2 layout uniform nleg 2 dyn 0.20 nobj 25
[  3/ 90] speed=2 SR  K0          seed  3  stuck     clr  2.17  t  87.1  inf 449  N 18.5  mpc   3.3 ms  err 2.89  xte 11.13  xmax 22.64  off 0.99  nrj 1
WORLD SR seed 3 layout corridor nleg 3 dyn 0.21 nobj 22
FAILINFO speed=2 SR K0 seed 3 cls stuck shape box dyn 0 tracked 1 infov 0 mode 2 speed 2.39 closing -1.26 static 1 prog10 0.0 layout corridor vdes 2
[  4/ 90] speed=2 SR  K0          seed  4  goal      clr  1.89  t  58.0  inf 178  N 15.7  mpc   2.6 ms  err 1.98  xte 14.52  xmax 22.13  off 0.99  nrj 1
WORLD SR seed 4 layout forest nleg 3 dyn 0.20 nobj 41
[  5/ 90] speed=2 SR  K0          seed  5  goal      clr  1.60  t  51.3  inf 223  N 17.5  mpc   3.1 ms  err 1.10  xte 7.00  xmax 12.15  off 0.98  nrj 1
WORLD SR seed 5 layout mixed nleg 2 dyn 0.00 nobj 34
[  6/ 90] speed=2 SR  K0          seed  6  goal      clr  3.78  t  42.9  inf  84  N 13.4  mpc   1.9 ms  err 1.16  xte 11.35  xmax 19.58  off 0.96  nrj 1
WORLD SR seed 6 layout clusters nleg 1 dyn 0.33 nobj 18
[  7/ 90] speed=2 SR  K0          seed  7  goal      clr  1.39  t  49.6  inf 157  N 14.7  mpc   2.5 ms  err 1.10  xte 10.11  xmax 15.83  off 0.98  nrj 1
WORLD SR seed 7 layout mixed nleg 1 dyn 0.00 nobj 30
[  8/ 90] speed=2 SR  K0          seed  8  goal      clr  1.08  t  47.3  inf 134  N 15.5  mpc   2.6 ms  err 0.94  xte 5.96  xmax 12.24  off 0.82  nrj 2
WORLD SR seed 8 layout clusters nleg 1 dyn 0.00 nobj 11
[  9/ 90] speed=2 SR  K0          seed  9  goal      clr  1.76  t  74.0  inf 278  N 15.2  mpc   2.6 ms  err 1.86  xte 12.65  xmax 23.85  off 0.95  nrj 1
WORLD SR seed 9 layout forest nleg 3 dyn 0.15 nobj 44
[ 10/ 90] speed=2 SR  K0          seed 10  goal      clr  1.14  t  52.6  inf 189  N 17.9  mpc   3.4 ms  err 1.20  xte 8.23  xmax 16.46  off 0.98  nrj 1
WORLD SR seed 10 layout mixed nleg 1 dyn 0.00 nobj 30
[ 11/ 90] speed=2 SR  K0          seed 11  goal      clr  0.57  t  85.2  inf 389  N 18.3  mpc   3.6 ms  err 1.37  xte 10.17  xmax 21.96  off 0.99  nrj 1
WORLD SR seed 11 layout mixed nleg 2 dyn 0.27 nobj 52
[ 12/ 90] speed=2 SR  K0          seed 12  goal      clr  1.11  t  66.5  inf 265  N 17.8  mpc   3.1 ms  err 1.12  xte 10.25  xmax 16.40  off 0.95  nrj 1
WORLD SR seed 12 layout uniform nleg 2 dyn 0.34 nobj 38
[ 13/ 90] speed=2 SR  K0          seed 13  goal      clr  0.08  t 105.9  inf 671  N 20.6  mpc   4.3 ms  err 2.69  xte 6.95  xmax 18.67  off 0.99  nrj 1
WORLD SR seed 13 layout corridor nleg 2 dyn 0.28 nobj 28
[ 14/ 90] speed=2 SR  K0          seed 14  goal      clr  1.38  t  68.5  inf 283  N 17.3  mpc   3.1 ms  err 1.78  xte 12.01  xmax 24.09  off 0.98  nrj 1
WORLD SR seed 14 layout forest nleg 1 dyn 0.20 nobj 62
[ 15/ 90] speed=2 SR  K0          seed 15  goal      clr  0.88  t  43.6  inf 155  N 16.3  mpc   2.8 ms  err 1.32  xte 8.14  xmax 16.03  off 0.95  nrj 1
WORLD SR seed 15 layout clusters nleg 1 dyn 0.00 nobj 19
[ 16/ 90] speed=2 SR  K0          seed 16  goal      clr  2.25  t  79.7  inf 312  N 17.0  mpc   2.9 ms  err 2.23  xte 9.94  xmax 17.37  off 0.99  nrj 1
WORLD SR seed 16 layout corridor nleg 3 dyn 0.31 nobj 26
[ 17/ 90] speed=2 SR  K0          seed 17  goal      clr  1.38  t  75.1  inf 278  N 15.6  mpc   2.7 ms  err 2.45  xte 13.00  xmax 22.88  off 0.94  nrj 1
WORLD SR seed 17 layout forest nleg 3 dyn 0.10 nobj 54
[ 18/ 90] speed=2 SR  K0          seed 18  goal      clr  2.88  t  47.0  inf 122  N 14.5  mpc   2.3 ms  err 1.99  xte 12.69  xmax 18.98  off 0.98  nrj 1
WORLD SR seed 18 layout corridor nleg 1 dyn 0.23 nobj 22
[ 19/ 90] speed=2 SR  K0          seed 19  goal      clr  2.50  t  57.9  inf 202  N 15.8  mpc   2.5 ms  err 1.37  xte 15.37  xmax 28.85  off 0.98  nrj 1
WORLD SR seed 19 layout uniform nleg 2 dyn 0.28 nobj 26
[ 20/ 90] speed=2 SR  K0          seed 20  goal      clr  3.48  t  78.2  inf 239  N 14.4  mpc   2.3 ms  err 1.83  xte 12.05  xmax 21.32  off 0.98  nrj 1
WORLD SR seed 20 layout mixed nleg 2 dyn 0.18 nobj 38
[ 21/ 90] speed=2 SR  K0          seed 21  goal      clr  1.82  t  82.1  inf 243  N 13.8  mpc   2.2 ms  err 1.16  xte 7.45  xmax 17.76  off 0.95  nrj 2
WORLD SR seed 21 layout clusters nleg 3 dyn 0.12 nobj 15
[ 22/ 90] speed=2 SR  K0          seed 22  goal      clr  0.81  t  39.4  inf 143  N 19.0  mpc   3.4 ms  err 1.33  xte 9.77  xmax 19.08  off 0.98  nrj 1
WORLD SR seed 22 layout uniform nleg 2 dyn 0.32 nobj 24
[ 23/ 90] speed=2 SR  K0          seed 23  goal      clr  0.94  t  71.2  inf 319  N 16.9  mpc   3.0 ms  err 2.01  xte 11.79  xmax 25.99  off 0.98  nrj 1
WORLD SR seed 23 layout mixed nleg 1 dyn 0.28 nobj 45
[ 24/ 90] speed=2 SR  K0          seed 24  goal      clr  1.02  t  89.3  inf 330  N 16.0  mpc   2.7 ms  err 1.51  xte 11.51  xmax 23.65  off 0.99  nrj 1
WORLD SR seed 24 layout mixed nleg 1 dyn 0.19 nobj 42
[ 25/ 90] speed=2 SR  K0          seed 25  goal      clr  1.04  t  47.7  inf  99  N 18.5  mpc   3.1 ms  err 0.71  xte 4.77  xmax 9.24  off 0.92  nrj 1
WORLD SR seed 25 layout uniform nleg 2 dyn 0.00 nobj 18
[ 26/ 90] speed=2 SR  K0          seed 26  goal      clr  1.40  t  74.5  inf 297  N 16.5  mpc   2.7 ms  err 1.74  xte 11.19  xmax 23.38  off 0.99  nrj 1
WORLD SR seed 26 layout forest nleg 1 dyn 0.12 nobj 38
[ 27/ 90] speed=2 SR  K0          seed 27  stuck     clr  2.13  t  60.1  inf 272  N 17.2  mpc   3.0 ms  err 2.30  xte 6.36  xmax 13.25  off 0.96  nrj 1
WORLD SR seed 27 layout mixed nleg 2 dyn 0.29 nobj 34
FAILINFO speed=2 SR K0 seed 27 cls stuck shape cylinder dyn 0 tracked 1 infov 0 mode 2 speed 1.85 closing 0.87 static 0 prog10 0.0 layout mixed vdes 2
[ 28/ 90] speed=2 SR  K0          seed 28  goal      clr  1.13  t  55.4  inf 222  N 19.0  mpc   3.8 ms  err 1.37  xte 6.20  xmax 11.03  off 0.98  nrj 1
WORLD SR seed 28 layout clusters nleg 3 dyn 0.00 nobj 27
[ 29/ 90] speed=2 SR  K0          seed 29  goal      clr  1.24  t  62.7  inf 251  N 15.5  mpc   2.8 ms  err 2.22  xte 11.71  xmax 19.48  off 0.99  nrj 1
WORLD SR seed 29 layout forest nleg 3 dyn 0.16 nobj 55
[ 30/ 90] speed=2 SR  K0          seed 30  goal      clr  2.84  t  46.3  inf  92  N 14.2  mpc   2.1 ms  err 1.48  xte 13.57  xmax 20.41  off 0.94  nrj 1
WORLD SR seed 30 layout clusters nleg 1 dyn 0.35 nobj 31
[ 31/ 90] speed=2 SR  K50         seed  1  goal      clr  0.00  t  49.9  inf 367  N 23.3  mpc   4.7 ms  err 1.96  xte 6.73  xmax 10.86  off 0.93  nrj 1
[ 32/ 90] speed=2 SR  K50         seed  2  goal      clr  1.82  t  31.9  inf 142  N 21.7  mpc   4.0 ms  err 2.31  xte 9.77  xmax 15.48  off 0.97  nrj 1
[ 33/ 90] speed=2 SR  K50         seed  3  goal      clr  0.69  t  43.0  inf 299  N 24.8  mpc   4.9 ms  err 2.45  xte 6.52  xmax 13.54  off 0.94  nrj 1
[ 34/ 90] speed=2 SR  K50         seed  4  collision clr -0.01  t  23.2  inf 192  N 23.9  mpc   5.0 ms  err 1.45  xte 4.92  xmax 9.25  off 0.95  nrj 1
FAILINFO speed=2 SR K50 seed 4 cls collision-untracked shape cylinder dyn 0 tracked 0 infov 0 mode 2 speed 1.73 closing 0.50 static NaN prog10 -2.9 layout forest vdes 2
[ 35/ 90] speed=2 SR  K50         seed  5  goal      clr  0.72  t  65.6  inf 444  N 22.6  mpc   4.7 ms  err 1.51  xte 6.22  xmax 11.69  off 0.94  nrj 1
[ 36/ 90] speed=2 SR  K50         seed  6  goal      clr  2.11  t  31.8  inf  84  N 19.8  mpc   3.3 ms  err 1.01  xte 5.70  xmax 11.16  off 0.92  nrj 1
[ 37/ 90] speed=2 SR  K50         seed  7  goal      clr  0.37  t  69.1  inf 460  N 24.1  mpc   5.2 ms  err 1.27  xte 4.80  xmax 8.88  off 0.98  nrj 1
[ 38/ 90] speed=2 SR  K50         seed  8  goal      clr  0.61  t  31.4  inf 152  N 19.7  mpc   3.7 ms  err 0.82  xte 2.72  xmax 5.51  off 0.48  nrj 2
[ 39/ 90] speed=2 SR  K50         seed  9  goal      clr  0.60  t  69.8  inf 433  N 23.0  mpc   4.9 ms  err 1.69  xte 7.01  xmax 15.25  off 0.97  nrj 1
[ 40/ 90] speed=2 SR  K50         seed 10  goal      clr  0.25  t  49.3  inf 315  N 23.4  mpc   4.9 ms  err 1.49  xte 4.86  xmax 9.68  off 0.97  nrj 1
[ 41/ 90] speed=2 SR  K50         seed 11  goal      clr  1.52  t  36.6  inf 188  N 21.5  mpc   4.1 ms  err 1.44  xte 9.66  xmax 17.02  off 0.97  nrj 1
[ 42/ 90] speed=2 SR  K50         seed 12  goal      clr  0.13  t  72.9  inf 571  N 27.0  mpc   5.9 ms  err 1.35  xte 3.47  xmax 8.07  off 0.95  nrj 1
[ 43/ 90] speed=2 SR  K50         seed 13  goal      clr  1.23  t  31.0  inf 169  N 22.9  mpc   4.5 ms  err 2.05  xte 8.14  xmax 16.34  off 0.97  nrj 1
[ 44/ 90] speed=2 SR  K50         seed 14  goal      clr  0.66  t  34.5  inf 143  N 19.8  mpc   3.5 ms  err 2.11  xte 11.40  xmax 19.42  off 0.98  nrj 1
[ 45/ 90] speed=2 SR  K50         seed 15  goal      clr  0.65  t  42.2  inf 183  N 21.9  mpc   4.0 ms  err 1.23  xte 5.02  xmax 13.31  off 0.90  nrj 1
[ 46/ 90] speed=2 SR  K50         seed 16  goal      clr  0.67  t  69.2  inf 428  N 22.2  mpc   4.1 ms  err 2.09  xte 6.02  xmax 11.60  off 0.98  nrj 1
[ 47/ 90] speed=2 SR  K50         seed 17  collision clr -0.01  t  43.5  inf 387  N 27.3  mpc   5.9 ms  err 1.69  xte 3.96  xmax 7.61  off 0.92  nrj 1
FAILINFO speed=2 SR K50 seed 17 cls collision-tracked shape cylinder dyn 0 tracked 1 infov 0 mode 2 speed 3.72 closing 1.61 static 0 prog10 8.6 layout forest vdes 2
[ 48/ 90] speed=2 SR  K50         seed 18  goal      clr  2.49  t  39.8  inf 166  N 19.1  mpc   3.3 ms  err 2.10  xte 8.07  xmax 12.28  off 0.95  nrj 1
[ 49/ 90] speed=2 SR  K50         seed 19  goal      clr  0.42  t  52.0  inf 372  N 22.8  mpc   4.4 ms  err 1.12  xte 6.58  xmax 12.06  off 0.95  nrj 1
[ 50/ 90] speed=2 SR  K50         seed 20  goal      clr  0.59  t  49.9  inf 264  N 21.4  mpc   3.9 ms  err 1.82  xte 9.50  xmax 13.77  off 0.95  nrj 1
[ 51/ 90] speed=2 SR  K50         seed 21  goal      clr  0.27  t  32.2  inf 155  N 21.1  mpc   3.6 ms  err 1.51  xte 5.07  xmax 10.11  off 0.84  nrj 2
[ 52/ 90] speed=2 SR  K50         seed 22  goal      clr  0.51  t  30.6  inf 133  N 21.9  mpc   3.8 ms  err 1.82  xte 5.46  xmax 9.08  off 0.93  nrj 1
[ 53/ 90] speed=2 SR  K50         seed 23  goal      clr  0.43  t  75.7  inf 433  N 23.4  mpc   4.4 ms  err 1.85  xte 9.35  xmax 18.41  off 0.98  nrj 1
[ 54/ 90] speed=2 SR  K50         seed 24  goal      clr  0.32  t  86.9  inf 698  N 27.1  mpc   5.9 ms  err 1.51  xte 6.20  xmax 16.84  off 0.95  nrj 1
[ 55/ 90] speed=2 SR  K50         seed 25  goal      clr  0.65  t  37.9  inf 143  N 21.1  mpc   3.6 ms  err 0.67  xte 3.59  xmax 9.08  off 0.79  nrj 3
[ 56/ 90] speed=2 SR  K50         seed 26  goal      clr  1.90  t  38.4  inf 160  N 19.8  mpc   3.4 ms  err 2.24  xte 9.67  xmax 14.44  off 0.98  nrj 1
[ 57/ 90] speed=2 SR  K50         seed 27  goal      clr  0.86  t  32.3  inf 239  N 26.3  mpc   5.1 ms  err 1.70  xte 4.37  xmax 9.34  off 0.93  nrj 2
[ 58/ 90] speed=2 SR  K50         seed 28  goal      clr  0.83  t  57.2  inf 284  N 22.7  mpc   4.3 ms  err 1.12  xte 3.13  xmax 8.02  off 0.72  nrj 1
[ 59/ 90] speed=2 SR  K50         seed 29  goal      clr  1.80  t  47.1  inf 208  N 19.1  mpc   3.3 ms  err 1.86  xte 11.13  xmax 17.51  off 0.98  nrj 1
[ 60/ 90] speed=2 SR  K50         seed 30  goal      clr  0.33  t  91.9  inf 558  N 23.4  mpc   4.4 ms  err 1.33  xte 5.94  xmax 12.02  off 0.98  nrj 1
[ 61/ 90] speed=2 SR  K100        seed  1  goal      clr  0.53  t  35.8  inf 323  N 28.2  mpc   5.5 ms  err 2.31  xte 1.81  xmax 4.25  off 0.85  nrj 1
[ 62/ 90] speed=2 SR  K100        seed  2  goal      clr  0.23  t  53.6  inf 446  N 27.1  mpc   5.3 ms  err 1.44  xte 3.15  xmax 6.66  off 0.90  nrj 1
[ 63/ 90] speed=2 SR  K100        seed  3  goal      clr  0.65  t  47.5  inf 355  N 26.3  mpc   4.9 ms  err 1.73  xte 4.87  xmax 12.87  off 0.93  nrj 1
[ 64/ 90] speed=2 SR  K100        seed  4  collision clr -0.02  t  27.5  inf 239  N 27.9  mpc   5.3 ms  err 1.63  xte 2.09  xmax 5.46  off 0.79  nrj 2
FAILINFO speed=2 SR K100 seed 4 cls collision-tracked shape cylinder dyn 0 tracked 1 infov 0 mode 2 speed 3.26 closing 1.37 static 0 prog10 11.5 layout forest vdes 2
[ 65/ 90] speed=2 SR  K100        seed  5  goal      clr  0.54  t  45.7  inf 359  N 27.2  mpc   5.2 ms  err 1.44  xte 2.41  xmax 4.78  off 0.86  nrj 2
[ 66/ 90] speed=2 SR  K100        seed  6  goal      clr  0.92  t  32.7  inf 199  N 22.6  mpc   3.9 ms  err 0.85  xte 2.79  xmax 5.71  off 0.71  nrj 2
[ 67/ 90] speed=2 SR  K100        seed  7  goal      clr  0.41  t  31.9  inf 203  N 24.6  mpc   4.5 ms  err 0.97  xte 4.10  xmax 8.38  off 0.82  nrj 1
[ 68/ 90] speed=2 SR  K100        seed  8  goal      clr  0.42  t  31.0  inf 161  N 21.1  mpc   3.7 ms  err 1.19  xte 2.06  xmax 4.79  off 0.49  nrj 2
[ 69/ 90] speed=2 SR  K100        seed  9  goal      clr  0.11  t  73.8  inf 610  N 26.6  mpc   5.5 ms  err 1.39  xte 4.48  xmax 8.53  off 0.94  nrj 1
[ 70/ 90] speed=2 SR  K100        seed 10  collision clr -0.00  t  26.3  inf 222  N 28.4  mpc   5.7 ms  err 1.23  xte 2.30  xmax 4.02  off 0.93  nrj 1
FAILINFO speed=2 SR K100 seed 10 cls collision-untracked shape box dyn 0 tracked 0 infov 0 mode 2 speed 0.74 closing 0.55 static NaN prog10 1.6 layout mixed vdes 2
[ 71/ 90] speed=2 SR  K100        seed 11  collision clr -0.00  t  32.8  inf 295  N 27.6  mpc   5.3 ms  err 1.36  xte 2.35  xmax 4.12  off 0.90  nrj 1
FAILINFO speed=2 SR K100 seed 11 cls collision-tracked shape box dyn 0 tracked 1 infov 1 mode 2 speed 1.61 closing 1.46 static 0 prog10 2.2 layout mixed vdes 2
[ 72/ 90] speed=2 SR  K100        seed 12  goal      clr  0.73  t  38.0  inf 230  N 24.3  mpc   4.1 ms  err 1.14  xte 7.37  xmax 15.47  off 0.93  nrj 1
[ 73/ 90] speed=2 SR  K100        seed 13  goal      clr  0.37  t  37.1  inf 322  N 26.7  mpc   5.1 ms  err 1.64  xte 3.90  xmax 8.53  off 0.89  nrj 1
[ 74/ 90] speed=2 SR  K100        seed 14  collision clr -0.00  t   7.7  inf  69  N 28.4  mpc   5.5 ms  err 1.74  xte 3.64  xmax 4.92  off 0.89  nrj 1
FAILINFO speed=2 SR K100 seed 14 cls collision-untracked shape cylinder dyn 0 tracked 0 infov 0 mode 2 speed 2.51 closing 1.95 static NaN prog10 8.8 layout forest vdes 2
[ 75/ 90] speed=2 SR  K100        seed 15  goal      clr  0.28  t  30.2  inf 137  N 22.9  mpc   3.9 ms  err 1.29  xte 3.53  xmax 7.46  off 0.67  nrj 3
[ 76/ 90] speed=2 SR  K100        seed 16  collision clr -0.02  t   5.5  inf  56  N 29.4  mpc   6.8 ms  err 1.88  xte 0.86  xmax 2.38  off 0.70  nrj 1
FAILINFO speed=2 SR K100 seed 16 cls collision-tracked shape box dyn 0 tracked 1 infov 0 mode 2 speed 2.26 closing 0.64 static 0 prog10 5.2 layout corridor vdes 2
[ 77/ 90] speed=2 SR  K100        seed 17  goal      clr  0.03  t  92.9  inf 742  N 25.4  mpc   4.8 ms  err 2.11  xte 4.69  xmax 12.10  off 0.93  nrj 1
[ 78/ 90] speed=2 SR  K100        seed 18  goal      clr  0.47  t  56.3  inf 381  N 23.8  mpc   4.1 ms  err 2.34  xte 8.54  xmax 19.34  off 0.98  nrj 1
[ 79/ 90] speed=2 SR  K100        seed 19  goal      clr  0.32  t  43.6  inf 308  N 25.9  mpc   4.7 ms  err 1.71  xte 4.40  xmax 8.00  off 0.88  nrj 1
[ 80/ 90] speed=2 SR  K100        seed 20  goal      clr  0.54  t  40.6  inf 293  N 27.3  mpc   4.9 ms  err 1.41  xte 5.67  xmax 10.71  off 0.97  nrj 1
[ 81/ 90] speed=2 SR  K100        seed 21  goal      clr  0.29  t  30.9  inf 147  N 19.8  mpc   3.4 ms  err 1.47  xte 4.75  xmax 8.76  off 0.79  nrj 2
[ 82/ 90] speed=2 SR  K100        seed 22  goal      clr  0.43  t  34.6  inf 199  N 22.7  mpc   3.8 ms  err 1.31  xte 4.03  xmax 7.94  off 0.95  nrj 1
[ 83/ 90] speed=2 SR  K100        seed 23  goal      clr  0.78  t  31.8  inf 213  N 25.9  mpc   4.5 ms  err 2.24  xte 10.78  xmax 18.54  off 0.95  nrj 1
[ 84/ 90] speed=2 SR  K100        seed 24  goal      clr  0.47  t  60.4  inf 518  N 28.1  mpc   5.4 ms  err 1.67  xte 4.52  xmax 8.98  off 0.97  nrj 1
[ 85/ 90] speed=2 SR  K100        seed 25  goal      clr  0.36  t  46.3  inf 230  N 22.4  mpc   3.9 ms  err 0.89  xte 2.89  xmax 6.72  off 0.66  nrj 3
[ 86/ 90] speed=2 SR  K100        seed 26  goal      clr  0.58  t  81.7  inf 721  N 28.0  mpc   5.6 ms  err 1.85  xte 5.08  xmax 8.34  off 0.98  nrj 1
[ 87/ 90] speed=2 SR  K100        seed 27  goal      clr  0.88  t  36.2  inf 261  N 25.8  mpc   4.5 ms  err 1.80  xte 7.04  xmax 11.65  off 0.98  nrj 1
[ 88/ 90] speed=2 SR  K100        seed 28  collision clr -0.00  t  36.9  inf 288  N 26.9  mpc   5.0 ms  err 1.07  xte 2.76  xmax 5.16  off 0.85  nrj 1
FAILINFO speed=2 SR K100 seed 28 cls collision-tracked shape cylinder dyn 0 tracked 1 infov 1 mode 2 speed 0.75 closing 0.61 static 1 prog10 3.8 layout clusters vdes 2
[ 89/ 90] speed=2 SR  K100        seed 29  collision clr -0.02  t   8.1  inf  72  N 26.7  mpc   5.4 ms  err 1.49  xte 0.92  xmax 1.61  off 0.75  nrj 1
FAILINFO speed=2 SR K100 seed 29 cls collision-untracked shape cylinder dyn 0 tracked 0 infov 0 mode 2 speed 1.71 closing 0.99 static NaN prog10 7.2 layout forest vdes 2
[ 90/ 90] speed=2 SR  K100        seed 30  goal      clr  0.22  t  31.3  inf 230  N 25.7  mpc   4.4 ms  err 1.30  xte 3.99  xmax 7.01  off 0.94  nrj 1
