[  1/ 90] speed=8 SR  K0          seed  1  goal      clr  1.97  t  39.8  inf 280  N 21.8  mpc   6.6 ms  err 2.55  xte 8.06  xmax 18.71  off 0.95  nrj 1
WORLD SR seed 1 layout corridor nleg 1 dyn 0.28 nobj 26
[  2/ 90] speed=8 SR  K0          seed  2  goal      clr  3.08  t  23.7  inf 145  N 21.0  mpc   5.8 ms  err 3.69  xte 13.54  xmax 23.59  off 0.97  nrj 1
WORLD SR seed 2 layout uniform nleg 2 dyn 0.20 nobj 25
[  3/ 90] speed=8 SR  K0          seed  3  stuck     clr  1.11  t  91.3  inf 688  N 22.7  mpc   7.0 ms  err 2.26  xte 7.42  xmax 14.60  off 0.99  nrj 1
WORLD SR seed 3 layout corridor nleg 3 dyn 0.21 nobj 22
FAILINFO speed=8 SR K0 seed 3 cls stuck shape box dyn 0 tracked 1 infov 1 mode 2 speed 1.08 closing 0.99 static 0 prog10 0.0 layout corridor vdes 8
[  4/ 90] speed=8 SR  K0          seed  4  goal      clr  4.23  t  18.9  inf 128  N 22.6  mpc   5.9 ms  err 2.44  xte 13.08  xmax 21.57  off 0.96  nrj 2
WORLD SR seed 4 layout forest nleg 3 dyn 0.20 nobj 41
[  5/ 90] speed=8 SR  K0          seed  5  goal      clr  1.09  t  55.0  inf 319  N 23.9  mpc   7.6 ms  err 1.18  xte 7.04  xmax 14.26  off 0.98  nrj 1
WORLD SR seed 5 layout mixed nleg 2 dyn 0.00 nobj 34
[  6/ 90] speed=8 SR  K0          seed  6  goal      clr  1.66  t  31.8  inf 177  N 20.6  mpc   5.8 ms  err 1.47  xte 9.24  xmax 20.17  off 0.96  nrj 1
WORLD SR seed 6 layout clusters nleg 1 dyn 0.33 nobj 18
[  7/ 90] speed=8 SR  K0          seed  7  goal      clr  1.04  t  44.4  inf 264  N 22.1  mpc   6.5 ms  err 1.57  xte 6.21  xmax 14.51  off 0.93  nrj 1
WORLD SR seed 7 layout mixed nleg 1 dyn 0.00 nobj 30
[  8/ 90] speed=8 SR  K0          seed  8  collision clr -0.00  t  34.9  inf 182  N 21.0  mpc   6.6 ms  err 1.07  xte 3.68  xmax 9.42  off 0.95  nrj 2
WORLD SR seed 8 layout clusters nleg 1 dyn 0.00 nobj 11
FAILINFO speed=8 SR K0 seed 8 cls collision-untracked shape sphere dyn 0 tracked 0 infov 0 mode 2 speed 0.91 closing 0.49 static NaN prog10 11.9 layout clusters vdes 8
[  9/ 90] speed=8 SR  K0          seed  9  goal      clr  3.10  t  42.0  inf 242  N 19.3  mpc   4.9 ms  err 2.04  xte 12.43  xmax 33.64  off 0.97  nrj 1
WORLD SR seed 9 layout forest nleg 3 dyn 0.15 nobj 44
[ 10/ 90] speed=8 SR  K0          seed 10  goal      clr  0.80  t  14.8  inf  81  N 22.9  mpc   6.4 ms  err 1.09  xte 9.16  xmax 13.45  off 0.94  nrj 1
WORLD SR seed 10 layout mixed nleg 1 dyn 0.00 nobj 30
[ 11/ 90] speed=8 SR  K0          seed 11  goal      clr  0.50  t  37.8  inf 222  N 21.3  mpc   6.5 ms  err 1.43  xte 8.17  xmax 15.94  off 0.98  nrj 1
WORLD SR seed 11 layout mixed nleg 2 dyn 0.27 nobj 52
[ 12/ 90] speed=8 SR  K0          seed 12  stuck     clr  1.11  t  96.1  inf 548  N 20.2  mpc   5.7 ms  err 1.83  xte 8.10  xmax 25.62  off 0.99  nrj 1
WORLD SR seed 12 layout uniform nleg 2 dyn 0.34 nobj 38
FAILINFO speed=8 SR K0 seed 12 cls stuck shape box dyn 0 tracked 1 infov 1 mode 2 speed 1.01 closing 0.96 static 1 prog10 0.0 layout uniform vdes 8
[ 13/ 90] speed=8 SR  K0          seed 13  goal      clr  0.75  t  55.1  inf 421  N 23.0  mpc   7.8 ms  err 2.44  xte 5.19  xmax 14.95  off 0.98  nrj 1
WORLD SR seed 13 layout corridor nleg 2 dyn 0.28 nobj 28
[ 14/ 90] speed=8 SR  K0          seed 14  goal      clr  0.24  t  38.1  inf 231  N 22.7  mpc   6.7 ms  err 1.89  xte 15.72  xmax 30.30  off 0.97  nrj 1
WORLD SR seed 14 layout forest nleg 1 dyn 0.20 nobj 62
[ 15/ 90] speed=8 SR  K0          seed 15  goal      clr  1.34  t  24.1  inf 128  N 24.9  mpc   8.0 ms  err 0.92  xte 5.66  xmax 12.91  off 0.95  nrj 1
WORLD SR seed 15 layout clusters nleg 1 dyn 0.00 nobj 19
[ 16/ 90] speed=8 SR  K0          seed 16  goal      clr  1.64  t  36.2  inf 264  N 24.6  mpc   7.4 ms  err 1.90  xte 7.45  xmax 13.48  off 0.97  nrj 1
WORLD SR seed 16 layout corridor nleg 3 dyn 0.31 nobj 26
[ 17/ 90] speed=8 SR  K0          seed 17  goal      clr  1.41  t  35.0  inf 258  N 23.2  mpc   6.9 ms  err 2.47  xte 11.22  xmax 19.12  off 0.92  nrj 1
WORLD SR seed 17 layout forest nleg 3 dyn 0.10 nobj 54
[ 18/ 90] speed=8 SR  K0          seed 18  goal      clr  2.29  t  28.2  inf 201  N 22.8  mpc   6.4 ms  err 3.13  xte 10.39  xmax 23.18  off 0.95  nrj 1
WORLD SR seed 18 layout corridor nleg 1 dyn 0.23 nobj 22
[ 19/ 90] speed=8 SR  K0          seed 19  goal      clr  2.59  t  28.8  inf 169  N 20.3  mpc   5.6 ms  err 1.65  xte 11.71  xmax 21.77  off 0.97  nrj 1
WORLD SR seed 19 layout uniform nleg 2 dyn 0.28 nobj 26
[ 20/ 90] speed=8 SR  K0          seed 20  goal      clr  1.32  t  42.4  inf 260  N 21.7  mpc   6.4 ms  err 1.56  xte 7.78  xmax 14.53  off 0.96  nrj 1
WORLD SR seed 20 layout mixed nleg 2 dyn 0.18 nobj 38
[ 21/ 90] speed=8 SR  K0          seed 21  goal      clr  3.67  t  24.3  inf 181  N 22.5  mpc   6.0 ms  err 2.29  xte 10.49  xmax 19.59  off 0.93  nrj 2
WORLD SR seed 21 layout clusters nleg 3 dyn 0.12 nobj 15
[ 22/ 90] speed=8 SR  K0          seed 22  goal      clr  1.21  t  36.6  inf 199  N 19.5  mpc   5.6 ms  err 1.12  xte 7.38  xmax 16.65  off 0.93  nrj 1
WORLD SR seed 22 layout uniform nleg 2 dyn 0.32 nobj 24
[ 23/ 90] speed=8 SR  K0          seed 23  goal      clr  2.78  t  40.2  inf 245  N 22.0  mpc   6.5 ms  err 1.67  xte 9.34  xmax 21.55  off 0.98  nrj 1
WORLD SR seed 23 layout mixed nleg 1 dyn 0.28 nobj 45
[ 24/ 90] speed=8 SR  K0          seed 24  goal      clr  1.62  t  30.3  inf 176  N 22.9  mpc   7.2 ms  err 1.37  xte 13.86  xmax 24.81  off 0.96  nrj 1
WORLD SR seed 24 layout mixed nleg 1 dyn 0.19 nobj 42
[ 25/ 90] speed=8 SR  K0          seed 25  goal      clr  0.72  t  20.0  inf  94  N 22.4  mpc   6.5 ms  err 0.65  xte 3.72  xmax 7.54  off 0.89  nrj 3
WORLD SR seed 25 layout uniform nleg 2 dyn 0.00 nobj 18
[ 26/ 90] speed=8 SR  K0          seed 26  goal      clr  1.82  t  52.2  inf 331  N 20.9  mpc   6.4 ms  err 1.85  xte 10.00  xmax 21.70  off 0.98  nrj 1
WORLD SR seed 26 layout forest nleg 1 dyn 0.12 nobj 38
[ 27/ 90] speed=8 SR  K0          seed 27  goal      clr  1.83  t  43.0  inf 262  N 21.1  mpc   6.7 ms  err 1.94  xte 10.61  xmax 23.26  off 0.98  nrj 1
WORLD SR seed 27 layout mixed nleg 2 dyn 0.29 nobj 34
[ 28/ 90] speed=8 SR  K0          seed 28  goal      clr  0.64  t  40.2  inf 218  N 22.4  mpc   7.4 ms  err 1.15  xte 3.97  xmax 10.03  off 0.97  nrj 1
WORLD SR seed 28 layout clusters nleg 3 dyn 0.00 nobj 27
[ 29/ 90] speed=8 SR  K0          seed 29  goal      clr  1.89  t  35.0  inf 220  N 22.7  mpc   7.2 ms  err 2.95  xte 11.78  xmax 27.88  off 0.97  nrj 1
WORLD SR seed 29 layout forest nleg 3 dyn 0.16 nobj 55
[ 30/ 90] speed=8 SR  K0          seed 30  goal      clr  1.13  t  30.1  inf 167  N 20.3  mpc   5.7 ms  err 1.99  xte 9.72  xmax 16.85  off 0.93  nrj 1
WORLD SR seed 30 layout clusters nleg 1 dyn 0.35 nobj 31
[ 31/ 90] speed=8 SR  K50         seed  1  goal      clr  0.54  t  47.7  inf 396  N 26.5  mpc   9.4 ms  err 2.01  xte 2.84  xmax 6.99  off 0.95  nrj 1
[ 32/ 90] speed=8 SR  K50         seed  2  goal      clr  1.26  t  20.4  inf 139  N 24.8  mpc   7.5 ms  err 1.79  xte 7.17  xmax 14.28  off 0.97  nrj 1
[ 33/ 90] speed=8 SR  K50         seed  3  goal      clr  0.61  t  43.4  inf 389  N 27.4  mpc   8.9 ms  err 2.34  xte 5.80  xmax 16.27  off 0.98  nrj 1
[ 34/ 90] speed=8 SR  K50         seed  4  goal      clr  0.22  t  42.7  inf 340  N 25.6  mpc   8.2 ms  err 1.88  xte 8.03  xmax 19.66  off 0.94  nrj 2
[ 35/ 90] speed=8 SR  K50         seed  5  goal      clr  0.86  t  31.6  inf 197  N 23.1  mpc   7.1 ms  err 1.30  xte 5.65  xmax 12.86  off 0.88  nrj 1
[ 36/ 90] speed=8 SR  K50         seed  6  goal      clr  1.07  t  15.9  inf 112  N 24.7  mpc   6.9 ms  err 2.14  xte 8.95  xmax 18.01  off 0.93  nrj 1
[ 37/ 90] speed=8 SR  K50         seed  7  goal      clr  0.67  t  35.5  inf 301  N 24.9  mpc   7.8 ms  err 1.41  xte 3.23  xmax 9.53  off 0.87  nrj 1
[ 38/ 90] speed=8 SR  K50         seed  8  goal      clr  1.11  t  12.8  inf  86  N 25.4  mpc   7.2 ms  err 1.15  xte 2.28  xmax 5.36  off 0.55  nrj 2
[ 39/ 90] speed=8 SR  K50         seed  9  goal      clr  0.66  t  39.0  inf 298  N 25.8  mpc   8.4 ms  err 1.93  xte 5.54  xmax 10.54  off 0.96  nrj 1
[ 40/ 90] speed=8 SR  K50         seed 10  collision clr -0.02  t   8.4  inf  64  N 23.2  mpc   7.8 ms  err 1.68  xte 1.49  xmax 2.41  off 0.81  nrj 1
FAILINFO speed=8 SR K50 seed 10 cls collision-untracked shape cylinder dyn 0 tracked 0 infov 0 mode 2 speed 5.05 closing 2.61 static NaN prog10 4.6 layout mixed vdes 8
[ 41/ 90] speed=8 SR  K50         seed 11  goal      clr  0.19  t  55.0  inf 449  N 26.5  mpc   9.0 ms  err 1.42  xte 4.85  xmax 9.57  off 0.97  nrj 1
[ 42/ 90] speed=8 SR  K50         seed 12  goal      clr  0.41  t  73.6  inf 638  N 26.8  mpc   9.2 ms  err 1.18  xte 5.98  xmax 13.12  off 0.96  nrj 1
[ 43/ 90] speed=8 SR  K50         seed 13  goal      clr  0.52  t  41.2  inf 333  N 25.7  mpc   8.4 ms  err 1.47  xte 4.37  xmax 9.35  off 0.98  nrj 1
[ 44/ 90] speed=8 SR  K50         seed 14  goal      clr  0.81  t  23.0  inf 143  N 24.7  mpc   7.2 ms  err 2.73  xte 10.87  xmax 15.13  off 0.97  nrj 1
[ 45/ 90] speed=8 SR  K50         seed 15  goal      clr  0.41  t  59.6  inf 450  N 25.2  mpc   8.2 ms  err 1.13  xte 3.67  xmax 9.03  off 0.98  nrj 1
[ 46/ 90] speed=8 SR  K50         seed 16  goal      clr  0.81  t  67.4  inf 517  N 25.2  mpc   8.1 ms  err 1.95  xte 4.67  xmax 15.10  off 0.93  nrj 1
[ 47/ 90] speed=8 SR  K50         seed 17  collision clr -0.01  t  34.2  inf 295  N 26.1  mpc   8.9 ms  err 1.70  xte 2.44  xmax 7.18  off 0.89  nrj 1
FAILINFO speed=8 SR K50 seed 17 cls collision-tracked shape cylinder dyn 0 tracked 1 infov 0 mode 2 speed 2.00 closing 0.11 static 0 prog10 1.9 layout forest vdes 8
[ 48/ 90] speed=8 SR  K50         seed 18  goal      clr  1.05  t  43.3  inf 368  N 25.5  mpc   8.8 ms  err 2.45  xte 3.71  xmax 8.78  off 0.96  nrj 1
[ 49/ 90] speed=8 SR  K50         seed 19  goal      clr  1.12  t  19.5  inf 145  N 25.3  mpc   7.1 ms  err 2.15  xte 10.15  xmax 17.83  off 0.97  nrj 1
[ 50/ 90] speed=8 SR  K50         seed 20  goal      clr  1.38  t  22.0  inf 159  N 27.0  mpc   7.6 ms  err 2.24  xte 10.15  xmax 17.33  off 0.97  nrj 1
[ 51/ 90] speed=8 SR  K50         seed 21  goal      clr  1.39  t  17.6  inf 107  N 23.3  mpc   6.8 ms  err 1.14  xte 7.54  xmax 15.43  off 0.94  nrj 3
[ 52/ 90] speed=8 SR  K50         seed 22  goal      clr  1.08  t  20.1  inf 124  N 24.4  mpc   6.8 ms  err 2.11  xte 7.83  xmax 17.52  off 0.93  nrj 1
[ 53/ 90] speed=8 SR  K50         seed 23  goal      clr  1.38  t  19.0  inf 143  N 25.0  mpc   6.8 ms  err 1.98  xte 10.09  xmax 20.13  off 0.96  nrj 1
[ 54/ 90] speed=8 SR  K50         seed 24  goal      clr  1.26  t  19.8  inf 143  N 24.4  mpc   7.0 ms  err 2.00  xte 9.20  xmax 14.39  off 0.93  nrj 1
[ 55/ 90] speed=8 SR  K50         seed 25  goal      clr  0.33  t  23.4  inf 143  N 24.2  mpc   6.9 ms  err 0.89  xte 4.01  xmax 9.95  off 0.87  nrj 3
[ 56/ 90] speed=8 SR  K50         seed 26  goal      clr  0.01  t  98.2  inf 845  N 26.7  mpc   9.5 ms  err 1.73  xte 4.71  xmax 12.97  off 0.99  nrj 1
[ 57/ 90] speed=8 SR  K50         seed 27  goal      clr  1.25  t  18.8  inf 142  N 26.3  mpc   7.6 ms  err 1.70  xte 8.74  xmax 12.25  off 0.96  nrj 1
[ 58/ 90] speed=8 SR  K50         seed 28  collision clr -0.02  t   7.9  inf  64  N 23.6  mpc   7.9 ms  err 1.53  xte 1.05  xmax 2.66  off 0.47  nrj 1
FAILINFO speed=8 SR K50 seed 28 cls collision-tracked shape cylinder dyn 0 tracked 1 infov 0 mode 2 speed 3.86 closing 1.79 static 0 prog10 4.3 layout clusters vdes 8
[ 59/ 90] speed=8 SR  K50         seed 29  goal      clr  1.42  t  32.9  inf 256  N 26.3  mpc   7.9 ms  err 2.21  xte 8.44  xmax 15.51  off 0.95  nrj 1
[ 60/ 90] speed=8 SR  K50         seed 30  goal      clr  0.71  t  22.9  inf 164  N 25.4  mpc   7.3 ms  err 1.29  xte 5.14  xmax 11.48  off 0.96  nrj 1
[ 61/ 90] speed=8 SR  K100        seed  1  goal      clr  0.73  t  18.8  inf 169  N 28.3  mpc   8.1 ms  err 1.78  xte 1.92  xmax 3.61  off 0.87  nrj 1
[ 62/ 90] speed=8 SR  K100        seed  2  goal      clr  0.67  t  21.1  inf 183  N 27.7  mpc   8.0 ms  err 2.13  xte 3.04  xmax 5.53  off 0.94  nrj 1
[ 63/ 90] speed=8 SR  K100        seed  3  goal      clr  0.04  t  35.4  inf 310  N 27.5  mpc   8.4 ms  err 1.98  xte 4.28  xmax 11.40  off 0.96  nrj 1
[ 64/ 90] speed=8 SR  K100        seed  4  goal      clr  0.47  t  38.1  inf 340  N 28.6  mpc   8.5 ms  err 1.87  xte 4.39  xmax 8.71  off 0.86  nrj 2
[ 65/ 90] speed=8 SR  K100        seed  5  goal      clr  0.29  t  51.6  inf 452  N 28.1  mpc   9.0 ms  err 1.50  xte 2.07  xmax 5.87  off 0.91  nrj 1
[ 66/ 90] speed=8 SR  K100        seed  6  goal      clr  0.52  t  19.8  inf 139  N 26.2  mpc   7.0 ms  err 1.12  xte 6.47  xmax 11.60  off 0.80  nrj 2
[ 67/ 90] speed=8 SR  K100        seed  7  goal      clr  0.46  t  37.6  inf 306  N 27.5  mpc   8.4 ms  err 1.38  xte 3.89  xmax 9.50  off 0.86  nrj 1
[ 68/ 90] speed=8 SR  K100        seed  8  goal      clr  0.58  t  17.3  inf 128  N 25.4  mpc   7.0 ms  err 0.82  xte 2.27  xmax 5.32  off 0.53  nrj 3
[ 69/ 90] speed=8 SR  K100        seed  9  goal      clr  0.04  t  75.1  inf 636  N 26.0  mpc   8.2 ms  err 2.11  xte 4.55  xmax 13.79  off 0.91  nrj 1
[ 70/ 90] speed=8 SR  K100        seed 10  collision clr -0.02  t   5.0  inf  40  N 24.6  mpc   7.8 ms  err 1.41  xte 1.06  xmax 1.81  off 0.68  nrj 1
FAILINFO speed=8 SR K100 seed 10 cls collision-untracked shape cylinder dyn 0 tracked 0 infov 0 mode 2 speed 3.27 closing 2.11 static NaN prog10 4.3 layout mixed vdes 8
[ 71/ 90] speed=8 SR  K100        seed 11  goal      clr  0.16  t  55.6  inf 492  N 28.4  mpc   9.1 ms  err 1.44  xte 4.30  xmax 9.71  off 0.94  nrj 1
[ 72/ 90] speed=8 SR  K100        seed 12  goal      clr  0.64  t  28.2  inf 249  N 28.2  mpc   8.2 ms  err 1.59  xte 2.58  xmax 5.30  off 0.88  nrj 1
[ 73/ 90] speed=8 SR  K100        seed 13  goal      clr  0.67  t  22.4  inf 189  N 26.7  mpc   7.8 ms  err 1.82  xte 6.54  xmax 12.27  off 0.93  nrj 1
[ 74/ 90] speed=8 SR  K100        seed 14  goal      clr  0.35  t  27.9  inf 225  N 27.8  mpc   8.5 ms  err 1.31  xte 6.46  xmax 12.31  off 0.89  nrj 1
[ 75/ 90] speed=8 SR  K100        seed 15  goal      clr  0.57  t  19.2  inf 137  N 26.6  mpc   7.5 ms  err 1.31  xte 3.70  xmax 8.68  off 0.65  nrj 3
[ 76/ 90] speed=8 SR  K100        seed 16  goal      clr  0.26  t  29.1  inf 236  N 27.3  mpc   8.3 ms  err 1.84  xte 5.27  xmax 11.95  off 0.83  nrj 1
[ 77/ 90] speed=8 SR  K100        seed 17  collision clr -0.02  t  30.9  inf 304  N 29.2  mpc   9.9 ms  err 1.84  xte 3.22  xmax 7.26  off 0.94  nrj 1
FAILINFO speed=8 SR K100 seed 17 cls collision-untracked shape cylinder dyn 0 tracked 0 infov 0 mode 2 speed 2.23 closing 1.82 static NaN prog10 2.1 layout forest vdes 8
[ 78/ 90] speed=8 SR  K100        seed 18  goal      clr  0.28  t  57.0  inf 544  N 28.7  mpc   9.5 ms  err 2.01  xte 2.71  xmax 9.13  off 0.91  nrj 2
[ 79/ 90] speed=8 SR  K100        seed 19  goal      clr  0.45  t  19.8  inf 168  N 27.9  mpc   7.8 ms  err 1.71  xte 3.70  xmax 6.66  off 0.78  nrj 2
[ 80/ 90] speed=8 SR  K100        seed 20  goal      clr  0.33  t  25.9  inf 179  N 26.2  mpc   7.8 ms  err 1.78  xte 8.60  xmax 15.69  off 0.95  nrj 1
[ 81/ 90] speed=8 SR  K100        seed 21  goal      clr  0.40  t  29.8  inf 223  N 24.8  mpc   7.6 ms  err 1.53  xte 4.68  xmax 11.72  off 0.95  nrj 2
[ 82/ 90] speed=8 SR  K100        seed 22  goal      clr  0.49  t  19.6  inf 169  N 27.1  mpc   7.5 ms  err 1.23  xte 1.73  xmax 3.59  off 0.69  nrj 1
[ 83/ 90] speed=8 SR  K100        seed 23  goal      clr  0.11  t  43.4  inf 344  N 27.4  mpc   8.4 ms  err 2.04  xte 6.63  xmax 13.39  off 0.98  nrj 1
[ 84/ 90] speed=8 SR  K100        seed 24  goal      clr  0.13  t  36.8  inf 332  N 28.6  mpc   9.3 ms  err 1.60  xte 3.22  xmax 7.18  off 0.95  nrj 1
[ 85/ 90] speed=8 SR  K100        seed 25  goal      clr  0.16  t  23.7  inf 144  N 25.4  mpc   7.2 ms  err 1.22  xte 3.81  xmax 8.50  off 0.74  nrj 3
[ 86/ 90] speed=8 SR  K100        seed 26  goal      clr  0.00  t  44.5  inf 402  N 28.0  mpc   9.1 ms  err 1.78  xte 4.24  xmax 9.29  off 0.98  nrj 1
[ 87/ 90] speed=8 SR  K100        seed 27  goal      clr  0.78  t  21.6  inf 173  N 28.1  mpc   8.0 ms  err 1.27  xte 8.42  xmax 16.73  off 0.97  nrj 1
[ 88/ 90] speed=8 SR  K100        seed 28  goal      clr  0.60  t  33.8  inf 288  N 28.8  mpc   9.0 ms  err 1.21  xte 2.71  xmax 5.88  off 0.85  nrj 2
[ 89/ 90] speed=8 SR  K100        seed 29  collision clr -0.02  t  15.2  inf 141  N 27.6  mpc   9.0 ms  err 1.34  xte 3.68  xmax 6.24  off 0.87  nrj 1
FAILINFO speed=8 SR K100 seed 29 cls collision-tracked shape cylinder dyn 0 tracked 1 infov 0 mode 2 speed 2.35 closing 1.08 static 0 prog10 5.4 layout forest vdes 8
[ 90/ 90] speed=8 SR  K100        seed 30  goal      clr  0.34  t  52.5  inf 471  N 28.8  mpc   9.3 ms  err 1.95  xte 5.89  xmax 11.47  off 0.98  nrj 1
