[  1/ 90] speed=6 SR  K0          seed 31  goal      clr  1.15  t  44.4  inf 212  N 20.6  mpc   6.2 ms  err 1.74  xte 5.75  xmax 16.44  off 0.94  nrj 1
WORLD SR seed 31 layout forest nleg 2 dyn 0.00 nobj 36
[  2/ 90] speed=6 SR  K0          seed 32  goal      clr  1.08  t  94.9  inf 481  N 19.8  mpc   5.5 ms  err 2.04  xte 9.26  xmax 21.52  off 0.98  nrj 1
WORLD SR seed 32 layout forest nleg 3 dyn 0.29 nobj 65
[  3/ 90] speed=6 SR  K0          seed 33  goal      clr  3.30  t  20.1  inf 121  N 21.3  mpc   5.0 ms  err 2.71  xte 11.84  xmax 17.78  off 0.92  nrj 1
WORLD SR seed 33 layout clusters nleg 2 dyn 0.31 nobj 33
[  4/ 90] speed=6 SR  K0          seed 34  goal      clr  1.81  t  32.5  inf 176  N 21.4  mpc   6.0 ms  err 1.62  xte 8.43  xmax 16.46  off 0.85  nrj 1
WORLD SR seed 34 layout forest nleg 2 dyn 0.00 nobj 52
[  5/ 90] speed=6 SR  K0          seed 35  goal      clr  0.83  t  31.0  inf 186  N 23.5  mpc   6.8 ms  err 0.85  xte 5.07  xmax 9.46  off 0.97  nrj 1
WORLD SR seed 35 layout clusters nleg 3 dyn 0.00 nobj 25
[  6/ 90] speed=6 SR  K0          seed 36  goal      clr  0.99  t  51.2  inf 307  N 22.5  mpc   6.6 ms  err 1.69  xte 6.49  xmax 10.46  off 0.98  nrj 1
WORLD SR seed 36 layout mixed nleg 2 dyn 0.00 nobj 25
[  7/ 90] speed=6 SR  K0          seed 37  goal      clr  1.76  t  16.9  inf  77  N 23.9  mpc   6.4 ms  err 1.11  xte 5.28  xmax 9.17  off 0.86  nrj 1
WORLD SR seed 37 layout clusters nleg 3 dyn 0.00 nobj 16
[  8/ 90] speed=6 SR  K0          seed 38  goal      clr  3.02  t  28.1  inf 168  N 21.4  mpc   5.8 ms  err 2.31  xte 10.49  xmax 19.83  off 0.97  nrj 1
WORLD SR seed 38 layout corridor nleg 3 dyn 0.27 nobj 22
[  9/ 90] speed=6 SR  K0          seed 39  goal      clr  0.81  t 103.3  inf 670  N 21.8  mpc   6.6 ms  err 1.52  xte 5.34  xmax 17.47  off 0.92  nrj 1
WORLD SR seed 39 layout mixed nleg 1 dyn 0.00 nobj 28
[ 10/ 90] speed=6 SR  K0          seed 40  goal      clr  1.00  t  48.0  inf 255  N 20.5  mpc   5.8 ms  err 0.93  xte 7.66  xmax 14.85  off 0.99  nrj 1
WORLD SR seed 40 layout mixed nleg 3 dyn 0.00 nobj 37
[ 11/ 90] speed=6 SR  K0          seed 41  goal      clr  0.75  t  96.9  inf 598  N 21.3  mpc   6.5 ms  err 1.66  xte 6.19  xmax 16.30  off 0.95  nrj 1
WORLD SR seed 41 layout mixed nleg 1 dyn 0.17 nobj 40
[ 12/ 90] speed=6 SR  K0          seed 42  goal      clr  3.26  t  29.2  inf 173  N 21.1  mpc   5.4 ms  err 2.29  xte 9.92  xmax 15.64  off 0.98  nrj 1
WORLD SR seed 42 layout uniform nleg 3 dyn 0.20 nobj 23
[ 13/ 90] speed=6 SR  K0          seed 43  stuck     clr  1.29  t 105.1  inf 755  N 22.9  mpc   6.7 ms  err 3.16  xte 7.36  xmax 21.87  off 0.98  nrj 1
WORLD SR seed 43 layout corridor nleg 1 dyn 0.24 nobj 20
FAILINFO speed=6 SR K0 seed 43 cls stuck shape box dyn 0 tracked 1 infov 1 mode 2 speed 1.91 closing -1.32 static 1 prog10 0.0 layout corridor vdes 6
[ 14/ 90] speed=6 SR  K0          seed 44  goal      clr  3.93  t  23.0  inf 127  N 20.5  mpc   4.8 ms  err 2.46  xte 11.15  xmax 18.60  off 0.95  nrj 1
WORLD SR seed 44 layout clusters nleg 1 dyn 0.28 nobj 27
[ 15/ 90] speed=6 SR  K0          seed 45  goal      clr  1.35  t  36.4  inf 225  N 22.6  mpc   7.0 ms  err 0.99  xte 6.36  xmax 13.64  off 0.98  nrj 1
WORLD SR seed 45 layout mixed nleg 2 dyn 0.00 nobj 31
[ 16/ 90] speed=6 SR  K0          seed 46  collision clr -0.00  t  38.6  inf 334  N 24.1  mpc   8.9 ms  err 1.57  xte 2.49  xmax 4.92  off 0.97  nrj 1
WORLD SR seed 46 layout corridor nleg 3 dyn 0.14 nobj 22
FAILINFO speed=6 SR K0 seed 46 cls collision-tracked shape box dyn 0 tracked 1 infov 0 mode 2 speed 1.94 closing 1.09 static 0 prog10 -9.1 layout corridor vdes 6
[ 17/ 90] speed=6 SR  K0          seed 47  goal      clr  0.07  t  19.3  inf 136  N 26.1  mpc   8.4 ms  err 1.00  xte 6.92  xmax 12.63  off 0.97  nrj 1
WORLD SR seed 47 layout mixed nleg 2 dyn 0.00 nobj 39
[ 18/ 90] speed=6 SR  K0          seed 48  goal      clr  0.58  t  27.2  inf 167  N 24.1  mpc   7.7 ms  err 1.13  xte 5.86  xmax 11.09  off 0.97  nrj 1
WORLD SR seed 48 layout uniform nleg 3 dyn 0.00 nobj 25
[ 19/ 90] speed=6 SR  K0          seed 49  goal      clr  2.28  t  36.8  inf 271  N 22.8  mpc   6.7 ms  err 1.83  xte 8.72  xmax 16.22  off 0.96  nrj 1
WORLD SR seed 49 layout mixed nleg 2 dyn 0.23 nobj 42
[ 20/ 90] speed=6 SR  K0          seed 50  goal      clr  2.48  t  48.6  inf 236  N 18.6  mpc   4.9 ms  err 1.87  xte 8.18  xmax 20.09  off 0.96  nrj 1
WORLD SR seed 50 layout clusters nleg 1 dyn 0.25 nobj 34
[ 21/ 90] speed=6 SR  K0          seed 51  stuck     clr  3.02  t  74.3  inf 371  N 19.2  mpc   5.1 ms  err 1.71  xte 7.57  xmax 21.22  off 0.99  nrj 1
WORLD SR seed 51 layout corridor nleg 2 dyn 0.26 nobj 19
FAILINFO speed=6 SR K0 seed 51 cls stuck shape box dyn 0 tracked 1 infov 0 mode 2 speed 2.58 closing 0.29 static 1 prog10 -1.2 layout corridor vdes 6
[ 22/ 90] speed=6 SR  K0          seed 52  goal      clr  1.52  t  43.6  inf 268  N 22.2  mpc   6.8 ms  err 1.33  xte 6.81  xmax 11.53  off 0.98  nrj 1
WORLD SR seed 52 layout uniform nleg 3 dyn 0.00 nobj 30
[ 23/ 90] speed=6 SR  K0          seed 53  goal      clr  1.80  t  53.2  inf 239  N 17.7  mpc   4.5 ms  err 1.95  xte 10.25  xmax 22.67  off 0.97  nrj 1
WORLD SR seed 53 layout forest nleg 1 dyn 0.14 nobj 38
[ 24/ 90] speed=6 SR  K0          seed 54  goal      clr  1.78  t  36.7  inf 242  N 22.0  mpc   6.2 ms  err 1.66  xte 13.09  xmax 25.68  off 0.96  nrj 1
WORLD SR seed 54 layout mixed nleg 2 dyn 0.19 nobj 37
[ 25/ 90] speed=6 SR  K0          seed 55  goal      clr  0.78  t  35.2  inf 219  N 23.4  mpc   6.8 ms  err 2.08  xte 12.67  xmax 27.99  off 0.98  nrj 1
WORLD SR seed 55 layout mixed nleg 3 dyn 0.30 nobj 54
[ 26/ 90] speed=6 SR  K0          seed 56  goal      clr  1.62  t  65.1  inf 333  N 19.9  mpc   5.6 ms  err 0.93  xte 7.71  xmax 18.37  off 0.98  nrj 1
WORLD SR seed 56 layout clusters nleg 1 dyn 0.26 nobj 32
[ 27/ 90] speed=6 SR  K0          seed 57  goal      clr  0.76  t  20.0  inf 106  N 24.2  mpc   7.3 ms  err 1.77  xte 9.12  xmax 15.40  off 0.97  nrj 1
WORLD SR seed 57 layout forest nleg 3 dyn 0.00 nobj 42
[ 28/ 90] speed=6 SR  K0          seed 58  goal      clr  0.57  t  82.5  inf 600  N 24.9  mpc   8.1 ms  err 1.21  xte 7.32  xmax 15.30  off 0.97  nrj 1
WORLD SR seed 58 layout mixed nleg 3 dyn 0.34 nobj 56
[ 29/ 90] speed=6 SR  K0          seed 59  goal      clr  1.14  t  32.9  inf 229  N 23.8  mpc   7.3 ms  err 1.49  xte 4.85  xmax 11.49  off 0.96  nrj 1
WORLD SR seed 59 layout corridor nleg 2 dyn 0.00 nobj 17
[ 30/ 90] speed=6 SR  K0          seed 60  goal      clr  3.50  t  28.8  inf 125  N 18.6  mpc   4.6 ms  err 1.25  xte 8.11  xmax 15.75  off 0.97  nrj 1
WORLD SR seed 60 layout clusters nleg 3 dyn 0.14 nobj 23
[ 31/ 90] speed=6 SR  K50         seed 31  collision clr -0.01  t  18.3  inf 154  N 28.0  mpc   9.0 ms  err 1.63  xte 1.87  xmax 4.55  off 0.88  nrj 1
FAILINFO speed=6 SR K50 seed 31 cls collision-tracked shape cylinder dyn 0 tracked 1 infov 0 mode 2 speed 4.85 closing 3.91 static 0 prog10 6.8 layout forest vdes 6
[ 32/ 90] speed=6 SR  K50         seed 32  goal      clr  0.55  t  43.5  inf 299  N 25.1  mpc   7.5 ms  err 1.59  xte 8.26  xmax 15.21  off 0.96  nrj 1
[ 33/ 90] speed=6 SR  K50         seed 33  goal      clr  0.98  t  26.3  inf 172  N 24.8  mpc   6.7 ms  err 2.13  xte 8.19  xmax 14.35  off 0.95  nrj 1
[ 34/ 90] speed=6 SR  K50         seed 34  goal      clr  0.38  t  28.9  inf 199  N 25.8  mpc   7.8 ms  err 1.46  xte 6.77  xmax 12.21  off 0.95  nrj 1
[ 35/ 90] speed=6 SR  K50         seed 35  goal      clr  0.54  t  17.1  inf 130  N 27.7  mpc   7.2 ms  err 0.51  xte 2.59  xmax 5.63  off 0.77  nrj 1
[ 36/ 90] speed=6 SR  K50         seed 36  goal      clr  0.99  t  23.6  inf 180  N 26.6  mpc   8.0 ms  err 1.50  xte 3.32  xmax 7.74  off 0.86  nrj 2
[ 37/ 90] speed=6 SR  K50         seed 37  goal      clr  1.05  t  24.4  inf 169  N 24.8  mpc   6.6 ms  err 1.65  xte 3.71  xmax 7.98  off 0.83  nrj 3
[ 38/ 90] speed=6 SR  K50         seed 38  goal      clr  0.48  t  32.1  inf 262  N 26.8  mpc   8.0 ms  err 2.72  xte 5.67  xmax 8.62  off 0.96  nrj 1
[ 39/ 90] speed=6 SR  K50         seed 39  goal      clr  0.07  t  34.0  inf 282  N 27.7  mpc   8.7 ms  err 1.77  xte 3.04  xmax 7.37  off 0.91  nrj 1
[ 40/ 90] speed=6 SR  K50         seed 40  goal      clr  0.44  t  33.8  inf 247  N 25.2  mpc   7.5 ms  err 1.31  xte 3.73  xmax 12.39  off 0.85  nrj 1
[ 41/ 90] speed=6 SR  K50         seed 41  goal      clr  0.30  t  33.2  inf 255  N 26.5  mpc   7.7 ms  err 1.61  xte 6.26  xmax 15.71  off 0.86  nrj 1
[ 42/ 90] speed=6 SR  K50         seed 42  goal      clr  1.44  t  17.1  inf 119  N 25.1  mpc   6.9 ms  err 2.74  xte 8.76  xmax 15.60  off 0.96  nrj 1
[ 43/ 90] speed=6 SR  K50         seed 43  goal      clr  1.50  t  28.2  inf 208  N 26.0  mpc   7.2 ms  err 3.33  xte 9.80  xmax 19.63  off 0.95  nrj 1
[ 44/ 90] speed=6 SR  K50         seed 44  goal      clr  2.00  t  17.8  inf 108  N 24.5  mpc   6.4 ms  err 2.51  xte 7.79  xmax 11.79  off 0.93  nrj 1
[ 45/ 90] speed=6 SR  K50         seed 45  goal      clr  0.67  t  15.6  inf 103  N 25.6  mpc   6.6 ms  err 1.24  xte 4.70  xmax 8.62  off 0.84  nrj 2
[ 46/ 90] speed=6 SR  K50         seed 46  goal      clr  0.66  t  19.2  inf 170  N 27.8  mpc   8.4 ms  err 2.43  xte 4.95  xmax 8.80  off 0.92  nrj 1
[ 47/ 90] speed=6 SR  K50         seed 47  goal      clr  0.52  t  46.0  inf 367  N 27.2  mpc   8.4 ms  err 1.09  xte 4.64  xmax 10.07  off 0.98  nrj 1
[ 48/ 90] speed=6 SR  K50         seed 48  goal      clr  0.83  t  14.7  inf 115  N 26.8  mpc   7.1 ms  err 1.12  xte 1.72  xmax 3.06  off 0.80  nrj 1
[ 49/ 90] speed=6 SR  K50         seed 49  collision clr -0.03  t  25.1  inf 242  N 29.2  mpc  10.5 ms  err 1.99  xte 3.30  xmax 7.93  off 0.89  nrj 1
FAILINFO speed=6 SR K50 seed 49 cls collision-tracked shape box dyn 0 tracked 1 infov 0 mode 2 speed 3.13 closing 2.74 static 0 prog10 9.7 layout mixed vdes 6
[ 50/ 90] speed=6 SR  K50         seed 50  goal      clr  1.77  t  18.4  inf 122  N 25.6  mpc   6.7 ms  err 2.54  xte 8.62  xmax 14.52  off 0.94  nrj 1
[ 51/ 90] speed=6 SR  K50         seed 51  goal      clr  1.28  t  36.9  inf 286  N 24.1  mpc   7.0 ms  err 2.33  xte 7.06  xmax 15.44  off 0.98  nrj 1
[ 52/ 90] speed=6 SR  K50         seed 52  collision clr -0.01  t  50.2  inf 393  N 24.9  mpc   8.3 ms  err 1.27  xte 3.72  xmax 7.54  off 0.96  nrj 1
FAILINFO speed=6 SR K50 seed 52 cls collision-tracked shape box dyn 0 tracked 1 infov 0 mode 2 speed 2.09 closing 0.35 static 1 prog10 0.8 layout uniform vdes 6
[ 53/ 90] speed=6 SR  K50         seed 53  goal      clr  1.54  t  26.1  inf 194  N 24.1  mpc   6.9 ms  err 2.10  xte 7.94  xmax 12.79  off 0.97  nrj 1
[ 54/ 90] speed=6 SR  K50         seed 54  goal      clr  0.73  t  49.4  inf 381  N 25.9  mpc   8.3 ms  err 1.69  xte 8.47  xmax 17.14  off 0.93  nrj 1
[ 55/ 90] speed=6 SR  K50         seed 55  goal      clr  0.57  t  41.4  inf 283  N 24.9  mpc   7.5 ms  err 1.38  xte 7.36  xmax 13.61  off 0.98  nrj 1
[ 56/ 90] speed=6 SR  K50         seed 56  goal      clr  1.71  t  22.4  inf 143  N 24.5  mpc   6.9 ms  err 1.43  xte 9.22  xmax 18.13  off 0.94  nrj 1
[ 57/ 90] speed=6 SR  K50         seed 57  collision clr -0.02  t   7.9  inf  57  N 26.0  mpc   7.6 ms  err 1.53  xte 5.38  xmax 8.76  off 0.88  nrj 1
FAILINFO speed=6 SR K50 seed 57 cls collision-tracked shape cylinder dyn 0 tracked 1 infov 0 mode 2 speed 3.97 closing 0.73 static 0 prog10 4.5 layout forest vdes 6
[ 58/ 90] speed=6 SR  K50         seed 58  goal      clr  0.80  t  43.9  inf 340  N 25.4  mpc   7.6 ms  err 1.42  xte 5.72  xmax 13.83  off 0.94  nrj 1
[ 59/ 90] speed=6 SR  K50         seed 59  goal      clr  0.53  t  13.6  inf  98  N 27.4  mpc   6.8 ms  err 1.41  xte 1.66  xmax 3.47  off 0.66  nrj 2
[ 60/ 90] speed=6 SR  K50         seed 60  goal      clr  1.17  t  16.2  inf 115  N 24.8  mpc   6.5 ms  err 1.46  xte 6.12  xmax 9.48  off 0.92  nrj 1
[ 61/ 90] speed=6 SR  K100        seed 31  goal      clr  0.68  t  32.1  inf 274  N 27.7  mpc   8.2 ms  err 1.37  xte 2.02  xmax 5.96  off 0.87  nrj 2
[ 62/ 90] speed=6 SR  K100        seed 32  collision clr -0.01  t  15.5  inf 119  N 26.8  mpc   8.6 ms  err 1.63  xte 3.93  xmax 7.63  off 0.94  nrj 1
FAILINFO speed=6 SR K100 seed 32 cls collision-tracked shape cylinder dyn 0 tracked 1 infov 0 mode 2 speed 1.99 closing 1.89 static 0 prog10 3.4 layout forest vdes 6
[ 63/ 90] speed=6 SR  K100        seed 33  goal      clr  0.45  t  29.4  inf 240  N 26.8  mpc   7.6 ms  err 1.82  xte 6.72  xmax 11.07  off 0.87  nrj 1
[ 64/ 90] speed=6 SR  K100        seed 34  goal      clr  0.14  t  76.0  inf 654  N 27.9  mpc   8.9 ms  err 1.49  xte 3.56  xmax 7.89  off 0.98  nrj 1
[ 65/ 90] speed=6 SR  K100        seed 35  goal      clr  0.37  t  20.6  inf 171  N 27.9  mpc   7.6 ms  err 0.84  xte 0.98  xmax 2.44  off 0.56  nrj 2
[ 66/ 90] speed=6 SR  K100        seed 36  goal      clr  0.87  t  21.8  inf 188  N 26.9  mpc   7.6 ms  err 1.62  xte 2.44  xmax 5.90  off 0.81  nrj 1
[ 67/ 90] speed=6 SR  K100        seed 37  goal      clr  1.00  t  22.3  inf 156  N 25.2  mpc   6.8 ms  err 2.35  xte 4.16  xmax 8.10  off 0.83  nrj 3
[ 68/ 90] speed=6 SR  K100        seed 38  goal      clr  0.69  t  30.1  inf 280  N 28.8  mpc   8.2 ms  err 1.51  xte 1.46  xmax 2.76  off 0.79  nrj 1
[ 69/ 90] speed=6 SR  K100        seed 39  goal      clr  0.51  t  15.9  inf 131  N 28.2  mpc   7.4 ms  err 1.85  xte 1.89  xmax 4.58  off 0.61  nrj 3
[ 70/ 90] speed=6 SR  K100        seed 40  goal      clr  0.27  t  32.5  inf 261  N 26.7  mpc   8.2 ms  err 1.73  xte 4.65  xmax 12.46  off 0.92  nrj 1
[ 71/ 90] speed=6 SR  K100        seed 41  collision clr -0.01  t  24.9  inf 246  N 29.2  mpc   9.0 ms  err 1.55  xte 2.35  xmax 5.56  off 0.84  nrj 1
FAILINFO speed=6 SR K100 seed 41 cls collision-tracked shape cylinder dyn 0 tracked 1 infov 0 mode 2 speed 1.88 closing 0.34 static 1 prog10 13.2 layout mixed vdes 6
[ 72/ 90] speed=6 SR  K100        seed 42  goal      clr  0.26  t  22.5  inf 200  N 27.7  mpc   7.9 ms  err 1.75  xte 3.22  xmax 5.46  off 0.93  nrj 1
[ 73/ 90] speed=6 SR  K100        seed 43  goal      clr  1.43  t  17.2  inf 162  N 29.3  mpc   7.7 ms  err 2.89  xte 6.19  xmax 9.95  off 0.89  nrj 1
[ 74/ 90] speed=6 SR  K100        seed 44  goal      clr  0.50  t  30.9  inf 233  N 25.5  mpc   7.3 ms  err 2.32  xte 7.87  xmax 14.03  off 0.84  nrj 1
[ 75/ 90] speed=6 SR  K100        seed 45  goal      clr  0.34  t  30.4  inf 255  N 26.5  mpc   7.7 ms  err 1.06  xte 3.28  xmax 6.49  off 0.83  nrj 2
[ 76/ 90] speed=6 SR  K100        seed 46  goal      clr  0.72  t  25.3  inf 207  N 27.0  mpc   7.5 ms  err 2.63  xte 7.43  xmax 12.44  off 0.83  nrj 1
[ 77/ 90] speed=6 SR  K100        seed 47  goal      clr  0.49  t  42.4  inf 358  N 28.3  mpc   8.3 ms  err 1.16  xte 4.26  xmax 8.13  off 0.94  nrj 1
[ 78/ 90] speed=6 SR  K100        seed 48  goal      clr  0.50  t  15.9  inf 125  N 27.5  mpc   6.9 ms  err 0.84  xte 1.63  xmax 3.32  off 0.76  nrj 1
[ 79/ 90] speed=6 SR  K100        seed 49  goal      clr  0.02  t  49.2  inf 479  N 28.0  mpc   8.6 ms  err 1.41  xte 3.73  xmax 6.86  off 0.88  nrj 1
[ 80/ 90] speed=6 SR  K100        seed 50  goal      clr  0.67  t  18.4  inf 145  N 27.0  mpc   7.6 ms  err 1.59  xte 5.85  xmax 9.89  off 0.91  nrj 1
[ 81/ 90] speed=6 SR  K100        seed 51  goal      clr  0.39  t  49.3  inf 421  N 27.9  mpc   8.2 ms  err 2.48  xte 4.28  xmax 12.46  off 0.86  nrj 3
[ 82/ 90] speed=6 SR  K100        seed 52  goal      clr  0.49  t  34.4  inf 276  N 27.2  mpc   7.6 ms  err 1.55  xte 3.41  xmax 6.50  off 0.88  nrj 2
[ 83/ 90] speed=6 SR  K100        seed 53  goal      clr  0.58  t  37.5  inf 330  N 27.5  mpc   7.9 ms  err 1.52  xte 3.36  xmax 7.78  off 0.92  nrj 1
[ 84/ 90] speed=6 SR  K100        seed 54  collision clr -0.02  t   4.8  inf  49  N 28.7  mpc   9.1 ms  err 1.24  xte 0.42  xmax 1.20  off 0.22  nrj 1
FAILINFO speed=6 SR K100 seed 54 cls collision-tracked shape box dyn 0 tracked 1 infov 0 mode 2 speed 2.65 closing 1.79 static 0 prog10 7.7 layout mixed vdes 6
[ 85/ 90] speed=6 SR  K100        seed 55  goal      clr  0.40  t  49.3  inf 433  N 28.1  mpc   8.8 ms  err 1.78  xte 3.86  xmax 9.14  off 0.93  nrj 2
[ 86/ 90] speed=6 SR  K100        seed 56  goal      clr  0.50  t  26.1  inf 211  N 26.4  mpc   7.4 ms  err 1.44  xte 3.74  xmax 7.35  off 0.95  nrj 1
[ 87/ 90] speed=6 SR  K100        seed 57  collision clr -0.01  t  15.2  inf 133  N 27.1  mpc   8.5 ms  err 1.59  xte 0.77  xmax 1.89  off 0.66  nrj 1
FAILINFO speed=6 SR K100 seed 57 cls collision-tracked shape cylinder dyn 0 tracked 1 infov 0 mode 2 speed 2.22 closing 0.39 static 0 prog10 -0.3 layout forest vdes 6
[ 88/ 90] speed=6 SR  K100        seed 58  goal      clr  0.07  t  25.9  inf 243  N 29.4  mpc   8.5 ms  err 1.38  xte 3.97  xmax 9.93  off 0.91  nrj 2
[ 89/ 90] speed=6 SR  K100        seed 59  goal      clr  0.45  t  14.2  inf 105  N 27.1  mpc   6.6 ms  err 1.05  xte 1.43  xmax 2.88  off 0.63  nrj 2
[ 90/ 90] speed=6 SR  K100        seed 60  goal      clr  0.41  t  25.0  inf 201  N 25.2  mpc   7.0 ms  err 1.18  xte 5.67  xmax 11.82  off 0.89  nrj 1
