[  1/ 90] speed=6 SR  K0          seed 61  goal      clr  1.44  t  17.9  inf  89  N 22.8  mpc   4.1 ms  err 1.40  xte 8.83  xmax 15.79  off 0.96  nrj 1
WORLD SR seed 61 layout mixed nleg 2 dyn 0.00 nobj 35
[  2/ 90] speed=6 SR  K0          seed 62  goal      clr  2.27  t  21.2  inf  95  N 21.6  mpc   3.8 ms  err 1.43  xte 8.14  xmax 12.23  off 0.96  nrj 1
WORLD SR seed 62 layout forest nleg 1 dyn 0.00 nobj 49
[  3/ 90] speed=6 SR  K0          seed 63  goal      clr  1.74  t  28.7  inf 164  N 21.6  mpc   3.5 ms  err 1.50  xte 4.06  xmax 8.63  off 0.91  nrj 1
WORLD SR seed 63 layout corridor nleg 2 dyn 0.00 nobj 16
[  4/ 90] speed=6 SR  K0          seed 64  goal      clr  0.78  t  40.9  inf 280  N 22.1  mpc   3.9 ms  err 1.52  xte 7.34  xmax 15.44  off 0.92  nrj 1
WORLD SR seed 64 layout clusters nleg 1 dyn 0.34 nobj 32
[  5/ 90] speed=6 SR  K0          seed 65  goal      clr  1.92  t  41.4  inf 227  N 21.3  mpc   3.3 ms  err 1.79  xte 12.91  xmax 26.98  off 0.97  nrj 1
WORLD SR seed 65 layout forest nleg 3 dyn 0.33 nobj 65
[  6/ 90] speed=6 SR  K0          seed 66  goal      clr  3.61  t  26.8  inf 176  N 21.7  mpc   3.2 ms  err 2.90  xte 11.82  xmax 21.85  off 0.97  nrj 1
WORLD SR seed 66 layout corridor nleg 3 dyn 0.26 nobj 20
[  7/ 90] speed=6 SR  K0          seed 67  goal      clr  1.23  t  30.4  inf 174  N 21.8  mpc   3.7 ms  err 1.35  xte 8.88  xmax 15.57  off 0.96  nrj 1
WORLD SR seed 67 layout forest nleg 1 dyn 0.00 nobj 47
[  8/ 90] speed=6 SR  K0          seed 68  goal      clr  1.42  t  52.6  inf 321  N 22.8  mpc   4.0 ms  err 1.69  xte 11.78  xmax 26.02  off 0.98  nrj 1
WORLD SR seed 68 layout forest nleg 3 dyn 0.23 nobj 58
[  9/ 90] speed=6 SR  K0          seed 69  goal      clr  0.89  t  39.2  inf 246  N 22.9  mpc   3.6 ms  err 1.15  xte 3.94  xmax 8.92  off 0.92  nrj 1
WORLD SR seed 69 layout corridor nleg 2 dyn 0.00 nobj 17
[ 10/ 90] speed=6 SR  K0          seed 70  goal      clr  1.51  t  70.1  inf 474  N 21.9  mpc   4.0 ms  err 1.76  xte 8.48  xmax 21.28  off 0.96  nrj 1
WORLD SR seed 70 layout mixed nleg 1 dyn 0.31 nobj 54
[ 11/ 90] speed=6 SR  K0          seed 71  goal      clr  3.28  t  34.9  inf 206  N 20.5  mpc   3.2 ms  err 1.58  xte 9.80  xmax 21.63  off 0.94  nrj 1
WORLD SR seed 71 layout mixed nleg 1 dyn 0.22 nobj 40
[ 12/ 90] speed=6 SR  K0          seed 72  goal      clr  1.39  t  39.5  inf 220  N 21.9  mpc   3.7 ms  err 0.95  xte 7.20  xmax 14.12  off 0.97  nrj 1
WORLD SR seed 72 layout clusters nleg 3 dyn 0.20 nobj 24
[ 13/ 90] speed=6 SR  K0          seed 73  goal      clr  0.72  t  23.4  inf 126  N 24.3  mpc   4.2 ms  err 0.54  xte 4.33  xmax 9.07  off 0.92  nrj 1
WORLD SR seed 73 layout clusters nleg 1 dyn 0.00 nobj 21
[ 14/ 90] speed=6 SR  K0          seed 74  goal      clr  1.47  t  60.3  inf 471  N 21.7  mpc   3.7 ms  err 2.93  xte 7.87  xmax 18.82  off 0.97  nrj 1
WORLD SR seed 74 layout corridor nleg 2 dyn 0.19 nobj 17
[ 15/ 90] speed=6 SR  K0          seed 75  goal      clr  1.10  t  45.1  inf 248  N 22.2  mpc   3.8 ms  err 1.65  xte 10.62  xmax 23.60  off 0.98  nrj 1
WORLD SR seed 75 layout uniform nleg 2 dyn 0.18 nobj 34
[ 16/ 90] speed=6 SR  K0          seed 76  goal      clr  2.58  t  23.4  inf 132  N 19.3  mpc   2.8 ms  err 2.67  xte 8.94  xmax 21.31  off 0.96  nrj 1
WORLD SR seed 76 layout corridor nleg 3 dyn 0.13 nobj 16
[ 17/ 90] speed=6 SR  K0          seed 77  goal      clr  1.24  t  32.6  inf 177  N 22.1  mpc   3.8 ms  err 1.36  xte 9.64  xmax 18.46  off 0.97  nrj 1
WORLD SR seed 77 layout uniform nleg 2 dyn 0.19 nobj 31
[ 18/ 90] speed=6 SR  K0          seed 78  goal      clr  0.88  t  54.0  inf 318  N 22.9  mpc   4.1 ms  err 1.62  xte 4.35  xmax 9.36  off 0.95  nrj 1
WORLD SR seed 78 layout corridor nleg 3 dyn 0.00 nobj 16
[ 19/ 90] speed=6 SR  K0          seed 79  goal      clr  3.61  t  39.9  inf 219  N 19.4  mpc   2.8 ms  err 1.49  xte 8.68  xmax 17.11  off 0.98  nrj 1
WORLD SR seed 79 layout mixed nleg 2 dyn 0.18 nobj 39
[ 20/ 90] speed=6 SR  K0          seed 80  goal      clr  0.48  t  34.6  inf 187  N 21.2  mpc   3.5 ms  err 2.04  xte 8.42  xmax 16.55  off 0.98  nrj 1
WORLD SR seed 80 layout forest nleg 2 dyn 0.00 nobj 39
[ 21/ 90] speed=6 SR  K0          seed 81  goal      clr  1.25  t  74.8  inf 478  N 20.7  mpc   3.3 ms  err 1.46  xte 9.04  xmax 23.75  off 0.99  nrj 1
WORLD SR seed 81 layout mixed nleg 1 dyn 0.33 nobj 55
[ 22/ 90] speed=6 SR  K0          seed 82  goal      clr  1.20  t  27.4  inf 136  N 21.2  mpc   3.1 ms  err 1.28  xte 7.07  xmax 12.30  off 0.95  nrj 1
WORLD SR seed 82 layout mixed nleg 1 dyn 0.00 nobj 31
[ 23/ 90] speed=6 SR  K0          seed 83  goal      clr  0.64  t  32.1  inf 191  N 22.8  mpc   3.9 ms  err 1.67  xte 12.98  xmax 23.38  off 0.95  nrj 1
WORLD SR seed 83 layout forest nleg 2 dyn 0.26 nobj 39
[ 24/ 90] speed=6 SR  K0          seed 84  goal      clr  0.93  t  32.0  inf 168  N 21.1  mpc   3.5 ms  err 1.96  xte 4.50  xmax 12.70  off 0.82  nrj 2
WORLD SR seed 84 layout corridor nleg 1 dyn 0.00 nobj 13
[ 25/ 90] speed=6 SR  K0          seed 85  goal      clr  0.08  t  45.5  inf 306  N 23.2  mpc   4.3 ms  err 1.64  xte 6.55  xmax 17.04  off 0.98  nrj 1
WORLD SR seed 85 layout corridor nleg 2 dyn 0.28 nobj 26
[ 26/ 90] speed=6 SR  K0          seed 86  goal      clr  0.83  t  15.6  inf  78  N 22.1  mpc   3.5 ms  err 0.95  xte 6.68  xmax 13.35  off 0.89  nrj 1
WORLD SR seed 86 layout clusters nleg 2 dyn 0.00 nobj 20
[ 27/ 90] speed=6 SR  K0          seed 87  goal      clr  4.54  t  23.0  inf 109  N 19.7  mpc   3.0 ms  err 1.49  xte 11.24  xmax 22.84  off 0.96  nrj 1
WORLD SR seed 87 layout clusters nleg 2 dyn 0.12 nobj 25
[ 28/ 90] speed=6 SR  K0          seed 88  goal      clr  2.46  t  70.9  inf 359  N 18.2  mpc   2.7 ms  err 2.09  xte 7.37  xmax 19.95  off 0.98  nrj 1
WORLD SR seed 88 layout forest nleg 1 dyn 0.33 nobj 50
[ 29/ 90] speed=6 SR  K0          seed 89  goal      clr  1.69  t  24.3  inf 112  N 20.4  mpc   3.1 ms  err 1.67  xte 8.74  xmax 17.60  off 0.95  nrj 1
WORLD SR seed 89 layout clusters nleg 1 dyn 0.16 nobj 15
[ 30/ 90] speed=6 SR  K0          seed 90  goal      clr  2.70  t  22.5  inf 126  N 21.7  mpc   3.4 ms  err 1.67  xte 8.46  xmax 15.37  off 0.93  nrj 1
WORLD SR seed 90 layout uniform nleg 1 dyn 0.24 nobj 33
[ 31/ 90] speed=6 SR  K50         seed 61  goal      clr  0.09  t  53.5  inf 438  N 26.3  mpc   5.1 ms  err 1.54  xte 3.97  xmax 8.69  off 0.97  nrj 1
[ 32/ 90] speed=6 SR  K50         seed 62  goal      clr  0.81  t  21.9  inf 152  N 25.2  mpc   4.2 ms  err 1.43  xte 5.32  xmax 9.74  off 0.93  nrj 1
[ 33/ 90] speed=6 SR  K50         seed 63  goal      clr  0.79  t  46.5  inf 365  N 25.5  mpc   4.7 ms  err 1.73  xte 3.03  xmax 7.51  off 0.88  nrj 2
[ 34/ 90] speed=6 SR  K50         seed 64  goal      clr  0.77  t  22.4  inf 132  N 23.5  mpc   3.8 ms  err 2.58  xte 7.44  xmax 14.33  off 0.97  nrj 1
[ 35/ 90] speed=6 SR  K50         seed 65  goal      clr  0.40  t  46.4  inf 337  N 25.2  mpc   4.5 ms  err 1.54  xte 6.42  xmax 11.22  off 0.96  nrj 1
[ 36/ 90] speed=6 SR  K50         seed 66  goal      clr  0.96  t  32.1  inf 222  N 24.5  mpc   4.0 ms  err 3.00  xte 8.65  xmax 15.15  off 0.98  nrj 1
[ 37/ 90] speed=6 SR  K50         seed 67  goal      clr  0.38  t  38.5  inf 250  N 24.3  mpc   4.5 ms  err 1.60  xte 7.71  xmax 17.23  off 0.95  nrj 1
[ 38/ 90] speed=6 SR  K50         seed 68  collision clr -0.02  t  39.4  inf 322  N 26.6  mpc   4.8 ms  err 1.58  xte 9.22  xmax 17.05  off 0.96  nrj 1
FAILINFO speed=6 SR K50 seed 68 cls collision-tracked shape cylinder dyn 0 tracked 1 infov 0 mode 2 speed 2.30 closing -0.49 static 0 prog10 5.3 layout forest vdes 6
[ 39/ 90] speed=6 SR  K50         seed 69  goal      clr  0.40  t  74.8  inf 565  N 25.3  mpc   4.5 ms  err 1.27  xte 2.84  xmax 10.87  off 0.84  nrj 2
[ 40/ 90] speed=6 SR  K50         seed 70  goal      clr  0.70  t  21.5  inf 155  N 24.3  mpc   3.6 ms  err 1.81  xte 8.77  xmax 15.86  off 0.96  nrj 1
[ 41/ 90] speed=6 SR  K50         seed 71  goal      clr  1.26  t  18.0  inf 130  N 24.5  mpc   3.8 ms  err 3.20  xte 10.10  xmax 18.87  off 0.96  nrj 1
[ 42/ 90] speed=6 SR  K50         seed 72  goal      clr  0.96  t  26.0  inf 180  N 24.6  mpc   4.4 ms  err 1.39  xte 3.42  xmax 6.96  off 0.89  nrj 2
[ 43/ 90] speed=6 SR  K50         seed 73  goal      clr  0.63  t  15.8  inf 117  N 26.3  mpc   4.1 ms  err 0.71  xte 2.50  xmax 5.92  off 0.50  nrj 2
[ 44/ 90] speed=6 SR  K50         seed 74  goal      clr  1.23  t  26.1  inf 179  N 24.0  mpc   4.3 ms  err 2.74  xte 6.47  xmax 10.43  off 0.90  nrj 1
[ 45/ 90] speed=6 SR  K50         seed 75  collision clr -0.00  t  10.5  inf  97  N 26.7  mpc   5.6 ms  err 0.96  xte 3.47  xmax 6.48  off 0.87  nrj 1
FAILINFO speed=6 SR K50 seed 75 cls collision-tracked shape sphere dyn 0 tracked 1 infov 0 mode 2 speed 1.34 closing 0.41 static 1 prog10 11.5 layout uniform vdes 6
[ 46/ 90] speed=6 SR  K50         seed 76  goal      clr  1.01  t  32.4  inf 225  N 24.4  mpc   4.1 ms  err 2.60  xte 5.96  xmax 12.67  off 0.98  nrj 1
[ 47/ 90] speed=6 SR  K50         seed 77  goal      clr  1.55  t  19.3  inf 129  N 25.2  mpc   3.8 ms  err 1.91  xte 6.60  xmax 11.47  off 0.96  nrj 1
[ 48/ 90] speed=6 SR  K50         seed 78  goal      clr  0.49  t  25.0  inf 195  N 27.5  mpc   4.5 ms  err 0.97  xte 1.53  xmax 2.74  off 0.83  nrj 2
[ 49/ 90] speed=6 SR  K50         seed 79  goal      clr  0.92  t  31.7  inf 234  N 24.3  mpc   3.7 ms  err 1.96  xte 8.94  xmax 18.58  off 0.98  nrj 1
[ 50/ 90] speed=6 SR  K50         seed 80  goal      clr  1.37  t  15.9  inf 109  N 27.6  mpc   4.2 ms  err 2.03  xte 6.53  xmax 11.77  off 0.95  nrj 1
[ 51/ 90] speed=6 SR  K50         seed 81  goal      clr  0.17  t  53.5  inf 450  N 27.5  mpc   5.2 ms  err 1.64  xte 5.88  xmax 12.42  off 0.98  nrj 1
[ 52/ 90] speed=6 SR  K50         seed 82  goal      clr  0.63  t  41.8  inf 313  N 26.7  mpc   4.9 ms  err 1.34  xte 3.85  xmax 9.55  off 0.89  nrj 1
[ 53/ 90] speed=6 SR  K50         seed 83  goal      clr  1.25  t  34.9  inf 263  N 25.1  mpc   4.2 ms  err 2.17  xte 6.91  xmax 12.31  off 0.96  nrj 1
[ 54/ 90] speed=6 SR  K50         seed 84  goal      clr  1.04  t  23.6  inf 162  N 25.5  mpc   4.3 ms  err 1.85  xte 1.75  xmax 3.03  off 0.65  nrj 1
[ 55/ 90] speed=6 SR  K50         seed 85  goal      clr  0.74  t  41.3  inf 316  N 24.1  mpc   4.1 ms  err 2.21  xte 7.41  xmax 15.97  off 0.97  nrj 1
[ 56/ 90] speed=6 SR  K50         seed 86  goal      clr  0.74  t  19.5  inf 155  N 26.6  mpc   4.4 ms  err 1.36  xte 2.65  xmax 5.10  off 0.81  nrj 2
[ 57/ 90] speed=6 SR  K50         seed 87  goal      clr  0.58  t  26.4  inf 176  N 25.0  mpc   4.3 ms  err 1.95  xte 6.78  xmax 15.75  off 0.97  nrj 1
[ 58/ 90] speed=6 SR  K50         seed 88  goal      clr  1.46  t  20.2  inf 135  N 24.6  mpc   3.7 ms  err 2.91  xte 8.70  xmax 13.59  off 0.96  nrj 1
[ 59/ 90] speed=6 SR  K50         seed 89  goal      clr  0.91  t  21.3  inf 135  N 23.3  mpc   3.6 ms  err 2.17  xte 4.72  xmax 8.97  off 0.88  nrj 2
[ 60/ 90] speed=6 SR  K50         seed 90  goal      clr  0.92  t  24.9  inf 191  N 25.8  mpc   4.6 ms  err 1.63  xte 5.98  xmax 11.02  off 0.97  nrj 1
[ 61/ 90] speed=6 SR  K100        seed 61  goal      clr  0.58  t  23.6  inf 204  N 27.9  mpc   5.1 ms  err 1.06  xte 3.30  xmax 7.26  off 0.86  nrj 2
[ 62/ 90] speed=6 SR  K100        seed 62  goal      clr  1.08  t  19.6  inf 157  N 27.7  mpc   4.7 ms  err 1.53  xte 5.57  xmax 8.87  off 0.85  nrj 1
[ 63/ 90] speed=6 SR  K100        seed 63  goal      clr  0.83  t  22.9  inf 183  N 27.8  mpc   4.3 ms  err 1.80  xte 3.29  xmax 7.83  off 0.71  nrj 2
[ 64/ 90] speed=6 SR  K100        seed 64  goal      clr  0.68  t  16.6  inf 143  N 27.4  mpc   4.3 ms  err 1.36  xte 1.38  xmax 2.70  off 0.74  nrj 1
[ 65/ 90] speed=6 SR  K100        seed 65  collision clr -0.01  t  18.4  inf 163  N 26.3  mpc   5.2 ms  err 1.27  xte 2.98  xmax 6.41  off 0.90  nrj 1
FAILINFO speed=6 SR K100 seed 65 cls collision-untracked shape cylinder dyn 0 tracked 0 infov 0 mode 2 speed 2.15 closing 0.80 static NaN prog10 -0.6 layout forest vdes 6
[ 66/ 90] speed=6 SR  K100        seed 66  goal      clr  0.90  t  24.0  inf 211  N 28.4  mpc   5.1 ms  err 2.20  xte 4.36  xmax 9.13  off 0.93  nrj 1
[ 67/ 90] speed=6 SR  K100        seed 67  collision clr -0.02  t  10.8  inf  80  N 25.2  mpc   5.2 ms  err 1.34  xte 2.11  xmax 4.53  off 0.88  nrj 1
FAILINFO speed=6 SR K100 seed 67 cls collision-tracked shape cylinder dyn 0 tracked 1 infov 0 mode 2 speed 3.08 closing 0.33 static 1 prog10 3.9 layout forest vdes 6
[ 68/ 90] speed=6 SR  K100        seed 68  goal      clr  0.77  t  37.7  inf 325  N 28.3  mpc   5.2 ms  err 1.98  xte 5.30  xmax 10.54  off 0.94  nrj 1
[ 69/ 90] speed=6 SR  K100        seed 69  goal      clr  0.39  t  15.5  inf 119  N 28.2  mpc   4.8 ms  err 1.16  xte 1.03  xmax 2.18  off 0.63  nrj 3
[ 70/ 90] speed=6 SR  K100        seed 70  goal      clr  0.40  t  31.7  inf 261  N 25.5  mpc   4.4 ms  err 1.95  xte 5.27  xmax 11.13  off 0.98  nrj 1
[ 71/ 90] speed=6 SR  K100        seed 71  goal      clr  0.72  t  23.1  inf 215  N 28.6  mpc   4.7 ms  err 2.30  xte 7.10  xmax 14.58  off 0.96  nrj 1
[ 72/ 90] speed=6 SR  K100        seed 72  goal      clr  0.64  t  24.9  inf 197  N 26.5  mpc   4.5 ms  err 1.09  xte 3.10  xmax 7.13  off 0.83  nrj 2
[ 73/ 90] speed=6 SR  K100        seed 73  goal      clr  0.63  t  20.5  inf 151  N 26.2  mpc   4.2 ms  err 1.17  xte 2.29  xmax 5.91  off 0.53  nrj 2
[ 74/ 90] speed=6 SR  K100        seed 74  goal      clr  1.23  t  21.1  inf 184  N 27.5  mpc   4.6 ms  err 2.43  xte 4.39  xmax 8.77  off 0.87  nrj 1
[ 75/ 90] speed=6 SR  K100        seed 75  collision clr -0.01  t  26.9  inf 249  N 28.8  mpc   5.1 ms  err 1.56  xte 3.42  xmax 6.38  off 0.89  nrj 1
FAILINFO speed=6 SR K100 seed 75 cls collision-untracked shape sphere dyn 0 tracked 0 infov 0 mode 2 speed 2.05 closing 1.27 static NaN prog10 3.5 layout uniform vdes 6
[ 76/ 90] speed=6 SR  K100        seed 76  goal      clr  0.47  t  35.3  inf 324  N 28.5  mpc   5.1 ms  err 1.62  xte 1.57  xmax 3.62  off 0.68  nrj 3
[ 77/ 90] speed=6 SR  K100        seed 77  collision clr -0.01  t  18.4  inf 173  N 26.6  mpc   4.7 ms  err 1.20  xte 1.54  xmax 3.14  off 0.87  nrj 1
FAILINFO speed=6 SR K100 seed 77 cls collision-tracked shape box dyn 0 tracked 1 infov 0 mode 2 speed 1.06 closing 0.53 static 1 prog10 12.7 layout uniform vdes 6
[ 78/ 90] speed=6 SR  K100        seed 78  goal      clr  0.19  t  17.2  inf 138  N 28.0  mpc   4.2 ms  err 1.29  xte 1.42  xmax 3.42  off 0.74  nrj 3
[ 79/ 90] speed=6 SR  K100        seed 79  goal      clr  0.33  t  36.9  inf 331  N 28.1  mpc   5.0 ms  err 1.59  xte 3.53  xmax 7.47  off 0.88  nrj 2
[ 80/ 90] speed=6 SR  K100        seed 80  goal      clr  0.73  t  23.5  inf 203  N 28.1  mpc   4.9 ms  err 1.78  xte 2.77  xmax 6.24  off 0.97  nrj 1
[ 81/ 90] speed=6 SR  K100        seed 81  collision clr -0.00  t   5.8  inf  58  N 28.4  mpc   5.5 ms  err 1.95  xte 2.89  xmax 4.26  off 0.84  nrj 1
FAILINFO speed=6 SR K100 seed 81 cls collision-tracked shape box dyn 0 tracked 1 infov 0 mode 2 speed 1.83 closing 0.99 static 0 prog10 7.8 layout mixed vdes 6
[ 82/ 90] speed=6 SR  K100        seed 82  goal      clr  0.60  t  24.9  inf 221  N 27.5  mpc   4.9 ms  err 1.03  xte 2.32  xmax 4.53  off 0.94  nrj 2
[ 83/ 90] speed=6 SR  K100        seed 83  goal      clr  0.44  t  33.4  inf 301  N 28.4  mpc   5.0 ms  err 1.77  xte 2.37  xmax 5.76  off 0.84  nrj 1
[ 84/ 90] speed=6 SR  K100        seed 84  goal      clr  0.69  t  13.2  inf  80  N 26.6  mpc   3.9 ms  err 1.58  xte 0.82  xmax 2.18  off 0.30  nrj 1
[ 85/ 90] speed=6 SR  K100        seed 85  goal      clr  0.48  t  21.1  inf 190  N 28.8  mpc   4.8 ms  err 1.36  xte 1.27  xmax 2.71  off 0.72  nrj 3
[ 86/ 90] speed=6 SR  K100        seed 86  goal      clr  0.43  t  22.5  inf 160  N 25.4  mpc   4.1 ms  err 0.99  xte 2.40  xmax 5.90  off 0.71  nrj 2
[ 87/ 90] speed=6 SR  K100        seed 87  goal      clr  0.45  t  20.7  inf 172  N 26.7  mpc   4.0 ms  err 1.53  xte 5.57  xmax 9.30  off 0.94  nrj 1
[ 88/ 90] speed=6 SR  K100        seed 88  goal      clr  0.95  t  22.7  inf 185  N 27.2  mpc   4.2 ms  err 1.62  xte 7.73  xmax 13.45  off 0.93  nrj 1
[ 89/ 90] speed=6 SR  K100        seed 89  goal      clr  0.53  t  15.6  inf 122  N 26.9  mpc   4.1 ms  err 1.48  xte 1.28  xmax 2.87  off 0.57  nrj 2
[ 90/ 90] speed=6 SR  K100        seed 90  goal      clr  0.70  t  27.1  inf 214  N 26.6  mpc   4.3 ms  err 1.52  xte 4.35  xmax 9.02  off 0.97  nrj 1
