[  1/ 90] speed=8 SR  K0          seed 91  goal      clr  2.87  t  62.4  inf 425  N 21.0  mpc   4.8 ms  err 2.41  xte 6.45  xmax 18.50  off 0.97  nrj 1
WORLD SR seed 91 layout corridor nleg 1 dyn 0.23 nobj 18
[  2/ 90] speed=8 SR  K0          seed 92  goal      clr  0.82  t  32.4  inf 165  N 22.0  mpc   5.2 ms  err 1.36  xte 6.57  xmax 13.17  off 0.93  nrj 1
WORLD SR seed 92 layout uniform nleg 1 dyn 0.00 nobj 26
[  3/ 90] speed=8 SR  K0          seed 93  goal      clr  3.35  t  36.0  inf 181  N 19.5  mpc   4.1 ms  err 2.89  xte 8.33  xmax 13.60  off 0.98  nrj 1
WORLD SR seed 93 layout clusters nleg 1 dyn 0.21 nobj 25
[  4/ 90] speed=8 SR  K0          seed 94  goal      clr  0.52  t  29.8  inf 216  N 26.5  mpc   6.2 ms  err 1.45  xte 4.80  xmax 8.82  off 0.91  nrj 1
WORLD SR seed 94 layout corridor nleg 1 dyn 0.00 nobj 18
[  5/ 90] speed=8 SR  K0          seed 95  goal      clr  4.37  t  44.1  inf 294  N 20.7  mpc   4.3 ms  err 2.16  xte 9.28  xmax 21.05  off 0.97  nrj 1
WORLD SR seed 95 layout mixed nleg 1 dyn 0.20 nobj 31
[  6/ 90] speed=8 SR  K0          seed 96  goal      clr  1.59  t  27.6  inf 126  N 21.7  mpc   4.5 ms  err 1.26  xte 6.44  xmax 12.44  off 0.94  nrj 1
WORLD SR seed 96 layout corridor nleg 3 dyn 0.00 nobj 17
[  7/ 90] speed=8 SR  K0          seed 97  goal      clr  1.79  t  27.3  inf 165  N 21.2  mpc   4.7 ms  err 1.62  xte 7.63  xmax 14.30  off 0.87  nrj 1
WORLD SR seed 97 layout clusters nleg 3 dyn 0.11 nobj 30
[  8/ 90] speed=8 SR  K0          seed 98  goal      clr  1.58  t  35.4  inf 223  N 21.7  mpc   4.8 ms  err 1.88  xte 10.74  xmax 22.67  off 0.93  nrj 1
WORLD SR seed 98 layout mixed nleg 1 dyn 0.28 nobj 50
[  9/ 90] speed=8 SR  K0          seed 99  goal      clr  2.63  t  21.1  inf 122  N 21.5  mpc   4.0 ms  err 1.74  xte 11.93  xmax 21.74  off 0.95  nrj 1
WORLD SR seed 99 layout uniform nleg 1 dyn 0.18 nobj 26
[ 10/ 90] speed=8 SR  K0          seed 100  goal      clr  3.62  t  38.2  inf 208  N 20.2  mpc   4.0 ms  err 2.37  xte 9.78  xmax 20.94  off 0.94  nrj 2
WORLD SR seed 100 layout clusters nleg 3 dyn 0.24 nobj 12
[ 11/ 90] speed=8 SR  K0          seed 101  goal      clr  0.64  t  41.5  inf 212  N 19.7  mpc   4.0 ms  err 2.01  xte 7.25  xmax 16.30  off 0.97  nrj 1
WORLD SR seed 101 layout clusters nleg 3 dyn 0.19 nobj 26
[ 12/ 90] speed=8 SR  K0          seed 102  goal      clr  1.56  t  17.1  inf  81  N 22.5  mpc   4.4 ms  err 1.30  xte 6.18  xmax 10.84  off 0.96  nrj 1
WORLD SR seed 102 layout clusters nleg 2 dyn 0.00 nobj 21
[ 13/ 90] speed=8 SR  K0          seed 103  goal      clr  1.52  t  23.4  inf 112  N 23.0  mpc   5.1 ms  err 1.37  xte 5.97  xmax 11.90  off 0.92  nrj 1
WORLD SR seed 103 layout corridor nleg 3 dyn 0.00 nobj 16
[ 14/ 90] speed=8 SR  K0          seed 104  goal      clr  3.23  t  67.8  inf 374  N 18.1  mpc   3.5 ms  err 1.83  xte 6.55  xmax 17.86  off 0.99  nrj 1
WORLD SR seed 104 layout mixed nleg 1 dyn 0.29 nobj 40
[ 15/ 90] speed=8 SR  K0          seed 105  goal      clr  0.96  t  25.3  inf 169  N 22.7  mpc   5.0 ms  err 2.00  xte 8.93  xmax 16.51  off 0.97  nrj 1
WORLD SR seed 105 layout uniform nleg 3 dyn 0.28 nobj 40
[ 16/ 90] speed=8 SR  K0          seed 106  goal      clr  3.41  t  25.6  inf 142  N 20.9  mpc   4.0 ms  err 1.76  xte 9.92  xmax 16.78  off 0.97  nrj 1
WORLD SR seed 106 layout mixed nleg 3 dyn 0.28 nobj 33
[ 17/ 90] speed=8 SR  K0          seed 107  goal      clr  0.57  t  50.9  inf 351  N 24.1  mpc   6.4 ms  err 1.61  xte 7.23  xmax 14.99  off 0.96  nrj 1
WORLD SR seed 107 layout mixed nleg 3 dyn 0.18 nobj 42
[ 18/ 90] speed=8 SR  K0          seed 108  stuck     clr  0.32  t  81.1  inf 507  N 20.8  mpc   4.9 ms  err 0.81  xte 5.97  xmax 10.08  off 0.98  nrj 1
WORLD SR seed 108 layout uniform nleg 1 dyn 0.00 nobj 23
FAILINFO speed=8 SR K0 seed 108 cls stuck shape sphere dyn 0 tracked 1 infov 0 mode 2 speed 0.47 closing -0.08 static 0 prog10 0.9 layout uniform vdes 8
[ 19/ 90] speed=8 SR  K0          seed 109  goal      clr  1.23  t  23.1  inf 126  N 22.4  mpc   4.6 ms  err 0.81  xte 4.29  xmax 9.21  off 0.96  nrj 1
WORLD SR seed 109 layout clusters nleg 1 dyn 0.00 nobj 20
[ 20/ 90] speed=8 SR  K0          seed 110  goal      clr  1.18  t  40.4  inf 259  N 22.9  mpc   5.1 ms  err 2.64  xte 13.88  xmax 27.24  off 0.98  nrj 1
WORLD SR seed 110 layout forest nleg 3 dyn 0.18 nobj 58
[ 21/ 90] speed=8 SR  K0          seed 111  goal      clr  1.55  t  41.4  inf 278  N 24.5  mpc   5.7 ms  err 1.34  xte 9.34  xmax 21.74  off 0.98  nrj 1
WORLD SR seed 111 layout forest nleg 2 dyn 0.28 nobj 54
[ 22/ 90] speed=8 SR  K0          seed 112  goal      clr  3.91  t  17.1  inf 102  N 21.5  mpc   3.6 ms  err 1.32  xte 13.26  xmax 21.56  off 0.96  nrj 1
WORLD SR seed 112 layout clusters nleg 3 dyn 0.30 nobj 27
[ 23/ 90] speed=8 SR  K0          seed 113  goal      clr  1.85  t  22.8  inf 131  N 22.4  mpc   4.5 ms  err 2.34  xte 10.52  xmax 17.16  off 0.96  nrj 1
WORLD SR seed 113 layout clusters nleg 1 dyn 0.19 nobj 27
[ 24/ 90] speed=8 SR  K0          seed 114  stuck     clr  0.61  t  82.0  inf 630  N 23.2  mpc   5.7 ms  err 2.51  xte 8.29  xmax 20.55  off 0.98  nrj 1
WORLD SR seed 114 layout corridor nleg 1 dyn 0.30 nobj 27
FAILINFO speed=8 SR K0 seed 114 cls stuck shape box dyn 0 tracked 1 infov 1 mode 2 speed 3.30 closing 2.00 static 0 prog10 0.0 layout corridor vdes 8
[ 25/ 90] speed=8 SR  K0          seed 115  goal      clr  4.08  t  16.1  inf 115  N 23.9  mpc   4.7 ms  err 1.42  xte 11.54  xmax 17.50  off 0.95  nrj 1
WORLD SR seed 115 layout uniform nleg 1 dyn 0.12 nobj 31
[ 26/ 90] speed=8 SR  K0          seed 116  goal      clr  0.08  t  76.1  inf 536  N 25.2  mpc   6.7 ms  err 1.41  xte 4.10  xmax 11.60  off 0.96  nrj 1
WORLD SR seed 116 layout corridor nleg 2 dyn 0.00 nobj 20
[ 27/ 90] speed=8 SR  K0          seed 117  goal      clr  2.20  t  27.1  inf 165  N 21.0  mpc   4.5 ms  err 1.67  xte 8.27  xmax 15.82  off 0.97  nrj 1
WORLD SR seed 117 layout clusters nleg 3 dyn 0.17 nobj 21
[ 28/ 90] speed=8 SR  K0          seed 118  goal      clr  1.29  t  29.5  inf 133  N 19.3  mpc   3.8 ms  err 1.67  xte 10.24  xmax 18.92  off 0.97  nrj 1
WORLD SR seed 118 layout clusters nleg 1 dyn 0.33 nobj 19
[ 29/ 90] speed=8 SR  K0          seed 119  goal      clr  1.14  t  24.2  inf 159  N 21.6  mpc   4.6 ms  err 2.16  xte 11.19  xmax 22.92  off 0.95  nrj 1
WORLD SR seed 119 layout forest nleg 2 dyn 0.16 nobj 38
[ 30/ 90] speed=8 SR  K0          seed 120  goal      clr  2.50  t  37.4  inf 241  N 21.4  mpc   4.4 ms  err 1.75  xte 10.07  xmax 17.74  off 0.97  nrj 1
WORLD SR seed 120 layout corridor nleg 3 dyn 0.21 nobj 19
[ 31/ 90] speed=8 SR  K50         seed 91  goal      clr  1.01  t  41.7  inf 370  N 26.8  mpc   6.3 ms  err 2.41  xte 4.67  xmax 11.12  off 0.95  nrj 1
[ 32/ 90] speed=8 SR  K50         seed 92  goal      clr  0.15  t  26.1  inf 201  N 26.4  mpc   6.3 ms  err 1.27  xte 5.22  xmax 11.78  off 0.92  nrj 2
[ 33/ 90] speed=8 SR  K50         seed 93  goal      clr  0.56  t  22.8  inf 168  N 25.8  mpc   6.1 ms  err 1.99  xte 5.98  xmax 12.92  off 0.91  nrj 1
[ 34/ 90] speed=8 SR  K50         seed 94  collision clr -0.01  t  24.5  inf 201  N 26.9  mpc   6.5 ms  err 1.12  xte 2.37  xmax 4.80  off 0.93  nrj 1
FAILINFO speed=8 SR K50 seed 94 cls collision-untracked shape sphere dyn 0 tracked 0 infov 0 mode 2 speed 1.91 closing 1.75 static NaN prog10 -0.5 layout corridor vdes 8
[ 35/ 90] speed=8 SR  K50         seed 95  goal      clr  0.70  t  35.5  inf 287  N 25.7  mpc   6.0 ms  err 2.41  xte 5.95  xmax 12.58  off 0.97  nrj 1
[ 36/ 90] speed=8 SR  K50         seed 96  goal      clr  0.22  t  44.2  inf 296  N 25.3  mpc   6.1 ms  err 1.18  xte 3.45  xmax 8.06  off 0.88  nrj 3
[ 37/ 90] speed=8 SR  K50         seed 97  goal      clr  1.22  t  26.2  inf 173  N 24.5  mpc   5.6 ms  err 2.15  xte 4.49  xmax 10.40  off 0.96  nrj 1
[ 38/ 90] speed=8 SR  K50         seed 98  goal      clr  0.75  t  28.8  inf 208  N 24.6  mpc   5.4 ms  err 1.93  xte 8.41  xmax 14.13  off 0.96  nrj 1
[ 39/ 90] speed=8 SR  K50         seed 99  goal      clr  1.04  t  19.4  inf 132  N 25.3  mpc   5.5 ms  err 2.01  xte 7.71  xmax 12.29  off 0.94  nrj 1
[ 40/ 90] speed=8 SR  K50         seed 100  goal      clr  1.26  t  18.8  inf 140  N 25.5  mpc   5.4 ms  err 3.17  xte 5.46  xmax 10.33  off 0.91  nrj 3
[ 41/ 90] speed=8 SR  K50         seed 101  goal      clr  0.72  t  20.6  inf 141  N 25.5  mpc   5.6 ms  err 1.36  xte 4.92  xmax 11.49  off 0.96  nrj 1
[ 42/ 90] speed=8 SR  K50         seed 102  goal      clr  0.25  t  25.5  inf 206  N 26.5  mpc   6.5 ms  err 1.51  xte 2.89  xmax 6.52  off 0.91  nrj 2
[ 43/ 90] speed=8 SR  K50         seed 103  collision clr -0.02  t  25.5  inf 196  N 23.5  mpc   6.1 ms  err 1.33  xte 2.03  xmax 4.39  off 0.81  nrj 1
FAILINFO speed=8 SR K50 seed 103 cls collision-tracked shape box dyn 0 tracked 1 infov 0 mode 2 speed 3.05 closing 2.55 static 0 prog10 -3.2 layout corridor vdes 8
[ 44/ 90] speed=8 SR  K50         seed 104  goal      clr  0.51  t  63.0  inf 527  N 27.1  mpc   7.1 ms  err 1.64  xte 4.16  xmax 10.27  off 0.93  nrj 1
[ 45/ 90] speed=8 SR  K50         seed 105  goal      clr  1.14  t  26.3  inf 210  N 27.0  mpc   6.4 ms  err 2.36  xte 5.37  xmax 10.39  off 0.97  nrj 1
[ 46/ 90] speed=8 SR  K50         seed 106  goal      clr  1.02  t  27.7  inf 214  N 26.4  mpc   5.9 ms  err 1.01  xte 5.53  xmax 9.32  off 0.96  nrj 1
[ 47/ 90] speed=8 SR  K50         seed 107  goal      clr  0.03  t  33.4  inf 250  N 24.6  mpc   5.7 ms  err 1.60  xte 6.80  xmax 13.29  off 0.92  nrj 1
[ 48/ 90] speed=8 SR  K50         seed 108  goal      clr  0.77  t  13.8  inf  82  N 27.2  mpc   5.5 ms  err 0.86  xte 0.78  xmax 1.72  off 0.42  nrj 2
[ 49/ 90] speed=8 SR  K50         seed 109  goal      clr  0.67  t  15.5  inf 100  N 24.8  mpc   5.1 ms  err 0.71  xte 3.51  xmax 7.96  off 0.89  nrj 1
[ 50/ 90] speed=8 SR  K50         seed 110  goal      clr  0.50  t  31.3  inf 256  N 25.8  mpc   5.9 ms  err 1.86  xte 9.27  xmax 15.36  off 0.97  nrj 1
[ 51/ 90] speed=8 SR  K50         seed 111  collision clr -0.02  t  11.8  inf 105  N 27.2  mpc   7.1 ms  err 1.07  xte 2.52  xmax 4.62  off 0.87  nrj 1
FAILINFO speed=8 SR K50 seed 111 cls collision-untracked shape cylinder dyn 0 tracked 0 infov 0 mode 2 speed 4.80 closing 1.03 static NaN prog10 9.2 layout forest vdes 8
[ 52/ 90] speed=8 SR  K50         seed 112  goal      clr  0.75  t  31.5  inf 217  N 26.1  mpc   5.9 ms  err 1.76  xte 4.94  xmax 8.73  off 0.97  nrj 1
[ 53/ 90] speed=8 SR  K50         seed 113  goal      clr  0.77  t  26.0  inf 196  N 26.5  mpc   6.3 ms  err 1.41  xte 6.00  xmax 12.66  off 0.95  nrj 1
[ 54/ 90] speed=8 SR  K50         seed 114  goal      clr  0.34  t  55.3  inf 519  N 26.7  mpc   6.9 ms  err 1.88  xte 5.66  xmax 12.76  off 0.98  nrj 1
[ 55/ 90] speed=8 SR  K50         seed 115  goal      clr  1.59  t  19.2  inf 129  N 24.6  mpc   5.1 ms  err 1.38  xte 8.24  xmax 13.98  off 0.95  nrj 1
[ 56/ 90] speed=8 SR  K50         seed 116  goal      clr  0.52  t  22.8  inf 198  N 28.6  mpc   6.9 ms  err 1.19  xte 1.79  xmax 2.74  off 0.89  nrj 2
[ 57/ 90] speed=8 SR  K50         seed 117  goal      clr  0.80  t  23.4  inf 157  N 23.2  mpc   5.0 ms  err 2.37  xte 9.13  xmax 18.25  off 0.96  nrj 2
[ 58/ 90] speed=8 SR  K50         seed 118  goal      clr  0.74  t  19.1  inf 131  N 24.5  mpc   5.4 ms  err 2.40  xte 5.34  xmax 8.56  off 0.96  nrj 1
[ 59/ 90] speed=8 SR  K50         seed 119  goal      clr  0.40  t  46.2  inf 402  N 27.0  mpc   6.9 ms  err 1.72  xte 4.22  xmax 9.52  off 0.95  nrj 1
[ 60/ 90] speed=8 SR  K50         seed 120  goal      clr  1.23  t  33.2  inf 252  N 26.0  mpc   6.1 ms  err 2.08  xte 6.64  xmax 9.75  off 0.97  nrj 1
[ 61/ 90] speed=8 SR  K100        seed 91  goal      clr  0.72  t  29.1  inf 274  N 28.6  mpc   6.4 ms  err 2.39  xte 2.64  xmax 6.63  off 0.79  nrj 2
[ 62/ 90] speed=8 SR  K100        seed 92  goal      clr  0.48  t  27.4  inf 227  N 28.0  mpc   6.6 ms  err 1.90  xte 2.50  xmax 4.46  off 0.88  nrj 2
[ 63/ 90] speed=8 SR  K100        seed 93  goal      clr  0.86  t  27.7  inf 233  N 27.2  mpc   6.2 ms  err 1.69  xte 2.73  xmax 6.75  off 0.80  nrj 2
[ 64/ 90] speed=8 SR  K100        seed 94  goal      clr  0.56  t  19.8  inf 167  N 28.1  mpc   5.8 ms  err 1.29  xte 1.25  xmax 2.66  off 0.49  nrj 3
[ 65/ 90] speed=8 SR  K100        seed 95  goal      clr  0.44  t  20.4  inf 188  N 28.1  mpc   6.5 ms  err 1.60  xte 4.77  xmax 9.74  off 0.93  nrj 1
[ 66/ 90] speed=8 SR  K100        seed 96  goal      clr  0.28  t  21.4  inf 177  N 28.1  mpc   5.7 ms  err 1.56  xte 1.16  xmax 3.12  off 0.54  nrj 3
[ 67/ 90] speed=8 SR  K100        seed 97  goal      clr  0.54  t  46.7  inf 421  N 27.9  mpc   6.6 ms  err 1.60  xte 4.43  xmax 10.44  off 0.94  nrj 1
[ 68/ 90] speed=8 SR  K100        seed 98  goal      clr  0.06  t  30.5  inf 249  N 27.0  mpc   6.0 ms  err 1.60  xte 5.15  xmax 11.42  off 0.96  nrj 1
[ 69/ 90] speed=8 SR  K100        seed 99  goal      clr  0.46  t  30.2  inf 265  N 27.5  mpc   6.3 ms  err 2.31  xte 6.94  xmax 12.29  off 0.97  nrj 1
[ 70/ 90] speed=8 SR  K100        seed 100  goal      clr  1.17  t  16.9  inf 112  N 26.8  mpc   5.5 ms  err 2.09  xte 6.83  xmax 13.34  off 0.89  nrj 2
[ 71/ 90] speed=8 SR  K100        seed 101  goal      clr  0.45  t  26.7  inf 230  N 27.7  mpc   6.1 ms  err 1.54  xte 3.09  xmax 6.53  off 0.81  nrj 2
[ 72/ 90] speed=8 SR  K100        seed 102  goal      clr  0.83  t  23.5  inf 201  N 27.3  mpc   5.9 ms  err 1.13  xte 3.02  xmax 6.68  off 0.82  nrj 2
[ 73/ 90] speed=8 SR  K100        seed 103  goal      clr  0.56  t  20.2  inf 155  N 27.2  mpc   6.0 ms  err 1.80  xte 3.25  xmax 6.45  off 0.75  nrj 2
[ 74/ 90] speed=8 SR  K100        seed 104  goal      clr  0.32  t  39.5  inf 347  N 27.2  mpc   6.2 ms  err 1.84  xte 4.66  xmax 11.66  off 0.88  nrj 1
[ 75/ 90] speed=8 SR  K100        seed 105  goal      clr  0.37  t  32.2  inf 285  N 28.2  mpc   6.3 ms  err 1.87  xte 3.35  xmax 9.58  off 0.91  nrj 1
[ 76/ 90] speed=8 SR  K100        seed 106  goal      clr  0.66  t  23.9  inf 203  N 27.7  mpc   6.0 ms  err 1.64  xte 4.44  xmax 8.82  off 0.95  nrj 1
[ 77/ 90] speed=8 SR  K100        seed 107  goal      clr  0.37  t  31.5  inf 271  N 26.1  mpc   5.9 ms  err 1.40  xte 1.86  xmax 5.08  off 0.87  nrj 2
[ 78/ 90] speed=8 SR  K100        seed 108  goal      clr  0.63  t  14.5  inf  98  N 26.9  mpc   5.3 ms  err 0.72  xte 0.67  xmax 1.88  off 0.35  nrj 2
[ 79/ 90] speed=8 SR  K100        seed 109  goal      clr  0.27  t  23.2  inf 191  N 27.2  mpc   5.7 ms  err 0.60  xte 2.41  xmax 5.21  off 0.81  nrj 2
[ 80/ 90] speed=8 SR  K100        seed 110  collision clr -0.01  t  41.2  inf 380  N 27.1  mpc   6.6 ms  err 1.70  xte 2.85  xmax 6.58  off 0.95  nrj 1
FAILINFO speed=8 SR K100 seed 110 cls collision-tracked shape cylinder dyn 0 tracked 1 infov 0 mode 2 speed 3.16 closing 1.11 static 0 prog10 0.2 layout forest vdes 8
[ 81/ 90] speed=8 SR  K100        seed 111  goal      clr  0.43  t  44.6  inf 405  N 28.7  mpc   7.2 ms  err 1.70  xte 1.73  xmax 3.62  off 0.83  nrj 1
[ 82/ 90] speed=8 SR  K100        seed 112  goal      clr  0.88  t  26.7  inf 191  N 26.0  mpc   5.6 ms  err 2.13  xte 5.76  xmax 10.18  off 0.97  nrj 1
[ 83/ 90] speed=8 SR  K100        seed 113  goal      clr  0.48  t  57.4  inf 534  N 28.3  mpc   7.2 ms  err 1.70  xte 2.67  xmax 6.97  off 0.89  nrj 1
[ 84/ 90] speed=8 SR  K100        seed 114  goal      clr  0.30  t  31.9  inf 305  N 29.0  mpc   6.7 ms  err 1.97  xte 2.22  xmax 5.72  off 0.84  nrj 1
[ 85/ 90] speed=8 SR  K100        seed 115  goal      clr  0.42  t  27.7  inf 226  N 26.6  mpc   6.2 ms  err 2.40  xte 6.62  xmax 13.29  off 0.97  nrj 1
[ 86/ 90] speed=8 SR  K100        seed 116  goal      clr  0.65  t  15.8  inf 132  N 28.9  mpc   6.2 ms  err 1.08  xte 1.31  xmax 2.60  off 0.71  nrj 2
[ 87/ 90] speed=8 SR  K100        seed 117  goal      clr  0.74  t  18.8  inf 159  N 28.9  mpc   6.9 ms  err 1.65  xte 2.70  xmax 6.13  off 0.86  nrj 2
[ 88/ 90] speed=8 SR  K100        seed 118  collision clr -0.00  t   7.6  inf  72  N 27.8  mpc   7.4 ms  err 1.44  xte 3.48  xmax 6.58  off 0.89  nrj 1
FAILINFO speed=8 SR K100 seed 118 cls collision-untracked shape box dyn 0 tracked 0 infov 0 mode 2 speed 2.17 closing 1.92 static NaN prog10 8.3 layout clusters vdes 8
[ 89/ 90] speed=8 SR  K100        seed 119  goal      clr  0.88  t  27.9  inf 248  N 28.4  mpc   6.6 ms  err 1.59  xte 5.02  xmax 11.86  off 0.95  nrj 1
[ 90/ 90] speed=8 SR  K100        seed 120  goal      clr  1.03  t  18.2  inf 170  N 29.5  mpc   7.1 ms  err 1.68  xte 1.81  xmax 4.25  off 0.74  nrj 3
