[  1/150] speed=2 SR  MEM10       seed  1  collision clr -0.01  t  10.1  inf  53  N 24.4  mpc   6.2 ms  err 1.01  xte 1.39  xmax 3.24  off 0.66  nrj 1
WORLD SR seed 1 layout corridor nleg 1 dyn 0.28 nobj 26
FAILINFO speed=2 SR MEM10 seed 1 cls collision-tracked shape cylinder dyn 1 tracked 1 infov 0 mode 2 speed 1.91 closing 1.08 nupd 2 seen 0.08 prog10 16.2 layout corridor vdes 2
[  2/150] speed=2 SR  MEM10       seed  2  goal      clr  0.03  t  32.6  inf  96  N 21.9  mpc   4.6 ms  err 0.92  xte 2.98  xmax 5.78  off 0.80  nrj 2
WORLD SR seed 2 layout uniform nleg 2 dyn 0.20 nobj 25
[  3/150] speed=2 SR  MEM10       seed  3  goal      clr  0.34  t  40.3  inf 130  N 23.7  mpc   4.8 ms  err 1.15  xte 3.15  xmax 7.60  off 0.70  nrj 2
WORLD SR seed 3 layout corridor nleg 3 dyn 0.21 nobj 22
[  4/150] speed=2 SR  MEM10       seed  4  collision clr -0.00  t  13.9  inf  31  N 18.8  mpc   3.7 ms  err 1.10  xte 1.26  xmax 3.68  off 0.70  nrj 1
WORLD SR seed 4 layout forest nleg 3 dyn 0.20 nobj 41
FAILINFO speed=2 SR MEM10 seed 4 cls collision-tracked shape sphere dyn 1 tracked 1 infov 0 mode 2 speed 2.00 closing 1.09 nupd 2 seen 0.82 prog10 8.1 layout forest vdes 2
[  5/150] speed=2 SR  MEM10       seed  5  goal      clr  0.66  t  50.0  inf 227  N 24.7  mpc   5.2 ms  err 0.93  xte 2.42  xmax 6.42  off 0.84  nrj 1
WORLD SR seed 5 layout mixed nleg 2 dyn 0.00 nobj 34
[  6/150] speed=2 SR  MEM10       seed  6  goal      clr  0.23  t  38.3  inf  87  N 21.7  mpc   4.0 ms  err 1.47  xte 4.07  xmax 11.07  off 0.75  nrj 2
WORLD SR seed 6 layout clusters nleg 1 dyn 0.33 nobj 18
[  7/150] speed=2 SR  MEM10       seed  7  goal      clr  0.71  t  35.7  inf 121  N 25.4  mpc   4.9 ms  err 1.08  xte 2.82  xmax 5.05  off 0.85  nrj 1
WORLD SR seed 7 layout mixed nleg 1 dyn 0.00 nobj 30
[  8/150] speed=2 SR  MEM10       seed  8  goal      clr  0.77  t  31.6  inf  78  N 19.8  mpc   3.7 ms  err 0.81  xte 1.22  xmax 4.09  off 0.31  nrj 2
WORLD SR seed 8 layout clusters nleg 1 dyn 0.00 nobj 11
[  9/150] speed=2 SR  MEM10       seed  9  goal      clr  0.59  t  48.9  inf 180  N 24.3  mpc   4.9 ms  err 1.49  xte 4.45  xmax 9.35  off 0.90  nrj 1
WORLD SR seed 9 layout forest nleg 3 dyn 0.15 nobj 44
[ 10/150] speed=2 SR  MEM10       seed 10  goal      clr  0.64  t  36.9  inf 117  N 26.4  mpc   5.1 ms  err 1.14  xte 1.59  xmax 2.79  off 0.81  nrj 1
WORLD SR seed 10 layout mixed nleg 1 dyn 0.00 nobj 30
[ 11/150] speed=2 SR  MEM10       seed 11  goal      clr  0.23  t  57.6  inf 209  N 24.6  mpc   4.7 ms  err 0.91  xte 2.69  xmax 7.21  off 0.86  nrj 1
WORLD SR seed 11 layout mixed nleg 2 dyn 0.27 nobj 52
[ 12/150] speed=2 SR  MEM10       seed 12  collision clr -0.01  t   4.8  inf  23  N 20.1  mpc   3.6 ms  err 0.22  xte 0.35  xmax 0.94  off 0.19  nrj 1
WORLD SR seed 12 layout uniform nleg 2 dyn 0.34 nobj 38
FAILINFO speed=2 SR MEM10 seed 12 cls collision-tracked shape sphere dyn 1 tracked 1 infov 0 mode 2 speed 1.85 closing 1.80 nupd 2 seen 0.01 prog10 8.8 layout uniform vdes 2
[ 13/150] speed=2 SR  MEM10       seed 13  goal      clr  0.05  t  34.3  inf 109  N 22.1  mpc   4.1 ms  err 1.12  xte 3.53  xmax 6.72  off 0.74  nrj 1
WORLD SR seed 13 layout corridor nleg 2 dyn 0.28 nobj 28
[ 14/150] speed=2 SR  MEM10       seed 14  goal      clr  0.10  t  52.5  inf 179  N 24.2  mpc   4.7 ms  err 1.42  xte 6.23  xmax 10.91  off 0.95  nrj 1
WORLD SR seed 14 layout forest nleg 1 dyn 0.20 nobj 62
[ 15/150] speed=2 SR  MEM10       seed 15  goal      clr  0.56  t  31.5  inf  85  N 21.8  mpc   3.9 ms  err 0.75  xte 3.63  xmax 8.13  off 0.68  nrj 2
WORLD SR seed 15 layout clusters nleg 1 dyn 0.00 nobj 19
[ 16/150] speed=2 SR  MEM10       seed 16  goal      clr  0.55  t  35.3  inf 126  N 25.9  mpc   4.8 ms  err 1.57  xte 2.54  xmax 5.07  off 0.65  nrj 1
WORLD SR seed 16 layout corridor nleg 3 dyn 0.31 nobj 26
[ 17/150] speed=2 SR  MEM10       seed 17  goal      clr  0.71  t  39.7  inf 133  N 24.8  mpc   4.8 ms  err 0.99  xte 4.00  xmax 6.50  off 0.88  nrj 1
WORLD SR seed 17 layout forest nleg 3 dyn 0.10 nobj 54
[ 18/150] speed=2 SR  MEM10       seed 18  collision clr -0.01  t  17.3  inf  37  N 20.9  mpc   4.2 ms  err 1.33  xte 3.45  xmax 6.55  off 0.81  nrj 1
WORLD SR seed 18 layout corridor nleg 1 dyn 0.23 nobj 22
FAILINFO speed=2 SR MEM10 seed 18 cls collision-tracked shape cylinder dyn 1 tracked 1 infov 0 mode 2 speed 1.46 closing 0.97 nupd 12 seen 0.09 prog10 5.6 layout corridor vdes 2
[ 19/150] speed=2 SR  MEM10       seed 19  collision clr -0.00  t   6.5  inf  17  N 19.4  mpc   3.9 ms  err 0.07  xte 0.90  xmax 1.92  off 0.56  nrj 1
WORLD SR seed 19 layout uniform nleg 2 dyn 0.28 nobj 26
FAILINFO speed=2 SR MEM10 seed 19 cls collision-tracked shape box dyn 1 tracked 1 infov 0 mode 2 speed 1.91 closing 1.20 nupd 13 seen 0.06 prog10 7.7 layout uniform vdes 2
[ 20/150] speed=2 SR  MEM10       seed 20  goal      clr  0.57  t  43.6  inf 166  N 24.2  mpc   4.7 ms  err 0.67  xte 4.37  xmax 10.37  off 0.91  nrj 1
WORLD SR seed 20 layout mixed nleg 2 dyn 0.18 nobj 38
[ 21/150] speed=2 SR  MEM10       seed 21  collision clr -0.01  t  10.1  inf  38  N 25.0  mpc   4.7 ms  err 0.87  xte 2.28  xmax 3.85  off 0.81  nrj 1
WORLD SR seed 21 layout clusters nleg 3 dyn 0.12 nobj 15
FAILINFO speed=2 SR MEM10 seed 21 cls collision-tracked shape box dyn 1 tracked 1 infov 0 mode 2 speed 1.64 closing 1.46 nupd 5 seen 0.85 prog10 15.4 layout clusters vdes 2
[ 22/150] speed=2 SR  MEM10       seed 22  collision clr -0.01  t  11.7  inf  56  N 25.7  mpc   5.1 ms  err 1.08  xte 3.40  xmax 5.63  off 0.70  nrj 1
WORLD SR seed 22 layout uniform nleg 2 dyn 0.32 nobj 24
FAILINFO speed=2 SR MEM10 seed 22 cls collision-tracked shape cylinder dyn 1 tracked 1 infov 0 mode 2 speed 2.01 closing 0.60 nupd 6 seen 0.02 prog10 16.1 layout uniform vdes 2
[ 23/150] speed=2 SR  MEM10       seed 23  goal      clr  0.59  t  64.9  inf 192  N 23.7  mpc   4.5 ms  err 1.02  xte 5.05  xmax 10.71  off 0.87  nrj 1
WORLD SR seed 23 layout mixed nleg 1 dyn 0.28 nobj 45
[ 24/150] speed=2 SR  MEM10       seed 24  goal      clr  0.69  t  39.1  inf 140  N 24.8  mpc   4.7 ms  err 0.95  xte 3.31  xmax 6.78  off 0.81  nrj 1
WORLD SR seed 24 layout mixed nleg 1 dyn 0.19 nobj 42
[ 25/150] speed=2 SR  MEM10       seed 25  goal      clr  0.57  t  35.5  inf  67  N 20.5  mpc   3.7 ms  err 0.72  xte 2.61  xmax 5.66  off 0.65  nrj 3
WORLD SR seed 25 layout uniform nleg 2 dyn 0.00 nobj 18
[ 26/150] speed=2 SR  MEM10       seed 26  collision clr -0.01  t  12.9  inf  67  N 23.7  mpc   4.5 ms  err 1.33  xte 2.81  xmax 5.18  off 0.72  nrj 1
WORLD SR seed 26 layout forest nleg 1 dyn 0.12 nobj 38
FAILINFO speed=2 SR MEM10 seed 26 cls collision-tracked shape sphere dyn 1 tracked 1 infov 0 mode 2 speed 1.39 closing 1.31 nupd 2 seen 0.00 prog10 14.3 layout forest vdes 2
[ 27/150] speed=2 SR  MEM10       seed 27  goal      clr  0.48  t  33.6  inf  98  N 23.7  mpc   4.5 ms  err 1.24  xte 3.57  xmax 8.04  off 0.85  nrj 1
WORLD SR seed 27 layout mixed nleg 2 dyn 0.29 nobj 34
[ 28/150] speed=2 SR  MEM10       seed 28  goal      clr  0.52  t  31.4  inf 109  N 23.7  mpc   4.4 ms  err 0.73  xte 2.45  xmax 5.77  off 0.75  nrj 2
WORLD SR seed 28 layout clusters nleg 3 dyn 0.00 nobj 27
[ 29/150] speed=2 SR  MEM10       seed 29  goal      clr  0.05  t  45.7  inf 150  N 20.8  mpc   4.1 ms  err 1.43  xte 7.06  xmax 10.46  off 0.90  nrj 1
WORLD SR seed 29 layout forest nleg 3 dyn 0.16 nobj 55
[ 30/150] speed=2 SR  MEM10       seed 30  collision clr -0.01  t   9.9  inf  48  N 25.5  mpc   4.8 ms  err 0.84  xte 1.00  xmax 2.15  off 0.54  nrj 1
WORLD SR seed 30 layout clusters nleg 1 dyn 0.35 nobj 31
FAILINFO speed=2 SR MEM10 seed 30 cls collision-tracked shape cylinder dyn 1 tracked 1 infov 1 mode 2 speed 2.03 closing 2.76 nupd 11 seen 0.37 prog10 14.4 layout clusters vdes 2
[ 31/150] speed=2 SR  MEM3        seed  1  goal      clr  0.46  t  43.8  inf 162  N 23.4  mpc   4.4 ms  err 1.40  xte 3.00  xmax 7.27  off 0.88  nrj 1
[ 32/150] speed=2 SR  MEM3        seed  2  collision clr -0.01  t   8.8  inf  36  N 24.6  mpc   4.8 ms  err 0.87  xte 1.24  xmax 3.51  off 0.33  nrj 2
FAILINFO speed=2 SR MEM3 seed 2 cls collision-tracked shape sphere dyn 1 tracked 1 infov 1 mode 2 speed 1.86 closing 1.85 nupd 1 seen 1.50 prog10 12.8 layout uniform vdes 2
[ 33/150] speed=2 SR  MEM3        seed  3  goal      clr  0.36  t  38.0  inf 147  N 22.4  mpc   4.4 ms  err 1.20  xte 1.44  xmax 3.15  off 0.74  nrj 1
[ 34/150] speed=2 SR  MEM3        seed  4  collision clr -0.02  t   9.7  inf  34  N 23.7  mpc   4.7 ms  err 1.09  xte 2.91  xmax 5.52  off 0.73  nrj 1
FAILINFO speed=2 SR MEM3 seed 4 cls collision-tracked shape box dyn 1 tracked 1 infov 0 mode 2 speed 1.24 closing 2.63 nupd 3 seen 0.04 prog10 12.9 layout forest vdes 2
[ 35/150] speed=2 SR  MEM3        seed  5  goal      clr  0.67  t  47.2  inf 167  N 19.7  mpc   3.7 ms  err 1.11  xte 3.68  xmax 9.19  off 0.84  nrj 1
[ 36/150] speed=2 SR  MEM3        seed  6  goal      clr  0.29  t  31.5  inf  73  N 21.2  mpc   3.7 ms  err 0.89  xte 2.23  xmax 5.09  off 0.75  nrj 2
[ 37/150] speed=2 SR  MEM3        seed  7  goal      clr  0.55  t  59.7  inf 338  N 25.9  mpc   5.2 ms  err 1.00  xte 1.76  xmax 4.55  off 0.85  nrj 1
[ 38/150] speed=2 SR  MEM3        seed  8  goal      clr  0.62  t  35.8  inf 113  N 20.9  mpc   3.9 ms  err 0.99  xte 1.03  xmax 3.77  off 0.27  nrj 2
[ 39/150] speed=2 SR  MEM3        seed  9  collision clr -0.00  t  42.4  inf 217  N 23.1  mpc   4.6 ms  err 1.28  xte 2.85  xmax 5.65  off 0.90  nrj 1
FAILINFO speed=2 SR MEM3 seed 9 cls collision-tracked shape cylinder dyn 0 tracked 1 infov 0 mode 2 speed 1.43 closing 0.27 nupd 2 seen 0.09 prog10 1.0 layout forest vdes 2
[ 40/150] speed=2 SR  MEM3        seed 10  goal      clr  0.84  t  64.3  inf 217  N 19.9  mpc   3.8 ms  err 1.33  xte 1.85  xmax 5.52  off 0.83  nrj 1
[ 41/150] speed=2 SR  MEM3        seed 11  collision clr -0.01  t   7.3  inf  28  N 24.4  mpc   4.8 ms  err 0.52  xte 0.39  xmax 0.86  off 0.24  nrj 1
FAILINFO speed=2 SR MEM3 seed 11 cls collision-tracked shape sphere dyn 1 tracked 1 infov 1 mode 2 speed 0.93 closing 1.06 nupd 1 seen 0.11 prog10 12.3 layout mixed vdes 2
[ 42/150] speed=2 SR  MEM3        seed 12  collision clr -0.01  t   5.2  inf  26  N 19.4  mpc   3.4 ms  err 0.24  xte 0.56  xmax 1.60  off 0.25  nrj 1
FAILINFO speed=2 SR MEM3 seed 12 cls collision-tracked shape sphere dyn 1 tracked 1 infov 0 mode 2 speed 1.56 closing 1.08 nupd 4 seen 0.05 prog10 9.0 layout uniform vdes 2
[ 43/150] speed=2 SR  MEM3        seed 13  goal      clr  0.05  t  34.4  inf 137  N 23.2  mpc   4.1 ms  err 0.94  xte 2.31  xmax 4.45  off 0.75  nrj 1
[ 44/150] speed=2 SR  MEM3        seed 14  collision clr -0.00  t  10.1  inf  58  N 26.3  mpc   5.4 ms  err 0.96  xte 1.97  xmax 3.89  off 0.74  nrj 1
FAILINFO speed=2 SR MEM3 seed 14 cls collision-tracked shape cylinder dyn 1 tracked 1 infov 0 mode 2 speed 0.95 closing 0.31 nupd 17 seen 0.06 prog10 14.0 layout forest vdes 2
[ 45/150] speed=2 SR  MEM3        seed 15  stuck     clr  0.56  t  76.4  inf 324  N 24.7  mpc   5.1 ms  err 0.70  xte 1.93  xmax 4.08  off 0.92  nrj 2
FAILINFO speed=2 SR MEM3 seed 15 cls stuck shape cylinder dyn 0 tracked 1 infov 0 mode 2 speed 1.95 closing -0.12 nupd 23 seen 0.76 prog10 -1.5 layout clusters vdes 2
[ 46/150] speed=2 SR  MEM3        seed 16  goal      clr  0.47  t  38.7  inf 146  N 24.5  mpc   4.5 ms  err 1.58  xte 2.87  xmax 5.51  off 0.67  nrj 1
[ 47/150] speed=2 SR  MEM3        seed 17  goal      clr  0.66  t  95.1  inf 507  N 24.8  mpc   4.9 ms  err 1.25  xte 2.23  xmax 6.64  off 0.81  nrj 1
[ 48/150] speed=2 SR  MEM3        seed 18  goal      clr  0.09  t  41.4  inf 177  N 24.0  mpc   4.5 ms  err 1.62  xte 1.55  xmax 2.84  off 0.78  nrj 1
[ 49/150] speed=2 SR  MEM3        seed 19  goal      clr  0.60  t  35.1  inf  96  N 21.8  mpc   3.9 ms  err 0.91  xte 3.36  xmax 7.30  off 0.80  nrj 1
[ 50/150] speed=2 SR  MEM3        seed 20  goal      clr  0.58  t  40.0  inf 176  N 24.2  mpc   4.5 ms  err 0.89  xte 3.31  xmax 6.39  off 0.89  nrj 1
[ 51/150] speed=2 SR  MEM3        seed 21  goal      clr  0.48  t  53.7  inf 148  N 18.4  mpc   3.3 ms  err 1.16  xte 1.09  xmax 2.70  off 0.77  nrj 2
[ 52/150] speed=2 SR  MEM3        seed 22  goal      clr  0.12  t  30.2  inf  88  N 24.0  mpc   4.2 ms  err 1.07  xte 3.81  xmax 6.86  off 0.87  nrj 1
[ 53/150] speed=2 SR  MEM3        seed 23  goal      clr  0.62  t  69.9  inf 309  N 23.7  mpc   4.7 ms  err 1.37  xte 2.40  xmax 6.35  off 0.87  nrj 1
[ 54/150] speed=2 SR  MEM3        seed 24  collision clr -0.02  t   7.4  inf  39  N 27.2  mpc   5.0 ms  err 0.64  xte 1.89  xmax 3.67  off 0.82  nrj 1
FAILINFO speed=2 SR MEM3 seed 24 cls collision-tracked shape cylinder dyn 1 tracked 1 infov 0 mode 2 speed 2.01 closing 1.46 nupd 1 seen 0.11 prog10 11.7 layout mixed vdes 2
[ 55/150] speed=2 SR  MEM3        seed 25  goal      clr  0.52  t  35.3  inf  87  N 21.6  mpc   3.9 ms  err 0.62  xte 1.40  xmax 3.53  off 0.61  nrj 3
[ 56/150] speed=2 SR  MEM3        seed 26  goal      clr  1.09  t  36.8  inf 129  N 21.8  mpc   4.1 ms  err 1.11  xte 3.58  xmax 5.88  off 0.91  nrj 1
[ 57/150] speed=2 SR  MEM3        seed 27  goal      clr  0.57  t  31.7  inf  98  N 22.3  mpc   4.0 ms  err 1.23  xte 3.20  xmax 7.41  off 0.84  nrj 1
[ 58/150] speed=2 SR  MEM3        seed 28  goal      clr  0.51  t  30.4  inf  89  N 23.4  mpc   4.1 ms  err 0.83  xte 2.60  xmax 6.00  off 0.72  nrj 2
[ 59/150] speed=2 SR  MEM3        seed 29  collision clr -0.00  t  12.4  inf  65  N 28.6  mpc   6.0 ms  err 1.30  xte 0.95  xmax 2.16  off 0.69  nrj 1
FAILINFO speed=2 SR MEM3 seed 29 cls collision-tracked shape cylinder dyn 0 tracked 1 infov 0 mode 2 speed 1.53 closing 0.71 nupd 7 seen 0.81 prog10 1.3 layout forest vdes 2
[ 60/150] speed=2 SR  MEM3        seed 30  collision clr -0.01  t   6.9  inf  22  N 26.6  mpc   4.8 ms  err 0.54  xte 0.42  xmax 0.86  off 0.27  nrj 1
FAILINFO speed=2 SR MEM3 seed 30 cls collision-tracked shape box dyn 1 tracked 1 infov 0 mode 2 speed 2.01 closing 0.65 nupd 3 seen 0.72 prog10 11.7 layout clusters vdes 2
[ 61/150] speed=2 SR  MEM0        seed  1  goal      clr  0.69  t  29.1  inf  95  N 21.8  mpc   3.8 ms  err 1.06  xte 1.60  xmax 2.64  off 0.71  nrj 1
[ 62/150] speed=2 SR  MEM0        seed  2  collision clr -0.01  t   7.1  inf  22  N 23.6  mpc   4.6 ms  err 0.86  xte 0.25  xmax 0.64  off 0.02  nrj 2
FAILINFO speed=2 SR MEM0 seed 2 cls collision-untracked shape sphere dyn 1 tracked 0 infov 1 mode 2 speed 1.70 closing 1.38 nupd NaN seen 0.53 prog10 12.8 layout uniform vdes 2
[ 63/150] speed=2 SR  MEM0        seed  3  goal      clr  0.42  t  31.1  inf 131  N 22.9  mpc   4.2 ms  err 1.09  xte 0.95  xmax 2.33  off 0.55  nrj 2
[ 64/150] speed=2 SR  MEM0        seed  4  collision clr -0.00  t  10.9  inf  38  N 20.3  mpc   3.7 ms  err 1.13  xte 4.46  xmax 8.63  off 0.76  nrj 1
FAILINFO speed=2 SR MEM0 seed 4 cls collision-tracked shape cylinder dyn 0 tracked 1 infov 0 mode 2 speed 1.25 closing 0.97 nupd 4 seen 0.01 prog10 13.1 layout forest vdes 2
[ 65/150] speed=2 SR  MEM0        seed  5  goal      clr  0.01  t  46.7  inf 219  N 22.4  mpc   4.2 ms  err 1.09  xte 2.08  xmax 4.18  off 0.79  nrj 1
[ 66/150] speed=2 SR  MEM0        seed  6  goal      clr  0.19  t  33.2  inf  85  N 20.0  mpc   3.3 ms  err 0.92  xte 1.17  xmax 3.43  off 0.52  nrj 2
[ 67/150] speed=2 SR  MEM0        seed  7  collision clr -0.01  t  26.0  inf 152  N 23.6  mpc   4.5 ms  err 1.22  xte 2.31  xmax 5.72  off 0.88  nrj 1
FAILINFO speed=2 SR MEM0 seed 7 cls collision-untracked shape box dyn 0 tracked 0 infov 0 mode 2 speed 2.02 closing 1.15 nupd NaN seen 0.46 prog10 10.7 layout mixed vdes 2
[ 68/150] speed=2 SR  MEM0        seed  8  goal      clr  0.76  t  25.5  inf  42  N 18.6  mpc   2.7 ms  err 0.81  xte 0.20  xmax 0.64  off 0.05  nrj 2
[ 69/150] speed=2 SR  MEM0        seed  9  goal      clr  0.05  t  43.2  inf 211  N 21.3  mpc   4.0 ms  err 1.07  xte 2.47  xmax 6.68  off 0.66  nrj 1
[ 70/150] speed=2 SR  MEM0        seed 10  collision clr -0.00  t  13.0  inf  52  N 25.5  mpc   4.8 ms  err 1.12  xte 1.99  xmax 3.11  off 0.79  nrj 1
FAILINFO speed=2 SR MEM0 seed 10 cls collision-tracked shape cylinder dyn 0 tracked 1 infov 0 mode 2 speed 1.90 closing 1.09 nupd 1 seen 0.04 prog10 14.0 layout mixed vdes 2
[ 71/150] speed=2 SR  MEM0        seed 11  collision clr -0.00  t   6.9  inf  21  N 24.3  mpc   4.6 ms  err 0.77  xte 0.29  xmax 0.59  off 0.12  nrj 1
FAILINFO speed=2 SR MEM0 seed 11 cls collision-untracked shape sphere dyn 1 tracked 0 infov 0 mode 2 speed 1.86 closing 0.67 nupd NaN seen 0.80 prog10 13.1 layout mixed vdes 2
[ 72/150] speed=2 SR  MEM0        seed 12  collision clr -0.00  t   4.9  inf   9  N 17.8  mpc   3.0 ms  err 0.52  xte 0.37  xmax 1.14  off 0.20  nrj 1
FAILINFO speed=2 SR MEM0 seed 12 cls collision-tracked shape sphere dyn 1 tracked 1 infov 0 mode 2 speed 1.72 closing 1.20 nupd 5 seen 0.56 prog10 8.8 layout uniform vdes 2
[ 73/150] speed=2 SR  MEM0        seed 13  collision clr -0.01  t  17.3  inf  86  N 21.2  mpc   3.9 ms  err 0.94  xte 1.47  xmax 3.65  off 0.54  nrj 2
FAILINFO speed=2 SR MEM0 seed 13 cls collision-untracked shape box dyn 1 tracked 0 infov 0 mode 2 speed 0.65 closing 0.09 nupd NaN seen 1.08 prog10 12.2 layout corridor vdes 2
[ 74/150] speed=2 SR  MEM0        seed 14  collision clr -0.00  t  43.9  inf 251  N 22.4  mpc   4.4 ms  err 1.04  xte 1.92  xmax 4.00  off 0.73  nrj 1
FAILINFO speed=2 SR MEM0 seed 14 cls collision-tracked shape cylinder dyn 0 tracked 1 infov 0 mode 2 speed 1.97 closing 0.39 nupd 1 seen 0.20 prog10 12.2 layout forest vdes 2
[ 75/150] speed=2 SR  MEM0        seed 15  goal      clr  0.47  t  27.6  inf  78  N 20.2  mpc   3.2 ms  err 0.67  xte 1.86  xmax 4.39  off 0.70  nrj 2
[ 76/150] speed=2 SR  MEM0        seed 16  goal      clr  0.30  t  38.6  inf 133  N 22.8  mpc   4.1 ms  err 1.41  xte 2.65  xmax 5.25  off 0.62  nrj 1
[ 77/150] speed=2 SR  MEM0        seed 17  goal      clr  0.16  t  47.1  inf 249  N 22.3  mpc   4.2 ms  err 1.33  xte 2.16  xmax 3.99  off 0.91  nrj 1
[ 78/150] speed=2 SR  MEM0        seed 18  goal      clr  0.05  t  33.8  inf 144  N 19.9  mpc   3.6 ms  err 1.17  xte 1.05  xmax 2.51  off 0.69  nrj 1
[ 79/150] speed=2 SR  MEM0        seed 19  collision clr -0.00  t   4.9  inf  15  N 20.3  mpc   3.7 ms  err 0.29  xte 0.59  xmax 1.15  off 0.41  nrj 1
FAILINFO speed=2 SR MEM0 seed 19 cls collision-tracked shape box dyn 1 tracked 1 infov 0 mode 2 speed 1.87 closing 1.49 nupd 5 seen 0.03 prog10 7.5 layout uniform vdes 2
[ 80/150] speed=2 SR  MEM0        seed 20  goal      clr  0.00  t  39.7  inf 174  N 22.1  mpc   4.0 ms  err 0.78  xte 4.45  xmax 9.57  off 0.81  nrj 1
[ 81/150] speed=2 SR  MEM0        seed 21  collision clr -0.00  t   9.2  inf  32  N 25.8  mpc   4.3 ms  err 1.03  xte 0.98  xmax 1.84  off 0.53  nrj 1
FAILINFO speed=2 SR MEM0 seed 21 cls collision-untracked shape box dyn 1 tracked 0 infov 0 mode 2 speed 1.77 closing 1.65 nupd NaN seen 0.65 prog10 15.8 layout clusters vdes 2
[ 82/150] speed=2 SR  MEM0        seed 22  collision clr -0.00  t   9.6  inf  33  N 24.0  mpc   4.4 ms  err 1.05  xte 2.26  xmax 4.39  off 0.70  nrj 1
FAILINFO speed=2 SR MEM0 seed 22 cls collision-tracked shape cylinder dyn 0 tracked 1 infov 0 mode 2 speed 1.14 closing 0.40 nupd 4 seen 0.02 prog10 14.4 layout uniform vdes 2
[ 83/150] speed=2 SR  MEM0        seed 23  collision clr -0.00  t  36.8  inf 201  N 21.8  mpc   4.4 ms  err 1.16  xte 1.05  xmax 2.01  off 0.76  nrj 1
FAILINFO speed=2 SR MEM0 seed 23 cls collision-tracked shape box dyn 0 tracked 1 infov 0 mode 2 speed 1.12 closing 0.43 nupd 3 seen 0.01 prog10 0.1 layout mixed vdes 2
[ 84/150] speed=2 SR  MEM0        seed 24  collision clr -0.01  t   7.7  inf  33  N 25.5  mpc   4.8 ms  err 0.66  xte 1.88  xmax 3.58  off 0.82  nrj 1
FAILINFO speed=2 SR MEM0 seed 24 cls collision-tracked shape cylinder dyn 1 tracked 1 infov 0 mode 2 speed 1.77 closing 1.46 nupd 3 seen 0.17 prog10 11.1 layout mixed vdes 2
[ 85/150] speed=2 SR  MEM0        seed 25  collision clr -0.00  t   8.6  inf  32  N 20.9  mpc   3.6 ms  err 0.63  xte 2.21  xmax 4.65  off 0.56  nrj 1
FAILINFO speed=2 SR MEM0 seed 25 cls collision-tracked shape box dyn 0 tracked 1 infov 1 mode 2 speed 0.54 closing 0.40 nupd 4 seen 0.00 prog10 6.3 layout uniform vdes 2
[ 86/150] speed=2 SR  MEM0        seed 26  collision clr -0.02  t   7.8  inf  45  N 21.3  mpc   3.8 ms  err 0.78  xte 0.70  xmax 1.74  off 0.32  nrj 1
FAILINFO speed=2 SR MEM0 seed 26 cls collision-tracked shape cylinder dyn 0 tracked 1 infov 0 mode 2 speed 1.60 closing 1.01 nupd 2 seen 0.08 prog10 10.9 layout forest vdes 2
[ 87/150] speed=2 SR  MEM0        seed 27  goal      clr  0.54  t  31.8  inf  95  N 23.5  mpc   4.3 ms  err 1.10  xte 2.25  xmax 4.37  off 0.88  nrj 1
[ 88/150] speed=2 SR  MEM0        seed 28  collision clr -0.00  t  35.4  inf 212  N 22.4  mpc   4.4 ms  err 0.96  xte 1.72  xmax 3.90  off 0.78  nrj 2
FAILINFO speed=2 SR MEM0 seed 28 cls collision-tracked shape cylinder dyn 0 tracked 1 infov 0 mode 2 speed 1.76 closing 0.88 nupd 2 seen 0.02 prog10 1.5 layout clusters vdes 2
[ 89/150] speed=2 SR  MEM0        seed 29  goal      clr  0.07  t  40.9  inf 171  N 22.1  mpc   4.1 ms  err 1.20  xte 2.66  xmax 4.10  off 0.90  nrj 1
[ 90/150] speed=2 SR  MEM0        seed 30  goal      clr  0.10  t  35.5  inf 110  N 22.4  mpc   4.0 ms  err 1.01  xte 1.92  xmax 4.15  off 0.76  nrj 1
[ 91/150] speed=2 SR  FR_SAFE_3   seed  1  goal      clr  0.19  t  36.6  inf 108  N 23.0  mpc   4.4 ms  err 1.29  xte 2.76  xmax 6.50  off 0.70  nrj 1
[ 92/150] speed=2 SR  FR_SAFE_3   seed  2  goal      clr  0.11  t  28.8  inf  85  N 22.6  mpc   4.2 ms  err 1.07  xte 2.34  xmax 3.80  off 0.80  nrj 1
[ 93/150] speed=2 SR  FR_SAFE_3   seed  3  goal      clr  0.33  t  31.0  inf  92  N 26.1  mpc   4.7 ms  err 1.66  xte 3.20  xmax 6.09  off 0.81  nrj 1
[ 94/150] speed=2 SR  FR_SAFE_3   seed  4  goal      clr  0.82  t  45.4  inf 134  N 23.1  mpc   4.6 ms  err 1.37  xte 5.50  xmax 11.47  off 0.90  nrj 1
[ 95/150] speed=2 SR  FR_SAFE_3   seed  5  goal      clr  0.30  t  37.9  inf 112  N 25.3  mpc   4.9 ms  err 1.00  xte 2.18  xmax 5.66  off 0.72  nrj 1
[ 96/150] speed=2 SR  FR_SAFE_3   seed  6  goal      clr  0.19  t  34.6  inf 102  N 21.8  mpc   4.0 ms  err 1.03  xte 2.02  xmax 5.33  off 0.77  nrj 2
[ 97/150] speed=2 SR  FR_SAFE_3   seed  7  goal      clr  0.84  t  35.5  inf 105  N 24.9  mpc   4.8 ms  err 1.08  xte 2.65  xmax 5.68  off 0.85  nrj 1
[ 98/150] speed=2 SR  FR_SAFE_3   seed  8  goal      clr  0.82  t  40.0  inf 118  N 21.3  mpc   4.1 ms  err 0.72  xte 1.11  xmax 3.92  off 0.32  nrj 2
[ 99/150] speed=2 SR  FR_SAFE_3   seed  9  goal      clr  0.77  t  54.0  inf 159  N 25.1  mpc   5.0 ms  err 1.43  xte 2.72  xmax 6.04  off 0.85  nrj 1
[100/150] speed=2 SR  FR_SAFE_3   seed 10  goal      clr  0.72  t  31.0  inf  92  N 25.7  mpc   4.8 ms  err 1.13  xte 3.33  xmax 6.78  off 0.88  nrj 1
[101/150] speed=2 SR  FR_SAFE_3   seed 11  goal      clr  0.28  t  37.6  inf 111  N 26.0  mpc   5.1 ms  err 0.95  xte 2.43  xmax 5.43  off 0.84  nrj 1
[102/150] speed=2 SR  FR_SAFE_3   seed 12  collision clr -0.01  t   8.3  inf  25  N 22.5  mpc   4.0 ms  err 0.69  xte 1.65  xmax 2.97  off 0.43  nrj 1
FAILINFO speed=2 SR FR_SAFE_3 seed 12 cls collision-tracked shape sphere dyn 1 tracked 1 infov 0 mode 2 speed 2.06 closing 2.17 nupd 1 seen 0.12 prog10 13.6 layout uniform vdes 2
[103/150] speed=2 SR  FR_SAFE_3   seed 13  collision clr -0.00  t  17.3  inf  51  N 23.8  mpc   4.4 ms  err 1.15  xte 1.60  xmax 3.37  off 0.61  nrj 2
FAILINFO speed=2 SR FR_SAFE_3 seed 13 cls collision-tracked shape box dyn 1 tracked 1 infov 0 mode 2 speed 1.90 closing 1.71 nupd 1 seen 0.31 prog10 9.8 layout corridor vdes 2
[104/150] speed=2 SR  FR_SAFE_3   seed 14  collision clr -0.01  t   8.5  inf  25  N 26.3  mpc   5.2 ms  err 1.52  xte 1.08  xmax 2.15  off 0.53  nrj 1
FAILINFO speed=2 SR FR_SAFE_3 seed 14 cls collision-tracked shape box dyn 1 tracked 1 infov 0 mode 2 speed 0.63 closing 1.34 nupd 9 seen 0.98 prog10 10.8 layout forest vdes 2
[105/150] speed=2 SR  FR_SAFE_3   seed 15  goal      clr  0.56  t  41.4  inf 122  N 21.9  mpc   4.2 ms  err 0.68  xte 1.72  xmax 4.80  off 0.70  nrj 2
[106/150] speed=2 SR  FR_SAFE_3   seed 16  goal      clr  0.08  t  33.5  inf  99  N 24.8  mpc   4.6 ms  err 1.47  xte 4.09  xmax 5.88  off 0.88  nrj 2
[107/150] speed=2 SR  FR_SAFE_3   seed 17  goal      clr  0.31  t  39.0  inf 115  N 23.9  mpc   4.4 ms  err 1.35  xte 5.05  xmax 7.07  off 0.94  nrj 1
[108/150] speed=2 SR  FR_SAFE_3   seed 18  goal      clr  0.22  t  48.6  inf 143  N 22.4  mpc   4.2 ms  err 1.77  xte 4.59  xmax 9.91  off 0.81  nrj 1
[109/150] speed=2 SR  FR_SAFE_3   seed 19  goal      clr  0.21  t  38.3  inf 113  N 22.7  mpc   4.4 ms  err 0.73  xte 2.94  xmax 6.17  off 0.77  nrj 2
[110/150] speed=2 SR  FR_SAFE_3   seed 20  goal      clr  0.62  t  43.6  inf 129  N 23.1  mpc   4.3 ms  err 1.19  xte 5.97  xmax 9.59  off 0.95  nrj 1
[111/150] speed=2 SR  FR_SAFE_3   seed 21  goal      clr  0.24  t  36.5  inf 108  N 18.5  mpc   3.5 ms  err 1.65  xte 4.00  xmax 8.65  off 0.71  nrj 2
[112/150] speed=2 SR  FR_SAFE_3   seed 22  collision clr -0.01  t  10.7  inf  32  N 24.6  mpc   4.7 ms  err 1.09  xte 2.93  xmax 5.48  off 0.65  nrj 1
FAILINFO speed=2 SR FR_SAFE_3 seed 22 cls collision-tracked shape box dyn 1 tracked 1 infov 0 mode 2 speed 1.17 closing 1.34 nupd 3 seen 0.47 prog10 15.5 layout uniform vdes 2
[113/150] speed=2 SR  FR_SAFE_3   seed 23  goal      clr  0.77  t  40.0  inf 118  N 24.7  mpc   4.6 ms  err 1.40  xte 4.92  xmax 10.52  off 0.82  nrj 1
[114/150] speed=2 SR  FR_SAFE_3   seed 24  collision clr -0.01  t  16.2  inf  48  N 24.4  mpc   4.7 ms  err 0.62  xte 5.63  xmax 14.01  off 0.83  nrj 1
FAILINFO speed=2 SR FR_SAFE_3 seed 24 cls collision-tracked shape cylinder dyn 1 tracked 1 infov 0 mode 2 speed 2.68 closing 0.59 nupd 4 seen 0.23 prog10 1.1 layout mixed vdes 2
[115/150] speed=2 SR  FR_SAFE_3   seed 25  goal      clr  0.64  t  29.5  inf  87  N 19.9  mpc   3.5 ms  err 0.61  xte 2.27  xmax 5.85  off 0.58  nrj 3
[116/150] speed=2 SR  FR_SAFE_3   seed 26  goal      clr  0.14  t  35.7  inf 106  N 20.0  mpc   3.8 ms  err 1.23  xte 6.20  xmax 11.89  off 0.90  nrj 1
[117/150] speed=2 SR  FR_SAFE_3   seed 27  goal      clr  0.73  t  34.3  inf 101  N 24.0  mpc   4.5 ms  err 1.37  xte 1.76  xmax 4.14  off 0.66  nrj 1
[118/150] speed=2 SR  FR_SAFE_3   seed 28  goal      clr  0.46  t  34.0  inf 100  N 23.1  mpc   4.3 ms  err 0.82  xte 2.56  xmax 6.09  off 0.71  nrj 2
[119/150] speed=2 SR  FR_SAFE_3   seed 29  goal      clr  1.29  t  37.0  inf 109  N 18.6  mpc   3.6 ms  err 1.84  xte 7.53  xmax 10.77  off 0.89  nrj 1
[120/150] speed=2 SR  FR_SAFE_3   seed 30  collision clr -0.01  t  22.7  inf  67  N 22.6  mpc   4.1 ms  err 0.77  xte 3.63  xmax 5.72  off 0.75  nrj 1
FAILINFO speed=2 SR FR_SAFE_3 seed 30 cls collision-tracked shape sphere dyn 1 tracked 1 infov 0 mode 2 speed 1.96 closing 1.86 nupd 2 seen 0.20 prog10 19.8 layout clusters vdes 2
[121/150] speed=2 SR  FR_SAFE_10  seed  1  collision clr -0.01  t  12.3  inf 116  N 25.0  mpc   4.9 ms  err 0.90  xte 2.39  xmax 5.57  off 0.72  nrj 1
FAILINFO speed=2 SR FR_SAFE_10 seed 1 cls collision-tracked shape cylinder dyn 1 tracked 1 infov 0 mode 2 speed 0.85 closing 0.36 nupd 31 seen 0.00 prog10 13.5 layout corridor vdes 2
[122/150] speed=2 SR  FR_SAFE_10  seed  2  goal      clr  0.08  t  28.7  inf 265  N 21.8  mpc   4.2 ms  err 0.97  xte 2.78  xmax 5.51  off 0.80  nrj 1
[123/150] speed=2 SR  FR_SAFE_10  seed  3  goal      clr  0.45  t  30.6  inf 285  N 25.1  mpc   4.7 ms  err 1.19  xte 3.20  xmax 6.07  off 0.84  nrj 1
[124/150] speed=2 SR  FR_SAFE_10  seed  4  goal      clr  0.14  t  46.3  inf 436  N 21.4  mpc   4.4 ms  err 1.13  xte 5.46  xmax 11.20  off 0.89  nrj 1
[125/150] speed=2 SR  FR_SAFE_10  seed  5  goal      clr  0.57  t  51.6  inf 474  N 20.1  mpc   4.0 ms  err 0.90  xte 2.58  xmax 5.90  off 0.69  nrj 1
[126/150] speed=2 SR  FR_SAFE_10  seed  6  goal      clr  0.19  t  32.4  inf 303  N 21.3  mpc   4.0 ms  err 0.91  xte 2.19  xmax 5.11  off 0.73  nrj 2
[127/150] speed=2 SR  FR_SAFE_10  seed  7  goal      clr  0.82  t  57.7  inf 537  N 20.6  mpc   4.1 ms  err 1.18  xte 3.27  xmax 9.19  off 0.91  nrj 1
[128/150] speed=2 SR  FR_SAFE_10  seed  8  goal      clr  0.69  t  31.5  inf 295  N 19.4  mpc   3.7 ms  err 0.72  xte 1.86  xmax 4.41  off 0.42  nrj 2
[129/150] speed=2 SR  FR_SAFE_10  seed  9  goal      clr  0.84  t  48.2  inf 449  N 22.8  mpc   4.6 ms  err 1.27  xte 4.91  xmax 11.45  off 0.81  nrj 1
[130/150] speed=2 SR  FR_SAFE_10  seed 10  goal      clr  0.79  t  40.2  inf 368  N 23.3  mpc   4.6 ms  err 1.05  xte 2.37  xmax 6.08  off 0.74  nrj 1
[131/150] speed=2 SR  FR_SAFE_10  seed 11  goal      clr  0.35  t  55.5  inf 511  N 24.7  mpc   4.9 ms  err 0.67  xte 3.37  xmax 9.55  off 0.80  nrj 2
[132/150] speed=2 SR  FR_SAFE_10  seed 12  collision clr -0.01  t   4.9  inf  46  N 19.5  mpc   3.5 ms  err 0.20  xte 0.34  xmax 1.09  off 0.17  nrj 1
FAILINFO speed=2 SR FR_SAFE_10 seed 12 cls collision-tracked shape sphere dyn 1 tracked 1 infov 0 mode 2 speed 1.87 closing 1.35 nupd 2 seen 0.05 prog10 8.8 layout uniform vdes 2
[133/150] speed=2 SR  FR_SAFE_10  seed 13  goal      clr  0.07  t  38.8  inf 360  N 23.3  mpc   4.4 ms  err 1.19  xte 3.71  xmax 7.54  off 0.75  nrj 2
[134/150] speed=2 SR  FR_SAFE_10  seed 14  goal      clr  0.21  t  56.8  inf 524  N 20.2  mpc   4.0 ms  err 1.34  xte 7.85  xmax 14.46  off 0.90  nrj 1
[135/150] speed=2 SR  FR_SAFE_10  seed 15  goal      clr  0.59  t  44.3  inf 409  N 23.6  mpc   4.7 ms  err 0.94  xte 2.43  xmax 4.48  off 0.84  nrj 1
[136/150] speed=2 SR  FR_SAFE_10  seed 16  collision clr -0.01  t  22.4  inf 210  N 25.9  mpc   4.7 ms  err 1.43  xte 3.91  xmax 5.42  off 0.77  nrj 1
FAILINFO speed=2 SR FR_SAFE_10 seed 16 cls collision-tracked shape cylinder dyn 1 tracked 1 infov 0 mode 2 speed 0.76 closing 1.51 nupd 2 seen 0.00 prog10 22.7 layout corridor vdes 2
[137/150] speed=2 SR  FR_SAFE_10  seed 17  goal      clr  0.27  t  57.0  inf 534  N 21.0  mpc   4.1 ms  err 0.96  xte 5.20  xmax 7.57  off 0.95  nrj 1
[138/150] speed=2 SR  FR_SAFE_10  seed 18  collision clr -0.00  t  24.6  inf 229  N 26.4  mpc   5.2 ms  err 1.36  xte 3.05  xmax 6.03  off 0.92  nrj 1
FAILINFO speed=2 SR FR_SAFE_10 seed 18 cls collision-tracked shape cylinder dyn 1 tracked 1 infov 0 mode 2 speed 0.63 closing 0.63 nupd 4 seen 0.33 prog10 7.7 layout corridor vdes 2
[139/150] speed=2 SR  FR_SAFE_10  seed 19  collision clr -0.00  t   7.6  inf  72  N 20.9  mpc   4.0 ms  err 0.41  xte 1.77  xmax 3.04  off 0.62  nrj 1
FAILINFO speed=2 SR FR_SAFE_10 seed 19 cls collision-tracked shape box dyn 1 tracked 1 infov 0 mode 2 speed 0.67 closing 1.12 nupd 36 seen 4.61 prog10 7.9 layout uniform vdes 2
[140/150] speed=2 SR  FR_SAFE_10  seed 20  goal      clr  0.48  t  40.2  inf 375  N 24.3  mpc   4.7 ms  err 1.29  xte 3.61  xmax 6.03  off 0.85  nrj 1
[141/150] speed=2 SR  FR_SAFE_10  seed 21  collision clr -0.00  t  23.5  inf 219  N 20.3  mpc   4.0 ms  err 1.81  xte 2.08  xmax 4.02  off 0.62  nrj 2
FAILINFO speed=2 SR FR_SAFE_10 seed 21 cls collision-tracked shape cylinder dyn 1 tracked 1 infov 0 mode 2 speed 0.87 closing 0.84 nupd 4 seen 1.21 prog10 16.8 layout clusters vdes 2
[142/150] speed=2 SR  FR_SAFE_10  seed 22  goal      clr  0.15  t  33.6  inf 313  N 22.5  mpc   4.2 ms  err 1.31  xte 4.13  xmax 8.55  off 0.89  nrj 1
[143/150] speed=2 SR  FR_SAFE_10  seed 23  goal      clr  0.51  t  46.1  inf 425  N 22.7  mpc   4.3 ms  err 1.07  xte 4.90  xmax 10.64  off 0.89  nrj 1
[144/150] speed=2 SR  FR_SAFE_10  seed 24  goal      clr  0.44  t  41.4  inf 383  N 23.0  mpc   4.4 ms  err 0.84  xte 3.92  xmax 7.02  off 0.90  nrj 1
[145/150] speed=2 SR  FR_SAFE_10  seed 25  goal      clr  0.57  t  33.9  inf 315  N 20.5  mpc   3.9 ms  err 0.51  xte 2.22  xmax 4.92  off 0.66  nrj 3
[146/150] speed=2 SR  FR_SAFE_10  seed 26  goal      clr  0.52  t  33.5  inf 312  N 22.4  mpc   4.5 ms  err 1.34  xte 5.10  xmax 10.36  off 0.88  nrj 1
[147/150] speed=2 SR  FR_SAFE_10  seed 27  goal      clr  0.96  t  29.6  inf 274  N 23.3  mpc   4.6 ms  err 1.43  xte 3.20  xmax 7.17  off 0.82  nrj 1
[148/150] speed=2 SR  FR_SAFE_10  seed 28  goal      clr  0.61  t  30.2  inf 284  N 23.3  mpc   4.5 ms  err 0.83  xte 2.22  xmax 5.89  off 0.59  nrj 2
[149/150] speed=2 SR  FR_SAFE_10  seed 29  goal      clr  0.97  t  68.2  inf 632  N 22.7  mpc   4.6 ms  err 1.32  xte 4.15  xmax 8.76  off 0.89  nrj 1
[150/150] speed=2 SR  FR_SAFE_10  seed 30  goal      clr  0.23  t  37.2  inf 347  N 23.5  mpc   4.6 ms  err 1.31  xte 4.66  xmax 9.25  off 0.87  nrj 1
