[  1/150] speed=6 SR  MEM10       seed  1  collision clr -0.03  t   5.1  inf  45  N 27.4  mpc   9.3 ms  err 0.84  xte 1.27  xmax 3.28  off 0.64  nrj 1
WORLD SR seed 1 layout corridor nleg 1 dyn 0.28 nobj 26
FAILINFO speed=6 SR MEM10 seed 1 cls collision-tracked shape cylinder dyn 1 tracked 1 infov 0 mode 2 speed 3.66 closing 1.33 nupd 4 seen 0.10 prog10 15.6 layout corridor vdes 6
[  2/150] speed=6 SR  MEM10       seed  2  goal      clr  0.59  t  13.6  inf 100  N 26.5  mpc   7.2 ms  err 1.09  xte 1.98  xmax 3.46  off 0.79  nrj 1
WORLD SR seed 2 layout uniform nleg 2 dyn 0.20 nobj 25
[  3/150] speed=6 SR  MEM10       seed  3  goal      clr  0.64  t  16.7  inf 118  N 27.0  mpc   7.2 ms  err 1.06  xte 1.39  xmax 2.45  off 0.74  nrj 2
WORLD SR seed 3 layout corridor nleg 3 dyn 0.21 nobj 22
[  4/150] speed=6 SR  MEM10       seed  4  goal      clr  0.31  t  29.7  inf 170  N 23.3  mpc   6.5 ms  err 1.04  xte 4.97  xmax 12.44  off 0.90  nrj 1
WORLD SR seed 4 layout forest nleg 3 dyn 0.20 nobj 41
[  5/150] speed=6 SR  MEM10       seed  5  goal      clr  0.43  t  39.1  inf 226  N 26.4  mpc   7.4 ms  err 0.85  xte 2.24  xmax 6.51  off 0.66  nrj 1
WORLD SR seed 5 layout mixed nleg 2 dyn 0.00 nobj 34
[  6/150] speed=6 SR  MEM10       seed  6  collision clr -0.01  t   7.2  inf  48  N 27.1  mpc   6.9 ms  err 0.68  xte 1.22  xmax 2.05  off 0.73  nrj 2
WORLD SR seed 6 layout clusters nleg 1 dyn 0.33 nobj 18
FAILINFO speed=6 SR MEM10 seed 6 cls collision-tracked shape box dyn 1 tracked 1 infov 0 mode 2 speed 5.42 closing 0.07 nupd 8 seen 0.32 prog10 31.8 layout clusters vdes 6
[  7/150] speed=6 SR  MEM10       seed  7  goal      clr  0.77  t  21.9  inf 149  N 27.1  mpc   7.5 ms  err 1.00  xte 2.60  xmax 4.75  off 0.83  nrj 1
WORLD SR seed 7 layout mixed nleg 1 dyn 0.00 nobj 30
[  8/150] speed=6 SR  MEM10       seed  8  goal      clr  0.64  t  14.3  inf  97  N 25.8  mpc   6.6 ms  err 0.78  xte 1.58  xmax 3.95  off 0.46  nrj 3
WORLD SR seed 8 layout clusters nleg 1 dyn 0.00 nobj 11
[  9/150] speed=6 SR  MEM10       seed  9  goal      clr  0.82  t  25.6  inf 161  N 25.9  mpc   7.1 ms  err 1.16  xte 2.70  xmax 5.43  off 0.80  nrj 1
WORLD SR seed 9 layout forest nleg 3 dyn 0.15 nobj 44
[ 10/150] speed=6 SR  MEM10       seed 10  goal      clr  1.01  t  25.3  inf 152  N 26.9  mpc   7.4 ms  err 1.21  xte 4.71  xmax 12.13  off 0.86  nrj 1
WORLD SR seed 10 layout mixed nleg 1 dyn 0.00 nobj 30
[ 11/150] speed=6 SR  MEM10       seed 11  goal      clr  0.54  t  26.8  inf 162  N 26.8  mpc   7.0 ms  err 0.67  xte 3.89  xmax 9.43  off 0.87  nrj 1
WORLD SR seed 11 layout mixed nleg 2 dyn 0.27 nobj 52
[ 12/150] speed=6 SR  MEM10       seed 12  collision clr -0.01  t   6.3  inf  44  N 24.8  mpc   6.4 ms  err 0.67  xte 1.64  xmax 3.94  off 0.70  nrj 1
WORLD SR seed 12 layout uniform nleg 2 dyn 0.34 nobj 38
FAILINFO speed=6 SR MEM10 seed 12 cls collision-tracked shape box dyn 1 tracked 1 infov 0 mode 2 speed 3.10 closing 0.64 nupd 10 seen 0.06 prog10 14.4 layout uniform vdes 6
[ 13/150] speed=6 SR  MEM10       seed 13  goal      clr  0.43  t  19.1  inf 130  N 26.1  mpc   6.8 ms  err 1.02  xte 3.03  xmax 6.87  off 0.84  nrj 1
WORLD SR seed 13 layout corridor nleg 2 dyn 0.28 nobj 28
[ 14/150] speed=6 SR  MEM10       seed 14  goal      clr  0.50  t  20.3  inf 104  N 24.9  mpc   6.3 ms  err 1.57  xte 7.79  xmax 12.94  off 0.93  nrj 1
WORLD SR seed 14 layout forest nleg 1 dyn 0.20 nobj 62
[ 15/150] speed=6 SR  MEM10       seed 15  goal      clr  0.62  t  24.9  inf 175  N 26.9  mpc   7.7 ms  err 0.87  xte 2.46  xmax 5.46  off 0.81  nrj 2
WORLD SR seed 15 layout clusters nleg 1 dyn 0.00 nobj 19
[ 16/150] speed=6 SR  MEM10       seed 16  goal      clr  0.86  t  17.9  inf 120  N 27.8  mpc   7.2 ms  err 1.48  xte 2.99  xmax 6.24  off 0.60  nrj 1
WORLD SR seed 16 layout corridor nleg 3 dyn 0.31 nobj 26
[ 17/150] speed=6 SR  MEM10       seed 17  collision clr -0.02  t  12.3  inf  76  N 26.1  mpc   7.3 ms  err 1.49  xte 3.78  xmax 6.59  off 0.86  nrj 1
WORLD SR seed 17 layout forest nleg 3 dyn 0.10 nobj 54
FAILINFO speed=6 SR MEM10 seed 17 cls collision-tracked shape cylinder dyn 1 tracked 1 infov 1 mode 2 speed 4.51 closing 2.74 nupd 31 seen 0.13 prog10 13.5 layout forest vdes 6
[ 18/150] speed=6 SR  MEM10       seed 18  collision clr -0.01  t   5.8  inf  52  N 27.7  mpc   8.0 ms  err 1.35  xte 1.30  xmax 2.42  off 0.84  nrj 1
WORLD SR seed 18 layout corridor nleg 1 dyn 0.23 nobj 22
FAILINFO speed=6 SR MEM10 seed 18 cls collision-tracked shape cylinder dyn 1 tracked 1 infov 0 mode 2 speed 1.48 closing 1.38 nupd 3 seen 1.08 prog10 12.1 layout corridor vdes 6
[ 19/150] speed=6 SR  MEM10       seed 19  goal      clr  0.98  t  28.5  inf 174  N 27.2  mpc   8.2 ms  err 0.79  xte 2.56  xmax 4.17  off 0.81  nrj 2
WORLD SR seed 19 layout uniform nleg 2 dyn 0.28 nobj 26
[ 20/150] speed=6 SR  MEM10       seed 20  goal      clr  0.49  t  24.8  inf 168  N 27.5  mpc   7.3 ms  err 1.16  xte 3.72  xmax 7.44  off 0.85  nrj 1
WORLD SR seed 20 layout mixed nleg 2 dyn 0.18 nobj 38
[ 21/150] speed=6 SR  MEM10       seed 21  goal      clr  0.64  t  37.1  inf 141  N 20.3  mpc   5.4 ms  err 1.12  xte 3.19  xmax 8.32  off 0.87  nrj 2
WORLD SR seed 21 layout clusters nleg 3 dyn 0.12 nobj 15
[ 22/150] speed=6 SR  MEM10       seed 22  goal      clr  0.92  t  13.5  inf  94  N 25.9  mpc   6.4 ms  err 0.99  xte 3.03  xmax 5.57  off 0.87  nrj 1
WORLD SR seed 22 layout uniform nleg 2 dyn 0.32 nobj 24
[ 23/150] speed=6 SR  MEM10       seed 23  collision clr -0.01  t   5.9  inf  47  N 26.5  mpc   7.7 ms  err 0.73  xte 4.28  xmax 6.92  off 0.77  nrj 1
WORLD SR seed 23 layout mixed nleg 1 dyn 0.28 nobj 45
FAILINFO speed=6 SR MEM10 seed 23 cls collision-untracked shape cylinder dyn 1 tracked 0 infov 0 mode 2 speed 2.46 closing 0.92 nupd NaN seen 3.65 prog10 10.6 layout mixed vdes 6
[ 24/150] speed=6 SR  MEM10       seed 24  goal      clr  0.06  t  24.1  inf 144  N 26.4  mpc   7.3 ms  err 0.81  xte 3.72  xmax 6.81  off 0.89  nrj 1
WORLD SR seed 24 layout mixed nleg 1 dyn 0.19 nobj 42
[ 25/150] speed=6 SR  MEM10       seed 25  goal      clr  0.89  t  14.0  inf  75  N 25.6  mpc   6.5 ms  err 0.62  xte 2.51  xmax 5.26  off 0.70  nrj 3
WORLD SR seed 25 layout uniform nleg 2 dyn 0.00 nobj 18
[ 26/150] speed=6 SR  MEM10       seed 26  goal      clr  0.64  t  18.1  inf 114  N 25.5  mpc   6.4 ms  err 1.60  xte 5.30  xmax 10.98  off 0.90  nrj 1
WORLD SR seed 26 layout forest nleg 1 dyn 0.12 nobj 38
[ 27/150] speed=6 SR  MEM10       seed 27  goal      clr  0.97  t  13.8  inf  91  N 26.8  mpc   6.7 ms  err 1.20  xte 1.97  xmax 4.32  off 0.78  nrj 1
WORLD SR seed 27 layout mixed nleg 2 dyn 0.29 nobj 34
[ 28/150] speed=6 SR  MEM10       seed 28  goal      clr  0.12  t  49.8  inf 418  N 28.9  mpc   9.7 ms  err 1.25  xte 2.36  xmax 4.48  off 0.89  nrj 2
WORLD SR seed 28 layout clusters nleg 3 dyn 0.00 nobj 27
[ 29/150] speed=6 SR  MEM10       seed 29  goal      clr  0.75  t  53.5  inf 330  N 25.6  mpc   7.1 ms  err 1.62  xte 6.18  xmax 12.31  off 0.94  nrj 1
WORLD SR seed 29 layout forest nleg 3 dyn 0.16 nobj 55
[ 30/150] speed=6 SR  MEM10       seed 30  collision clr -0.04  t   8.7  inf  66  N 28.5  mpc   7.5 ms  err 0.56  xte 3.09  xmax 5.52  off 0.83  nrj 1
WORLD SR seed 30 layout clusters nleg 1 dyn 0.35 nobj 31
FAILINFO speed=6 SR MEM10 seed 30 cls collision-tracked shape cylinder dyn 1 tracked 1 infov 0 mode 2 speed 3.41 closing 3.69 nupd 10 seen 0.09 prog10 32.5 layout clusters vdes 6
[ 31/150] speed=6 SR  MEM3        seed  1  goal      clr  0.44  t  16.8  inf 119  N 26.3  mpc   6.7 ms  err 1.18  xte 2.03  xmax 3.77  off 0.77  nrj 1
[ 32/150] speed=6 SR  MEM3        seed  2  goal      clr  0.26  t  16.7  inf 116  N 26.2  mpc   7.0 ms  err 0.91  xte 1.89  xmax 3.95  off 0.74  nrj 1
[ 33/150] speed=6 SR  MEM3        seed  3  goal      clr  0.57  t  21.0  inf 147  N 27.0  mpc   7.7 ms  err 1.05  xte 1.32  xmax 2.27  off 0.73  nrj 2
[ 34/150] speed=6 SR  MEM3        seed  4  collision clr -0.01  t   6.1  inf  54  N 28.0  mpc   8.9 ms  err 1.34  xte 2.01  xmax 4.88  off 0.81  nrj 1
FAILINFO speed=6 SR MEM3 seed 4 cls collision-tracked shape box dyn 1 tracked 1 infov 0 mode 2 speed 1.96 closing -0.80 nupd 5 seen 0.09 prog10 11.3 layout forest vdes 6
[ 35/150] speed=6 SR  MEM3        seed  5  goal      clr  0.68  t  18.6  inf 133  N 26.7  mpc   7.3 ms  err 1.23  xte 2.05  xmax 4.80  off 0.74  nrj 1
[ 36/150] speed=6 SR  MEM3        seed  6  goal      clr  0.28  t  16.1  inf  90  N 24.6  mpc   6.3 ms  err 0.55  xte 2.09  xmax 4.56  off 0.81  nrj 2
[ 37/150] speed=6 SR  MEM3        seed  7  goal      clr  0.46  t  17.0  inf 123  N 26.9  mpc   7.0 ms  err 0.87  xte 2.56  xmax 5.01  off 0.83  nrj 1
[ 38/150] speed=6 SR  MEM3        seed  8  collision clr -0.01  t   4.1  inf  22  N 23.7  mpc   6.5 ms  err 0.90  xte 1.10  xmax 1.99  off 0.63  nrj 1
FAILINFO speed=6 SR MEM3 seed 8 cls collision-untracked shape cylinder dyn 0 tracked 0 infov 0 mode 2 speed 5.36 closing 4.36 nupd NaN seen 0.04 prog10 7.5 layout clusters vdes 6
[ 39/150] speed=6 SR  MEM3        seed  9  goal      clr  0.89  t  32.5  inf 222  N 25.6  mpc   7.4 ms  err 1.66  xte 2.79  xmax 5.98  off 0.70  nrj 1
[ 40/150] speed=6 SR  MEM3        seed 10  goal      clr  0.79  t  20.8  inf 140  N 26.6  mpc   7.4 ms  err 1.20  xte 3.59  xmax 7.89  off 0.91  nrj 1
[ 41/150] speed=6 SR  MEM3        seed 11  goal      clr  0.15  t  40.3  inf 253  N 27.2  mpc   8.1 ms  err 0.64  xte 3.28  xmax 8.79  off 0.89  nrj 1
[ 42/150] speed=6 SR  MEM3        seed 12  collision clr -0.01  t   9.5  inf  62  N 27.2  mpc   8.0 ms  err 0.57  xte 2.72  xmax 4.21  off 0.83  nrj 1
FAILINFO speed=6 SR MEM3 seed 12 cls collision-tracked shape sphere dyn 1 tracked 1 infov 0 mode 2 speed 1.54 closing 1.56 nupd 10 seen 0.50 prog10 27.7 layout uniform vdes 6
[ 43/150] speed=6 SR  MEM3        seed 13  collision clr -0.00  t  11.9  inf  92  N 27.1  mpc   7.9 ms  err 0.98  xte 3.97  xmax 8.23  off 0.73  nrj 1
FAILINFO speed=6 SR MEM3 seed 13 cls collision-tracked shape cylinder dyn 1 tracked 1 infov 0 mode 2 speed 0.65 closing 1.10 nupd 6 seen 0.55 prog10 35.0 layout corridor vdes 6
[ 44/150] speed=6 SR  MEM3        seed 14  goal      clr  0.25  t  89.5  inf 711  N 28.2  mpc   9.7 ms  err 1.35  xte 4.35  xmax 8.23  off 0.98  nrj 1
[ 45/150] speed=6 SR  MEM3        seed 15  goal      clr  0.69  t  16.1  inf 103  N 26.5  mpc   7.0 ms  err 0.59  xte 1.16  xmax 2.02  off 0.67  nrj 2
[ 46/150] speed=6 SR  MEM3        seed 16  goal      clr  0.41  t  20.1  inf 126  N 23.8  mpc   6.2 ms  err 1.58  xte 4.90  xmax 8.70  off 0.72  nrj 2
[ 47/150] speed=6 SR  MEM3        seed 17  collision clr -0.01  t  27.9  inf 225  N 26.2  mpc   8.3 ms  err 1.71  xte 3.85  xmax 5.92  off 0.96  nrj 1
FAILINFO speed=6 SR MEM3 seed 17 cls collision-tracked shape cylinder dyn 0 tracked 1 infov 0 mode 2 speed 3.91 closing 1.05 nupd 2 seen 0.10 prog10 -0.8 layout forest vdes 6
[ 48/150] speed=6 SR  MEM3        seed 18  goal      clr  0.39  t  18.1  inf 136  N 26.4  mpc   7.1 ms  err 1.65  xte 1.76  xmax 3.29  off 0.83  nrj 1
[ 49/150] speed=6 SR  MEM3        seed 19  goal      clr  0.97  t  15.4  inf  97  N 24.7  mpc   6.3 ms  err 0.77  xte 2.12  xmax 3.87  off 0.80  nrj 1
[ 50/150] speed=6 SR  MEM3        seed 20  goal      clr  0.21  t  42.6  inf 260  N 24.8  mpc   7.4 ms  err 1.21  xte 3.16  xmax 6.58  off 0.86  nrj 1
[ 51/150] speed=6 SR  MEM3        seed 21  collision clr -0.01  t  22.0  inf 139  N 23.3  mpc   6.8 ms  err 1.21  xte 2.50  xmax 5.68  off 0.86  nrj 2
FAILINFO speed=6 SR MEM3 seed 21 cls collision-tracked shape box dyn 0 tracked 1 infov 0 mode 2 speed 1.95 closing 1.74 nupd 4 seen 0.05 prog10 0.9 layout clusters vdes 6
[ 52/150] speed=6 SR  MEM3        seed 22  goal      clr  0.89  t  14.7  inf  97  N 25.6  mpc   6.5 ms  err 0.79  xte 3.06  xmax 5.55  off 0.87  nrj 1
[ 53/150] speed=6 SR  MEM3        seed 23  goal      clr  0.17  t  77.7  inf 552  N 27.0  mpc   8.5 ms  err 1.30  xte 2.37  xmax 7.14  off 0.88  nrj 1
[ 54/150] speed=6 SR  MEM3        seed 24  collision clr -0.00  t  15.3  inf 100  N 22.6  mpc   6.5 ms  err 1.14  xte 2.67  xmax 4.38  off 0.93  nrj 1
FAILINFO speed=6 SR MEM3 seed 24 cls collision-tracked shape cylinder dyn 0 tracked 1 infov 0 mode 2 speed 2.41 closing -1.74 nupd 5 seen 0.02 prog10 -0.0 layout mixed vdes 6
[ 55/150] speed=6 SR  MEM3        seed 25  goal      clr  0.57  t  16.1  inf  96  N 26.6  mpc   6.9 ms  err 0.73  xte 2.72  xmax 6.61  off 0.61  nrj 3
[ 56/150] speed=6 SR  MEM3        seed 26  goal      clr  1.04  t  24.2  inf 125  N 25.8  mpc   7.0 ms  err 1.78  xte 3.00  xmax 5.50  off 0.91  nrj 1
[ 57/150] speed=6 SR  MEM3        seed 27  goal      clr  0.86  t  13.3  inf  98  N 25.7  mpc   6.1 ms  err 1.10  xte 2.02  xmax 3.68  off 0.78  nrj 1
[ 58/150] speed=6 SR  MEM3        seed 28  goal      clr  0.50  t  28.3  inf 162  N 26.6  mpc   7.6 ms  err 0.93  xte 2.47  xmax 6.44  off 0.83  nrj 2
[ 59/150] speed=6 SR  MEM3        seed 29  goal      clr  0.44  t  23.5  inf 163  N 25.9  mpc   7.0 ms  err 1.38  xte 3.50  xmax 7.39  off 0.85  nrj 1
[ 60/150] speed=6 SR  MEM3        seed 30  goal      clr  0.45  t  18.3  inf 102  N 26.0  mpc   6.7 ms  err 0.85  xte 2.25  xmax 4.36  off 0.79  nrj 1
[ 61/150] speed=6 SR  MEM0        seed  1  goal      clr  0.87  t  17.2  inf 123  N 25.1  mpc   6.6 ms  err 1.16  xte 1.74  xmax 3.25  off 0.77  nrj 1
[ 62/150] speed=6 SR  MEM0        seed  2  collision clr -0.00  t   3.8  inf  32  N 26.2  mpc   7.0 ms  err 0.82  xte 1.15  xmax 3.27  off 0.51  nrj 1
FAILINFO speed=6 SR MEM0 seed 2 cls collision-untracked shape sphere dyn 1 tracked 0 infov 0 mode 2 speed 4.51 closing 1.57 nupd NaN seen 0.02 prog10 13.1 layout uniform vdes 6
[ 63/150] speed=6 SR  MEM0        seed  3  collision clr -0.01  t   9.9  inf  75  N 26.3  mpc   7.5 ms  err 0.95  xte 1.48  xmax 2.35  off 0.92  nrj 1
FAILINFO speed=6 SR MEM0 seed 3 cls collision-tracked shape box dyn 0 tracked 1 infov 0 mode 2 speed 4.45 closing 0.85 nupd 4 seen 0.04 prog10 25.1 layout corridor vdes 6
[ 64/150] speed=6 SR  MEM0        seed  4  goal      clr  0.05  t  26.1  inf 180  N 24.2  mpc   6.7 ms  err 0.98  xte 1.41  xmax 3.24  off 0.63  nrj 1
[ 65/150] speed=6 SR  MEM0        seed  5  goal      clr  0.55  t  18.8  inf 122  N 25.8  mpc   7.3 ms  err 1.37  xte 1.15  xmax 1.97  off 0.61  nrj 1
[ 66/150] speed=6 SR  MEM0        seed  6  collision clr -0.01  t   7.8  inf  52  N 25.8  mpc   6.7 ms  err 0.70  xte 1.22  xmax 2.56  off 0.65  nrj 2
FAILINFO speed=6 SR MEM0 seed 6 cls collision-untracked shape box dyn 1 tracked 0 infov 0 mode 2 speed 3.51 closing 0.40 nupd NaN seen 0.13 prog10 31.7 layout clusters vdes 6
[ 67/150] speed=6 SR  MEM0        seed  7  goal      clr  0.37  t  17.3  inf 128  N 25.5  mpc   6.8 ms  err 1.14  xte 1.80  xmax 3.65  off 0.75  nrj 1
[ 68/150] speed=6 SR  MEM0        seed  8  goal      clr  0.80  t  15.6  inf  94  N 23.0  mpc   5.2 ms  err 1.01  xte 1.69  xmax 3.95  off 0.48  nrj 3
[ 69/150] speed=6 SR  MEM0        seed  9  goal      clr  0.08  t  22.1  inf 152  N 25.0  mpc   6.8 ms  err 1.08  xte 3.17  xmax 5.66  off 0.87  nrj 1
[ 70/150] speed=6 SR  MEM0        seed 10  goal      clr  0.74  t  18.6  inf 131  N 24.9  mpc   6.5 ms  err 1.38  xte 1.68  xmax 2.80  off 0.88  nrj 1
[ 71/150] speed=6 SR  MEM0        seed 11  goal      clr  0.29  t  25.5  inf 145  N 25.1  mpc   6.8 ms  err 0.58  xte 2.07  xmax 5.47  off 0.75  nrj 1
[ 72/150] speed=6 SR  MEM0        seed 12  collision clr -0.01  t   3.8  inf  23  N 25.7  mpc   7.1 ms  err 0.26  xte 1.93  xmax 3.54  off 0.57  nrj 1
FAILINFO speed=6 SR MEM0 seed 12 cls collision-untracked shape sphere dyn 1 tracked 0 infov 0 mode 2 speed 2.42 closing 1.29 nupd NaN seen 1.03 prog10 9.2 layout uniform vdes 6
[ 73/150] speed=6 SR  MEM0        seed 13  goal      clr  0.66  t  16.8  inf  91  N 24.8  mpc   6.2 ms  err 0.65  xte 1.83  xmax 4.21  off 0.75  nrj 1
[ 74/150] speed=6 SR  MEM0        seed 14  collision clr -0.01  t  12.3  inf  96  N 23.9  mpc   7.0 ms  err 1.21  xte 1.18  xmax 2.58  off 0.72  nrj 1
FAILINFO speed=6 SR MEM0 seed 14 cls collision-tracked shape cylinder dyn 0 tracked 1 infov 0 mode 2 speed 2.02 closing 0.60 nupd 1 seen 0.03 prog10 10.3 layout forest vdes 6
[ 75/150] speed=6 SR  MEM0        seed 15  goal      clr  0.05  t  17.7  inf 116  N 26.1  mpc   6.8 ms  err 0.73  xte 1.01  xmax 2.03  off 0.66  nrj 2
[ 76/150] speed=6 SR  MEM0        seed 16  collision clr -0.02  t   9.6  inf  78  N 27.6  mpc   7.4 ms  err 1.18  xte 4.12  xmax 6.14  off 0.85  nrj 1
FAILINFO speed=6 SR MEM0 seed 16 cls collision-tracked shape box dyn 1 tracked 1 infov 0 mode 2 speed 2.84 closing 2.40 nupd 3 seen 0.01 prog10 31.2 layout corridor vdes 6
[ 77/150] speed=6 SR  MEM0        seed 17  goal      clr  0.26  t  25.8  inf 185  N 25.1  mpc   7.4 ms  err 1.18  xte 2.13  xmax 3.99  off 0.93  nrj 1
[ 78/150] speed=6 SR  MEM0        seed 18  goal      clr  0.20  t  16.5  inf 118  N 25.9  mpc   7.0 ms  err 1.54  xte 1.65  xmax 3.10  off 0.73  nrj 1
[ 79/150] speed=6 SR  MEM0        seed 19  goal      clr  0.75  t  14.1  inf  91  N 23.9  mpc   6.2 ms  err 0.82  xte 3.23  xmax 5.51  off 0.88  nrj 1
[ 80/150] speed=6 SR  MEM0        seed 20  collision clr -0.01  t   9.9  inf  59  N 19.5  mpc   5.6 ms  err 1.30  xte 4.16  xmax 6.19  off 0.93  nrj 1
FAILINFO speed=6 SR MEM0 seed 20 cls collision-tracked shape box dyn 0 tracked 1 infov 1 mode 2 speed 4.39 closing 4.12 nupd 1 seen 0.05 prog10 2.9 layout mixed vdes 6
[ 81/150] speed=6 SR  MEM0        seed 21  goal      clr  0.02  t  18.2  inf 104  N 24.8  mpc   6.3 ms  err 1.22  xte 2.22  xmax 4.29  off 0.74  nrj 2
[ 82/150] speed=6 SR  MEM0        seed 22  goal      clr  0.50  t  17.7  inf 104  N 24.2  mpc   6.1 ms  err 0.71  xte 1.66  xmax 4.24  off 0.64  nrj 1
[ 83/150] speed=6 SR  MEM0        seed 23  goal      clr  0.02  t  31.6  inf 206  N 24.5  mpc   7.0 ms  err 0.95  xte 3.94  xmax 6.81  off 0.94  nrj 1
[ 84/150] speed=6 SR  MEM0        seed 24  collision clr -0.00  t  10.5  inf  75  N 26.6  mpc   8.2 ms  err 0.57  xte 2.39  xmax 5.08  off 0.85  nrj 1
FAILINFO speed=6 SR MEM0 seed 24 cls collision-untracked shape sphere dyn 0 tracked 0 infov 0 mode 2 speed 2.94 closing 0.84 nupd NaN seen 1.07 prog10 18.3 layout mixed vdes 6
[ 85/150] speed=6 SR  MEM0        seed 25  goal      clr  0.32  t  16.5  inf 104  N 24.7  mpc   6.2 ms  err 0.50  xte 0.98  xmax 2.03  off 0.56  nrj 3
[ 86/150] speed=6 SR  MEM0        seed 26  goal      clr  0.88  t  19.6  inf 131  N 25.4  mpc   6.7 ms  err 1.50  xte 2.82  xmax 5.43  off 0.90  nrj 1
[ 87/150] speed=6 SR  MEM0        seed 27  collision clr -0.02  t   6.5  inf  54  N 23.9  mpc   7.3 ms  err 0.86  xte 1.37  xmax 2.35  off 0.82  nrj 1
FAILINFO speed=6 SR MEM0 seed 27 cls collision-untracked shape box dyn 0 tracked 0 infov 1 mode 2 speed 3.77 closing 2.11 nupd NaN seen 0.09 prog10 11.0 layout mixed vdes 6
[ 88/150] speed=6 SR  MEM0        seed 28  goal      clr  0.56  t  20.8  inf 120  N 23.7  mpc   6.0 ms  err 0.86  xte 2.70  xmax 5.77  off 0.77  nrj 2
[ 89/150] speed=6 SR  MEM0        seed 29  goal      clr  0.05  t  22.3  inf 141  N 24.1  mpc   6.6 ms  err 1.18  xte 2.38  xmax 4.51  off 0.87  nrj 1
[ 90/150] speed=6 SR  MEM0        seed 30  collision clr -0.02  t   8.0  inf  42  N 24.0  mpc   6.5 ms  err 0.77  xte 2.05  xmax 4.85  off 0.73  nrj 1
FAILINFO speed=6 SR MEM0 seed 30 cls collision-tracked shape sphere dyn 1 tracked 1 infov 1 mode 2 speed 4.78 closing 3.69 nupd 1 seen 0.06 prog10 18.0 layout clusters vdes 6
[ 91/150] speed=6 SR  FR_SAFE_3   seed  1  goal      clr  0.49  t  21.5  inf  64  N 25.9  mpc   6.6 ms  err 1.28  xte 1.58  xmax 2.79  off 0.80  nrj 1
[ 92/150] speed=6 SR  FR_SAFE_3   seed  2  goal      clr  0.59  t  14.1  inf  42  N 27.2  mpc   6.7 ms  err 1.20  xte 2.32  xmax 4.42  off 0.79  nrj 1
[ 93/150] speed=6 SR  FR_SAFE_3   seed  3  goal      clr  1.02  t  15.5  inf  46  N 28.0  mpc   7.1 ms  err 1.59  xte 1.61  xmax 2.57  off 0.78  nrj 2
[ 94/150] speed=6 SR  FR_SAFE_3   seed  4  goal      clr  1.26  t  15.1  inf  45  N 25.8  mpc   6.6 ms  err 1.25  xte 5.06  xmax 8.27  off 0.81  nrj 1
[ 95/150] speed=6 SR  FR_SAFE_3   seed  5  goal      clr  0.47  t  49.5  inf 146  N 26.9  mpc   8.1 ms  err 1.32  xte 1.81  xmax 4.68  off 0.91  nrj 1
[ 96/150] speed=6 SR  FR_SAFE_3   seed  6  collision clr -0.00  t   7.8  inf  24  N 27.0  mpc   7.0 ms  err 0.67  xte 1.42  xmax 2.61  off 0.72  nrj 2
FAILINFO speed=6 SR FR_SAFE_3 seed 6 cls collision-tracked shape box dyn 1 tracked 1 infov 0 mode 2 speed 3.25 closing 0.35 nupd 1 seen 0.34 prog10 31.8 layout clusters vdes 6
[ 97/150] speed=6 SR  FR_SAFE_3   seed  7  goal      clr  0.54  t  31.4  inf  93  N 25.8  mpc   7.0 ms  err 0.89  xte 2.89  xmax 8.30  off 0.88  nrj 1
[ 98/150] speed=6 SR  FR_SAFE_3   seed  8  goal      clr  1.05  t  17.9  inf  53  N 25.3  mpc   7.1 ms  err 0.81  xte 1.74  xmax 4.26  off 0.59  nrj 2
[ 99/150] speed=6 SR  FR_SAFE_3   seed  9  collision clr -0.00  t  11.5  inf  34  N 28.8  mpc   7.4 ms  err 1.05  xte 5.63  xmax 8.55  off 0.90  nrj 1
FAILINFO speed=6 SR FR_SAFE_3 seed 9 cls collision-tracked shape cylinder dyn 1 tracked 1 infov 0 mode 2 speed 4.17 closing 0.47 nupd 1 seen 0.27 prog10 37.8 layout forest vdes 6
[100/150] speed=6 SR  FR_SAFE_3   seed 10  goal      clr  0.85  t  81.1  inf 239  N 26.9  mpc   8.4 ms  err 1.44  xte 2.20  xmax 7.02  off 0.96  nrj 1
[101/150] speed=6 SR  FR_SAFE_3   seed 11  goal      clr  0.53  t  22.0  inf  65  N 27.6  mpc   7.4 ms  err 1.30  xte 4.50  xmax 8.44  off 0.92  nrj 1
[102/150] speed=6 SR  FR_SAFE_3   seed 12  goal      clr  0.75  t  24.0  inf  71  N 27.5  mpc   7.8 ms  err 1.33  xte 2.03  xmax 5.22  off 0.71  nrj 1
[103/150] speed=6 SR  FR_SAFE_3   seed 13  goal      clr  0.10  t  13.9  inf  41  N 25.7  mpc   6.5 ms  err 1.17  xte 3.51  xmax 6.87  off 0.69  nrj 1
[104/150] speed=6 SR  FR_SAFE_3   seed 14  goal      clr  0.47  t  27.7  inf  82  N 27.1  mpc   7.8 ms  err 1.55  xte 5.72  xmax 12.82  off 0.92  nrj 1
[105/150] speed=6 SR  FR_SAFE_3   seed 15  goal      clr  0.63  t  35.1  inf 104  N 27.3  mpc   8.3 ms  err 0.87  xte 1.52  xmax 3.19  off 0.84  nrj 1
[106/150] speed=6 SR  FR_SAFE_3   seed 16  collision clr -0.00  t  10.5  inf  31  N 26.5  mpc   7.1 ms  err 1.31  xte 3.99  xmax 6.34  off 0.61  nrj 1
FAILINFO speed=6 SR FR_SAFE_3 seed 16 cls collision-tracked shape box dyn 1 tracked 1 infov 0 mode 2 speed 2.84 closing 0.60 nupd 1 seen 0.28 prog10 30.4 layout corridor vdes 6
[107/150] speed=6 SR  FR_SAFE_3   seed 17  goal      clr  0.82  t  39.0  inf 115  N 27.0  mpc   8.0 ms  err 1.34  xte 3.80  xmax 7.99  off 0.86  nrj 1
[108/150] speed=6 SR  FR_SAFE_3   seed 18  goal      clr  0.42  t  37.2  inf 110  N 28.3  mpc   9.1 ms  err 1.23  xte 1.99  xmax 3.26  off 0.87  nrj 1
[109/150] speed=6 SR  FR_SAFE_3   seed 19  goal      clr  0.82  t  41.6  inf 123  N 23.4  mpc   6.8 ms  err 0.69  xte 1.50  xmax 3.56  off 0.92  nrj 2
[110/150] speed=6 SR  FR_SAFE_3   seed 20  goal      clr  0.52  t  31.0  inf  92  N 24.6  mpc   6.8 ms  err 1.12  xte 6.60  xmax 11.54  off 0.85  nrj 1
[111/150] speed=6 SR  FR_SAFE_3   seed 21  goal      clr  0.41  t  32.6  inf  96  N 26.6  mpc   7.8 ms  err 1.63  xte 2.14  xmax 6.12  off 0.86  nrj 2
[112/150] speed=6 SR  FR_SAFE_3   seed 22  goal      clr  1.47  t  17.1  inf  51  N 24.0  mpc   6.1 ms  err 1.70  xte 3.55  xmax 5.85  off 0.96  nrj 1
[113/150] speed=6 SR  FR_SAFE_3   seed 23  collision clr -0.01  t   4.6  inf  14  N 25.3  mpc   7.1 ms  err 1.12  xte 2.55  xmax 5.72  off 0.56  nrj 1
FAILINFO speed=6 SR FR_SAFE_3 seed 23 cls collision-tracked shape box dyn 1 tracked 1 infov 1 mode 2 speed 3.42 closing 1.85 nupd 2 seen 0.15 prog10 12.0 layout mixed vdes 6
[114/150] speed=6 SR  FR_SAFE_3   seed 24  goal      clr  0.49  t  22.4  inf  66  N 26.2  mpc   6.9 ms  err 1.01  xte 2.96  xmax 7.48  off 0.77  nrj 1
[115/150] speed=6 SR  FR_SAFE_3   seed 25  goal      clr  0.86  t  18.1  inf  54  N 23.9  mpc   6.0 ms  err 0.97  xte 2.83  xmax 5.82  off 0.71  nrj 3
[116/150] speed=6 SR  FR_SAFE_3   seed 26  goal      clr  1.12  t  16.9  inf  50  N 27.3  mpc   6.9 ms  err 1.29  xte 2.41  xmax 5.49  off 0.88  nrj 1
[117/150] speed=6 SR  FR_SAFE_3   seed 27  goal      clr  0.97  t  16.3  inf  48  N 26.9  mpc   7.2 ms  err 1.30  xte 2.83  xmax 5.11  off 0.85  nrj 1
[118/150] speed=6 SR  FR_SAFE_3   seed 28  goal      clr  0.73  t  41.0  inf 121  N 23.2  mpc   6.5 ms  err 0.88  xte 1.93  xmax 6.31  off 0.82  nrj 2
[119/150] speed=6 SR  FR_SAFE_3   seed 29  goal      clr  0.65  t  57.2  inf 169  N 25.7  mpc   7.7 ms  err 1.55  xte 5.63  xmax 11.82  off 0.93  nrj 1
[120/150] speed=6 SR  FR_SAFE_3   seed 30  goal      clr  0.25  t  47.8  inf 141  N 25.5  mpc   8.1 ms  err 1.50  xte 5.03  xmax 10.65  off 0.97  nrj 1
[121/150] speed=6 SR  FR_SAFE_10  seed  1  goal      clr  0.05  t  18.9  inf 174  N 25.9  mpc   6.8 ms  err 1.20  xte 3.74  xmax 7.78  off 0.74  nrj 1
[122/150] speed=6 SR  FR_SAFE_10  seed  2  collision clr -0.00  t   4.0  inf  37  N 26.5  mpc   7.1 ms  err 0.94  xte 1.26  xmax 3.46  off 0.54  nrj 1
FAILINFO speed=6 SR FR_SAFE_10 seed 2 cls collision-tracked shape sphere dyn 1 tracked 1 infov 0 mode 2 speed 2.56 closing 0.88 nupd 2 seen 0.10 prog10 12.8 layout uniform vdes 6
[123/150] speed=6 SR  FR_SAFE_10  seed  3  collision clr -0.00  t   7.0  inf  66  N 27.5  mpc   7.4 ms  err 1.27  xte 1.49  xmax 1.99  off 0.89  nrj 1
FAILINFO speed=6 SR FR_SAFE_10 seed 3 cls collision-tracked shape sphere dyn 1 tracked 1 infov 0 mode 2 speed 1.22 closing 0.34 nupd 2 seen 0.00 prog10 18.2 layout corridor vdes 6
[124/150] speed=6 SR  FR_SAFE_10  seed  4  goal      clr  0.48  t  18.4  inf 175  N 26.0  mpc   6.9 ms  err 1.07  xte 5.27  xmax 9.66  off 0.85  nrj 1
[125/150] speed=6 SR  FR_SAFE_10  seed  5  goal      clr  0.91  t  35.3  inf 323  N 24.9  mpc   7.6 ms  err 1.16  xte 3.11  xmax 6.39  off 0.90  nrj 1
[126/150] speed=6 SR  FR_SAFE_10  seed  6  collision clr -0.00  t   7.6  inf  71  N 26.6  mpc   7.0 ms  err 0.51  xte 1.24  xmax 2.38  off 0.68  nrj 2
FAILINFO speed=6 SR FR_SAFE_10 seed 6 cls collision-tracked shape box dyn 1 tracked 1 infov 0 mode 2 speed 2.20 closing 0.43 nupd 3 seen 0.37 prog10 31.9 layout clusters vdes 6
[127/150] speed=6 SR  FR_SAFE_10  seed  7  goal      clr  0.52  t  16.8  inf 154  N 27.2  mpc   7.3 ms  err 1.06  xte 2.47  xmax 4.92  off 0.83  nrj 1
[128/150] speed=6 SR  FR_SAFE_10  seed  8  goal      clr  0.71  t  14.6  inf 137  N 24.6  mpc   6.5 ms  err 0.59  xte 1.65  xmax 3.78  off 0.48  nrj 3
[129/150] speed=6 SR  FR_SAFE_10  seed  9  goal      clr  0.80  t  26.9  inf 251  N 26.8  mpc   7.8 ms  err 1.52  xte 5.08  xmax 9.19  off 0.94  nrj 1
[130/150] speed=6 SR  FR_SAFE_10  seed 10  goal      clr  0.69  t  19.4  inf 177  N 27.2  mpc   7.0 ms  err 1.19  xte 3.80  xmax 7.61  off 0.92  nrj 1
[131/150] speed=6 SR  FR_SAFE_10  seed 11  goal      clr  0.60  t  20.1  inf 185  N 27.2  mpc   7.1 ms  err 0.98  xte 3.88  xmax 8.50  off 0.85  nrj 1
[132/150] speed=6 SR  FR_SAFE_10  seed 12  collision clr -0.01  t   4.5  inf  42  N 24.8  mpc   7.0 ms  err 0.19  xte 1.22  xmax 2.13  off 0.63  nrj 1
FAILINFO speed=6 SR FR_SAFE_10 seed 12 cls collision-tracked shape cylinder dyn 1 tracked 1 infov 0 mode 2 speed 2.83 closing 0.68 nupd 10 seen 0.08 prog10 7.1 layout uniform vdes 6
[133/150] speed=6 SR  FR_SAFE_10  seed 13  goal      clr  0.16  t  17.7  inf 167  N 26.3  mpc   7.0 ms  err 1.09  xte 3.34  xmax 7.14  off 0.81  nrj 1
[134/150] speed=6 SR  FR_SAFE_10  seed 14  goal      clr  0.18  t  25.8  inf 236  N 25.6  mpc   7.1 ms  err 1.61  xte 8.89  xmax 17.79  off 0.91  nrj 1
[135/150] speed=6 SR  FR_SAFE_10  seed 15  goal      clr  0.59  t  15.9  inf 146  N 25.0  mpc   6.7 ms  err 0.75  xte 2.17  xmax 5.34  off 0.65  nrj 2
[136/150] speed=6 SR  FR_SAFE_10  seed 16  collision clr -0.02  t   9.8  inf  93  N 26.8  mpc   7.1 ms  err 1.19  xte 4.05  xmax 6.17  off 0.73  nrj 1
FAILINFO speed=6 SR FR_SAFE_10 seed 16 cls collision-tracked shape box dyn 1 tracked 1 infov 0 mode 2 speed 2.71 closing 1.58 nupd 2 seen 0.15 prog10 31.3 layout corridor vdes 6
[137/150] speed=6 SR  FR_SAFE_10  seed 17  goal      clr  0.74  t  49.5  inf 465  N 27.0  mpc   8.3 ms  err 1.29  xte 3.74  xmax 6.98  off 0.95  nrj 1
[138/150] speed=6 SR  FR_SAFE_10  seed 18  goal      clr  0.30  t  36.6  inf 340  N 27.8  mpc   8.6 ms  err 1.62  xte 1.73  xmax 2.99  off 0.89  nrj 1
[139/150] speed=6 SR  FR_SAFE_10  seed 19  goal      clr  0.97  t  14.6  inf 138  N 26.6  mpc   6.9 ms  err 1.18  xte 3.29  xmax 5.82  off 0.91  nrj 1
[140/150] speed=6 SR  FR_SAFE_10  seed 20  goal      clr  0.61  t  21.1  inf 196  N 27.9  mpc   7.6 ms  err 0.84  xte 3.96  xmax 10.40  off 0.77  nrj 1
[141/150] speed=6 SR  FR_SAFE_10  seed 21  goal      clr  0.49  t  27.9  inf 260  N 25.9  mpc   7.5 ms  err 1.23  xte 2.20  xmax 5.68  off 0.81  nrj 2
[142/150] speed=6 SR  FR_SAFE_10  seed 22  goal      clr  1.13  t  14.9  inf 141  N 24.8  mpc   6.4 ms  err 1.01  xte 3.45  xmax 5.79  off 0.95  nrj 1
[143/150] speed=6 SR  FR_SAFE_10  seed 23  collision clr -0.01  t   6.2  inf  58  N 26.7  mpc   8.2 ms  err 0.69  xte 4.56  xmax 7.26  off 0.77  nrj 1
FAILINFO speed=6 SR FR_SAFE_10 seed 23 cls collision-tracked shape cylinder dyn 1 tracked 1 infov 0 mode 2 speed 2.89 closing 1.83 nupd 24 seen 4.08 prog10 10.4 layout mixed vdes 6
[144/150] speed=6 SR  FR_SAFE_10  seed 24  goal      clr  0.40  t  17.4  inf 163  N 27.3  mpc   7.3 ms  err 0.74  xte 3.86  xmax 7.08  off 0.89  nrj 1
[145/150] speed=6 SR  FR_SAFE_10  seed 25  goal      clr  0.90  t  13.3  inf 123  N 26.6  mpc   6.7 ms  err 0.54  xte 2.50  xmax 5.40  off 0.67  nrj 3
[146/150] speed=6 SR  FR_SAFE_10  seed 26  goal      clr  0.85  t  17.6  inf 164  N 25.2  mpc   7.1 ms  err 1.38  xte 5.68  xmax 10.85  off 0.92  nrj 1
[147/150] speed=6 SR  FR_SAFE_10  seed 27  goal      clr  1.02  t  14.4  inf 133  N 26.5  mpc   7.0 ms  err 1.22  xte 2.37  xmax 5.38  off 0.78  nrj 1
[148/150] speed=6 SR  FR_SAFE_10  seed 28  goal      clr  0.46  t  18.7  inf 174  N 25.7  mpc   7.2 ms  err 1.17  xte 2.54  xmax 5.74  off 0.77  nrj 2
[149/150] speed=6 SR  FR_SAFE_10  seed 29  goal      clr  0.79  t  27.7  inf 257  N 26.5  mpc   7.5 ms  err 1.29  xte 3.07  xmax 5.87  off 0.85  nrj 1
[150/150] speed=6 SR  FR_SAFE_10  seed 30  collision clr -0.02  t  11.2  inf 102  N 28.9  mpc   7.7 ms  err 0.89  xte 2.52  xmax 5.97  off 0.87  nrj 1
FAILINFO speed=6 SR FR_SAFE_10 seed 30 cls collision-tracked shape sphere dyn 1 tracked 1 infov 0 mode 2 speed 3.85 closing 2.81 nupd 10 seen 0.09 prog10 39.7 layout clusters vdes 6
