[  1/150] speed=2 SR  MEM10       seed 31  goal      clr  1.11  t  37.9  inf 147  N 23.1  mpc   4.4 ms  err 1.69  xte 2.29  xmax 4.90  off 0.84  nrj 1
WORLD SR seed 31 layout forest nleg 2 dyn 0.00 nobj 36
[  2/150] speed=2 SR  MEM10       seed 32  goal      clr  0.37  t  47.1  inf 154  N 21.5  mpc   3.9 ms  err 1.05  xte 6.25  xmax 11.19  off 0.93  nrj 1
WORLD SR seed 32 layout forest nleg 3 dyn 0.29 nobj 65
[  3/150] speed=2 SR  MEM10       seed 33  goal      clr  0.80  t  40.2  inf 124  N 24.7  mpc   4.2 ms  err 1.36  xte 1.78  xmax 4.69  off 0.78  nrj 1
WORLD SR seed 33 layout clusters nleg 2 dyn 0.31 nobj 33
[  4/150] speed=2 SR  MEM10       seed 34  goal      clr  0.76  t  49.9  inf 218  N 26.4  mpc   4.8 ms  err 1.07  xte 3.35  xmax 6.41  off 0.89  nrj 1
WORLD SR seed 34 layout forest nleg 2 dyn 0.00 nobj 52
[  5/150] speed=2 SR  MEM10       seed 35  goal      clr  0.53  t  29.4  inf  92  N 24.5  mpc   4.0 ms  err 0.46  xte 1.11  xmax 3.31  off 0.48  nrj 2
WORLD SR seed 35 layout clusters nleg 3 dyn 0.00 nobj 25
[  6/150] speed=2 SR  MEM10       seed 36  goal      clr  0.58  t  32.9  inf 109  N 21.0  mpc   3.5 ms  err 1.10  xte 1.23  xmax 2.63  off 0.66  nrj 2
WORLD SR seed 36 layout mixed nleg 2 dyn 0.00 nobj 25
[  7/150] speed=2 SR  MEM10       seed 37  goal      clr  0.73  t  32.0  inf  93  N 22.4  mpc   3.5 ms  err 1.48  xte 1.54  xmax 4.19  off 0.57  nrj 3
WORLD SR seed 37 layout clusters nleg 3 dyn 0.00 nobj 16
[  8/150] speed=2 SR  MEM10       seed 38  goal      clr  0.11  t  33.6  inf 112  N 25.2  mpc   4.1 ms  err 1.80  xte 2.51  xmax 6.21  off 0.72  nrj 1
WORLD SR seed 38 layout corridor nleg 3 dyn 0.27 nobj 22
[  9/150] speed=2 SR  MEM10       seed 39  goal      clr  0.70  t  26.8  inf  98  N 24.1  mpc   3.7 ms  err 0.82  xte 1.40  xmax 3.57  off 0.44  nrj 2
WORLD SR seed 39 layout mixed nleg 1 dyn 0.00 nobj 28
[ 10/150] speed=2 SR  MEM10       seed 40  goal      clr  0.56  t  35.8  inf 114  N 25.6  mpc   4.4 ms  err 0.99  xte 1.62  xmax 3.31  off 0.68  nrj 1
WORLD SR seed 40 layout mixed nleg 3 dyn 0.00 nobj 37
[ 11/150] speed=2 SR  MEM10       seed 41  goal      clr  0.18  t  29.0  inf 139  N 25.8  mpc   4.1 ms  err 1.19  xte 3.16  xmax 6.29  off 0.72  nrj 1
WORLD SR seed 41 layout mixed nleg 1 dyn 0.17 nobj 40
[ 12/150] speed=2 SR  MEM10       seed 42  goal      clr  0.74  t  43.9  inf 199  N 24.7  mpc   4.2 ms  err 0.94  xte 2.69  xmax 5.35  off 0.68  nrj 1
WORLD SR seed 42 layout uniform nleg 3 dyn 0.20 nobj 23
[ 13/150] speed=2 SR  MEM10       seed 43  collision clr -0.01  t   7.2  inf  27  N 15.4  mpc   2.1 ms  err 1.51  xte 0.20  xmax 0.83  off 0.07  nrj 2
WORLD SR seed 43 layout corridor nleg 1 dyn 0.24 nobj 20
FAILINFO speed=2 SR MEM10 seed 43 cls collision-tracked shape box dyn 1 tracked 1 infov 1 mode 2 speed 1.00 closing 0.39 nupd 1 seen 0.95 prog10 12.5 layout corridor vdes 2
[ 14/150] speed=2 SR  MEM10       seed 44  goal      clr  0.57  t  36.9  inf 119  N 22.4  mpc   3.5 ms  err 1.38  xte 5.88  xmax 9.92  off 0.87  nrj 1
WORLD SR seed 44 layout clusters nleg 1 dyn 0.28 nobj 27
[ 15/150] speed=2 SR  MEM10       seed 45  goal      clr  0.59  t  30.5  inf  88  N 24.0  mpc   3.7 ms  err 0.85  xte 1.50  xmax 3.12  off 0.75  nrj 1
WORLD SR seed 45 layout mixed nleg 2 dyn 0.00 nobj 31
[ 16/150] speed=2 SR  MEM10       seed 46  goal      clr  0.09  t  32.1  inf 107  N 20.3  mpc   2.9 ms  err 1.33  xte 1.30  xmax 2.79  off 0.67  nrj 3
WORLD SR seed 46 layout corridor nleg 3 dyn 0.14 nobj 22
[ 17/150] speed=2 SR  MEM10       seed 47  goal      clr  0.60  t  56.3  inf 206  N 24.2  mpc   3.7 ms  err 0.86  xte 5.10  xmax 10.16  off 0.95  nrj 1
WORLD SR seed 47 layout mixed nleg 2 dyn 0.00 nobj 39
[ 18/150] speed=2 SR  MEM10       seed 48  goal      clr  0.57  t  27.3  inf  63  N 22.9  mpc   3.2 ms  err 0.84  xte 1.47  xmax 2.57  off 0.83  nrj 1
WORLD SR seed 48 layout uniform nleg 3 dyn 0.00 nobj 25
[ 19/150] speed=2 SR  MEM10       seed 49  goal      clr  0.10  t  38.4  inf 109  N 24.3  mpc   3.7 ms  err 1.22  xte 6.13  xmax 12.25  off 0.84  nrj 2
WORLD SR seed 49 layout mixed nleg 2 dyn 0.23 nobj 42
[ 20/150] speed=2 SR  MEM10       seed 50  goal      clr  0.62  t  39.7  inf 113  N 25.3  mpc   3.6 ms  err 0.70  xte 3.78  xmax 8.93  off 0.86  nrj 1
WORLD SR seed 50 layout clusters nleg 1 dyn 0.25 nobj 34
[ 21/150] speed=2 SR  MEM10       seed 51  goal      clr  0.38  t  31.1  inf  91  N 24.1  mpc   3.7 ms  err 1.76  xte 3.69  xmax 5.97  off 0.79  nrj 1
WORLD SR seed 51 layout corridor nleg 2 dyn 0.26 nobj 19
[ 22/150] speed=2 SR  MEM10       seed 52  goal      clr  0.63  t  35.6  inf 136  N 24.0  mpc   4.0 ms  err 0.95  xte 1.85  xmax 4.26  off 0.82  nrj 1
WORLD SR seed 52 layout uniform nleg 3 dyn 0.00 nobj 30
[ 23/150] speed=2 SR  MEM10       seed 53  collision clr -0.01  t   5.3  inf  22  N 21.6  mpc   3.3 ms  err 1.50  xte 0.50  xmax 0.79  off 0.49  nrj 1
WORLD SR seed 53 layout forest nleg 1 dyn 0.14 nobj 38
FAILINFO speed=2 SR MEM10 seed 53 cls collision-tracked shape sphere dyn 1 tracked 1 infov 0 mode 2 speed 1.79 closing 1.58 nupd 4 seen 0.46 prog10 9.7 layout forest vdes 2
[ 24/150] speed=2 SR  MEM10       seed 54  goal      clr  0.02  t  28.4  inf  92  N 22.1  mpc   3.3 ms  err 0.90  xte 2.95  xmax 6.00  off 0.80  nrj 2
WORLD SR seed 54 layout mixed nleg 2 dyn 0.19 nobj 37
[ 25/150] speed=2 SR  MEM10       seed 55  goal      clr  0.06  t  32.9  inf  83  N 23.5  mpc   3.7 ms  err 0.99  xte 5.31  xmax 8.57  off 0.93  nrj 1
WORLD SR seed 55 layout mixed nleg 3 dyn 0.30 nobj 54
[ 26/150] speed=2 SR  MEM10       seed 56  goal      clr  0.04  t  36.3  inf 159  N 22.8  mpc   3.8 ms  err 0.80  xte 5.38  xmax 8.44  off 0.90  nrj 1
WORLD SR seed 56 layout clusters nleg 1 dyn 0.26 nobj 32
[ 27/150] speed=2 SR  MEM10       seed 57  goal      clr  0.85  t  48.4  inf 174  N 21.7  mpc   3.5 ms  err 1.56  xte 3.55  xmax 8.18  off 0.87  nrj 1
WORLD SR seed 57 layout forest nleg 3 dyn 0.00 nobj 42
[ 28/150] speed=2 SR  MEM10       seed 58  goal      clr  0.55  t  42.4  inf 122  N 24.0  mpc   3.7 ms  err 1.67  xte 5.78  xmax 11.55  off 0.82  nrj 1
WORLD SR seed 58 layout mixed nleg 3 dyn 0.34 nobj 56
[ 29/150] speed=2 SR  MEM10       seed 59  goal      clr  0.52  t  26.6  inf  97  N 17.9  mpc   2.6 ms  err 1.09  xte 1.53  xmax 3.09  off 0.62  nrj 2
WORLD SR seed 59 layout corridor nleg 2 dyn 0.00 nobj 17
[ 30/150] speed=2 SR  MEM10       seed 60  goal      clr  0.47  t  37.7  inf 152  N 24.0  mpc   4.0 ms  err 1.06  xte 1.14  xmax 2.45  off 0.66  nrj 1
WORLD SR seed 60 layout clusters nleg 3 dyn 0.14 nobj 23
[ 31/150] speed=2 SR  MEM3        seed 31  goal      clr  0.83  t  45.6  inf 156  N 22.9  mpc   3.6 ms  err 0.94  xte 2.02  xmax 5.71  off 0.84  nrj 1
[ 32/150] speed=2 SR  MEM3        seed 32  stuck     clr  0.91  t  66.9  inf 321  N 20.0  mpc   3.5 ms  err 1.33  xte 2.66  xmax 5.59  off 0.96  nrj 1
FAILINFO speed=2 SR MEM3 seed 32 cls stuck shape cylinder dyn 0 tracked 1 infov 0 mode 2 speed 1.02 closing 0.45 nupd 4 seen 0.10 prog10 0.9 layout forest vdes 2
[ 33/150] speed=2 SR  MEM3        seed 33  stuck     clr  0.63  t  84.8  inf 439  N 22.9  mpc   3.9 ms  err 1.31  xte 1.62  xmax 5.08  off 0.86  nrj 1
FAILINFO speed=2 SR MEM3 seed 33 cls stuck shape box dyn 0 tracked 1 infov 0 mode 2 speed 0.31 closing -0.16 nupd 11 seen 0.47 prog10 -0.6 layout clusters vdes 2
[ 34/150] speed=2 SR  MEM3        seed 34  goal      clr  0.06  t  67.7  inf 318  N 23.0  mpc   3.9 ms  err 1.11  xte 5.08  xmax 10.66  off 0.93  nrj 1
[ 35/150] speed=2 SR  MEM3        seed 35  goal      clr  0.51  t  28.8  inf  74  N 25.0  mpc   3.6 ms  err 0.52  xte 0.94  xmax 2.60  off 0.37  nrj 2
[ 36/150] speed=2 SR  MEM3        seed 36  goal      clr  0.77  t  55.7  inf 156  N 18.7  mpc   2.8 ms  err 1.49  xte 3.72  xmax 8.83  off 0.86  nrj 1
[ 37/150] speed=2 SR  MEM3        seed 37  goal      clr  0.65  t  59.8  inf 194  N 18.1  mpc   2.9 ms  err 1.31  xte 2.76  xmax 7.06  off 0.73  nrj 3
[ 38/150] speed=2 SR  MEM3        seed 38  collision clr -0.01  t   9.8  inf  29  N 18.1  mpc   2.9 ms  err 1.34  xte 1.25  xmax 3.92  off 0.44  nrj 1
FAILINFO speed=2 SR MEM3 seed 38 cls collision-tracked shape box dyn 0 tracked 1 infov 0 mode 2 speed 2.05 closing 1.28 nupd 7 seen 4.29 prog10 8.6 layout corridor vdes 2
[ 39/150] speed=2 SR  MEM3        seed 39  goal      clr  0.69  t  26.6  inf  86  N 25.7  mpc   3.8 ms  err 0.85  xte 1.55  xmax 4.10  off 0.43  nrj 2
[ 40/150] speed=2 SR  MEM3        seed 40  goal      clr  0.69  t  40.2  inf 170  N 25.1  mpc   4.1 ms  err 0.91  xte 1.80  xmax 5.21  off 0.77  nrj 1
[ 41/150] speed=2 SR  MEM3        seed 41  collision clr -0.01  t   6.5  inf  30  N 25.7  mpc   3.9 ms  err 0.84  xte 0.37  xmax 1.19  off 0.20  nrj 1
FAILINFO speed=2 SR MEM3 seed 41 cls collision-tracked shape sphere dyn 1 tracked 1 infov 0 mode 2 speed 1.83 closing 1.22 nupd 3 seen 0.63 prog10 11.7 layout mixed vdes 2
[ 42/150] speed=2 SR  MEM3        seed 42  goal      clr  0.55  t  32.9  inf  90  N 22.1  mpc   3.4 ms  err 1.04  xte 2.85  xmax 3.92  off 0.95  nrj 1
[ 43/150] speed=2 SR  MEM3        seed 43  goal      clr  0.22  t  31.6  inf 108  N 20.4  mpc   3.0 ms  err 1.59  xte 2.40  xmax 5.13  off 0.65  nrj 2
[ 44/150] speed=2 SR  MEM3        seed 44  goal      clr  0.44  t  35.6  inf 126  N 23.6  mpc   3.6 ms  err 1.20  xte 1.85  xmax 3.51  off 0.81  nrj 1
[ 45/150] speed=2 SR  MEM3        seed 45  goal      clr  0.59  t  30.0  inf 116  N 23.1  mpc   3.4 ms  err 0.81  xte 1.60  xmax 3.07  off 0.71  nrj 1
[ 46/150] speed=2 SR  MEM3        seed 46  goal      clr  0.29  t  29.0  inf 114  N 20.1  mpc   3.0 ms  err 1.03  xte 1.11  xmax 2.63  off 0.54  nrj 3
[ 47/150] speed=2 SR  MEM3        seed 47  goal      clr  0.52  t  53.5  inf 239  N 25.4  mpc   4.1 ms  err 0.59  xte 2.63  xmax 5.31  off 0.88  nrj 1
[ 48/150] speed=2 SR  MEM3        seed 48  goal      clr  0.61  t  27.6  inf  63  N 24.0  mpc   3.4 ms  err 0.89  xte 1.46  xmax 2.78  off 0.79  nrj 1
[ 49/150] speed=2 SR  MEM3        seed 49  goal      clr  0.58  t  33.2  inf 104  N 23.7  mpc   3.8 ms  err 1.20  xte 2.31  xmax 4.76  off 0.79  nrj 2
[ 50/150] speed=2 SR  MEM3        seed 50  goal      clr  0.48  t  40.2  inf 128  N 24.4  mpc   3.8 ms  err 1.03  xte 2.16  xmax 4.76  off 0.83  nrj 1
[ 51/150] speed=2 SR  MEM3        seed 51  collision clr -0.00  t  19.4  inf  91  N 26.5  mpc   4.0 ms  err 1.35  xte 1.25  xmax 3.13  off 0.82  nrj 1
FAILINFO speed=2 SR MEM3 seed 51 cls collision-tracked shape sphere dyn 1 tracked 1 infov 0 mode 2 speed 1.77 closing 0.98 nupd 2 seen 0.80 prog10 16.0 layout corridor vdes 2
[ 52/150] speed=2 SR  MEM3        seed 52  goal      clr  0.68  t  34.3  inf 137  N 22.3  mpc   3.2 ms  err 1.01  xte 2.19  xmax 4.29  off 0.85  nrj 1
[ 53/150] speed=2 SR  MEM3        seed 53  collision clr -0.02  t   5.1  inf  18  N 22.2  mpc   3.2 ms  err 0.72  xte 0.21  xmax 0.35  off 0.00  nrj 1
FAILINFO speed=2 SR MEM3 seed 53 cls collision-tracked shape sphere dyn 1 tracked 1 infov 0 mode 2 speed 2.03 closing 1.69 nupd 1 seen 0.07 prog10 9.5 layout forest vdes 2
[ 54/150] speed=2 SR  MEM3        seed 54  goal      clr  0.66  t  46.4  inf 143  N 20.1  mpc   3.0 ms  err 0.85  xte 2.38  xmax 6.14  off 0.54  nrj 2
[ 55/150] speed=2 SR  MEM3        seed 55  goal      clr  0.47  t  60.0  inf 286  N 25.2  mpc   4.1 ms  err 1.27  xte 2.95  xmax 8.68  off 0.86  nrj 1
[ 56/150] speed=2 SR  MEM3        seed 56  collision clr -0.00  t   9.6  inf  50  N 19.0  mpc   2.8 ms  err 0.85  xte 1.36  xmax 2.73  off 0.69  nrj 1
FAILINFO speed=2 SR MEM3 seed 56 cls collision-tracked shape cylinder dyn 0 tracked 1 infov 0 mode 2 speed 1.42 closing 0.91 nupd 2 seen 0.05 prog10 12.3 layout clusters vdes 2
[ 57/150] speed=2 SR  MEM3        seed 57  goal      clr  0.68  t  51.5  inf 242  N 23.9  mpc   3.8 ms  err 1.50  xte 3.23  xmax 7.42  off 0.88  nrj 1
[ 58/150] speed=2 SR  MEM3        seed 58  goal      clr  0.65  t  36.6  inf 170  N 24.7  mpc   3.8 ms  err 0.98  xte 2.45  xmax 4.32  off 0.76  nrj 1
[ 59/150] speed=2 SR  MEM3        seed 59  goal      clr  0.55  t  26.7  inf  96  N 18.6  mpc   2.6 ms  err 1.17  xte 1.35  xmax 2.35  off 0.58  nrj 2
[ 60/150] speed=2 SR  MEM3        seed 60  goal      clr  0.50  t  38.1  inf 153  N 20.8  mpc   3.2 ms  err 1.23  xte 2.86  xmax 5.78  off 0.81  nrj 2
[ 61/150] speed=2 SR  MEM0        seed 31  goal      clr  0.66  t  28.9  inf 111  N 23.3  mpc   3.7 ms  err 1.02  xte 0.95  xmax 2.33  off 0.44  nrj 1
[ 62/150] speed=2 SR  MEM0        seed 32  collision clr -0.01  t  43.7  inf 250  N 21.7  mpc   3.7 ms  err 1.38  xte 1.84  xmax 3.80  off 0.93  nrj 1
FAILINFO speed=2 SR MEM0 seed 32 cls collision-untracked shape cylinder dyn 0 tracked 0 infov 0 mode 2 speed 1.97 closing 0.83 nupd NaN seen 2.08 prog10 9.5 layout forest vdes 2
[ 63/150] speed=2 SR  MEM0        seed 33  goal      clr  0.19  t  37.8  inf 183  N 21.8  mpc   3.4 ms  err 1.05  xte 2.42  xmax 5.60  off 0.86  nrj 1
[ 64/150] speed=2 SR  MEM0        seed 34  collision clr -0.00  t  47.6  inf 270  N 22.2  mpc   3.7 ms  err 1.25  xte 2.06  xmax 3.99  off 0.86  nrj 1
FAILINFO speed=2 SR MEM0 seed 34 cls collision-tracked shape cylinder dyn 0 tracked 1 infov 0 mode 2 speed 1.46 closing 0.17 nupd 2 seen 0.08 prog10 2.0 layout forest vdes 2
[ 65/150] speed=2 SR  MEM0        seed 35  goal      clr  0.16  t  32.3  inf  79  N 20.6  mpc   2.8 ms  err 0.44  xte 1.32  xmax 3.16  off 0.45  nrj 2
[ 66/150] speed=2 SR  MEM0        seed 36  goal      clr  0.87  t  27.3  inf  90  N 21.0  mpc   3.0 ms  err 1.21  xte 0.96  xmax 1.94  off 0.55  nrj 2
[ 67/150] speed=2 SR  MEM0        seed 37  collision clr -0.01  t  14.7  inf  53  N 20.4  mpc   3.0 ms  err 0.93  xte 0.95  xmax 2.58  off 0.55  nrj 2
FAILINFO speed=2 SR MEM0 seed 37 cls collision-untracked shape box dyn 0 tracked 0 infov 1 mode 2 speed 1.97 closing 1.71 nupd NaN seen 0.05 prog10 18.3 layout clusters vdes 2
[ 68/150] speed=2 SR  MEM0        seed 38  collision clr -0.00  t  22.3  inf  71  N 22.9  mpc   3.6 ms  err 1.39  xte 0.97  xmax 2.05  off 0.52  nrj 1
FAILINFO speed=2 SR MEM0 seed 38 cls collision-untracked shape cylinder dyn 0 tracked 0 infov 1 mode 2 speed 1.69 closing 1.36 nupd NaN seen 0.08 prog10 16.1 layout corridor vdes 2
[ 69/150] speed=2 SR  MEM0        seed 39  goal      clr  0.69  t  26.3  inf  79  N 22.8  mpc   3.2 ms  err 0.98  xte 1.60  xmax 3.73  off 0.70  nrj 1
[ 70/150] speed=2 SR  MEM0        seed 40  goal      clr  0.30  t  34.6  inf 100  N 22.7  mpc   3.4 ms  err 1.01  xte 1.86  xmax 4.30  off 0.71  nrj 1
[ 71/150] speed=2 SR  MEM0        seed 41  collision clr -0.00  t  16.1  inf  84  N 23.9  mpc   3.5 ms  err 0.65  xte 2.13  xmax 4.35  off 0.63  nrj 1
FAILINFO speed=2 SR MEM0 seed 41 cls collision-tracked shape sphere dyn 1 tracked 1 infov 0 mode 2 speed 1.92 closing 1.45 nupd 2 seen 0.02 prog10 13.6 layout mixed vdes 2
[ 72/150] speed=2 SR  MEM0        seed 42  goal      clr  0.28  t  31.4  inf  95  N 21.8  mpc   3.3 ms  err 1.09  xte 1.67  xmax 3.57  off 0.88  nrj 1
[ 73/150] speed=2 SR  MEM0        seed 43  goal      clr  0.08  t  46.1  inf 218  N 20.5  mpc   3.2 ms  err 1.42  xte 1.53  xmax 3.56  off 0.67  nrj 3
[ 74/150] speed=2 SR  MEM0        seed 44  goal      clr  0.24  t  40.7  inf 157  N 20.1  mpc   3.0 ms  err 1.30  xte 1.63  xmax 3.50  off 0.73  nrj 1
[ 75/150] speed=2 SR  MEM0        seed 45  goal      clr  0.36  t  28.6  inf  81  N 22.0  mpc   3.2 ms  err 0.80  xte 1.48  xmax 2.95  off 0.72  nrj 1
[ 76/150] speed=2 SR  MEM0        seed 46  goal      clr  0.00  t  27.4  inf  99  N 18.8  mpc   2.7 ms  err 0.99  xte 0.94  xmax 2.45  off 0.43  nrj 3
[ 77/150] speed=2 SR  MEM0        seed 47  goal      clr  0.22  t  28.8  inf 107  N 24.7  mpc   3.7 ms  err 0.74  xte 0.78  xmax 1.66  off 0.62  nrj 1
[ 78/150] speed=2 SR  MEM0        seed 48  goal      clr  0.43  t  27.6  inf  63  N 22.8  mpc   3.3 ms  err 0.49  xte 1.37  xmax 2.52  off 0.77  nrj 1
[ 79/150] speed=2 SR  MEM0        seed 49  goal      clr  0.47  t  33.3  inf 134  N 22.5  mpc   3.4 ms  err 1.02  xte 1.50  xmax 3.82  off 0.69  nrj 2
[ 80/150] speed=2 SR  MEM0        seed 50  goal      clr  0.11  t  36.8  inf 141  N 22.3  mpc   3.4 ms  err 0.61  xte 4.50  xmax 8.51  off 0.80  nrj 1
[ 81/150] speed=2 SR  MEM0        seed 51  collision clr -0.01  t  20.4  inf  97  N 24.1  mpc   3.7 ms  err 1.28  xte 0.97  xmax 2.44  off 0.62  nrj 2
FAILINFO speed=2 SR MEM0 seed 51 cls collision-tracked shape sphere dyn 0 tracked 1 infov 0 mode 2 speed 1.12 closing 0.69 nupd 2 seen 0.04 prog10 18.3 layout corridor vdes 2
[ 82/150] speed=2 SR  MEM0        seed 52  goal      clr  0.47  t  33.4  inf 153  N 22.4  mpc   3.3 ms  err 1.02  xte 2.19  xmax 4.63  off 0.72  nrj 1
[ 83/150] speed=2 SR  MEM0        seed 53  collision clr -0.00  t   5.2  inf  18  N 20.7  mpc   3.1 ms  err 1.10  xte 0.18  xmax 0.26  off 0.00  nrj 1
FAILINFO speed=2 SR MEM0 seed 53 cls collision-tracked shape sphere dyn 1 tracked 1 infov 0 mode 2 speed 1.53 closing 0.97 nupd 1 seen 0.03 prog10 9.5 layout forest vdes 2
[ 84/150] speed=2 SR  MEM0        seed 54  goal      clr  0.35  t  34.3  inf 123  N 23.6  mpc   3.5 ms  err 0.95  xte 1.85  xmax 3.59  off 0.73  nrj 2
[ 85/150] speed=2 SR  MEM0        seed 55  collision clr -0.00  t  35.5  inf 153  N 23.2  mpc   3.7 ms  err 1.04  xte 2.80  xmax 6.03  off 0.87  nrj 1
FAILINFO speed=2 SR MEM0 seed 55 cls collision-untracked shape sphere dyn 1 tracked 0 infov 0 mode 2 speed 1.79 closing 1.00 nupd NaN seen 0.65 prog10 18.8 layout mixed vdes 2
[ 86/150] speed=2 SR  MEM0        seed 56  collision clr -0.00  t   9.3  inf  45  N 19.5  mpc   3.1 ms  err 0.96  xte 1.59  xmax 3.46  off 0.68  nrj 1
FAILINFO speed=2 SR MEM0 seed 56 cls collision-tracked shape box dyn 1 tracked 1 infov 1 mode 2 speed 1.02 closing 0.40 nupd 3 seen 0.03 prog10 12.2 layout clusters vdes 2
[ 87/150] speed=2 SR  MEM0        seed 57  goal      clr  0.07  t  36.6  inf 159  N 20.6  mpc   3.2 ms  err 1.40  xte 2.32  xmax 5.26  off 0.86  nrj 1
[ 88/150] speed=2 SR  MEM0        seed 58  goal      clr  0.39  t  36.6  inf 141  N 22.7  mpc   3.4 ms  err 0.82  xte 1.90  xmax 3.82  off 0.78  nrj 1
[ 89/150] speed=2 SR  MEM0        seed 59  goal      clr  0.52  t  26.5  inf  87  N 17.4  mpc   2.5 ms  err 1.17  xte 1.39  xmax 2.81  off 0.58  nrj 2
[ 90/150] speed=2 SR  MEM0        seed 60  goal      clr  0.17  t  34.0  inf  98  N 21.3  mpc   3.1 ms  err 0.99  xte 1.79  xmax 4.01  off 0.87  nrj 1
[ 91/150] speed=2 SR  FR_SAFE_3   seed 31  goal      clr  0.89  t  49.7  inf 147  N 26.3  mpc   4.6 ms  err 1.44  xte 2.26  xmax 6.11  off 0.83  nrj 1
[ 92/150] speed=2 SR  FR_SAFE_3   seed 32  goal      clr  0.53  t  93.8  inf 276  N 23.5  mpc   4.1 ms  err 1.34  xte 5.34  xmax 11.07  off 0.91  nrj 1
[ 93/150] speed=2 SR  FR_SAFE_3   seed 33  collision clr -0.01  t  11.2  inf  33  N 24.0  mpc   3.7 ms  err 0.71  xte 2.49  xmax 4.70  off 0.55  nrj 1
FAILINFO speed=2 SR FR_SAFE_3 seed 33 cls collision-tracked shape box dyn 1 tracked 1 infov 0 mode 2 speed 1.82 closing 1.24 nupd 2 seen 0.26 prog10 16.6 layout clusters vdes 2
[ 94/150] speed=2 SR  FR_SAFE_3   seed 34  goal      clr  0.65  t  35.9  inf 106  N 25.1  mpc   3.9 ms  err 1.01  xte 3.44  xmax 5.68  off 0.89  nrj 1
[ 95/150] speed=2 SR  FR_SAFE_3   seed 35  goal      clr  0.54  t  30.2  inf  89  N 24.5  mpc   3.5 ms  err 0.53  xte 1.38  xmax 3.03  off 0.57  nrj 2
[ 96/150] speed=2 SR  FR_SAFE_3   seed 36  goal      clr  0.66  t  32.9  inf  97  N 19.9  mpc   3.0 ms  err 1.15  xte 3.01  xmax 6.64  off 0.83  nrj 2
[ 97/150] speed=2 SR  FR_SAFE_3   seed 37  goal      clr  0.57  t  42.6  inf 126  N 22.5  mpc   3.6 ms  err 1.43  xte 1.52  xmax 5.07  off 0.57  nrj 3
[ 98/150] speed=2 SR  FR_SAFE_3   seed 38  collision clr -0.01  t  24.9  inf  74  N 26.4  mpc   4.3 ms  err 1.46  xte 1.65  xmax 5.21  off 0.80  nrj 1
FAILINFO speed=2 SR FR_SAFE_3 seed 38 cls collision-tracked shape box dyn 1 tracked 1 infov 0 mode 2 speed 1.90 closing 1.49 nupd 2 seen 0.10 prog10 14.2 layout corridor vdes 2
[ 99/150] speed=2 SR  FR_SAFE_3   seed 39  goal      clr  0.68  t  27.7  inf  82  N 24.6  mpc   3.6 ms  err 1.12  xte 1.61  xmax 4.17  off 0.59  nrj 2
[100/150] speed=2 SR  FR_SAFE_3   seed 40  goal      clr  0.49  t  52.5  inf 155  N 23.3  mpc   3.8 ms  err 0.90  xte 3.14  xmax 8.13  off 0.80  nrj 1
[101/150] speed=2 SR  FR_SAFE_3   seed 41  collision clr -0.00  t   6.6  inf  20  N 25.4  mpc   3.6 ms  err 1.19  xte 0.46  xmax 1.27  off 0.31  nrj 1
FAILINFO speed=2 SR FR_SAFE_3 seed 41 cls collision-tracked shape sphere dyn 1 tracked 1 infov 0 mode 2 speed 1.72 closing 0.99 nupd 3 seen 0.17 prog10 11.7 layout mixed vdes 2
[102/150] speed=2 SR  FR_SAFE_3   seed 42  goal      clr  0.81  t  32.9  inf  97  N 22.9  mpc   3.6 ms  err 0.86  xte 1.83  xmax 3.80  off 0.77  nrj 1
[103/150] speed=2 SR  FR_SAFE_3   seed 43  collision clr -0.01  t   6.6  inf  20  N 17.1  mpc   2.2 ms  err 1.66  xte 0.04  xmax 0.20  off 0.00  nrj 2
FAILINFO speed=2 SR FR_SAFE_3 seed 43 cls collision-tracked shape box dyn 1 tracked 1 infov 0 mode 2 speed 1.97 closing 1.15 nupd 1 seen 0.16 prog10 12.6 layout corridor vdes 2
[104/150] speed=2 SR  FR_SAFE_3   seed 44  goal      clr  0.35  t  42.4  inf 125  N 22.9  mpc   3.3 ms  err 1.38  xte 4.11  xmax 10.01  off 0.72  nrj 1
[105/150] speed=2 SR  FR_SAFE_3   seed 45  goal      clr  0.72  t  33.3  inf  99  N 24.4  mpc   3.8 ms  err 0.75  xte 1.45  xmax 3.07  off 0.70  nrj 1
[106/150] speed=2 SR  FR_SAFE_3   seed 46  goal      clr  0.23  t  36.3  inf 107  N 21.8  mpc   3.3 ms  err 1.26  xte 2.15  xmax 5.18  off 0.74  nrj 3
[107/150] speed=2 SR  FR_SAFE_3   seed 47  goal      clr  0.41  t  54.9  inf 162  N 24.3  mpc   3.9 ms  err 0.69  xte 3.92  xmax 9.17  off 0.90  nrj 1
[108/150] speed=2 SR  FR_SAFE_3   seed 48  goal      clr  0.59  t  27.3  inf  81  N 23.8  mpc   3.4 ms  err 0.70  xte 1.41  xmax 2.69  off 0.80  nrj 1
[109/150] speed=2 SR  FR_SAFE_3   seed 49  collision clr -0.00  t  38.0  inf 112  N 25.0  mpc   4.1 ms  err 1.63  xte 8.76  xmax 18.49  off 0.86  nrj 2
FAILINFO speed=2 SR FR_SAFE_3 seed 49 cls collision-tracked shape sphere dyn 1 tracked 1 infov 0 mode 2 speed 1.48 closing 0.33 nupd 1 seen 0.30 prog10 7.1 layout mixed vdes 2
[110/150] speed=2 SR  FR_SAFE_3   seed 50  goal      clr  0.06  t  33.5  inf  99  N 21.0  mpc   3.2 ms  err 1.44  xte 4.55  xmax 8.74  off 0.87  nrj 1
[111/150] speed=2 SR  FR_SAFE_3   seed 51  goal      clr  0.52  t  31.2  inf  92  N 24.6  mpc   3.7 ms  err 1.41  xte 1.18  xmax 2.64  off 0.65  nrj 1
[112/150] speed=2 SR  FR_SAFE_3   seed 52  goal      clr  0.62  t  40.8  inf 121  N 25.1  mpc   3.9 ms  err 1.07  xte 4.23  xmax 9.21  off 0.85  nrj 1
[113/150] speed=2 SR  FR_SAFE_3   seed 53  collision clr -0.01  t   5.5  inf  17  N 22.3  mpc   3.4 ms  err 1.43  xte 0.98  xmax 1.54  off 0.66  nrj 1
FAILINFO speed=2 SR FR_SAFE_3 seed 53 cls collision-tracked shape sphere dyn 1 tracked 1 infov 0 mode 2 speed 2.00 closing 1.24 nupd 4 seen 0.03 prog10 9.8 layout forest vdes 2
[114/150] speed=2 SR  FR_SAFE_3   seed 54  goal      clr  0.07  t  32.5  inf  96  N 24.4  mpc   3.6 ms  err 0.83  xte 3.52  xmax 6.27  off 0.89  nrj 1
[115/150] speed=2 SR  FR_SAFE_3   seed 55  goal      clr  0.24  t  94.3  inf 278  N 26.2  mpc   5.2 ms  err 1.45  xte 4.11  xmax 11.59  off 0.86  nrj 1
[116/150] speed=2 SR  FR_SAFE_3   seed 56  goal      clr  0.65  t  33.6  inf  99  N 23.1  mpc   3.5 ms  err 0.81  xte 3.52  xmax 5.70  off 0.86  nrj 1
[117/150] speed=2 SR  FR_SAFE_3   seed 57  goal      clr  0.65  t  84.2  inf 248  N 24.4  mpc   4.4 ms  err 1.21  xte 3.81  xmax 11.15  off 0.73  nrj 1
[118/150] speed=2 SR  FR_SAFE_3   seed 58  collision clr -0.00  t   8.1  inf  24  N 27.1  mpc   4.0 ms  err 0.80  xte 0.71  xmax 1.65  off 0.51  nrj 1
FAILINFO speed=2 SR FR_SAFE_3 seed 58 cls collision-tracked shape cylinder dyn 1 tracked 1 infov 0 mode 2 speed 1.23 closing 1.13 nupd 1 seen 0.26 prog10 14.3 layout mixed vdes 2
[119/150] speed=2 SR  FR_SAFE_3   seed 59  goal      clr  0.49  t  26.2  inf  78  N 18.3  mpc   2.4 ms  err 1.14  xte 1.26  xmax 2.24  off 0.58  nrj 2
[120/150] speed=2 SR  FR_SAFE_3   seed 60  goal      clr  0.52  t  36.6  inf 108  N 24.1  mpc   3.5 ms  err 1.01  xte 2.88  xmax 6.90  off 0.85  nrj 1
[121/150] speed=2 SR  FR_SAFE_10  seed 31  goal      clr  0.95  t  43.3  inf 403  N 24.7  mpc   4.0 ms  err 1.32  xte 1.92  xmax 4.70  off 0.80  nrj 1
[122/150] speed=2 SR  FR_SAFE_10  seed 32  goal      clr  0.93  t  58.6  inf 545  N 24.8  mpc   4.0 ms  err 1.53  xte 4.36  xmax 11.09  off 0.94  nrj 1
[123/150] speed=2 SR  FR_SAFE_10  seed 33  goal      clr  1.00  t  37.2  inf 345  N 21.0  mpc   3.0 ms  err 0.91  xte 4.85  xmax 8.13  off 0.82  nrj 1
[124/150] speed=2 SR  FR_SAFE_10  seed 34  goal      clr  1.00  t  39.9  inf 372  N 22.4  mpc   3.2 ms  err 1.13  xte 5.01  xmax 9.92  off 0.84  nrj 1
[125/150] speed=2 SR  FR_SAFE_10  seed 35  goal      clr  0.50  t  29.6  inf 277  N 23.7  mpc   3.3 ms  err 0.64  xte 1.01  xmax 2.79  off 0.44  nrj 2
[126/150] speed=2 SR  FR_SAFE_10  seed 36  goal      clr  0.92  t  35.1  inf 330  N 22.3  mpc   3.2 ms  err 1.47  xte 3.61  xmax 8.26  off 0.74  nrj 1
[127/150] speed=2 SR  FR_SAFE_10  seed 37  goal      clr  0.73  t  42.0  inf 392  N 20.9  mpc   3.2 ms  err 1.28  xte 2.87  xmax 6.71  off 0.68  nrj 3
[128/150] speed=2 SR  FR_SAFE_10  seed 38  goal      clr  0.22  t  37.2  inf 345  N 21.6  mpc   3.1 ms  err 1.63  xte 3.56  xmax 6.72  off 0.74  nrj 2
[129/150] speed=2 SR  FR_SAFE_10  seed 39  goal      clr  0.80  t  28.6  inf 265  N 25.5  mpc   3.9 ms  err 1.10  xte 1.17  xmax 3.44  off 0.32  nrj 2
[130/150] speed=2 SR  FR_SAFE_10  seed 40  goal      clr  0.60  t  40.3  inf 374  N 24.0  mpc   3.6 ms  err 1.02  xte 1.99  xmax 5.07  off 0.70  nrj 2
[131/150] speed=2 SR  FR_SAFE_10  seed 41  goal      clr  0.15  t  42.4  inf 395  N 24.4  mpc   3.5 ms  err 1.06  xte 3.23  xmax 7.45  off 0.77  nrj 1
[132/150] speed=2 SR  FR_SAFE_10  seed 42  goal      clr  0.59  t  38.9  inf 363  N 23.5  mpc   3.6 ms  err 0.79  xte 2.32  xmax 5.38  off 0.80  nrj 2
[133/150] speed=2 SR  FR_SAFE_10  seed 43  collision clr -0.00  t   6.6  inf  63  N 14.8  mpc   1.9 ms  err 1.51  xte 0.04  xmax 0.13  off 0.00  nrj 2
FAILINFO speed=2 SR FR_SAFE_10 seed 43 cls collision-tracked shape box dyn 1 tracked 1 infov 0 mode 2 speed 1.93 closing 1.87 nupd 12 seen 0.07 prog10 12.4 layout corridor vdes 2
[134/150] speed=2 SR  FR_SAFE_10  seed 44  goal      clr  0.05  t  31.9  inf 294  N 22.4  mpc   3.2 ms  err 1.49  xte 4.18  xmax 6.50  off 0.85  nrj 1
[135/150] speed=2 SR  FR_SAFE_10  seed 45  goal      clr  0.75  t  27.7  inf 259  N 22.3  mpc   3.2 ms  err 0.66  xte 1.51  xmax 2.78  off 0.66  nrj 2
[136/150] speed=2 SR  FR_SAFE_10  seed 46  collision clr -0.00  t  13.7  inf 126  N 21.5  mpc   3.1 ms  err 0.84  xte 1.47  xmax 3.00  off 0.62  nrj 2
FAILINFO speed=2 SR FR_SAFE_10 seed 46 cls collision-tracked shape cylinder dyn 1 tracked 1 infov 0 mode 2 speed 1.17 closing -0.20 nupd 4 seen 0.06 prog10 17.6 layout corridor vdes 2
[137/150] speed=2 SR  FR_SAFE_10  seed 47  goal      clr  0.60  t  40.8  inf 381  N 22.4  mpc   3.2 ms  err 0.61  xte 4.12  xmax 9.29  off 0.91  nrj 1
[138/150] speed=2 SR  FR_SAFE_10  seed 48  goal      clr  0.50  t  27.0  inf 251  N 23.7  mpc   3.3 ms  err 1.04  xte 1.33  xmax 2.32  off 0.79  nrj 1
[139/150] speed=2 SR  FR_SAFE_10  seed 49  goal      clr  0.48  t  38.4  inf 360  N 24.6  mpc   3.6 ms  err 1.24  xte 5.68  xmax 11.58  off 0.78  nrj 2
[140/150] speed=2 SR  FR_SAFE_10  seed 50  goal      clr  0.00  t  31.0  inf 289  N 20.7  mpc   3.0 ms  err 1.13  xte 4.02  xmax 7.82  off 0.83  nrj 1
[141/150] speed=2 SR  FR_SAFE_10  seed 51  goal      clr  0.60  t  45.1  inf 418  N 20.0  mpc   2.9 ms  err 1.64  xte 1.16  xmax 2.79  off 0.73  nrj 3
[142/150] speed=2 SR  FR_SAFE_10  seed 52  goal      clr  0.71  t  33.0  inf 304  N 22.1  mpc   3.2 ms  err 0.98  xte 2.84  xmax 4.72  off 0.88  nrj 1
[143/150] speed=2 SR  FR_SAFE_10  seed 53  collision clr -0.00  t   5.1  inf  48  N 22.3  mpc   3.2 ms  err 0.78  xte 0.10  xmax 0.15  off 0.00  nrj 1
FAILINFO speed=2 SR FR_SAFE_10 seed 53 cls collision-tracked shape sphere dyn 1 tracked 1 infov 0 mode 2 speed 1.73 closing 1.64 nupd 10 seen 0.06 prog10 9.5 layout forest vdes 2
[144/150] speed=2 SR  FR_SAFE_10  seed 54  collision clr -0.02  t  21.7  inf 202  N 22.8  mpc   3.2 ms  err 0.97  xte 3.13  xmax 5.86  off 0.80  nrj 1
FAILINFO speed=2 SR FR_SAFE_10 seed 54 cls collision-tracked shape sphere dyn 1 tracked 1 infov 0 mode 2 speed 1.51 closing 1.76 nupd 1 seen 0.09 prog10 19.3 layout mixed vdes 2
[145/150] speed=2 SR  FR_SAFE_10  seed 55  goal      clr  0.50  t  39.6  inf 367  N 25.3  mpc   3.7 ms  err 0.76  xte 1.85  xmax 3.83  off 0.76  nrj 2
[146/150] speed=2 SR  FR_SAFE_10  seed 56  goal      clr  0.20  t  32.3  inf 302  N 22.7  mpc   3.2 ms  err 0.65  xte 3.23  xmax 5.61  off 0.90  nrj 1
[147/150] speed=2 SR  FR_SAFE_10  seed 57  goal      clr  0.86  t  47.8  inf 442  N 23.1  mpc   3.6 ms  err 1.39  xte 4.84  xmax 10.93  off 0.86  nrj 1
[148/150] speed=2 SR  FR_SAFE_10  seed 58  collision clr -0.01  t  18.2  inf 171  N 21.7  mpc   3.3 ms  err 0.69  xte 3.88  xmax 6.17  off 0.65  nrj 1
FAILINFO speed=2 SR FR_SAFE_10 seed 58 cls collision-tracked shape cylinder dyn 1 tracked 1 infov 0 mode 2 speed 1.05 closing 0.90 nupd 1 seen 1.35 prog10 1.3 layout mixed vdes 2
[149/150] speed=2 SR  FR_SAFE_10  seed 59  goal      clr  0.49  t  26.6  inf 249  N 17.3  mpc   2.3 ms  err 1.00  xte 1.32  xmax 2.69  off 0.54  nrj 2
[150/150] speed=2 SR  FR_SAFE_10  seed 60  goal      clr  0.60  t  43.8  inf 407  N 21.0  mpc   3.1 ms  err 1.17  xte 3.25  xmax 6.84  off 0.85  nrj 1
