[  1/ 70] speed=2 SN  E_COV       seed  1  goal      clr  1.42  t  66.7  inf 106  N 16.0  mpc   4.1 ms  err 1.93  xte 2.10  xmax 5.16  off 0.54  nrj 4
WORLD SN seed 1 layout normal nleg 2 dyn 0.00 nobj 8
[  2/ 70] speed=2 SN  E_COV       seed  2  goal      clr  1.27  t  67.4  inf 126  N 14.2  mpc   3.8 ms  err 2.34  xte 2.20  xmax 6.75  off 0.45  nrj 4
WORLD SN seed 2 layout normal nleg 3 dyn 0.00 nobj 9
[  3/ 70] speed=2 SN  E_COV       seed  3  goal      clr  1.56  t  65.0  inf 108  N 16.3  mpc   3.9 ms  err 3.19  xte 1.69  xmax 4.70  off 0.49  nrj 3
WORLD SN seed 3 layout normal nleg 1 dyn 0.00 nobj 7
[  4/ 70] speed=2 SN  E_COV       seed  4  goal      clr  1.41  t  66.0  inf  97  N 13.5  mpc   2.8 ms  err 2.52  xte 1.72  xmax 5.50  off 0.29  nrj 2
WORLD SN seed 4 layout normal nleg 3 dyn 0.00 nobj 5
[  5/ 70] speed=2 SN  E_COV       seed  5  goal      clr  1.54  t  72.4  inf 157  N 16.4  mpc   4.1 ms  err 3.98  xte 2.80  xmax 7.33  off 0.56  nrj 2
WORLD SN seed 5 layout normal nleg 3 dyn 0.00 nobj 8
[  6/ 70] speed=2 SN  E_COV       seed  6  goal      clr  2.07  t  65.1  inf  94  N 14.2  mpc   3.4 ms  err 2.54  xte 1.98  xmax 7.16  off 0.29  nrj 4
WORLD SN seed 6 layout normal nleg 1 dyn 0.00 nobj 9
[  7/ 70] speed=2 SN  E_COV       seed  7  goal      clr  1.37  t  66.8  inf 122  N 17.5  mpc   4.4 ms  err 2.43  xte 1.84  xmax 4.30  off 0.63  nrj 3
WORLD SN seed 7 layout normal nleg 3 dyn 0.00 nobj 7
[  8/ 70] speed=2 SN  E_COV       seed  8  goal      clr  1.63  t  64.1  inf  95  N 13.4  mpc   2.7 ms  err 2.40  xte 0.89  xmax 2.82  off 0.32  nrj 2
WORLD SN seed 8 layout normal nleg 2 dyn 0.00 nobj 6
[  9/ 70] speed=2 SN  E_COV       seed  9  goal      clr  1.64  t  71.1  inf 120  N 14.2  mpc   3.2 ms  err 2.78  xte 3.06  xmax 9.51  off 0.40  nrj 3
WORLD SN seed 9 layout normal nleg 2 dyn 0.00 nobj 7
[ 10/ 70] speed=2 SN  E_COV       seed 10  goal      clr  1.48  t  63.3  inf 101  N 14.6  mpc   3.1 ms  err 2.62  xte 1.60  xmax 5.56  off 0.28  nrj 3
WORLD SN seed 10 layout normal nleg 1 dyn 0.00 nobj 6
[ 11/ 70] speed=2 SN  COVB1       seed  1  goal      clr  1.43  t  69.3  inf  90  N 15.7  mpc   3.8 ms  err 2.21  xte 2.27  xmax 5.37  off 0.51  nrj 3
[ 12/ 70] speed=2 SN  COVB1       seed  2  goal      clr  1.50  t  69.5  inf 111  N 15.2  mpc   3.8 ms  err 3.13  xte 1.89  xmax 5.55  off 0.42  nrj 5
[ 13/ 70] speed=2 SN  COVB1       seed  3  goal      clr  1.51  t  69.4  inf 115  N 16.0  mpc   3.8 ms  err 2.73  xte 1.39  xmax 3.75  off 0.50  nrj 3
[ 14/ 70] speed=2 SN  COVB1       seed  4  goal      clr  1.62  t  68.5  inf  92  N 13.1  mpc   2.7 ms  err 2.32  xte 1.51  xmax 4.64  off 0.26  nrj 2
[ 15/ 70] speed=2 SN  COVB1       seed  5  goal      clr  1.54  t  71.2  inf 129  N 14.7  mpc   3.5 ms  err 2.50  xte 1.26  xmax 3.95  off 0.40  nrj 4
[ 16/ 70] speed=2 SN  COVB1       seed  6  goal      clr  1.63  t  69.5  inf 122  N 13.5  mpc   3.2 ms  err 3.22  xte 1.89  xmax 5.19  off 0.32  nrj 3
[ 17/ 70] speed=2 SN  COVB1       seed  7  goal      clr  1.27  t  71.2  inf 121  N 16.5  mpc   4.1 ms  err 2.57  xte 1.48  xmax 3.37  off 0.60  nrj 3
[ 18/ 70] speed=2 SN  COVB1       seed  8  goal      clr  1.62  t  73.4  inf 116  N 12.3  mpc   2.5 ms  err 2.47  xte 1.73  xmax 5.65  off 0.34  nrj 3
[ 19/ 70] speed=2 SN  COVB1       seed  9  goal      clr  1.40  t  67.8  inf 101  N 14.5  mpc   3.1 ms  err 2.48  xte 1.12  xmax 3.71  off 0.32  nrj 3
[ 20/ 70] speed=2 SN  COVB1       seed 10  goal      clr  1.54  t  67.4  inf 104  N 14.4  mpc   3.1 ms  err 3.41  xte 1.83  xmax 5.46  off 0.38  nrj 3
[ 21/ 70] speed=2 SN  COVB5       seed  1  goal      clr  1.42  t  66.7  inf 106  N 16.0  mpc   3.8 ms  err 1.93  xte 2.10  xmax 5.16  off 0.54  nrj 4
[ 22/ 70] speed=2 SN  COVB5       seed  2  goal      clr  1.27  t  67.4  inf 126  N 14.2  mpc   3.4 ms  err 2.34  xte 2.20  xmax 6.75  off 0.45  nrj 4
[ 23/ 70] speed=2 SN  COVB5       seed  3  goal      clr  1.56  t  65.0  inf 108  N 16.3  mpc   3.9 ms  err 3.19  xte 1.69  xmax 4.70  off 0.49  nrj 3
[ 24/ 70] speed=2 SN  COVB5       seed  4  goal      clr  1.41  t  66.0  inf  97  N 13.5  mpc   2.8 ms  err 2.52  xte 1.72  xmax 5.50  off 0.29  nrj 2
[ 25/ 70] speed=2 SN  COVB5       seed  5  goal      clr  1.54  t  72.4  inf 157  N 16.4  mpc   4.0 ms  err 3.98  xte 2.80  xmax 7.33  off 0.56  nrj 2
[ 26/ 70] speed=2 SN  COVB5       seed  6  goal      clr  2.07  t  65.1  inf  94  N 14.2  mpc   3.3 ms  err 2.54  xte 1.98  xmax 7.16  off 0.29  nrj 4
[ 27/ 70] speed=2 SN  COVB5       seed  7  goal      clr  1.37  t  66.8  inf 122  N 17.5  mpc   4.4 ms  err 2.43  xte 1.84  xmax 4.30  off 0.63  nrj 3
[ 28/ 70] speed=2 SN  COVB5       seed  8  goal      clr  1.63  t  64.1  inf  95  N 13.4  mpc   2.7 ms  err 2.40  xte 0.89  xmax 2.82  off 0.32  nrj 2
[ 29/ 70] speed=2 SN  COVB5       seed  9  goal      clr  1.64  t  71.1  inf 120  N 14.2  mpc   3.2 ms  err 2.78  xte 3.06  xmax 9.51  off 0.40  nrj 3
[ 30/ 70] speed=2 SN  COVB5       seed 10  goal      clr  1.48  t  63.3  inf 101  N 14.6  mpc   3.1 ms  err 2.62  xte 1.60  xmax 5.56  off 0.28  nrj 3
[ 31/ 70] speed=2 SN  FR_SAFE_3   seed  1  goal      clr  1.08  t  66.2  inf 195  N 16.5  mpc   4.1 ms  err 2.52  xte 2.11  xmax 5.79  off 0.55  nrj 3
[ 32/ 70] speed=2 SN  FR_SAFE_3   seed  2  goal      clr  1.36  t  69.6  inf 205  N 14.3  mpc   3.5 ms  err 2.67  xte 2.05  xmax 5.13  off 0.41  nrj 5
[ 33/ 70] speed=2 SN  FR_SAFE_3   seed  3  goal      clr  1.17  t  63.9  inf 189  N 16.4  mpc   4.0 ms  err 3.00  xte 1.46  xmax 3.67  off 0.48  nrj 3
[ 34/ 70] speed=2 SN  FR_SAFE_3   seed  4  goal      clr  1.15  t  65.6  inf 193  N 13.5  mpc   2.8 ms  err 2.94  xte 1.56  xmax 4.81  off 0.30  nrj 2
[ 35/ 70] speed=2 SN  FR_SAFE_3   seed  5  goal      clr  0.98  t  65.1  inf 192  N 15.7  mpc   3.8 ms  err 3.10  xte 1.30  xmax 3.91  off 0.53  nrj 2
[ 36/ 70] speed=2 SN  FR_SAFE_3   seed  6  goal      clr  1.33  t  63.0  inf 186  N 15.0  mpc   3.6 ms  err 2.65  xte 1.02  xmax 3.79  off 0.28  nrj 4
[ 37/ 70] speed=2 SN  FR_SAFE_3   seed  7  goal      clr  1.24  t  68.1  inf 201  N 16.8  mpc   4.3 ms  err 2.52  xte 1.89  xmax 5.30  off 0.55  nrj 4
[ 38/ 70] speed=2 SN  FR_SAFE_3   seed  8  goal      clr  1.66  t  68.1  inf 201  N 12.3  mpc   2.6 ms  err 2.92  xte 2.21  xmax 6.62  off 0.38  nrj 2
[ 39/ 70] speed=2 SN  FR_SAFE_3   seed  9  goal      clr  1.57  t  63.6  inf 187  N 14.4  mpc   3.3 ms  err 3.04  xte 1.91  xmax 4.89  off 0.44  nrj 2
[ 40/ 70] speed=2 SN  FR_SAFE_3   seed 10  goal      clr  1.29  t  62.8  inf 185  N 14.5  mpc   3.2 ms  err 2.70  xte 1.10  xmax 3.08  off 0.29  nrj 3
[ 41/ 70] speed=2 SN  FR_SAFE_1   seed  1  goal      clr  2.16  t  74.4  inf  75  N 15.2  mpc   3.7 ms  err 2.66  xte 2.70  xmax 7.03  off 0.60  nrj 4
[ 42/ 70] speed=2 SN  FR_SAFE_1   seed  2  goal      clr  1.93  t  74.5  inf  75  N 13.1  mpc   3.2 ms  err 2.90  xte 3.16  xmax 7.05  off 0.55  nrj 3
[ 43/ 70] speed=2 SN  FR_SAFE_1   seed  3  goal      clr  1.45  t  72.5  inf  73  N 15.8  mpc   3.8 ms  err 2.97  xte 2.42  xmax 7.92  off 0.65  nrj 3
[ 44/ 70] speed=2 SN  FR_SAFE_1   seed  4  goal      clr  2.14  t  69.9  inf  70  N 12.9  mpc   2.7 ms  err 2.44  xte 2.10  xmax 5.61  off 0.34  nrj 1
[ 45/ 70] speed=2 SN  FR_SAFE_1   seed  5  goal      clr  1.92  t 105.7  inf 106  N 14.5  mpc   3.6 ms  err 2.79  xte 2.48  xmax 5.80  off 0.71  nrj 3
[ 46/ 70] speed=2 SN  FR_SAFE_1   seed  6  goal      clr  2.08  t  69.4  inf  70  N 13.9  mpc   3.2 ms  err 2.80  xte 2.08  xmax 6.80  off 0.32  nrj 4
[ 47/ 70] speed=2 SN  FR_SAFE_1   seed  7  goal      clr  1.40  t  76.3  inf  77  N 15.4  mpc   3.9 ms  err 2.66  xte 2.48  xmax 6.62  off 0.70  nrj 3
[ 48/ 70] speed=2 SN  FR_SAFE_1   seed  8  goal      clr  2.11  t  69.0  inf  70  N 13.5  mpc   2.9 ms  err 2.75  xte 1.47  xmax 4.16  off 0.36  nrj 3
[ 49/ 70] speed=2 SN  FR_SAFE_1   seed  9  goal      clr  1.91  t  73.2  inf  74  N 14.0  mpc   3.0 ms  err 2.13  xte 3.54  xmax 11.36  off 0.48  nrj 3
[ 50/ 70] speed=2 SN  FR_SAFE_1   seed 10  goal      clr  1.89  t  68.1  inf  69  N 14.1  mpc   3.2 ms  err 2.96  xte 1.45  xmax 4.33  off 0.34  nrj 3
[ 51/ 70] speed=2 SN  E_DART      seed  1  goal      clr  0.87  t  66.4  inf 184  N 14.7  mpc   3.7 ms  err 2.26  xte 2.13  xmax 5.76  off 0.50  nrj 4
[ 52/ 70] speed=2 SN  E_DART      seed  2  goal      clr  1.40  t  64.4  inf 192  N 14.7  mpc   3.8 ms  err 2.25  xte 1.60  xmax 4.68  off 0.45  nrj 5
[ 53/ 70] speed=2 SN  E_DART      seed  3  goal      clr  1.21  t  64.9  inf 197  N 16.3  mpc   4.1 ms  err 3.01  xte 1.40  xmax 4.09  off 0.44  nrj 3
[ 54/ 70] speed=2 SN  E_DART      seed  4  goal      clr  1.52  t  65.6  inf 171  N 13.7  mpc   3.0 ms  err 2.43  xte 1.82  xmax 6.40  off 0.28  nrj 2
[ 55/ 70] speed=2 SN  E_DART      seed  5  goal      clr  1.15  t  69.2  inf 189  N 16.0  mpc   3.9 ms  err 3.08  xte 1.46  xmax 4.24  off 0.45  nrj 4
[ 56/ 70] speed=2 SN  E_DART      seed  6  goal      clr  1.75  t  63.7  inf 179  N 13.1  mpc   3.0 ms  err 2.27  xte 1.21  xmax 3.79  off 0.26  nrj 5
[ 57/ 70] speed=2 SN  E_DART      seed  7  goal      clr  1.53  t  65.7  inf 175  N 17.3  mpc   4.3 ms  err 2.51  xte 1.46  xmax 4.26  off 0.50  nrj 4
[ 58/ 70] speed=2 SN  E_DART      seed  8  goal      clr  1.51  t  63.1  inf 157  N 13.8  mpc   2.9 ms  err 2.70  xte 0.73  xmax 2.46  off 0.21  nrj 3
[ 59/ 70] speed=2 SN  E_DART      seed  9  goal      clr  1.30  t  66.2  inf 183  N 13.7  mpc   3.0 ms  err 2.52  xte 1.84  xmax 5.47  off 0.37  nrj 4
[ 60/ 70] speed=2 SN  E_DART      seed 10  goal      clr  1.50  t  62.3  inf 173  N 14.6  mpc   3.3 ms  err 2.74  xte 0.91  xmax 2.93  off 0.26  nrj 4
[ 61/ 70] speed=2 SN  COV_NOCAP   seed  1  goal      clr  1.42  t  66.7  inf 106  N 16.0  mpc   3.9 ms  err 1.93  xte 2.10  xmax 5.16  off 0.54  nrj 4
[ 62/ 70] speed=2 SN  COV_NOCAP   seed  2  goal      clr  1.27  t  67.4  inf 126  N 14.2  mpc   3.5 ms  err 2.34  xte 2.20  xmax 6.75  off 0.45  nrj 4
[ 63/ 70] speed=2 SN  COV_NOCAP   seed  3  goal      clr  1.56  t  65.0  inf 108  N 16.3  mpc   4.1 ms  err 3.19  xte 1.69  xmax 4.70  off 0.49  nrj 3
[ 64/ 70] speed=2 SN  COV_NOCAP   seed  4  goal      clr  1.41  t  66.0  inf  97  N 13.5  mpc   3.0 ms  err 2.52  xte 1.72  xmax 5.50  off 0.29  nrj 2
[ 65/ 70] speed=2 SN  COV_NOCAP   seed  5  goal      clr  1.54  t  72.4  inf 157  N 16.4  mpc   4.2 ms  err 3.98  xte 2.80  xmax 7.33  off 0.56  nrj 2
[ 66/ 70] speed=2 SN  COV_NOCAP   seed  6  goal      clr  2.07  t  65.1  inf  94  N 14.2  mpc   3.4 ms  err 2.54  xte 1.98  xmax 7.16  off 0.29  nrj 4
[ 67/ 70] speed=2 SN  COV_NOCAP   seed  7  goal      clr  1.37  t  66.8  inf 122  N 17.5  mpc   4.4 ms  err 2.43  xte 1.84  xmax 4.30  off 0.63  nrj 3
[ 68/ 70] speed=2 SN  COV_NOCAP   seed  8  goal      clr  1.63  t  64.1  inf  95  N 13.4  mpc   2.7 ms  err 2.40  xte 0.89  xmax 2.82  off 0.32  nrj 2
[ 69/ 70] speed=2 SN  COV_NOCAP   seed  9  goal      clr  1.64  t  71.1  inf 120  N 14.2  mpc   3.2 ms  err 2.78  xte 3.06  xmax 9.51  off 0.40  nrj 3
[ 70/ 70] speed=2 SN  COV_NOCAP   seed 10  goal      clr  1.48  t  63.3  inf 101  N 14.6  mpc   3.2 ms  err 2.62  xte 1.60  xmax 5.56  off 0.28  nrj 3
