[  1/ 70] speed=4 SN  E_COV       seed  1  goal      clr  1.02  t  44.1  inf 120  N 18.9  mpc   3.5 ms  err 2.10  xte 2.15  xmax 5.78  off 0.48  nrj 3
WORLD SN seed 1 layout normal nleg 2 dyn 0.00 nobj 8
[  2/ 70] speed=4 SN  E_COV       seed  2  goal      clr  1.66  t  45.8  inf 136  N 17.9  mpc   3.6 ms  err 2.50  xte 1.93  xmax 5.76  off 0.45  nrj 4
WORLD SN seed 2 layout normal nleg 3 dyn 0.00 nobj 9
[  3/ 70] speed=4 SN  E_COV       seed  3  goal      clr  1.35  t  43.3  inf 136  N 18.5  mpc   3.2 ms  err 4.03  xte 2.18  xmax 6.36  off 0.52  nrj 4
WORLD SN seed 3 layout normal nleg 1 dyn 0.00 nobj 7
[  4/ 70] speed=4 SN  E_COV       seed  4  goal      clr  1.59  t  44.4  inf 117  N 14.8  mpc   2.1 ms  err 2.27  xte 1.70  xmax 4.54  off 0.33  nrj 2
WORLD SN seed 4 layout normal nleg 3 dyn 0.00 nobj 5
[  5/ 70] speed=4 SN  E_COV       seed  5  goal      clr  1.43  t  43.8  inf 116  N 18.2  mpc   3.1 ms  err 2.45  xte 1.81  xmax 6.36  off 0.45  nrj 4
WORLD SN seed 5 layout normal nleg 3 dyn 0.00 nobj 8
[  6/ 70] speed=4 SN  E_COV       seed  6  goal      clr  2.14  t  42.1  inf 155  N 17.8  mpc   3.1 ms  err 3.41  xte 2.19  xmax 7.22  off 0.49  nrj 2
WORLD SN seed 6 layout normal nleg 1 dyn 0.00 nobj 9
[  7/ 70] speed=4 SN  E_COV       seed  7  goal      clr  1.50  t  43.0  inf 131  N 20.7  mpc   3.6 ms  err 2.48  xte 1.33  xmax 2.57  off 0.67  nrj 3
WORLD SN seed 7 layout normal nleg 3 dyn 0.00 nobj 7
[  8/ 70] speed=4 SN  E_COV       seed  8  goal      clr  1.66  t  46.2  inf 129  N 15.1  mpc   2.3 ms  err 2.85  xte 2.38  xmax 8.48  off 0.39  nrj 3
WORLD SN seed 8 layout normal nleg 2 dyn 0.00 nobj 6
[  9/ 70] speed=4 SN  E_COV       seed  9  goal      clr  1.61  t  44.6  inf 133  N 16.0  mpc   2.6 ms  err 2.20  xte 2.19  xmax 7.88  off 0.35  nrj 3
WORLD SN seed 9 layout normal nleg 2 dyn 0.00 nobj 7
[ 10/ 70] speed=4 SN  E_COV       seed 10  goal      clr  1.69  t  44.0  inf 132  N 16.4  mpc   2.6 ms  err 3.09  xte 2.37  xmax 8.33  off 0.33  nrj 3
WORLD SN seed 10 layout normal nleg 1 dyn 0.00 nobj 6
[ 11/ 70] speed=4 SN  COVB1       seed  1  goal      clr  1.43  t  69.3  inf  90  N 15.7  mpc   2.8 ms  err 2.21  xte 2.27  xmax 5.37  off 0.51  nrj 3
[ 12/ 70] speed=4 SN  COVB1       seed  2  goal      clr  1.50  t  69.5  inf 111  N 15.2  mpc   2.8 ms  err 3.13  xte 1.89  xmax 5.55  off 0.42  nrj 5
[ 13/ 70] speed=4 SN  COVB1       seed  3  goal      clr  1.51  t  69.4  inf 115  N 16.0  mpc   2.8 ms  err 2.73  xte 1.39  xmax 3.75  off 0.50  nrj 3
[ 14/ 70] speed=4 SN  COVB1       seed  4  goal      clr  1.62  t  68.5  inf  92  N 13.1  mpc   2.0 ms  err 2.32  xte 1.51  xmax 4.64  off 0.26  nrj 2
[ 15/ 70] speed=4 SN  COVB1       seed  5  goal      clr  1.54  t  71.2  inf 129  N 14.7  mpc   2.6 ms  err 2.50  xte 1.26  xmax 3.95  off 0.40  nrj 4
[ 16/ 70] speed=4 SN  COVB1       seed  6  goal      clr  1.63  t  69.5  inf 122  N 13.5  mpc   2.3 ms  err 3.22  xte 1.89  xmax 5.19  off 0.32  nrj 3
[ 17/ 70] speed=4 SN  COVB1       seed  7  goal      clr  1.27  t  71.2  inf 121  N 16.5  mpc   3.0 ms  err 2.57  xte 1.48  xmax 3.37  off 0.60  nrj 3
[ 18/ 70] speed=4 SN  COVB1       seed  8  goal      clr  1.62  t  73.4  inf 116  N 12.3  mpc   1.8 ms  err 2.47  xte 1.73  xmax 5.65  off 0.34  nrj 3
[ 19/ 70] speed=4 SN  COVB1       seed  9  goal      clr  1.40  t  67.8  inf 101  N 14.5  mpc   2.4 ms  err 2.48  xte 1.12  xmax 3.71  off 0.32  nrj 3
[ 20/ 70] speed=4 SN  COVB1       seed 10  goal      clr  1.54  t  67.4  inf 104  N 14.4  mpc   2.3 ms  err 3.41  xte 1.83  xmax 5.46  off 0.38  nrj 3
[ 21/ 70] speed=4 SN  COVB5       seed  1  goal      clr  1.25  t  39.2  inf 132  N 19.3  mpc   3.3 ms  err 2.01  xte 1.56  xmax 4.33  off 0.47  nrj 4
[ 22/ 70] speed=4 SN  COVB5       seed  2  goal      clr  1.27  t  38.9  inf 149  N 18.7  mpc   3.3 ms  err 2.35  xte 1.44  xmax 4.12  off 0.35  nrj 5
[ 23/ 70] speed=4 SN  COVB5       seed  3  goal      clr  1.64  t  38.5  inf 138  N 20.1  mpc   3.4 ms  err 3.16  xte 1.68  xmax 4.50  off 0.52  nrj 3
[ 24/ 70] speed=4 SN  COVB5       seed  4  goal      clr  1.59  t  38.5  inf 137  N 16.4  mpc   2.4 ms  err 2.33  xte 1.39  xmax 4.26  off 0.30  nrj 2
[ 25/ 70] speed=4 SN  COVB5       seed  5  goal      clr  1.52  t  38.4  inf 164  N 20.2  mpc   3.4 ms  err 2.98  xte 1.54  xmax 4.32  off 0.50  nrj 2
[ 26/ 70] speed=4 SN  COVB5       seed  6  goal      clr  1.39  t  36.6  inf 137  N 19.2  mpc   3.1 ms  err 2.57  xte 0.77  xmax 2.83  off 0.20  nrj 4
[ 27/ 70] speed=4 SN  COVB5       seed  7  goal      clr  1.30  t  41.2  inf 163  N 20.7  mpc   3.5 ms  err 2.74  xte 1.93  xmax 5.90  off 0.55  nrj 4
[ 28/ 70] speed=4 SN  COVB5       seed  8  goal      clr  1.71  t  38.6  inf 139  N 16.8  mpc   2.6 ms  err 2.45  xte 1.17  xmax 3.73  off 0.32  nrj 3
[ 29/ 70] speed=4 SN  COVB5       seed  9  goal      clr  1.51  t  37.8  inf 136  N 17.5  mpc   2.7 ms  err 2.16  xte 1.31  xmax 3.34  off 0.36  nrj 1
[ 30/ 70] speed=4 SN  COVB5       seed 10  goal      clr  1.37  t  37.4  inf 141  N 17.7  mpc   2.7 ms  err 2.70  xte 0.90  xmax 2.36  off 0.35  nrj 3
[ 31/ 70] speed=4 SN  FR_SAFE_3   seed  1  goal      clr  1.45  t  45.3  inf 134  N 17.8  mpc   3.2 ms  err 2.52  xte 2.28  xmax 6.69  off 0.51  nrj 4
[ 32/ 70] speed=4 SN  FR_SAFE_3   seed  2  goal      clr  1.65  t  46.3  inf 137  N 17.3  mpc   3.2 ms  err 2.53  xte 1.85  xmax 5.46  off 0.45  nrj 5
[ 33/ 70] speed=4 SN  FR_SAFE_3   seed  3  goal      clr  1.31  t  45.0  inf 133  N 18.3  mpc   3.2 ms  err 2.77  xte 1.98  xmax 6.55  off 0.51  nrj 3
[ 34/ 70] speed=4 SN  FR_SAFE_3   seed  4  goal      clr  1.48  t  46.4  inf 137  N 15.7  mpc   2.5 ms  err 2.63  xte 2.19  xmax 6.54  off 0.33  nrj 2
[ 35/ 70] speed=4 SN  FR_SAFE_3   seed  5  goal      clr  1.63  t  44.2  inf 131  N 18.9  mpc   3.4 ms  err 3.38  xte 1.84  xmax 4.48  off 0.53  nrj 3
[ 36/ 70] speed=4 SN  FR_SAFE_3   seed  6  goal      clr  1.84  t  45.6  inf 135  N 15.9  mpc   2.7 ms  err 2.60  xte 2.17  xmax 7.22  off 0.41  nrj 3
[ 37/ 70] speed=4 SN  FR_SAFE_3   seed  7  goal      clr  1.30  t  46.6  inf 137  N 19.5  mpc   3.5 ms  err 2.49  xte 2.20  xmax 7.20  off 0.56  nrj 4
[ 38/ 70] speed=4 SN  FR_SAFE_3   seed  8  goal      clr  1.66  t  43.0  inf 127  N 16.0  mpc   2.4 ms  err 2.61  xte 1.18  xmax 3.93  off 0.31  nrj 3
[ 39/ 70] speed=4 SN  FR_SAFE_3   seed  9  goal      clr  1.49  t  45.5  inf 134  N 16.2  mpc   2.7 ms  err 2.39  xte 1.93  xmax 6.64  off 0.37  nrj 3
[ 40/ 70] speed=4 SN  FR_SAFE_3   seed 10  goal      clr  1.81  t  44.6  inf 132  N 17.0  mpc   2.8 ms  err 2.81  xte 1.83  xmax 6.45  off 0.33  nrj 3
[ 41/ 70] speed=4 SN  FR_SAFE_1   seed  1  goal      clr  2.16  t  74.4  inf  75  N 15.2  mpc   2.8 ms  err 2.66  xte 2.70  xmax 7.03  off 0.60  nrj 4
[ 42/ 70] speed=4 SN  FR_SAFE_1   seed  2  goal      clr  1.93  t  74.5  inf  75  N 13.1  mpc   2.4 ms  err 2.90  xte 3.16  xmax 7.05  off 0.55  nrj 3
[ 43/ 70] speed=4 SN  FR_SAFE_1   seed  3  goal      clr  1.45  t  72.5  inf  73  N 15.8  mpc   2.9 ms  err 2.97  xte 2.42  xmax 7.92  off 0.65  nrj 3
[ 44/ 70] speed=4 SN  FR_SAFE_1   seed  4  goal      clr  2.14  t  69.9  inf  70  N 12.9  mpc   2.1 ms  err 2.44  xte 2.10  xmax 5.61  off 0.34  nrj 1
[ 45/ 70] speed=4 SN  FR_SAFE_1   seed  5  goal      clr  1.92  t 105.7  inf 106  N 14.5  mpc   2.7 ms  err 2.79  xte 2.48  xmax 5.80  off 0.71  nrj 3
[ 46/ 70] speed=4 SN  FR_SAFE_1   seed  6  goal      clr  2.08  t  69.4  inf  70  N 13.9  mpc   2.4 ms  err 2.80  xte 2.08  xmax 6.80  off 0.32  nrj 4
[ 47/ 70] speed=4 SN  FR_SAFE_1   seed  7  goal      clr  1.40  t  76.3  inf  77  N 15.4  mpc   2.8 ms  err 2.66  xte 2.48  xmax 6.62  off 0.70  nrj 3
[ 48/ 70] speed=4 SN  FR_SAFE_1   seed  8  goal      clr  2.11  t  69.0  inf  70  N 13.5  mpc   2.1 ms  err 2.75  xte 1.47  xmax 4.16  off 0.36  nrj 3
[ 49/ 70] speed=4 SN  FR_SAFE_1   seed  9  goal      clr  1.91  t  73.2  inf  74  N 14.0  mpc   2.2 ms  err 2.13  xte 3.54  xmax 11.36  off 0.48  nrj 3
[ 50/ 70] speed=4 SN  FR_SAFE_1   seed 10  goal      clr  1.89  t  68.1  inf  69  N 14.1  mpc   2.3 ms  err 2.96  xte 1.45  xmax 4.33  off 0.34  nrj 3
[ 51/ 70] speed=4 SN  E_DART      seed  1  goal      clr  1.27  t  43.4  inf 272  N 18.6  mpc   3.3 ms  err 2.96  xte 2.14  xmax 5.44  off 0.51  nrj 4
[ 52/ 70] speed=4 SN  E_DART      seed  2  goal      clr  1.37  t  42.2  inf 270  N 17.6  mpc   3.3 ms  err 2.46  xte 1.51  xmax 4.23  off 0.40  nrj 3
[ 53/ 70] speed=4 SN  E_DART      seed  3  goal      clr  1.16  t  42.7  inf 261  N 18.4  mpc   3.2 ms  err 2.77  xte 1.66  xmax 5.20  off 0.40  nrj 4
[ 54/ 70] speed=4 SN  E_DART      seed  4  goal      clr  1.15  t  44.2  inf 264  N 15.4  mpc   2.3 ms  err 2.95  xte 1.83  xmax 5.79  off 0.27  nrj 2
[ 55/ 70] speed=4 SN  E_DART      seed  5  goal      clr  1.25  t  45.3  inf 287  N 19.1  mpc   3.5 ms  err 2.94  xte 1.40  xmax 3.93  off 0.34  nrj 4
[ 56/ 70] speed=4 SN  E_DART      seed  6  goal      clr  1.51  t  41.3  inf 256  N 17.1  mpc   3.1 ms  err 2.73  xte 0.91  xmax 2.53  off 0.26  nrj 3
[ 57/ 70] speed=4 SN  E_DART      seed  7  goal      clr  0.93  t  43.4  inf 276  N 19.6  mpc   3.5 ms  err 2.37  xte 1.30  xmax 3.17  off 0.52  nrj 4
[ 58/ 70] speed=4 SN  E_DART      seed  8  goal      clr  1.16  t  44.9  inf 271  N 15.4  mpc   2.4 ms  err 2.86  xte 1.79  xmax 6.02  off 0.28  nrj 2
[ 59/ 70] speed=4 SN  E_DART      seed  9  goal      clr  1.28  t  42.7  inf 259  N 16.9  mpc   2.8 ms  err 2.74  xte 1.19  xmax 3.98  off 0.37  nrj 4
[ 60/ 70] speed=4 SN  E_DART      seed 10  goal      clr  1.35  t  41.7  inf 248  N 16.7  mpc   2.7 ms  err 2.46  xte 0.83  xmax 2.99  off 0.23  nrj 2
[ 61/ 70] speed=4 SN  COV_NOCAP   seed  1  goal      clr  1.53  t  36.2  inf 288  N 20.2  mpc   3.4 ms  err 2.20  xte 2.91  xmax 7.99  off 0.56  nrj 4
[ 62/ 70] speed=4 SN  COV_NOCAP   seed  2  goal      clr  1.38  t  33.2  inf 280  N 20.3  mpc   3.5 ms  err 2.65  xte 1.52  xmax 4.25  off 0.38  nrj 5
[ 63/ 70] speed=4 SN  COV_NOCAP   seed  3  goal      clr  1.38  t  34.9  inf 277  N 20.7  mpc   3.5 ms  err 2.70  xte 1.81  xmax 4.97  off 0.46  nrj 3
[ 64/ 70] speed=4 SN  COV_NOCAP   seed  4  goal      clr  1.24  t  32.6  inf 278  N 17.8  mpc   2.5 ms  err 2.27  xte 1.31  xmax 4.12  off 0.25  nrj 3
[ 65/ 70] speed=4 SN  COV_NOCAP   seed  5  goal      clr  1.43  t  34.3  inf 274  N 20.2  mpc   3.2 ms  err 3.20  xte 1.56  xmax 4.85  off 0.51  nrj 3
[ 66/ 70] speed=4 SN  COV_NOCAP   seed  6  goal      clr  1.63  t  33.2  inf 274  N 19.5  mpc   3.2 ms  err 2.69  xte 2.26  xmax 7.67  off 0.28  nrj 3
[ 67/ 70] speed=4 SN  COV_NOCAP   seed  7  goal      clr  1.44  t  35.8  inf 287  N 22.1  mpc   3.8 ms  err 2.52  xte 2.18  xmax 5.55  off 0.61  nrj 4
[ 68/ 70] speed=4 SN  COV_NOCAP   seed  8  goal      clr  1.66  t  32.0  inf 275  N 18.3  mpc   2.7 ms  err 2.66  xte 1.02  xmax 3.72  off 0.27  nrj 3
[ 69/ 70] speed=4 SN  COV_NOCAP   seed  9  goal      clr  1.41  t  34.2  inf 267  N 18.6  mpc   3.0 ms  err 2.06  xte 1.65  xmax 5.76  off 0.36  nrj 2
[ 70/ 70] speed=4 SN  COV_NOCAP   seed 10  goal      clr  1.51  t  32.1  inf 269  N 19.8  mpc   3.1 ms  err 2.43  xte 1.50  xmax 4.85  off 0.33  nrj 3
