[  1/ 70] speed=6 SN  E_COV       seed  1  goal      clr  1.50  t  43.8  inf 117  N 18.7  mpc   4.9 ms  err 2.40  xte 1.65  xmax 4.72  off 0.50  nrj 4
WORLD SN seed 1 layout normal nleg 2 dyn 0.00 nobj 8
[  2/ 70] speed=6 SN  E_COV       seed  2  goal      clr  1.86  t  42.5  inf 122  N 18.3  mpc   5.5 ms  err 2.24  xte 1.82  xmax 4.04  off 0.46  nrj 4
WORLD SN seed 2 layout normal nleg 3 dyn 0.00 nobj 9
[  3/ 70] speed=6 SN  E_COV       seed  3  goal      clr  1.43  t  44.2  inf 117  N 18.3  mpc   4.6 ms  err 2.59  xte 1.97  xmax 7.15  off 0.48  nrj 3
WORLD SN seed 3 layout normal nleg 1 dyn 0.00 nobj 7
[  4/ 70] speed=6 SN  E_COV       seed  4  goal      clr  1.76  t  44.1  inf 122  N 15.4  mpc   3.3 ms  err 2.40  xte 1.83  xmax 5.98  off 0.32  nrj 2
WORLD SN seed 4 layout normal nleg 3 dyn 0.00 nobj 5
[  5/ 70] speed=6 SN  E_COV       seed  5  goal      clr  1.24  t  46.0  inf 147  N 18.9  mpc   4.8 ms  err 2.72  xte 1.58  xmax 5.36  off 0.43  nrj 3
WORLD SN seed 5 layout normal nleg 3 dyn 0.00 nobj 8
[  6/ 70] speed=6 SN  E_COV       seed  6  goal      clr  1.49  t  43.7  inf 138  N 16.1  mpc   4.0 ms  err 2.99  xte 2.22  xmax 7.39  off 0.36  nrj 3
WORLD SN seed 6 layout normal nleg 1 dyn 0.00 nobj 9
[  7/ 70] speed=6 SN  E_COV       seed  7  goal      clr  1.50  t  47.2  inf 162  N 19.9  mpc   5.3 ms  err 3.57  xte 3.88  xmax 10.72  off 0.71  nrj 3
WORLD SN seed 7 layout normal nleg 3 dyn 0.00 nobj 7
[  8/ 70] speed=6 SN  E_COV       seed  8  goal      clr  1.77  t  43.7  inf 114  N 15.7  mpc   3.6 ms  err 2.26  xte 1.39  xmax 4.79  off 0.32  nrj 3
WORLD SN seed 8 layout normal nleg 2 dyn 0.00 nobj 6
[  9/ 70] speed=6 SN  E_COV       seed  9  goal      clr  1.36  t  44.7  inf 123  N 16.1  mpc   3.8 ms  err 2.44  xte 2.10  xmax 7.88  off 0.33  nrj 1
WORLD SN seed 9 layout normal nleg 2 dyn 0.00 nobj 7
[ 10/ 70] speed=6 SN  E_COV       seed 10  goal      clr  1.66  t  41.3  inf 102  N 17.2  mpc   3.9 ms  err 2.87  xte 1.26  xmax 3.70  off 0.20  nrj 3
WORLD SN seed 10 layout normal nleg 1 dyn 0.00 nobj 6
[ 11/ 70] speed=6 SN  COVB1       seed  1  goal      clr  1.29  t  69.0  inf 125  N 16.2  mpc   4.4 ms  err 2.16  xte 2.40  xmax 6.04  off 0.53  nrj 3
[ 12/ 70] speed=6 SN  COVB1       seed  2  goal      clr  1.72  t  73.5  inf 146  N 13.4  mpc   3.8 ms  err 3.05  xte 3.06  xmax 8.51  off 0.44  nrj 6
[ 13/ 70] speed=6 SN  COVB1       seed  3  goal      clr  1.09  t  76.8  inf 136  N 16.2  mpc   4.4 ms  err 2.98  xte 2.18  xmax 5.48  off 0.58  nrj 3
[ 14/ 70] speed=6 SN  COVB1       seed  4  goal      clr  1.55  t  69.8  inf  89  N 12.9  mpc   2.9 ms  err 2.15  xte 1.50  xmax 4.11  off 0.29  nrj 2
[ 15/ 70] speed=6 SN  COVB1       seed  5  goal      clr  1.44  t  71.7  inf 116  N 15.4  mpc   4.2 ms  err 2.87  xte 1.62  xmax 3.43  off 0.57  nrj 3
[ 16/ 70] speed=6 SN  COVB1       seed  6  goal      clr  1.40  t  68.3  inf 115  N 14.2  mpc   3.7 ms  err 2.73  xte 1.39  xmax 4.41  off 0.32  nrj 3
[ 17/ 70] speed=6 SN  COVB1       seed  7  goal      clr  1.30  t  74.6  inf 128  N 15.5  mpc   4.2 ms  err 2.61  xte 1.98  xmax 5.17  off 0.55  nrj 4
[ 18/ 70] speed=6 SN  COVB1       seed  8  goal      clr  2.03  t  70.3  inf  89  N 13.4  mpc   3.2 ms  err 2.61  xte 1.70  xmax 4.80  off 0.38  nrj 2
[ 19/ 70] speed=6 SN  COVB1       seed  9  goal      clr  1.35  t  68.8  inf 108  N 14.2  mpc   3.5 ms  err 2.50  xte 1.40  xmax 4.13  off 0.33  nrj 3
[ 20/ 70] speed=6 SN  COVB1       seed 10  goal      clr  1.78  t  68.2  inf 130  N 13.3  mpc   2.9 ms  err 2.99  xte 1.60  xmax 4.98  off 0.32  nrj 4
[ 21/ 70] speed=6 SN  COVB5       seed  1  goal      clr  1.39  t  39.4  inf 132  N 19.4  mpc   4.6 ms  err 2.23  xte 1.63  xmax 4.33  off 0.49  nrj 4
[ 22/ 70] speed=6 SN  COVB5       seed  2  goal      clr  1.42  t  39.5  inf 151  N 19.9  mpc   4.9 ms  err 2.32  xte 1.97  xmax 6.93  off 0.41  nrj 6
[ 23/ 70] speed=6 SN  COVB5       seed  3  goal      clr  1.36  t  40.0  inf 132  N 19.2  mpc   4.4 ms  err 2.77  xte 1.74  xmax 4.87  off 0.51  nrj 3
[ 24/ 70] speed=6 SN  COVB5       seed  4  goal      clr  1.85  t  38.8  inf 140  N 16.2  mpc   3.2 ms  err 2.23  xte 1.57  xmax 4.59  off 0.30  nrj 2
[ 25/ 70] speed=6 SN  COVB5       seed  5  goal      clr  1.30  t  42.4  inf 165  N 18.6  mpc   4.1 ms  err 2.57  xte 2.40  xmax 8.56  off 0.39  nrj 5
[ 26/ 70] speed=6 SN  COVB5       seed  6  goal      clr  1.26  t  37.8  inf 145  N 18.3  mpc   4.0 ms  err 2.43  xte 0.97  xmax 3.38  off 0.24  nrj 3
[ 27/ 70] speed=6 SN  COVB5       seed  7  goal      clr  1.30  t  40.6  inf 165  N 20.2  mpc   4.5 ms  err 2.53  xte 1.85  xmax 5.63  off 0.57  nrj 3
[ 28/ 70] speed=6 SN  COVB5       seed  8  goal      clr  1.61  t  39.1  inf 144  N 17.8  mpc   3.8 ms  err 3.19  xte 1.49  xmax 4.33  off 0.31  nrj 2
[ 29/ 70] speed=6 SN  COVB5       seed  9  goal      clr  1.51  t  39.3  inf 140  N 17.5  mpc   3.9 ms  err 2.56  xte 1.86  xmax 6.01  off 0.38  nrj 2
[ 30/ 70] speed=6 SN  COVB5       seed 10  goal      clr  1.51  t  37.0  inf 135  N 17.8  mpc   4.0 ms  err 2.25  xte 0.90  xmax 3.00  off 0.24  nrj 3
[ 31/ 70] speed=6 SN  FR_SAFE_3   seed  1  goal      clr  1.56  t  44.5  inf 131  N 18.2  mpc   4.6 ms  err 2.22  xte 2.33  xmax 6.69  off 0.48  nrj 4
[ 32/ 70] speed=6 SN  FR_SAFE_3   seed  2  goal      clr  1.71  t  46.4  inf 137  N 16.8  mpc   4.5 ms  err 2.74  xte 2.23  xmax 6.93  off 0.52  nrj 4
[ 33/ 70] speed=6 SN  FR_SAFE_3   seed  3  goal      clr  1.29  t  46.2  inf 136  N 18.6  mpc   4.7 ms  err 2.68  xte 3.22  xmax 11.04  off 0.57  nrj 3
[ 34/ 70] speed=6 SN  FR_SAFE_3   seed  4  goal      clr  1.75  t  44.2  inf 130  N 16.2  mpc   3.5 ms  err 2.99  xte 1.86  xmax 5.41  off 0.34  nrj 1
[ 35/ 70] speed=6 SN  FR_SAFE_3   seed  5  goal      clr  1.37  t  44.3  inf 131  N 19.5  mpc   4.8 ms  err 3.11  xte 1.75  xmax 4.48  off 0.45  nrj 3
[ 36/ 70] speed=6 SN  FR_SAFE_3   seed  6  goal      clr  1.68  t  47.3  inf 140  N 16.8  mpc   4.0 ms  err 2.74  xte 2.85  xmax 9.53  off 0.42  nrj 5
[ 37/ 70] speed=6 SN  FR_SAFE_3   seed  7  goal      clr  1.30  t  46.6  inf 137  N 19.8  mpc   4.8 ms  err 2.52  xte 2.05  xmax 6.76  off 0.56  nrj 4
[ 38/ 70] speed=6 SN  FR_SAFE_3   seed  8  goal      clr  1.54  t  41.6  inf 123  N 16.3  mpc   3.3 ms  err 2.51  xte 0.79  xmax 2.74  off 0.23  nrj 3
[ 39/ 70] speed=6 SN  FR_SAFE_3   seed  9  goal      clr  1.49  t  45.4  inf 134  N 16.3  mpc   3.6 ms  err 2.62  xte 2.18  xmax 6.45  off 0.40  nrj 3
[ 40/ 70] speed=6 SN  FR_SAFE_3   seed 10  goal      clr  1.30  t  43.4  inf 128  N 16.9  mpc   3.8 ms  err 2.82  xte 1.27  xmax 3.50  off 0.31  nrj 3
[ 41/ 70] speed=6 SN  FR_SAFE_1   seed  1  goal      clr  1.62  t  70.7  inf  71  N 15.7  mpc   4.0 ms  err 2.44  xte 2.54  xmax 5.44  off 0.59  nrj 3
[ 42/ 70] speed=6 SN  FR_SAFE_1   seed  2  goal      clr  2.28  t  78.4  inf  79  N 13.4  mpc   3.4 ms  err 2.88  xte 2.96  xmax 7.59  off 0.55  nrj 2
[ 43/ 70] speed=6 SN  FR_SAFE_1   seed  3  goal      clr  1.45  t  75.9  inf  76  N 15.2  mpc   3.8 ms  err 2.54  xte 2.75  xmax 7.03  off 0.60  nrj 3
[ 44/ 70] speed=6 SN  FR_SAFE_1   seed  4  goal      clr  1.78  t  72.2  inf  73  N 12.2  mpc   2.5 ms  err 2.14  xte 2.20  xmax 6.15  off 0.34  nrj 2
[ 45/ 70] speed=6 SN  FR_SAFE_1   seed  5  goal      clr  1.71  t  70.3  inf  71  N 14.2  mpc   3.5 ms  err 2.26  xte 1.83  xmax 5.23  off 0.48  nrj 4
[ 46/ 70] speed=6 SN  FR_SAFE_1   seed  6  goal      clr  2.05  t  70.0  inf  71  N 13.2  mpc   3.1 ms  err 2.67  xte 2.36  xmax 6.92  off 0.33  nrj 3
[ 47/ 70] speed=6 SN  FR_SAFE_1   seed  7  goal      clr  1.72  t  81.5  inf  82  N 14.5  mpc   3.7 ms  err 3.25  xte 4.46  xmax 10.95  off 0.69  nrj 3
[ 48/ 70] speed=6 SN  FR_SAFE_1   seed  8  goal      clr  1.60  t  67.3  inf  68  N 14.6  mpc   3.3 ms  err 2.52  xte 1.16  xmax 3.82  off 0.31  nrj 3
[ 49/ 70] speed=6 SN  FR_SAFE_1   seed  9  goal      clr  1.91  t  69.7  inf  70  N 13.9  mpc   3.2 ms  err 2.29  xte 2.39  xmax 7.79  off 0.41  nrj 1
[ 50/ 70] speed=6 SN  FR_SAFE_1   seed 10  goal      clr  2.02  t  70.4  inf  71  N 13.7  mpc   3.2 ms  err 3.32  xte 2.34  xmax 6.99  off 0.31  nrj 2
[ 51/ 70] speed=6 SN  E_DART      seed  1  goal      clr  0.89  t  46.1  inf 273  N 18.2  mpc   4.6 ms  err 2.03  xte 1.88  xmax 4.76  off 0.51  nrj 4
[ 52/ 70] speed=6 SN  E_DART      seed  2  goal      clr  1.50  t  44.4  inf 273  N 15.8  mpc   4.2 ms  err 2.83  xte 2.18  xmax 4.94  off 0.48  nrj 4
[ 53/ 70] speed=6 SN  E_DART      seed  3  goal      clr  1.16  t  43.1  inf 269  N 18.7  mpc   4.6 ms  err 2.56  xte 0.87  xmax 2.31  off 0.35  nrj 5
[ 54/ 70] speed=6 SN  E_DART      seed  4  goal      clr  1.50  t  42.4  inf 251  N 15.2  mpc   3.2 ms  err 2.46  xte 1.26  xmax 3.82  off 0.23  nrj 2
[ 55/ 70] speed=6 SN  E_DART      seed  5  goal      clr  1.25  t  41.8  inf 278  N 18.6  mpc   4.6 ms  err 2.99  xte 1.41  xmax 4.81  off 0.43  nrj 3
[ 56/ 70] speed=6 SN  E_DART      seed  6  goal      clr  1.49  t  41.5  inf 261  N 16.8  mpc   4.1 ms  err 2.46  xte 0.85  xmax 2.46  off 0.25  nrj 3
[ 57/ 70] speed=6 SN  E_DART      seed  7  goal      clr  0.97  t  44.8  inf 278  N 19.7  mpc   5.1 ms  err 2.55  xte 1.44  xmax 3.73  off 0.59  nrj 5
[ 58/ 70] speed=6 SN  E_DART      seed  8  goal      clr  1.38  t  44.2  inf 267  N 15.5  mpc   3.5 ms  err 3.37  xte 2.77  xmax 7.66  off 0.31  nrj 2
[ 59/ 70] speed=6 SN  E_DART      seed  9  goal      clr  1.25  t  43.3  inf 262  N 16.4  mpc   4.0 ms  err 2.91  xte 1.23  xmax 3.58  off 0.33  nrj 2
[ 60/ 70] speed=6 SN  E_DART      seed 10  goal      clr  1.32  t  42.2  inf 249  N 16.4  mpc   3.8 ms  err 2.63  xte 1.04  xmax 3.00  off 0.25  nrj 3
[ 61/ 70] speed=6 SN  COV_NOCAP   seed  1  goal      clr  1.31  t  23.5  inf 208  N 23.6  mpc   5.6 ms  err 2.47  xte 1.79  xmax 4.46  off 0.58  nrj 4
[ 62/ 70] speed=6 SN  COV_NOCAP   seed  2  goal      clr  1.95  t  23.6  inf 218  N 24.1  mpc   6.3 ms  err 2.34  xte 2.48  xmax 5.87  off 0.45  nrj 5
[ 63/ 70] speed=6 SN  COV_NOCAP   seed  3  goal      clr  1.15  t  27.0  inf 242  N 23.7  mpc   5.9 ms  err 3.53  xte 2.29  xmax 5.72  off 0.60  nrj 3
[ 64/ 70] speed=6 SN  COV_NOCAP   seed  4  goal      clr  1.72  t  23.5  inf 222  N 22.2  mpc   4.6 ms  err 2.59  xte 1.45  xmax 4.66  off 0.34  nrj 2
[ 65/ 70] speed=6 SN  COV_NOCAP   seed  5  goal      clr  1.69  t  23.9  inf 215  N 24.3  mpc   5.9 ms  err 2.92  xte 1.68  xmax 5.32  off 0.44  nrj 4
[ 66/ 70] speed=6 SN  COV_NOCAP   seed  6  goal      clr  0.87  t  25.5  inf 223  N 22.6  mpc   5.7 ms  err 2.68  xte 2.56  xmax 7.28  off 0.50  nrj 3
[ 67/ 70] speed=6 SN  COV_NOCAP   seed  7  goal      clr  1.74  t  26.8  inf 239  N 24.5  mpc   6.0 ms  err 2.21  xte 1.76  xmax 5.22  off 0.67  nrj 4
[ 68/ 70] speed=6 SN  COV_NOCAP   seed  8  goal      clr  1.61  t  24.6  inf 222  N 22.1  mpc   5.0 ms  err 2.94  xte 1.28  xmax 4.20  off 0.39  nrj 2
[ 69/ 70] speed=6 SN  COV_NOCAP   seed  9  goal      clr  1.82  t  24.6  inf 220  N 21.8  mpc   5.0 ms  err 3.39  xte 1.54  xmax 4.87  off 0.42  nrj 2
[ 70/ 70] speed=6 SN  COV_NOCAP   seed 10  goal      clr  1.79  t  22.7  inf 199  N 22.7  mpc   5.1 ms  err 2.64  xte 1.14  xmax 2.88  off 0.42  nrj 2
