[  1/ 70] speed=4 SN  E_COV       seed 11  goal      clr  1.52  t  42.8  inf 131  N 17.6  mpc   2.6 ms  err 2.73  xte 1.30  xmax 3.40  off 0.38  nrj 3
WORLD SN seed 11 layout normal nleg 1 dyn 0.00 nobj 10
[  2/ 70] speed=4 SN  E_COV       seed 12  goal      clr  1.28  t  43.8  inf 136  N 17.0  mpc   2.3 ms  err 2.39  xte 1.91  xmax 5.45  off 0.41  nrj 2
WORLD SN seed 12 layout normal nleg 3 dyn 0.00 nobj 8
[  3/ 70] speed=4 SN  E_COV       seed 13  goal      clr  1.48  t  42.2  inf 114  N 17.5  mpc   2.2 ms  err 3.26  xte 0.49  xmax 1.59  off 0.20  nrj 4
WORLD SN seed 13 layout normal nleg 2 dyn 0.00 nobj 9
[  4/ 70] speed=4 SN  E_COV       seed 14  goal      clr  1.45  t  42.1  inf 108  N 14.9  mpc   1.6 ms  err 2.67  xte 0.67  xmax 2.82  off 0.16  nrj 3
WORLD SN seed 14 layout normal nleg 3 dyn 0.00 nobj 7
[  5/ 70] speed=4 SN  E_COV       seed 15  goal      clr  1.49  t  44.1  inf 125  N 17.6  mpc   2.2 ms  err 2.98  xte 1.72  xmax 4.51  off 0.40  nrj 4
WORLD SN seed 15 layout normal nleg 3 dyn 0.00 nobj 8
[  6/ 70] speed=4 SN  E_COV       seed 16  goal      clr  1.22  t  47.1  inf 139  N 18.4  mpc   2.5 ms  err 2.59  xte 1.98  xmax 5.54  off 0.55  nrj 3
WORLD SN seed 16 layout normal nleg 1 dyn 0.00 nobj 7
[  7/ 70] speed=4 SN  E_COV       seed 17  goal      clr  1.55  t  44.5  inf 130  N 19.4  mpc   2.5 ms  err 2.54  xte 1.53  xmax 5.91  off 0.36  nrj 4
WORLD SN seed 17 layout normal nleg 3 dyn 0.00 nobj 10
[  8/ 70] speed=4 SN  E_COV       seed 18  goal      clr  1.52  t  44.0  inf 132  N 20.8  mpc   2.8 ms  err 2.79  xte 2.33  xmax 5.71  off 0.63  nrj 3
WORLD SN seed 18 layout normal nleg 3 dyn 0.00 nobj 7
[  9/ 70] speed=4 SN  E_COV       seed 19  goal      clr  1.35  t  43.2  inf 120  N 16.6  mpc   1.9 ms  err 2.75  xte 1.23  xmax 4.33  off 0.26  nrj 3
WORLD SN seed 19 layout normal nleg 1 dyn 0.00 nobj 6
[ 10/ 70] speed=4 SN  E_COV       seed 20  goal      clr  1.64  t  44.1  inf 144  N 19.9  mpc   2.6 ms  err 3.01  xte 1.84  xmax 6.87  off 0.48  nrj 3
WORLD SN seed 20 layout normal nleg 1 dyn 0.00 nobj 11
[ 11/ 70] speed=4 SN  COVB1       seed 11  goal      clr  1.20  t  68.2  inf 139  N 16.1  mpc   2.0 ms  err 3.25  xte 1.40  xmax 4.15  off 0.43  nrj 4
[ 12/ 70] speed=4 SN  COVB1       seed 12  goal      clr  1.28  t  69.4  inf 106  N 14.6  mpc   1.9 ms  err 2.35  xte 1.48  xmax 4.49  off 0.45  nrj 3
[ 13/ 70] speed=4 SN  COVB1       seed 13  goal      clr  1.15  t  67.1  inf 108  N 15.0  mpc   1.9 ms  err 3.85  xte 0.60  xmax 2.34  off 0.12  nrj 4
[ 14/ 70] speed=4 SN  COVB1       seed 14  goal      clr  1.76  t  66.5  inf 111  N 13.0  mpc   1.4 ms  err 4.26  xte 0.86  xmax 2.48  off 0.24  nrj 3
[ 15/ 70] speed=4 SN  COVB1       seed 15  goal      clr  1.31  t  79.2  inf 151  N 16.0  mpc   2.2 ms  err 2.51  xte 1.83  xmax 3.78  off 0.50  nrj 4
[ 16/ 70] speed=4 SN  COVB1       seed 16  goal      clr  1.71  t  70.4  inf  91  N 15.6  mpc   1.9 ms  err 3.06  xte 1.53  xmax 4.57  off 0.39  nrj 4
[ 17/ 70] speed=4 SN  COVB1       seed 17  goal      clr  1.58  t  69.2  inf 115  N 16.7  mpc   2.1 ms  err 2.47  xte 1.60  xmax 4.73  off 0.38  nrj 3
[ 18/ 70] speed=4 SN  COVB1       seed 18  goal      clr  1.20  t  69.5  inf 119  N 17.7  mpc   2.4 ms  err 2.60  xte 1.81  xmax 4.61  off 0.55  nrj 4
[ 19/ 70] speed=4 SN  COVB1       seed 19  goal      clr  0.92  t  66.6  inf  97  N 14.3  mpc   1.5 ms  err 2.23  xte 0.66  xmax 2.66  off 0.18  nrj 3
[ 20/ 70] speed=4 SN  COVB1       seed 20  goal      clr  1.56  t  67.3  inf 132  N 15.9  mpc   2.1 ms  err 2.59  xte 0.99  xmax 2.59  off 0.50  nrj 3
[ 21/ 70] speed=4 SN  COVB5       seed 11  goal      clr  1.11  t  37.2  inf 134  N 18.7  mpc   2.1 ms  err 2.93  xte 1.01  xmax 2.39  off 0.41  nrj 3
[ 22/ 70] speed=4 SN  COVB5       seed 12  goal      clr  1.64  t  41.0  inf 169  N 17.9  mpc   2.0 ms  err 2.12  xte 1.85  xmax 5.94  off 0.40  nrj 3
[ 23/ 70] speed=4 SN  COVB5       seed 13  goal      clr  1.52  t  37.7  inf 142  N 18.6  mpc   2.2 ms  err 4.10  xte 0.73  xmax 3.12  off 0.16  nrj 4
[ 24/ 70] speed=4 SN  COVB5       seed 14  goal      clr  1.62  t  37.4  inf 137  N 16.9  mpc   1.8 ms  err 3.13  xte 0.64  xmax 2.47  off 0.20  nrj 3
[ 25/ 70] speed=4 SN  COVB5       seed 15  goal      clr  1.46  t  38.1  inf 153  N 19.0  mpc   2.3 ms  err 2.71  xte 0.89  xmax 2.53  off 0.42  nrj 4
[ 26/ 70] speed=4 SN  COVB5       seed 16  goal      clr  1.29  t  40.4  inf 135  N 18.7  mpc   2.2 ms  err 2.86  xte 2.23  xmax 6.94  off 0.48  nrj 3
[ 27/ 70] speed=4 SN  COVB5       seed 17  goal      clr  1.29  t  41.6  inf 177  N 20.5  mpc   2.5 ms  err 2.44  xte 1.68  xmax 4.99  off 0.42  nrj 4
[ 28/ 70] speed=4 SN  COVB5       seed 18  goal      clr  1.28  t  39.8  inf 145  N 21.8  mpc   2.8 ms  err 3.10  xte 2.10  xmax 5.05  off 0.66  nrj 3
[ 29/ 70] speed=4 SN  COVB5       seed 19  goal      clr  1.28  t  37.9  inf 132  N 17.4  mpc   1.9 ms  err 2.58  xte 1.00  xmax 3.28  off 0.31  nrj 3
[ 30/ 70] speed=4 SN  COVB5       seed 20  goal      clr  1.33  t  37.4  inf 141  N 20.6  mpc   2.5 ms  err 2.58  xte 1.02  xmax 2.48  off 0.43  nrj 3
[ 31/ 70] speed=4 SN  FR_SAFE_3   seed 11  goal      clr  1.40  t  43.6  inf 129  N 17.7  mpc   2.2 ms  err 3.12  xte 2.16  xmax 5.40  off 0.46  nrj 2
[ 32/ 70] speed=4 SN  FR_SAFE_3   seed 12  goal      clr  1.74  t  47.3  inf 140  N 17.4  mpc   2.1 ms  err 2.50  xte 2.75  xmax 9.06  off 0.49  nrj 3
[ 33/ 70] speed=4 SN  FR_SAFE_3   seed 13  goal      clr  1.11  t  50.5  inf 149  N 17.9  mpc   2.5 ms  err 3.82  xte 2.16  xmax 8.81  off 0.36  nrj 4
[ 34/ 70] speed=4 SN  FR_SAFE_3   seed 14  goal      clr  1.55  t  42.7  inf 126  N 14.7  mpc   1.5 ms  err 3.08  xte 0.86  xmax 2.92  off 0.18  nrj 3
[ 35/ 70] speed=4 SN  FR_SAFE_3   seed 15  goal      clr  1.44  t  46.4  inf 137  N 18.3  mpc   2.4 ms  err 3.06  xte 2.06  xmax 5.76  off 0.62  nrj 4
[ 36/ 70] speed=4 SN  FR_SAFE_3   seed 16  goal      clr  1.46  t  48.4  inf 143  N 19.4  mpc   2.6 ms  err 2.83  xte 1.52  xmax 4.12  off 0.46  nrj 3
[ 37/ 70] speed=4 SN  FR_SAFE_3   seed 17  goal      clr  1.41  t  45.1  inf 133  N 19.2  mpc   2.4 ms  err 2.64  xte 1.72  xmax 5.95  off 0.37  nrj 3
[ 38/ 70] speed=4 SN  FR_SAFE_3   seed 18  goal      clr  1.25  t  44.3  inf 131  N 20.6  mpc   2.7 ms  err 2.88  xte 1.96  xmax 5.22  off 0.61  nrj 4
[ 39/ 70] speed=4 SN  FR_SAFE_3   seed 19  goal      clr  1.29  t  43.1  inf 127  N 17.5  mpc   2.2 ms  err 3.68  xte 1.34  xmax 3.63  off 0.41  nrj 2
[ 40/ 70] speed=4 SN  FR_SAFE_3   seed 20  goal      clr  1.38  t  44.3  inf 131  N 20.1  mpc   2.7 ms  err 2.63  xte 1.08  xmax 3.27  off 0.40  nrj 2
[ 41/ 70] speed=4 SN  FR_SAFE_1   seed 11  goal      clr  1.35  t  71.4  inf  72  N 16.9  mpc   2.2 ms  err 2.74  xte 1.57  xmax 4.15  off 0.55  nrj 2
[ 42/ 70] speed=4 SN  FR_SAFE_1   seed 12  goal      clr  1.56  t  76.4  inf  77  N 13.7  mpc   1.7 ms  err 3.02  xte 3.41  xmax 10.26  off 0.56  nrj 4
[ 43/ 70] speed=4 SN  FR_SAFE_1   seed 13  goal      clr  1.57  t  67.8  inf  68  N 15.5  mpc   2.1 ms  err 3.89  xte 0.94  xmax 2.47  off 0.36  nrj 3
[ 44/ 70] speed=4 SN  FR_SAFE_1   seed 14  goal      clr  1.78  t  78.3  inf  79  N 11.1  mpc   1.0 ms  err 3.68  xte 2.71  xmax 8.42  off 0.32  nrj 3
[ 45/ 70] speed=4 SN  FR_SAFE_1   seed 15  goal      clr  1.76  t  71.4  inf  72  N 16.0  mpc   2.2 ms  err 3.44  xte 1.78  xmax 4.65  off 0.44  nrj 4
[ 46/ 70] speed=4 SN  FR_SAFE_1   seed 16  goal      clr  1.57  t  78.9  inf  79  N 15.7  mpc   2.1 ms  err 3.31  xte 2.52  xmax 6.35  off 0.55  nrj 5
[ 47/ 70] speed=4 SN  FR_SAFE_1   seed 17  stuck     clr  1.42  t 122.3  inf 123  N 15.2  mpc   2.2 ms  err 2.78  xte 2.36  xmax 7.03  off 0.73  nrj 4
FAILINFO speed=4 SN FR_SAFE_1 seed 17 cls stuck shape sphere dyn 0 tracked 1 infov 1 mode 2 speed 0.80 closing 0.63 nupd 12 seen 0.30 prog10 -0.1 layout normal vdes 4
[ 48/ 70] speed=4 SN  FR_SAFE_1   seed 18  goal      clr  1.36  t  71.6  inf  72  N 16.9  mpc   2.5 ms  err 3.35  xte 2.18  xmax 4.62  off 0.69  nrj 4
[ 49/ 70] speed=4 SN  FR_SAFE_1   seed 19  goal      clr  1.87  t  76.1  inf  77  N 14.7  mpc   1.8 ms  err 3.08  xte 1.61  xmax 4.08  off 0.49  nrj 3
[ 50/ 70] speed=4 SN  FR_SAFE_1   seed 20  goal      clr  1.64  t  88.5  inf  89  N 17.4  mpc   2.6 ms  err 3.11  xte 2.51  xmax 6.86  off 0.67  nrj 2
[ 51/ 70] speed=4 SN  E_DART      seed 11  goal      clr  1.42  t  41.4  inf 263  N 17.2  mpc   2.2 ms  err 2.42  xte 1.47  xmax 4.23  off 0.38  nrj 3
[ 52/ 70] speed=4 SN  E_DART      seed 12  goal      clr  1.09  t  43.7  inf 273  N 16.8  mpc   2.1 ms  err 1.57  xte 1.22  xmax 4.70  off 0.30  nrj 3
[ 53/ 70] speed=4 SN  E_DART      seed 13  goal      clr  1.20  t  41.3  inf 258  N 16.6  mpc   2.2 ms  err 3.61  xte 0.37  xmax 1.11  off 0.16  nrj 4
[ 54/ 70] speed=4 SN  E_DART      seed 14  goal      clr  1.34  t  41.9  inf 260  N 15.1  mpc   1.7 ms  err 2.82  xte 0.60  xmax 2.42  off 0.19  nrj 4
[ 55/ 70] speed=4 SN  E_DART      seed 15  goal      clr  1.27  t  42.1  inf 255  N 17.9  mpc   2.4 ms  err 2.59  xte 0.58  xmax 1.76  off 0.29  nrj 4
[ 56/ 70] speed=4 SN  E_DART      seed 16  goal      clr  1.23  t  43.5  inf 259  N 18.1  mpc   2.4 ms  err 2.76  xte 1.60  xmax 5.90  off 0.35  nrj 3
[ 57/ 70] speed=4 SN  E_DART      seed 17  goal      clr  1.07  t  44.9  inf 278  N 18.5  mpc   2.5 ms  err 2.21  xte 1.18  xmax 4.35  off 0.30  nrj 3
[ 58/ 70] speed=4 SN  E_DART      seed 18  goal      clr  1.15  t  43.4  inf 269  N 20.2  mpc   2.8 ms  err 2.68  xte 1.60  xmax 4.27  off 0.63  nrj 4
[ 59/ 70] speed=4 SN  E_DART      seed 19  goal      clr  1.11  t  42.9  inf 262  N 17.3  mpc   2.2 ms  err 3.17  xte 1.09  xmax 3.29  off 0.34  nrj 3
[ 60/ 70] speed=4 SN  E_DART      seed 20  goal      clr  1.26  t  60.6  inf 308  N 18.9  mpc   2.8 ms  err 3.06  xte 2.19  xmax 5.00  off 0.62  nrj 1
[ 61/ 70] speed=4 SN  COV_NOCAP   seed 11  goal      clr  1.19  t  31.5  inf 265  N 19.8  mpc   2.4 ms  err 3.87  xte 0.89  xmax 2.43  off 0.39  nrj 3
[ 62/ 70] speed=4 SN  COV_NOCAP   seed 12  goal      clr  1.10  t  32.4  inf 277  N 19.6  mpc   2.2 ms  err 1.85  xte 0.86  xmax 2.46  off 0.28  nrj 3
[ 63/ 70] speed=4 SN  COV_NOCAP   seed 13  goal      clr  1.40  t  32.9  inf 271  N 19.8  mpc   2.5 ms  err 3.52  xte 1.14  xmax 4.73  off 0.22  nrj 4
[ 64/ 70] speed=4 SN  COV_NOCAP   seed 14  goal      clr  1.47  t  31.4  inf 279  N 17.8  mpc   1.8 ms  err 2.83  xte 0.38  xmax 1.66  off 0.12  nrj 3
[ 65/ 70] speed=4 SN  COV_NOCAP   seed 15  goal      clr  1.52  t  32.4  inf 262  N 21.0  mpc   2.7 ms  err 3.02  xte 1.04  xmax 3.31  off 0.37  nrj 6
[ 66/ 70] speed=4 SN  COV_NOCAP   seed 16  goal      clr  1.20  t  34.3  inf 249  N 20.3  mpc   2.5 ms  err 2.64  xte 1.58  xmax 3.89  off 0.42  nrj 3
[ 67/ 70] speed=4 SN  COV_NOCAP   seed 17  goal      clr  1.10  t  33.4  inf 282  N 20.6  mpc   2.5 ms  err 2.17  xte 1.29  xmax 4.14  off 0.28  nrj 4
[ 68/ 70] speed=4 SN  COV_NOCAP   seed 18  goal      clr  1.36  t  33.6  inf 263  N 22.5  mpc   3.1 ms  err 2.78  xte 1.66  xmax 4.38  off 0.61  nrj 4
[ 69/ 70] speed=4 SN  COV_NOCAP   seed 19  goal      clr  1.45  t  31.4  inf 261  N 19.7  mpc   2.3 ms  err 3.14  xte 0.75  xmax 2.51  off 0.29  nrj 3
[ 70/ 70] speed=4 SN  COV_NOCAP   seed 20  goal      clr  1.30  t  35.2  inf 274  N 21.9  mpc   2.9 ms  err 2.98  xte 1.95  xmax 6.40  off 0.51  nrj 1
