[  1/ 70] speed=2 SN  E_COV       seed 11  goal      clr  1.45  t  64.2  inf 113  N 15.8  mpc   3.9 ms  err 2.79  xte 1.95  xmax 7.38  off 0.38  nrj 2
WORLD SN seed 11 layout normal nleg 1 dyn 0.00 nobj 10
[  2/ 70] speed=2 SN  E_COV       seed 12  goal      clr  1.47  t  67.4  inf 114  N 15.1  mpc   3.6 ms  err 2.83  xte 1.83  xmax 5.32  off 0.51  nrj 3
WORLD SN seed 12 layout normal nleg 3 dyn 0.00 nobj 8
[  3/ 70] speed=2 SN  E_COV       seed 13  goal      clr  1.27  t  61.9  inf  87  N 15.5  mpc   3.5 ms  err 2.99  xte 0.40  xmax 1.61  off 0.13  nrj 4
WORLD SN seed 13 layout normal nleg 2 dyn 0.00 nobj 9
[  4/ 70] speed=2 SN  E_COV       seed 14  goal      clr  1.42  t  63.9  inf 103  N 13.0  mpc   2.6 ms  err 3.30  xte 0.77  xmax 2.60  off 0.29  nrj 3
WORLD SN seed 14 layout normal nleg 3 dyn 0.00 nobj 7
[  5/ 70] speed=2 SN  E_COV       seed 15  goal      clr  1.28  t  63.9  inf 100  N 15.1  mpc   3.5 ms  err 2.21  xte 0.74  xmax 2.38  off 0.32  nrj 4
WORLD SN seed 15 layout normal nleg 3 dyn 0.00 nobj 8
[  6/ 70] speed=2 SN  E_COV       seed 16  goal      clr  1.47  t  66.0  inf 100  N 15.3  mpc   3.5 ms  err 2.68  xte 2.08  xmax 4.90  off 0.48  nrj 3
WORLD SN seed 16 layout normal nleg 1 dyn 0.00 nobj 7
[  7/ 70] speed=2 SN  E_COV       seed 17  goal      clr  1.45  t  65.7  inf 110  N 16.4  mpc   3.7 ms  err 2.30  xte 1.39  xmax 4.51  off 0.34  nrj 5
WORLD SN seed 17 layout normal nleg 3 dyn 0.00 nobj 10
[  8/ 70] speed=2 SN  E_COV       seed 18  goal      clr  1.30  t  65.5  inf 128  N 16.9  mpc   4.1 ms  err 2.79  xte 1.95  xmax 5.28  off 0.67  nrj 4
WORLD SN seed 18 layout normal nleg 3 dyn 0.00 nobj 7
[  9/ 70] speed=2 SN  E_COV       seed 19  goal      clr  0.97  t  65.9  inf 131  N 14.9  mpc   3.0 ms  err 2.80  xte 1.62  xmax 5.17  off 0.33  nrj 3
WORLD SN seed 19 layout normal nleg 1 dyn 0.00 nobj 6
[ 10/ 70] speed=2 SN  E_COV       seed 20  goal      clr  1.63  t  66.2  inf 106  N 16.2  mpc   3.9 ms  err 2.51  xte 1.83  xmax 5.15  off 0.49  nrj 4
WORLD SN seed 20 layout normal nleg 1 dyn 0.00 nobj 11
[ 11/ 70] speed=2 SN  COVB1       seed 11  goal      clr  1.20  t  68.2  inf 139  N 16.1  mpc   3.5 ms  err 3.25  xte 1.40  xmax 4.15  off 0.43  nrj 4
[ 12/ 70] speed=2 SN  COVB1       seed 12  goal      clr  1.28  t  69.4  inf 106  N 14.6  mpc   3.2 ms  err 2.35  xte 1.48  xmax 4.49  off 0.45  nrj 3
[ 13/ 70] speed=2 SN  COVB1       seed 13  goal      clr  1.15  t  67.1  inf 108  N 15.0  mpc   3.3 ms  err 3.85  xte 0.60  xmax 2.34  off 0.12  nrj 4
[ 14/ 70] speed=2 SN  COVB1       seed 14  goal      clr  1.76  t  66.5  inf 111  N 13.0  mpc   2.4 ms  err 4.26  xte 0.86  xmax 2.48  off 0.24  nrj 3
[ 15/ 70] speed=2 SN  COVB1       seed 15  goal      clr  1.31  t  79.2  inf 151  N 16.0  mpc   3.9 ms  err 2.51  xte 1.83  xmax 3.78  off 0.50  nrj 4
[ 16/ 70] speed=2 SN  COVB1       seed 16  goal      clr  1.71  t  70.4  inf  91  N 15.6  mpc   3.5 ms  err 3.06  xte 1.53  xmax 4.57  off 0.39  nrj 4
[ 17/ 70] speed=2 SN  COVB1       seed 17  goal      clr  1.58  t  69.2  inf 115  N 16.7  mpc   3.9 ms  err 2.47  xte 1.60  xmax 4.73  off 0.38  nrj 3
[ 18/ 70] speed=2 SN  COVB1       seed 18  goal      clr  1.20  t  69.5  inf 119  N 17.7  mpc   4.3 ms  err 2.60  xte 1.81  xmax 4.61  off 0.55  nrj 4
[ 19/ 70] speed=2 SN  COVB1       seed 19  goal      clr  0.92  t  66.6  inf  97  N 14.3  mpc   2.8 ms  err 2.23  xte 0.66  xmax 2.66  off 0.18  nrj 3
[ 20/ 70] speed=2 SN  COVB1       seed 20  goal      clr  1.56  t  67.3  inf 132  N 15.9  mpc   3.7 ms  err 2.59  xte 0.99  xmax 2.59  off 0.50  nrj 3
[ 21/ 70] speed=2 SN  COVB5       seed 11  goal      clr  1.45  t  64.2  inf 113  N 15.8  mpc   3.4 ms  err 2.79  xte 1.95  xmax 7.38  off 0.38  nrj 2
[ 22/ 70] speed=2 SN  COVB5       seed 12  goal      clr  1.47  t  67.4  inf 114  N 15.1  mpc   3.4 ms  err 2.83  xte 1.83  xmax 5.32  off 0.51  nrj 3
[ 23/ 70] speed=2 SN  COVB5       seed 13  goal      clr  1.27  t  61.9  inf  87  N 15.5  mpc   3.5 ms  err 2.99  xte 0.40  xmax 1.61  off 0.13  nrj 4
[ 24/ 70] speed=2 SN  COVB5       seed 14  goal      clr  1.42  t  63.9  inf 103  N 13.0  mpc   2.6 ms  err 3.30  xte 0.77  xmax 2.60  off 0.29  nrj 3
[ 25/ 70] speed=2 SN  COVB5       seed 15  goal      clr  1.28  t  63.9  inf 100  N 15.1  mpc   3.5 ms  err 2.21  xte 0.74  xmax 2.38  off 0.32  nrj 4
[ 26/ 70] speed=2 SN  COVB5       seed 16  goal      clr  1.47  t  66.0  inf 100  N 15.3  mpc   3.5 ms  err 2.68  xte 2.08  xmax 4.90  off 0.48  nrj 3
[ 27/ 70] speed=2 SN  COVB5       seed 17  goal      clr  1.45  t  65.7  inf 110  N 16.4  mpc   3.8 ms  err 2.30  xte 1.39  xmax 4.51  off 0.34  nrj 5
[ 28/ 70] speed=2 SN  COVB5       seed 18  goal      clr  1.30  t  65.5  inf 128  N 16.9  mpc   4.1 ms  err 2.79  xte 1.95  xmax 5.28  off 0.67  nrj 4
[ 29/ 70] speed=2 SN  COVB5       seed 19  goal      clr  0.97  t  65.9  inf 131  N 14.9  mpc   3.0 ms  err 2.80  xte 1.62  xmax 5.17  off 0.33  nrj 3
[ 30/ 70] speed=2 SN  COVB5       seed 20  goal      clr  1.63  t  66.2  inf 106  N 16.2  mpc   3.9 ms  err 2.51  xte 1.83  xmax 5.15  off 0.49  nrj 4
[ 31/ 70] speed=2 SN  FR_SAFE_3   seed 11  goal      clr  0.96  t  61.0  inf 180  N 15.8  mpc   3.5 ms  err 3.02  xte 0.98  xmax 2.09  off 0.44  nrj 3
[ 32/ 70] speed=2 SN  FR_SAFE_3   seed 12  goal      clr  1.20  t  66.3  inf 195  N 15.3  mpc   3.4 ms  err 2.25  xte 1.51  xmax 4.47  off 0.35  nrj 3
[ 33/ 70] speed=2 SN  FR_SAFE_3   seed 13  goal      clr  1.26  t  62.4  inf 184  N 14.5  mpc   3.2 ms  err 3.24  xte 0.55  xmax 2.35  off 0.13  nrj 4
[ 34/ 70] speed=2 SN  FR_SAFE_3   seed 14  goal      clr  1.44  t  66.7  inf 197  N 13.0  mpc   2.7 ms  err 4.61  xte 1.47  xmax 4.33  off 0.33  nrj 3
[ 35/ 70] speed=2 SN  FR_SAFE_3   seed 15  goal      clr  1.26  t 105.3  inf 310  N 14.5  mpc   3.6 ms  err 2.25  xte 1.48  xmax 4.00  off 0.62  nrj 4
[ 36/ 70] speed=2 SN  FR_SAFE_3   seed 16  goal      clr  1.33  t  65.3  inf 192  N 15.6  mpc   3.6 ms  err 2.88  xte 1.66  xmax 5.07  off 0.42  nrj 4
[ 37/ 70] speed=2 SN  FR_SAFE_3   seed 17  goal      clr  1.31  t  69.0  inf 203  N 14.9  mpc   3.5 ms  err 2.30  xte 1.93  xmax 5.86  off 0.48  nrj 4
[ 38/ 70] speed=2 SN  FR_SAFE_3   seed 18  goal      clr  1.11  t  65.9  inf 194  N 17.2  mpc   4.3 ms  err 2.93  xte 1.93  xmax 5.55  off 0.57  nrj 4
[ 39/ 70] speed=2 SN  FR_SAFE_3   seed 19  goal      clr  1.14  t  63.3  inf 187  N 14.6  mpc   3.0 ms  err 2.64  xte 0.92  xmax 2.88  off 0.27  nrj 3
[ 40/ 70] speed=2 SN  FR_SAFE_3   seed 20  goal      clr  1.46  t  62.0  inf 183  N 16.3  mpc   3.7 ms  err 2.43  xte 0.94  xmax 3.18  off 0.41  nrj 3
[ 41/ 70] speed=2 SN  FR_SAFE_1   seed 11  goal      clr  1.35  t  71.4  inf  72  N 16.9  mpc   3.9 ms  err 2.74  xte 1.57  xmax 4.15  off 0.55  nrj 2
[ 42/ 70] speed=2 SN  FR_SAFE_1   seed 12  goal      clr  1.56  t  76.4  inf  77  N 13.7  mpc   3.0 ms  err 3.02  xte 3.41  xmax 10.26  off 0.56  nrj 4
[ 43/ 70] speed=2 SN  FR_SAFE_1   seed 13  goal      clr  1.57  t  67.8  inf  68  N 15.5  mpc   3.6 ms  err 3.89  xte 0.94  xmax 2.47  off 0.36  nrj 3
[ 44/ 70] speed=2 SN  FR_SAFE_1   seed 14  goal      clr  1.78  t  78.3  inf  79  N 11.1  mpc   1.8 ms  err 3.68  xte 2.71  xmax 8.42  off 0.32  nrj 3
[ 45/ 70] speed=2 SN  FR_SAFE_1   seed 15  goal      clr  1.76  t  71.4  inf  72  N 16.0  mpc   3.8 ms  err 3.44  xte 1.78  xmax 4.65  off 0.44  nrj 4
[ 46/ 70] speed=2 SN  FR_SAFE_1   seed 16  goal      clr  1.57  t  78.9  inf  79  N 15.7  mpc   3.6 ms  err 3.31  xte 2.52  xmax 6.35  off 0.55  nrj 5
[ 47/ 70] speed=2 SN  FR_SAFE_1   seed 17  stuck     clr  1.42  t 122.3  inf 123  N 15.2  mpc   3.7 ms  err 2.78  xte 2.36  xmax 7.03  off 0.73  nrj 4
FAILINFO speed=2 SN FR_SAFE_1 seed 17 cls stuck shape sphere dyn 0 tracked 1 infov 1 mode 2 speed 0.80 closing 0.63 nupd 12 seen 0.30 prog10 -0.1 layout normal vdes 2
[ 48/ 70] speed=2 SN  FR_SAFE_1   seed 18  goal      clr  1.36  t  71.6  inf  72  N 16.9  mpc   4.2 ms  err 3.35  xte 2.18  xmax 4.62  off 0.69  nrj 4
[ 49/ 70] speed=2 SN  FR_SAFE_1   seed 19  goal      clr  1.87  t  76.1  inf  77  N 14.7  mpc   3.1 ms  err 3.08  xte 1.61  xmax 4.08  off 0.49  nrj 3
[ 50/ 70] speed=2 SN  FR_SAFE_1   seed 20  goal      clr  1.64  t  88.5  inf  89  N 17.4  mpc   4.3 ms  err 3.11  xte 2.51  xmax 6.86  off 0.67  nrj 2
[ 51/ 70] speed=2 SN  E_DART      seed 11  goal      clr  1.41  t  61.7  inf 174  N 16.1  mpc   3.5 ms  err 2.71  xte 0.94  xmax 2.19  off 0.37  nrj 3
[ 52/ 70] speed=2 SN  E_DART      seed 12  goal      clr  1.33  t  64.1  inf 179  N 15.5  mpc   3.5 ms  err 3.25  xte 1.72  xmax 4.11  off 0.54  nrj 2
[ 53/ 70] speed=2 SN  E_DART      seed 13  goal      clr  1.33  t  61.9  inf 176  N 14.8  mpc   3.2 ms  err 2.75  xte 0.48  xmax 1.81  off 0.14  nrj 4
[ 54/ 70] speed=2 SN  E_DART      seed 14  goal      clr  1.53  t  63.6  inf 168  N 13.1  mpc   2.5 ms  err 3.05  xte 0.74  xmax 2.92  off 0.18  nrj 2
[ 55/ 70] speed=2 SN  E_DART      seed 15  goal      clr  1.26  t  64.5  inf 180  N 15.7  mpc   3.7 ms  err 2.49  xte 1.26  xmax 4.52  off 0.36  nrj 3
[ 56/ 70] speed=2 SN  E_DART      seed 16  goal      clr  0.97  t  63.0  inf 172  N 15.7  mpc   3.6 ms  err 2.54  xte 1.03  xmax 3.56  off 0.36  nrj 3
[ 57/ 70] speed=2 SN  E_DART      seed 17  goal      clr  1.21  t  67.8  inf 213  N 15.8  mpc   3.6 ms  err 2.63  xte 2.37  xmax 8.05  off 0.46  nrj 6
[ 58/ 70] speed=2 SN  E_DART      seed 18  goal      clr  0.98  t  66.2  inf 195  N 16.9  mpc   4.2 ms  err 2.94  xte 2.06  xmax 5.20  off 0.56  nrj 4
[ 59/ 70] speed=2 SN  E_DART      seed 19  goal      clr  1.53  t  63.3  inf 180  N 14.2  mpc   2.9 ms  err 2.37  xte 0.88  xmax 3.08  off 0.29  nrj 4
[ 60/ 70] speed=2 SN  E_DART      seed 20  goal      clr  1.27  t  62.3  inf 166  N 16.7  mpc   3.8 ms  err 2.36  xte 0.82  xmax 2.32  off 0.39  nrj 4
[ 61/ 70] speed=2 SN  COV_NOCAP   seed 11  goal      clr  1.45  t  64.2  inf 113  N 15.8  mpc   3.4 ms  err 2.79  xte 1.95  xmax 7.38  off 0.38  nrj 2
[ 62/ 70] speed=2 SN  COV_NOCAP   seed 12  goal      clr  1.47  t  67.4  inf 114  N 15.1  mpc   3.4 ms  err 2.83  xte 1.83  xmax 5.32  off 0.51  nrj 3
[ 63/ 70] speed=2 SN  COV_NOCAP   seed 13  goal      clr  1.27  t  61.9  inf  87  N 15.5  mpc   3.4 ms  err 2.99  xte 0.40  xmax 1.61  off 0.13  nrj 4
[ 64/ 70] speed=2 SN  COV_NOCAP   seed 14  goal      clr  1.42  t  63.9  inf 103  N 13.0  mpc   2.5 ms  err 3.30  xte 0.77  xmax 2.60  off 0.29  nrj 3
[ 65/ 70] speed=2 SN  COV_NOCAP   seed 15  goal      clr  1.28  t  63.9  inf 100  N 15.1  mpc   3.4 ms  err 2.21  xte 0.74  xmax 2.38  off 0.32  nrj 4
[ 66/ 70] speed=2 SN  COV_NOCAP   seed 16  goal      clr  1.47  t  66.0  inf 100  N 15.3  mpc   3.5 ms  err 2.68  xte 2.08  xmax 4.90  off 0.48  nrj 3
[ 67/ 70] speed=2 SN  COV_NOCAP   seed 17  goal      clr  1.45  t  65.7  inf 110  N 16.4  mpc   3.7 ms  err 2.30  xte 1.39  xmax 4.51  off 0.34  nrj 5
[ 68/ 70] speed=2 SN  COV_NOCAP   seed 18  goal      clr  1.30  t  65.5  inf 128  N 16.9  mpc   4.1 ms  err 2.79  xte 1.95  xmax 5.28  off 0.67  nrj 4
[ 69/ 70] speed=2 SN  COV_NOCAP   seed 19  goal      clr  0.97  t  65.9  inf 131  N 14.9  mpc   3.0 ms  err 2.80  xte 1.62  xmax 5.17  off 0.33  nrj 3
[ 70/ 70] speed=2 SN  COV_NOCAP   seed 20  goal      clr  1.63  t  66.2  inf 106  N 16.2  mpc   3.9 ms  err 2.51  xte 1.83  xmax 5.15  off 0.49  nrj 4
