[  1/ 70] speed=6 SN  E_COV       seed 21  goal      clr  1.24  t  44.1  inf 111  N 16.7  mpc   4.0 ms  err 2.61  xte 1.33  xmax 4.49  off 0.37  nrj 3
WORLD SN seed 21 layout normal nleg 3 dyn 0.00 nobj 6
[  2/ 70] speed=6 SN  E_COV       seed 22  goal      clr  1.44  t  43.5  inf 127  N 19.4  mpc   4.9 ms  err 2.79  xte 1.33  xmax 4.65  off 0.46  nrj 4
WORLD SN seed 22 layout normal nleg 2 dyn 0.00 nobj 8
[  3/ 70] speed=6 SN  E_COV       seed 23  goal      clr  1.55  t  44.3  inf 111  N 18.5  mpc   4.4 ms  err 2.49  xte 1.74  xmax 4.12  off 0.55  nrj 3
WORLD SN seed 23 layout normal nleg 2 dyn 0.00 nobj 8
[  4/ 70] speed=6 SN  E_COV       seed 24  goal      clr  1.17  t  46.8  inf 133  N 20.5  mpc   5.1 ms  err 2.77  xte 1.98  xmax 5.83  off 0.57  nrj 3
WORLD SN seed 24 layout normal nleg 3 dyn 0.00 nobj 10
[  5/ 70] speed=6 SN  E_COV       seed 25  goal      clr  1.60  t  42.6  inf 110  N 14.8  mpc   2.8 ms  err 2.87  xte 0.45  xmax 2.01  off 0.09  nrj 2
WORLD SN seed 25 layout normal nleg 3 dyn 0.00 nobj 4
[  6/ 70] speed=6 SN  E_COV       seed 26  goal      clr  1.56  t  46.5  inf 144  N 18.4  mpc   4.4 ms  err 2.87  xte 3.26  xmax 7.98  off 0.54  nrj 3
WORLD SN seed 26 layout normal nleg 3 dyn 0.00 nobj 10
[  7/ 70] speed=6 SN  E_COV       seed 27  goal      clr  1.87  t  41.8  inf 107  N 14.1  mpc   2.9 ms  err 3.20  xte 0.61  xmax 2.33  off 0.18  nrj 3
WORLD SN seed 27 layout normal nleg 3 dyn 0.00 nobj 6
[  8/ 70] speed=6 SN  E_COV       seed 28  goal      clr  1.70  t  43.3  inf 122  N 18.7  mpc   4.3 ms  err 2.49  xte 1.30  xmax 3.65  off 0.49  nrj 3
WORLD SN seed 28 layout normal nleg 1 dyn 0.00 nobj 9
[  9/ 70] speed=6 SN  E_COV       seed 29  goal      clr  2.39  t  42.2  inf 116  N 16.6  mpc   3.6 ms  err 2.94  xte 1.13  xmax 3.64  off 0.33  nrj 1
WORLD SN seed 29 layout normal nleg 2 dyn 0.00 nobj 10
[ 10/ 70] speed=6 SN  E_COV       seed 30  goal      clr  1.61  t  42.8  inf 123  N 16.5  mpc   3.7 ms  err 2.17  xte 0.94  xmax 3.37  off 0.25  nrj 5
WORLD SN seed 30 layout normal nleg 3 dyn 0.00 nobj 11
[ 11/ 70] speed=6 SN  COVB1       seed 21  goal      clr  1.21  t  67.4  inf  89  N 15.7  mpc   3.5 ms  err 2.52  xte 0.98  xmax 3.12  off 0.34  nrj 4
[ 12/ 70] speed=6 SN  COVB1       seed 22  goal      clr  1.11  t  68.3  inf 136  N 16.2  mpc   4.0 ms  err 2.91  xte 0.93  xmax 2.76  off 0.42  nrj 4
[ 13/ 70] speed=6 SN  COVB1       seed 23  goal      clr  1.61  t  70.5  inf 114  N 15.7  mpc   3.8 ms  err 2.53  xte 1.53  xmax 3.93  off 0.48  nrj 4
[ 14/ 70] speed=6 SN  COVB1       seed 24  goal      clr  1.43  t  71.4  inf 113  N 16.4  mpc   4.0 ms  err 2.51  xte 2.40  xmax 6.44  off 0.56  nrj 4
[ 15/ 70] speed=6 SN  COVB1       seed 25  goal      clr  1.17  t  67.4  inf  86  N 11.8  mpc   2.2 ms  err 2.44  xte 0.23  xmax 1.08  off 0.07  nrj 3
[ 16/ 70] speed=6 SN  COVB1       seed 26  goal      clr  1.46  t  93.8  inf 147  N 14.3  mpc   3.4 ms  err 2.08  xte 3.57  xmax 9.32  off 0.54  nrj 4
[ 17/ 70] speed=6 SN  COVB1       seed 27  goal      clr  2.41  t  65.8  inf  85  N 11.8  mpc   2.3 ms  err 2.07  xte 0.76  xmax 2.93  off 0.14  nrj 3
[ 18/ 70] speed=6 SN  COVB1       seed 28  goal      clr  1.46  t  70.5  inf 145  N 14.9  mpc   3.6 ms  err 2.85  xte 1.94  xmax 7.10  off 0.52  nrj 4
[ 19/ 70] speed=6 SN  COVB1       seed 29  goal      clr  1.83  t  68.1  inf 148  N 13.5  mpc   2.9 ms  err 2.89  xte 1.62  xmax 5.60  off 0.34  nrj 3
[ 20/ 70] speed=6 SN  COVB1       seed 30  goal      clr  1.36  t  69.8  inf 102  N 11.9  mpc   2.8 ms  err 1.83  xte 1.01  xmax 3.68  off 0.27  nrj 5
[ 21/ 70] speed=6 SN  COVB5       seed 21  goal      clr  1.17  t  39.2  inf 143  N 17.4  mpc   3.5 ms  err 2.62  xte 1.04  xmax 3.41  off 0.35  nrj 3
[ 22/ 70] speed=6 SN  COVB5       seed 22  goal      clr  1.40  t  39.0  inf 145  N 19.9  mpc   4.5 ms  err 2.83  xte 1.43  xmax 5.00  off 0.39  nrj 3
[ 23/ 70] speed=6 SN  COVB5       seed 23  goal      clr  1.52  t  40.4  inf 155  N 19.8  mpc   4.5 ms  err 2.83  xte 2.25  xmax 6.41  off 0.63  nrj 5
[ 24/ 70] speed=6 SN  COVB5       seed 24  goal      clr  1.41  t  51.4  inf 224  N 22.2  mpc   5.5 ms  err 2.82  xte 1.85  xmax 3.80  off 0.61  nrj 4
[ 25/ 70] speed=6 SN  COVB5       seed 25  goal      clr  1.51  t  37.8  inf 137  N 15.3  mpc   2.7 ms  err 2.92  xte 0.36  xmax 1.78  off 0.07  nrj 3
[ 26/ 70] speed=6 SN  COVB5       seed 26  goal      clr  1.66  t  38.7  inf 144  N 19.3  mpc   4.2 ms  err 2.56  xte 2.84  xmax 8.34  off 0.49  nrj 2
[ 27/ 70] speed=6 SN  COVB5       seed 27  goal      clr  1.70  t  36.8  inf 136  N 15.6  mpc   2.9 ms  err 2.99  xte 0.54  xmax 1.96  off 0.18  nrj 3
[ 28/ 70] speed=6 SN  COVB5       seed 28  goal      clr  1.10  t  38.0  inf 147  N 19.9  mpc   4.4 ms  err 2.73  xte 1.22  xmax 2.73  off 0.44  nrj 3
[ 29/ 70] speed=6 SN  COVB5       seed 29  goal      clr  1.64  t  37.8  inf 140  N 17.0  mpc   3.3 ms  err 3.36  xte 1.26  xmax 4.17  off 0.36  nrj 2
[ 30/ 70] speed=6 SN  COVB5       seed 30  goal      clr  1.72  t  37.4  inf 145  N 17.6  mpc   3.9 ms  err 2.54  xte 0.80  xmax 3.04  off 0.27  nrj 3
[ 31/ 70] speed=6 SN  FR_SAFE_3   seed 21  goal      clr  1.55  t  45.2  inf 134  N 15.2  mpc   3.3 ms  err 2.70  xte 2.92  xmax 7.75  off 0.43  nrj 2
[ 32/ 70] speed=6 SN  FR_SAFE_3   seed 22  goal      clr  1.00  t  43.4  inf 128  N 19.5  mpc   4.7 ms  err 3.21  xte 1.44  xmax 3.83  off 0.57  nrj 3
[ 33/ 70] speed=6 SN  FR_SAFE_3   seed 23  goal      clr  1.54  t  45.3  inf 134  N 18.0  mpc   4.2 ms  err 2.33  xte 1.80  xmax 4.71  off 0.46  nrj 4
[ 34/ 70] speed=6 SN  FR_SAFE_3   seed 24  goal      clr  0.76  t  54.3  inf 160  N 19.6  mpc   5.0 ms  err 2.74  xte 3.12  xmax 7.52  off 0.70  nrj 4
[ 35/ 70] speed=6 SN  FR_SAFE_3   seed 25  goal      clr  1.23  t  42.6  inf 126  N 14.5  mpc   2.7 ms  err 2.82  xte 0.31  xmax 1.67  off 0.08  nrj 3
[ 36/ 70] speed=6 SN  FR_SAFE_3   seed 26  goal      clr  1.66  t  44.8  inf 132  N 19.4  mpc   4.7 ms  err 2.49  xte 2.16  xmax 7.22  off 0.40  nrj 3
[ 37/ 70] speed=6 SN  FR_SAFE_3   seed 27  goal      clr  1.41  t  42.5  inf 125  N 14.1  mpc   2.9 ms  err 3.01  xte 1.06  xmax 3.60  off 0.24  nrj 3
[ 38/ 70] speed=6 SN  FR_SAFE_3   seed 28  goal      clr  1.33  t  46.0  inf 136  N 18.2  mpc   4.4 ms  err 3.46  xte 2.87  xmax 9.60  off 0.51  nrj 3
[ 39/ 70] speed=6 SN  FR_SAFE_3   seed 29  goal      clr  1.47  t  41.4  inf 122  N 16.9  mpc   3.6 ms  err 3.91  xte 1.06  xmax 3.71  off 0.34  nrj 3
[ 40/ 70] speed=6 SN  FR_SAFE_3   seed 30  goal      clr  1.74  t  44.0  inf 130  N 16.7  mpc   4.0 ms  err 2.93  xte 1.26  xmax 4.26  off 0.33  nrj 4
[ 41/ 70] speed=6 SN  FR_SAFE_1   seed 21  goal      clr  1.43  t  70.6  inf  71  N 14.2  mpc   3.2 ms  err 2.34  xte 1.73  xmax 4.83  off 0.38  nrj 4
[ 42/ 70] speed=6 SN  FR_SAFE_1   seed 22  goal      clr  1.52  t  69.2  inf  70  N 15.9  mpc   3.9 ms  err 3.25  xte 1.90  xmax 4.22  off 0.50  nrj 3
[ 43/ 70] speed=6 SN  FR_SAFE_1   seed 23  goal      clr  1.72  t  74.5  inf  75  N 15.5  mpc   3.8 ms  err 2.60  xte 2.88  xmax 7.18  off 0.62  nrj 2
[ 44/ 70] speed=6 SN  FR_SAFE_1   seed 24  goal      clr  1.51  t  80.8  inf  81  N 18.0  mpc   4.7 ms  err 2.78  xte 2.78  xmax 5.60  off 0.63  nrj 3
[ 45/ 70] speed=6 SN  FR_SAFE_1   seed 25  goal      clr  1.61  t  68.4  inf  69  N 12.3  mpc   2.4 ms  err 2.60  xte 0.48  xmax 1.71  off 0.16  nrj 3
[ 46/ 70] speed=6 SN  FR_SAFE_1   seed 26  goal      clr  1.93  t  84.1  inf  85  N 15.9  mpc   4.0 ms  err 3.40  xte 4.98  xmax 13.57  off 0.69  nrj 2
[ 47/ 70] speed=6 SN  FR_SAFE_1   seed 27  goal      clr  3.53  t  69.9  inf  70  N 11.6  mpc   2.1 ms  err 3.51  xte 2.09  xmax 6.76  off 0.36  nrj 3
[ 48/ 70] speed=6 SN  FR_SAFE_1   seed 28  goal      clr  1.56  t  73.9  inf  74  N 15.1  mpc   3.7 ms  err 2.60  xte 2.11  xmax 4.02  off 0.62  nrj 3
[ 49/ 70] speed=6 SN  FR_SAFE_1   seed 29  goal      clr  1.41  t  67.3  inf  68  N 13.4  mpc   2.7 ms  err 3.24  xte 1.37  xmax 5.38  off 0.36  nrj 2
[ 50/ 70] speed=6 SN  FR_SAFE_1   seed 30  goal      clr  2.26  t  73.1  inf  74  N 12.7  mpc   2.9 ms  err 2.89  xte 1.29  xmax 4.29  off 0.37  nrj 4
[ 51/ 70] speed=6 SN  E_DART      seed 21  goal      clr  0.98  t  42.6  inf 251  N 16.3  mpc   3.4 ms  err 1.90  xte 0.85  xmax 2.99  off 0.28  nrj 3
[ 52/ 70] speed=6 SN  E_DART      seed 22  goal      clr  1.27  t  42.1  inf 257  N 19.0  mpc   4.5 ms  err 2.87  xte 0.58  xmax 2.69  off 0.23  nrj 5
[ 53/ 70] speed=6 SN  E_DART      seed 23  goal      clr  1.37  t  43.2  inf 281  N 18.0  mpc   4.1 ms  err 2.00  xte 1.39  xmax 3.85  off 0.48  nrj 5
[ 54/ 70] speed=6 SN  E_DART      seed 24  goal      clr  1.38  t  44.3  inf 271  N 20.7  mpc   5.0 ms  err 3.24  xte 1.56  xmax 4.42  off 0.49  nrj 4
[ 55/ 70] speed=6 SN  E_DART      seed 25  goal      clr  1.26  t  42.6  inf 261  N 13.9  mpc   2.7 ms  err 2.44  xte 0.29  xmax 1.56  off 0.05  nrj 2
[ 56/ 70] speed=6 SN  E_DART      seed 26  goal      clr  1.44  t  42.7  inf 266  N 17.8  mpc   4.2 ms  err 2.57  xte 1.46  xmax 4.27  off 0.38  nrj 3
[ 57/ 70] speed=6 SN  E_DART      seed 27  goal      clr  1.60  t  41.2  inf 244  N 13.6  mpc   2.8 ms  err 2.49  xte 0.38  xmax 1.81  off 0.08  nrj 3
[ 58/ 70] speed=6 SN  E_DART      seed 28  goal      clr  0.98  t  44.6  inf 280  N 18.3  mpc   4.5 ms  err 3.05  xte 1.87  xmax 5.74  off 0.44  nrj 4
[ 59/ 70] speed=6 SN  E_DART      seed 29  goal      clr  1.35  t  41.9  inf 267  N 16.1  mpc   3.5 ms  err 2.93  xte 0.79  xmax 3.34  off 0.19  nrj 3
[ 60/ 70] speed=6 SN  E_DART      seed 30  goal      clr  1.39  t  42.9  inf 262  N 16.2  mpc   4.0 ms  err 2.36  xte 0.69  xmax 2.20  off 0.25  nrj 4
[ 61/ 70] speed=6 SN  COV_NOCAP   seed 21  goal      clr  1.17  t  23.1  inf 211  N 22.2  mpc   4.8 ms  err 2.35  xte 1.23  xmax 3.57  off 0.38  nrj 4
[ 62/ 70] speed=6 SN  COV_NOCAP   seed 22  goal      clr  1.86  t  23.8  inf 215  N 24.3  mpc   6.0 ms  err 2.87  xte 0.88  xmax 2.52  off 0.49  nrj 5
[ 63/ 70] speed=6 SN  COV_NOCAP   seed 23  goal      clr  1.50  t  24.9  inf 227  N 23.1  mpc   5.5 ms  err 2.43  xte 1.74  xmax 5.37  off 0.51  nrj 4
[ 64/ 70] speed=6 SN  COV_NOCAP   seed 24  goal      clr  1.58  t  24.8  inf 234  N 25.4  mpc   6.3 ms  err 2.72  xte 1.69  xmax 4.75  off 0.58  nrj 4
[ 65/ 70] speed=6 SN  COV_NOCAP   seed 25  goal      clr  1.63  t  22.3  inf 204  N 21.6  mpc   4.1 ms  err 3.17  xte 0.85  xmax 2.83  off 0.24  nrj 2
[ 66/ 70] speed=6 SN  COV_NOCAP   seed 26  goal      clr  1.39  t  26.1  inf 216  N 23.5  mpc   5.6 ms  err 2.60  xte 1.38  xmax 3.32  off 0.46  nrj 3
[ 67/ 70] speed=6 SN  COV_NOCAP   seed 27  goal      clr  2.05  t  22.8  inf 206  N 20.6  mpc   4.1 ms  err 3.88  xte 1.23  xmax 3.51  off 0.34  nrj 3
[ 68/ 70] speed=6 SN  COV_NOCAP   seed 28  goal      clr  1.14  t  24.4  inf 221  N 24.1  mpc   5.7 ms  err 3.26  xte 1.56  xmax 4.43  off 0.54  nrj 4
[ 69/ 70] speed=6 SN  COV_NOCAP   seed 29  goal      clr  1.54  t  24.8  inf 217  N 22.4  mpc   4.7 ms  err 2.51  xte 1.87  xmax 5.83  off 0.37  nrj 2
[ 70/ 70] speed=6 SN  COV_NOCAP   seed 30  goal      clr  1.81  t  24.5  inf 230  N 23.3  mpc   5.6 ms  err 2.94  xte 1.63  xmax 4.84  off 0.50  nrj 4
