[  1/180] speed=2 SN  E_COV       seed  1  goal      clr  2.08  t  65.1  inf  79  N 16.2  mpc   4.3 ms  err 2.16  xte 2.00  xmax 5.34  off 0.52  nrj 4
WORLD SN seed 1 layout normal nleg 2 dyn 0.00 nobj 8
[  2/180] speed=2 SN  E_COV       seed  2  goal      clr  1.59  t  69.5  inf  89  N 14.7  mpc   3.9 ms  err 2.14  xte 1.67  xmax 4.37  off 0.45  nrj 5
WORLD SN seed 2 layout normal nleg 3 dyn 0.00 nobj 9
[  3/180] speed=2 SN  E_COV       seed  3  goal      clr  1.33  t  65.5  inf  82  N 16.3  mpc   3.9 ms  err 2.77  xte 1.51  xmax 3.44  off 0.48  nrj 3
WORLD SN seed 3 layout normal nleg 1 dyn 0.00 nobj 7
[  4/180] speed=2 SN  E_COV       seed  4  goal      clr  1.83  t  66.0  inf  75  N 13.4  mpc   2.7 ms  err 2.53  xte 2.17  xmax 6.83  off 0.32  nrj 2
WORLD SN seed 4 layout normal nleg 3 dyn 0.00 nobj 5
[  5/180] speed=2 SN  E_COV       seed  5  goal      clr  1.86  t  66.3  inf  79  N 15.9  mpc   3.7 ms  err 2.54  xte 1.51  xmax 4.79  off 0.53  nrj 3
WORLD SN seed 5 layout normal nleg 3 dyn 0.00 nobj 8
[  6/180] speed=2 SN  E_COV       seed  6  goal      clr  1.96  t  63.5  inf  75  N 16.7  mpc   4.0 ms  err 3.09  xte 1.39  xmax 4.46  off 0.37  nrj 5
WORLD SN seed 6 layout normal nleg 1 dyn 0.00 nobj 9
[  7/180] speed=2 SN  E_COV       seed  7  goal      clr  1.50  t  70.5  inf 109  N 16.6  mpc   4.1 ms  err 2.34  xte 2.59  xmax 5.91  off 0.70  nrj 2
WORLD SN seed 7 layout normal nleg 3 dyn 0.00 nobj 7
[  8/180] speed=2 SN  E_COV       seed  8  goal      clr  2.16  t  67.5  inf  79  N 13.0  mpc   2.8 ms  err 2.57  xte 1.55  xmax 4.42  off 0.35  nrj 3
WORLD SN seed 8 layout normal nleg 2 dyn 0.00 nobj 6
[  9/180] speed=2 SN  E_COV       seed  9  goal      clr  1.60  t  64.0  inf  92  N 14.6  mpc   3.3 ms  err 2.56  xte 2.19  xmax 6.59  off 0.33  nrj 3
WORLD SN seed 9 layout normal nleg 2 dyn 0.00 nobj 7
[ 10/180] speed=2 SN  E_COV       seed 10  goal      clr  1.94  t  63.6  inf  76  N 14.9  mpc   3.5 ms  err 2.81  xte 1.36  xmax 3.77  off 0.33  nrj 3
WORLD SN seed 10 layout normal nleg 1 dyn 0.00 nobj 6
[ 11/180] speed=2 SN  E_COV       seed 11  goal      clr  1.29  t  67.1  inf  89  N 15.1  mpc   3.8 ms  err 2.81  xte 2.65  xmax 6.14  off 0.58  nrj 2
WORLD SN seed 11 layout normal nleg 1 dyn 0.00 nobj 10
[ 12/180] speed=2 SN  E_COV       seed 12  goal      clr  1.56  t  69.0  inf  98  N 14.0  mpc   3.3 ms  err 1.67  xte 2.19  xmax 6.92  off 0.46  nrj 3
WORLD SN seed 12 layout normal nleg 3 dyn 0.00 nobj 8
[ 13/180] speed=2 SN  E_COV       seed 13  goal      clr  1.62  t  66.1  inf  89  N 14.2  mpc   3.5 ms  err 3.06  xte 2.20  xmax 9.04  off 0.31  nrj 4
WORLD SN seed 13 layout normal nleg 2 dyn 0.00 nobj 9
[ 14/180] speed=2 SN  E_COV       seed 14  goal      clr  1.49  t  63.9  inf  74  N 13.3  mpc   2.9 ms  err 2.69  xte 0.86  xmax 3.29  off 0.26  nrj 4
WORLD SN seed 14 layout normal nleg 3 dyn 0.00 nobj 7
[ 15/180] speed=2 SN  E_COV       seed 15  stuck     clr  1.27  t  79.6  inf  76  N 13.9  mpc   3.9 ms  err 1.38  xte 1.72  xmax 3.18  off 0.79  nrj 2
WORLD SN seed 15 layout normal nleg 3 dyn 0.00 nobj 8
FAILINFO speed=2 SN E_COV seed 15 cls stuck shape box dyn 0 tracked 1 infov 1 mode 2 speed 0.16 closing -0.14 nupd 3 seen 62.00 prog10 -2.2 layout normal vdes 2
[ 16/180] speed=2 SN  E_COV       seed 16  goal      clr  1.15  t  66.9  inf  95  N 16.6  mpc   4.4 ms  err 3.47  xte 2.21  xmax 6.29  off 0.60  nrj 3
WORLD SN seed 16 layout normal nleg 1 dyn 0.00 nobj 7
[ 17/180] speed=2 SN  E_COV       seed 17  goal      clr  1.50  t  98.1  inf  94  N 14.6  mpc   3.8 ms  err 2.73  xte 1.39  xmax 4.64  off 0.40  nrj 5
WORLD SN seed 17 layout normal nleg 3 dyn 0.00 nobj 10
[ 18/180] speed=2 SN  E_COV       seed 18  goal      clr  1.36  t  69.9  inf  90  N 17.4  mpc   4.8 ms  err 2.61  xte 2.49  xmax 6.28  off 0.70  nrj 4
WORLD SN seed 18 layout normal nleg 3 dyn 0.00 nobj 7
[ 19/180] speed=2 SN  E_COV       seed 19  stuck     clr  0.55  t  79.0  inf  34  N 12.8  mpc   3.4 ms  err 2.47  xte 0.55  xmax 1.24  off 0.26  nrj 1
WORLD SN seed 19 layout normal nleg 1 dyn 0.00 nobj 6
FAILINFO speed=2 SN E_COV seed 19 cls stuck shape cylinder dyn 0 tracked 1 infov 1 mode 2 speed 0.29 closing -0.26 nupd 11 seen 11.49 prog10 1.3 layout normal vdes 2
[ 20/180] speed=2 SN  E_COV       seed 20  goal      clr  1.39  t 104.4  inf 131  N 17.3  mpc   4.9 ms  err 2.78  xte 2.67  xmax 7.30  off 0.75  nrj 2
WORLD SN seed 20 layout normal nleg 1 dyn 0.00 nobj 11
[ 21/180] speed=2 SN  E_COV       seed 21  goal      clr  1.37  t  64.8  inf  89  N 14.5  mpc   3.3 ms  err 2.56  xte 1.64  xmax 4.66  off 0.46  nrj 3
WORLD SN seed 21 layout normal nleg 3 dyn 0.00 nobj 6
[ 22/180] speed=2 SN  E_COV       seed 22  goal      clr  1.33  t  65.0  inf  91  N 17.0  mpc   4.5 ms  err 3.66  xte 1.89  xmax 3.67  off 0.64  nrj 3
WORLD SN seed 22 layout normal nleg 2 dyn 0.00 nobj 8
[ 23/180] speed=2 SN  E_COV       seed 23  goal      clr  1.71  t  70.1  inf 106  N 15.9  mpc   4.2 ms  err 2.72  xte 2.41  xmax 5.56  off 0.56  nrj 4
WORLD SN seed 23 layout normal nleg 2 dyn 0.00 nobj 8
[ 24/180] speed=2 SN  E_COV       seed 24  goal      clr  1.36  t 137.6  inf 108  N 15.3  mpc   4.3 ms  err 2.79  xte 4.31  xmax 10.16  off 0.80  nrj 3
WORLD SN seed 24 layout normal nleg 3 dyn 0.00 nobj 10
[ 25/180] speed=2 SN  E_COV       seed 25  goal      clr  1.89  t  65.0  inf  72  N 13.2  mpc   2.9 ms  err 3.43  xte 0.83  xmax 3.16  off 0.18  nrj 3
WORLD SN seed 25 layout normal nleg 3 dyn 0.00 nobj 4
[ 26/180] speed=2 SN  E_COV       seed 26  goal      clr  1.50  t  86.0  inf 125  N 16.4  mpc   4.3 ms  err 2.62  xte 2.65  xmax 7.83  off 0.54  nrj 3
WORLD SN seed 26 layout normal nleg 3 dyn 0.00 nobj 10
[ 27/180] speed=2 SN  E_COV       seed 27  goal      clr  1.84  t  62.3  inf  72  N 12.0  mpc   2.4 ms  err 2.12  xte 0.60  xmax 1.96  off 0.18  nrj 3
WORLD SN seed 27 layout normal nleg 3 dyn 0.00 nobj 6
[ 28/180] speed=2 SN  E_COV       seed 28  goal      clr  1.50  t  68.6  inf 109  N 16.1  mpc   4.0 ms  err 2.27  xte 1.60  xmax 4.18  off 0.59  nrj 5
WORLD SN seed 28 layout normal nleg 1 dyn 0.00 nobj 9
[ 29/180] speed=2 SN  E_COV       seed 29  goal      clr  1.85  t  62.2  inf  75  N 15.0  mpc   3.3 ms  err 3.40  xte 1.12  xmax 3.35  off 0.29  nrj 3
WORLD SN seed 29 layout normal nleg 2 dyn 0.00 nobj 10
[ 30/180] speed=2 SN  E_COV       seed 30  goal      clr  0.83  t 115.7  inf  97  N 12.5  mpc   3.3 ms  err 2.12  xte 1.38  xmax 5.22  off 0.55  nrj 4
WORLD SN seed 30 layout normal nleg 3 dyn 0.00 nobj 11
[ 31/180] speed=2 SN  COVB1       seed  1  goal      clr  1.47  t  74.4  inf  93  N 15.3  mpc   3.8 ms  err 2.17  xte 2.71  xmax 5.70  off 0.58  nrj 3
[ 32/180] speed=2 SN  COVB1       seed  2  goal      clr  1.73  t  69.1  inf 102  N 14.1  mpc   3.6 ms  err 2.49  xte 2.78  xmax 7.34  off 0.49  nrj 4
[ 33/180] speed=2 SN  COVB1       seed  3  goal      clr  1.61  t  73.7  inf 111  N 13.9  mpc   3.3 ms  err 2.89  xte 3.03  xmax 8.84  off 0.55  nrj 3
[ 34/180] speed=2 SN  COVB1       seed  4  goal      clr  1.76  t  68.5  inf  71  N 13.3  mpc   2.7 ms  err 2.01  xte 1.54  xmax 4.43  off 0.26  nrj 2
[ 35/180] speed=2 SN  COVB1       seed  5  goal      clr  1.48  t  73.3  inf  92  N 16.4  mpc   3.9 ms  err 2.94  xte 1.98  xmax 4.61  off 0.55  nrj 3
[ 36/180] speed=2 SN  COVB1       seed  6  goal      clr  1.40  t  69.6  inf  90  N 14.6  mpc   3.5 ms  err 2.90  xte 1.73  xmax 5.59  off 0.43  nrj 3
[ 37/180] speed=2 SN  COVB1       seed  7  goal      clr  2.02  t  73.5  inf 103  N 16.1  mpc   3.9 ms  err 3.17  xte 2.52  xmax 5.63  off 0.71  nrj 2
[ 38/180] speed=2 SN  COVB1       seed  8  goal      clr  2.04  t  74.2  inf  91  N 14.0  mpc   3.1 ms  err 3.07  xte 1.75  xmax 4.26  off 0.43  nrj 2
[ 39/180] speed=2 SN  COVB1       seed  9  goal      clr  1.97  t  69.4  inf  85  N 13.8  mpc   2.9 ms  err 2.14  xte 1.87  xmax 5.85  off 0.38  nrj 3
[ 40/180] speed=2 SN  COVB1       seed 10  goal      clr  2.02  t  63.1  inf 104  N 14.3  mpc   3.0 ms  err 2.82  xte 1.99  xmax 6.15  off 0.43  nrj 3
[ 41/180] speed=2 SN  COVB1       seed 11  goal      clr  1.41  t  67.6  inf  74  N 16.2  mpc   3.7 ms  err 2.69  xte 1.36  xmax 3.01  off 0.50  nrj 3
[ 42/180] speed=2 SN  COVB1       seed 12  goal      clr  1.86  t  70.9  inf  93  N 14.3  mpc   3.3 ms  err 2.34  xte 1.68  xmax 4.33  off 0.40  nrj 3
[ 43/180] speed=2 SN  COVB1       seed 13  goal      clr  1.66  t  73.3  inf  94  N 15.6  mpc   3.8 ms  err 3.74  xte 1.32  xmax 5.29  off 0.36  nrj 5
[ 44/180] speed=2 SN  COVB1       seed 14  goal      clr  2.25  t  70.7  inf  84  N 12.0  mpc   2.4 ms  err 4.54  xte 1.39  xmax 3.81  off 0.33  nrj 3
[ 45/180] speed=2 SN  COVB1       seed 15  stuck     clr  2.59  t  80.6  inf  20  N 12.8  mpc   3.3 ms  err 1.55  xte 2.03  xmax 2.73  off 0.80  nrj 2
FAILINFO speed=2 SN COVB1 seed 15 cls stuck shape cylinder dyn 0 tracked 1 infov 1 mode 2 speed 0.17 closing 0.15 nupd 2 seen 13.74 prog10 -0.9 layout normal vdes 2
[ 46/180] speed=2 SN  COVB1       seed 16  goal      clr  1.71  t  71.0  inf  89  N 15.2  mpc   3.6 ms  err 3.08  xte 2.10  xmax 4.82  off 0.46  nrj 3
[ 47/180] speed=2 SN  COVB1       seed 17  goal      clr  0.57  t 126.0  inf 125  N 16.0  mpc   4.2 ms  err 1.91  xte 1.79  xmax 6.89  off 0.54  nrj 4
[ 48/180] speed=2 SN  COVB1       seed 18  goal      clr  1.24  t  75.3  inf 100  N 15.6  mpc   3.9 ms  err 3.94  xte 4.10  xmax 10.89  off 0.75  nrj 3
[ 49/180] speed=2 SN  COVB1       seed 19  goal      clr  0.67  t  68.3  inf  76  N 14.3  mpc   3.0 ms  err 2.97  xte 1.15  xmax 3.93  off 0.30  nrj 4
[ 50/180] speed=2 SN  COVB1       seed 20  goal      clr  1.43  t 124.7  inf 159  N 17.0  mpc   4.8 ms  err 3.49  xte 3.29  xmax 10.63  off 0.72  nrj 2
[ 51/180] speed=2 SN  COVB1       seed 21  goal      clr  1.21  t  70.5  inf  73  N 13.4  mpc   3.1 ms  err 2.13  xte 2.19  xmax 6.05  off 0.39  nrj 3
[ 52/180] speed=2 SN  COVB1       seed 22  goal      clr  1.46  t  72.1  inf  89  N 14.9  mpc   3.6 ms  err 2.73  xte 1.96  xmax 6.26  off 0.49  nrj 3
[ 53/180] speed=2 SN  COVB1       seed 23  goal      clr  1.60  t  79.2  inf 120  N 13.8  mpc   3.4 ms  err 2.30  xte 3.30  xmax 9.13  off 0.61  nrj 4
[ 54/180] speed=2 SN  COVB1       seed 24  goal      clr  1.42  t  71.4  inf 102  N 18.5  mpc   4.8 ms  err 3.03  xte 2.16  xmax 5.87  off 0.57  nrj 3
[ 55/180] speed=2 SN  COVB1       seed 25  goal      clr  1.23  t  67.7  inf  73  N 12.2  mpc   2.4 ms  err 2.47  xte 0.35  xmax 1.76  off 0.07  nrj 3
[ 56/180] speed=2 SN  COVB1       seed 26  goal      clr  1.55  t  73.0  inf  99  N 15.5  mpc   3.9 ms  err 3.09  xte 3.04  xmax 8.70  off 0.57  nrj 2
[ 57/180] speed=2 SN  COVB1       seed 27  goal      clr  2.36  t  65.4  inf  65  N 12.2  mpc   2.3 ms  err 2.87  xte 0.58  xmax 2.56  off 0.10  nrj 3
[ 58/180] speed=2 SN  COVB1       seed 28  goal      clr  1.78  t  72.6  inf  91  N 15.5  mpc   3.9 ms  err 2.29  xte 2.11  xmax 4.83  off 0.57  nrj 5
[ 59/180] speed=2 SN  COVB1       seed 29  goal      clr  1.71  t  68.5  inf  81  N 12.9  mpc   2.7 ms  err 2.16  xte 0.88  xmax 3.02  off 0.23  nrj 3
[ 60/180] speed=2 SN  COVB1       seed 30  goal      clr  2.18  t  70.6  inf  78  N 13.4  mpc   3.4 ms  err 3.05  xte 1.62  xmax 4.05  off 0.46  nrj 3
[ 61/180] speed=2 SN  COV_EV      seed  1  goal      clr  1.42  t  66.7  inf 106  N 16.0  mpc   3.9 ms  err 1.93  xte 2.10  xmax 5.16  off 0.54  nrj 4
[ 62/180] speed=2 SN  COV_EV      seed  2  goal      clr  1.27  t  67.4  inf 126  N 14.2  mpc   3.5 ms  err 2.34  xte 2.20  xmax 6.75  off 0.45  nrj 4
[ 63/180] speed=2 SN  COV_EV      seed  3  goal      clr  1.56  t  65.0  inf 108  N 16.3  mpc   4.0 ms  err 3.19  xte 1.69  xmax 4.70  off 0.49  nrj 3
[ 64/180] speed=2 SN  COV_EV      seed  4  goal      clr  1.41  t  66.0  inf  97  N 13.5  mpc   2.9 ms  err 2.52  xte 1.72  xmax 5.50  off 0.29  nrj 2
[ 65/180] speed=2 SN  COV_EV      seed  5  goal      clr  1.54  t  72.4  inf 157  N 16.4  mpc   4.1 ms  err 3.98  xte 2.80  xmax 7.33  off 0.56  nrj 2
[ 66/180] speed=2 SN  COV_EV      seed  6  goal      clr  2.07  t  65.1  inf  94  N 14.2  mpc   3.4 ms  err 2.54  xte 1.98  xmax 7.16  off 0.29  nrj 4
[ 67/180] speed=2 SN  COV_EV      seed  7  goal      clr  1.37  t  66.8  inf 122  N 17.5  mpc   4.3 ms  err 2.43  xte 1.84  xmax 4.30  off 0.63  nrj 3
[ 68/180] speed=2 SN  COV_EV      seed  8  goal      clr  1.63  t  64.1  inf  95  N 13.4  mpc   2.7 ms  err 2.40  xte 0.89  xmax 2.82  off 0.32  nrj 2
[ 69/180] speed=2 SN  COV_EV      seed  9  goal      clr  1.64  t  71.1  inf 120  N 14.2  mpc   3.2 ms  err 2.78  xte 3.06  xmax 9.51  off 0.40  nrj 3
[ 70/180] speed=2 SN  COV_EV      seed 10  goal      clr  1.48  t  63.3  inf 101  N 14.6  mpc   3.2 ms  err 2.62  xte 1.60  xmax 5.56  off 0.28  nrj 3
[ 71/180] speed=2 SN  COV_EV      seed 11  goal      clr  1.45  t  64.2  inf 113  N 15.8  mpc   3.6 ms  err 2.79  xte 1.95  xmax 7.38  off 0.38  nrj 2
[ 72/180] speed=2 SN  COV_EV      seed 12  goal      clr  1.47  t  67.4  inf 114  N 15.1  mpc   3.6 ms  err 2.83  xte 1.83  xmax 5.32  off 0.51  nrj 3
[ 73/180] speed=2 SN  COV_EV      seed 13  goal      clr  1.27  t  61.9  inf  87  N 15.5  mpc   3.6 ms  err 2.99  xte 0.40  xmax 1.61  off 0.13  nrj 4
[ 74/180] speed=2 SN  COV_EV      seed 14  goal      clr  1.42  t  63.9  inf 103  N 13.0  mpc   2.7 ms  err 3.30  xte 0.77  xmax 2.60  off 0.29  nrj 3
[ 75/180] speed=2 SN  COV_EV      seed 15  goal      clr  1.28  t  63.9  inf 100  N 15.1  mpc   3.7 ms  err 2.21  xte 0.74  xmax 2.38  off 0.32  nrj 4
[ 76/180] speed=2 SN  COV_EV      seed 16  goal      clr  1.47  t  66.0  inf 100  N 15.3  mpc   3.7 ms  err 2.68  xte 2.08  xmax 4.90  off 0.48  nrj 3
[ 77/180] speed=2 SN  COV_EV      seed 17  goal      clr  1.45  t  65.7  inf 110  N 16.4  mpc   3.9 ms  err 2.30  xte 1.39  xmax 4.51  off 0.34  nrj 5
[ 78/180] speed=2 SN  COV_EV      seed 18  goal      clr  1.30  t  65.5  inf 128  N 16.9  mpc   4.3 ms  err 2.79  xte 1.95  xmax 5.28  off 0.67  nrj 4
[ 79/180] speed=2 SN  COV_EV      seed 19  goal      clr  0.97  t  65.9  inf 131  N 14.9  mpc   3.1 ms  err 2.80  xte 1.62  xmax 5.17  off 0.33  nrj 3
[ 80/180] speed=2 SN  COV_EV      seed 20  goal      clr  1.63  t  66.2  inf 106  N 16.2  mpc   4.0 ms  err 2.51  xte 1.83  xmax 5.15  off 0.49  nrj 4
[ 81/180] speed=2 SN  COV_EV      seed 21  goal      clr  1.37  t  64.2  inf 104  N 14.2  mpc   3.1 ms  err 2.40  xte 1.30  xmax 3.37  off 0.42  nrj 3
[ 82/180] speed=2 SN  COV_EV      seed 22  goal      clr  1.72  t  65.1  inf  99  N 14.7  mpc   3.4 ms  err 3.14  xte 1.95  xmax 4.33  off 0.55  nrj 3
[ 83/180] speed=2 SN  COV_EV      seed 23  goal      clr  1.68  t  66.4  inf 106  N 15.2  mpc   3.6 ms  err 2.23  xte 1.67  xmax 4.70  off 0.50  nrj 3
[ 84/180] speed=2 SN  COV_EV      seed 24  goal      clr  1.62  t  70.2  inf 162  N 16.8  mpc   3.9 ms  err 2.87  xte 3.23  xmax 11.26  off 0.57  nrj 4
[ 85/180] speed=2 SN  COV_EV      seed 25  goal      clr  1.72  t  63.7  inf  70  N 12.4  mpc   2.4 ms  err 2.27  xte 0.28  xmax 1.38  off 0.08  nrj 3
[ 86/180] speed=2 SN  COV_EV      seed 26  goal      clr  1.22  t  68.6  inf 168  N 15.1  mpc   3.5 ms  err 2.66  xte 3.44  xmax 9.62  off 0.50  nrj 2
[ 87/180] speed=2 SN  COV_EV      seed 27  goal      clr  1.84  t  61.6  inf  82  N 12.1  mpc   2.3 ms  err 2.47  xte 0.43  xmax 1.96  off 0.08  nrj 2
[ 88/180] speed=2 SN  COV_EV      seed 28  goal      clr  1.19  t  63.5  inf 107  N 16.9  mpc   4.0 ms  err 2.02  xte 0.98  xmax 3.19  off 0.48  nrj 4
[ 89/180] speed=2 SN  COV_EV      seed 29  goal      clr  1.49  t  62.5  inf  94  N 13.7  mpc   2.8 ms  err 3.51  xte 0.89  xmax 2.81  off 0.24  nrj 3
[ 90/180] speed=2 SN  COV_EV      seed 30  goal      clr  1.78  t  65.5  inf 114  N 12.9  mpc   3.1 ms  err 2.53  xte 1.05  xmax 3.17  off 0.29  nrj 5
[ 91/180] speed=2 SN  FR_SAFE_2   seed  1  goal      clr  1.20  t  68.5  inf 137  N 14.5  mpc   3.5 ms  err 1.84  xte 2.46  xmax 7.69  off 0.59  nrj 4
[ 92/180] speed=2 SN  FR_SAFE_2   seed  2  goal      clr  1.66  t  65.4  inf 131  N 15.4  mpc   3.7 ms  err 2.37  xte 2.30  xmax 6.83  off 0.40  nrj 3
[ 93/180] speed=2 SN  FR_SAFE_2   seed  3  goal      clr  1.20  t  66.2  inf 133  N 16.1  mpc   3.8 ms  err 2.81  xte 1.84  xmax 4.80  off 0.50  nrj 3
[ 94/180] speed=2 SN  FR_SAFE_2   seed  4  goal      clr  1.33  t  65.0  inf 131  N 13.4  mpc   2.7 ms  err 3.06  xte 1.58  xmax 4.62  off 0.27  nrj 2
[ 95/180] speed=2 SN  FR_SAFE_2   seed  5  goal      clr  1.38  t  71.4  inf 143  N 15.6  mpc   3.7 ms  err 2.82  xte 2.85  xmax 9.76  off 0.55  nrj 3
[ 96/180] speed=2 SN  FR_SAFE_2   seed  6  goal      clr  1.70  t  63.3  inf 127  N 14.2  mpc   3.2 ms  err 2.67  xte 1.34  xmax 5.80  off 0.24  nrj 4
[ 97/180] speed=2 SN  FR_SAFE_2   seed  7  goal      clr  1.08  t  67.5  inf 136  N 15.8  mpc   3.9 ms  err 2.63  xte 3.49  xmax 12.54  off 0.56  nrj 4
[ 98/180] speed=2 SN  FR_SAFE_2   seed  8  goal      clr  1.87  t  65.8  inf 132  N 14.1  mpc   3.1 ms  err 3.18  xte 1.82  xmax 4.87  off 0.36  nrj 2
[ 99/180] speed=2 SN  FR_SAFE_2   seed  9  goal      clr  1.36  t  93.9  inf 188  N 14.8  mpc   3.3 ms  err 2.75  xte 1.45  xmax 4.44  off 0.53  nrj 4
[100/180] speed=2 SN  FR_SAFE_2   seed 10  goal      clr  1.51  t  61.8  inf 124  N 14.8  mpc   3.2 ms  err 2.69  xte 1.39  xmax 4.20  off 0.22  nrj 3
[101/180] speed=2 SN  FR_SAFE_2   seed 11  goal      clr  1.12  t  64.4  inf 129  N 15.1  mpc   3.4 ms  err 2.80  xte 1.60  xmax 4.42  off 0.51  nrj 3
[102/180] speed=2 SN  FR_SAFE_2   seed 12  goal      clr  1.06  t  65.4  inf 131  N 14.7  mpc   3.4 ms  err 2.58  xte 1.92  xmax 4.59  off 0.48  nrj 2
[103/180] speed=2 SN  FR_SAFE_2   seed 13  goal      clr  1.45  t 116.4  inf 233  N 14.3  mpc   3.8 ms  err 3.72  xte 3.72  xmax 10.26  off 0.58  nrj 4
[104/180] speed=2 SN  FR_SAFE_2   seed 14  goal      clr  1.31  t  65.3  inf 131  N 12.7  mpc   2.6 ms  err 2.77  xte 0.96  xmax 3.28  off 0.26  nrj 6
[105/180] speed=2 SN  FR_SAFE_2   seed 15  goal      clr  1.63  t  89.0  inf 178  N 14.8  mpc   3.8 ms  err 2.53  xte 2.07  xmax 5.47  off 0.59  nrj 4
[106/180] speed=2 SN  FR_SAFE_2   seed 16  goal      clr  1.55  t  65.7  inf 132  N 15.6  mpc   3.9 ms  err 2.89  xte 2.07  xmax 6.86  off 0.45  nrj 3
[107/180] speed=2 SN  FR_SAFE_2   seed 17  goal      clr  1.51  t  66.2  inf 133  N 17.3  mpc   4.3 ms  err 2.39  xte 1.54  xmax 4.45  off 0.44  nrj 3
[108/180] speed=2 SN  FR_SAFE_2   seed 18  goal      clr  1.32  t  65.5  inf 131  N 17.3  mpc   4.6 ms  err 2.55  xte 1.74  xmax 4.88  off 0.63  nrj 4
[109/180] speed=2 SN  FR_SAFE_2   seed 19  goal      clr  1.30  t  64.9  inf 130  N 15.0  mpc   3.4 ms  err 3.37  xte 1.49  xmax 4.52  off 0.38  nrj 2
[110/180] speed=2 SN  FR_SAFE_2   seed 20  goal      clr  1.35  t  65.7  inf 132  N 16.8  mpc   4.3 ms  err 2.78  xte 1.75  xmax 5.22  off 0.41  nrj 4
[111/180] speed=2 SN  FR_SAFE_2   seed 21  goal      clr  1.42  t  64.7  inf 130  N 14.2  mpc   3.1 ms  err 2.66  xte 1.33  xmax 4.07  off 0.33  nrj 3
[112/180] speed=2 SN  FR_SAFE_2   seed 22  goal      clr  1.60  t  67.5  inf 135  N 15.3  mpc   3.6 ms  err 3.05  xte 2.22  xmax 6.68  off 0.53  nrj 4
[113/180] speed=2 SN  FR_SAFE_2   seed 23  goal      clr  1.56  t  67.3  inf 135  N 15.9  mpc   3.9 ms  err 2.59  xte 1.88  xmax 6.12  off 0.50  nrj 5
[114/180] speed=2 SN  FR_SAFE_2   seed 24  goal      clr  1.41  t  68.1  inf 137  N 16.5  mpc   4.1 ms  err 2.95  xte 2.70  xmax 7.23  off 0.61  nrj 3
[115/180] speed=2 SN  FR_SAFE_2   seed 25  goal      clr  1.11  t  63.8  inf 128  N 12.7  mpc   2.5 ms  err 2.86  xte 0.28  xmax 1.49  off 0.06  nrj 2
[116/180] speed=2 SN  FR_SAFE_2   seed 26  goal      clr  1.60  t  65.8  inf 132  N 14.5  mpc   3.4 ms  err 2.46  xte 2.47  xmax 8.73  off 0.43  nrj 3
[117/180] speed=2 SN  FR_SAFE_2   seed 27  goal      clr  1.96  t  63.5  inf 128  N 11.4  mpc   2.1 ms  err 2.54  xte 1.27  xmax 5.01  off 0.15  nrj 1
[118/180] speed=2 SN  FR_SAFE_2   seed 28  goal      clr  1.17  t  65.9  inf 132  N 15.7  mpc   3.9 ms  err 2.96  xte 3.13  xmax 8.87  off 0.57  nrj 3
[119/180] speed=2 SN  FR_SAFE_2   seed 29  goal      clr  1.50  t  61.5  inf 123  N 13.2  mpc   2.7 ms  err 2.76  xte 0.55  xmax 2.20  off 0.17  nrj 3
[120/180] speed=2 SN  FR_SAFE_2   seed 30  goal      clr  1.68  t  63.8  inf 128  N 14.2  mpc   3.4 ms  err 2.47  xte 0.84  xmax 2.89  off 0.22  nrj 4
[121/180] speed=2 SN  FRNC1       seed  1  goal      clr  1.56  t  69.8  inf  70  N 15.2  mpc   3.6 ms  err 2.28  xte 2.73  xmax 7.10  off 0.52  nrj 4
[122/180] speed=2 SN  FRNC1       seed  2  goal      clr  2.03  t  68.7  inf  69  N 14.4  mpc   3.6 ms  err 2.42  xte 2.41  xmax 5.53  off 0.58  nrj 3
[123/180] speed=2 SN  FRNC1       seed  3  goal      clr  1.62  t  68.2  inf  69  N 15.5  mpc   3.6 ms  err 2.53  xte 2.74  xmax 7.27  off 0.53  nrj 3
[124/180] speed=2 SN  FRNC1       seed  4  goal      clr  2.06  t  75.1  inf  76  N 12.8  mpc   2.7 ms  err 2.77  xte 2.52  xmax 7.05  off 0.42  nrj 2
[125/180] speed=2 SN  FRNC1       seed  5  goal      clr  2.21  t  72.9  inf  73  N 14.3  mpc   3.4 ms  err 2.99  xte 2.85  xmax 6.28  off 0.62  nrj 3
[126/180] speed=2 SN  FRNC1       seed  6  goal      clr  2.11  t  68.6  inf  69  N 14.0  mpc   3.3 ms  err 2.73  xte 2.45  xmax 6.15  off 0.48  nrj 4
[127/180] speed=2 SN  FRNC1       seed  7  goal      clr  1.75  t  69.8  inf  70  N 17.7  mpc   4.2 ms  err 2.53  xte 2.75  xmax 9.79  off 0.66  nrj 2
[128/180] speed=2 SN  FRNC1       seed  8  goal      clr  2.21  t  65.0  inf  65  N 14.1  mpc   2.9 ms  err 2.96  xte 1.58  xmax 3.99  off 0.39  nrj 2
[129/180] speed=2 SN  FRNC1       seed  9  goal      clr  2.06  t  66.0  inf  67  N 14.0  mpc   3.0 ms  err 2.35  xte 2.03  xmax 6.35  off 0.38  nrj 1
[130/180] speed=2 SN  FRNC1       seed 10  goal      clr  1.95  t  65.9  inf  66  N 14.2  mpc   3.1 ms  err 2.88  xte 3.13  xmax 11.74  off 0.38  nrj 3
[131/180] speed=2 SN  FRNC1       seed 11  goal      clr  1.39  t  66.4  inf  67  N 15.8  mpc   3.6 ms  err 3.56  xte 2.06  xmax 5.39  off 0.48  nrj 3
[132/180] speed=2 SN  FRNC1       seed 12  goal      clr  2.11  t  67.8  inf  68  N 13.8  mpc   2.9 ms  err 2.47  xte 3.00  xmax 8.87  off 0.46  nrj 3
[133/180] speed=2 SN  FRNC1       seed 13  goal      clr  1.83  t  66.2  inf  67  N 16.1  mpc   3.9 ms  err 3.49  xte 2.06  xmax 7.39  off 0.35  nrj 3
[134/180] speed=2 SN  FRNC1       seed 14  goal      clr  1.75  t  65.4  inf  66  N 12.9  mpc   2.6 ms  err 4.11  xte 1.27  xmax 4.31  off 0.28  nrj 4
[135/180] speed=2 SN  FRNC1       seed 15  goal      clr  1.63  t  75.1  inf  76  N 17.7  mpc   4.7 ms  err 2.78  xte 1.68  xmax 3.87  off 0.53  nrj 4
[136/180] speed=2 SN  FRNC1       seed 16  goal      clr  1.87  t  68.6  inf  69  N 15.0  mpc   3.5 ms  err 3.14  xte 3.24  xmax 9.94  off 0.48  nrj 4
[137/180] speed=2 SN  FRNC1       seed 17  goal      clr  1.73  t  70.8  inf  71  N 15.5  mpc   3.6 ms  err 2.90  xte 2.95  xmax 8.44  off 0.45  nrj 4
[138/180] speed=2 SN  FRNC1       seed 18  goal      clr  1.37  t  65.6  inf  66  N 17.9  mpc   4.6 ms  err 2.64  xte 1.89  xmax 4.75  off 0.63  nrj 4
[139/180] speed=2 SN  FRNC1       seed 19  goal      clr  1.41  t  65.5  inf  66  N 14.6  mpc   3.1 ms  err 2.54  xte 1.47  xmax 4.03  off 0.41  nrj 2
[140/180] speed=2 SN  FRNC1       seed 20  goal      clr  1.65  t  79.8  inf  80  N 17.2  mpc   4.4 ms  err 3.05  xte 2.07  xmax 4.15  off 0.68  nrj 2
[141/180] speed=2 SN  FRNC1       seed 21  goal      clr  1.93  t  65.8  inf  66  N 15.5  mpc   3.4 ms  err 2.37  xte 1.81  xmax 5.75  off 0.39  nrj 4
[142/180] speed=2 SN  FRNC1       seed 22  goal      clr  1.38  t  65.3  inf  66  N 17.2  mpc   4.3 ms  err 3.76  xte 2.15  xmax 4.47  off 0.58  nrj 2
[143/180] speed=2 SN  FRNC1       seed 23  goal      clr  1.79  t  73.1  inf  74  N 16.1  mpc   4.0 ms  err 3.00  xte 2.91  xmax 7.33  off 0.63  nrj 3
[144/180] speed=2 SN  FRNC1       seed 24  goal      clr  1.37  t  70.9  inf  71  N 17.5  mpc   4.4 ms  err 2.92  xte 3.14  xmax 8.10  off 0.71  nrj 2
[145/180] speed=2 SN  FRNC1       seed 25  goal      clr  1.81  t  65.1  inf  66  N 12.7  mpc   2.5 ms  err 3.44  xte 0.98  xmax 3.51  off 0.19  nrj 3
[146/180] speed=2 SN  FRNC1       seed 26  goal      clr  1.63  t  71.6  inf  72  N 15.0  mpc   3.7 ms  err 2.53  xte 3.64  xmax 9.70  off 0.50  nrj 2
[147/180] speed=2 SN  FRNC1       seed 27  goal      clr  3.90  t  65.8  inf  66  N 11.2  mpc   1.9 ms  err 2.30  xte 2.28  xmax 8.85  off 0.25  nrj 3
[148/180] speed=2 SN  FRNC1       seed 28  goal      clr  1.78  t  89.5  inf  90  N 14.9  mpc   3.6 ms  err 3.07  xte 2.48  xmax 7.93  off 0.50  nrj 3
[149/180] speed=2 SN  FRNC1       seed 29  goal      clr  1.47  t  64.0  inf  65  N 14.4  mpc   3.1 ms  err 3.32  xte 1.41  xmax 5.85  off 0.35  nrj 3
[150/180] speed=2 SN  FRNC1       seed 30  goal      clr  1.51  t  65.7  inf  66  N 14.2  mpc   3.3 ms  err 2.21  xte 1.42  xmax 4.79  off 0.41  nrj 4
[151/180] speed=2 SN  FRNC3       seed  1  goal      clr  1.08  t  66.2  inf 195  N 16.5  mpc   4.1 ms  err 2.52  xte 2.11  xmax 5.79  off 0.55  nrj 3
[152/180] speed=2 SN  FRNC3       seed  2  goal      clr  1.36  t  69.6  inf 205  N 14.3  mpc   3.5 ms  err 2.67  xte 2.05  xmax 5.13  off 0.41  nrj 5
[153/180] speed=2 SN  FRNC3       seed  3  goal      clr  1.17  t  63.9  inf 189  N 16.4  mpc   4.0 ms  err 3.00  xte 1.46  xmax 3.67  off 0.48  nrj 3
[154/180] speed=2 SN  FRNC3       seed  4  goal      clr  1.15  t  65.6  inf 193  N 13.5  mpc   2.8 ms  err 2.94  xte 1.56  xmax 4.81  off 0.30  nrj 2
[155/180] speed=2 SN  FRNC3       seed  5  goal      clr  0.98  t  65.1  inf 192  N 15.7  mpc   3.8 ms  err 3.10  xte 1.30  xmax 3.91  off 0.53  nrj 2
[156/180] speed=2 SN  FRNC3       seed  6  goal      clr  1.33  t  63.0  inf 186  N 15.0  mpc   3.7 ms  err 2.65  xte 1.02  xmax 3.79  off 0.28  nrj 4
[157/180] speed=2 SN  FRNC3       seed  7  goal      clr  1.24  t  68.1  inf 201  N 16.8  mpc   4.3 ms  err 2.52  xte 1.89  xmax 5.30  off 0.55  nrj 4
[158/180] speed=2 SN  FRNC3       seed  8  goal      clr  1.66  t  68.1  inf 201  N 12.3  mpc   2.5 ms  err 2.92  xte 2.21  xmax 6.62  off 0.38  nrj 2
[159/180] speed=2 SN  FRNC3       seed  9  goal      clr  1.57  t  63.6  inf 187  N 14.4  mpc   3.3 ms  err 3.04  xte 1.91  xmax 4.89  off 0.44  nrj 2
[160/180] speed=2 SN  FRNC3       seed 10  goal      clr  1.29  t  62.8  inf 185  N 14.5  mpc   3.3 ms  err 2.70  xte 1.10  xmax 3.08  off 0.29  nrj 3
[161/180] speed=2 SN  FRNC3       seed 11  goal      clr  0.96  t  61.0  inf 180  N 15.8  mpc   3.7 ms  err 3.02  xte 0.98  xmax 2.09  off 0.44  nrj 3
[162/180] speed=2 SN  FRNC3       seed 12  goal      clr  1.20  t  66.3  inf 195  N 15.3  mpc   3.7 ms  err 2.25  xte 1.51  xmax 4.47  off 0.35  nrj 3
[163/180] speed=2 SN  FRNC3       seed 13  goal      clr  1.26  t  62.4  inf 184  N 14.5  mpc   3.5 ms  err 3.24  xte 0.55  xmax 2.35  off 0.13  nrj 4
[164/180] speed=2 SN  FRNC3       seed 14  goal      clr  1.44  t  66.7  inf 197  N 13.0  mpc   2.9 ms  err 4.61  xte 1.47  xmax 4.33  off 0.33  nrj 3
[165/180] speed=2 SN  FRNC3       seed 15  goal      clr  1.26  t 105.3  inf 310  N 14.5  mpc   3.9 ms  err 2.25  xte 1.48  xmax 4.00  off 0.62  nrj 4
[166/180] speed=2 SN  FRNC3       seed 16  goal      clr  1.33  t  65.3  inf 192  N 15.6  mpc   3.9 ms  err 2.88  xte 1.66  xmax 5.07  off 0.42  nrj 4
[167/180] speed=2 SN  FRNC3       seed 17  goal      clr  1.31  t  69.0  inf 203  N 14.9  mpc   3.8 ms  err 2.30  xte 1.93  xmax 5.86  off 0.48  nrj 4
[168/180] speed=2 SN  FRNC3       seed 18  goal      clr  1.11  t  65.9  inf 194  N 17.2  mpc   4.6 ms  err 2.93  xte 1.93  xmax 5.55  off 0.57  nrj 4
[169/180] speed=2 SN  FRNC3       seed 19  goal      clr  1.14  t  63.3  inf 187  N 14.6  mpc   3.2 ms  err 2.64  xte 0.92  xmax 2.88  off 0.27  nrj 3
[170/180] speed=2 SN  FRNC3       seed 20  goal      clr  1.46  t  62.0  inf 183  N 16.3  mpc   4.1 ms  err 2.43  xte 0.94  xmax 3.18  off 0.41  nrj 3
[171/180] speed=2 SN  FRNC3       seed 21  goal      clr  1.15  t  64.5  inf 190  N 15.2  mpc   3.4 ms  err 5.00  xte 1.04  xmax 3.97  off 0.34  nrj 4
[172/180] speed=2 SN  FRNC3       seed 22  goal      clr  1.31  t  63.4  inf 187  N 17.1  mpc   4.4 ms  err 2.98  xte 0.90  xmax 2.14  off 0.42  nrj 3
[173/180] speed=2 SN  FRNC3       seed 23  goal      clr  1.34  t  68.0  inf 200  N 15.3  mpc   3.9 ms  err 2.57  xte 2.56  xmax 9.49  off 0.49  nrj 4
[174/180] speed=2 SN  FRNC3       seed 24  goal      clr  1.20  t  69.5  inf 205  N 17.2  mpc   4.5 ms  err 2.68  xte 2.01  xmax 5.51  off 0.61  nrj 4
[175/180] speed=2 SN  FRNC3       seed 25  goal      clr  1.15  t  63.6  inf 188  N 11.7  mpc   2.3 ms  err 3.37  xte 0.24  xmax 1.19  off 0.06  nrj 3
[176/180] speed=2 SN  FRNC3       seed 26  goal      clr  1.52  t  70.8  inf 209  N 15.6  mpc   4.0 ms  err 2.39  xte 2.98  xmax 8.78  off 0.60  nrj 2
[177/180] speed=2 SN  FRNC3       seed 27  goal      clr  1.72  t  62.9  inf 185  N 11.9  mpc   2.4 ms  err 2.39  xte 1.10  xmax 5.02  off 0.14  nrj 2
[178/180] speed=2 SN  FRNC3       seed 28  goal      clr  1.28  t  70.3  inf 207  N 15.6  mpc   4.1 ms  err 3.77  xte 2.90  xmax 6.74  off 0.62  nrj 3
[179/180] speed=2 SN  FRNC3       seed 29  goal      clr  1.31  t  64.1  inf 189  N 13.4  mpc   3.0 ms  err 3.17  xte 1.00  xmax 2.90  off 0.25  nrj 3
[180/180] speed=2 SN  FRNC3       seed 30  goal      clr  1.37  t  62.7  inf 185  N 15.6  mpc   4.1 ms  err 2.76  xte 0.99  xmax 3.19  off 0.29  nrj 3
