[  1/ 60] speed=6 SR  E_DART      seed 61  goal      clr  0.36  t  27.5  inf 191  N 24.9  mpc   7.8 ms  err 1.38  xte 6.72  xmax 11.62  off 0.97  nrj 1
WORLD SR seed 61 layout mixed nleg 2 dyn 0.00 nobj 35
[  2/ 60] speed=6 SR  E_DART      seed 62  goal      clr  0.99  t  25.9  inf 162  N 25.1  mpc   7.4 ms  err 1.38  xte 8.25  xmax 14.04  off 0.96  nrj 1
WORLD SR seed 62 layout forest nleg 1 dyn 0.00 nobj 49
[  3/ 60] speed=6 SR  E_DART      seed 63  goal      clr  0.23  t  34.3  inf 269  N 26.3  mpc   7.8 ms  err 1.57  xte 2.83  xmax 6.59  off 0.92  nrj 1
WORLD SR seed 63 layout corridor nleg 2 dyn 0.00 nobj 16
[  4/ 60] speed=6 SR  E_DART      seed 64  goal      clr  0.54  t  25.7  inf 189  N 24.6  mpc   7.3 ms  err 1.09  xte 4.05  xmax 7.95  off 0.94  nrj 1
WORLD SR seed 64 layout clusters nleg 1 dyn 0.34 nobj 32
[  5/ 60] speed=6 SR  E_DART      seed 65  goal      clr  1.54  t  25.2  inf 195  N 26.8  mpc   7.6 ms  err 1.53  xte 7.75  xmax 12.28  off 0.95  nrj 1
WORLD SR seed 65 layout forest nleg 3 dyn 0.33 nobj 65
[  6/ 60] speed=6 SR  E_DART      seed 66  goal      clr  1.57  t  23.4  inf 186  N 25.5  mpc   7.6 ms  err 3.35  xte 9.06  xmax 14.27  off 0.97  nrj 1
WORLD SR seed 66 layout corridor nleg 3 dyn 0.26 nobj 20
[  7/ 60] speed=6 SR  E_DART      seed 67  collision clr -0.01  t   4.5  inf  28  N 23.8  mpc   6.2 ms  err 1.57  xte 0.93  xmax 2.24  off 0.58  nrj 1
WORLD SR seed 67 layout forest nleg 1 dyn 0.00 nobj 47
FAILINFO speed=6 SR E_DART seed 67 cls collision-tracked shape cylinder dyn 0 tracked 1 infov 0 mode 2 speed 4.87 closing 1.97 static 0 prog10 5.1 layout forest vdes 6
[  8/ 60] speed=6 SR  E_DART      seed 68  goal      clr  1.19  t  34.0  inf 243  N 24.7  mpc   7.0 ms  err 2.46  xte 8.16  xmax 15.73  off 0.95  nrj 1
WORLD SR seed 68 layout forest nleg 3 dyn 0.23 nobj 58
[  9/ 60] speed=6 SR  E_DART      seed 69  goal      clr  0.49  t  17.9  inf 140  N 28.5  mpc   8.0 ms  err 1.41  xte 1.02  xmax 1.80  off 0.66  nrj 2
WORLD SR seed 69 layout corridor nleg 2 dyn 0.00 nobj 17
[ 10/ 60] speed=6 SR  E_DART      seed 70  goal      clr  0.84  t  24.9  inf 164  N 24.0  mpc   6.2 ms  err 1.90  xte 7.63  xmax 11.80  off 0.96  nrj 1
WORLD SR seed 70 layout mixed nleg 1 dyn 0.31 nobj 54
[ 11/ 60] speed=6 SR  E_DART      seed 71  goal      clr  1.21  t  18.3  inf 145  N 25.2  mpc   6.8 ms  err 1.66  xte 9.21  xmax 15.38  off 0.96  nrj 1
WORLD SR seed 71 layout mixed nleg 1 dyn 0.22 nobj 40
[ 12/ 60] speed=6 SR  E_DART      seed 72  goal      clr  1.13  t  28.3  inf 209  N 25.9  mpc   7.5 ms  err 1.21  xte 5.02  xmax 9.59  off 0.91  nrj 2
WORLD SR seed 72 layout clusters nleg 3 dyn 0.20 nobj 24
[ 13/ 60] speed=6 SR  E_DART      seed 73  goal      clr  0.64  t  19.1  inf 126  N 26.1  mpc   7.2 ms  err 0.82  xte 3.74  xmax 8.02  off 0.70  nrj 2
WORLD SR seed 73 layout clusters nleg 1 dyn 0.00 nobj 21
[ 14/ 60] speed=6 SR  E_DART      seed 74  goal      clr  1.03  t  31.7  inf 229  N 23.7  mpc   6.7 ms  err 4.85  xte 13.08  xmax 30.10  off 0.93  nrj 1
WORLD SR seed 74 layout corridor nleg 2 dyn 0.19 nobj 17
[ 15/ 60] speed=6 SR  E_DART      seed 75  goal      clr  0.64  t  29.2  inf 195  N 25.5  mpc   7.6 ms  err 1.83  xte 8.31  xmax 12.91  off 0.96  nrj 1
WORLD SR seed 75 layout uniform nleg 2 dyn 0.18 nobj 34
[ 16/ 60] speed=6 SR  E_DART      seed 76  goal      clr  0.92  t  36.1  inf 262  N 24.3  mpc   6.9 ms  err 2.45  xte 5.79  xmax 10.49  off 0.98  nrj 1
WORLD SR seed 76 layout corridor nleg 3 dyn 0.13 nobj 16
[ 17/ 60] speed=6 SR  E_DART      seed 77  goal      clr  0.71  t  26.3  inf 196  N 25.9  mpc   7.3 ms  err 1.34  xte 4.64  xmax 8.85  off 0.94  nrj 1
WORLD SR seed 77 layout uniform nleg 2 dyn 0.19 nobj 31
[ 18/ 60] speed=6 SR  E_DART      seed 78  goal      clr  0.74  t  16.4  inf 129  N 27.4  mpc   7.3 ms  err 0.86  xte 1.73  xmax 2.67  off 0.84  nrj 1
WORLD SR seed 78 layout corridor nleg 3 dyn 0.00 nobj 16
[ 19/ 60] speed=6 SR  E_DART      seed 79  goal      clr  1.00  t  28.2  inf 217  N 24.7  mpc   6.9 ms  err 1.49  xte 8.46  xmax 18.91  off 0.97  nrj 1
WORLD SR seed 79 layout mixed nleg 2 dyn 0.18 nobj 39
[ 20/ 60] speed=6 SR  E_DART      seed 80  timeout   clr  0.90  t  40.0  inf 336  N 26.8  mpc   8.5 ms  err 1.88  xte 3.17  xmax 8.37  off 0.90  nrj 1
WORLD SR seed 80 layout forest nleg 2 dyn 0.00 nobj 39
FAILINFO speed=6 SR E_DART seed 80 cls timeout-slow shape cylinder dyn 0 tracked 1 infov 0 mode 2 speed 0.70 closing 0.26 static 1 prog10 2.2 layout forest vdes 6
[ 21/ 60] speed=6 SR  E_DART      seed 81  goal      clr  1.50  t  33.0  inf 223  N 23.4  mpc   6.4 ms  err 1.45  xte 9.34  xmax 18.92  off 0.98  nrj 1
WORLD SR seed 81 layout mixed nleg 1 dyn 0.33 nobj 55
[ 22/ 60] speed=6 SR  E_DART      seed 82  goal      clr  1.04  t  25.2  inf 142  N 24.2  mpc   6.8 ms  err 1.30  xte 5.55  xmax 11.37  off 0.97  nrj 1
WORLD SR seed 82 layout mixed nleg 1 dyn 0.00 nobj 31
[ 23/ 60] speed=6 SR  E_DART      seed 83  goal      clr  0.51  t  37.4  inf 292  N 25.5  mpc   7.9 ms  err 1.88  xte 6.15  xmax 13.09  off 0.94  nrj 1
WORLD SR seed 83 layout forest nleg 2 dyn 0.26 nobj 39
[ 24/ 60] speed=6 SR  E_DART      seed 84  goal      clr  0.63  t  28.1  inf 213  N 26.2  mpc   7.9 ms  err 1.82  xte 1.92  xmax 3.11  off 0.72  nrj 2
WORLD SR seed 84 layout corridor nleg 1 dyn 0.00 nobj 13
[ 25/ 60] speed=6 SR  E_DART      seed 85  timeout   clr  0.98  t  40.0  inf 357  N 28.3  mpc   9.5 ms  err 1.50  xte 2.71  xmax 6.53  off 0.92  nrj 1
WORLD SR seed 85 layout corridor nleg 2 dyn 0.28 nobj 26
FAILINFO speed=6 SR E_DART seed 85 cls timeout-stuck shape sphere dyn 0 tracked 1 infov 0 mode 2 speed 2.82 closing -1.56 static 1 prog10 1.1 layout corridor vdes 6
[ 26/ 60] speed=6 SR  E_DART      seed 86  goal      clr  1.05  t  16.9  inf 106  N 24.7  mpc   6.5 ms  err 1.08  xte 4.54  xmax 10.64  off 0.82  nrj 1
WORLD SR seed 86 layout clusters nleg 2 dyn 0.00 nobj 20
[ 27/ 60] speed=6 SR  E_DART      seed 87  goal      clr  0.55  t  37.4  inf 296  N 25.9  mpc   7.5 ms  err 1.35  xte 5.64  xmax 10.12  off 0.94  nrj 1
WORLD SR seed 87 layout clusters nleg 2 dyn 0.12 nobj 25
[ 28/ 60] speed=6 SR  E_DART      seed 88  timeout   clr  0.83  t  40.0  inf 276  N 23.8  mpc   6.8 ms  err 1.57  xte 7.00  xmax 13.52  off 0.98  nrj 1
WORLD SR seed 88 layout forest nleg 1 dyn 0.33 nobj 50
FAILINFO speed=6 SR E_DART seed 88 cls timeout-slow shape cylinder dyn 0 tracked 1 infov 1 mode 2 speed 2.91 closing 2.76 static 0 prog10 6.2 layout forest vdes 6
[ 29/ 60] speed=6 SR  E_DART      seed 89  goal      clr  1.11  t  23.9  inf 163  N 24.7  mpc   6.7 ms  err 1.82  xte 7.44  xmax 18.43  off 0.88  nrj 2
WORLD SR seed 89 layout clusters nleg 1 dyn 0.16 nobj 15
[ 30/ 60] speed=6 SR  E_DART      seed 90  goal      clr  0.51  t  26.7  inf 216  N 26.7  mpc   8.0 ms  err 1.02  xte 4.57  xmax 9.84  off 0.95  nrj 1
WORLD SR seed 90 layout uniform nleg 1 dyn 0.24 nobj 33
[ 31/ 60] speed=6 SR  E_DART      seed 91  collision clr -0.01  t  13.6  inf 114  N 24.3  mpc   7.2 ms  err 1.80  xte 3.62  xmax 8.99  off 0.83  nrj 1
WORLD SR seed 91 layout corridor nleg 1 dyn 0.23 nobj 18
FAILINFO speed=6 SR E_DART seed 91 cls collision-untracked shape box dyn 0 tracked 0 infov 0 mode 2 speed 1.87 closing 1.25 static NaN prog10 4.9 layout corridor vdes 6
[ 32/ 60] speed=6 SR  E_DART      seed 92  goal      clr  1.03  t  17.6  inf 135  N 26.4  mpc   7.3 ms  err 1.21  xte 5.90  xmax 10.71  off 0.90  nrj 1
WORLD SR seed 92 layout uniform nleg 1 dyn 0.00 nobj 26
[ 33/ 60] speed=6 SR  E_DART      seed 93  goal      clr  0.62  t  27.9  inf 178  N 24.4  mpc   6.9 ms  err 1.63  xte 6.64  xmax 13.07  off 0.96  nrj 1
WORLD SR seed 93 layout clusters nleg 1 dyn 0.21 nobj 25
[ 34/ 60] speed=6 SR  E_DART      seed 94  goal      clr  0.49  t  19.2  inf 140  N 26.5  mpc   7.4 ms  err 1.60  xte 1.81  xmax 3.61  off 0.69  nrj 3
WORLD SR seed 94 layout corridor nleg 1 dyn 0.00 nobj 18
[ 35/ 60] speed=6 SR  E_DART      seed 95  timeout   clr  0.95  t  40.0  inf 319  N 25.8  mpc   7.7 ms  err 1.83  xte 6.97  xmax 14.55  off 0.97  nrj 1
WORLD SR seed 95 layout mixed nleg 1 dyn 0.20 nobj 31
FAILINFO speed=6 SR E_DART seed 95 cls timeout-slow shape cylinder dyn 0 tracked 1 infov 0 mode 2 speed 4.48 closing 0.62 static 1 prog10 22.5 layout mixed vdes 6
[ 36/ 60] speed=6 SR  E_DART      seed 96  goal      clr  0.19  t  23.7  inf 186  N 26.4  mpc   7.5 ms  err 1.57  xte 2.48  xmax 6.36  off 0.69  nrj 2
WORLD SR seed 96 layout corridor nleg 3 dyn 0.00 nobj 17
[ 37/ 60] speed=6 SR  E_DART      seed 97  goal      clr  2.17  t  21.9  inf 144  N 24.6  mpc   6.8 ms  err 2.41  xte 8.62  xmax 15.13  off 0.97  nrj 1
WORLD SR seed 97 layout clusters nleg 3 dyn 0.11 nobj 30
[ 38/ 60] speed=6 SR  E_DART      seed 98  goal      clr  0.49  t  25.8  inf 196  N 24.8  mpc   6.8 ms  err 2.48  xte 9.46  xmax 14.71  off 0.95  nrj 1
WORLD SR seed 98 layout mixed nleg 1 dyn 0.28 nobj 50
[ 39/ 60] speed=6 SR  E_DART      seed 99  goal      clr  0.88  t  24.9  inf 186  N 26.2  mpc   7.5 ms  err 2.04  xte 7.39  xmax 15.67  off 0.97  nrj 1
WORLD SR seed 99 layout uniform nleg 1 dyn 0.18 nobj 26
[ 40/ 60] speed=6 SR  E_DART      seed 100  goal      clr  3.03  t  20.2  inf  99  N 22.0  mpc   5.7 ms  err 2.19  xte 6.52  xmax 11.89  off 0.90  nrj 2
WORLD SR seed 100 layout clusters nleg 3 dyn 0.24 nobj 12
[ 41/ 60] speed=6 SR  E_DART      seed 101  goal      clr  0.96  t  21.1  inf 154  N 25.3  mpc   7.2 ms  err 1.36  xte 3.83  xmax 8.41  off 0.83  nrj 2
WORLD SR seed 101 layout clusters nleg 3 dyn 0.19 nobj 26
[ 42/ 60] speed=6 SR  E_DART      seed 102  goal      clr  0.91  t  35.2  inf 253  N 25.4  mpc   7.6 ms  err 1.67  xte 3.46  xmax 7.66  off 0.96  nrj 2
WORLD SR seed 102 layout clusters nleg 2 dyn 0.00 nobj 21
[ 43/ 60] speed=6 SR  E_DART      seed 103  goal      clr  0.92  t  21.6  inf 132  N 24.6  mpc   6.9 ms  err 1.55  xte 4.49  xmax 10.82  off 0.89  nrj 1
WORLD SR seed 103 layout corridor nleg 3 dyn 0.00 nobj 16
[ 44/ 60] speed=6 SR  E_DART      seed 104  goal      clr  0.89  t  39.8  inf 329  N 25.9  mpc   7.8 ms  err 2.06  xte 5.87  xmax 13.56  off 0.97  nrj 1
WORLD SR seed 104 layout mixed nleg 1 dyn 0.29 nobj 40
[ 45/ 60] speed=6 SR  E_DART      seed 105  goal      clr  1.68  t  30.1  inf 190  N 24.5  mpc   6.8 ms  err 2.70  xte 9.81  xmax 17.12  off 0.97  nrj 1
WORLD SR seed 105 layout uniform nleg 3 dyn 0.28 nobj 40
[ 46/ 60] speed=6 SR  E_DART      seed 106  goal      clr  0.40  t  24.2  inf 175  N 24.8  mpc   7.4 ms  err 2.13  xte 6.07  xmax 12.83  off 0.97  nrj 1
WORLD SR seed 106 layout mixed nleg 3 dyn 0.28 nobj 33
[ 47/ 60] speed=6 SR  E_DART      seed 107  goal      clr  0.60  t  23.6  inf 184  N 27.1  mpc   8.2 ms  err 1.38  xte 2.98  xmax 7.41  off 0.90  nrj 1
WORLD SR seed 107 layout mixed nleg 3 dyn 0.18 nobj 42
[ 48/ 60] speed=6 SR  E_DART      seed 108  goal      clr  0.53  t  18.0  inf 130  N 27.7  mpc   7.6 ms  err 0.88  xte 1.48  xmax 2.93  off 0.69  nrj 2
WORLD SR seed 108 layout uniform nleg 1 dyn 0.00 nobj 23
[ 49/ 60] speed=6 SR  E_DART      seed 109  goal      clr  0.51  t  27.1  inf 188  N 26.5  mpc   7.9 ms  err 0.92  xte 3.17  xmax 6.25  off 0.95  nrj 1
WORLD SR seed 109 layout clusters nleg 1 dyn 0.00 nobj 20
[ 50/ 60] speed=6 SR  E_DART      seed 110  goal      clr  1.43  t  27.0  inf 191  N 24.5  mpc   6.6 ms  err 1.94  xte 9.21  xmax 16.89  off 0.97  nrj 1
WORLD SR seed 110 layout forest nleg 3 dyn 0.18 nobj 58
[ 51/ 60] speed=6 SR  E_DART      seed 111  goal      clr  1.19  t  29.5  inf 200  N 24.9  mpc   7.1 ms  err 2.46  xte 12.30  xmax 21.36  off 0.95  nrj 1
WORLD SR seed 111 layout forest nleg 2 dyn 0.28 nobj 54
[ 52/ 60] speed=6 SR  E_DART      seed 112  goal      clr  1.20  t  16.5  inf 118  N 24.9  mpc   6.8 ms  err 2.14  xte 7.43  xmax 12.64  off 0.96  nrj 1
WORLD SR seed 112 layout clusters nleg 3 dyn 0.30 nobj 27
[ 53/ 60] speed=6 SR  E_DART      seed 113  goal      clr  1.18  t  26.4  inf 194  N 23.6  mpc   6.5 ms  err 1.10  xte 7.46  xmax 13.23  off 0.96  nrj 1
WORLD SR seed 113 layout clusters nleg 1 dyn 0.19 nobj 27
[ 54/ 60] speed=6 SR  E_DART      seed 114  timeout   clr  0.33  t  40.0  inf 343  N 25.6  mpc   7.8 ms  err 2.24  xte 7.69  xmax 21.68  off 0.94  nrj 1
WORLD SR seed 114 layout corridor nleg 1 dyn 0.30 nobj 27
FAILINFO speed=6 SR E_DART seed 114 cls timeout-stuck shape box dyn 0 tracked 1 infov 0 mode 2 speed 0.29 closing -0.21 static 0 prog10 0.0 layout corridor vdes 6
[ 55/ 60] speed=6 SR  E_DART      seed 115  goal      clr  1.35  t  18.6  inf 143  N 27.2  mpc   7.3 ms  err 3.06  xte 8.86  xmax 14.78  off 0.92  nrj 1
WORLD SR seed 115 layout uniform nleg 1 dyn 0.12 nobj 31
[ 56/ 60] speed=6 SR  E_DART      seed 116  collision clr -0.00  t  12.2  inf 105  N 26.9  mpc   8.3 ms  err 0.95  xte 1.48  xmax 2.34  off 0.82  nrj 1
WORLD SR seed 116 layout corridor nleg 2 dyn 0.00 nobj 20
FAILINFO speed=6 SR E_DART seed 116 cls collision-untracked shape sphere dyn 0 tracked 0 infov 0 mode 2 speed 2.63 closing 0.47 static NaN prog10 10.6 layout corridor vdes 6
[ 57/ 60] speed=6 SR  E_DART      seed 117  goal      clr  1.51  t  29.2  inf 191  N 23.7  mpc   6.4 ms  err 1.42  xte 5.58  xmax 11.50  off 0.96  nrj 2
WORLD SR seed 117 layout clusters nleg 3 dyn 0.17 nobj 21
[ 58/ 60] speed=6 SR  E_DART      seed 118  goal      clr  0.97  t  17.8  inf 116  N 26.5  mpc   7.2 ms  err 2.69  xte 5.09  xmax 10.74  off 0.87  nrj 1
WORLD SR seed 118 layout clusters nleg 1 dyn 0.33 nobj 19
[ 59/ 60] speed=6 SR  E_DART      seed 119  goal      clr  0.83  t  26.7  inf 170  N 23.4  mpc   6.4 ms  err 1.30  xte 8.08  xmax 14.51  off 0.95  nrj 1
WORLD SR seed 119 layout forest nleg 2 dyn 0.16 nobj 38
[ 60/ 60] speed=6 SR  E_DART      seed 120  timeout   clr  0.42  t  40.0  inf 324  N 25.9  mpc   7.9 ms  err 2.84  xte 6.98  xmax 16.63  off 0.97  nrj 1
WORLD SR seed 120 layout corridor nleg 3 dyn 0.21 nobj 19
FAILINFO speed=6 SR E_DART seed 120 cls timeout-slow shape box dyn 0 tracked 1 infov 0 mode 2 speed 1.75 closing -0.01 static 1 prog10 3.3 layout corridor vdes 6
