[  1/ 60] speed=4 SR  E_DART      seed 61  collision clr -0.00  t  10.5  inf  96  N 29.0  mpc   7.2 ms  err 1.17  xte 3.94  xmax 7.46  off 0.93  nrj 1
WORLD SR seed 61 layout mixed nleg 2 dyn 0.00 nobj 35
FAILINFO speed=4 SR E_DART seed 61 cls collision-tracked shape box dyn 0 tracked 1 infov 0 mode 2 speed 1.66 closing -0.60 static 1 prog10 19.3 layout mixed vdes 4
[  2/ 60] speed=4 SR  E_DART      seed 62  goal      clr  1.14  t  32.0  inf 186  N 24.0  mpc   4.5 ms  err 1.33  xte 7.01  xmax 12.49  off 0.97  nrj 1
WORLD SR seed 62 layout forest nleg 1 dyn 0.00 nobj 49
[  3/ 60] speed=4 SR  E_DART      seed 63  goal      clr  0.96  t  22.7  inf 136  N 25.0  mpc   4.5 ms  err 1.50  xte 4.62  xmax 8.98  off 0.87  nrj 2
WORLD SR seed 63 layout corridor nleg 2 dyn 0.00 nobj 16
[  4/ 60] speed=4 SR  E_DART      seed 64  goal      clr  0.66  t  29.4  inf 196  N 25.2  mpc   4.6 ms  err 1.45  xte 4.76  xmax 8.76  off 0.92  nrj 1
WORLD SR seed 64 layout clusters nleg 1 dyn 0.34 nobj 32
[  5/ 60] speed=4 SR  E_DART      seed 65  timeout   clr  0.06  t  40.0  inf 319  N 26.5  mpc   5.0 ms  err 1.55  xte 8.60  xmax 22.68  off 0.96  nrj 1
WORLD SR seed 65 layout forest nleg 3 dyn 0.33 nobj 65
FAILINFO speed=4 SR E_DART seed 65 cls timeout-stuck shape cylinder dyn 0 tracked 0 infov 0 mode 2 speed 2.84 closing -2.80 static NaN prog10 -0.8 layout forest vdes 4
[  6/ 60] speed=4 SR  E_DART      seed 66  goal      clr  0.69  t  34.5  inf 248  N 24.0  mpc   4.6 ms  err 2.88  xte 8.41  xmax 14.98  off 0.98  nrj 1
WORLD SR seed 66 layout corridor nleg 3 dyn 0.26 nobj 20
[  7/ 60] speed=4 SR  E_DART      seed 67  goal      clr  0.94  t  28.2  inf 146  N 24.7  mpc   4.3 ms  err 1.45  xte 9.24  xmax 15.07  off 0.96  nrj 1
WORLD SR seed 67 layout forest nleg 1 dyn 0.00 nobj 47
[  8/ 60] speed=4 SR  E_DART      seed 68  goal      clr  2.16  t  22.0  inf 167  N 25.6  mpc   4.6 ms  err 3.28  xte 10.13  xmax 15.69  off 0.92  nrj 1
WORLD SR seed 68 layout forest nleg 3 dyn 0.23 nobj 58
[  9/ 60] speed=4 SR  E_DART      seed 69  goal      clr  0.56  t  15.6  inf 105  N 27.9  mpc   4.7 ms  err 1.15  xte 0.76  xmax 1.60  off 0.58  nrj 2
WORLD SR seed 69 layout corridor nleg 2 dyn 0.00 nobj 17
[ 10/ 60] speed=4 SR  E_DART      seed 70  goal      clr  0.43  t  33.3  inf 295  N 26.4  mpc   5.4 ms  err 1.40  xte 4.73  xmax 9.29  off 0.98  nrj 1
WORLD SR seed 70 layout mixed nleg 1 dyn 0.31 nobj 54
[ 11/ 60] speed=4 SR  E_DART      seed 71  goal      clr  1.18  t  24.0  inf 139  N 24.5  mpc   4.3 ms  err 2.75  xte 9.46  xmax 17.13  off 0.97  nrj 1
WORLD SR seed 71 layout mixed nleg 1 dyn 0.22 nobj 40
[ 12/ 60] speed=4 SR  E_DART      seed 72  goal      clr  0.71  t  26.2  inf 160  N 23.8  mpc   4.1 ms  err 1.27  xte 3.60  xmax 9.45  off 0.92  nrj 2
WORLD SR seed 72 layout clusters nleg 3 dyn 0.20 nobj 24
[ 13/ 60] speed=4 SR  E_DART      seed 73  goal      clr  0.86  t  18.3  inf 128  N 26.3  mpc   4.6 ms  err 0.93  xte 1.81  xmax 3.75  off 0.75  nrj 1
WORLD SR seed 73 layout clusters nleg 1 dyn 0.00 nobj 21
[ 14/ 60] speed=4 SR  E_DART      seed 74  goal      clr  0.65  t  37.2  inf 270  N 24.2  mpc   4.6 ms  err 2.59  xte 5.77  xmax 12.34  off 0.94  nrj 1
WORLD SR seed 74 layout corridor nleg 2 dyn 0.19 nobj 17
[ 15/ 60] speed=4 SR  E_DART      seed 75  timeout   clr  0.78  t  40.0  inf 345  N 26.3  mpc   5.1 ms  err 1.51  xte 6.81  xmax 17.30  off 0.97  nrj 1
WORLD SR seed 75 layout uniform nleg 2 dyn 0.18 nobj 34
FAILINFO speed=4 SR E_DART seed 75 cls timeout-slow shape cylinder dyn 0 tracked 1 infov 1 mode 2 speed 3.74 closing 3.26 static 1 prog10 22.7 layout uniform vdes 4
[ 16/ 60] speed=4 SR  E_DART      seed 76  goal      clr  0.24  t  37.3  inf 278  N 23.4  mpc   4.2 ms  err 1.95  xte 6.71  xmax 10.44  off 0.97  nrj 1
WORLD SR seed 76 layout corridor nleg 3 dyn 0.13 nobj 16
[ 17/ 60] speed=4 SR  E_DART      seed 77  goal      clr  0.24  t  27.8  inf 198  N 24.8  mpc   4.4 ms  err 1.55  xte 5.43  xmax 11.00  off 0.97  nrj 1
WORLD SR seed 77 layout uniform nleg 2 dyn 0.19 nobj 31
[ 18/ 60] speed=4 SR  E_DART      seed 78  goal      clr  0.26  t  17.0  inf 137  N 28.2  mpc   4.6 ms  err 0.79  xte 1.63  xmax 2.97  off 0.86  nrj 2
WORLD SR seed 78 layout corridor nleg 3 dyn 0.00 nobj 16
[ 19/ 60] speed=4 SR  E_DART      seed 79  timeout   clr  0.65  t  40.0  inf 253  N 24.2  mpc   4.5 ms  err 1.77  xte 7.04  xmax 13.29  off 0.97  nrj 1
WORLD SR seed 79 layout mixed nleg 2 dyn 0.18 nobj 39
FAILINFO speed=4 SR E_DART seed 79 cls timeout-slow shape sphere dyn 0 tracked 1 infov 1 mode 2 speed 2.22 closing 2.15 static 0 prog10 15.9 layout mixed vdes 4
[ 20/ 60] speed=4 SR  E_DART      seed 80  goal      clr  0.80  t  24.7  inf 170  N 25.3  mpc   4.4 ms  err 1.75  xte 5.01  xmax 8.23  off 0.97  nrj 1
WORLD SR seed 80 layout forest nleg 2 dyn 0.00 nobj 39
[ 21/ 60] speed=4 SR  E_DART      seed 81  collision clr -0.01  t   7.3  inf  61  N 28.0  mpc   6.1 ms  err 1.65  xte 3.16  xmax 5.25  off 0.90  nrj 1
WORLD SR seed 81 layout mixed nleg 1 dyn 0.33 nobj 55
FAILINFO speed=4 SR E_DART seed 81 cls collision-untracked shape cylinder dyn 0 tracked 0 infov 0 mode 2 speed 3.29 closing 2.10 static NaN prog10 5.0 layout mixed vdes 4
[ 22/ 60] speed=4 SR  E_DART      seed 82  goal      clr  0.88  t  30.2  inf 194  N 25.4  mpc   4.5 ms  err 1.05  xte 5.44  xmax 9.04  off 0.97  nrj 1
WORLD SR seed 82 layout mixed nleg 1 dyn 0.00 nobj 31
[ 23/ 60] speed=4 SR  E_DART      seed 83  timeout   clr  1.11  t  40.0  inf 284  N 22.7  mpc   4.0 ms  err 1.92  xte 6.17  xmax 16.59  off 0.92  nrj 1
WORLD SR seed 83 layout forest nleg 2 dyn 0.26 nobj 39
FAILINFO speed=4 SR E_DART seed 83 cls timeout-slow shape cylinder dyn 1 tracked 1 infov 0 mode 2 speed 3.60 closing -1.83 static 0 prog10 17.3 layout forest vdes 4
[ 24/ 60] speed=4 SR  E_DART      seed 84  goal      clr  0.96  t  20.4  inf 127  N 26.6  mpc   4.5 ms  err 1.69  xte 1.50  xmax 3.27  off 0.50  nrj 2
WORLD SR seed 84 layout corridor nleg 1 dyn 0.00 nobj 13
[ 25/ 60] speed=4 SR  E_DART      seed 85  timeout   clr  0.16  t  40.0  inf 311  N 26.6  mpc   5.0 ms  err 1.76  xte 4.58  xmax 8.68  off 0.95  nrj 2
WORLD SR seed 85 layout corridor nleg 2 dyn 0.28 nobj 26
FAILINFO speed=4 SR E_DART seed 85 cls timeout-slow shape box dyn 0 tracked 1 infov 1 mode 2 speed 3.30 closing 3.23 static 0 prog10 28.4 layout corridor vdes 4
[ 26/ 60] speed=4 SR  E_DART      seed 86  goal      clr  0.60  t  26.9  inf 182  N 25.7  mpc   4.4 ms  err 1.00  xte 2.10  xmax 5.15  off 0.70  nrj 2
WORLD SR seed 86 layout clusters nleg 2 dyn 0.00 nobj 20
[ 27/ 60] speed=4 SR  E_DART      seed 87  goal      clr  1.35  t  20.1  inf 127  N 24.8  mpc   4.2 ms  err 2.56  xte 9.11  xmax 14.16  off 0.96  nrj 1
WORLD SR seed 87 layout clusters nleg 2 dyn 0.12 nobj 25
[ 28/ 60] speed=4 SR  E_DART      seed 88  goal      clr  0.47  t  30.2  inf 176  N 23.0  mpc   3.8 ms  err 1.27  xte 10.57  xmax 19.48  off 0.98  nrj 1
WORLD SR seed 88 layout forest nleg 1 dyn 0.33 nobj 50
[ 29/ 60] speed=4 SR  E_DART      seed 89  timeout   clr  0.40  t  40.0  inf 282  N 23.8  mpc   4.5 ms  err 1.48  xte 3.73  xmax 11.15  off 0.90  nrj 2
WORLD SR seed 89 layout clusters nleg 1 dyn 0.16 nobj 15
FAILINFO speed=4 SR E_DART seed 89 cls timeout-slow shape cylinder dyn 0 tracked 1 infov 1 mode 2 speed 2.94 closing -0.45 static 0 prog10 25.1 layout clusters vdes 4
[ 30/ 60] speed=4 SR  E_DART      seed 90  goal      clr  1.62  t  25.3  inf 176  N 24.9  mpc   4.2 ms  err 1.49  xte 6.40  xmax 10.40  off 0.97  nrj 1
WORLD SR seed 90 layout uniform nleg 1 dyn 0.24 nobj 33
[ 31/ 60] speed=4 SR  E_DART      seed 91  collision clr -0.00  t  14.4  inf 139  N 26.1  mpc   5.3 ms  err 1.86  xte 1.11  xmax 2.68  off 0.66  nrj 1
WORLD SR seed 91 layout corridor nleg 1 dyn 0.23 nobj 18
FAILINFO speed=4 SR E_DART seed 91 cls collision-tracked shape box dyn 0 tracked 1 infov 1 mode 2 speed 2.04 closing -0.24 static 0 prog10 7.3 layout corridor vdes 4
[ 32/ 60] speed=4 SR  E_DART      seed 92  goal      clr  0.86  t  32.5  inf 213  N 26.3  mpc   5.0 ms  err 1.41  xte 4.61  xmax 8.51  off 0.96  nrj 1
WORLD SR seed 92 layout uniform nleg 1 dyn 0.00 nobj 26
[ 33/ 60] speed=4 SR  E_DART      seed 93  goal      clr  1.28  t  23.3  inf 171  N 25.7  mpc   4.5 ms  err 1.82  xte 6.02  xmax 13.02  off 0.97  nrj 1
WORLD SR seed 93 layout clusters nleg 1 dyn 0.21 nobj 25
[ 34/ 60] speed=4 SR  E_DART      seed 94  goal      clr  0.58  t  16.4  inf 125  N 27.3  mpc   4.6 ms  err 1.13  xte 1.19  xmax 3.00  off 0.54  nrj 3
WORLD SR seed 94 layout corridor nleg 1 dyn 0.00 nobj 18
[ 35/ 60] speed=4 SR  E_DART      seed 95  goal      clr  0.57  t  32.3  inf 267  N 25.5  mpc   4.6 ms  err 1.74  xte 4.01  xmax 8.66  off 0.96  nrj 1
WORLD SR seed 95 layout mixed nleg 1 dyn 0.20 nobj 31
[ 36/ 60] speed=4 SR  E_DART      seed 96  goal      clr  0.55  t  25.6  inf 196  N 27.2  mpc   4.8 ms  err 1.44  xte 1.16  xmax 2.48  off 0.78  nrj 1
WORLD SR seed 96 layout corridor nleg 3 dyn 0.00 nobj 17
[ 37/ 60] speed=4 SR  E_DART      seed 97  goal      clr  1.03  t  27.6  inf 188  N 23.6  mpc   4.0 ms  err 2.35  xte 6.86  xmax 13.32  off 0.96  nrj 1
WORLD SR seed 97 layout clusters nleg 3 dyn 0.11 nobj 30
[ 38/ 60] speed=4 SR  E_DART      seed 98  timeout   clr  0.69  t  40.0  inf 340  N 26.9  mpc   5.4 ms  err 1.53  xte 6.46  xmax 13.46  off 0.95  nrj 1
WORLD SR seed 98 layout mixed nleg 1 dyn 0.28 nobj 50
FAILINFO speed=4 SR E_DART seed 98 cls timeout-slow shape cylinder dyn 0 tracked 1 infov 0 mode 2 speed 1.55 closing 0.12 static 0 prog10 15.0 layout mixed vdes 4
[ 39/ 60] speed=4 SR  E_DART      seed 99  goal      clr  1.58  t  24.2  inf 130  N 22.8  mpc   3.6 ms  err 1.98  xte 10.69  xmax 18.44  off 0.97  nrj 1
WORLD SR seed 99 layout uniform nleg 1 dyn 0.18 nobj 26
[ 40/ 60] speed=4 SR  E_DART      seed 100  goal      clr  1.44  t  25.4  inf 129  N 22.8  mpc   3.8 ms  err 1.99  xte 5.32  xmax 10.03  off 0.92  nrj 2
WORLD SR seed 100 layout clusters nleg 3 dyn 0.24 nobj 12
[ 41/ 60] speed=4 SR  E_DART      seed 101  goal      clr  0.91  t  26.4  inf 162  N 25.2  mpc   4.3 ms  err 1.25  xte 6.30  xmax 10.33  off 0.96  nrj 1
WORLD SR seed 101 layout clusters nleg 3 dyn 0.19 nobj 26
[ 42/ 60] speed=4 SR  E_DART      seed 102  collision clr -0.01  t  16.4  inf 139  N 27.0  mpc   5.9 ms  err 1.24  xte 1.63  xmax 2.60  off 0.87  nrj 1
WORLD SR seed 102 layout clusters nleg 2 dyn 0.00 nobj 21
FAILINFO speed=4 SR E_DART seed 102 cls collision-untracked shape cylinder dyn 0 tracked 0 infov 0 mode 2 speed 1.39 closing 0.96 static NaN prog10 1.1 layout clusters vdes 4
[ 43/ 60] speed=4 SR  E_DART      seed 103  goal      clr  0.64  t  30.6  inf 231  N 26.6  mpc   4.9 ms  err 1.42  xte 3.19  xmax 9.02  off 0.90  nrj 1
WORLD SR seed 103 layout corridor nleg 3 dyn 0.00 nobj 16
[ 44/ 60] speed=4 SR  E_DART      seed 104  timeout   clr  0.73  t  40.0  inf 350  N 28.3  mpc   5.9 ms  err 1.57  xte 5.59  xmax 11.30  off 0.97  nrj 1
WORLD SR seed 104 layout mixed nleg 1 dyn 0.29 nobj 40
FAILINFO speed=4 SR E_DART seed 104 cls timeout-slow shape cylinder dyn 0 tracked 1 infov 0 mode 2 speed 4.59 closing 0.60 static 0 prog10 17.2 layout mixed vdes 4
[ 45/ 60] speed=4 SR  E_DART      seed 105  goal      clr  0.52  t  33.1  inf 271  N 26.9  mpc   5.7 ms  err 2.06  xte 6.14  xmax 13.90  off 0.98  nrj 1
WORLD SR seed 105 layout uniform nleg 3 dyn 0.28 nobj 40
[ 46/ 60] speed=4 SR  E_DART      seed 106  collision clr -0.01  t   9.1  inf  67  N 25.6  mpc   5.1 ms  err 0.80  xte 5.14  xmax 8.01  off 0.93  nrj 1
WORLD SR seed 106 layout mixed nleg 3 dyn 0.28 nobj 33
FAILINFO speed=4 SR E_DART seed 106 cls collision-tracked shape cylinder dyn 0 tracked 1 infov 0 mode 2 speed 3.21 closing 0.97 static 1 prog10 9.6 layout mixed vdes 4
[ 47/ 60] speed=4 SR  E_DART      seed 107  timeout   clr  0.56  t  40.0  inf 319  N 25.9  mpc   5.2 ms  err 1.09  xte 3.10  xmax 7.72  off 0.97  nrj 1
WORLD SR seed 107 layout mixed nleg 3 dyn 0.18 nobj 42
FAILINFO speed=4 SR E_DART seed 107 cls timeout-slow shape sphere dyn 0 tracked 1 infov 0 mode 2 speed 3.81 closing 0.26 static 1 prog10 10.3 layout mixed vdes 4
[ 48/ 60] speed=4 SR  E_DART      seed 108  goal      clr  0.76  t  22.6  inf 156  N 27.0  mpc   4.6 ms  err 0.96  xte 1.18  xmax 2.66  off 0.60  nrj 2
WORLD SR seed 108 layout uniform nleg 1 dyn 0.00 nobj 23
[ 49/ 60] speed=4 SR  E_DART      seed 109  goal      clr  0.67  t  23.7  inf 165  N 26.4  mpc   4.7 ms  err 0.84  xte 1.85  xmax 3.43  off 0.81  nrj 2
WORLD SR seed 109 layout clusters nleg 1 dyn 0.00 nobj 20
[ 50/ 60] speed=4 SR  E_DART      seed 110  goal      clr  1.16  t  24.6  inf 173  N 24.6  mpc   4.2 ms  err 2.08  xte 9.14  xmax 14.26  off 0.96  nrj 1
WORLD SR seed 110 layout forest nleg 3 dyn 0.18 nobj 58
[ 51/ 60] speed=4 SR  E_DART      seed 111  goal      clr  0.70  t  31.7  inf 212  N 24.5  mpc   4.4 ms  err 1.89  xte 10.94  xmax 22.18  off 0.93  nrj 1
WORLD SR seed 111 layout forest nleg 2 dyn 0.28 nobj 54
[ 52/ 60] speed=4 SR  E_DART      seed 112  goal      clr  1.11  t  36.5  inf 237  N 24.4  mpc   4.7 ms  err 1.37  xte 6.68  xmax 13.41  off 0.96  nrj 1
WORLD SR seed 112 layout clusters nleg 3 dyn 0.30 nobj 27
[ 53/ 60] speed=4 SR  E_DART      seed 113  goal      clr  1.22  t  32.3  inf 183  N 21.6  mpc   3.3 ms  err 1.63  xte 8.08  xmax 16.36  off 0.96  nrj 1
WORLD SR seed 113 layout clusters nleg 1 dyn 0.19 nobj 27
[ 54/ 60] speed=4 SR  E_DART      seed 114  collision clr -0.01  t  32.7  inf 298  N 26.9  mpc   5.2 ms  err 1.60  xte 1.73  xmax 3.33  off 0.82  nrj 1
WORLD SR seed 114 layout corridor nleg 1 dyn 0.30 nobj 27
FAILINFO speed=4 SR E_DART seed 114 cls collision-tracked shape box dyn 0 tracked 1 infov 0 mode 2 speed 3.37 closing 2.93 static 0 prog10 -9.1 layout corridor vdes 4
[ 55/ 60] speed=4 SR  E_DART      seed 115  goal      clr  1.06  t  25.7  inf 175  N 23.8  mpc   4.0 ms  err 1.76  xte 10.15  xmax 15.32  off 0.96  nrj 1
WORLD SR seed 115 layout uniform nleg 1 dyn 0.12 nobj 31
[ 56/ 60] speed=4 SR  E_DART      seed 116  goal      clr  0.89  t  22.0  inf 190  N 29.0  mpc   5.2 ms  err 1.11  xte 1.81  xmax 3.59  off 0.85  nrj 2
WORLD SR seed 116 layout corridor nleg 2 dyn 0.00 nobj 20
[ 57/ 60] speed=4 SR  E_DART      seed 117  goal      clr  0.94  t  23.7  inf 176  N 24.3  mpc   3.8 ms  err 1.15  xte 5.81  xmax 10.86  off 0.92  nrj 1
WORLD SR seed 117 layout clusters nleg 3 dyn 0.17 nobj 21
[ 58/ 60] speed=4 SR  E_DART      seed 118  goal      clr  0.95  t  30.9  inf 208  N 24.9  mpc   4.2 ms  err 1.62  xte 7.41  xmax 16.37  off 0.97  nrj 2
WORLD SR seed 118 layout clusters nleg 1 dyn 0.33 nobj 19
[ 59/ 60] speed=4 SR  E_DART      seed 119  goal      clr  1.92  t  29.7  inf 224  N 24.2  mpc   3.9 ms  err 1.96  xte 9.34  xmax 16.82  off 0.98  nrj 1
WORLD SR seed 119 layout forest nleg 2 dyn 0.16 nobj 38
[ 60/ 60] speed=4 SR  E_DART      seed 120  goal      clr  0.74  t  34.2  inf 242  N 25.2  mpc   4.1 ms  err 2.48  xte 7.01  xmax 10.53  off 0.96  nrj 1
WORLD SR seed 120 layout corridor nleg 3 dyn 0.21 nobj 19
