[  1/300] latency=0.05 S2  A_FR_FN     seed  1  goal      clr  0.01  t  16.6  inf 166  N 20.0  mpc   4.6 ms  err 0.29
[  2/300] latency=0.05 S2  A_FR_FN     seed  2  collision clr -0.00  t   5.2  inf  52  N 20.0  mpc   5.5 ms  err 0.59
[  3/300] latency=0.05 S2  A_FR_FN     seed  3  goal      clr  0.27  t  16.8  inf 168  N 20.0  mpc   4.2 ms  err 0.28
[  4/300] latency=0.05 S2  A_FR_FN     seed  4  goal      clr  0.32  t  15.2  inf 152  N 20.0  mpc   4.0 ms  err 0.56
[  5/300] latency=0.05 S2  A_FR_FN     seed  5  collision clr -0.00  t  15.4  inf 154  N 20.0  mpc   4.6 ms  err 0.40
[  6/300] latency=0.05 S2  A_FR_FN     seed  6  goal      clr  0.41  t  15.4  inf 154  N 20.0  mpc   3.9 ms  err 0.33
[  7/300] latency=0.05 S2  A_FR_FN     seed  7  goal      clr  0.18  t  15.2  inf 152  N 20.0  mpc   3.8 ms  err 0.78
[  8/300] latency=0.05 S2  A_FR_FN     seed  8  goal      clr  0.40  t  15.4  inf 155  N 20.0  mpc   4.1 ms  err 0.49
[  9/300] latency=0.05 S2  A_FR_FN     seed  9  goal      clr  0.34  t  15.2  inf 152  N 20.0  mpc   4.4 ms  err 0.30
[ 10/300] latency=0.05 S2  A_FR_FN     seed 10  goal      clr  0.42  t  15.7  inf 157  N 20.0  mpc   3.8 ms  err 0.24
[ 11/300] latency=0.05 S2  A_FR_FN     seed 11  goal      clr  0.42  t  14.9  inf 149  N 20.0  mpc   4.0 ms  err 0.35
[ 12/300] latency=0.05 S2  A_FR_FN     seed 12  goal      clr  0.12  t  17.0  inf 170  N 20.0  mpc   4.1 ms  err 0.58
[ 13/300] latency=0.05 S2  A_FR_FN     seed 13  goal      clr  0.13  t  14.8  inf 148  N 20.0  mpc   3.8 ms  err 0.22
[ 14/300] latency=0.05 S2  A_FR_FN     seed 14  goal      clr  0.42  t  15.1  inf 151  N 20.0  mpc   3.9 ms  err 0.23
[ 15/300] latency=0.05 S2  A_FR_FN     seed 15  goal      clr  0.22  t  16.8  inf 168  N 20.0  mpc   4.0 ms  err 0.51
[ 16/300] latency=0.05 S2  A_FR_FN     seed 16  goal      clr  0.20  t  15.4  inf 155  N 20.0  mpc   3.9 ms  err 0.48
[ 17/300] latency=0.05 S2  A_FR_FN     seed 17  goal      clr  0.54  t  20.2  inf 202  N 20.0  mpc   3.9 ms  err 0.28
[ 18/300] latency=0.05 S2  A_FR_FN     seed 18  goal      clr  0.07  t  18.4  inf 184  N 20.0  mpc   4.0 ms  err 0.72
[ 19/300] latency=0.05 S2  A_FR_FN     seed 19  goal      clr  0.34  t  15.2  inf 153  N 20.0  mpc   3.8 ms  err 0.39
[ 20/300] latency=0.05 S2  A_FR_FN     seed 20  goal      clr  0.47  t  13.6  inf 136  N 20.0  mpc   3.8 ms  err 0.46
[ 21/300] latency=0.05 S2  A_FR_FN     seed 21  collision clr -0.00  t  12.0  inf 120  N 20.0  mpc   4.2 ms  err 0.59
[ 22/300] latency=0.05 S2  A_FR_FN     seed 22  goal      clr  0.43  t  20.0  inf 200  N 20.0  mpc   4.0 ms  err 0.29
[ 23/300] latency=0.05 S2  A_FR_FN     seed 23  goal      clr  0.18  t  15.8  inf 159  N 20.0  mpc   4.1 ms  err 0.47
[ 24/300] latency=0.05 S2  A_FR_FN     seed 24  goal      clr  0.59  t  17.3  inf 173  N 20.0  mpc   3.8 ms  err 0.75
[ 25/300] latency=0.05 S2  A_FR_FN     seed 25  goal      clr  0.30  t  14.8  inf 148  N 20.0  mpc   4.0 ms  err 0.41
[ 26/300] latency=0.05 S2  A_FR_FN     seed 26  goal      clr  0.08  t  15.2  inf 153  N 20.0  mpc   3.7 ms  err 0.37
[ 27/300] latency=0.05 S2  A_FR_FN     seed 27  goal      clr  0.35  t  15.6  inf 156  N 20.0  mpc   3.9 ms  err 0.42
[ 28/300] latency=0.05 S2  A_FR_FN     seed 28  goal      clr  0.32  t  15.6  inf 156  N 20.0  mpc   3.9 ms  err 0.28
[ 29/300] latency=0.05 S2  A_FR_FN     seed 29  goal      clr  0.36  t  15.1  inf 151  N 20.0  mpc   3.9 ms  err 0.16
[ 30/300] latency=0.05 S2  A_FR_FN     seed 30  goal      clr  0.12  t  15.5  inf 155  N 20.0  mpc   3.9 ms  err 0.45
[ 31/300] latency=0.05 S2  A_FR_FN     seed 31  goal      clr  0.36  t  15.0  inf 150  N 20.0  mpc   3.8 ms  err 0.93
[ 32/300] latency=0.05 S2  A_FR_FN     seed 32  goal      clr  0.11  t  16.3  inf 163  N 20.0  mpc   3.9 ms  err 0.55
[ 33/300] latency=0.05 S2  A_FR_FN     seed 33  goal      clr  0.26  t  16.8  inf 169  N 20.0  mpc   3.9 ms  err 0.54
[ 34/300] latency=0.05 S2  A_FR_FN     seed 34  goal      clr  0.39  t  13.7  inf 136  N 20.0  mpc   3.9 ms  err 0.43
[ 35/300] latency=0.05 S2  A_FR_FN     seed 35  goal      clr  0.64  t  13.9  inf 140  N 20.0  mpc   3.7 ms  err 0.51
[ 36/300] latency=0.05 S2  A_FR_FN     seed 36  collision clr -0.00  t   4.6  inf  46  N 20.0  mpc   4.3 ms  err 0.27
[ 37/300] latency=0.05 S2  A_FR_FN     seed 37  goal      clr  0.25  t  14.7  inf 147  N 20.0  mpc   3.8 ms  err 0.24
[ 38/300] latency=0.05 S2  A_FR_FN     seed 38  goal      clr  0.13  t  15.9  inf 159  N 20.0  mpc   4.0 ms  err 0.33
[ 39/300] latency=0.05 S2  A_FR_FN     seed 39  goal      clr  0.70  t  13.9  inf 139  N 20.0  mpc   4.1 ms  err 0.47
[ 40/300] latency=0.05 S2  A_FR_FN     seed 40  goal      clr  0.19  t  14.6  inf 146  N 20.0  mpc   3.8 ms  err 0.21
[ 41/300] latency=0.05 S2  A_FR_FN     seed 41  goal      clr  0.38  t  14.9  inf 149  N 20.0  mpc   4.0 ms  err 0.23
[ 42/300] latency=0.05 S2  A_FR_FN     seed 42  goal      clr  0.21  t  15.2  inf 152  N 20.0  mpc   3.9 ms  err 0.42
[ 43/300] latency=0.05 S2  A_FR_FN     seed 43  collision clr -0.00  t   3.4  inf  34  N 20.0  mpc   4.2 ms  err 0.20
[ 44/300] latency=0.05 S2  A_FR_FN     seed 44  goal      clr  0.36  t  14.2  inf 142  N 20.0  mpc   4.0 ms  err 0.49
[ 45/300] latency=0.05 S2  A_FR_FN     seed 45  goal      clr  0.18  t  16.1  inf 161  N 20.0  mpc   3.9 ms  err 0.33
[ 46/300] latency=0.05 S2  A_FR_FN     seed 46  goal      clr  0.54  t  14.8  inf 148  N 20.0  mpc   3.8 ms  err 0.61
[ 47/300] latency=0.05 S2  A_FR_FN     seed 47  goal      clr  0.29  t  15.0  inf 150  N 20.0  mpc   3.9 ms  err 0.37
[ 48/300] latency=0.05 S2  A_FR_FN     seed 48  goal      clr  0.22  t  17.2  inf 173  N 20.0  mpc   4.0 ms  err 0.30
[ 49/300] latency=0.05 S2  A_FR_FN     seed 49  goal      clr  0.48  t  13.4  inf 135  N 20.0  mpc   3.8 ms  err 0.29
[ 50/300] latency=0.05 S2  A_FR_FN     seed 50  goal      clr  0.17  t  17.5  inf 175  N 20.0  mpc   3.9 ms  err 0.52
[ 51/300] latency=0.05 S2  E_DART      seed  1  goal      clr  0.50  t  17.5  inf 131  N 24.8  mpc   6.5 ms  err 0.62
[ 52/300] latency=0.05 S2  E_DART      seed  2  goal      clr  0.51  t  21.8  inf 157  N 23.3  mpc   5.8 ms  err 0.47
[ 53/300] latency=0.05 S2  E_DART      seed  3  goal      clr  0.59  t  16.8  inf 140  N 24.6  mpc   6.2 ms  err 0.32
[ 54/300] latency=0.05 S2  E_DART      seed  4  goal      clr  0.50  t  19.0  inf 157  N 24.5  mpc   6.2 ms  err 0.56
[ 55/300] latency=0.05 S2  E_DART      seed  5  goal      clr  0.79  t  16.1  inf 130  N 23.0  mpc   5.3 ms  err 0.63
[ 56/300] latency=0.05 S2  E_DART      seed  6  goal      clr  0.59  t  15.1  inf 128  N 24.3  mpc   5.9 ms  err 0.36
[ 57/300] latency=0.05 S2  E_DART      seed  7  goal      clr  0.62  t  16.5  inf 128  N 23.1  mpc   5.4 ms  err 0.25
[ 58/300] latency=0.05 S2  E_DART      seed  8  goal      clr  0.51  t  15.9  inf 136  N 23.8  mpc   5.7 ms  err 0.60
[ 59/300] latency=0.05 S2  E_DART      seed  9  goal      clr  0.58  t  20.5  inf 170  N 26.0  mpc   6.7 ms  err 0.74
[ 60/300] latency=0.05 S2  E_DART      seed 10  goal      clr  0.62  t  20.9  inf 159  N 22.6  mpc   5.3 ms  err 0.50
[ 61/300] latency=0.05 S2  E_DART      seed 11  goal      clr  0.49  t  16.4  inf 155  N 25.5  mpc   6.5 ms  err 0.28
[ 62/300] latency=0.05 S2  E_DART      seed 12  goal      clr  0.66  t  20.0  inf 184  N 24.5  mpc   6.3 ms  err 0.56
[ 63/300] latency=0.05 S2  E_DART      seed 13  goal      clr  0.43  t  20.6  inf 150  N 21.1  mpc   4.8 ms  err 0.39
[ 64/300] latency=0.05 S2  E_DART      seed 14  goal      clr  0.87  t  18.8  inf 123  N 19.8  mpc   4.2 ms  err 0.47
[ 65/300] latency=0.05 S2  E_DART      seed 15  goal      clr  0.64  t  13.9  inf 107  N 24.6  mpc   5.8 ms  err 0.43
[ 66/300] latency=0.05 S2  E_DART      seed 16  goal      clr  0.60  t  15.2  inf 144  N 25.3  mpc   6.3 ms  err 0.55
[ 67/300] latency=0.05 S2  E_DART      seed 17  goal      clr  0.65  t  16.7  inf 112  N 25.2  mpc   6.3 ms  err 0.33
[ 68/300] latency=0.05 S2  E_DART      seed 18  goal      clr  0.93  t  14.8  inf 124  N 24.0  mpc   5.7 ms  err 0.68
[ 69/300] latency=0.05 S2  E_DART      seed 19  goal      clr  0.59  t  16.6  inf 163  N 23.9  mpc   5.5 ms  err 0.57
[ 70/300] latency=0.05 S2  E_DART      seed 20  goal      clr  0.66  t  14.6  inf 131  N 25.3  mpc   6.1 ms  err 0.35
[ 71/300] latency=0.05 S2  E_DART      seed 21  goal      clr  0.73  t  13.9  inf  95  N 24.0  mpc   5.4 ms  err 0.30
[ 72/300] latency=0.05 S2  E_DART      seed 22  goal      clr  0.60  t  16.5  inf  87  N 22.9  mpc   5.4 ms  err 0.56
[ 73/300] latency=0.05 S2  E_DART      seed 23  goal      clr  0.65  t  17.5  inf 145  N 24.6  mpc   6.5 ms  err 0.47
[ 74/300] latency=0.05 S2  E_DART      seed 24  goal      clr  0.47  t  17.4  inf 118  N 23.7  mpc   5.9 ms  err 0.61
[ 75/300] latency=0.05 S2  E_DART      seed 25  goal      clr  0.48  t  18.0  inf 166  N 24.1  mpc   5.9 ms  err 1.05
[ 76/300] latency=0.05 S2  E_DART      seed 26  goal      clr  0.53  t  16.4  inf 142  N 24.5  mpc   6.0 ms  err 0.58
[ 77/300] latency=0.05 S2  E_DART      seed 27  goal      clr  0.70  t  15.5  inf 139  N 26.0  mpc   6.3 ms  err 0.57
[ 78/300] latency=0.05 S2  E_DART      seed 28  goal      clr  0.66  t  17.5  inf  90  N 22.6  mpc   4.9 ms  err 0.32
[ 79/300] latency=0.05 S2  E_DART      seed 29  goal      clr  0.70  t  16.1  inf 146  N 25.7  mpc   6.5 ms  err 0.43
[ 80/300] latency=0.05 S2  E_DART      seed 30  goal      clr  0.40  t  23.5  inf 226  N 25.2  mpc   6.7 ms  err 0.48
[ 81/300] latency=0.05 S2  E_DART      seed 31  goal      clr  0.68  t  20.7  inf 163  N 21.5  mpc   4.9 ms  err 1.24
[ 82/300] latency=0.05 S2  E_DART      seed 32  goal      clr  0.72  t  19.2  inf 132  N 22.7  mpc   5.5 ms  err 0.70
[ 83/300] latency=0.05 S2  E_DART      seed 33  goal      clr  0.47  t  17.3  inf 133  N 22.9  mpc   5.6 ms  err 0.47
[ 84/300] latency=0.05 S2  E_DART      seed 34  goal      clr  0.51  t  20.6  inf 149  N 22.3  mpc   5.3 ms  err 0.61
[ 85/300] latency=0.05 S2  E_DART      seed 35  goal      clr  0.41  t  15.3  inf 136  N 26.0  mpc   6.4 ms  err 0.58
[ 86/300] latency=0.05 S2  E_DART      seed 36  goal      clr  0.30  t  17.8  inf 144  N 26.0  mpc   6.6 ms  err 0.29
[ 87/300] latency=0.05 S2  E_DART      seed 37  goal      clr  0.56  t  20.0  inf 106  N 21.7  mpc   4.7 ms  err 0.89
[ 88/300] latency=0.05 S2  E_DART      seed 38  goal      clr  0.62  t  20.2  inf 150  N 24.0  mpc   5.9 ms  err 0.63
[ 89/300] latency=0.05 S2  E_DART      seed 39  goal      clr  0.79  t  13.7  inf 101  N 24.1  mpc   5.7 ms  err 1.16
[ 90/300] latency=0.05 S2  E_DART      seed 40  goal      clr  0.59  t  17.5  inf 111  N 22.0  mpc   5.1 ms  err 0.96
[ 91/300] latency=0.05 S2  E_DART      seed 41  goal      clr  0.57  t  16.3  inf 140  N 23.6  mpc   5.7 ms  err 0.58
[ 92/300] latency=0.05 S2  E_DART      seed 42  goal      clr  0.47  t  17.3  inf 130  N 23.7  mpc   5.7 ms  err 0.83
[ 93/300] latency=0.05 S2  E_DART      seed 43  goal      clr  0.18  t  18.3  inf 171  N 25.2  mpc   6.6 ms  err 0.79
[ 94/300] latency=0.05 S2  E_DART      seed 44  goal      clr  0.49  t  18.6  inf 165  N 24.5  mpc   6.6 ms  err 0.57
[ 95/300] latency=0.05 S2  E_DART      seed 45  goal      clr  0.64  t  17.7  inf 130  N 24.7  mpc   5.9 ms  err 0.30
[ 96/300] latency=0.05 S2  E_DART      seed 46  goal      clr  0.48  t  17.4  inf 124  N 23.1  mpc   5.6 ms  err 0.46
[ 97/300] latency=0.05 S2  E_DART      seed 47  goal      clr  0.57  t  17.5  inf 151  N 24.9  mpc   6.2 ms  err 0.72
[ 98/300] latency=0.05 S2  E_DART      seed 48  goal      clr  0.55  t  18.8  inf 151  N 25.3  mpc   6.4 ms  err 0.24
[ 99/300] latency=0.05 S2  E_DART      seed 49  goal      clr  0.73  t  14.0  inf 126  N 25.2  mpc   6.0 ms  err 0.34
[100/300] latency=0.05 S2  E_DART      seed 50  goal      clr  0.80  t  17.9  inf 131  N 21.9  mpc   4.8 ms  err 0.43
[101/300] latency=0.05 S2  F_NODELAY   seed  1  goal      clr  1.14  t  17.4  inf 180  N 22.6  mpc   5.7 ms  err 1.90
[102/300] latency=0.05 S2  F_NODELAY   seed  2  goal      clr  0.52  t  21.9  inf 159  N 21.2  mpc   5.0 ms  err 2.01
[103/300] latency=0.05 S2  F_NODELAY   seed  3  goal      clr  0.24  t  18.8  inf 178  N 24.3  mpc   6.6 ms  err 2.34
[104/300] latency=0.05 S2  F_NODELAY   seed  4  goal      clr  0.94  t  16.5  inf  99  N 22.3  mpc   4.8 ms  err 1.64
[105/300] latency=0.05 S2  F_NODELAY   seed  5  goal      clr  0.69  t  18.4  inf 145  N 21.5  mpc   4.6 ms  err 1.59
[106/300] latency=0.05 S2  F_NODELAY   seed  6  goal      clr  0.82  t  15.9  inf 131  N 23.1  mpc   5.7 ms  err 2.39
[107/300] latency=0.05 S2  F_NODELAY   seed  7  goal      clr  0.71  t  19.5  inf 148  N 22.6  mpc   5.6 ms  err 1.25
[108/300] latency=0.05 S2  F_NODELAY   seed  8  goal      clr  1.30  t  17.8  inf  97  N 22.7  mpc   5.3 ms  err 2.47
[109/300] latency=0.05 S2  F_NODELAY   seed  9  collision clr -0.00  t  12.7  inf 166  N 23.1  mpc   5.9 ms  err 2.01
[110/300] latency=0.05 S2  F_NODELAY   seed 10  goal      clr  0.19  t  29.8  inf 307  N 22.3  mpc   6.0 ms  err 2.20
[111/300] latency=0.05 S2  F_NODELAY   seed 11  goal      clr  0.52  t  15.3  inf 145  N 25.8  mpc   6.4 ms  err 1.33
[112/300] latency=0.05 S2  F_NODELAY   seed 12  goal      clr  0.99  t  20.0  inf 135  N 21.7  mpc   5.2 ms  err 2.90
[113/300] latency=0.05 S2  F_NODELAY   seed 13  goal      clr  0.50  t  16.1  inf 134  N 23.9  mpc   5.6 ms  err 0.81
[114/300] latency=0.05 S2  F_NODELAY   seed 14  goal      clr  0.41  t  21.3  inf 192  N 21.9  mpc   5.3 ms  err 1.92
[115/300] latency=0.05 S2  F_NODELAY   seed 15  goal      clr  0.04  t  18.1  inf 166  N 25.3  mpc   6.6 ms  err 1.61
[116/300] latency=0.05 S2  F_NODELAY   seed 16  goal      clr  0.45  t  23.0  inf 208  N 22.4  mpc   5.7 ms  err 1.92
[117/300] latency=0.05 S2  F_NODELAY   seed 17  goal      clr  1.69  t  17.5  inf 146  N 21.9  mpc   5.2 ms  err 2.04
[118/300] latency=0.05 S2  F_NODELAY   seed 18  goal      clr  1.80  t  16.4  inf  98  N 20.8  mpc   4.5 ms  err 1.41
[119/300] latency=0.05 S2  F_NODELAY   seed 19  goal      clr  0.46  t  19.4  inf 203  N 24.4  mpc   6.4 ms  err 0.84
[120/300] latency=0.05 S2  F_NODELAY   seed 20  goal      clr  1.01  t  17.5  inf 169  N 22.6  mpc   5.6 ms  err 1.34
[121/300] latency=0.05 S2  F_NODELAY   seed 21  goal      clr  0.70  t  23.1  inf 200  N 22.8  mpc   5.6 ms  err 1.32
[122/300] latency=0.05 S2  F_NODELAY   seed 22  goal      clr  0.56  t  15.8  inf 131  N 22.5  mpc   5.1 ms  err 1.72
[123/300] latency=0.05 S2  F_NODELAY   seed 23  goal      clr  1.10  t  19.7  inf 187  N 22.3  mpc   5.4 ms  err 2.63
[124/300] latency=0.05 S2  F_NODELAY   seed 24  goal      clr  0.27  t  23.5  inf 237  N 23.9  mpc   6.3 ms  err 1.65
[125/300] latency=0.05 S2  F_NODELAY   seed 25  collision clr -0.00  t   3.9  inf  48  N 27.0  mpc   7.5 ms  err 0.81
[126/300] latency=0.05 S2  F_NODELAY   seed 26  goal      clr  0.73  t  22.3  inf 208  N 22.6  mpc   5.3 ms  err 2.09
[127/300] latency=0.05 S2  F_NODELAY   seed 27  goal      clr  0.47  t  18.6  inf 161  N 24.5  mpc   6.7 ms  err 1.73
[128/300] latency=0.05 S2  F_NODELAY   seed 28  goal      clr  0.05  t  18.8  inf 142  N 21.7  mpc   5.1 ms  err 1.21
[129/300] latency=0.05 S2  F_NODELAY   seed 29  goal      clr  0.69  t  17.2  inf 144  N 21.3  mpc   4.9 ms  err 2.12
[130/300] latency=0.05 S2  F_NODELAY   seed 30  goal      clr  1.28  t  21.4  inf 209  N 23.5  mpc   5.8 ms  err 2.96
[131/300] latency=0.05 S2  F_NODELAY   seed 31  goal      clr  0.56  t  21.2  inf 206  N 23.7  mpc   6.7 ms  err 1.67
[132/300] latency=0.05 S2  F_NODELAY   seed 32  goal      clr  0.75  t  16.0  inf 102  N 22.3  mpc   5.4 ms  err 2.61
[133/300] latency=0.05 S2  F_NODELAY   seed 33  goal      clr  1.41  t  17.7  inf 139  N 21.1  mpc   5.0 ms  err 2.43
[134/300] latency=0.05 S2  F_NODELAY   seed 34  goal      clr  0.04  t  24.9  inf 283  N 23.1  mpc   6.2 ms  err 1.85
[135/300] latency=0.05 S2  F_NODELAY   seed 35  goal      clr  1.42  t  17.1  inf 143  N 23.6  mpc   5.7 ms  err 2.68
[136/300] latency=0.05 S2  F_NODELAY   seed 36  goal      clr  0.25  t  19.1  inf 140  N 21.7  mpc   5.2 ms  err 1.76
[137/300] latency=0.05 S2  F_NODELAY   seed 37  goal      clr  1.20  t  19.0  inf 171  N 23.1  mpc   5.2 ms  err 2.39
[138/300] latency=0.05 S2  F_NODELAY   seed 38  goal      clr  0.60  t  23.3  inf 233  N 22.7  mpc   5.7 ms  err 2.31
[139/300] latency=0.05 S2  F_NODELAY   seed 39  goal      clr  0.87  t  17.3  inf 130  N 20.9  mpc   4.8 ms  err 2.66
[140/300] latency=0.05 S2  F_NODELAY   seed 40  goal      clr  1.39  t  15.7  inf 136  N 22.7  mpc   5.7 ms  err 1.68
[141/300] latency=0.05 S2  F_NODELAY   seed 41  goal      clr  1.05  t  18.5  inf 154  N 22.2  mpc   5.5 ms  err 2.32
[142/300] latency=0.05 S2  F_NODELAY   seed 42  goal      clr  0.36  t  28.4  inf 310  N 25.1  mpc   7.0 ms  err 2.20
[143/300] latency=0.05 S2  F_NODELAY   seed 43  collision clr -0.01  t  11.1  inf 130  N 22.1  mpc   6.6 ms  err 2.17
[144/300] latency=0.05 S2  F_NODELAY   seed 44  goal      clr  0.78  t  18.5  inf 178  N 21.2  mpc   5.3 ms  err 2.04
[145/300] latency=0.05 S2  F_NODELAY   seed 45  goal      clr  0.44  t  24.7  inf 233  N 23.9  mpc   6.4 ms  err 3.13
[146/300] latency=0.05 S2  F_NODELAY   seed 46  goal      clr  1.18  t  17.2  inf 129  N 22.7  mpc   5.3 ms  err 1.98
[147/300] latency=0.05 S2  F_NODELAY   seed 47  goal      clr  0.33  t  23.8  inf 198  N 22.1  mpc   5.2 ms  err 1.42
[148/300] latency=0.05 S2  F_NODELAY   seed 48  goal      clr  0.64  t  22.5  inf 191  N 21.9  mpc   5.0 ms  err 1.16
[149/300] latency=0.05 S2  F_NODELAY   seed 49  goal      clr  0.76  t  18.9  inf 169  N 23.0  mpc   5.7 ms  err 1.71
[150/300] latency=0.05 S2  F_NODELAY   seed 50  goal      clr  0.23  t  21.4  inf 220  N 24.5  mpc   6.5 ms  err 1.10
[151/300] latency=0.05 S2  G_FR_LOW    seed  1  goal      clr  0.46  t  19.9  inf  59  N 22.7  mpc   5.8 ms  err 0.84
[152/300] latency=0.05 S2  G_FR_LOW    seed  2  goal      clr  0.37  t  18.9  inf  56  N 24.1  mpc   6.2 ms  err 0.34
[153/300] latency=0.05 S2  G_FR_LOW    seed  3  goal      clr  0.61  t  16.4  inf  49  N 25.4  mpc   6.4 ms  err 0.37
[154/300] latency=0.05 S2  G_FR_LOW    seed  4  goal      clr  0.85  t  14.1  inf  42  N 25.4  mpc   6.0 ms  err 0.62
[155/300] latency=0.05 S2  G_FR_LOW    seed  5  goal      clr  0.70  t  17.9  inf  53  N 25.0  mpc   6.4 ms  err 0.63
[156/300] latency=0.05 S2  G_FR_LOW    seed  6  goal      clr  0.54  t  15.8  inf  47  N 25.5  mpc   6.6 ms  err 0.39
[157/300] latency=0.05 S2  G_FR_LOW    seed  7  goal      clr  0.38  t  18.0  inf  53  N 24.5  mpc   6.0 ms  err 0.56
[158/300] latency=0.05 S2  G_FR_LOW    seed  8  goal      clr  0.55  t  24.8  inf  73  N 21.9  mpc   5.3 ms  err 0.33
[159/300] latency=0.05 S2  G_FR_LOW    seed  9  goal      clr  0.40  t  18.4  inf  55  N 24.4  mpc   5.9 ms  err 0.53
[160/300] latency=0.05 S2  G_FR_LOW    seed 10  goal      clr  0.75  t  15.0  inf  45  N 24.2  mpc   5.8 ms  err 0.86
[161/300] latency=0.05 S2  G_FR_LOW    seed 11  goal      clr  0.61  t  16.3  inf  48  N 24.1  mpc   5.9 ms  err 0.28
[162/300] latency=0.05 S2  G_FR_LOW    seed 12  goal      clr  0.65  t  15.5  inf  46  N 25.2  mpc   6.0 ms  err 0.72
[163/300] latency=0.05 S2  G_FR_LOW    seed 13  goal      clr  0.40  t  16.1  inf  48  N 23.8  mpc   5.6 ms  err 0.34
[164/300] latency=0.05 S2  G_FR_LOW    seed 14  goal      clr  0.71  t  17.3  inf  51  N 21.2  mpc   4.9 ms  err 0.34
[165/300] latency=0.05 S2  G_FR_LOW    seed 15  goal      clr  0.59  t  14.1  inf  42  N 24.6  mpc   6.0 ms  err 0.45
[166/300] latency=0.05 S2  G_FR_LOW    seed 16  goal      clr  0.63  t  14.5  inf  43  N 25.9  mpc   6.4 ms  err 0.45
[167/300] latency=0.05 S2  G_FR_LOW    seed 17  goal      clr  0.71  t  15.1  inf  45  N 24.6  mpc   5.9 ms  err 0.26
[168/300] latency=0.05 S2  G_FR_LOW    seed 18  goal      clr  0.70  t  18.7  inf  56  N 23.3  mpc   5.7 ms  err 0.69
[169/300] latency=0.05 S2  G_FR_LOW    seed 19  goal      clr  0.43  t  19.4  inf  58  N 23.4  mpc   6.1 ms  err 0.42
[170/300] latency=0.05 S2  G_FR_LOW    seed 20  goal      clr  0.73  t  15.8  inf  47  N 24.5  mpc   5.9 ms  err 0.33
[171/300] latency=0.05 S2  G_FR_LOW    seed 21  goal      clr  0.68  t  14.0  inf  42  N 24.3  mpc   5.5 ms  err 0.38
[172/300] latency=0.05 S2  G_FR_LOW    seed 22  goal      clr  0.80  t  16.5  inf  49  N 23.3  mpc   5.2 ms  err 0.49
[173/300] latency=0.05 S2  G_FR_LOW    seed 23  goal      clr  0.73  t  16.0  inf  47  N 24.1  mpc   6.5 ms  err 0.62
[174/300] latency=0.05 S2  G_FR_LOW    seed 24  goal      clr  0.72  t  19.0  inf  56  N 23.3  mpc   5.8 ms  err 0.57
[175/300] latency=0.05 S2  G_FR_LOW    seed 25  goal      clr  0.72  t  16.8  inf  50  N 25.2  mpc   6.0 ms  err 0.19
[176/300] latency=0.05 S2  G_FR_LOW    seed 26  goal      clr  0.74  t  17.2  inf  51  N 22.8  mpc   5.1 ms  err 0.47
[177/300] latency=0.05 S2  G_FR_LOW    seed 27  goal      clr  0.78  t  13.7  inf  41  N 25.7  mpc   6.3 ms  err 0.47
[178/300] latency=0.05 S2  G_FR_LOW    seed 28  goal      clr  0.79  t  19.3  inf  57  N 22.5  mpc   5.2 ms  err 0.47
[179/300] latency=0.05 S2  G_FR_LOW    seed 29  goal      clr  1.20  t  14.7  inf  44  N 24.2  mpc   5.6 ms  err 1.12
[180/300] latency=0.05 S2  G_FR_LOW    seed 30  goal      clr  0.60  t  19.1  inf  57  N 25.3  mpc   6.5 ms  err 0.53
[181/300] latency=0.05 S2  G_FR_LOW    seed 31  goal      clr  0.36  t  20.1  inf  60  N 23.4  mpc   5.9 ms  err 0.51
[182/300] latency=0.05 S2  G_FR_LOW    seed 32  goal      clr  0.54  t  17.2  inf  51  N 23.9  mpc   5.9 ms  err 0.72
[183/300] latency=0.05 S2  G_FR_LOW    seed 33  goal      clr  0.70  t  14.5  inf  43  N 25.0  mpc   6.3 ms  err 0.46
[184/300] latency=0.05 S2  G_FR_LOW    seed 34  goal      clr  0.59  t  22.3  inf  66  N 23.9  mpc   5.9 ms  err 0.30
[185/300] latency=0.05 S2  G_FR_LOW    seed 35  goal      clr  0.53  t  14.3  inf  43  N 24.7  mpc   5.7 ms  err 0.42
[186/300] latency=0.05 S2  G_FR_LOW    seed 36  goal      clr  0.95  t  17.1  inf  51  N 21.9  mpc   4.9 ms  err 0.51
[187/300] latency=0.05 S2  G_FR_LOW    seed 37  goal      clr  0.65  t  15.9  inf  47  N 25.1  mpc   5.7 ms  err 0.20
[188/300] latency=0.05 S2  G_FR_LOW    seed 38  goal      clr  0.96  t  18.5  inf  55  N 24.5  mpc   6.2 ms  err 0.86
[189/300] latency=0.05 S2  G_FR_LOW    seed 39  goal      clr  0.62  t  20.1  inf  60  N 23.4  mpc   5.8 ms  err 0.43
[190/300] latency=0.05 S2  G_FR_LOW    seed 40  goal      clr  0.62  t  18.5  inf  55  N 23.9  mpc   5.8 ms  err 0.41
[191/300] latency=0.05 S2  G_FR_LOW    seed 41  goal      clr  0.60  t  21.6  inf  64  N 24.3  mpc   6.4 ms  err 0.60
[192/300] latency=0.05 S2  G_FR_LOW    seed 42  goal      clr  0.72  t  17.7  inf  53  N 23.8  mpc   5.8 ms  err 0.46
[193/300] latency=0.05 S2  G_FR_LOW    seed 43  goal      clr  0.59  t  17.0  inf  51  N 23.6  mpc   5.5 ms  err 0.48
[194/300] latency=0.05 S2  G_FR_LOW    seed 44  goal      clr  0.54  t  17.5  inf  52  N 23.6  mpc   5.9 ms  err 0.52
[195/300] latency=0.05 S2  G_FR_LOW    seed 45  goal      clr  0.78  t  16.8  inf  50  N 25.7  mpc   6.3 ms  err 0.61
[196/300] latency=0.05 S2  G_FR_LOW    seed 46  goal      clr  0.74  t  16.9  inf  50  N 23.9  mpc   5.5 ms  err 0.47
[197/300] latency=0.05 S2  G_FR_LOW    seed 47  goal      clr  0.69  t  15.3  inf  46  N 24.4  mpc   5.9 ms  err 0.41
[198/300] latency=0.05 S2  G_FR_LOW    seed 48  goal      clr  0.75  t  15.2  inf  45  N 24.8  mpc   6.0 ms  err 0.53
[199/300] latency=0.05 S2  G_FR_LOW    seed 49  goal      clr  0.71  t  14.1  inf  42  N 24.9  mpc   5.8 ms  err 0.43
[200/300] latency=0.05 S2  G_FR_LOW    seed 50  goal      clr  1.17  t  16.3  inf  48  N 22.9  mpc   5.3 ms  err 0.22
[201/300] latency=0.05 S2  FR_SAFE_5   seed  1  goal      clr  0.67  t  17.3  inf  87  N 21.6  mpc   4.9 ms  err 0.38
[202/300] latency=0.05 S2  FR_SAFE_5   seed  2  goal      clr  0.57  t  21.0  inf 105  N 23.3  mpc   5.9 ms  err 0.38
[203/300] latency=0.05 S2  FR_SAFE_5   seed  3  goal      clr  0.42  t  15.5  inf  78  N 24.7  mpc   6.3 ms  err 0.32
[204/300] latency=0.05 S2  FR_SAFE_5   seed  4  goal      clr  0.97  t  17.1  inf  86  N 22.8  mpc   5.2 ms  err 0.91
[205/300] latency=0.05 S2  FR_SAFE_5   seed  5  goal      clr  0.59  t  15.9  inf  80  N 24.6  mpc   6.4 ms  err 0.69
[206/300] latency=0.05 S2  FR_SAFE_5   seed  6  goal      clr  0.21  t  16.3  inf  82  N 21.8  mpc   5.3 ms  err 1.11
[207/300] latency=0.05 S2  FR_SAFE_5   seed  7  goal      clr  0.79  t  14.6  inf  74  N 25.2  mpc   5.9 ms  err 0.57
[208/300] latency=0.05 S2  FR_SAFE_5   seed  8  goal      clr  0.75  t  24.9  inf 125  N 19.8  mpc   4.6 ms  err 0.48
[209/300] latency=0.05 S2  FR_SAFE_5   seed  9  goal      clr  0.58  t  15.7  inf  79  N 25.2  mpc   6.1 ms  err 0.34
[210/300] latency=0.05 S2  FR_SAFE_5   seed 10  goal      clr  0.72  t  14.3  inf  72  N 25.6  mpc   6.3 ms  err 0.45
[211/300] latency=0.05 S2  FR_SAFE_5   seed 11  goal      clr  0.39  t  18.1  inf  91  N 24.8  mpc   6.3 ms  err 0.49
[212/300] latency=0.05 S2  FR_SAFE_5   seed 12  goal      clr  0.65  t  24.9  inf 125  N 24.1  mpc   6.1 ms  err 0.77
[213/300] latency=0.05 S2  FR_SAFE_5   seed 13  goal      clr  0.51  t  19.0  inf  95  N 24.3  mpc   6.1 ms  err 0.33
[214/300] latency=0.05 S2  FR_SAFE_5   seed 14  goal      clr  0.62  t  17.6  inf  88  N 22.1  mpc   5.1 ms  err 0.37
[215/300] latency=0.05 S2  FR_SAFE_5   seed 15  goal      clr  0.75  t  13.6  inf  68  N 24.7  mpc   6.1 ms  err 0.55
[216/300] latency=0.05 S2  FR_SAFE_5   seed 16  goal      clr  0.54  t  24.1  inf 121  N 21.9  mpc   5.4 ms  err 0.42
[217/300] latency=0.05 S2  FR_SAFE_5   seed 17  goal      clr  0.66  t  18.7  inf  94  N 22.9  mpc   5.6 ms  err 0.24
[218/300] latency=0.05 S2  FR_SAFE_5   seed 18  goal      clr  0.74  t  15.5  inf  78  N 23.8  mpc   5.8 ms  err 0.79
[219/300] latency=0.05 S2  FR_SAFE_5   seed 19  goal      clr  0.55  t  17.2  inf  87  N 23.5  mpc   5.5 ms  err 0.26
[220/300] latency=0.05 S2  FR_SAFE_5   seed 20  goal      clr  0.74  t  14.8  inf  75  N 24.9  mpc   6.1 ms  err 0.46
[221/300] latency=0.05 S2  FR_SAFE_5   seed 21  goal      clr  0.69  t  15.3  inf  77  N 23.7  mpc   5.7 ms  err 0.45
[222/300] latency=0.05 S2  FR_SAFE_5   seed 22  goal      clr  0.75  t  15.1  inf  76  N 24.4  mpc   5.8 ms  err 0.51
[223/300] latency=0.05 S2  FR_SAFE_5   seed 23  goal      clr  0.43  t  16.7  inf  84  N 24.4  mpc   6.5 ms  err 0.49
[224/300] latency=0.05 S2  FR_SAFE_5   seed 24  goal      clr  0.65  t  17.9  inf  90  N 23.5  mpc   5.9 ms  err 0.62
[225/300] latency=0.05 S2  FR_SAFE_5   seed 25  goal      clr  0.50  t  19.9  inf 100  N 23.8  mpc   6.2 ms  err 0.69
[226/300] latency=0.05 S2  FR_SAFE_5   seed 26  goal      clr  0.75  t  16.2  inf  82  N 24.6  mpc   6.0 ms  err 0.34
[227/300] latency=0.05 S2  FR_SAFE_5   seed 27  goal      clr  0.52  t  18.1  inf  91  N 25.4  mpc   6.4 ms  err 0.35
[228/300] latency=0.05 S2  FR_SAFE_5   seed 28  goal      clr  0.60  t  18.6  inf  94  N 22.1  mpc   5.0 ms  err 0.28
[229/300] latency=0.05 S2  FR_SAFE_5   seed 29  goal      clr  0.78  t  17.2  inf  86  N 23.6  mpc   6.2 ms  err 0.45
[230/300] latency=0.05 S2  FR_SAFE_5   seed 30  goal      clr  0.23  t  17.6  inf  88  N 24.9  mpc   6.2 ms  err 0.33
[231/300] latency=0.05 S2  FR_SAFE_5   seed 31  goal      clr  0.45  t  19.0  inf  95  N 23.8  mpc   6.0 ms  err 0.44
[232/300] latency=0.05 S2  FR_SAFE_5   seed 32  goal      clr  0.77  t  16.6  inf  84  N 24.2  mpc   6.0 ms  err 0.72
[233/300] latency=0.05 S2  FR_SAFE_5   seed 33  goal      clr  0.78  t  14.4  inf  72  N 24.1  mpc   6.1 ms  err 0.94
[234/300] latency=0.05 S2  FR_SAFE_5   seed 34  goal      clr  0.64  t  14.8  inf  74  N 24.6  mpc   5.9 ms  err 0.31
[235/300] latency=0.05 S2  FR_SAFE_5   seed 35  goal      clr  0.73  t  14.7  inf  74  N 25.0  mpc   6.0 ms  err 0.55
[236/300] latency=0.05 S2  FR_SAFE_5   seed 36  goal      clr  0.62  t  16.1  inf  81  N 24.7  mpc   6.2 ms  err 0.62
[237/300] latency=0.05 S2  FR_SAFE_5   seed 37  goal      clr  0.34  t  18.2  inf  92  N 24.9  mpc   6.2 ms  err 0.42
[238/300] latency=0.05 S2  FR_SAFE_5   seed 38  goal      clr  0.74  t  14.6  inf  73  N 26.1  mpc   6.8 ms  err 0.75
[239/300] latency=0.05 S2  FR_SAFE_5   seed 39  goal      clr  0.74  t  13.8  inf  70  N 25.1  mpc   6.2 ms  err 0.86
[240/300] latency=0.05 S2  FR_SAFE_5   seed 40  goal      clr  0.50  t  15.9  inf  80  N 24.9  mpc   6.6 ms  err 0.30
[241/300] latency=0.05 S2  FR_SAFE_5   seed 41  goal      clr  0.59  t  19.6  inf  99  N 25.4  mpc   6.6 ms  err 0.35
[242/300] latency=0.05 S2  FR_SAFE_5   seed 42  goal      clr  0.67  t  14.9  inf  75  N 24.3  mpc   5.8 ms  err 0.25
[243/300] latency=0.05 S2  FR_SAFE_5   seed 43  goal      clr  0.56  t  15.3  inf  77  N 24.7  mpc   5.9 ms  err 0.40
[244/300] latency=0.05 S2  FR_SAFE_5   seed 44  goal      clr  0.66  t  14.5  inf  73  N 24.3  mpc   6.0 ms  err 0.27
[245/300] latency=0.05 S2  FR_SAFE_5   seed 45  goal      clr  0.71  t  18.5  inf  93  N 24.4  mpc   6.0 ms  err 0.30
[246/300] latency=0.05 S2  FR_SAFE_5   seed 46  goal      clr  0.26  t  14.2  inf  72  N 24.7  mpc   6.0 ms  err 0.34
[247/300] latency=0.05 S2  FR_SAFE_5   seed 47  goal      clr  0.44  t  14.5  inf  73  N 24.9  mpc   6.2 ms  err 0.55
[248/300] latency=0.05 S2  FR_SAFE_5   seed 48  goal      clr  0.59  t  18.2  inf  92  N 23.5  mpc   6.0 ms  err 0.44
[249/300] latency=0.05 S2  FR_SAFE_5   seed 49  goal      clr  0.75  t  13.7  inf  69  N 25.7  mpc   6.2 ms  err 0.40
[250/300] latency=0.05 S2  FR_SAFE_5   seed 50  goal      clr  0.54  t  17.0  inf  86  N 21.9  mpc   5.3 ms  err 0.45
[251/300] latency=0.05 S2  FR_SAFE_10  seed  1  goal      clr  0.81  t  19.2  inf 192  N 22.1  mpc   5.7 ms  err 0.45
[252/300] latency=0.05 S2  FR_SAFE_10  seed  2  goal      clr  0.53  t  15.9  inf 159  N 24.3  mpc   6.4 ms  err 0.65
[253/300] latency=0.05 S2  FR_SAFE_10  seed  3  goal      clr  0.41  t  15.9  inf 159  N 25.1  mpc   6.6 ms  err 0.52
[254/300] latency=0.05 S2  FR_SAFE_10  seed  4  goal      clr  0.39  t  20.4  inf 204  N 22.4  mpc   5.9 ms  err 0.72
[255/300] latency=0.05 S2  FR_SAFE_10  seed  5  goal      clr  0.67  t  16.5  inf 165  N 22.5  mpc   5.6 ms  err 0.60
[256/300] latency=0.05 S2  FR_SAFE_10  seed  6  goal      clr  0.67  t  15.7  inf 157  N 25.3  mpc   6.5 ms  err 0.22
[257/300] latency=0.05 S2  FR_SAFE_10  seed  7  goal      clr  0.74  t  17.1  inf 171  N 23.4  mpc   5.7 ms  err 0.50
[258/300] latency=0.05 S2  FR_SAFE_10  seed  8  goal      clr  0.53  t  23.0  inf 231  N 22.0  mpc   5.7 ms  err 0.84
[259/300] latency=0.05 S2  FR_SAFE_10  seed  9  goal      clr  0.60  t  21.4  inf 214  N 24.1  mpc   6.5 ms  err 0.81
[260/300] latency=0.05 S2  FR_SAFE_10  seed 10  goal      clr  0.67  t  14.8  inf 147  N 25.4  mpc   6.5 ms  err 0.50
[261/300] latency=0.05 S2  FR_SAFE_10  seed 11  goal      clr  0.61  t  16.8  inf 168  N 25.1  mpc   6.4 ms  err 0.43
[262/300] latency=0.05 S2  FR_SAFE_10  seed 12  goal      clr  0.72  t  17.0  inf 169  N 24.5  mpc   6.3 ms  err 0.51
[263/300] latency=0.05 S2  FR_SAFE_10  seed 13  goal      clr  0.88  t  15.7  inf 157  N 24.6  mpc   6.1 ms  err 0.27
[264/300] latency=0.05 S2  FR_SAFE_10  seed 14  goal      clr  0.67  t  16.6  inf 166  N 23.3  mpc   5.7 ms  err 0.37
[265/300] latency=0.05 S2  FR_SAFE_10  seed 15  goal      clr  0.67  t  14.6  inf 146  N 24.2  mpc   6.1 ms  err 0.74
[266/300] latency=0.05 S2  FR_SAFE_10  seed 16  goal      clr  0.72  t  14.6  inf 146  N 25.3  mpc   6.7 ms  err 0.68
[267/300] latency=0.05 S2  FR_SAFE_10  seed 17  goal      clr  0.71  t  18.6  inf 186  N 23.8  mpc   6.1 ms  err 0.40
[268/300] latency=0.05 S2  FR_SAFE_10  seed 18  goal      clr  0.35  t  15.6  inf 156  N 22.9  mpc   5.8 ms  err 1.12
[269/300] latency=0.05 S2  FR_SAFE_10  seed 19  goal      clr  0.48  t  17.4  inf 175  N 24.3  mpc   6.2 ms  err 0.44
[270/300] latency=0.05 S2  FR_SAFE_10  seed 20  goal      clr  0.38  t  15.5  inf 155  N 24.9  mpc   6.3 ms  err 0.38
[271/300] latency=0.05 S2  FR_SAFE_10  seed 21  goal      clr  0.49  t  18.4  inf 184  N 23.8  mpc   6.3 ms  err 0.27
[272/300] latency=0.05 S2  FR_SAFE_10  seed 22  goal      clr  0.75  t  15.0  inf 150  N 23.7  mpc   5.8 ms  err 0.42
[273/300] latency=0.05 S2  FR_SAFE_10  seed 23  goal      clr  0.65  t  16.4  inf 164  N 25.0  mpc   6.6 ms  err 0.38
[274/300] latency=0.05 S2  FR_SAFE_10  seed 24  goal      clr  0.75  t  18.6  inf 186  N 23.3  mpc   6.3 ms  err 0.54
[275/300] latency=0.05 S2  FR_SAFE_10  seed 25  goal      clr  0.51  t  17.3  inf 173  N 24.9  mpc   6.8 ms  err 0.49
[276/300] latency=0.05 S2  FR_SAFE_10  seed 26  goal      clr  0.48  t  17.7  inf 178  N 23.4  mpc   6.0 ms  err 0.43
[277/300] latency=0.05 S2  FR_SAFE_10  seed 27  goal      clr  0.52  t  19.8  inf 197  N 25.3  mpc   6.8 ms  err 0.41
[278/300] latency=0.05 S2  FR_SAFE_10  seed 28  goal      clr  0.76  t  14.3  inf 143  N 26.2  mpc   6.3 ms  err 0.44
[279/300] latency=0.05 S2  FR_SAFE_10  seed 29  goal      clr  0.54  t  15.2  inf 152  N 25.4  mpc   6.5 ms  err 0.22
[280/300] latency=0.05 S2  FR_SAFE_10  seed 30  goal      clr  0.53  t  18.1  inf 181  N 24.1  mpc   6.2 ms  err 0.51
[281/300] latency=0.05 S2  FR_SAFE_10  seed 31  goal      clr  0.43  t  21.1  inf 210  N 22.4  mpc   5.9 ms  err 1.00
[282/300] latency=0.05 S2  FR_SAFE_10  seed 32  goal      clr  0.60  t  17.6  inf 176  N 25.9  mpc   7.0 ms  err 0.30
[283/300] latency=0.05 S2  FR_SAFE_10  seed 33  goal      clr  0.64  t  15.0  inf 150  N 24.7  mpc   6.4 ms  err 0.67
[284/300] latency=0.05 S2  FR_SAFE_10  seed 34  goal      clr  0.55  t  15.3  inf 153  N 24.1  mpc   6.1 ms  err 0.44
[285/300] latency=0.05 S2  FR_SAFE_10  seed 35  goal      clr  0.76  t  14.6  inf 146  N 24.9  mpc   6.2 ms  err 0.43
[286/300] latency=0.05 S2  FR_SAFE_10  seed 36  goal      clr  0.66  t  17.5  inf 176  N 23.7  mpc   6.1 ms  err 0.48
[287/300] latency=0.05 S2  FR_SAFE_10  seed 37  goal      clr  0.76  t  19.8  inf 198  N 21.8  mpc   5.6 ms  err 0.44
[288/300] latency=0.05 S2  FR_SAFE_10  seed 38  goal      clr  0.64  t  17.1  inf 171  N 25.6  mpc   6.6 ms  err 0.35
[289/300] latency=0.05 S2  FR_SAFE_10  seed 39  goal      clr  0.68  t  13.8  inf 138  N 24.0  mpc   5.9 ms  err 0.99
[290/300] latency=0.05 S2  FR_SAFE_10  seed 40  goal      clr  0.54  t  17.5  inf 175  N 24.3  mpc   6.5 ms  err 0.70
[291/300] latency=0.05 S2  FR_SAFE_10  seed 41  goal      clr  0.52  t  20.1  inf 201  N 26.5  mpc   7.4 ms  err 0.55
[292/300] latency=0.05 S2  FR_SAFE_10  seed 42  goal      clr  0.52  t  16.7  inf 167  N 24.8  mpc   6.3 ms  err 0.38
[293/300] latency=0.05 S2  FR_SAFE_10  seed 43  goal      clr  0.64  t  15.2  inf 152  N 23.9  mpc   6.3 ms  err 0.50
[294/300] latency=0.05 S2  FR_SAFE_10  seed 44  goal      clr  0.57  t  16.8  inf 168  N 24.9  mpc   6.7 ms  err 0.30
[295/300] latency=0.05 S2  FR_SAFE_10  seed 45  goal      clr  0.63  t  17.8  inf 178  N 24.8  mpc   6.5 ms  err 0.29
[296/300] latency=0.05 S2  FR_SAFE_10  seed 46  goal      clr  0.52  t  14.3  inf 143  N 24.6  mpc   6.3 ms  err 0.57
[297/300] latency=0.05 S2  FR_SAFE_10  seed 47  goal      clr  0.55  t  16.1  inf 161  N 24.1  mpc   6.3 ms  err 0.95
[298/300] latency=0.05 S2  FR_SAFE_10  seed 48  goal      clr  0.60  t  18.3  inf 183  N 24.1  mpc   6.4 ms  err 0.43
[299/300] latency=0.05 S2  FR_SAFE_10  seed 49  goal      clr  0.76  t  14.1  inf 141  N 25.1  mpc   6.3 ms  err 0.30
[300/300] latency=0.05 S2  FR_SAFE_10  seed 50  goal      clr  0.63  t  17.8  inf 178  N 22.7  mpc   5.4 ms  err 0.66
