[  1/300] latency=0.1 S1  A_FR_FN     seed  1  goal      clr  0.44  t  13.4  inf 111  N 20.0  mpc   5.3 ms  err 0.14
[  2/300] latency=0.1 S1  A_FR_FN     seed  2  goal      clr  0.39  t  13.6  inf 113  N 20.0  mpc   5.5 ms  err 0.20
[  3/300] latency=0.1 S1  A_FR_FN     seed  3  goal      clr  0.42  t  14.4  inf 121  N 20.0  mpc   4.6 ms  err 0.13
[  4/300] latency=0.1 S1  A_FR_FN     seed  4  goal      clr  0.55  t  13.5  inf 114  N 20.0  mpc   4.4 ms  err 0.14
[  5/300] latency=0.1 S1  A_FR_FN     seed  5  goal      clr  0.41  t  14.2  inf 111  N 20.0  mpc   4.7 ms  err 0.31
[  6/300] latency=0.1 S1  A_FR_FN     seed  6  goal      clr  0.48  t  13.4  inf 110  N 20.0  mpc   4.2 ms  err 0.12
[  7/300] latency=0.1 S1  A_FR_FN     seed  7  goal      clr  0.24  t  13.3  inf 107  N 20.0  mpc   4.1 ms  err 0.26
[  8/300] latency=0.1 S1  A_FR_FN     seed  8  goal      clr  0.31  t  13.8  inf 114  N 20.0  mpc   4.3 ms  err 0.19
[  9/300] latency=0.1 S1  A_FR_FN     seed  9  goal      clr  0.38  t  13.6  inf 113  N 20.0  mpc   4.5 ms  err 0.15
[ 10/300] latency=0.1 S1  A_FR_FN     seed 10  goal      clr  0.05  t  13.7  inf 110  N 20.0  mpc   4.3 ms  err 0.38
[ 11/300] latency=0.1 S1  A_FR_FN     seed 11  goal      clr  0.50  t  13.4  inf 108  N 20.0  mpc   4.2 ms  err 0.22
[ 12/300] latency=0.1 S1  A_FR_FN     seed 12  goal      clr  0.49  t  13.6  inf 110  N 20.0  mpc   4.3 ms  err 0.12
[ 13/300] latency=0.1 S1  A_FR_FN     seed 13  goal      clr  0.45  t  13.5  inf 112  N 20.0  mpc   4.3 ms  err 0.11
[ 14/300] latency=0.1 S1  A_FR_FN     seed 14  goal      clr  0.41  t  14.4  inf 119  N 20.0  mpc   4.4 ms  err 0.28
[ 15/300] latency=0.1 S1  A_FR_FN     seed 15  goal      clr  0.42  t  14.2  inf 116  N 20.0  mpc   4.4 ms  err 0.26
[ 16/300] latency=0.1 S1  A_FR_FN     seed 16  goal      clr  0.50  t  13.3  inf 111  N 20.0  mpc   4.1 ms  err 0.13
[ 17/300] latency=0.1 S1  A_FR_FN     seed 17  goal      clr  0.43  t  13.6  inf 116  N 20.0  mpc   4.2 ms  err 0.14
[ 18/300] latency=0.1 S1  A_FR_FN     seed 18  goal      clr  0.40  t  13.7  inf 115  N 20.0  mpc   4.3 ms  err 0.18
[ 19/300] latency=0.1 S1  A_FR_FN     seed 19  goal      clr  0.42  t  15.0  inf 127  N 20.0  mpc   4.4 ms  err 0.16
[ 20/300] latency=0.1 S1  A_FR_FN     seed 20  goal      clr  0.27  t  13.6  inf 112  N 20.0  mpc   4.2 ms  err 0.24
[ 21/300] latency=0.1 S1  A_FR_FN     seed 21  goal      clr  0.49  t  13.5  inf 108  N 20.0  mpc   4.2 ms  err 0.17
[ 22/300] latency=0.1 S1  A_FR_FN     seed 22  goal      clr  0.47  t  13.3  inf 113  N 20.0  mpc   4.2 ms  err 0.23
[ 23/300] latency=0.1 S1  A_FR_FN     seed 23  goal      clr  0.53  t  13.4  inf 110  N 20.0  mpc   4.2 ms  err 0.22
[ 24/300] latency=0.1 S1  A_FR_FN     seed 24  goal      clr  0.51  t  13.2  inf 108  N 20.0  mpc   4.1 ms  err 0.22
[ 25/300] latency=0.1 S1  A_FR_FN     seed 25  goal      clr  0.44  t  13.5  inf 110  N 20.0  mpc   4.2 ms  err 0.17
[ 26/300] latency=0.1 S1  A_FR_FN     seed 26  goal      clr  0.46  t  13.6  inf 112  N 20.0  mpc   4.4 ms  err 0.12
[ 27/300] latency=0.1 S1  A_FR_FN     seed 27  goal      clr  0.45  t  13.5  inf 110  N 20.0  mpc   4.4 ms  err 0.12
[ 28/300] latency=0.1 S1  A_FR_FN     seed 28  goal      clr  0.43  t  13.4  inf 111  N 20.0  mpc   4.3 ms  err 0.22
[ 29/300] latency=0.1 S1  A_FR_FN     seed 29  goal      clr  0.44  t  13.7  inf 114  N 20.0  mpc   4.4 ms  err 0.23
[ 30/300] latency=0.1 S1  A_FR_FN     seed 30  goal      clr  0.56  t  13.4  inf 108  N 20.0  mpc   4.3 ms  err 0.21
[ 31/300] latency=0.1 S1  A_FR_FN     seed 31  goal      clr  0.43  t  13.7  inf 113  N 20.0  mpc   4.3 ms  err 0.23
[ 32/300] latency=0.1 S1  A_FR_FN     seed 32  goal      clr  0.42  t  14.0  inf 115  N 20.0  mpc   4.4 ms  err 0.14
[ 33/300] latency=0.1 S1  A_FR_FN     seed 33  goal      clr  0.53  t  13.4  inf 112  N 20.0  mpc   4.3 ms  err 0.12
[ 34/300] latency=0.1 S1  A_FR_FN     seed 34  goal      clr  0.40  t  13.8  inf 117  N 20.0  mpc   4.3 ms  err 0.13
[ 35/300] latency=0.1 S1  A_FR_FN     seed 35  goal      clr  0.46  t  13.8  inf 116  N 20.0  mpc   4.5 ms  err 0.18
[ 36/300] latency=0.1 S1  A_FR_FN     seed 36  goal      clr  0.45  t  13.3  inf 113  N 20.0  mpc   4.4 ms  err 0.23
[ 37/300] latency=0.1 S1  A_FR_FN     seed 37  goal      clr  0.47  t  13.7  inf 115  N 20.0  mpc   4.3 ms  err 0.35
[ 38/300] latency=0.1 S1  A_FR_FN     seed 38  goal      clr  0.38  t  14.1  inf 115  N 20.0  mpc   4.4 ms  err 0.15
[ 39/300] latency=0.1 S1  A_FR_FN     seed 39  goal      clr  0.44  t  14.1  inf 113  N 20.0  mpc   4.5 ms  err 0.09
[ 40/300] latency=0.1 S1  A_FR_FN     seed 40  goal      clr  0.45  t  13.5  inf 114  N 20.0  mpc   4.4 ms  err 0.22
[ 41/300] latency=0.1 S1  A_FR_FN     seed 41  goal      clr  0.43  t  14.0  inf 115  N 20.0  mpc   4.4 ms  err 0.15
[ 42/300] latency=0.1 S1  A_FR_FN     seed 42  goal      clr  0.45  t  13.8  inf 114  N 20.0  mpc   4.4 ms  err 0.17
[ 43/300] latency=0.1 S1  A_FR_FN     seed 43  goal      clr  0.39  t  14.0  inf 115  N 20.0  mpc   4.4 ms  err 0.30
[ 44/300] latency=0.1 S1  A_FR_FN     seed 44  goal      clr  0.54  t  13.3  inf 108  N 20.0  mpc   4.3 ms  err 0.14
[ 45/300] latency=0.1 S1  A_FR_FN     seed 45  goal      clr  0.37  t  13.8  inf 115  N 20.0  mpc   4.5 ms  err 0.33
[ 46/300] latency=0.1 S1  A_FR_FN     seed 46  goal      clr  0.46  t  13.6  inf 110  N 20.0  mpc   4.4 ms  err 0.21
[ 47/300] latency=0.1 S1  A_FR_FN     seed 47  goal      clr  0.39  t  14.1  inf 113  N 20.0  mpc   4.4 ms  err 0.24
[ 48/300] latency=0.1 S1  A_FR_FN     seed 48  goal      clr  0.38  t  13.6  inf 114  N 20.0  mpc   4.3 ms  err 0.23
[ 49/300] latency=0.1 S1  A_FR_FN     seed 49  goal      clr  0.50  t  13.4  inf 114  N 20.0  mpc   4.2 ms  err 0.14
[ 50/300] latency=0.1 S1  A_FR_FN     seed 50  goal      clr  0.33  t  13.5  inf 115  N 20.0  mpc   4.3 ms  err 0.13
[ 51/300] latency=0.1 S1  E_DART      seed  1  goal      clr  0.57  t  14.5  inf  91  N 25.6  mpc   6.7 ms  err 0.22
[ 52/300] latency=0.1 S1  E_DART      seed  2  goal      clr  0.47  t  15.4  inf  94  N 25.3  mpc   7.0 ms  err 0.28
[ 53/300] latency=0.1 S1  E_DART      seed  3  goal      clr  0.50  t  16.0  inf 103  N 26.0  mpc   7.2 ms  err 0.18
[ 54/300] latency=0.1 S1  E_DART      seed  4  goal      clr  0.59  t  14.5  inf  82  N 25.5  mpc   6.7 ms  err 0.22
[ 55/300] latency=0.1 S1  E_DART      seed  5  goal      clr  0.60  t  14.6  inf  84  N 24.8  mpc   6.4 ms  err 0.17
[ 56/300] latency=0.1 S1  E_DART      seed  6  goal      clr  0.61  t  13.9  inf  78  N 25.3  mpc   6.3 ms  err 0.14
[ 57/300] latency=0.1 S1  E_DART      seed  7  goal      clr  0.49  t  15.1  inf  86  N 25.2  mpc   6.4 ms  err 0.21
[ 58/300] latency=0.1 S1  E_DART      seed  8  goal      clr  0.56  t  15.3  inf  88  N 24.9  mpc   6.4 ms  err 0.22
[ 59/300] latency=0.1 S1  E_DART      seed  9  goal      clr  0.72  t  14.2  inf  78  N 25.1  mpc   6.4 ms  err 0.27
[ 60/300] latency=0.1 S1  E_DART      seed 10  goal      clr  0.48  t  15.3  inf  90  N 25.5  mpc   6.8 ms  err 0.17
[ 61/300] latency=0.1 S1  E_DART      seed 11  goal      clr  0.67  t  14.1  inf  76  N 25.4  mpc   6.3 ms  err 0.22
[ 62/300] latency=0.1 S1  E_DART      seed 12  goal      clr  0.58  t  14.6  inf  87  N 25.9  mpc   6.6 ms  err 0.18
[ 63/300] latency=0.1 S1  E_DART      seed 13  goal      clr  0.68  t  14.0  inf  84  N 25.7  mpc   6.6 ms  err 0.12
[ 64/300] latency=0.1 S1  E_DART      seed 14  goal      clr  0.59  t  19.1  inf  99  N 26.0  mpc   7.1 ms  err 0.22
[ 65/300] latency=0.1 S1  E_DART      seed 15  goal      clr  0.45  t  18.4  inf 116  N 25.2  mpc   7.1 ms  err 0.44
[ 66/300] latency=0.1 S1  E_DART      seed 16  goal      clr  0.71  t  13.8  inf  76  N 24.9  mpc   6.1 ms  err 0.24
[ 67/300] latency=0.1 S1  E_DART      seed 17  goal      clr  0.58  t  14.3  inf  78  N 24.7  mpc   6.2 ms  err 0.20
[ 68/300] latency=0.1 S1  E_DART      seed 18  goal      clr  0.65  t  14.3  inf  84  N 25.5  mpc   6.5 ms  err 0.15
[ 69/300] latency=0.1 S1  E_DART      seed 19  goal      clr  0.52  t  14.9  inf  98  N 25.8  mpc   6.9 ms  err 0.15
[ 70/300] latency=0.1 S1  E_DART      seed 20  goal      clr  0.59  t  14.4  inf  80  N 24.3  mpc   6.1 ms  err 0.24
[ 71/300] latency=0.1 S1  E_DART      seed 21  goal      clr  0.73  t  14.0  inf  73  N 24.9  mpc   6.4 ms  err 0.20
[ 72/300] latency=0.1 S1  E_DART      seed 22  goal      clr  0.60  t  14.3  inf  82  N 25.0  mpc   6.3 ms  err 0.25
[ 73/300] latency=0.1 S1  E_DART      seed 23  goal      clr  0.61  t  14.1  inf  80  N 24.6  mpc   6.3 ms  err 0.18
[ 74/300] latency=0.1 S1  E_DART      seed 24  goal      clr  0.59  t  14.1  inf  74  N 24.9  mpc   6.1 ms  err 0.20
[ 75/300] latency=0.1 S1  E_DART      seed 25  goal      clr  0.58  t  14.3  inf  89  N 25.5  mpc   6.5 ms  err 0.20
[ 76/300] latency=0.1 S1  E_DART      seed 26  goal      clr  0.58  t  14.5  inf  87  N 24.7  mpc   6.6 ms  err 0.19
[ 77/300] latency=0.1 S1  E_DART      seed 27  goal      clr  0.59  t  14.2  inf  81  N 25.5  mpc   6.5 ms  err 0.08
[ 78/300] latency=0.1 S1  E_DART      seed 28  goal      clr  0.55  t  14.0  inf  79  N 25.7  mpc   6.4 ms  err 0.23
[ 79/300] latency=0.1 S1  E_DART      seed 29  goal      clr  0.66  t  18.1  inf  86  N 24.4  mpc   6.5 ms  err 0.26
[ 80/300] latency=0.1 S1  E_DART      seed 30  goal      clr  0.63  t  14.5  inf  84  N 25.1  mpc   6.5 ms  err 0.21
[ 81/300] latency=0.1 S1  E_DART      seed 31  goal      clr  0.57  t  15.0  inf  91  N 25.1  mpc   6.5 ms  err 0.18
[ 82/300] latency=0.1 S1  E_DART      seed 32  goal      clr  0.65  t  15.4  inf  87  N 24.9  mpc   6.5 ms  err 0.24
[ 83/300] latency=0.1 S1  E_DART      seed 33  goal      clr  0.61  t  14.7  inf  82  N 25.2  mpc   6.6 ms  err 0.15
[ 84/300] latency=0.1 S1  E_DART      seed 34  goal      clr  0.61  t  15.2  inf  87  N 25.2  mpc   6.6 ms  err 0.19
[ 85/300] latency=0.1 S1  E_DART      seed 35  goal      clr  0.62  t  14.5  inf  93  N 25.9  mpc   6.6 ms  err 0.31
[ 86/300] latency=0.1 S1  E_DART      seed 36  goal      clr  0.63  t  23.9  inf  92  N 22.1  mpc   5.8 ms  err 0.36
[ 87/300] latency=0.1 S1  E_DART      seed 37  goal      clr  0.56  t  14.9  inf  88  N 25.7  mpc   6.9 ms  err 0.30
[ 88/300] latency=0.1 S1  E_DART      seed 38  goal      clr  0.56  t  15.5  inf 100  N 25.8  mpc   6.8 ms  err 0.18
[ 89/300] latency=0.1 S1  E_DART      seed 39  goal      clr  0.59  t  14.7  inf  91  N 25.8  mpc   6.7 ms  err 0.14
[ 90/300] latency=0.1 S1  E_DART      seed 40  goal      clr  0.63  t  14.2  inf  85  N 25.6  mpc   6.6 ms  err 0.22
[ 91/300] latency=0.1 S1  E_DART      seed 41  goal      clr  0.61  t  16.9  inf  91  N 25.1  mpc   6.8 ms  err 0.16
[ 92/300] latency=0.1 S1  E_DART      seed 42  goal      clr  0.64  t  14.3  inf  87  N 25.5  mpc   6.6 ms  err 0.22
[ 93/300] latency=0.1 S1  E_DART      seed 43  goal      clr  0.59  t  16.1  inf  90  N 24.4  mpc   6.2 ms  err 0.23
[ 94/300] latency=0.1 S1  E_DART      seed 44  goal      clr  0.39  t  15.0  inf  79  N 24.6  mpc   6.3 ms  err 0.20
[ 95/300] latency=0.1 S1  E_DART      seed 45  goal      clr  0.41  t  15.2  inf  93  N 25.0  mpc   6.8 ms  err 0.22
[ 96/300] latency=0.1 S1  E_DART      seed 46  goal      clr  0.57  t  14.1  inf  90  N 25.6  mpc   6.5 ms  err 0.20
[ 97/300] latency=0.1 S1  E_DART      seed 47  goal      clr  0.58  t  14.4  inf  79  N 25.0  mpc   6.3 ms  err 0.18
[ 98/300] latency=0.1 S1  E_DART      seed 48  goal      clr  0.57  t  14.9  inf  92  N 25.7  mpc   6.8 ms  err 0.23
[ 99/300] latency=0.1 S1  E_DART      seed 49  goal      clr  0.64  t  14.3  inf  80  N 25.5  mpc   6.4 ms  err 0.21
[100/300] latency=0.1 S1  E_DART      seed 50  goal      clr  0.57  t  14.8  inf  91  N 25.5  mpc   6.7 ms  err 0.16
[101/300] latency=0.1 S1  F_NODELAY   seed  1  goal      clr  0.40  t  21.6  inf 150  N 25.5  mpc   7.2 ms  err 1.18
[102/300] latency=0.1 S1  F_NODELAY   seed  2  goal      clr  0.24  t  24.8  inf 168  N 25.4  mpc   7.7 ms  err 1.34
[103/300] latency=0.1 S1  F_NODELAY   seed  3  goal      clr  0.10  t  30.5  inf 207  N 24.3  mpc   7.5 ms  err 1.31
[104/300] latency=0.1 S1  F_NODELAY   seed  4  collision clr -0.01  t   4.0  inf  30  N 26.0  mpc   7.3 ms  err 1.08
[105/300] latency=0.1 S1  F_NODELAY   seed  5  goal      clr  0.56  t  21.6  inf 149  N 26.2  mpc   7.8 ms  err 1.44
[106/300] latency=0.1 S1  F_NODELAY   seed  6  goal      clr  0.12  t  20.3  inf 136  N 25.6  mpc   7.6 ms  err 0.94
[107/300] latency=0.1 S1  F_NODELAY   seed  7  goal      clr  0.56  t  19.6  inf 132  N 26.0  mpc   7.8 ms  err 1.31
[108/300] latency=0.1 S1  F_NODELAY   seed  8  goal      clr  0.18  t  18.7  inf 132  N 27.0  mpc   7.5 ms  err 0.81
[109/300] latency=0.1 S1  F_NODELAY   seed  9  goal      clr  0.38  t  18.5  inf 124  N 24.2  mpc   6.5 ms  err 1.10
[110/300] latency=0.1 S1  F_NODELAY   seed 10  timeout   clr  0.43  t  40.0  inf 244  N 21.4  mpc   6.3 ms  err 0.86
[111/300] latency=0.1 S1  F_NODELAY   seed 11  goal      clr  0.18  t  21.4  inf 144  N 26.8  mpc   7.6 ms  err 1.08
[112/300] latency=0.1 S1  F_NODELAY   seed 12  goal      clr  0.01  t  25.8  inf 183  N 27.0  mpc   8.1 ms  err 1.02
[113/300] latency=0.1 S1  F_NODELAY   seed 13  goal      clr  0.25  t  20.5  inf 152  N 26.4  mpc   7.7 ms  err 1.04
[114/300] latency=0.1 S1  F_NODELAY   seed 14  goal      clr  0.61  t  24.3  inf 170  N 24.5  mpc   7.5 ms  err 1.60
[115/300] latency=0.1 S1  F_NODELAY   seed 15  goal      clr  0.18  t  25.6  inf 195  N 26.5  mpc   8.6 ms  err 1.09
[116/300] latency=0.1 S1  F_NODELAY   seed 16  goal      clr  0.21  t  16.1  inf 104  N 26.3  mpc   7.0 ms  err 0.85
[117/300] latency=0.1 S1  F_NODELAY   seed 17  goal      clr  0.27  t  17.7  inf 131  N 26.1  mpc   7.4 ms  err 0.77
[118/300] latency=0.1 S1  F_NODELAY   seed 18  goal      clr  0.36  t  31.3  inf 201  N 24.4  mpc   7.1 ms  err 0.97
[119/300] latency=0.1 S1  F_NODELAY   seed 19  collision clr -0.00  t   3.1  inf  23  N 24.8  mpc   7.6 ms  err 1.16
[120/300] latency=0.1 S1  F_NODELAY   seed 20  collision clr -0.02  t  27.2  inf 208  N 24.3  mpc   7.5 ms  err 0.99
[121/300] latency=0.1 S1  F_NODELAY   seed 21  goal      clr  0.41  t  17.7  inf 120  N 25.5  mpc   7.0 ms  err 1.41
[122/300] latency=0.1 S1  F_NODELAY   seed 22  goal      clr  0.44  t  22.6  inf 156  N 25.5  mpc   7.5 ms  err 0.95
[123/300] latency=0.1 S1  F_NODELAY   seed 23  goal      clr  0.01  t  27.6  inf 198  N 24.6  mpc   7.2 ms  err 0.99
[124/300] latency=0.1 S1  F_NODELAY   seed 24  goal      clr  0.44  t  22.0  inf 161  N 27.0  mpc   8.1 ms  err 1.36
[125/300] latency=0.1 S1  F_NODELAY   seed 25  goal      clr  0.17  t  33.2  inf 235  N 25.0  mpc   7.2 ms  err 0.91
[126/300] latency=0.1 S1  F_NODELAY   seed 26  goal      clr  0.34  t  28.8  inf 214  N 25.6  mpc   7.7 ms  err 1.10
[127/300] latency=0.1 S1  F_NODELAY   seed 27  goal      clr  0.12  t  24.6  inf 153  N 24.0  mpc   7.0 ms  err 1.26
[128/300] latency=0.1 S1  F_NODELAY   seed 28  goal      clr  0.62  t  18.8  inf 139  N 26.7  mpc   7.5 ms  err 1.11
[129/300] latency=0.1 S1  F_NODELAY   seed 29  goal      clr  0.38  t  17.6  inf 121  N 26.5  mpc   7.7 ms  err 1.17
[130/300] latency=0.1 S1  F_NODELAY   seed 30  goal      clr  0.54  t  18.3  inf 121  N 25.3  mpc   7.2 ms  err 1.25
[131/300] latency=0.1 S1  F_NODELAY   seed 31  goal      clr  0.39  t  19.7  inf 130  N 26.0  mpc   7.4 ms  err 1.44
[132/300] latency=0.1 S1  F_NODELAY   seed 32  goal      clr  0.25  t  20.5  inf 154  N 26.7  mpc   8.0 ms  err 1.35
[133/300] latency=0.1 S1  F_NODELAY   seed 33  goal      clr  0.65  t  15.6  inf 105  N 25.6  mpc   6.8 ms  err 0.80
[134/300] latency=0.1 S1  F_NODELAY   seed 34  goal      clr  0.04  t  35.6  inf 248  N 22.3  mpc   6.4 ms  err 1.01
[135/300] latency=0.1 S1  F_NODELAY   seed 35  goal      clr  0.58  t  21.9  inf 154  N 26.3  mpc   7.3 ms  err 1.10
[136/300] latency=0.1 S1  F_NODELAY   seed 36  collision clr -0.01  t  21.8  inf 158  N 23.3  mpc   6.9 ms  err 1.17
[137/300] latency=0.1 S1  F_NODELAY   seed 37  goal      clr  0.11  t  20.3  inf 140  N 25.3  mpc   7.1 ms  err 1.78
[138/300] latency=0.1 S1  F_NODELAY   seed 38  collision clr -0.00  t   9.1  inf  75  N 28.0  mpc   8.5 ms  err 1.96
[139/300] latency=0.1 S1  F_NODELAY   seed 39  goal      clr  0.34  t  21.3  inf 141  N 24.7  mpc   6.7 ms  err 0.92
[140/300] latency=0.1 S1  F_NODELAY   seed 40  timeout   clr  0.19  t  40.0  inf 299  N 24.1  mpc   7.3 ms  err 1.16
[141/300] latency=0.1 S1  F_NODELAY   seed 41  timeout   clr  0.29  t  40.0  inf 287  N 23.5  mpc   7.1 ms  err 1.03
[142/300] latency=0.1 S1  F_NODELAY   seed 42  goal      clr  0.50  t  26.6  inf 186  N 25.0  mpc   7.4 ms  err 1.64
[143/300] latency=0.1 S1  F_NODELAY   seed 43  collision clr -0.00  t  23.3  inf 186  N 27.8  mpc   8.8 ms  err 1.39
[144/300] latency=0.1 S1  F_NODELAY   seed 44  goal      clr  0.05  t  32.5  inf 234  N 24.2  mpc   7.1 ms  err 1.00
[145/300] latency=0.1 S1  F_NODELAY   seed 45  collision clr -0.00  t  21.3  inf 179  N 27.7  mpc   8.5 ms  err 1.50
[146/300] latency=0.1 S1  F_NODELAY   seed 46  timeout   clr  0.18  t  40.0  inf 277  N 24.2  mpc   7.6 ms  err 1.01
[147/300] latency=0.1 S1  F_NODELAY   seed 47  goal      clr  0.32  t  18.8  inf 130  N 26.4  mpc   7.5 ms  err 1.17
[148/300] latency=0.1 S1  F_NODELAY   seed 48  collision clr -0.00  t  16.9  inf 135  N 27.6  mpc   8.0 ms  err 1.19
[149/300] latency=0.1 S1  F_NODELAY   seed 49  goal      clr  0.68  t  14.7  inf 102  N 25.4  mpc   6.5 ms  err 0.88
[150/300] latency=0.1 S1  F_NODELAY   seed 50  goal      clr  0.38  t  24.4  inf 173  N 24.3  mpc   7.2 ms  err 1.43
[151/300] latency=0.1 S1  G_FR_LOW    seed  1  goal      clr  0.42  t  15.2  inf  45  N 26.0  mpc   6.8 ms  err 0.20
[152/300] latency=0.1 S1  G_FR_LOW    seed  2  goal      clr  0.49  t  15.5  inf  46  N 24.8  mpc   6.5 ms  err 0.27
[153/300] latency=0.1 S1  G_FR_LOW    seed  3  goal      clr  0.24  t  20.8  inf  62  N 25.7  mpc   7.3 ms  err 0.32
[154/300] latency=0.1 S1  G_FR_LOW    seed  4  goal      clr  0.59  t  15.1  inf  45  N 25.9  mpc   6.7 ms  err 0.16
[155/300] latency=0.1 S1  G_FR_LOW    seed  5  goal      clr  0.65  t  16.2  inf  48  N 25.5  mpc   6.7 ms  err 0.56
[156/300] latency=0.1 S1  G_FR_LOW    seed  6  goal      clr  0.72  t  14.3  inf  43  N 25.0  mpc   6.1 ms  err 0.12
[157/300] latency=0.1 S1  G_FR_LOW    seed  7  goal      clr  0.57  t  14.5  inf  43  N 25.3  mpc   6.3 ms  err 0.34
[158/300] latency=0.1 S1  G_FR_LOW    seed  8  goal      clr  0.58  t  15.1  inf  45  N 26.1  mpc   6.8 ms  err 0.22
[159/300] latency=0.1 S1  G_FR_LOW    seed  9  goal      clr  0.54  t  15.5  inf  46  N 25.3  mpc   6.5 ms  err 0.22
[160/300] latency=0.1 S1  G_FR_LOW    seed 10  goal      clr  0.56  t  15.1  inf  45  N 25.1  mpc   6.5 ms  err 0.22
[161/300] latency=0.1 S1  G_FR_LOW    seed 11  goal      clr  0.71  t  14.3  inf  43  N 25.7  mpc   6.3 ms  err 0.26
[162/300] latency=0.1 S1  G_FR_LOW    seed 12  goal      clr  0.54  t  20.5  inf  61  N 24.0  mpc   6.3 ms  err 0.54
[163/300] latency=0.1 S1  G_FR_LOW    seed 13  goal      clr  0.65  t  14.2  inf  42  N 25.9  mpc   6.5 ms  err 0.16
[164/300] latency=0.1 S1  G_FR_LOW    seed 14  goal      clr  0.47  t  17.3  inf  51  N 26.0  mpc   6.8 ms  err 0.16
[165/300] latency=0.1 S1  G_FR_LOW    seed 15  goal      clr  0.62  t  16.4  inf  49  N 25.5  mpc   6.8 ms  err 0.17
[166/300] latency=0.1 S1  G_FR_LOW    seed 16  goal      clr  0.64  t  15.3  inf  46  N 25.3  mpc   6.4 ms  err 0.18
[167/300] latency=0.1 S1  G_FR_LOW    seed 17  goal      clr  0.68  t  14.1  inf  42  N 25.1  mpc   6.2 ms  err 0.20
[168/300] latency=0.1 S1  G_FR_LOW    seed 18  goal      clr  0.69  t  14.4  inf  43  N 26.1  mpc   6.6 ms  err 0.24
[169/300] latency=0.1 S1  G_FR_LOW    seed 19  goal      clr  0.54  t  15.4  inf  46  N 26.4  mpc   7.1 ms  err 0.27
[170/300] latency=0.1 S1  G_FR_LOW    seed 20  goal      clr  0.64  t  14.5  inf  43  N 25.3  mpc   6.2 ms  err 0.38
[171/300] latency=0.1 S1  G_FR_LOW    seed 21  goal      clr  0.78  t  14.2  inf  42  N 25.2  mpc   6.3 ms  err 0.18
[172/300] latency=0.1 S1  G_FR_LOW    seed 22  goal      clr  0.53  t  14.0  inf  42  N 25.5  mpc   6.3 ms  err 0.22
[173/300] latency=0.1 S1  G_FR_LOW    seed 23  goal      clr  0.51  t  24.4  inf  72  N 22.9  mpc   6.1 ms  err 0.28
[174/300] latency=0.1 S1  G_FR_LOW    seed 24  goal      clr  0.62  t  15.1  inf  45  N 25.4  mpc   6.3 ms  err 0.21
[175/300] latency=0.1 S1  G_FR_LOW    seed 25  goal      clr  0.61  t  15.2  inf  45  N 25.6  mpc   6.5 ms  err 0.14
[176/300] latency=0.1 S1  G_FR_LOW    seed 26  goal      clr  0.36  t  16.7  inf  50  N 24.7  mpc   6.3 ms  err 0.31
[177/300] latency=0.1 S1  G_FR_LOW    seed 27  goal      clr  0.61  t  14.5  inf  43  N 25.7  mpc   6.4 ms  err 0.10
[178/300] latency=0.1 S1  G_FR_LOW    seed 28  goal      clr  0.60  t  14.2  inf  42  N 25.9  mpc   6.4 ms  err 0.29
[179/300] latency=0.1 S1  G_FR_LOW    seed 29  goal      clr  0.50  t  21.6  inf  64  N 26.6  mpc   7.6 ms  err 0.17
[180/300] latency=0.1 S1  G_FR_LOW    seed 30  goal      clr  0.67  t  14.4  inf  43  N 25.4  mpc   6.4 ms  err 0.24
[181/300] latency=0.1 S1  G_FR_LOW    seed 31  goal      clr  0.56  t  14.8  inf  44  N 25.3  mpc   6.5 ms  err 0.13
[182/300] latency=0.1 S1  G_FR_LOW    seed 32  goal      clr  0.65  t  16.1  inf  48  N 24.6  mpc   6.3 ms  err 0.22
[183/300] latency=0.1 S1  G_FR_LOW    seed 33  goal      clr  0.64  t  14.3  inf  42  N 25.2  mpc   6.4 ms  err 0.08
[184/300] latency=0.1 S1  G_FR_LOW    seed 34  goal      clr  0.61  t  15.7  inf  47  N 24.7  mpc   6.4 ms  err 0.17
[185/300] latency=0.1 S1  G_FR_LOW    seed 35  goal      clr  0.64  t  14.6  inf  43  N 25.8  mpc   6.7 ms  err 0.31
[186/300] latency=0.1 S1  G_FR_LOW    seed 36  goal      clr  0.60  t  21.7  inf  64  N 23.5  mpc   6.4 ms  err 0.32
[187/300] latency=0.1 S1  G_FR_LOW    seed 37  goal      clr  0.54  t  15.0  inf  45  N 25.3  mpc   6.6 ms  err 0.26
[188/300] latency=0.1 S1  G_FR_LOW    seed 38  goal      clr  0.59  t  15.6  inf  46  N 25.9  mpc   6.9 ms  err 0.16
[189/300] latency=0.1 S1  G_FR_LOW    seed 39  goal      clr  0.58  t  15.4  inf  46  N 26.0  mpc   7.1 ms  err 0.18
[190/300] latency=0.1 S1  G_FR_LOW    seed 40  goal      clr  0.59  t  14.9  inf  44  N 25.8  mpc   6.6 ms  err 0.32
[191/300] latency=0.1 S1  G_FR_LOW    seed 41  goal      clr  0.66  t  15.8  inf  47  N 25.8  mpc   6.7 ms  err 0.18
[192/300] latency=0.1 S1  G_FR_LOW    seed 42  goal      clr  0.71  t  15.3  inf  45  N 25.7  mpc   6.5 ms  err 0.20
[193/300] latency=0.1 S1  G_FR_LOW    seed 43  goal      clr  0.29  t  18.2  inf  54  N 25.2  mpc   6.7 ms  err 0.52
[194/300] latency=0.1 S1  G_FR_LOW    seed 44  goal      clr  0.70  t  14.5  inf  43  N 25.1  mpc   6.3 ms  err 0.26
[195/300] latency=0.1 S1  G_FR_LOW    seed 45  goal      clr  0.52  t  15.9  inf  47  N 26.0  mpc   6.9 ms  err 0.16
[196/300] latency=0.1 S1  G_FR_LOW    seed 46  goal      clr  0.63  t  14.4  inf  43  N 26.2  mpc   6.6 ms  err 0.23
[197/300] latency=0.1 S1  G_FR_LOW    seed 47  goal      clr  0.64  t  15.4  inf  46  N 24.6  mpc   6.2 ms  err 0.26
[198/300] latency=0.1 S1  G_FR_LOW    seed 48  goal      clr  0.60  t  15.4  inf  46  N 25.6  mpc   6.4 ms  err 0.17
[199/300] latency=0.1 S1  G_FR_LOW    seed 49  goal      clr  0.64  t  14.0  inf  42  N 25.5  mpc   6.1 ms  err 0.20
[200/300] latency=0.1 S1  G_FR_LOW    seed 50  goal      clr  0.40  t  16.6  inf  49  N 25.7  mpc   6.7 ms  err 0.34
[201/300] latency=0.1 S1  FR_SAFE_5   seed  1  goal      clr  0.42  t  15.1  inf  76  N 25.6  mpc   6.8 ms  err 0.35
[202/300] latency=0.1 S1  FR_SAFE_5   seed  2  goal      clr  0.50  t  15.0  inf  75  N 25.4  mpc   6.8 ms  err 0.22
[203/300] latency=0.1 S1  FR_SAFE_5   seed  3  collision clr -0.00  t  11.4  inf  58  N 25.7  mpc   8.4 ms  err 0.35
[204/300] latency=0.1 S1  FR_SAFE_5   seed  4  goal      clr  0.59  t  14.7  inf  74  N 25.6  mpc   6.6 ms  err 0.18
[205/300] latency=0.1 S1  FR_SAFE_5   seed  5  goal      clr  0.53  t  14.5  inf  73  N 25.4  mpc   6.6 ms  err 0.28
[206/300] latency=0.1 S1  FR_SAFE_5   seed  6  goal      clr  0.66  t  14.0  inf  70  N 25.0  mpc   6.2 ms  err 0.16
[207/300] latency=0.1 S1  FR_SAFE_5   seed  7  goal      clr  0.64  t  14.0  inf  70  N 25.2  mpc   6.3 ms  err 0.22
[208/300] latency=0.1 S1  FR_SAFE_5   seed  8  goal      clr  0.66  t  14.8  inf  75  N 25.2  mpc   6.4 ms  err 0.24
[209/300] latency=0.1 S1  FR_SAFE_5   seed  9  goal      clr  0.65  t  14.2  inf  71  N 25.2  mpc   6.4 ms  err 0.29
[210/300] latency=0.1 S1  FR_SAFE_5   seed 10  goal      clr  0.57  t  14.3  inf  72  N 25.2  mpc   6.4 ms  err 0.23
[211/300] latency=0.1 S1  FR_SAFE_5   seed 11  goal      clr  0.69  t  14.2  inf  72  N 25.2  mpc   6.3 ms  err 0.23
[212/300] latency=0.1 S1  FR_SAFE_5   seed 12  goal      clr  0.49  t  15.0  inf  75  N 26.0  mpc   6.8 ms  err 0.16
[213/300] latency=0.1 S1  FR_SAFE_5   seed 13  goal      clr  0.60  t  14.2  inf  71  N 25.6  mpc   6.5 ms  err 0.10
[214/300] latency=0.1 S1  FR_SAFE_5   seed 14  goal      clr  0.58  t  20.4  inf 102  N 23.8  mpc   6.3 ms  err 0.21
[215/300] latency=0.1 S1  FR_SAFE_5   seed 15  goal      clr  0.47  t  15.9  inf  80  N 25.2  mpc   6.9 ms  err 0.45
[216/300] latency=0.1 S1  FR_SAFE_5   seed 16  goal      clr  0.72  t  14.1  inf  71  N 24.9  mpc   6.2 ms  err 0.25
[217/300] latency=0.1 S1  FR_SAFE_5   seed 17  goal      clr  0.59  t  15.1  inf  76  N 24.9  mpc   6.6 ms  err 0.18
[218/300] latency=0.1 S1  FR_SAFE_5   seed 18  goal      clr  0.66  t  14.1  inf  71  N 25.5  mpc   6.6 ms  err 0.14
[219/300] latency=0.1 S1  FR_SAFE_5   seed 19  goal      clr  0.44  t  18.2  inf  91  N 25.6  mpc   7.3 ms  err 0.21
[220/300] latency=0.1 S1  FR_SAFE_5   seed 20  goal      clr  0.73  t  14.4  inf  72  N 24.9  mpc   6.3 ms  err 0.31
[221/300] latency=0.1 S1  FR_SAFE_5   seed 21  goal      clr  0.73  t  14.5  inf  73  N 25.5  mpc   6.6 ms  err 0.19
[222/300] latency=0.1 S1  FR_SAFE_5   seed 22  goal      clr  0.54  t  13.9  inf  70  N 25.1  mpc   6.2 ms  err 0.17
[223/300] latency=0.1 S1  FR_SAFE_5   seed 23  goal      clr  0.59  t  14.7  inf  74  N 24.8  mpc   6.4 ms  err 0.18
[224/300] latency=0.1 S1  FR_SAFE_5   seed 24  goal      clr  0.51  t  14.1  inf  71  N 25.1  mpc   6.1 ms  err 0.19
[225/300] latency=0.1 S1  FR_SAFE_5   seed 25  goal      clr  0.59  t  14.4  inf  72  N 25.3  mpc   6.5 ms  err 0.18
[226/300] latency=0.1 S1  FR_SAFE_5   seed 26  goal      clr  0.57  t  14.3  inf  72  N 25.0  mpc   6.4 ms  err 0.19
[227/300] latency=0.1 S1  FR_SAFE_5   seed 27  goal      clr  0.62  t  14.4  inf  72  N 25.4  mpc   6.4 ms  err 0.09
[228/300] latency=0.1 S1  FR_SAFE_5   seed 28  goal      clr  0.59  t  14.0  inf  71  N 25.5  mpc   6.4 ms  err 0.27
[229/300] latency=0.1 S1  FR_SAFE_5   seed 29  goal      clr  0.55  t  15.6  inf  78  N 25.8  mpc   7.0 ms  err 0.19
[230/300] latency=0.1 S1  FR_SAFE_5   seed 30  goal      clr  0.68  t  14.3  inf  72  N 25.1  mpc   6.4 ms  err 0.19
[231/300] latency=0.1 S1  FR_SAFE_5   seed 31  goal      clr  0.53  t  14.8  inf  75  N 25.2  mpc   6.5 ms  err 0.20
[232/300] latency=0.1 S1  FR_SAFE_5   seed 32  goal      clr  0.62  t  16.5  inf  83  N 24.9  mpc   6.6 ms  err 0.10
[233/300] latency=0.1 S1  FR_SAFE_5   seed 33  goal      clr  0.62  t  14.1  inf  71  N 25.1  mpc   6.5 ms  err 0.10
[234/300] latency=0.1 S1  FR_SAFE_5   seed 34  goal      clr  0.65  t  14.8  inf  74  N 25.2  mpc   6.6 ms  err 0.16
[235/300] latency=0.1 S1  FR_SAFE_5   seed 35  goal      clr  0.62  t  14.4  inf  72  N 25.6  mpc   6.6 ms  err 0.26
[236/300] latency=0.1 S1  FR_SAFE_5   seed 36  goal      clr  0.56  t  15.1  inf  76  N 25.6  mpc   6.7 ms  err 0.18
[237/300] latency=0.1 S1  FR_SAFE_5   seed 37  goal      clr  0.47  t  15.0  inf  76  N 25.6  mpc   6.7 ms  err 0.36
[238/300] latency=0.1 S1  FR_SAFE_5   seed 38  goal      clr  0.62  t  14.3  inf  72  N 25.8  mpc   6.6 ms  err 0.17
[239/300] latency=0.1 S1  FR_SAFE_5   seed 39  goal      clr  0.55  t  14.9  inf  75  N 25.9  mpc   7.0 ms  err 0.13
[240/300] latency=0.1 S1  FR_SAFE_5   seed 40  goal      clr  0.61  t  14.6  inf  73  N 25.2  mpc   6.5 ms  err 0.29
[241/300] latency=0.1 S1  FR_SAFE_5   seed 41  goal      clr  0.58  t  14.9  inf  75  N 25.5  mpc   6.8 ms  err 0.20
[242/300] latency=0.1 S1  FR_SAFE_5   seed 42  goal      clr  0.66  t  14.4  inf  73  N 25.6  mpc   6.7 ms  err 0.19
[243/300] latency=0.1 S1  FR_SAFE_5   seed 43  goal      clr  0.44  t  17.1  inf  86  N 25.1  mpc   6.7 ms  err 0.14
[244/300] latency=0.1 S1  FR_SAFE_5   seed 44  goal      clr  0.47  t  16.9  inf  85  N 25.5  mpc   7.0 ms  err 0.32
[245/300] latency=0.1 S1  FR_SAFE_5   seed 45  goal      clr  0.46  t  15.3  inf  77  N 25.5  mpc   7.0 ms  err 0.24
[246/300] latency=0.1 S1  FR_SAFE_5   seed 46  goal      clr  0.55  t  14.5  inf  73  N 25.4  mpc   6.7 ms  err 0.20
[247/300] latency=0.1 S1  FR_SAFE_5   seed 47  goal      clr  0.53  t  14.7  inf  74  N 24.8  mpc   6.4 ms  err 0.18
[248/300] latency=0.1 S1  FR_SAFE_5   seed 48  goal      clr  0.61  t  15.6  inf  79  N 25.6  mpc   6.9 ms  err 0.31
[249/300] latency=0.1 S1  FR_SAFE_5   seed 49  goal      clr  0.62  t  14.1  inf  71  N 25.5  mpc   6.3 ms  err 0.20
[250/300] latency=0.1 S1  FR_SAFE_5   seed 50  goal      clr  0.51  t  15.5  inf  78  N 25.5  mpc   6.7 ms  err 0.27
[251/300] latency=0.1 S1  FR_SAFE_10  seed  1  goal      clr  0.45  t  14.7  inf 122  N 25.7  mpc   6.7 ms  err 0.17
[252/300] latency=0.1 S1  FR_SAFE_10  seed  2  goal      clr  0.45  t  15.1  inf 124  N 24.8  mpc   6.7 ms  err 0.24
[253/300] latency=0.1 S1  FR_SAFE_10  seed  3  goal      clr  0.32  t  17.1  inf 144  N 25.6  mpc   7.4 ms  err 0.30
[254/300] latency=0.1 S1  FR_SAFE_10  seed  4  goal      clr  0.56  t  14.6  inf 124  N 25.3  mpc   6.7 ms  err 0.22
[255/300] latency=0.1 S1  FR_SAFE_10  seed  5  goal      clr  0.56  t  14.6  inf 114  N 24.7  mpc   6.3 ms  err 0.28
[256/300] latency=0.1 S1  FR_SAFE_10  seed  6  goal      clr  0.64  t  13.9  inf 114  N 25.0  mpc   6.2 ms  err 0.16
[257/300] latency=0.1 S1  FR_SAFE_10  seed  7  goal      clr  0.46  t  14.4  inf 116  N 25.0  mpc   6.4 ms  err 0.29
[258/300] latency=0.1 S1  FR_SAFE_10  seed  8  goal      clr  0.55  t  14.2  inf 118  N 25.6  mpc   6.5 ms  err 0.25
[259/300] latency=0.1 S1  FR_SAFE_10  seed  9  goal      clr  0.44  t  14.7  inf 122  N 25.2  mpc   6.5 ms  err 0.23
[260/300] latency=0.1 S1  FR_SAFE_10  seed 10  goal      clr  0.62  t  15.7  inf 125  N 24.9  mpc   6.6 ms  err 0.27
[261/300] latency=0.1 S1  FR_SAFE_10  seed 11  goal      clr  0.58  t  13.8  inf 112  N 25.2  mpc   6.1 ms  err 0.23
[262/300] latency=0.1 S1  FR_SAFE_10  seed 12  goal      clr  0.42  t  14.9  inf 121  N 25.9  mpc   6.8 ms  err 0.16
[263/300] latency=0.1 S1  FR_SAFE_10  seed 13  goal      clr  0.59  t  14.1  inf 117  N 25.4  mpc   6.5 ms  err 0.15
[264/300] latency=0.1 S1  FR_SAFE_10  seed 14  goal      clr  0.60  t  17.3  inf 142  N 25.7  mpc   6.9 ms  err 0.21
[265/300] latency=0.1 S1  FR_SAFE_10  seed 15  goal      clr  0.58  t  16.6  inf 134  N 25.3  mpc   7.0 ms  err 0.15
[266/300] latency=0.1 S1  FR_SAFE_10  seed 16  goal      clr  0.69  t  14.1  inf 118  N 25.1  mpc   6.3 ms  err 0.23
[267/300] latency=0.1 S1  FR_SAFE_10  seed 17  goal      clr  0.62  t  14.1  inf 120  N 24.7  mpc   6.3 ms  err 0.14
[268/300] latency=0.1 S1  FR_SAFE_10  seed 18  goal      clr  0.64  t  15.3  inf 127  N 25.2  mpc   6.7 ms  err 0.14
[269/300] latency=0.1 S1  FR_SAFE_10  seed 19  goal      clr  0.53  t  16.2  inf 137  N 24.8  mpc   6.8 ms  err 0.16
[270/300] latency=0.1 S1  FR_SAFE_10  seed 20  goal      clr  0.57  t  14.2  inf 118  N 24.6  mpc   6.3 ms  err 0.26
[271/300] latency=0.1 S1  FR_SAFE_10  seed 21  goal      clr  0.71  t  14.1  inf 113  N 25.0  mpc   6.4 ms  err 0.16
[272/300] latency=0.1 S1  FR_SAFE_10  seed 22  goal      clr  0.54  t  14.0  inf 118  N 25.0  mpc   6.3 ms  err 0.24
[273/300] latency=0.1 S1  FR_SAFE_10  seed 23  goal      clr  0.62  t  14.0  inf 115  N 24.7  mpc   6.3 ms  err 0.16
[274/300] latency=0.1 S1  FR_SAFE_10  seed 24  goal      clr  0.58  t  13.7  inf 111  N 25.0  mpc   6.1 ms  err 0.20
[275/300] latency=0.1 S1  FR_SAFE_10  seed 25  goal      clr  0.61  t  15.0  inf 122  N 24.7  mpc   6.3 ms  err 0.11
[276/300] latency=0.1 S1  FR_SAFE_10  seed 26  goal      clr  0.29  t  18.1  inf 149  N 25.9  mpc   7.3 ms  err 0.26
[277/300] latency=0.1 S1  FR_SAFE_10  seed 27  goal      clr  0.50  t  14.2  inf 116  N 25.5  mpc   6.5 ms  err 0.10
[278/300] latency=0.1 S1  FR_SAFE_10  seed 28  goal      clr  0.59  t  14.3  inf 118  N 25.4  mpc   6.5 ms  err 0.19
[279/300] latency=0.1 S1  FR_SAFE_10  seed 29  goal      clr  0.52  t  15.3  inf 127  N 25.7  mpc   6.8 ms  err 0.20
[280/300] latency=0.1 S1  FR_SAFE_10  seed 30  goal      clr  0.65  t  14.3  inf 115  N 25.0  mpc   6.4 ms  err 0.20
[281/300] latency=0.1 S1  FR_SAFE_10  seed 31  goal      clr  0.57  t  14.6  inf 120  N 25.2  mpc   6.5 ms  err 0.17
[282/300] latency=0.1 S1  FR_SAFE_10  seed 32  goal      clr  0.59  t  14.6  inf 119  N 25.5  mpc   6.7 ms  err 0.13
[283/300] latency=0.1 S1  FR_SAFE_10  seed 33  goal      clr  0.62  t  14.0  inf 116  N 25.1  mpc   6.5 ms  err 0.12
[284/300] latency=0.1 S1  FR_SAFE_10  seed 34  goal      clr  0.61  t  16.0  inf 136  N 24.5  mpc   6.5 ms  err 0.27
[285/300] latency=0.1 S1  FR_SAFE_10  seed 35  goal      clr  0.60  t  14.7  inf 123  N 25.7  mpc   6.7 ms  err 0.20
[286/300] latency=0.1 S1  FR_SAFE_10  seed 36  goal      clr  0.53  t  16.3  inf 137  N 24.3  mpc   6.5 ms  err 0.15
[287/300] latency=0.1 S1  FR_SAFE_10  seed 37  goal      clr  0.57  t  14.3  inf 119  N 24.4  mpc   6.5 ms  err 0.18
[288/300] latency=0.1 S1  FR_SAFE_10  seed 38  goal      clr  0.60  t  15.4  inf 127  N 25.7  mpc   6.9 ms  err 0.17
[289/300] latency=0.1 S1  FR_SAFE_10  seed 39  goal      clr  0.57  t  14.8  inf 119  N 25.8  mpc   7.0 ms  err 0.14
[290/300] latency=0.1 S1  FR_SAFE_10  seed 40  goal      clr  0.66  t  14.7  inf 123  N 25.4  mpc   6.6 ms  err 0.18
[291/300] latency=0.1 S1  FR_SAFE_10  seed 41  goal      clr  0.47  t  18.3  inf 151  N 25.8  mpc   7.6 ms  err 0.41
[292/300] latency=0.1 S1  FR_SAFE_10  seed 42  goal      clr  0.67  t  14.5  inf 119  N 25.4  mpc   6.4 ms  err 0.16
[293/300] latency=0.1 S1  FR_SAFE_10  seed 43  goal      clr  0.33  t  15.7  inf 127  N 25.1  mpc   6.5 ms  err 0.18
[294/300] latency=0.1 S1  FR_SAFE_10  seed 44  goal      clr  0.62  t  14.2  inf 114  N 24.8  mpc   6.2 ms  err 0.15
[295/300] latency=0.1 S1  FR_SAFE_10  seed 45  goal      clr  0.48  t  15.6  inf 129  N 25.7  mpc   6.7 ms  err 0.23
[296/300] latency=0.1 S1  FR_SAFE_10  seed 46  goal      clr  0.59  t  14.6  inf 119  N 25.4  mpc   6.6 ms  err 0.13
[297/300] latency=0.1 S1  FR_SAFE_10  seed 47  goal      clr  0.58  t  14.8  inf 120  N 24.7  mpc   6.4 ms  err 0.20
[298/300] latency=0.1 S1  FR_SAFE_10  seed 48  goal      clr  0.53  t  15.6  inf 130  N 25.6  mpc   6.8 ms  err 0.20
[299/300] latency=0.1 S1  FR_SAFE_10  seed 49  goal      clr  0.70  t  13.9  inf 118  N 25.1  mpc   6.2 ms  err 0.15
[300/300] latency=0.1 S1  FR_SAFE_10  seed 50  goal      clr  0.52  t  14.9  inf 126  N 25.3  mpc   6.6 ms  err 0.16
