[  1/300] latency=0.25 S2  A_FR_FN     seed  1  collision clr -0.01  t   7.8  inf  28  N 20.0  mpc   3.5 ms  err 0.46
[  2/300] latency=0.25 S2  A_FR_FN     seed  2  goal      clr  0.14  t  14.9  inf  55  N 20.0  mpc   3.4 ms  err 0.48
[  3/300] latency=0.25 S2  A_FR_FN     seed  3  goal      clr  0.36  t  15.4  inf  57  N 20.0  mpc   2.4 ms  err 0.29
[  4/300] latency=0.25 S2  A_FR_FN     seed  4  goal      clr  0.45  t  14.5  inf  54  N 20.0  mpc   2.7 ms  err 0.42
[  5/300] latency=0.25 S2  A_FR_FN     seed  5  goal      clr  0.31  t  14.9  inf  52  N 20.0  mpc   2.8 ms  err 0.33
[  6/300] latency=0.25 S2  A_FR_FN     seed  6  goal      clr  0.46  t  37.4  inf 137  N 20.0  mpc   2.4 ms  err 0.45
[  7/300] latency=0.25 S2  A_FR_FN     seed  7  goal      clr  0.35  t  15.8  inf  59  N 20.0  mpc   2.3 ms  err 0.50
[  8/300] latency=0.25 S2  A_FR_FN     seed  8  collision clr -0.00  t   9.1  inf  32  N 20.0  mpc   2.4 ms  err 0.35
[  9/300] latency=0.25 S2  A_FR_FN     seed  9  goal      clr  0.23  t  14.0  inf  50  N 20.0  mpc   2.2 ms  err 0.43
[ 10/300] latency=0.25 S2  A_FR_FN     seed 10  goal      clr  0.48  t  15.7  inf  59  N 20.0  mpc   2.3 ms  err 0.28
[ 11/300] latency=0.25 S2  A_FR_FN     seed 11  collision clr -0.00  t   8.4  inf  33  N 20.0  mpc   2.4 ms  err 0.32
[ 12/300] latency=0.25 S2  A_FR_FN     seed 12  goal      clr  0.49  t  16.8  inf  60  N 20.0  mpc   2.4 ms  err 0.85
[ 13/300] latency=0.25 S2  A_FR_FN     seed 13  goal      clr  0.26  t  14.9  inf  58  N 20.0  mpc   2.2 ms  err 0.38
[ 14/300] latency=0.25 S2  A_FR_FN     seed 14  goal      clr  0.24  t  17.5  inf  65  N 20.0  mpc   2.3 ms  err 0.32
[ 15/300] latency=0.25 S2  A_FR_FN     seed 15  goal      clr  0.18  t  15.1  inf  56  N 20.0  mpc   2.3 ms  err 0.49
[ 16/300] latency=0.25 S2  A_FR_FN     seed 16  goal      clr  0.40  t  15.1  inf  57  N 20.0  mpc   2.2 ms  err 0.27
[ 17/300] latency=0.25 S2  A_FR_FN     seed 17  collision clr -0.01  t   8.4  inf  34  N 20.0  mpc   2.4 ms  err 0.39
[ 18/300] latency=0.25 S2  A_FR_FN     seed 18  goal      clr  0.42  t  15.3  inf  61  N 20.0  mpc   2.3 ms  err 0.65
[ 19/300] latency=0.25 S2  A_FR_FN     seed 19  goal      clr  0.32  t  15.9  inf  63  N 20.0  mpc   2.4 ms  err 0.54
[ 20/300] latency=0.25 S2  A_FR_FN     seed 20  goal      clr  0.46  t  13.4  inf  51  N 20.0  mpc   2.3 ms  err 0.26
[ 21/300] latency=0.25 S2  A_FR_FN     seed 21  goal      clr  0.29  t  17.6  inf  64  N 20.0  mpc   2.4 ms  err 0.51
[ 22/300] latency=0.25 S2  A_FR_FN     seed 22  goal      clr  0.19  t  15.1  inf  59  N 20.0  mpc   2.2 ms  err 0.41
[ 23/300] latency=0.25 S2  A_FR_FN     seed 23  collision clr -0.00  t   4.0  inf  16  N 20.0  mpc   2.5 ms  err 0.37
[ 24/300] latency=0.25 S2  A_FR_FN     seed 24  goal      clr  0.12  t  15.9  inf  59  N 20.0  mpc   2.3 ms  err 0.44
[ 25/300] latency=0.25 S2  A_FR_FN     seed 25  goal      clr  0.36  t  14.8  inf  54  N 20.0  mpc   2.4 ms  err 0.46
[ 26/300] latency=0.25 S2  A_FR_FN     seed 26  goal      clr  0.44  t  16.0  inf  63  N 20.0  mpc   2.2 ms  err 0.24
[ 27/300] latency=0.25 S2  A_FR_FN     seed 27  goal      clr  0.33  t  15.8  inf  57  N 20.0  mpc   2.3 ms  err 0.55
[ 28/300] latency=0.25 S2  A_FR_FN     seed 28  goal      clr  0.38  t  16.2  inf  60  N 20.0  mpc   2.2 ms  err 0.34
[ 29/300] latency=0.25 S2  A_FR_FN     seed 29  goal      clr  0.38  t  16.0  inf  62  N 20.0  mpc   2.2 ms  err 0.20
[ 30/300] latency=0.25 S2  A_FR_FN     seed 30  goal      clr  0.37  t  14.3  inf  52  N 20.0  mpc   2.3 ms  err 0.41
[ 31/300] latency=0.25 S2  A_FR_FN     seed 31  goal      clr  0.20  t  14.8  inf  57  N 20.0  mpc   2.2 ms  err 0.45
[ 32/300] latency=0.25 S2  A_FR_FN     seed 32  goal      clr  0.02  t  16.4  inf  60  N 20.0  mpc   2.3 ms  err 0.66
[ 33/300] latency=0.25 S2  A_FR_FN     seed 33  collision clr -0.01  t   7.8  inf  31  N 20.0  mpc   2.5 ms  err 0.76
[ 34/300] latency=0.25 S2  A_FR_FN     seed 34  goal      clr  0.29  t  14.9  inf  57  N 20.0  mpc   2.3 ms  err 0.30
[ 35/300] latency=0.25 S2  A_FR_FN     seed 35  goal      clr  0.09  t  15.1  inf  59  N 20.0  mpc   2.2 ms  err 0.65
[ 36/300] latency=0.25 S2  A_FR_FN     seed 36  goal      clr  0.24  t  16.9  inf  64  N 20.0  mpc   2.4 ms  err 0.39
[ 37/300] latency=0.25 S2  A_FR_FN     seed 37  goal      clr  0.34  t  14.8  inf  58  N 20.0  mpc   2.2 ms  err 0.26
[ 38/300] latency=0.25 S2  A_FR_FN     seed 38  goal      clr  0.38  t  17.8  inf  65  N 20.0  mpc   2.4 ms  err 0.73
[ 39/300] latency=0.25 S2  A_FR_FN     seed 39  goal      clr  0.27  t  14.1  inf  51  N 20.0  mpc   2.4 ms  err 0.62
[ 40/300] latency=0.25 S2  A_FR_FN     seed 40  goal      clr  0.32  t  16.4  inf  63  N 20.0  mpc   2.3 ms  err 0.27
[ 41/300] latency=0.25 S2  A_FR_FN     seed 41  goal      clr  0.16  t  19.0  inf  71  N 20.0  mpc   2.4 ms  err 0.77
[ 42/300] latency=0.25 S2  A_FR_FN     seed 42  goal      clr  0.34  t  13.8  inf  49  N 20.0  mpc   2.2 ms  err 0.21
[ 43/300] latency=0.25 S2  A_FR_FN     seed 43  collision clr -0.00  t   3.5  inf  15  N 20.0  mpc   2.4 ms  err 0.28
[ 44/300] latency=0.25 S2  A_FR_FN     seed 44  goal      clr  0.11  t  15.9  inf  58  N 20.0  mpc   2.3 ms  err 0.45
[ 45/300] latency=0.25 S2  A_FR_FN     seed 45  goal      clr  0.11  t  16.8  inf  64  N 20.0  mpc   2.3 ms  err 0.28
[ 46/300] latency=0.25 S2  A_FR_FN     seed 46  goal      clr  0.41  t  19.1  inf  70  N 20.0  mpc   2.3 ms  err 0.56
[ 47/300] latency=0.25 S2  A_FR_FN     seed 47  goal      clr  0.38  t  14.0  inf  51  N 20.0  mpc   2.2 ms  err 0.58
[ 48/300] latency=0.25 S2  A_FR_FN     seed 48  goal      clr  0.27  t  15.8  inf  61  N 20.0  mpc   2.4 ms  err 0.33
[ 49/300] latency=0.25 S2  A_FR_FN     seed 49  goal      clr  0.35  t  13.3  inf  53  N 20.0  mpc   2.2 ms  err 0.36
[ 50/300] latency=0.25 S2  A_FR_FN     seed 50  goal      clr  0.20  t  17.3  inf  67  N 20.0  mpc   2.4 ms  err 0.37
[ 51/300] latency=0.25 S2  E_DART      seed  1  goal      clr  0.62  t  17.2  inf  47  N 22.7  mpc   3.4 ms  err 0.60
[ 52/300] latency=0.25 S2  E_DART      seed  2  goal      clr  0.65  t  16.2  inf  51  N 25.3  mpc   4.0 ms  err 0.49
[ 53/300] latency=0.25 S2  E_DART      seed  3  goal      clr  0.62  t  14.7  inf  47  N 25.4  mpc   3.7 ms  err 0.26
[ 54/300] latency=0.25 S2  E_DART      seed  4  goal      clr  0.83  t  14.8  inf  45  N 24.1  mpc   3.5 ms  err 0.99
[ 55/300] latency=0.25 S2  E_DART      seed  5  goal      clr  0.71  t  17.0  inf  51  N 22.8  mpc   3.5 ms  err 0.64
[ 56/300] latency=0.25 S2  E_DART      seed  6  goal      clr  0.63  t  15.4  inf  48  N 25.0  mpc   3.8 ms  err 0.71
[ 57/300] latency=0.25 S2  E_DART      seed  7  goal      clr  1.36  t  19.9  inf  58  N 21.5  mpc   3.1 ms  err 0.44
[ 58/300] latency=0.25 S2  E_DART      seed  8  goal      clr  0.95  t  23.2  inf  66  N 21.8  mpc   3.0 ms  err 0.59
[ 59/300] latency=0.25 S2  E_DART      seed  9  goal      clr  0.58  t  16.4  inf  51  N 25.7  mpc   3.8 ms  err 0.59
[ 60/300] latency=0.25 S2  E_DART      seed 10  goal      clr  0.52  t  15.0  inf  49  N 25.6  mpc   4.0 ms  err 0.59
[ 61/300] latency=0.25 S2  E_DART      seed 11  goal      clr  0.36  t  18.9  inf  58  N 24.6  mpc   3.8 ms  err 0.61
[ 62/300] latency=0.25 S2  E_DART      seed 12  goal      clr  0.62  t  17.6  inf  54  N 25.2  mpc   3.7 ms  err 0.48
[ 63/300] latency=0.25 S2  E_DART      seed 13  goal      clr  0.60  t  21.4  inf  70  N 23.4  mpc   3.3 ms  err 0.30
[ 64/300] latency=0.25 S2  E_DART      seed 14  goal      clr  1.98  t  18.8  inf  54  N 20.4  mpc   2.8 ms  err 0.79
[ 65/300] latency=0.25 S2  E_DART      seed 15  goal      clr  0.74  t  14.1  inf  46  N 25.0  mpc   3.5 ms  err 0.47
[ 66/300] latency=0.25 S2  E_DART      seed 16  goal      clr  0.65  t  14.7  inf  48  N 25.4  mpc   3.9 ms  err 0.44
[ 67/300] latency=0.25 S2  E_DART      seed 17  goal      clr  0.42  t  16.3  inf  55  N 24.4  mpc   3.6 ms  err 0.20
[ 68/300] latency=0.25 S2  E_DART      seed 18  goal      clr  0.78  t  15.8  inf  51  N 23.8  mpc   3.5 ms  err 0.67
[ 69/300] latency=0.25 S2  E_DART      seed 19  goal      clr  0.53  t  21.3  inf  70  N 21.3  mpc   3.3 ms  err 0.41
[ 70/300] latency=0.25 S2  E_DART      seed 20  goal      clr  0.77  t  14.9  inf  47  N 24.7  mpc   3.7 ms  err 0.48
[ 71/300] latency=0.25 S2  E_DART      seed 21  goal      clr  0.85  t  14.1  inf  41  N 24.7  mpc   3.4 ms  err 0.40
[ 72/300] latency=0.25 S2  E_DART      seed 22  goal      clr  0.66  t  16.0  inf  52  N 23.7  mpc   3.4 ms  err 0.52
[ 73/300] latency=0.25 S2  E_DART      seed 23  goal      clr  0.47  t  15.3  inf  47  N 24.1  mpc   4.1 ms  err 0.48
[ 74/300] latency=0.25 S2  E_DART      seed 24  goal      clr  0.81  t  22.7  inf  70  N 23.0  mpc   3.6 ms  err 0.27
[ 75/300] latency=0.25 S2  E_DART      seed 25  goal      clr  0.59  t  16.5  inf  54  N 25.9  mpc   3.9 ms  err 0.25
[ 76/300] latency=0.25 S2  E_DART      seed 26  goal      clr  0.97  t  15.8  inf  52  N 25.1  mpc   3.5 ms  err 0.21
[ 77/300] latency=0.25 S2  E_DART      seed 27  goal      clr  0.71  t  15.9  inf  53  N 26.2  mpc   4.1 ms  err 0.26
[ 78/300] latency=0.25 S2  E_DART      seed 28  goal      clr  0.66  t  14.7  inf  49  N 26.3  mpc   3.6 ms  err 0.31
[ 79/300] latency=0.25 S2  E_DART      seed 29  goal      clr  0.87  t  13.3  inf  41  N 24.2  mpc   3.5 ms  err 0.46
[ 80/300] latency=0.25 S2  E_DART      seed 30  goal      clr  0.60  t  17.3  inf  54  N 24.2  mpc   3.4 ms  err 0.50
[ 81/300] latency=0.25 S2  E_DART      seed 31  goal      clr  0.52  t  18.5  inf  53  N 23.2  mpc   3.4 ms  err 0.57
[ 82/300] latency=0.25 S2  E_DART      seed 32  goal      clr  0.83  t  16.6  inf  51  N 24.4  mpc   3.8 ms  err 1.01
[ 83/300] latency=0.25 S2  E_DART      seed 33  goal      clr  0.62  t  14.4  inf  46  N 24.3  mpc   3.7 ms  err 0.88
[ 84/300] latency=0.25 S2  E_DART      seed 34  goal      clr  0.73  t  14.9  inf  47  N 24.6  mpc   3.7 ms  err 0.39
[ 85/300] latency=0.25 S2  E_DART      seed 35  goal      clr  0.90  t  15.1  inf  49  N 24.8  mpc   3.6 ms  err 0.95
[ 86/300] latency=0.25 S2  E_DART      seed 36  goal      clr  0.66  t  14.9  inf  49  N 26.0  mpc   3.8 ms  err 0.43
[ 87/300] latency=0.25 S2  E_DART      seed 37  goal      clr  0.29  t  18.4  inf  61  N 23.6  mpc   3.6 ms  err 0.42
[ 88/300] latency=0.25 S2  E_DART      seed 38  goal      clr  0.59  t  15.3  inf  47  N 25.3  mpc   3.5 ms  err 0.45
[ 89/300] latency=0.25 S2  E_DART      seed 39  goal      clr  0.94  t  13.7  inf  43  N 24.8  mpc   3.5 ms  err 0.68
[ 90/300] latency=0.25 S2  E_DART      seed 40  goal      clr  0.67  t  18.6  inf  58  N 23.5  mpc   3.3 ms  err 0.59
[ 91/300] latency=0.25 S2  E_DART      seed 41  goal      clr  0.63  t  18.8  inf  53  N 23.7  mpc   3.6 ms  err 0.40
[ 92/300] latency=0.25 S2  E_DART      seed 42  goal      clr  0.64  t  18.1  inf  56  N 24.5  mpc   3.6 ms  err 0.38
[ 93/300] latency=0.25 S2  E_DART      seed 43  goal      clr  0.52  t  18.4  inf  58  N 24.2  mpc   3.8 ms  err 0.65
[ 94/300] latency=0.25 S2  E_DART      seed 44  goal      clr  0.80  t  14.7  inf  46  N 25.0  mpc   3.7 ms  err 0.34
[ 95/300] latency=0.25 S2  E_DART      seed 45  goal      clr  0.88  t  17.3  inf  56  N 24.6  mpc   3.5 ms  err 0.24
[ 96/300] latency=0.25 S2  E_DART      seed 46  goal      clr  0.64  t  17.1  inf  53  N 24.8  mpc   3.6 ms  err 0.40
[ 97/300] latency=0.25 S2  E_DART      seed 47  goal      clr  0.89  t  16.5  inf  47  N 22.7  mpc   3.3 ms  err 0.84
[ 98/300] latency=0.25 S2  E_DART      seed 48  goal      clr  0.70  t  14.4  inf  47  N 25.3  mpc   3.7 ms  err 0.86
[ 99/300] latency=0.25 S2  E_DART      seed 49  goal      clr  0.62  t  14.2  inf  46  N 23.9  mpc   3.5 ms  err 0.43
[100/300] latency=0.25 S2  E_DART      seed 50  goal      clr  0.55  t  17.2  inf  59  N 24.2  mpc   3.6 ms  err 0.45
[101/300] latency=0.25 S2  F_NODELAY   seed  1  collision clr -0.03  t   4.3  inf  16  N 26.7  mpc   4.6 ms  err 2.59
[102/300] latency=0.25 S2  F_NODELAY   seed  2  goal      clr  1.11  t  16.6  inf  55  N 23.3  mpc   3.3 ms  err 3.38
[103/300] latency=0.25 S2  F_NODELAY   seed  3  goal      clr  1.84  t  26.9  inf  90  N 18.9  mpc   2.4 ms  err 8.04
[104/300] latency=0.25 S2  F_NODELAY   seed  4  goal      clr  3.27  t  19.2  inf  57  N 18.9  mpc   2.3 ms  err 3.16
[105/300] latency=0.25 S2  F_NODELAY   seed  5  goal      clr  0.46  t  14.4  inf  41  N 22.6  mpc   3.3 ms  err 3.08
[106/300] latency=0.25 S2  F_NODELAY   seed  6  collision clr -0.02  t   8.7  inf  31  N 28.2  mpc   4.7 ms  err 4.20
[107/300] latency=0.25 S2  F_NODELAY   seed  7  goal      clr  0.55  t  21.2  inf  69  N 20.5  mpc   2.7 ms  err 3.72
[108/300] latency=0.25 S2  F_NODELAY   seed  8  goal      clr  2.21  t  19.7  inf  60  N 21.4  mpc   3.0 ms  err 4.51
[109/300] latency=0.25 S2  F_NODELAY   seed  9  goal      clr  0.02  t  25.9  inf  86  N 22.0  mpc   3.4 ms  err 3.30
[110/300] latency=0.25 S2  F_NODELAY   seed 10  goal      clr  0.46  t  16.5  inf  51  N 23.4  mpc   3.3 ms  err 3.47
[111/300] latency=0.25 S2  F_NODELAY   seed 11  goal      clr  1.44  t  20.7  inf  62  N 21.1  mpc   2.6 ms  err 2.61
[112/300] latency=0.25 S2  F_NODELAY   seed 12  goal      clr  0.28  t  23.2  inf  67  N 20.1  mpc   2.6 ms  err 4.47
[113/300] latency=0.25 S2  F_NODELAY   seed 13  goal      clr  0.01  t  27.1  inf  93  N 23.1  mpc   3.9 ms  err 3.56
[114/300] latency=0.25 S2  F_NODELAY   seed 14  collision clr -0.02  t   3.1  inf  11  N 25.5  mpc   3.9 ms  err 2.83
[115/300] latency=0.25 S2  F_NODELAY   seed 15  collision clr -0.02  t   2.8  inf  12  N 24.3  mpc   3.6 ms  err 2.98
[116/300] latency=0.25 S2  F_NODELAY   seed 16  goal      clr  2.68  t  20.7  inf  67  N 20.9  mpc   2.5 ms  err 3.76
[117/300] latency=0.25 S2  F_NODELAY   seed 17  goal      clr  0.93  t  19.6  inf  64  N 22.1  mpc   3.0 ms  err 3.76
[118/300] latency=0.25 S2  F_NODELAY   seed 18  collision clr -0.00  t   4.8  inf  18  N 27.2  mpc   5.6 ms  err 3.19
[119/300] latency=0.25 S2  F_NODELAY   seed 19  goal      clr  0.38  t  21.2  inf  72  N 23.7  mpc   3.7 ms  err 4.15
[120/300] latency=0.25 S2  F_NODELAY   seed 20  collision clr -0.00  t   6.9  inf  25  N 27.7  mpc   4.5 ms  err 3.25
[121/300] latency=0.25 S2  F_NODELAY   seed 21  goal      clr  0.35  t  20.8  inf  67  N 22.3  mpc   3.8 ms  err 3.45
[122/300] latency=0.25 S2  F_NODELAY   seed 22  collision clr -0.02  t   3.1  inf  12  N 24.7  mpc   4.2 ms  err 3.18
[123/300] latency=0.25 S2  F_NODELAY   seed 23  goal      clr  0.52  t  17.8  inf  56  N 20.3  mpc   2.6 ms  err 5.63
[124/300] latency=0.25 S2  F_NODELAY   seed 24  goal      clr  1.83  t  26.2  inf  85  N 18.8  mpc   2.1 ms  err 4.33
[125/300] latency=0.25 S2  F_NODELAY   seed 25  goal      clr  1.41  t  20.9  inf  68  N 21.9  mpc   3.0 ms  err 3.16
[126/300] latency=0.25 S2  F_NODELAY   seed 26  collision clr -0.01  t   3.1  inf  12  N 25.5  mpc   4.3 ms  err 4.17
[127/300] latency=0.25 S2  F_NODELAY   seed 27  collision clr -0.00  t   2.9  inf  11  N 25.5  mpc   5.2 ms  err 2.62
[128/300] latency=0.25 S2  F_NODELAY   seed 28  goal      clr  2.16  t  23.4  inf  70  N 19.1  mpc   2.3 ms  err 3.58
[129/300] latency=0.25 S2  F_NODELAY   seed 29  goal      clr  1.07  t  22.4  inf  68  N 21.1  mpc   3.0 ms  err 3.11
[130/300] latency=0.25 S2  F_NODELAY   seed 30  collision clr -0.01  t  25.8  inf  91  N 24.1  mpc   4.3 ms  err 3.87
[131/300] latency=0.25 S2  F_NODELAY   seed 31  collision clr -0.00  t   5.4  inf  22  N 21.9  mpc   3.8 ms  err 2.37
[132/300] latency=0.25 S2  F_NODELAY   seed 32  goal      clr  0.12  t  24.4  inf  76  N 20.4  mpc   2.8 ms  err 4.39
[133/300] latency=0.25 S2  F_NODELAY   seed 33  goal      clr  0.29  t  21.5  inf  67  N 19.4  mpc   2.4 ms  err 5.21
[134/300] latency=0.25 S2  F_NODELAY   seed 34  collision clr -0.01  t  10.3  inf  39  N 21.7  mpc   3.9 ms  err 3.62
[135/300] latency=0.25 S2  F_NODELAY   seed 35  collision clr -0.03  t   4.1  inf  17  N 27.7  mpc   4.4 ms  err 2.64
[136/300] latency=0.25 S2  F_NODELAY   seed 36  goal      clr  0.99  t  15.7  inf  47  N 21.2  mpc   2.8 ms  err 3.61
[137/300] latency=0.25 S2  F_NODELAY   seed 37  goal      clr  3.34  t  15.2  inf  51  N 22.3  mpc   2.9 ms  err 3.40
[138/300] latency=0.25 S2  F_NODELAY   seed 38  goal      clr  2.19  t  24.4  inf  77  N 20.8  mpc   2.4 ms  err 3.73
[139/300] latency=0.25 S2  F_NODELAY   seed 39  goal      clr  2.89  t  19.9  inf  64  N 20.2  mpc   2.5 ms  err 3.65
[140/300] latency=0.25 S2  F_NODELAY   seed 40  goal      clr  0.48  t  33.0  inf 107  N 20.1  mpc   3.0 ms  err 2.73
[141/300] latency=0.25 S2  F_NODELAY   seed 41  goal      clr  1.83  t  20.0  inf  60  N 19.6  mpc   2.5 ms  err 2.74
[142/300] latency=0.25 S2  F_NODELAY   seed 42  collision clr -0.00  t   3.0  inf  12  N 24.0  mpc   4.6 ms  err 3.86
[143/300] latency=0.25 S2  F_NODELAY   seed 43  goal      clr  0.91  t  15.1  inf  42  N 21.4  mpc   2.7 ms  err 3.03
[144/300] latency=0.25 S2  F_NODELAY   seed 44  goal      clr  0.53  t  18.4  inf  57  N 19.9  mpc   2.5 ms  err 3.23
[145/300] latency=0.25 S2  F_NODELAY   seed 45  goal      clr  0.02  t  25.2  inf  82  N 23.1  mpc   3.3 ms  err 3.88
[146/300] latency=0.25 S2  F_NODELAY   seed 46  goal      clr  2.58  t  15.2  inf  44  N 22.7  mpc   3.1 ms  err 4.74
[147/300] latency=0.25 S2  F_NODELAY   seed 47  goal      clr  0.01  t  30.7  inf 102  N 22.0  mpc   3.2 ms  err 2.81
[148/300] latency=0.25 S2  F_NODELAY   seed 48  goal      clr  0.12  t  19.7  inf  62  N 23.6  mpc   3.5 ms  err 4.14
[149/300] latency=0.25 S2  F_NODELAY   seed 49  goal      clr  0.07  t  17.3  inf  56  N 23.7  mpc   3.4 ms  err 4.44
[150/300] latency=0.25 S2  F_NODELAY   seed 50  goal      clr  0.34  t  22.1  inf  75  N 21.9  mpc   3.4 ms  err 4.07
[151/300] latency=0.25 S2  G_FR_LOW    seed  1  goal      clr  1.76  t  17.8  inf  52  N 21.2  mpc   2.7 ms  err 1.03
[152/300] latency=0.25 S2  G_FR_LOW    seed  2  goal      clr  0.66  t  17.5  inf  51  N 24.4  mpc   3.6 ms  err 0.45
[153/300] latency=0.25 S2  G_FR_LOW    seed  3  goal      clr  0.48  t  17.8  inf  52  N 23.3  mpc   3.3 ms  err 0.62
[154/300] latency=0.25 S2  G_FR_LOW    seed  4  goal      clr  0.69  t  15.3  inf  45  N 25.0  mpc   3.6 ms  err 0.58
[155/300] latency=0.25 S2  G_FR_LOW    seed  5  goal      clr  0.65  t  18.8  inf  53  N 23.8  mpc   3.3 ms  err 0.38
[156/300] latency=0.25 S2  G_FR_LOW    seed  6  goal      clr  0.94  t  14.9  inf  43  N 24.8  mpc   3.2 ms  err 0.99
[157/300] latency=0.25 S2  G_FR_LOW    seed  7  goal      clr  0.75  t  17.1  inf  50  N 23.3  mpc   3.0 ms  err 0.53
[158/300] latency=0.25 S2  G_FR_LOW    seed  8  goal      clr  0.78  t  15.1  inf  44  N 25.5  mpc   3.5 ms  err 0.58
[159/300] latency=0.25 S2  G_FR_LOW    seed  9  goal      clr  0.72  t  15.9  inf  46  N 25.0  mpc   3.4 ms  err 0.56
[160/300] latency=0.25 S2  G_FR_LOW    seed 10  goal      clr  0.78  t  17.5  inf  51  N 24.5  mpc   3.6 ms  err 0.26
[161/300] latency=0.25 S2  G_FR_LOW    seed 11  goal      clr  0.44  t  17.6  inf  50  N 25.1  mpc   3.7 ms  err 0.58
[162/300] latency=0.25 S2  G_FR_LOW    seed 12  goal      clr  0.63  t  16.9  inf  49  N 25.8  mpc   3.7 ms  err 0.46
[163/300] latency=0.25 S2  G_FR_LOW    seed 13  goal      clr  0.70  t  15.9  inf  47  N 25.4  mpc   3.4 ms  err 0.35
[164/300] latency=0.25 S2  G_FR_LOW    seed 14  goal      clr  0.77  t  15.2  inf  44  N 24.8  mpc   3.4 ms  err 0.27
[165/300] latency=0.25 S2  G_FR_LOW    seed 15  goal      clr  0.88  t  13.7  inf  40  N 25.1  mpc   3.5 ms  err 0.53
[166/300] latency=0.25 S2  G_FR_LOW    seed 16  goal      clr  0.67  t  14.9  inf  44  N 25.7  mpc   3.9 ms  err 0.65
[167/300] latency=0.25 S2  G_FR_LOW    seed 17  goal      clr  0.83  t  15.0  inf  44  N 25.2  mpc   3.6 ms  err 0.25
[168/300] latency=0.25 S2  G_FR_LOW    seed 18  goal      clr  0.73  t  15.4  inf  45  N 23.7  mpc   3.5 ms  err 0.72
[169/300] latency=0.25 S2  G_FR_LOW    seed 19  goal      clr  0.49  t  20.3  inf  60  N 23.2  mpc   3.4 ms  err 0.75
[170/300] latency=0.25 S2  G_FR_LOW    seed 20  goal      clr  0.74  t  15.6  inf  46  N 23.3  mpc   3.4 ms  err 0.61
[171/300] latency=0.25 S2  G_FR_LOW    seed 21  goal      clr  0.80  t  13.8  inf  40  N 24.7  mpc   3.3 ms  err 0.35
[172/300] latency=0.25 S2  G_FR_LOW    seed 22  goal      clr  0.66  t  15.8  inf  47  N 23.4  mpc   3.3 ms  err 0.62
[173/300] latency=0.25 S2  G_FR_LOW    seed 23  goal      clr  0.53  t  16.7  inf  49  N 24.8  mpc   3.8 ms  err 0.47
[174/300] latency=0.25 S2  G_FR_LOW    seed 24  goal      clr  0.52  t  15.9  inf  47  N 25.2  mpc   3.7 ms  err 0.46
[175/300] latency=0.25 S2  G_FR_LOW    seed 25  goal      clr  0.67  t  16.9  inf  49  N 25.3  mpc   3.5 ms  err 0.35
[176/300] latency=0.25 S2  G_FR_LOW    seed 26  goal      clr  0.68  t  17.0  inf  50  N 23.3  mpc   3.1 ms  err 0.51
[177/300] latency=0.25 S2  G_FR_LOW    seed 27  goal      clr  0.69  t  20.3  inf  58  N 23.4  mpc   3.4 ms  err 0.16
[178/300] latency=0.25 S2  G_FR_LOW    seed 28  goal      clr  0.71  t  14.5  inf  43  N 26.3  mpc   3.6 ms  err 0.32
[179/300] latency=0.25 S2  G_FR_LOW    seed 29  goal      clr  0.72  t  15.4  inf  46  N 25.4  mpc   3.6 ms  err 0.25
[180/300] latency=0.25 S2  G_FR_LOW    seed 30  goal      clr  0.65  t  18.7  inf  54  N 23.6  mpc   3.4 ms  err 0.53
[181/300] latency=0.25 S2  G_FR_LOW    seed 31  goal      clr  0.72  t  19.8  inf  58  N 22.7  mpc   3.4 ms  err 0.52
[182/300] latency=0.25 S2  G_FR_LOW    seed 32  goal      clr  1.79  t  17.8  inf  52  N 23.0  mpc   3.1 ms  err 0.77
[183/300] latency=0.25 S2  G_FR_LOW    seed 33  goal      clr  0.93  t  13.7  inf  40  N 25.3  mpc   3.8 ms  err 0.98
[184/300] latency=0.25 S2  G_FR_LOW    seed 34  goal      clr  0.57  t  15.2  inf  44  N 24.8  mpc   3.7 ms  err 0.68
[185/300] latency=0.25 S2  G_FR_LOW    seed 35  goal      clr  1.35  t  16.5  inf  49  N 22.2  mpc   2.6 ms  err 1.00
[186/300] latency=0.25 S2  G_FR_LOW    seed 36  goal      clr  0.96  t  15.2  inf  44  N 23.1  mpc   3.3 ms  err 0.58
[187/300] latency=0.25 S2  G_FR_LOW    seed 37  goal      clr  0.64  t  15.2  inf  45  N 25.8  mpc   3.7 ms  err 0.35
[188/300] latency=0.25 S2  G_FR_LOW    seed 38  goal      clr  1.22  t  16.1  inf  47  N 25.2  mpc   3.5 ms  err 0.72
[189/300] latency=0.25 S2  G_FR_LOW    seed 39  goal      clr  0.77  t  13.8  inf  40  N 24.9  mpc   3.4 ms  err 0.47
[190/300] latency=0.25 S2  G_FR_LOW    seed 40  goal      clr  1.45  t  17.4  inf  51  N 22.8  mpc   3.2 ms  err 0.98
[191/300] latency=0.25 S2  G_FR_LOW    seed 41  goal      clr  0.60  t  18.6  inf  55  N 24.6  mpc   3.4 ms  err 0.28
[192/300] latency=0.25 S2  G_FR_LOW    seed 42  goal      clr  0.66  t  17.7  inf  51  N 23.9  mpc   3.4 ms  err 0.39
[193/300] latency=0.25 S2  G_FR_LOW    seed 43  goal      clr  0.71  t  18.1  inf  53  N 24.4  mpc   3.7 ms  err 0.58
[194/300] latency=0.25 S2  G_FR_LOW    seed 44  goal      clr  0.81  t  14.6  inf  42  N 24.7  mpc   3.6 ms  err 0.54
[195/300] latency=0.25 S2  G_FR_LOW    seed 45  goal      clr  0.72  t  15.4  inf  45  N 25.7  mpc   3.5 ms  err 0.36
[196/300] latency=0.25 S2  G_FR_LOW    seed 46  goal      clr  0.76  t  17.1  inf  50  N 23.8  mpc   3.3 ms  err 0.57
[197/300] latency=0.25 S2  G_FR_LOW    seed 47  goal      clr  0.78  t  16.1  inf  47  N 24.5  mpc   3.6 ms  err 1.06
[198/300] latency=0.25 S2  G_FR_LOW    seed 48  goal      clr  0.44  t  19.1  inf  56  N 23.9  mpc   3.5 ms  err 0.31
[199/300] latency=0.25 S2  G_FR_LOW    seed 49  goal      clr  0.85  t  14.0  inf  41  N 25.6  mpc   3.5 ms  err 0.28
[200/300] latency=0.25 S2  G_FR_LOW    seed 50  goal      clr  0.62  t  18.3  inf  54  N 24.3  mpc   3.5 ms  err 0.36
[201/300] latency=0.25 S2  FR_SAFE_5   seed  1  goal      clr  0.55  t  17.3  inf  63  N 21.8  mpc   3.1 ms  err 0.51
[202/300] latency=0.25 S2  FR_SAFE_5   seed  2  goal      clr  0.54  t  16.2  inf  60  N 25.0  mpc   3.6 ms  err 0.51
[203/300] latency=0.25 S2  FR_SAFE_5   seed  3  goal      clr  0.54  t  15.7  inf  58  N 25.2  mpc   3.6 ms  err 0.47
[204/300] latency=0.25 S2  FR_SAFE_5   seed  4  goal      clr  0.82  t  17.8  inf  67  N 25.0  mpc   3.6 ms  err 0.44
[205/300] latency=0.25 S2  FR_SAFE_5   seed  5  goal      clr  0.62  t  15.2  inf  52  N 24.9  mpc   3.5 ms  err 0.62
[206/300] latency=0.25 S2  FR_SAFE_5   seed  6  goal      clr  0.56  t  16.1  inf  58  N 24.1  mpc   3.2 ms  err 0.51
[207/300] latency=0.25 S2  FR_SAFE_5   seed  7  goal      clr  0.65  t  17.0  inf  62  N 23.5  mpc   3.1 ms  err 0.33
[208/300] latency=0.25 S2  FR_SAFE_5   seed  8  goal      clr  0.65  t  23.0  inf  87  N 21.2  mpc   2.9 ms  err 0.24
[209/300] latency=0.25 S2  FR_SAFE_5   seed  9  goal      clr  0.54  t  22.1  inf  83  N 25.5  mpc   3.8 ms  err 0.46
[210/300] latency=0.25 S2  FR_SAFE_5   seed 10  goal      clr  0.54  t  14.8  inf  56  N 26.0  mpc   4.0 ms  err 0.77
[211/300] latency=0.25 S2  FR_SAFE_5   seed 11  goal      clr  0.66  t  16.5  inf  61  N 25.3  mpc   3.6 ms  err 0.31
[212/300] latency=0.25 S2  FR_SAFE_5   seed 12  goal      clr  0.64  t  24.9  inf  89  N 24.1  mpc   3.4 ms  err 0.92
[213/300] latency=0.25 S2  FR_SAFE_5   seed 13  goal      clr  0.45  t  15.9  inf  61  N 25.0  mpc   3.6 ms  err 0.40
[214/300] latency=0.25 S2  FR_SAFE_5   seed 14  goal      clr  0.85  t  17.8  inf  66  N 20.7  mpc   2.9 ms  err 0.45
[215/300] latency=0.25 S2  FR_SAFE_5   seed 15  goal      clr  0.66  t  15.8  inf  59  N 24.5  mpc   3.4 ms  err 0.60
[216/300] latency=0.25 S2  FR_SAFE_5   seed 16  goal      clr  0.69  t  16.6  inf  62  N 23.5  mpc   3.6 ms  err 0.98
[217/300] latency=0.25 S2  FR_SAFE_5   seed 17  goal      clr  0.36  t  17.4  inf  67  N 23.6  mpc   3.4 ms  err 0.26
[218/300] latency=0.25 S2  FR_SAFE_5   seed 18  goal      clr  0.69  t  16.3  inf  64  N 23.0  mpc   3.4 ms  err 0.83
[219/300] latency=0.25 S2  FR_SAFE_5   seed 19  goal      clr  0.62  t  16.9  inf  66  N 24.6  mpc   3.5 ms  err 0.35
[220/300] latency=0.25 S2  FR_SAFE_5   seed 20  goal      clr  0.67  t  17.5  inf  66  N 24.0  mpc   3.4 ms  err 0.46
[221/300] latency=0.25 S2  FR_SAFE_5   seed 21  goal      clr  0.76  t  13.8  inf  49  N 24.9  mpc   3.3 ms  err 0.35
[222/300] latency=0.25 S2  FR_SAFE_5   seed 22  goal      clr  0.65  t  15.7  inf  61  N 23.5  mpc   3.1 ms  err 0.56
[223/300] latency=0.25 S2  FR_SAFE_5   seed 23  goal      clr  0.47  t  15.6  inf  57  N 24.4  mpc   3.7 ms  err 0.35
[224/300] latency=0.25 S2  FR_SAFE_5   seed 24  goal      clr  0.80  t  17.2  inf  63  N 24.6  mpc   3.5 ms  err 0.25
[225/300] latency=0.25 S2  FR_SAFE_5   seed 25  goal      clr  0.42  t  19.0  inf  70  N 23.7  mpc   3.5 ms  err 0.55
[226/300] latency=0.25 S2  FR_SAFE_5   seed 26  goal      clr  0.97  t  15.9  inf  61  N 24.9  mpc   3.3 ms  err 0.39
[227/300] latency=0.25 S2  FR_SAFE_5   seed 27  goal      clr  0.70  t  20.1  inf  74  N 25.0  mpc   3.8 ms  err 0.25
[228/300] latency=0.25 S2  FR_SAFE_5   seed 28  goal      clr  0.69  t  14.4  inf  53  N 26.2  mpc   3.5 ms  err 0.27
[229/300] latency=0.25 S2  FR_SAFE_5   seed 29  goal      clr  0.75  t  13.7  inf  52  N 24.9  mpc   3.5 ms  err 0.49
[230/300] latency=0.25 S2  FR_SAFE_5   seed 30  goal      clr  0.64  t  17.2  inf  61  N 24.2  mpc   3.3 ms  err 0.49
[231/300] latency=0.25 S2  FR_SAFE_5   seed 31  goal      clr  0.82  t  15.6  inf  60  N 25.3  mpc   3.5 ms  err 0.27
[232/300] latency=0.25 S2  FR_SAFE_5   seed 32  goal      clr  0.60  t  17.6  inf  63  N 23.6  mpc   3.3 ms  err 0.63
[233/300] latency=0.25 S2  FR_SAFE_5   seed 33  goal      clr  1.46  t  14.3  inf  55  N 23.9  mpc   3.5 ms  err 0.63
[234/300] latency=0.25 S2  FR_SAFE_5   seed 34  goal      clr  0.73  t  14.9  inf  56  N 25.0  mpc   3.4 ms  err 0.44
[235/300] latency=0.25 S2  FR_SAFE_5   seed 35  goal      clr  0.84  t  15.3  inf  59  N 24.5  mpc   3.4 ms  err 0.87
[236/300] latency=0.25 S2  FR_SAFE_5   seed 36  goal      clr  1.13  t  17.2  inf  65  N 23.5  mpc   3.3 ms  err 0.47
[237/300] latency=0.25 S2  FR_SAFE_5   seed 37  goal      clr  0.74  t  16.2  inf  63  N 25.1  mpc   3.6 ms  err 0.56
[238/300] latency=0.25 S2  FR_SAFE_5   seed 38  goal      clr  0.59  t  22.7  inf  83  N 24.2  mpc   3.7 ms  err 0.60
[239/300] latency=0.25 S2  FR_SAFE_5   seed 39  goal      clr  0.63  t  17.4  inf  62  N 25.1  mpc   3.7 ms  err 0.69
[240/300] latency=0.25 S2  FR_SAFE_5   seed 40  goal      clr  0.55  t  18.7  inf  70  N 22.5  mpc   3.1 ms  err 0.80
[241/300] latency=0.25 S2  FR_SAFE_5   seed 41  goal      clr  0.76  t  14.7  inf  54  N 25.7  mpc   3.6 ms  err 0.29
[242/300] latency=0.25 S2  FR_SAFE_5   seed 42  goal      clr  0.57  t  16.6  inf  60  N 23.6  mpc   3.4 ms  err 0.33
[243/300] latency=0.25 S2  FR_SAFE_5   seed 43  goal      clr  0.70  t  16.5  inf  64  N 25.0  mpc   3.3 ms  err 0.23
[244/300] latency=0.25 S2  FR_SAFE_5   seed 44  goal      clr  0.74  t  15.5  inf  56  N 24.7  mpc   3.5 ms  err 0.47
[245/300] latency=0.25 S2  FR_SAFE_5   seed 45  goal      clr  0.83  t  16.9  inf  64  N 24.5  mpc   3.4 ms  err 0.27
[246/300] latency=0.25 S2  FR_SAFE_5   seed 46  goal      clr  0.74  t  16.3  inf  60  N 23.9  mpc   3.3 ms  err 0.48
[247/300] latency=0.25 S2  FR_SAFE_5   seed 47  goal      clr  0.86  t  16.6  inf  61  N 23.5  mpc   3.2 ms  err 0.74
[248/300] latency=0.25 S2  FR_SAFE_5   seed 48  goal      clr  0.75  t  18.8  inf  72  N 25.3  mpc   3.6 ms  err 0.18
[249/300] latency=0.25 S2  FR_SAFE_5   seed 49  goal      clr  0.89  t  14.1  inf  55  N 25.0  mpc   3.5 ms  err 0.40
[250/300] latency=0.25 S2  FR_SAFE_5   seed 50  goal      clr  0.65  t  16.2  inf  63  N 25.0  mpc   3.6 ms  err 0.39
[251/300] latency=0.25 S2  FR_SAFE_10  seed  1  goal      clr  0.63  t  16.1  inf  60  N 23.0  mpc   3.2 ms  err 0.79
[252/300] latency=0.25 S2  FR_SAFE_10  seed  2  goal      clr  0.54  t  15.9  inf  59  N 24.9  mpc   3.6 ms  err 0.44
[253/300] latency=0.25 S2  FR_SAFE_10  seed  3  goal      clr  0.62  t  14.7  inf  55  N 25.4  mpc   3.6 ms  err 0.26
[254/300] latency=0.25 S2  FR_SAFE_10  seed  4  goal      clr  0.81  t  14.5  inf  54  N 24.6  mpc   3.6 ms  err 0.91
[255/300] latency=0.25 S2  FR_SAFE_10  seed  5  goal      clr  0.84  t  17.3  inf  59  N 23.4  mpc   3.3 ms  err 0.66
[256/300] latency=0.25 S2  FR_SAFE_10  seed  6  goal      clr  0.61  t  15.3  inf  55  N 25.8  mpc   3.6 ms  err 0.88
[257/300] latency=0.25 S2  FR_SAFE_10  seed  7  goal      clr  0.69  t  20.2  inf  75  N 23.6  mpc   3.4 ms  err 0.44
[258/300] latency=0.25 S2  FR_SAFE_10  seed  8  goal      clr  0.59  t  23.4  inf  88  N 22.5  mpc   3.1 ms  err 0.29
[259/300] latency=0.25 S2  FR_SAFE_10  seed  9  goal      clr  0.62  t  16.5  inf  61  N 24.8  mpc   3.4 ms  err 0.35
[260/300] latency=0.25 S2  FR_SAFE_10  seed 10  goal      clr  0.52  t  15.0  inf  57  N 25.7  mpc   3.8 ms  err 0.52
[261/300] latency=0.25 S2  FR_SAFE_10  seed 11  goal      clr  0.36  t  18.6  inf  68  N 25.0  mpc   3.6 ms  err 0.56
[262/300] latency=0.25 S2  FR_SAFE_10  seed 12  goal      clr  0.71  t  25.0  inf  90  N 23.3  mpc   3.3 ms  err 1.05
[263/300] latency=0.25 S2  FR_SAFE_10  seed 13  goal      clr  0.74  t  19.7  inf  75  N 23.9  mpc   3.4 ms  err 0.34
[264/300] latency=0.25 S2  FR_SAFE_10  seed 14  goal      clr  0.69  t  17.8  inf  66  N 20.7  mpc   2.9 ms  err 0.51
[265/300] latency=0.25 S2  FR_SAFE_10  seed 15  goal      clr  0.75  t  14.1  inf  53  N 24.9  mpc   3.4 ms  err 0.51
[266/300] latency=0.25 S2  FR_SAFE_10  seed 16  goal      clr  0.69  t  14.6  inf  55  N 25.7  mpc   4.1 ms  err 0.62
[267/300] latency=0.25 S2  FR_SAFE_10  seed 17  goal      clr  0.40  t  17.5  inf  69  N 22.5  mpc   3.2 ms  err 0.87
[268/300] latency=0.25 S2  FR_SAFE_10  seed 18  goal      clr  0.76  t  15.6  inf  62  N 24.5  mpc   3.5 ms  err 0.88
[269/300] latency=0.25 S2  FR_SAFE_10  seed 19  goal      clr  0.60  t  20.8  inf  80  N 22.9  mpc   3.4 ms  err 0.37
[270/300] latency=0.25 S2  FR_SAFE_10  seed 20  goal      clr  0.64  t  15.0  inf  56  N 25.1  mpc   3.6 ms  err 0.57
[271/300] latency=0.25 S2  FR_SAFE_10  seed 21  goal      clr  0.85  t  14.1  inf  50  N 24.7  mpc   3.4 ms  err 0.42
[272/300] latency=0.25 S2  FR_SAFE_10  seed 22  goal      clr  0.61  t  15.6  inf  61  N 23.3  mpc   3.2 ms  err 0.59
[273/300] latency=0.25 S2  FR_SAFE_10  seed 23  goal      clr  0.47  t  15.3  inf  57  N 24.5  mpc   3.8 ms  err 0.65
[274/300] latency=0.25 S2  FR_SAFE_10  seed 24  goal      clr  0.80  t  17.2  inf  64  N 24.7  mpc   3.6 ms  err 0.24
[275/300] latency=0.25 S2  FR_SAFE_10  seed 25  goal      clr  0.52  t  16.4  inf  61  N 25.5  mpc   3.6 ms  err 0.35
[276/300] latency=0.25 S2  FR_SAFE_10  seed 26  goal      clr  0.78  t  16.4  inf  64  N 24.7  mpc   3.4 ms  err 0.40
[277/300] latency=0.25 S2  FR_SAFE_10  seed 27  goal      clr  0.56  t  19.3  inf  71  N 26.2  mpc   4.2 ms  err 0.31
[278/300] latency=0.25 S2  FR_SAFE_10  seed 28  goal      clr  0.69  t  14.3  inf  54  N 26.2  mpc   3.7 ms  err 0.31
[279/300] latency=0.25 S2  FR_SAFE_10  seed 29  goal      clr  0.92  t  13.3  inf  51  N 25.0  mpc   3.5 ms  err 0.72
[280/300] latency=0.25 S2  FR_SAFE_10  seed 30  goal      clr  0.61  t  17.5  inf  62  N 24.6  mpc   3.6 ms  err 0.54
[281/300] latency=0.25 S2  FR_SAFE_10  seed 31  goal      clr  0.61  t  18.2  inf  70  N 23.1  mpc   3.3 ms  err 0.36
[282/300] latency=0.25 S2  FR_SAFE_10  seed 32  goal      clr  0.63  t  19.8  inf  72  N 23.6  mpc   3.3 ms  err 0.81
[283/300] latency=0.25 S2  FR_SAFE_10  seed 33  goal      clr  0.62  t  13.9  inf  54  N 24.7  mpc   3.7 ms  err 0.78
[284/300] latency=0.25 S2  FR_SAFE_10  seed 34  goal      clr  0.73  t  14.9  inf  57  N 24.8  mpc   3.5 ms  err 0.36
[285/300] latency=0.25 S2  FR_SAFE_10  seed 35  goal      clr  0.89  t  15.2  inf  60  N 25.6  mpc   3.7 ms  err 0.91
[286/300] latency=0.25 S2  FR_SAFE_10  seed 36  goal      clr  0.77  t  15.0  inf  57  N 26.1  mpc   3.8 ms  err 0.55
[287/300] latency=0.25 S2  FR_SAFE_10  seed 37  goal      clr  0.58  t  16.1  inf  63  N 25.0  mpc   3.8 ms  err 0.28
[288/300] latency=0.25 S2  FR_SAFE_10  seed 38  goal      clr  0.59  t  15.3  inf  56  N 25.3  mpc   3.5 ms  err 0.45
[289/300] latency=0.25 S2  FR_SAFE_10  seed 39  goal      clr  0.99  t  13.9  inf  50  N 24.8  mpc   3.5 ms  err 0.62
[290/300] latency=0.25 S2  FR_SAFE_10  seed 40  goal      clr  0.93  t  17.7  inf  67  N 22.7  mpc   3.1 ms  err 0.71
[291/300] latency=0.25 S2  FR_SAFE_10  seed 41  goal      clr  0.78  t  14.9  inf  55  N 25.2  mpc   3.6 ms  err 0.40
[292/300] latency=0.25 S2  FR_SAFE_10  seed 42  goal      clr  0.77  t  16.6  inf  60  N 23.4  mpc   3.2 ms  err 0.66
[293/300] latency=0.25 S2  FR_SAFE_10  seed 43  goal      clr  0.89  t  20.6  inf  78  N 23.2  mpc   3.4 ms  err 0.72
[294/300] latency=0.25 S2  FR_SAFE_10  seed 44  goal      clr  0.75  t  14.3  inf  53  N 24.6  mpc   3.5 ms  err 0.36
[295/300] latency=0.25 S2  FR_SAFE_10  seed 45  goal      clr  0.68  t  14.7  inf  56  N 25.1  mpc   3.5 ms  err 0.45
[296/300] latency=0.25 S2  FR_SAFE_10  seed 46  goal      clr  0.72  t  15.2  inf  57  N 24.6  mpc   3.4 ms  err 0.54
[297/300] latency=0.25 S2  FR_SAFE_10  seed 47  goal      clr  0.86  t  16.6  inf  61  N 23.6  mpc   3.3 ms  err 0.74
[298/300] latency=0.25 S2  FR_SAFE_10  seed 48  goal      clr  0.53  t  18.6  inf  72  N 25.3  mpc   3.9 ms  err 0.46
[299/300] latency=0.25 S2  FR_SAFE_10  seed 49  goal      clr  0.78  t  14.3  inf  56  N 24.7  mpc   3.5 ms  err 0.48
[300/300] latency=0.25 S2  FR_SAFE_10  seed 50  goal      clr  0.63  t  16.1  inf  62  N 24.6  mpc   3.6 ms  err 0.35
