[  1/300] latency=0.1 S2  A_FR_FN     seed  1  goal      clr  0.21  t  16.8  inf 139  N 20.0  mpc   5.8 ms  err 0.45
[  2/300] latency=0.1 S2  A_FR_FN     seed  2  goal      clr  0.47  t  13.6  inf 113  N 20.0  mpc   5.3 ms  err 0.29
[  3/300] latency=0.1 S2  A_FR_FN     seed  3  goal      clr  0.27  t  19.8  inf 165  N 20.0  mpc   4.5 ms  err 0.34
[  4/300] latency=0.1 S2  A_FR_FN     seed  4  goal      clr  0.49  t  15.1  inf 129  N 20.0  mpc   4.3 ms  err 0.60
[  5/300] latency=0.1 S2  A_FR_FN     seed  5  goal      clr  0.21  t  19.1  inf 152  N 20.0  mpc   4.4 ms  err 0.53
[  6/300] latency=0.1 S2  A_FR_FN     seed  6  goal      clr  0.50  t  15.5  inf 127  N 20.0  mpc   4.3 ms  err 0.23
[  7/300] latency=0.1 S2  A_FR_FN     seed  7  goal      clr  0.38  t  15.3  inf 124  N 20.0  mpc   4.2 ms  err 0.44
[  8/300] latency=0.1 S2  A_FR_FN     seed  8  goal      clr  0.44  t  15.4  inf 128  N 20.0  mpc   4.3 ms  err 0.41
[  9/300] latency=0.1 S2  A_FR_FN     seed  9  goal      clr  0.29  t  17.0  inf 141  N 20.0  mpc   4.5 ms  err 0.48
[ 10/300] latency=0.1 S2  A_FR_FN     seed 10  goal      clr  0.33  t  15.3  inf 123  N 20.0  mpc   4.5 ms  err 0.30
[ 11/300] latency=0.1 S2  A_FR_FN     seed 11  goal      clr  0.05  t  15.6  inf 125  N 20.0  mpc   4.4 ms  err 0.26
[ 12/300] latency=0.1 S2  A_FR_FN     seed 12  goal      clr  0.39  t  15.2  inf 123  N 20.0  mpc   4.2 ms  err 0.61
[ 13/300] latency=0.1 S2  A_FR_FN     seed 13  goal      clr  0.43  t  14.9  inf 123  N 20.0  mpc   4.2 ms  err 0.44
[ 14/300] latency=0.1 S2  A_FR_FN     seed 14  goal      clr  0.34  t  15.5  inf 127  N 20.0  mpc   4.3 ms  err 0.22
[ 15/300] latency=0.1 S2  A_FR_FN     seed 15  goal      clr  0.14  t  17.9  inf 145  N 20.0  mpc   4.4 ms  err 0.48
[ 16/300] latency=0.1 S2  A_FR_FN     seed 16  goal      clr  0.49  t  15.6  inf 130  N 20.0  mpc   4.3 ms  err 1.22
[ 17/300] latency=0.1 S2  A_FR_FN     seed 17  goal      clr  0.30  t  14.8  inf 127  N 20.0  mpc   4.2 ms  err 0.21
[ 18/300] latency=0.1 S2  A_FR_FN     seed 18  goal      clr  0.38  t  14.8  inf 124  N 20.0  mpc   4.3 ms  err 0.68
[ 19/300] latency=0.1 S2  A_FR_FN     seed 19  goal      clr  0.27  t  16.6  inf 140  N 20.0  mpc   4.3 ms  err 0.61
[ 20/300] latency=0.1 S2  A_FR_FN     seed 20  goal      clr  0.52  t  13.6  inf 112  N 20.0  mpc   4.3 ms  err 0.43
[ 21/300] latency=0.1 S2  A_FR_FN     seed 21  goal      clr  0.39  t  15.3  inf 123  N 20.0  mpc   4.5 ms  err 0.41
[ 22/300] latency=0.1 S2  A_FR_FN     seed 22  goal      clr  0.35  t  19.6  inf 164  N 20.0  mpc   4.4 ms  err 0.30
[ 23/300] latency=0.1 S2  A_FR_FN     seed 23  goal      clr  0.34  t  18.9  inf 153  N 20.0  mpc   4.4 ms  err 0.30
[ 24/300] latency=0.1 S2  A_FR_FN     seed 24  goal      clr  0.47  t  17.6  inf 145  N 20.0  mpc   4.2 ms  err 0.62
[ 25/300] latency=0.1 S2  A_FR_FN     seed 25  goal      clr  0.38  t  16.5  inf 135  N 20.0  mpc   4.1 ms  err 0.66
[ 26/300] latency=0.1 S2  A_FR_FN     seed 26  goal      clr  0.30  t  17.7  inf 145  N 20.0  mpc   4.2 ms  err 0.28
[ 27/300] latency=0.1 S2  A_FR_FN     seed 27  goal      clr  0.30  t  14.4  inf 117  N 20.0  mpc   4.2 ms  err 0.36
[ 28/300] latency=0.1 S2  A_FR_FN     seed 28  goal      clr  0.45  t  13.6  inf 113  N 20.0  mpc   4.0 ms  err 0.39
[ 29/300] latency=0.1 S2  A_FR_FN     seed 29  goal      clr  0.31  t  15.0  inf 124  N 20.0  mpc   4.1 ms  err 0.23
[ 30/300] latency=0.1 S2  A_FR_FN     seed 30  goal      clr  0.16  t  15.7  inf 125  N 20.0  mpc   4.3 ms  err 0.57
[ 31/300] latency=0.1 S2  A_FR_FN     seed 31  goal      clr  0.35  t  15.5  inf 128  N 20.0  mpc   4.2 ms  err 0.47
[ 32/300] latency=0.1 S2  A_FR_FN     seed 32  goal      clr  0.29  t  16.0  inf 130  N 20.0  mpc   4.4 ms  err 0.56
[ 33/300] latency=0.1 S2  A_FR_FN     seed 33  goal      clr  0.20  t  16.5  inf 135  N 20.0  mpc   4.5 ms  err 0.41
[ 34/300] latency=0.1 S2  A_FR_FN     seed 34  goal      clr  0.43  t  15.2  inf 129  N 20.0  mpc   4.4 ms  err 0.37
[ 35/300] latency=0.1 S2  A_FR_FN     seed 35  goal      clr  0.45  t  13.6  inf 115  N 20.0  mpc   4.3 ms  err 0.29
[ 36/300] latency=0.1 S2  A_FR_FN     seed 36  collision clr -0.00  t   4.7  inf  38  N 20.0  mpc   4.7 ms  err 0.21
[ 37/300] latency=0.1 S2  A_FR_FN     seed 37  goal      clr  0.43  t  14.7  inf 123  N 20.0  mpc   4.4 ms  err 0.35
[ 38/300] latency=0.1 S2  A_FR_FN     seed 38  goal      clr  0.50  t  16.6  inf 136  N 20.0  mpc   4.4 ms  err 0.71
[ 39/300] latency=0.1 S2  A_FR_FN     seed 39  goal      clr  0.58  t  13.5  inf 107  N 20.0  mpc   4.2 ms  err 0.54
[ 40/300] latency=0.1 S2  A_FR_FN     seed 40  goal      clr  0.20  t  16.3  inf 136  N 20.0  mpc   4.2 ms  err 0.23
[ 41/300] latency=0.1 S2  A_FR_FN     seed 41  goal      clr  0.24  t  17.3  inf 142  N 20.0  mpc   4.6 ms  err 0.41
[ 42/300] latency=0.1 S2  A_FR_FN     seed 42  goal      clr  0.12  t  15.1  inf 123  N 20.0  mpc   4.4 ms  err 0.40
[ 43/300] latency=0.1 S2  A_FR_FN     seed 43  goal      clr  0.06  t  15.3  inf 125  N 20.0  mpc   4.4 ms  err 0.36
[ 44/300] latency=0.1 S2  A_FR_FN     seed 44  goal      clr  0.15  t  15.9  inf 130  N 20.0  mpc   4.6 ms  err 0.39
[ 45/300] latency=0.1 S2  A_FR_FN     seed 45  goal      clr  0.43  t  15.0  inf 125  N 20.0  mpc   4.4 ms  err 0.45
[ 46/300] latency=0.1 S2  A_FR_FN     seed 46  goal      clr  0.42  t  19.1  inf 155  N 20.0  mpc   4.5 ms  err 0.65
[ 47/300] latency=0.1 S2  A_FR_FN     seed 47  goal      clr  0.13  t  15.3  inf 124  N 20.0  mpc   4.5 ms  err 0.34
[ 48/300] latency=0.1 S2  A_FR_FN     seed 48  goal      clr  0.11  t  20.4  inf 172  N 20.0  mpc   4.6 ms  err 0.52
[ 49/300] latency=0.1 S2  A_FR_FN     seed 49  goal      clr  0.35  t  15.3  inf 130  N 20.0  mpc   4.3 ms  err 0.27
[ 50/300] latency=0.1 S2  A_FR_FN     seed 50  goal      clr  0.51  t  15.7  inf 132  N 20.0  mpc   4.3 ms  err 0.44
[ 51/300] latency=0.1 S2  E_DART      seed  1  goal      clr  0.60  t  14.2  inf  83  N 23.8  mpc   6.5 ms  err 0.41
[ 52/300] latency=0.1 S2  E_DART      seed  2  goal      clr  0.56  t  16.0  inf  93  N 24.8  mpc   6.6 ms  err 0.42
[ 53/300] latency=0.1 S2  E_DART      seed  3  goal      clr  0.63  t  17.4  inf 110  N 24.5  mpc   6.5 ms  err 0.27
[ 54/300] latency=0.1 S2  E_DART      seed  4  goal      clr  0.61  t  16.1  inf  99  N 25.4  mpc   6.9 ms  err 0.40
[ 55/300] latency=0.1 S2  E_DART      seed  5  goal      clr  0.39  t  17.2  inf 102  N 25.1  mpc   7.3 ms  err 0.37
[ 56/300] latency=0.1 S2  E_DART      seed  6  goal      clr  0.67  t  18.5  inf  98  N 22.2  mpc   6.0 ms  err 0.54
[ 57/300] latency=0.1 S2  E_DART      seed  7  goal      clr  0.81  t  14.4  inf  78  N 24.9  mpc   6.2 ms  err 0.23
[ 58/300] latency=0.1 S2  E_DART      seed  8  goal      clr  0.70  t  14.8  inf  83  N 24.4  mpc   6.3 ms  err 0.36
[ 59/300] latency=0.1 S2  E_DART      seed  9  goal      clr  0.15  t  21.7  inf 133  N 24.2  mpc   6.7 ms  err 0.57
[ 60/300] latency=0.1 S2  E_DART      seed 10  goal      clr  0.70  t  20.3  inf 112  N 22.2  mpc   5.7 ms  err 0.27
[ 61/300] latency=0.1 S2  E_DART      seed 11  goal      clr  0.44  t  15.7  inf  99  N 25.7  mpc   7.0 ms  err 0.27
[ 62/300] latency=0.1 S2  E_DART      seed 12  goal      clr  0.72  t  17.9  inf  99  N 24.2  mpc   6.4 ms  err 0.48
[ 63/300] latency=0.1 S2  E_DART      seed 13  goal      clr  0.69  t  15.3  inf 101  N 25.2  mpc   6.5 ms  err 0.33
[ 64/300] latency=0.1 S2  E_DART      seed 14  goal      clr  0.62  t  17.3  inf  91  N 20.1  mpc   4.8 ms  err 0.43
[ 65/300] latency=0.1 S2  E_DART      seed 15  goal      clr  0.70  t  14.3  inf  84  N 23.9  mpc   6.1 ms  err 0.47
[ 66/300] latency=0.1 S2  E_DART      seed 16  goal      clr  0.61  t  14.7  inf  97  N 24.9  mpc   6.7 ms  err 0.48
[ 67/300] latency=0.1 S2  E_DART      seed 17  goal      clr  0.55  t  14.7  inf  96  N 24.6  mpc   6.5 ms  err 0.19
[ 68/300] latency=0.1 S2  E_DART      seed 18  goal      clr  0.86  t  14.9  inf  87  N 24.6  mpc   6.6 ms  err 0.63
[ 69/300] latency=0.1 S2  E_DART      seed 19  goal      clr  0.60  t  16.7  inf 108  N 23.9  mpc   6.1 ms  err 0.37
[ 70/300] latency=0.1 S2  E_DART      seed 20  goal      clr  0.67  t  14.4  inf  98  N 25.4  mpc   7.0 ms  err 0.26
[ 71/300] latency=0.1 S2  E_DART      seed 21  goal      clr  0.55  t  19.2  inf  98  N 21.6  mpc   6.1 ms  err 0.60
[ 72/300] latency=0.1 S2  E_DART      seed 22  goal      clr  0.56  t  15.6  inf  87  N 23.1  mpc   6.1 ms  err 0.57
[ 73/300] latency=0.1 S2  E_DART      seed 23  goal      clr  0.70  t  15.3  inf  89  N 25.6  mpc   6.9 ms  err 0.22
[ 74/300] latency=0.1 S2  E_DART      seed 24  goal      clr  0.59  t  17.3  inf  87  N 23.4  mpc   6.2 ms  err 0.46
[ 75/300] latency=0.1 S2  E_DART      seed 25  goal      clr  0.35  t  24.0  inf 140  N 22.6  mpc   6.3 ms  err 0.87
[ 76/300] latency=0.1 S2  E_DART      seed 26  goal      clr  0.94  t  15.6  inf  90  N 23.9  mpc   6.1 ms  err 0.20
[ 77/300] latency=0.1 S2  E_DART      seed 27  goal      clr  0.46  t  14.6  inf  88  N 26.0  mpc   7.2 ms  err 0.72
[ 78/300] latency=0.1 S2  E_DART      seed 28  goal      clr  0.66  t  14.3  inf  90  N 25.9  mpc   6.7 ms  err 0.40
[ 79/300] latency=0.1 S2  E_DART      seed 29  goal      clr  0.72  t  17.9  inf 110  N 24.1  mpc   6.9 ms  err 0.52
[ 80/300] latency=0.1 S2  E_DART      seed 30  goal      clr  0.63  t  17.0  inf  94  N 24.0  mpc   6.4 ms  err 0.36
[ 81/300] latency=0.1 S2  E_DART      seed 31  goal      clr  0.48  t  19.7  inf 117  N 21.3  mpc   5.6 ms  err 0.89
[ 82/300] latency=0.1 S2  E_DART      seed 32  goal      clr  0.41  t  19.0  inf 132  N 27.0  mpc   8.4 ms  err 0.63
[ 83/300] latency=0.1 S2  E_DART      seed 33  goal      clr  0.51  t  15.7  inf  95  N 23.6  mpc   6.8 ms  err 0.47
[ 84/300] latency=0.1 S2  E_DART      seed 34  goal      clr  0.61  t  16.2  inf  88  N 25.0  mpc   6.6 ms  err 0.59
[ 85/300] latency=0.1 S2  E_DART      seed 35  goal      clr  0.38  t  15.1  inf  92  N 25.0  mpc   6.8 ms  err 0.50
[ 86/300] latency=0.1 S2  E_DART      seed 36  goal      clr  0.58  t  14.5  inf  88  N 24.9  mpc   6.6 ms  err 0.45
[ 87/300] latency=0.1 S2  E_DART      seed 37  goal      clr  0.71  t  15.6  inf  89  N 24.8  mpc   6.1 ms  err 0.40
[ 88/300] latency=0.1 S2  E_DART      seed 38  goal      clr  0.42  t  20.5  inf 126  N 25.7  mpc   7.7 ms  err 0.48
[ 89/300] latency=0.1 S2  E_DART      seed 39  goal      clr  0.75  t  13.6  inf  76  N 24.4  mpc   6.5 ms  err 1.00
[ 90/300] latency=0.1 S2  E_DART      seed 40  goal      clr  0.72  t  17.9  inf  82  N 22.0  mpc   5.7 ms  err 0.68
[ 91/300] latency=0.1 S2  E_DART      seed 41  goal      clr  0.57  t  20.1  inf 120  N 25.0  mpc   7.3 ms  err 0.89
[ 92/300] latency=0.1 S2  E_DART      seed 42  goal      clr  0.94  t  21.6  inf 111  N 22.1  mpc   5.9 ms  err 0.71
[ 93/300] latency=0.1 S2  E_DART      seed 43  goal      clr  0.72  t  28.3  inf 167  N 21.8  mpc   6.0 ms  err 0.57
[ 94/300] latency=0.1 S2  E_DART      seed 44  goal      clr  0.47  t  22.6  inf 129  N 20.9  mpc   5.6 ms  err 0.75
[ 95/300] latency=0.1 S2  E_DART      seed 45  goal      clr  0.76  t  16.7  inf 103  N 24.9  mpc   6.8 ms  err 0.30
[ 96/300] latency=0.1 S2  E_DART      seed 46  goal      clr  0.51  t  16.8  inf  98  N 24.4  mpc   6.8 ms  err 0.41
[ 97/300] latency=0.1 S2  E_DART      seed 47  goal      clr  0.48  t  15.5  inf 100  N 24.9  mpc   7.0 ms  err 0.62
[ 98/300] latency=0.1 S2  E_DART      seed 48  goal      clr  0.52  t  17.9  inf 109  N 24.6  mpc   7.0 ms  err 0.26
[ 99/300] latency=0.1 S2  E_DART      seed 49  goal      clr  0.79  t  13.9  inf  91  N 25.0  mpc   6.7 ms  err 0.37
[100/300] latency=0.1 S2  E_DART      seed 50  goal      clr  0.50  t  15.4  inf  84  N 22.8  mpc   6.0 ms  err 0.67
[101/300] latency=0.1 S2  F_NODELAY   seed  1  collision clr -0.01  t   3.2  inf  25  N 25.3  mpc   7.0 ms  err 1.33
[102/300] latency=0.1 S2  F_NODELAY   seed  2  collision clr -0.01  t   9.3  inf  76  N 24.6  mpc   7.7 ms  err 1.61
[103/300] latency=0.1 S2  F_NODELAY   seed  3  goal      clr  0.59  t  17.6  inf 102  N 22.7  mpc   6.0 ms  err 1.96
[104/300] latency=0.1 S2  F_NODELAY   seed  4  goal      clr  1.07  t  16.6  inf 102  N 23.8  mpc   6.4 ms  err 2.31
[105/300] latency=0.1 S2  F_NODELAY   seed  5  goal      clr  0.37  t  21.6  inf 135  N 22.2  mpc   6.0 ms  err 2.25
[106/300] latency=0.1 S2  F_NODELAY   seed  6  goal      clr  1.20  t  14.5  inf  68  N 22.8  mpc   6.1 ms  err 1.94
[107/300] latency=0.1 S2  F_NODELAY   seed  7  goal      clr  0.27  t  30.2  inf 206  N 22.5  mpc   6.3 ms  err 2.33
[108/300] latency=0.1 S2  F_NODELAY   seed  8  goal      clr  0.36  t  20.5  inf 125  N 21.8  mpc   5.8 ms  err 1.95
[109/300] latency=0.1 S2  F_NODELAY   seed  9  collision clr -0.03  t  13.6  inf 104  N 23.9  mpc   6.8 ms  err 2.22
[110/300] latency=0.1 S2  F_NODELAY   seed 10  goal      clr  0.55  t  19.3  inf 117  N 21.8  mpc   5.8 ms  err 2.91
[111/300] latency=0.1 S2  F_NODELAY   seed 11  goal      clr  0.98  t  17.1  inf  99  N 24.3  mpc   6.8 ms  err 2.56
[112/300] latency=0.1 S2  F_NODELAY   seed 12  goal      clr  2.52  t  20.4  inf 122  N 21.3  mpc   5.5 ms  err 3.41
[113/300] latency=0.1 S2  F_NODELAY   seed 13  goal      clr  0.28  t  21.4  inf 115  N 22.8  mpc   6.3 ms  err 2.26
[114/300] latency=0.1 S2  F_NODELAY   seed 14  goal      clr  0.32  t  25.6  inf 169  N 22.1  mpc   6.3 ms  err 1.82
[115/300] latency=0.1 S2  F_NODELAY   seed 15  goal      clr  0.77  t  20.0  inf 120  N 22.3  mpc   5.5 ms  err 1.80
[116/300] latency=0.1 S2  F_NODELAY   seed 16  goal      clr  0.29  t  24.8  inf 133  N 20.9  mpc   5.4 ms  err 1.94
[117/300] latency=0.1 S2  F_NODELAY   seed 17  goal      clr  0.69  t  26.7  inf 196  N 26.2  mpc   7.3 ms  err 1.84
[118/300] latency=0.1 S2  F_NODELAY   seed 18  goal      clr  2.12  t  17.6  inf  97  N 19.7  mpc   5.0 ms  err 2.35
[119/300] latency=0.1 S2  F_NODELAY   seed 19  goal      clr  0.17  t  27.6  inf 175  N 22.2  mpc   6.2 ms  err 3.68
[120/300] latency=0.1 S2  F_NODELAY   seed 20  goal      clr  0.90  t  17.5  inf  93  N 22.3  mpc   5.8 ms  err 2.50
[121/300] latency=0.1 S2  F_NODELAY   seed 21  goal      clr  3.22  t  16.9  inf  88  N 21.0  mpc   5.1 ms  err 3.23
[122/300] latency=0.1 S2  F_NODELAY   seed 22  goal      clr  0.40  t  19.7  inf 125  N 24.1  mpc   7.1 ms  err 2.33
[123/300] latency=0.1 S2  F_NODELAY   seed 23  collision clr -0.01  t   3.5  inf  26  N 25.3  mpc   8.1 ms  err 1.19
[124/300] latency=0.1 S2  F_NODELAY   seed 24  goal      clr  0.77  t  19.6  inf 120  N 22.4  mpc   5.9 ms  err 1.74
[125/300] latency=0.1 S2  F_NODELAY   seed 25  goal      clr  0.62  t  20.2  inf 104  N 22.0  mpc   5.0 ms  err 2.05
[126/300] latency=0.1 S2  F_NODELAY   seed 26  goal      clr  0.68  t  19.1  inf 124  N 21.8  mpc   5.5 ms  err 2.08
[127/300] latency=0.1 S2  F_NODELAY   seed 27  goal      clr  1.53  t  15.1  inf  94  N 24.4  mpc   6.5 ms  err 3.22
[128/300] latency=0.1 S2  F_NODELAY   seed 28  goal      clr  1.06  t  19.1  inf  89  N 20.3  mpc   4.5 ms  err 1.53
[129/300] latency=0.1 S2  F_NODELAY   seed 29  goal      clr  0.86  t  16.5  inf  83  N 21.8  mpc   5.2 ms  err 2.57
[130/300] latency=0.1 S2  F_NODELAY   seed 30  goal      clr  1.15  t  19.3  inf 128  N 22.8  mpc   6.0 ms  err 3.67
[131/300] latency=0.1 S2  F_NODELAY   seed 31  collision clr -0.01  t   7.0  inf  57  N 22.8  mpc   7.4 ms  err 3.31
[132/300] latency=0.1 S2  F_NODELAY   seed 32  goal      clr  0.30  t  19.3  inf  84  N 19.9  mpc   4.4 ms  err 2.73
[133/300] latency=0.1 S2  F_NODELAY   seed 33  goal      clr  0.35  t  25.2  inf 154  N 22.7  mpc   6.5 ms  err 2.95
[134/300] latency=0.1 S2  F_NODELAY   seed 34  collision clr -0.00  t   3.1  inf  25  N 25.1  mpc   7.7 ms  err 1.28
[135/300] latency=0.1 S2  F_NODELAY   seed 35  goal      clr  1.46  t  14.9  inf  98  N 23.7  mpc   6.2 ms  err 2.09
[136/300] latency=0.1 S2  F_NODELAY   seed 36  goal      clr  0.30  t  17.8  inf  94  N 22.1  mpc   5.8 ms  err 2.71
[137/300] latency=0.1 S2  F_NODELAY   seed 37  goal      clr  1.60  t  16.8  inf  87  N 21.1  mpc   4.7 ms  err 2.12
[138/300] latency=0.1 S2  F_NODELAY   seed 38  goal      clr  0.05  t  20.9  inf 129  N 22.8  mpc   6.1 ms  err 2.02
[139/300] latency=0.1 S2  F_NODELAY   seed 39  goal      clr  1.82  t  15.6  inf  73  N 22.9  mpc   5.3 ms  err 2.52
[140/300] latency=0.1 S2  F_NODELAY   seed 40  goal      clr  0.66  t  23.3  inf 136  N 21.2  mpc   5.2 ms  err 1.76
[141/300] latency=0.1 S2  F_NODELAY   seed 41  goal      clr  0.15  t  16.9  inf 102  N 22.5  mpc   6.0 ms  err 1.93
[142/300] latency=0.1 S2  F_NODELAY   seed 42  goal      clr  0.21  t  32.3  inf 228  N 23.1  mpc   6.7 ms  err 2.49
[143/300] latency=0.1 S2  F_NODELAY   seed 43  goal      clr  0.61  t  17.0  inf 102  N 23.3  mpc   6.2 ms  err 2.29
[144/300] latency=0.1 S2  F_NODELAY   seed 44  goal      clr  0.18  t  20.9  inf 112  N 20.8  mpc   5.4 ms  err 1.90
[145/300] latency=0.1 S2  F_NODELAY   seed 45  goal      clr  0.20  t  17.5  inf 112  N 22.6  mpc   5.7 ms  err 2.01
[146/300] latency=0.1 S2  F_NODELAY   seed 46  goal      clr  0.56  t  14.6  inf  88  N 24.1  mpc   6.4 ms  err 1.98
[147/300] latency=0.1 S2  F_NODELAY   seed 47  goal      clr  0.87  t  24.6  inf 166  N 22.7  mpc   6.2 ms  err 1.81
[148/300] latency=0.1 S2  F_NODELAY   seed 48  goal      clr  0.58  t  17.5  inf 109  N 24.6  mpc   6.6 ms  err 3.22
[149/300] latency=0.1 S2  F_NODELAY   seed 49  collision clr -0.01  t   3.3  inf  26  N 26.0  mpc   7.6 ms  err 1.44
[150/300] latency=0.1 S2  F_NODELAY   seed 50  goal      clr  0.57  t  14.6  inf  84  N 24.5  mpc   6.7 ms  err 1.84
[151/300] latency=0.1 S2  G_FR_LOW    seed  1  goal      clr  0.93  t  15.9  inf  47  N 22.4  mpc   5.7 ms  err 0.65
[152/300] latency=0.1 S2  G_FR_LOW    seed  2  goal      clr  0.80  t  15.9  inf  47  N 24.2  mpc   6.0 ms  err 0.29
[153/300] latency=0.1 S2  G_FR_LOW    seed  3  goal      clr  0.55  t  16.3  inf  48  N 24.3  mpc   6.4 ms  err 0.24
[154/300] latency=0.1 S2  G_FR_LOW    seed  4  goal      clr  1.82  t  17.9  inf  53  N 20.2  mpc   4.8 ms  err 0.56
[155/300] latency=0.1 S2  G_FR_LOW    seed  5  goal      clr  0.80  t  17.5  inf  52  N 24.2  mpc   6.4 ms  err 0.32
[156/300] latency=0.1 S2  G_FR_LOW    seed  6  goal      clr  0.60  t  17.1  inf  51  N 25.4  mpc   6.9 ms  err 0.86
[157/300] latency=0.1 S2  G_FR_LOW    seed  7  goal      clr  0.54  t  18.0  inf  53  N 23.5  mpc   6.2 ms  err 0.73
[158/300] latency=0.1 S2  G_FR_LOW    seed  8  goal      clr  0.62  t  16.4  inf  49  N 24.9  mpc   6.8 ms  err 0.40
[159/300] latency=0.1 S2  G_FR_LOW    seed  9  goal      clr  0.63  t  17.1  inf  51  N 24.4  mpc   6.4 ms  err 0.50
[160/300] latency=0.1 S2  G_FR_LOW    seed 10  goal      clr  0.79  t  14.3  inf  43  N 25.3  mpc   6.5 ms  err 0.43
[161/300] latency=0.1 S2  G_FR_LOW    seed 11  goal      clr  0.83  t  16.0  inf  47  N 24.5  mpc   6.3 ms  err 0.54
[162/300] latency=0.1 S2  G_FR_LOW    seed 12  goal      clr  0.69  t  18.6  inf  55  N 24.3  mpc   6.3 ms  err 0.63
[163/300] latency=0.1 S2  G_FR_LOW    seed 13  goal      clr  0.79  t  15.3  inf  46  N 25.8  mpc   6.6 ms  err 0.28
[164/300] latency=0.1 S2  G_FR_LOW    seed 14  goal      clr  0.77  t  18.3  inf  54  N 20.4  mpc   5.0 ms  err 0.42
[165/300] latency=0.1 S2  G_FR_LOW    seed 15  goal      clr  0.77  t  13.8  inf  41  N 25.3  mpc   6.4 ms  err 0.58
[166/300] latency=0.1 S2  G_FR_LOW    seed 16  goal      clr  0.67  t  14.9  inf  44  N 24.9  mpc   6.6 ms  err 0.43
[167/300] latency=0.1 S2  G_FR_LOW    seed 17  goal      clr  0.83  t  19.5  inf  58  N 22.6  mpc   5.6 ms  err 0.66
[168/300] latency=0.1 S2  G_FR_LOW    seed 18  goal      clr  0.96  t  16.0  inf  48  N 24.1  mpc   6.3 ms  err 0.81
[169/300] latency=0.1 S2  G_FR_LOW    seed 19  goal      clr  0.48  t  20.2  inf  60  N 22.1  mpc   5.7 ms  err 0.51
[170/300] latency=0.1 S2  G_FR_LOW    seed 20  goal      clr  0.76  t  15.5  inf  46  N 25.1  mpc   6.5 ms  err 0.58
[171/300] latency=0.1 S2  G_FR_LOW    seed 21  goal      clr  0.78  t  15.1  inf  45  N 25.0  mpc   6.6 ms  err 0.74
[172/300] latency=0.1 S2  G_FR_LOW    seed 22  goal      clr  0.63  t  15.4  inf  46  N 24.8  mpc   6.2 ms  err 0.51
[173/300] latency=0.1 S2  G_FR_LOW    seed 23  goal      clr  0.77  t  15.6  inf  46  N 23.9  mpc   6.6 ms  err 0.51
[174/300] latency=0.1 S2  G_FR_LOW    seed 24  goal      clr  0.77  t  17.2  inf  51  N 24.9  mpc   6.5 ms  err 0.28
[175/300] latency=0.1 S2  G_FR_LOW    seed 25  goal      clr  0.69  t  16.9  inf  50  N 25.4  mpc   6.3 ms  err 0.25
[176/300] latency=0.1 S2  G_FR_LOW    seed 26  goal      clr  1.10  t  15.8  inf  47  N 24.7  mpc   5.8 ms  err 0.63
[177/300] latency=0.1 S2  G_FR_LOW    seed 27  goal      clr  0.58  t  22.5  inf  67  N 24.3  mpc   6.5 ms  err 0.40
[178/300] latency=0.1 S2  G_FR_LOW    seed 28  goal      clr  0.59  t  14.2  inf  42  N 26.4  mpc   6.3 ms  err 0.41
[179/300] latency=0.1 S2  G_FR_LOW    seed 29  goal      clr  0.87  t  13.1  inf  39  N 24.5  mpc   6.3 ms  err 0.70
[180/300] latency=0.1 S2  G_FR_LOW    seed 30  goal      clr  0.58  t  18.0  inf  53  N 24.5  mpc   6.3 ms  err 0.65
[181/300] latency=0.1 S2  G_FR_LOW    seed 31  goal      clr  0.40  t  19.0  inf  56  N 23.8  mpc   6.3 ms  err 0.40
[182/300] latency=0.1 S2  G_FR_LOW    seed 32  goal      clr  0.50  t  17.3  inf  51  N 23.8  mpc   6.2 ms  err 1.10
[183/300] latency=0.1 S2  G_FR_LOW    seed 33  goal      clr  0.48  t  20.0  inf  59  N 23.9  mpc   6.5 ms  err 0.62
[184/300] latency=0.1 S2  G_FR_LOW    seed 34  goal      clr  0.69  t  14.5  inf  43  N 25.2  mpc   6.9 ms  err 0.40
[185/300] latency=0.1 S2  G_FR_LOW    seed 35  goal      clr  0.50  t  14.3  inf  43  N 24.7  mpc   6.4 ms  err 0.70
[186/300] latency=0.1 S2  G_FR_LOW    seed 36  goal      clr  1.07  t  15.0  inf  45  N 22.8  mpc   6.1 ms  err 0.95
[187/300] latency=0.1 S2  G_FR_LOW    seed 37  goal      clr  0.79  t  14.7  inf  44  N 25.4  mpc   7.2 ms  err 0.45
[188/300] latency=0.1 S2  G_FR_LOW    seed 38  goal      clr  0.69  t  14.5  inf  43  N 25.8  mpc   7.1 ms  err 0.50
[189/300] latency=0.1 S2  G_FR_LOW    seed 39  goal      clr  0.85  t  13.7  inf  41  N 24.4  mpc   6.4 ms  err 0.56
[190/300] latency=0.1 S2  G_FR_LOW    seed 40  goal      clr  0.72  t  19.7  inf  58  N 25.9  mpc   7.1 ms  err 0.22
[191/300] latency=0.1 S2  G_FR_LOW    seed 41  goal      clr  0.59  t  19.8  inf  59  N 25.6  mpc   7.1 ms  err 0.36
[192/300] latency=0.1 S2  G_FR_LOW    seed 42  goal      clr  0.63  t  20.1  inf  60  N 22.6  mpc   6.2 ms  err 0.33
[193/300] latency=0.1 S2  G_FR_LOW    seed 43  goal      clr  0.81  t  18.8  inf  56  N 23.3  mpc   6.5 ms  err 0.82
[194/300] latency=0.1 S2  G_FR_LOW    seed 44  goal      clr  0.73  t  14.3  inf  43  N 24.4  mpc   6.5 ms  err 0.47
[195/300] latency=0.1 S2  G_FR_LOW    seed 45  goal      clr  0.76  t  15.3  inf  45  N 24.9  mpc   6.2 ms  err 0.30
[196/300] latency=0.1 S2  G_FR_LOW    seed 46  goal      clr  0.75  t  16.0  inf  47  N 24.4  mpc   6.4 ms  err 0.43
[197/300] latency=0.1 S2  G_FR_LOW    seed 47  goal      clr  0.99  t  17.4  inf  52  N 24.1  mpc   5.9 ms  err 0.59
[198/300] latency=0.1 S2  G_FR_LOW    seed 48  goal      clr  0.66  t  18.8  inf  56  N 23.1  mpc   5.8 ms  err 0.51
[199/300] latency=0.1 S2  G_FR_LOW    seed 49  goal      clr  0.72  t  13.9  inf  41  N 25.4  mpc   6.5 ms  err 0.45
[200/300] latency=0.1 S2  G_FR_LOW    seed 50  goal      clr  0.57  t  18.3  inf  54  N 24.2  mpc   6.5 ms  err 0.42
[201/300] latency=0.1 S2  FR_SAFE_5   seed  1  goal      clr  0.50  t  17.3  inf  87  N 22.4  mpc   5.9 ms  err 0.35
[202/300] latency=0.1 S2  FR_SAFE_5   seed  2  goal      clr  0.32  t  16.0  inf  81  N 24.1  mpc   6.5 ms  err 0.62
[203/300] latency=0.1 S2  FR_SAFE_5   seed  3  goal      clr  0.61  t  16.1  inf  81  N 24.4  mpc   6.6 ms  err 0.23
[204/300] latency=0.1 S2  FR_SAFE_5   seed  4  goal      clr  0.66  t  18.6  inf  93  N 24.4  mpc   6.7 ms  err 0.26
[205/300] latency=0.1 S2  FR_SAFE_5   seed  5  goal      clr  0.74  t  16.4  inf  83  N 22.5  mpc   5.9 ms  err 0.82
[206/300] latency=0.1 S2  FR_SAFE_5   seed  6  goal      clr  0.58  t  16.0  inf  80  N 24.9  mpc   6.7 ms  err 0.40
[207/300] latency=0.1 S2  FR_SAFE_5   seed  7  goal      clr  0.79  t  15.8  inf  79  N 24.3  mpc   6.4 ms  err 0.49
[208/300] latency=0.1 S2  FR_SAFE_5   seed  8  goal      clr  0.49  t  17.0  inf  85  N 24.2  mpc   6.4 ms  err 0.48
[209/300] latency=0.1 S2  FR_SAFE_5   seed  9  goal      clr  0.60  t  16.2  inf  82  N 24.9  mpc   6.5 ms  err 0.43
[210/300] latency=0.1 S2  FR_SAFE_5   seed 10  goal      clr  0.73  t  14.5  inf  73  N 25.2  mpc   7.0 ms  err 0.45
[211/300] latency=0.1 S2  FR_SAFE_5   seed 11  goal      clr  0.66  t  17.0  inf  85  N 23.6  mpc   6.6 ms  err 0.35
[212/300] latency=0.1 S2  FR_SAFE_5   seed 12  goal      clr  0.42  t  19.6  inf  99  N 24.8  mpc   7.1 ms  err 0.60
[213/300] latency=0.1 S2  FR_SAFE_5   seed 13  goal      clr  0.57  t  15.1  inf  76  N 24.4  mpc   6.8 ms  err 0.45
[214/300] latency=0.1 S2  FR_SAFE_5   seed 14  goal      clr  0.69  t  17.8  inf  89  N 20.2  mpc   5.1 ms  err 0.52
[215/300] latency=0.1 S2  FR_SAFE_5   seed 15  goal      clr  1.03  t  13.1  inf  66  N 24.9  mpc   6.5 ms  err 0.47
[216/300] latency=0.1 S2  FR_SAFE_5   seed 16  goal      clr  0.61  t  14.6  inf  74  N 25.2  mpc   6.9 ms  err 0.24
[217/300] latency=0.1 S2  FR_SAFE_5   seed 17  goal      clr  0.77  t  15.2  inf  77  N 24.2  mpc   6.6 ms  err 0.22
[218/300] latency=0.1 S2  FR_SAFE_5   seed 18  goal      clr  0.86  t  14.2  inf  71  N 24.9  mpc   6.9 ms  err 0.64
[219/300] latency=0.1 S2  FR_SAFE_5   seed 19  goal      clr  0.41  t  21.2  inf 106  N 22.3  mpc   6.0 ms  err 0.56
[220/300] latency=0.1 S2  FR_SAFE_5   seed 20  goal      clr  0.61  t  15.9  inf  80  N 23.8  mpc   6.2 ms  err 0.50
[221/300] latency=0.1 S2  FR_SAFE_5   seed 21  goal      clr  0.68  t  15.2  inf  76  N 24.4  mpc   6.2 ms  err 0.48
[222/300] latency=0.1 S2  FR_SAFE_5   seed 22  goal      clr  0.74  t  16.8  inf  84  N 24.5  mpc   6.7 ms  err 0.83
[223/300] latency=0.1 S2  FR_SAFE_5   seed 23  goal      clr  0.60  t  20.0  inf 101  N 22.7  mpc   6.6 ms  err 0.68
[224/300] latency=0.1 S2  FR_SAFE_5   seed 24  goal      clr  0.65  t  14.9  inf  75  N 25.8  mpc   7.2 ms  err 0.55
[225/300] latency=0.1 S2  FR_SAFE_5   seed 25  goal      clr  0.46  t  17.9  inf  90  N 23.9  mpc   6.4 ms  err 0.48
[226/300] latency=0.1 S2  FR_SAFE_5   seed 26  goal      clr  0.50  t  16.4  inf  82  N 24.6  mpc   6.3 ms  err 0.45
[227/300] latency=0.1 S2  FR_SAFE_5   seed 27  goal      clr  0.43  t  18.6  inf  93  N 26.5  mpc   7.2 ms  err 0.33
[228/300] latency=0.1 S2  FR_SAFE_5   seed 28  goal      clr  0.79  t  14.3  inf  72  N 26.1  mpc   6.4 ms  err 0.26
[229/300] latency=0.1 S2  FR_SAFE_5   seed 29  goal      clr  0.68  t  14.5  inf  73  N 25.2  mpc   6.6 ms  err 0.33
[230/300] latency=0.1 S2  FR_SAFE_5   seed 30  goal      clr  0.44  t  17.4  inf  88  N 24.2  mpc   6.6 ms  err 0.24
[231/300] latency=0.1 S2  FR_SAFE_5   seed 31  goal      clr  0.51  t  16.4  inf  82  N 24.7  mpc   7.2 ms  err 0.35
[232/300] latency=0.1 S2  FR_SAFE_5   seed 32  goal      clr  1.11  t  20.8  inf 105  N 23.1  mpc   6.4 ms  err 0.70
[233/300] latency=0.1 S2  FR_SAFE_5   seed 33  goal      clr  0.77  t  13.9  inf  70  N 24.1  mpc   6.9 ms  err 1.08
[234/300] latency=0.1 S2  FR_SAFE_5   seed 34  goal      clr  0.48  t  15.3  inf  77  N 24.6  mpc   6.7 ms  err 0.26
[235/300] latency=0.1 S2  FR_SAFE_5   seed 35  goal      clr  0.42  t  15.4  inf  77  N 25.8  mpc   7.2 ms  err 0.75
[236/300] latency=0.1 S2  FR_SAFE_5   seed 36  goal      clr  0.66  t  14.7  inf  74  N 23.6  mpc   6.4 ms  err 0.49
[237/300] latency=0.1 S2  FR_SAFE_5   seed 37  goal      clr  0.52  t  19.7  inf  99  N 22.7  mpc   6.3 ms  err 0.30
[238/300] latency=0.1 S2  FR_SAFE_5   seed 38  goal      clr  0.51  t  16.5  inf  83  N 26.4  mpc   8.1 ms  err 0.51
[239/300] latency=0.1 S2  FR_SAFE_5   seed 39  goal      clr  0.77  t  13.7  inf  69  N 24.4  mpc   7.1 ms  err 0.76
[240/300] latency=0.1 S2  FR_SAFE_5   seed 40  goal      clr  0.39  t  18.9  inf  95  N 23.7  mpc   6.8 ms  err 0.47
[241/300] latency=0.1 S2  FR_SAFE_5   seed 41  goal      clr  0.48  t  20.6  inf 104  N 24.2  mpc   6.7 ms  err 0.51
[242/300] latency=0.1 S2  FR_SAFE_5   seed 42  goal      clr  0.59  t  16.2  inf  82  N 23.6  mpc   6.6 ms  err 0.40
[243/300] latency=0.1 S2  FR_SAFE_5   seed 43  goal      clr  0.65  t  15.9  inf  80  N 24.8  mpc   6.8 ms  err 0.34
[244/300] latency=0.1 S2  FR_SAFE_5   seed 44  goal      clr  0.54  t  15.8  inf  79  N 24.9  mpc   6.9 ms  err 0.31
[245/300] latency=0.1 S2  FR_SAFE_5   seed 45  goal      clr  0.78  t  16.0  inf  81  N 25.0  mpc   7.5 ms  err 0.58
[246/300] latency=0.1 S2  FR_SAFE_5   seed 46  goal      clr  0.28  t  14.2  inf  71  N 24.7  mpc   6.9 ms  err 0.34
[247/300] latency=0.1 S2  FR_SAFE_5   seed 47  goal      clr  0.60  t  17.1  inf  86  N 23.8  mpc   7.2 ms  err 0.68
[248/300] latency=0.1 S2  FR_SAFE_5   seed 48  goal      clr  0.25  t  19.1  inf  96  N 23.4  mpc   6.7 ms  err 0.28
[249/300] latency=0.1 S2  FR_SAFE_5   seed 49  goal      clr  0.85  t  14.0  inf  70  N 25.0  mpc   6.7 ms  err 0.51
[250/300] latency=0.1 S2  FR_SAFE_5   seed 50  goal      clr  0.53  t  24.5  inf 123  N 21.8  mpc   6.1 ms  err 0.76
[251/300] latency=0.1 S2  FR_SAFE_10  seed  1  goal      clr  0.59  t  21.7  inf 177  N 21.6  mpc   5.9 ms  err 0.67
[252/300] latency=0.1 S2  FR_SAFE_10  seed  2  goal      clr  0.25  t  16.3  inf 133  N 25.1  mpc   7.2 ms  err 0.80
[253/300] latency=0.1 S2  FR_SAFE_10  seed  3  goal      clr  0.66  t  15.9  inf 134  N 25.6  mpc   7.2 ms  err 0.60
[254/300] latency=0.1 S2  FR_SAFE_10  seed  4  goal      clr  0.62  t  16.0  inf 137  N 23.8  mpc   6.3 ms  err 0.34
[255/300] latency=0.1 S2  FR_SAFE_10  seed  5  goal      clr  0.47  t  17.7  inf 139  N 24.4  mpc   7.0 ms  err 0.84
[256/300] latency=0.1 S2  FR_SAFE_10  seed  6  goal      clr  0.65  t  17.5  inf 141  N 25.1  mpc   7.0 ms  err 0.28
[257/300] latency=0.1 S2  FR_SAFE_10  seed  7  goal      clr  0.79  t  15.0  inf 121  N 23.1  mpc   6.1 ms  err 0.45
[258/300] latency=0.1 S2  FR_SAFE_10  seed  8  goal      clr  0.59  t  15.1  inf 125  N 25.0  mpc   7.0 ms  err 0.36
[259/300] latency=0.1 S2  FR_SAFE_10  seed  9  goal      clr  0.68  t  15.0  inf 125  N 24.2  mpc   6.5 ms  err 0.53
[260/300] latency=0.1 S2  FR_SAFE_10  seed 10  goal      clr  0.73  t  14.6  inf 117  N 25.3  mpc   6.9 ms  err 0.52
[261/300] latency=0.1 S2  FR_SAFE_10  seed 11  goal      clr  0.65  t  16.6  inf 133  N 25.1  mpc   6.9 ms  err 0.24
[262/300] latency=0.1 S2  FR_SAFE_10  seed 12  goal      clr  0.91  t  17.0  inf 139  N 23.7  mpc   6.5 ms  err 0.38
[263/300] latency=0.1 S2  FR_SAFE_10  seed 13  goal      clr  0.58  t  16.0  inf 133  N 24.9  mpc   7.0 ms  err 0.42
[264/300] latency=0.1 S2  FR_SAFE_10  seed 14  goal      clr  0.58  t  17.8  inf 146  N 19.6  mpc   5.2 ms  err 0.36
[265/300] latency=0.1 S2  FR_SAFE_10  seed 15  goal      clr  0.66  t  14.1  inf 115  N 24.7  mpc   6.7 ms  err 0.36
[266/300] latency=0.1 S2  FR_SAFE_10  seed 16  goal      clr  0.58  t  23.8  inf 197  N 21.1  mpc   6.0 ms  err 0.78
[267/300] latency=0.1 S2  FR_SAFE_10  seed 17  goal      clr  0.66  t  15.6  inf 133  N 23.8  mpc   6.7 ms  err 0.26
[268/300] latency=0.1 S2  FR_SAFE_10  seed 18  goal      clr  0.79  t  14.6  inf 122  N 22.3  mpc   5.9 ms  err 0.78
[269/300] latency=0.1 S2  FR_SAFE_10  seed 19  goal      clr  0.55  t  16.5  inf 140  N 23.9  mpc   6.3 ms  err 0.37
[270/300] latency=0.1 S2  FR_SAFE_10  seed 20  goal      clr  0.74  t  17.4  inf 142  N 22.9  mpc   6.0 ms  err 0.74
[271/300] latency=0.1 S2  FR_SAFE_10  seed 21  goal      clr  0.65  t  20.2  inf 164  N 21.5  mpc   6.1 ms  err 0.26
[272/300] latency=0.1 S2  FR_SAFE_10  seed 22  goal      clr  0.68  t  16.7  inf 141  N 23.2  mpc   6.5 ms  err 0.62
[273/300] latency=0.1 S2  FR_SAFE_10  seed 23  goal      clr  0.72  t  20.0  inf 162  N 21.6  mpc   5.9 ms  err 0.48
[274/300] latency=0.1 S2  FR_SAFE_10  seed 24  goal      clr  0.67  t  15.3  inf 126  N 25.3  mpc   6.9 ms  err 0.42
[275/300] latency=0.1 S2  FR_SAFE_10  seed 25  goal      clr  0.47  t  22.7  inf 185  N 25.9  mpc   7.4 ms  err 0.71
[276/300] latency=0.1 S2  FR_SAFE_10  seed 26  goal      clr  0.62  t  15.7  inf 129  N 24.6  mpc   6.6 ms  err 0.38
[277/300] latency=0.1 S2  FR_SAFE_10  seed 27  goal      clr  0.64  t  22.3  inf 184  N 22.7  mpc   6.0 ms  err 0.78
[278/300] latency=0.1 S2  FR_SAFE_10  seed 28  goal      clr  0.59  t  20.0  inf 163  N 22.1  mpc   5.8 ms  err 0.21
[279/300] latency=0.1 S2  FR_SAFE_10  seed 29  goal      clr  0.76  t  13.9  inf 115  N 24.5  mpc   6.5 ms  err 0.57
[280/300] latency=0.1 S2  FR_SAFE_10  seed 30  goal      clr  0.63  t  17.4  inf 141  N 24.6  mpc   6.8 ms  err 0.74
[281/300] latency=0.1 S2  FR_SAFE_10  seed 31  goal      clr  0.77  t  18.4  inf 150  N 22.8  mpc   6.1 ms  err 0.58
[282/300] latency=0.1 S2  FR_SAFE_10  seed 32  goal      clr  0.45  t  18.6  inf 152  N 24.6  mpc   6.8 ms  err 0.55
[283/300] latency=0.1 S2  FR_SAFE_10  seed 33  goal      clr  0.59  t  15.4  inf 127  N 24.2  mpc   6.7 ms  err 0.60
[284/300] latency=0.1 S2  FR_SAFE_10  seed 34  goal      clr  0.49  t  15.5  inf 132  N 23.9  mpc   6.7 ms  err 0.53
[285/300] latency=0.1 S2  FR_SAFE_10  seed 35  goal      clr  0.49  t  14.5  inf 122  N 24.8  mpc   6.6 ms  err 0.72
[286/300] latency=0.1 S2  FR_SAFE_10  seed 36  goal      clr  0.57  t  15.2  inf 128  N 23.7  mpc   6.8 ms  err 0.58
[287/300] latency=0.1 S2  FR_SAFE_10  seed 37  goal      clr  0.65  t  15.2  inf 126  N 26.1  mpc   7.1 ms  err 0.30
[288/300] latency=0.1 S2  FR_SAFE_10  seed 38  goal      clr  0.63  t  14.6  inf 119  N 26.8  mpc   7.5 ms  err 0.68
[289/300] latency=0.1 S2  FR_SAFE_10  seed 39  goal      clr  0.68  t  13.7  inf 109  N 24.3  mpc   6.5 ms  err 0.93
[290/300] latency=0.1 S2  FR_SAFE_10  seed 40  goal      clr  0.48  t  16.2  inf 135  N 24.7  mpc   6.7 ms  err 0.31
[291/300] latency=0.1 S2  FR_SAFE_10  seed 41  goal      clr  0.63  t  16.4  inf 135  N 25.5  mpc   6.8 ms  err 0.19
[292/300] latency=0.1 S2  FR_SAFE_10  seed 42  goal      clr  0.42  t  16.9  inf 138  N 24.5  mpc   6.8 ms  err 0.31
[293/300] latency=0.1 S2  FR_SAFE_10  seed 43  goal      clr  0.75  t  15.2  inf 124  N 25.3  mpc   6.8 ms  err 0.22
[294/300] latency=0.1 S2  FR_SAFE_10  seed 44  goal      clr  0.42  t  18.8  inf 154  N 24.1  mpc   7.1 ms  err 0.64
[295/300] latency=0.1 S2  FR_SAFE_10  seed 45  goal      clr  0.67  t  18.1  inf 150  N 23.8  mpc   5.9 ms  err 0.46
[296/300] latency=0.1 S2  FR_SAFE_10  seed 46  goal      clr  0.54  t  16.6  inf 135  N 23.5  mpc   6.4 ms  err 0.54
[297/300] latency=0.1 S2  FR_SAFE_10  seed 47  goal      clr  0.93  t  18.4  inf 150  N 22.7  mpc   6.0 ms  err 0.78
[298/300] latency=0.1 S2  FR_SAFE_10  seed 48  goal      clr  0.54  t  18.6  inf 155  N 24.2  mpc   7.1 ms  err 0.49
[299/300] latency=0.1 S2  FR_SAFE_10  seed 49  goal      clr  0.72  t  14.2  inf 120  N 25.1  mpc   6.7 ms  err 0.28
[300/300] latency=0.1 S2  FR_SAFE_10  seed 50  goal      clr  0.66  t  18.4  inf 154  N 21.8  mpc   5.5 ms  err 0.56
