[  1/300] latency=0.15 S1  A_FR_FN     seed  1  goal      clr  0.41  t  13.4  inf  79  N 20.0  mpc   4.7 ms  err 0.17
[  2/300] latency=0.15 S1  A_FR_FN     seed  2  goal      clr  0.47  t  13.6  inf  81  N 20.0  mpc   4.3 ms  err 0.23
[  3/300] latency=0.15 S1  A_FR_FN     seed  3  goal      clr  0.38  t  14.3  inf  87  N 20.0  mpc   3.7 ms  err 0.13
[  4/300] latency=0.15 S1  A_FR_FN     seed  4  goal      clr  0.45  t  13.4  inf  82  N 20.0  mpc   3.6 ms  err 0.17
[  5/300] latency=0.15 S1  A_FR_FN     seed  5  goal      clr  0.40  t  14.1  inf  77  N 20.0  mpc   3.6 ms  err 0.25
[  6/300] latency=0.15 S1  A_FR_FN     seed  6  goal      clr  0.48  t  13.4  inf  77  N 20.0  mpc   3.4 ms  err 0.13
[  7/300] latency=0.15 S1  A_FR_FN     seed  7  goal      clr  0.42  t  13.3  inf  77  N 20.0  mpc   3.4 ms  err 0.24
[  8/300] latency=0.15 S1  A_FR_FN     seed  8  goal      clr  0.33  t  13.8  inf  83  N 20.0  mpc   3.5 ms  err 0.21
[  9/300] latency=0.15 S1  A_FR_FN     seed  9  goal      clr  0.28  t  13.5  inf  81  N 20.0  mpc   3.4 ms  err 0.23
[ 10/300] latency=0.15 S1  A_FR_FN     seed 10  goal      clr  0.06  t  13.7  inf  81  N 20.0  mpc   3.4 ms  err 0.47
[ 11/300] latency=0.15 S1  A_FR_FN     seed 11  goal      clr  0.45  t  13.4  inf  77  N 20.0  mpc   3.3 ms  err 0.25
[ 12/300] latency=0.15 S1  A_FR_FN     seed 12  goal      clr  0.41  t  13.5  inf  78  N 20.0  mpc   3.4 ms  err 0.18
[ 13/300] latency=0.15 S1  A_FR_FN     seed 13  goal      clr  0.42  t  13.5  inf  81  N 20.0  mpc   3.7 ms  err 0.10
[ 14/300] latency=0.15 S1  A_FR_FN     seed 14  goal      clr  0.43  t  14.4  inf  86  N 20.0  mpc   3.6 ms  err 0.20
[ 15/300] latency=0.15 S1  A_FR_FN     seed 15  goal      clr  0.34  t  14.2  inf  84  N 20.0  mpc   3.7 ms  err 0.24
[ 16/300] latency=0.15 S1  A_FR_FN     seed 16  goal      clr  0.51  t  13.3  inf  80  N 20.0  mpc   3.5 ms  err 0.22
[ 17/300] latency=0.15 S1  A_FR_FN     seed 17  goal      clr  0.45  t  13.8  inf  86  N 20.0  mpc   3.5 ms  err 0.15
[ 18/300] latency=0.15 S1  A_FR_FN     seed 18  goal      clr  0.40  t  13.7  inf  83  N 20.0  mpc   3.5 ms  err 0.16
[ 19/300] latency=0.15 S1  A_FR_FN     seed 19  goal      clr  0.35  t  14.4  inf  89  N 20.0  mpc   3.6 ms  err 0.15
[ 20/300] latency=0.15 S1  A_FR_FN     seed 20  goal      clr  0.40  t  13.6  inf  82  N 20.0  mpc   3.2 ms  err 0.37
[ 21/300] latency=0.15 S1  A_FR_FN     seed 21  goal      clr  0.56  t  13.5  inf  77  N 20.0  mpc   3.2 ms  err 0.12
[ 22/300] latency=0.15 S1  A_FR_FN     seed 22  goal      clr  0.49  t  13.3  inf  82  N 20.0  mpc   3.1 ms  err 0.20
[ 23/300] latency=0.15 S1  A_FR_FN     seed 23  goal      clr  0.45  t  13.3  inf  79  N 20.0  mpc   3.1 ms  err 0.25
[ 24/300] latency=0.15 S1  A_FR_FN     seed 24  goal      clr  0.49  t  13.2  inf  77  N 20.0  mpc   3.0 ms  err 0.19
[ 25/300] latency=0.15 S1  A_FR_FN     seed 25  goal      clr  0.42  t  13.4  inf  79  N 20.0  mpc   3.0 ms  err 0.19
[ 26/300] latency=0.15 S1  A_FR_FN     seed 26  goal      clr  0.37  t  13.7  inf  84  N 20.0  mpc   3.1 ms  err 0.16
[ 27/300] latency=0.15 S1  A_FR_FN     seed 27  goal      clr  0.43  t  13.6  inf  80  N 20.0  mpc   3.1 ms  err 0.10
[ 28/300] latency=0.15 S1  A_FR_FN     seed 28  goal      clr  0.41  t  13.4  inf  78  N 20.0  mpc   3.1 ms  err 0.19
[ 29/300] latency=0.15 S1  A_FR_FN     seed 29  goal      clr  0.37  t  13.8  inf  83  N 20.0  mpc   3.2 ms  err 0.17
[ 30/300] latency=0.15 S1  A_FR_FN     seed 30  goal      clr  0.55  t  13.4  inf  76  N 20.0  mpc   3.2 ms  err 0.21
[ 31/300] latency=0.15 S1  A_FR_FN     seed 31  goal      clr  0.45  t  13.7  inf  82  N 20.0  mpc   3.2 ms  err 0.13
[ 32/300] latency=0.15 S1  A_FR_FN     seed 32  goal      clr  0.41  t  14.0  inf  81  N 20.0  mpc   3.2 ms  err 0.24
[ 33/300] latency=0.15 S1  A_FR_FN     seed 33  goal      clr  0.53  t  13.4  inf  82  N 20.0  mpc   3.2 ms  err 0.15
[ 34/300] latency=0.15 S1  A_FR_FN     seed 34  goal      clr  0.41  t  13.6  inf  81  N 20.0  mpc   3.3 ms  err 0.13
[ 35/300] latency=0.15 S1  A_FR_FN     seed 35  goal      clr  0.44  t  13.8  inf  84  N 20.0  mpc   3.3 ms  err 0.19
[ 36/300] latency=0.15 S1  A_FR_FN     seed 36  goal      clr  0.44  t  13.4  inf  80  N 20.0  mpc   3.1 ms  err 0.21
[ 37/300] latency=0.15 S1  A_FR_FN     seed 37  goal      clr  0.38  t  13.9  inf  85  N 20.0  mpc   3.2 ms  err 0.18
[ 38/300] latency=0.15 S1  A_FR_FN     seed 38  goal      clr  0.43  t  13.8  inf  81  N 20.0  mpc   3.2 ms  err 0.23
[ 39/300] latency=0.15 S1  A_FR_FN     seed 39  goal      clr  0.41  t  14.0  inf  82  N 20.0  mpc   3.2 ms  err 0.15
[ 40/300] latency=0.15 S1  A_FR_FN     seed 40  goal      clr  0.51  t  13.5  inf  81  N 20.0  mpc   3.0 ms  err 0.19
[ 41/300] latency=0.15 S1  A_FR_FN     seed 41  goal      clr  0.44  t  13.8  inf  83  N 20.0  mpc   3.1 ms  err 0.18
[ 42/300] latency=0.15 S1  A_FR_FN     seed 42  goal      clr  0.32  t  13.7  inf  81  N 20.0  mpc   3.1 ms  err 0.20
[ 43/300] latency=0.15 S1  A_FR_FN     seed 43  goal      clr  0.37  t  13.9  inf  83  N 20.0  mpc   3.1 ms  err 0.12
[ 44/300] latency=0.15 S1  A_FR_FN     seed 44  goal      clr  0.47  t  13.3  inf  77  N 20.0  mpc   3.0 ms  err 0.15
[ 45/300] latency=0.15 S1  A_FR_FN     seed 45  goal      clr  0.35  t  13.8  inf  84  N 20.0  mpc   3.1 ms  err 0.30
[ 46/300] latency=0.15 S1  A_FR_FN     seed 46  goal      clr  0.46  t  13.6  inf  80  N 20.0  mpc   3.1 ms  err 0.23
[ 47/300] latency=0.15 S1  A_FR_FN     seed 47  goal      clr  0.33  t  14.2  inf  83  N 20.0  mpc   3.2 ms  err 0.20
[ 48/300] latency=0.15 S1  A_FR_FN     seed 48  goal      clr  0.34  t  13.6  inf  84  N 20.0  mpc   3.0 ms  err 0.23
[ 49/300] latency=0.15 S1  A_FR_FN     seed 49  goal      clr  0.49  t  13.4  inf  83  N 20.0  mpc   3.0 ms  err 0.16
[ 50/300] latency=0.15 S1  A_FR_FN     seed 50  goal      clr  0.38  t  13.5  inf  82  N 20.0  mpc   3.1 ms  err 0.13
[ 51/300] latency=0.15 S1  E_DART      seed  1  goal      clr  0.60  t  14.8  inf  72  N 25.5  mpc   4.9 ms  err 0.22
[ 52/300] latency=0.15 S1  E_DART      seed  2  goal      clr  0.50  t  14.4  inf  65  N 25.3  mpc   5.2 ms  err 0.23
[ 53/300] latency=0.15 S1  E_DART      seed  3  goal      clr  0.51  t  21.3  inf 108  N 26.0  mpc   5.7 ms  err 0.30
[ 54/300] latency=0.15 S1  E_DART      seed  4  goal      clr  0.72  t  14.2  inf  64  N 25.0  mpc   4.8 ms  err 0.16
[ 55/300] latency=0.15 S1  E_DART      seed  5  goal      clr  0.60  t  15.1  inf  68  N 25.2  mpc   5.0 ms  err 0.33
[ 56/300] latency=0.15 S1  E_DART      seed  6  goal      clr  0.66  t  14.0  inf  66  N 25.2  mpc   4.6 ms  err 0.14
[ 57/300] latency=0.15 S1  E_DART      seed  7  goal      clr  0.59  t  14.4  inf  67  N 25.4  mpc   4.7 ms  err 0.24
[ 58/300] latency=0.15 S1  E_DART      seed  8  goal      clr  0.64  t  15.3  inf  74  N 25.4  mpc   4.9 ms  err 0.21
[ 59/300] latency=0.15 S1  E_DART      seed  9  goal      clr  0.64  t  14.2  inf  66  N 25.2  mpc   4.7 ms  err 0.23
[ 60/300] latency=0.15 S1  E_DART      seed 10  goal      clr  0.55  t  14.8  inf  71  N 25.1  mpc   4.9 ms  err 0.18
[ 61/300] latency=0.15 S1  E_DART      seed 11  goal      clr  0.66  t  14.4  inf  67  N 25.4  mpc   4.7 ms  err 0.20
[ 62/300] latency=0.15 S1  E_DART      seed 12  goal      clr  0.53  t  15.4  inf  73  N 25.8  mpc   5.0 ms  err 0.17
[ 63/300] latency=0.15 S1  E_DART      seed 13  goal      clr  0.64  t  14.2  inf  70  N 25.6  mpc   4.8 ms  err 0.10
[ 64/300] latency=0.15 S1  E_DART      seed 14  goal      clr  0.52  t  15.4  inf  67  N 25.5  mpc   4.9 ms  err 0.13
[ 65/300] latency=0.15 S1  E_DART      seed 15  goal      clr  0.39  t  18.2  inf  80  N 25.3  mpc   5.1 ms  err 0.26
[ 66/300] latency=0.15 S1  E_DART      seed 16  goal      clr  0.72  t  14.0  inf  63  N 25.0  mpc   4.6 ms  err 0.16
[ 67/300] latency=0.15 S1  E_DART      seed 17  goal      clr  0.62  t  14.2  inf  66  N 24.9  mpc   4.6 ms  err 0.16
[ 68/300] latency=0.15 S1  E_DART      seed 18  goal      clr  0.64  t  15.3  inf  75  N 25.1  mpc   4.7 ms  err 0.16
[ 69/300] latency=0.15 S1  E_DART      seed 19  goal      clr  0.53  t  15.7  inf  80  N 25.9  mpc   5.2 ms  err 0.18
[ 70/300] latency=0.15 S1  E_DART      seed 20  goal      clr  0.62  t  14.2  inf  64  N 24.8  mpc   4.6 ms  err 0.26
[ 71/300] latency=0.15 S1  E_DART      seed 21  goal      clr  0.77  t  14.3  inf  62  N 25.4  mpc   4.8 ms  err 0.18
[ 72/300] latency=0.15 S1  E_DART      seed 22  goal      clr  0.64  t  13.9  inf  65  N 25.2  mpc   4.7 ms  err 0.25
[ 73/300] latency=0.15 S1  E_DART      seed 23  goal      clr  0.63  t  14.2  inf  67  N 24.8  mpc   4.6 ms  err 0.21
[ 74/300] latency=0.15 S1  E_DART      seed 24  goal      clr  0.55  t  14.6  inf  63  N 25.1  mpc   4.7 ms  err 0.27
[ 75/300] latency=0.15 S1  E_DART      seed 25  goal      clr  0.58  t  14.7  inf  69  N 25.6  mpc   4.9 ms  err 0.18
[ 76/300] latency=0.15 S1  E_DART      seed 26  goal      clr  0.32  t  16.1  inf  77  N 24.8  mpc   4.7 ms  err 0.30
[ 77/300] latency=0.15 S1  E_DART      seed 27  goal      clr  0.59  t  14.2  inf  65  N 25.7  mpc   4.7 ms  err 0.10
[ 78/300] latency=0.15 S1  E_DART      seed 28  goal      clr  0.57  t  14.1  inf  66  N 25.5  mpc   4.7 ms  err 0.25
[ 79/300] latency=0.15 S1  E_DART      seed 29  goal      clr  0.60  t  15.7  inf  77  N 26.0  mpc   5.1 ms  err 0.21
[ 80/300] latency=0.15 S1  E_DART      seed 30  goal      clr  0.68  t  14.2  inf  68  N 25.3  mpc   4.8 ms  err 0.29
[ 81/300] latency=0.15 S1  E_DART      seed 31  goal      clr  0.57  t  14.6  inf  70  N 25.6  mpc   4.9 ms  err 0.14
[ 82/300] latency=0.15 S1  E_DART      seed 32  goal      clr  0.59  t  15.8  inf  77  N 25.8  mpc   5.1 ms  err 0.22
[ 83/300] latency=0.15 S1  E_DART      seed 33  goal      clr  0.59  t  14.2  inf  67  N 25.1  mpc   4.8 ms  err 0.14
[ 84/300] latency=0.15 S1  E_DART      seed 34  goal      clr  0.56  t  14.8  inf  67  N 25.1  mpc   4.8 ms  err 0.14
[ 85/300] latency=0.15 S1  E_DART      seed 35  goal      clr  0.62  t  14.4  inf  70  N 25.9  mpc   4.9 ms  err 0.33
[ 86/300] latency=0.15 S1  E_DART      seed 36  goal      clr  0.58  t  15.7  inf  76  N 25.3  mpc   4.8 ms  err 0.22
[ 87/300] latency=0.15 S1  E_DART      seed 37  goal      clr  0.58  t  14.8  inf  72  N 25.6  mpc   5.1 ms  err 0.17
[ 88/300] latency=0.15 S1  E_DART      seed 38  goal      clr  0.67  t  15.1  inf  76  N 25.6  mpc   4.9 ms  err 0.15
[ 89/300] latency=0.15 S1  E_DART      seed 39  goal      clr  0.61  t  14.7  inf  71  N 25.9  mpc   5.0 ms  err 0.10
[ 90/300] latency=0.15 S1  E_DART      seed 40  goal      clr  0.63  t  14.8  inf  69  N 25.4  mpc   4.7 ms  err 0.23
[ 91/300] latency=0.15 S1  E_DART      seed 41  goal      clr  0.54  t  16.5  inf  80  N 25.2  mpc   5.3 ms  err 0.19
[ 92/300] latency=0.15 S1  E_DART      seed 42  goal      clr  0.64  t  14.7  inf  71  N 25.6  mpc   4.9 ms  err 0.18
[ 93/300] latency=0.15 S1  E_DART      seed 43  goal      clr  0.57  t  15.8  inf  73  N 25.7  mpc   5.1 ms  err 0.12
[ 94/300] latency=0.15 S1  E_DART      seed 44  goal      clr  0.63  t  14.6  inf  61  N 25.0  mpc   4.5 ms  err 0.16
[ 95/300] latency=0.15 S1  E_DART      seed 45  goal      clr  0.51  t  16.4  inf  80  N 25.2  mpc   4.9 ms  err 0.22
[ 96/300] latency=0.15 S1  E_DART      seed 46  goal      clr  0.55  t  14.2  inf  70  N 25.9  mpc   4.9 ms  err 0.22
[ 97/300] latency=0.15 S1  E_DART      seed 47  goal      clr  0.55  t  14.7  inf  63  N 24.8  mpc   4.6 ms  err 0.15
[ 98/300] latency=0.15 S1  E_DART      seed 48  goal      clr  0.55  t  15.4  inf  74  N 25.4  mpc   4.9 ms  err 0.23
[ 99/300] latency=0.15 S1  E_DART      seed 49  goal      clr  0.59  t  14.0  inf  68  N 25.3  mpc   4.6 ms  err 0.15
[100/300] latency=0.15 S1  E_DART      seed 50  goal      clr  0.66  t  14.6  inf  72  N 25.7  mpc   4.9 ms  err 0.20
[101/300] latency=0.15 S1  F_NODELAY   seed  1  timeout   clr  0.58  t  40.0  inf 216  N 22.1  mpc   4.9 ms  err 0.96
[102/300] latency=0.15 S1  F_NODELAY   seed  2  collision clr -0.00  t   6.2  inf  36  N 27.2  mpc   7.0 ms  err 1.36
[103/300] latency=0.15 S1  F_NODELAY   seed  3  goal      clr  0.19  t  24.5  inf 126  N 23.0  mpc   4.9 ms  err 1.29
[104/300] latency=0.15 S1  F_NODELAY   seed  4  collision clr -0.01  t  13.9  inf  85  N 27.1  mpc   6.2 ms  err 1.50
[105/300] latency=0.15 S1  F_NODELAY   seed  5  goal      clr  0.11  t  22.6  inf 111  N 26.4  mpc   6.2 ms  err 2.22
[106/300] latency=0.15 S1  F_NODELAY   seed  6  goal      clr  0.30  t  18.7  inf  98  N 25.7  mpc   5.4 ms  err 1.34
[107/300] latency=0.15 S1  F_NODELAY   seed  7  goal      clr  0.24  t  19.8  inf 100  N 23.9  mpc   5.1 ms  err 1.49
[108/300] latency=0.15 S1  F_NODELAY   seed  8  goal      clr  0.23  t  22.5  inf 119  N 26.2  mpc   5.9 ms  err 1.78
[109/300] latency=0.15 S1  F_NODELAY   seed  9  collision clr -0.00  t   4.4  inf  25  N 26.4  mpc   6.1 ms  err 1.35
[110/300] latency=0.15 S1  F_NODELAY   seed 10  collision clr -0.01  t  22.2  inf 116  N 26.9  mpc   6.0 ms  err 1.35
[111/300] latency=0.15 S1  F_NODELAY   seed 11  timeout   clr  0.30  t  40.0  inf 193  N 22.2  mpc   4.5 ms  err 0.86
[112/300] latency=0.15 S1  F_NODELAY   seed 12  goal      clr  0.21  t  35.4  inf 161  N 22.8  mpc   5.1 ms  err 1.72
[113/300] latency=0.15 S1  F_NODELAY   seed 13  goal      clr  0.52  t  23.9  inf 128  N 23.9  mpc   4.8 ms  err 1.17
[114/300] latency=0.15 S1  F_NODELAY   seed 14  goal      clr  0.11  t  28.3  inf 151  N 26.4  mpc   6.1 ms  err 1.22
[115/300] latency=0.15 S1  F_NODELAY   seed 15  goal      clr  0.10  t  27.7  inf 146  N 25.2  mpc   5.4 ms  err 1.23
[116/300] latency=0.15 S1  F_NODELAY   seed 16  collision clr -0.01  t  25.0  inf 127  N 25.6  mpc   5.3 ms  err 0.87
[117/300] latency=0.15 S1  F_NODELAY   seed 17  goal      clr  0.17  t  28.8  inf 160  N 24.2  mpc   5.4 ms  err 1.30
[118/300] latency=0.15 S1  F_NODELAY   seed 18  goal      clr  0.44  t  15.9  inf  85  N 26.2  mpc   5.4 ms  err 1.21
[119/300] latency=0.15 S1  F_NODELAY   seed 19  goal      clr  0.09  t  24.1  inf 127  N 24.2  mpc   5.0 ms  err 1.58
[120/300] latency=0.15 S1  F_NODELAY   seed 20  collision clr -0.00  t   2.8  inf  16  N 24.1  mpc   5.0 ms  err 1.73
[121/300] latency=0.15 S1  F_NODELAY   seed 21  goal      clr  0.52  t  18.6  inf  99  N 26.2  mpc   5.6 ms  err 1.15
[122/300] latency=0.15 S1  F_NODELAY   seed 22  goal      clr  0.34  t  16.7  inf  93  N 26.1  mpc   5.1 ms  err 1.04
[123/300] latency=0.15 S1  F_NODELAY   seed 23  collision clr -0.01  t   3.9  inf  22  N 25.5  mpc   5.8 ms  err 1.34
[124/300] latency=0.15 S1  F_NODELAY   seed 24  goal      clr  0.49  t  17.1  inf  86  N 25.6  mpc   5.0 ms  err 1.15
[125/300] latency=0.15 S1  F_NODELAY   seed 25  goal      clr  0.10  t  33.0  inf 180  N 24.1  mpc   5.2 ms  err 1.21
[126/300] latency=0.15 S1  F_NODELAY   seed 26  goal      clr  0.19  t  23.6  inf 127  N 24.2  mpc   5.1 ms  err 1.22
[127/300] latency=0.15 S1  F_NODELAY   seed 27  goal      clr  0.22  t  19.7  inf 103  N 26.2  mpc   5.5 ms  err 1.07
[128/300] latency=0.15 S1  F_NODELAY   seed 28  collision clr -0.01  t  12.9  inf  74  N 28.2  mpc   6.2 ms  err 1.19
[129/300] latency=0.15 S1  F_NODELAY   seed 29  goal      clr  0.55  t  23.5  inf 120  N 24.3  mpc   5.2 ms  err 2.03
[130/300] latency=0.15 S1  F_NODELAY   seed 30  goal      clr  0.05  t  22.2  inf 114  N 25.9  mpc   5.6 ms  err 1.17
[131/300] latency=0.15 S1  F_NODELAY   seed 31  collision clr -0.00  t   5.4  inf  33  N 27.0  mpc   6.0 ms  err 1.07
[132/300] latency=0.15 S1  F_NODELAY   seed 32  goal      clr  0.43  t  17.5  inf  87  N 24.8  mpc   5.2 ms  err 1.11
[133/300] latency=0.15 S1  F_NODELAY   seed 33  goal      clr  0.01  t  30.1  inf 160  N 26.2  mpc   6.2 ms  err 2.01
[134/300] latency=0.15 S1  F_NODELAY   seed 34  collision clr -0.03  t  39.7  inf 222  N 25.8  mpc   6.0 ms  err 1.39
[135/300] latency=0.15 S1  F_NODELAY   seed 35  timeout   clr  0.29  t  40.0  inf 226  N 25.8  mpc   6.0 ms  err 1.16
[136/300] latency=0.15 S1  F_NODELAY   seed 36  goal      clr  0.56  t  19.6  inf 106  N 25.6  mpc   5.4 ms  err 1.37
[137/300] latency=0.15 S1  F_NODELAY   seed 37  goal      clr  0.37  t  16.9  inf  89  N 26.3  mpc   5.6 ms  err 1.58
[138/300] latency=0.15 S1  F_NODELAY   seed 38  goal      clr  0.15  t  27.6  inf 139  N 26.0  mpc   6.0 ms  err 1.28
[139/300] latency=0.15 S1  F_NODELAY   seed 39  goal      clr  0.19  t  25.8  inf 128  N 24.1  mpc   5.3 ms  err 1.46
[140/300] latency=0.15 S1  F_NODELAY   seed 40  goal      clr  0.01  t  30.0  inf 162  N 25.4  mpc   5.6 ms  err 1.37
[141/300] latency=0.15 S1  F_NODELAY   seed 41  collision clr -0.01  t  13.5  inf  69  N 25.1  mpc   5.9 ms  err 1.70
[142/300] latency=0.15 S1  F_NODELAY   seed 42  goal      clr  0.33  t  19.5  inf  94  N 25.0  mpc   5.1 ms  err 1.34
[143/300] latency=0.15 S1  F_NODELAY   seed 43  collision clr -0.01  t   3.8  inf  25  N 26.0  mpc   6.3 ms  err 1.21
[144/300] latency=0.15 S1  F_NODELAY   seed 44  goal      clr  0.45  t  23.3  inf 125  N 24.8  mpc   5.1 ms  err 1.12
[145/300] latency=0.15 S1  F_NODELAY   seed 45  goal      clr  0.03  t  29.6  inf 160  N 23.5  mpc   4.8 ms  err 1.04
[146/300] latency=0.15 S1  F_NODELAY   seed 46  goal      clr  0.18  t  32.1  inf 166  N 25.0  mpc   5.8 ms  err 1.38
[147/300] latency=0.15 S1  F_NODELAY   seed 47  goal      clr  0.64  t  18.6  inf  97  N 24.2  mpc   5.0 ms  err 1.35
[148/300] latency=0.15 S1  F_NODELAY   seed 48  goal      clr  0.39  t  35.8  inf 185  N 24.7  mpc   5.6 ms  err 1.23
[149/300] latency=0.15 S1  F_NODELAY   seed 49  goal      clr  0.26  t  26.6  inf 146  N 26.8  mpc   6.2 ms  err 1.28
[150/300] latency=0.15 S1  F_NODELAY   seed 50  collision clr -0.00  t  17.6  inf 107  N 27.4  mpc   6.3 ms  err 1.13
[151/300] latency=0.15 S1  G_FR_LOW    seed  1  goal      clr  0.60  t  14.7  inf  44  N 25.8  mpc   4.9 ms  err 0.16
[152/300] latency=0.15 S1  G_FR_LOW    seed  2  goal      clr  0.51  t  15.9  inf  47  N 24.9  mpc   4.8 ms  err 0.26
[153/300] latency=0.15 S1  G_FR_LOW    seed  3  goal      clr  0.30  t  21.0  inf  62  N 25.3  mpc   5.4 ms  err 0.40
[154/300] latency=0.15 S1  G_FR_LOW    seed  4  goal      clr  0.61  t  14.8  inf  44  N 25.6  mpc   4.9 ms  err 0.20
[155/300] latency=0.15 S1  G_FR_LOW    seed  5  goal      clr  0.66  t  18.2  inf  54  N 24.6  mpc   4.8 ms  err 0.29
[156/300] latency=0.15 S1  G_FR_LOW    seed  6  goal      clr  0.72  t  14.3  inf  42  N 25.0  mpc   4.6 ms  err 0.15
[157/300] latency=0.15 S1  G_FR_LOW    seed  7  goal      clr  0.63  t  14.1  inf  42  N 25.4  mpc   4.7 ms  err 0.31
[158/300] latency=0.15 S1  G_FR_LOW    seed  8  goal      clr  0.54  t  16.1  inf  48  N 26.0  mpc   5.3 ms  err 0.43
[159/300] latency=0.15 S1  G_FR_LOW    seed  9  goal      clr  0.65  t  15.1  inf  45  N 25.6  mpc   5.0 ms  err 0.21
[160/300] latency=0.15 S1  G_FR_LOW    seed 10  goal      clr  0.54  t  16.5  inf  49  N 25.0  mpc   4.9 ms  err 0.14
[161/300] latency=0.15 S1  G_FR_LOW    seed 11  goal      clr  0.69  t  14.5  inf  43  N 25.5  mpc   4.6 ms  err 0.19
[162/300] latency=0.15 S1  G_FR_LOW    seed 12  goal      clr  0.50  t  15.5  inf  46  N 25.9  mpc   5.0 ms  err 0.16
[163/300] latency=0.15 S1  G_FR_LOW    seed 13  goal      clr  0.62  t  14.2  inf  42  N 26.1  mpc   5.0 ms  err 0.21
[164/300] latency=0.15 S1  G_FR_LOW    seed 14  goal      clr  0.55  t  18.3  inf  54  N 25.7  mpc   5.1 ms  err 0.16
[165/300] latency=0.15 S1  G_FR_LOW    seed 15  goal      clr  0.55  t  15.7  inf  47  N 25.5  mpc   5.0 ms  err 0.28
[166/300] latency=0.15 S1  G_FR_LOW    seed 16  goal      clr  0.67  t  15.3  inf  46  N 25.5  mpc   4.9 ms  err 0.18
[167/300] latency=0.15 S1  G_FR_LOW    seed 17  goal      clr  0.68  t  14.1  inf  42  N 25.1  mpc   4.7 ms  err 0.18
[168/300] latency=0.15 S1  G_FR_LOW    seed 18  goal      clr  0.68  t  14.5  inf  43  N 25.7  mpc   4.9 ms  err 0.17
[169/300] latency=0.15 S1  G_FR_LOW    seed 19  goal      clr  0.55  t  16.1  inf  48  N 25.7  mpc   5.3 ms  err 0.20
[170/300] latency=0.15 S1  G_FR_LOW    seed 20  goal      clr  0.83  t  14.6  inf  43  N 25.2  mpc   4.8 ms  err 0.38
[171/300] latency=0.15 S1  G_FR_LOW    seed 21  goal      clr  0.72  t  14.4  inf  43  N 25.4  mpc   4.7 ms  err 0.18
[172/300] latency=0.15 S1  G_FR_LOW    seed 22  goal      clr  0.48  t  14.4  inf  43  N 25.7  mpc   4.7 ms  err 0.36
[173/300] latency=0.15 S1  G_FR_LOW    seed 23  goal      clr  0.62  t  14.4  inf  43  N 25.0  mpc   4.6 ms  err 0.20
[174/300] latency=0.15 S1  G_FR_LOW    seed 24  goal      clr  0.54  t  14.5  inf  43  N 25.5  mpc   4.8 ms  err 0.27
[175/300] latency=0.15 S1  G_FR_LOW    seed 25  goal      clr  0.64  t  15.1  inf  45  N 25.6  mpc   4.8 ms  err 0.14
[176/300] latency=0.15 S1  G_FR_LOW    seed 26  goal      clr  0.39  t  15.8  inf  47  N 23.8  mpc   4.5 ms  err 0.31
[177/300] latency=0.15 S1  G_FR_LOW    seed 27  goal      clr  0.63  t  14.6  inf  43  N 25.7  mpc   4.7 ms  err 0.10
[178/300] latency=0.15 S1  G_FR_LOW    seed 28  goal      clr  0.64  t  14.0  inf  42  N 26.0  mpc   4.7 ms  err 0.27
[179/300] latency=0.15 S1  G_FR_LOW    seed 29  goal      clr  0.64  t  15.2  inf  45  N 26.0  mpc   5.0 ms  err 0.16
[180/300] latency=0.15 S1  G_FR_LOW    seed 30  goal      clr  0.66  t  15.1  inf  45  N 25.6  mpc   4.9 ms  err 0.24
[181/300] latency=0.15 S1  G_FR_LOW    seed 31  goal      clr  0.56  t  15.1  inf  45  N 25.4  mpc   4.9 ms  err 0.17
[182/300] latency=0.15 S1  G_FR_LOW    seed 32  goal      clr  0.60  t  14.9  inf  44  N 25.4  mpc   4.9 ms  err 0.28
[183/300] latency=0.15 S1  G_FR_LOW    seed 33  goal      clr  0.62  t  14.3  inf  43  N 25.3  mpc   4.8 ms  err 0.08
[184/300] latency=0.15 S1  G_FR_LOW    seed 34  goal      clr  0.54  t  16.0  inf  47  N 25.4  mpc   4.9 ms  err 0.16
[185/300] latency=0.15 S1  G_FR_LOW    seed 35  goal      clr  0.62  t  14.7  inf  44  N 25.9  mpc   4.8 ms  err 0.29
[186/300] latency=0.15 S1  G_FR_LOW    seed 36  goal      clr  0.60  t  15.2  inf  45  N 25.5  mpc   5.0 ms  err 0.19
[187/300] latency=0.15 S1  G_FR_LOW    seed 37  goal      clr  0.54  t  14.8  inf  44  N 25.4  mpc   4.8 ms  err 0.30
[188/300] latency=0.15 S1  G_FR_LOW    seed 38  goal      clr  0.56  t  16.5  inf  49  N 26.1  mpc   5.1 ms  err 0.15
[189/300] latency=0.15 S1  G_FR_LOW    seed 39  goal      clr  0.62  t  15.7  inf  47  N 25.7  mpc   5.1 ms  err 0.21
[190/300] latency=0.15 S1  G_FR_LOW    seed 40  goal      clr  0.63  t  14.9  inf  44  N 25.6  mpc   4.8 ms  err 0.28
[191/300] latency=0.15 S1  G_FR_LOW    seed 41  goal      clr  0.63  t  16.9  inf  50  N 25.6  mpc   5.0 ms  err 0.23
[192/300] latency=0.15 S1  G_FR_LOW    seed 42  goal      clr  0.61  t  15.4  inf  46  N 25.9  mpc   5.0 ms  err 0.20
[193/300] latency=0.15 S1  G_FR_LOW    seed 43  goal      clr  0.59  t  15.5  inf  46  N 25.8  mpc   5.0 ms  err 0.19
[194/300] latency=0.15 S1  G_FR_LOW    seed 44  goal      clr  0.70  t  13.9  inf  41  N 25.1  mpc   4.6 ms  err 0.18
[195/300] latency=0.15 S1  G_FR_LOW    seed 45  goal      clr  0.51  t  16.1  inf  48  N 24.5  mpc   4.9 ms  err 0.25
[196/300] latency=0.15 S1  G_FR_LOW    seed 46  goal      clr  0.59  t  14.4  inf  43  N 25.9  mpc   4.7 ms  err 0.19
[197/300] latency=0.15 S1  G_FR_LOW    seed 47  goal      clr  0.55  t  15.1  inf  45  N 24.8  mpc   4.8 ms  err 0.27
[198/300] latency=0.15 S1  G_FR_LOW    seed 48  goal      clr  0.56  t  15.2  inf  45  N 25.5  mpc   5.0 ms  err 0.26
[199/300] latency=0.15 S1  G_FR_LOW    seed 49  goal      clr  0.60  t  14.1  inf  42  N 25.5  mpc   4.6 ms  err 0.21
[200/300] latency=0.15 S1  G_FR_LOW    seed 50  goal      clr  0.36  t  15.9  inf  47  N 25.5  mpc   4.9 ms  err 0.16
[201/300] latency=0.15 S1  FR_SAFE_5   seed  1  goal      clr  0.47  t  14.8  inf  73  N 25.4  mpc   4.9 ms  err 0.21
[202/300] latency=0.15 S1  FR_SAFE_5   seed  2  goal      clr  0.46  t  14.6  inf  72  N 25.5  mpc   5.0 ms  err 0.20
[203/300] latency=0.15 S1  FR_SAFE_5   seed  3  goal      clr  0.37  t  18.1  inf  88  N 24.9  mpc   5.2 ms  err 0.17
[204/300] latency=0.15 S1  FR_SAFE_5   seed  4  goal      clr  0.66  t  15.2  inf  75  N 24.9  mpc   4.7 ms  err 0.12
[205/300] latency=0.15 S1  FR_SAFE_5   seed  5  goal      clr  0.57  t  14.4  inf  69  N 24.7  mpc   4.6 ms  err 0.28
[206/300] latency=0.15 S1  FR_SAFE_5   seed  6  goal      clr  0.64  t  13.9  inf  68  N 25.1  mpc   4.5 ms  err 0.15
[207/300] latency=0.15 S1  FR_SAFE_5   seed  7  goal      clr  0.66  t  13.9  inf  67  N 25.2  mpc   4.6 ms  err 0.19
[208/300] latency=0.15 S1  FR_SAFE_5   seed  8  goal      clr  0.64  t  14.3  inf  70  N 25.5  mpc   4.7 ms  err 0.20
[209/300] latency=0.15 S1  FR_SAFE_5   seed  9  goal      clr  0.39  t  16.2  inf  79  N 24.9  mpc   4.8 ms  err 0.29
[210/300] latency=0.15 S1  FR_SAFE_5   seed 10  goal      clr  0.60  t  14.8  inf  72  N 25.2  mpc   5.0 ms  err 0.28
[211/300] latency=0.15 S1  FR_SAFE_5   seed 11  goal      clr  0.63  t  14.3  inf  69  N 25.4  mpc   4.8 ms  err 0.19
[212/300] latency=0.15 S1  FR_SAFE_5   seed 12  goal      clr  0.48  t  15.0  inf  74  N 25.9  mpc   5.1 ms  err 0.17
[213/300] latency=0.15 S1  FR_SAFE_5   seed 13  goal      clr  0.62  t  14.2  inf  71  N 25.8  mpc   4.9 ms  err 0.13
[214/300] latency=0.15 S1  FR_SAFE_5   seed 14  goal      clr  0.54  t  15.6  inf  76  N 25.5  mpc   5.1 ms  err 0.17
[215/300] latency=0.15 S1  FR_SAFE_5   seed 15  goal      clr  0.56  t  22.1  inf 107  N 25.8  mpc   5.6 ms  err 0.39
[216/300] latency=0.15 S1  FR_SAFE_5   seed 16  goal      clr  0.72  t  14.1  inf  70  N 25.0  mpc   4.6 ms  err 0.26
[217/300] latency=0.15 S1  FR_SAFE_5   seed 17  goal      clr  0.62  t  14.2  inf  70  N 24.7  mpc   4.6 ms  err 0.14
[218/300] latency=0.15 S1  FR_SAFE_5   seed 18  goal      clr  0.67  t  14.1  inf  69  N 25.5  mpc   5.0 ms  err 0.13
[219/300] latency=0.15 S1  FR_SAFE_5   seed 19  goal      clr  0.53  t  15.2  inf  75  N 26.1  mpc   5.4 ms  err 0.16
[220/300] latency=0.15 S1  FR_SAFE_5   seed 20  goal      clr  0.69  t  14.4  inf  71  N 24.9  mpc   5.0 ms  err 0.25
[221/300] latency=0.15 S1  FR_SAFE_5   seed 21  goal      clr  0.77  t  13.9  inf  68  N 25.0  mpc   5.0 ms  err 0.18
[222/300] latency=0.15 S1  FR_SAFE_5   seed 22  goal      clr  0.57  t  14.3  inf  71  N 25.0  mpc   5.0 ms  err 0.22
[223/300] latency=0.15 S1  FR_SAFE_5   seed 23  goal      clr  0.62  t  14.8  inf  73  N 24.8  mpc   5.0 ms  err 0.18
[224/300] latency=0.15 S1  FR_SAFE_5   seed 24  goal      clr  0.59  t  13.7  inf  68  N 25.1  mpc   4.7 ms  err 0.21
[225/300] latency=0.15 S1  FR_SAFE_5   seed 25  goal      clr  0.61  t  14.7  inf  72  N 25.6  mpc   5.0 ms  err 0.17
[226/300] latency=0.15 S1  FR_SAFE_5   seed 26  goal      clr  0.56  t  14.4  inf  71  N 25.0  mpc   4.8 ms  err 0.18
[227/300] latency=0.15 S1  FR_SAFE_5   seed 27  goal      clr  0.59  t  14.2  inf  69  N 25.6  mpc   4.9 ms  err 0.11
[228/300] latency=0.15 S1  FR_SAFE_5   seed 28  goal      clr  0.62  t  14.0  inf  69  N 25.6  mpc   4.8 ms  err 0.22
[229/300] latency=0.15 S1  FR_SAFE_5   seed 29  goal      clr  0.56  t  16.2  inf  80  N 25.7  mpc   5.2 ms  err 0.22
[230/300] latency=0.15 S1  FR_SAFE_5   seed 30  goal      clr  0.68  t  14.9  inf  73  N 25.3  mpc   4.9 ms  err 0.21
[231/300] latency=0.15 S1  FR_SAFE_5   seed 31  goal      clr  0.55  t  14.9  inf  74  N 25.3  mpc   4.9 ms  err 0.23
[232/300] latency=0.15 S1  FR_SAFE_5   seed 32  goal      clr  0.64  t  14.9  inf  73  N 25.9  mpc   5.1 ms  err 0.14
[233/300] latency=0.15 S1  FR_SAFE_5   seed 33  goal      clr  0.66  t  14.1  inf  69  N 25.1  mpc   4.7 ms  err 0.10
[234/300] latency=0.15 S1  FR_SAFE_5   seed 34  goal      clr  0.55  t  14.7  inf  72  N 25.2  mpc   4.9 ms  err 0.16
[235/300] latency=0.15 S1  FR_SAFE_5   seed 35  goal      clr  0.61  t  14.5  inf  72  N 25.9  mpc   5.0 ms  err 0.37
[236/300] latency=0.15 S1  FR_SAFE_5   seed 36  goal      clr  0.50  t  17.6  inf  87  N 24.2  mpc   4.7 ms  err 0.18
[237/300] latency=0.15 S1  FR_SAFE_5   seed 37  goal      clr  0.52  t  14.5  inf  72  N 25.1  mpc   4.8 ms  err 0.16
[238/300] latency=0.15 S1  FR_SAFE_5   seed 38  goal      clr  0.57  t  15.5  inf  76  N 25.8  mpc   5.2 ms  err 0.23
[239/300] latency=0.15 S1  FR_SAFE_5   seed 39  goal      clr  0.56  t  14.7  inf  71  N 25.8  mpc   5.0 ms  err 0.12
[240/300] latency=0.15 S1  FR_SAFE_5   seed 40  goal      clr  0.60  t  14.4  inf  71  N 26.1  mpc   4.8 ms  err 0.29
[241/300] latency=0.15 S1  FR_SAFE_5   seed 41  goal      clr  0.60  t  15.3  inf  75  N 25.7  mpc   5.1 ms  err 0.13
[242/300] latency=0.15 S1  FR_SAFE_5   seed 42  goal      clr  0.62  t  14.4  inf  71  N 25.7  mpc   4.9 ms  err 0.19
[243/300] latency=0.15 S1  FR_SAFE_5   seed 43  goal      clr  0.42  t  18.4  inf  90  N 23.2  mpc   4.5 ms  err 0.22
[244/300] latency=0.15 S1  FR_SAFE_5   seed 44  goal      clr  0.39  t  14.9  inf  72  N 25.2  mpc   4.9 ms  err 0.26
[245/300] latency=0.15 S1  FR_SAFE_5   seed 45  goal      clr  0.51  t  19.2  inf  95  N 24.5  mpc   4.8 ms  err 0.17
[246/300] latency=0.15 S1  FR_SAFE_5   seed 46  goal      clr  0.57  t  14.7  inf  72  N 25.6  mpc   5.1 ms  err 0.21
[247/300] latency=0.15 S1  FR_SAFE_5   seed 47  goal      clr  0.54  t  14.8  inf  73  N 24.9  mpc   4.7 ms  err 0.21
[248/300] latency=0.15 S1  FR_SAFE_5   seed 48  goal      clr  0.50  t  16.6  inf  82  N 25.7  mpc   5.1 ms  err 0.35
[249/300] latency=0.15 S1  FR_SAFE_5   seed 49  goal      clr  0.58  t  14.2  inf  71  N 25.5  mpc   4.6 ms  err 0.18
[250/300] latency=0.15 S1  FR_SAFE_5   seed 50  goal      clr  0.61  t  15.3  inf  76  N 25.1  mpc   4.9 ms  err 0.26
[251/300] latency=0.15 S1  FR_SAFE_10  seed  1  goal      clr  0.66  t  14.3  inf  85  N 25.6  mpc   4.8 ms  err 0.17
[252/300] latency=0.15 S1  FR_SAFE_10  seed  2  goal      clr  0.47  t  14.6  inf  87  N 25.0  mpc   4.8 ms  err 0.18
[253/300] latency=0.15 S1  FR_SAFE_10  seed  3  goal      clr  0.43  t  16.3  inf  99  N 25.7  mpc   5.3 ms  err 0.22
[254/300] latency=0.15 S1  FR_SAFE_10  seed  4  goal      clr  0.59  t  14.5  inf  88  N 25.4  mpc   4.8 ms  err 0.19
[255/300] latency=0.15 S1  FR_SAFE_10  seed  5  goal      clr  0.56  t  15.9  inf  86  N 24.8  mpc   4.9 ms  err 0.15
[256/300] latency=0.15 S1  FR_SAFE_10  seed  6  goal      clr  0.68  t  14.0  inf  81  N 25.1  mpc   4.6 ms  err 0.13
[257/300] latency=0.15 S1  FR_SAFE_10  seed  7  goal      clr  0.61  t  14.3  inf  83  N 25.3  mpc   4.6 ms  err 0.21
[258/300] latency=0.15 S1  FR_SAFE_10  seed  8  goal      clr  0.56  t  14.5  inf  87  N 25.5  mpc   4.8 ms  err 0.23
[259/300] latency=0.15 S1  FR_SAFE_10  seed  9  goal      clr  0.60  t  14.2  inf  85  N 25.1  mpc   4.7 ms  err 0.27
[260/300] latency=0.15 S1  FR_SAFE_10  seed 10  goal      clr  0.44  t  15.1  inf  88  N 25.1  mpc   4.9 ms  err 0.13
[261/300] latency=0.15 S1  FR_SAFE_10  seed 11  goal      clr  0.68  t  14.4  inf  84  N 25.4  mpc   4.6 ms  err 0.25
[262/300] latency=0.15 S1  FR_SAFE_10  seed 12  goal      clr  0.58  t  14.8  inf  85  N 25.8  mpc   4.8 ms  err 0.17
[263/300] latency=0.15 S1  FR_SAFE_10  seed 13  goal      clr  0.65  t  14.2  inf  85  N 25.7  mpc   4.7 ms  err 0.14
[264/300] latency=0.15 S1  FR_SAFE_10  seed 14  goal      clr  0.49  t  15.8  inf  95  N 25.0  mpc   4.8 ms  err 0.15
[265/300] latency=0.15 S1  FR_SAFE_10  seed 15  goal      clr  0.58  t  20.2  inf 118  N 25.4  mpc   5.2 ms  err 0.44
[266/300] latency=0.15 S1  FR_SAFE_10  seed 16  goal      clr  0.72  t  13.9  inf  83  N 25.0  mpc   4.5 ms  err 0.22
[267/300] latency=0.15 S1  FR_SAFE_10  seed 17  goal      clr  0.58  t  14.2  inf  88  N 24.8  mpc   4.6 ms  err 0.14
[268/300] latency=0.15 S1  FR_SAFE_10  seed 18  goal      clr  0.60  t  16.0  inf  98  N 25.0  mpc   4.8 ms  err 0.17
[269/300] latency=0.15 S1  FR_SAFE_10  seed 19  goal      clr  0.56  t  15.1  inf  93  N 25.9  mpc   5.1 ms  err 0.17
[270/300] latency=0.15 S1  FR_SAFE_10  seed 20  goal      clr  0.64  t  14.6  inf  88  N 24.9  mpc   4.5 ms  err 0.31
[271/300] latency=0.15 S1  FR_SAFE_10  seed 21  goal      clr  0.71  t  14.4  inf  82  N 25.2  mpc   4.6 ms  err 0.19
[272/300] latency=0.15 S1  FR_SAFE_10  seed 22  goal      clr  0.59  t  13.9  inf  85  N 25.1  mpc   4.6 ms  err 0.23
[273/300] latency=0.15 S1  FR_SAFE_10  seed 23  goal      clr  0.60  t  14.2  inf  84  N 24.8  mpc   4.6 ms  err 0.21
[274/300] latency=0.15 S1  FR_SAFE_10  seed 24  goal      clr  0.55  t  13.9  inf  80  N 25.0  mpc   4.6 ms  err 0.21
[275/300] latency=0.15 S1  FR_SAFE_10  seed 25  goal      clr  0.62  t  14.5  inf  85  N 25.2  mpc   4.7 ms  err 0.17
[276/300] latency=0.15 S1  FR_SAFE_10  seed 26  goal      clr  0.59  t  14.3  inf  88  N 25.0  mpc   4.7 ms  err 0.33
[277/300] latency=0.15 S1  FR_SAFE_10  seed 27  goal      clr  0.55  t  14.3  inf  85  N 25.5  mpc   4.7 ms  err 0.07
[278/300] latency=0.15 S1  FR_SAFE_10  seed 28  goal      clr  0.65  t  14.1  inf  82  N 25.6  mpc   4.7 ms  err 0.26
[279/300] latency=0.15 S1  FR_SAFE_10  seed 29  goal      clr  0.50  t  16.5  inf  99  N 25.6  mpc   5.1 ms  err 0.22
[280/300] latency=0.15 S1  FR_SAFE_10  seed 30  goal      clr  0.68  t  14.6  inf  84  N 25.2  mpc   4.8 ms  err 0.23
[281/300] latency=0.15 S1  FR_SAFE_10  seed 31  goal      clr  0.55  t  14.8  inf  89  N 25.2  mpc   4.8 ms  err 0.16
[282/300] latency=0.15 S1  FR_SAFE_10  seed 32  goal      clr  0.65  t  14.9  inf  86  N 25.7  mpc   5.0 ms  err 0.11
[283/300] latency=0.15 S1  FR_SAFE_10  seed 33  goal      clr  0.45  t  15.1  inf  91  N 25.4  mpc   5.0 ms  err 0.14
[284/300] latency=0.15 S1  FR_SAFE_10  seed 34  goal      clr  0.47  t  16.0  inf  97  N 25.2  mpc   4.9 ms  err 0.15
[285/300] latency=0.15 S1  FR_SAFE_10  seed 35  goal      clr  0.63  t  15.0  inf  92  N 25.7  mpc   4.9 ms  err 0.18
[286/300] latency=0.15 S1  FR_SAFE_10  seed 36  goal      clr  0.57  t  15.3  inf  93  N 25.2  mpc   4.7 ms  err 0.19
[287/300] latency=0.15 S1  FR_SAFE_10  seed 37  goal      clr  0.52  t  14.5  inf  87  N 25.2  mpc   4.7 ms  err 0.24
[288/300] latency=0.15 S1  FR_SAFE_10  seed 38  goal      clr  0.58  t  15.4  inf  90  N 25.9  mpc   4.9 ms  err 0.27
[289/300] latency=0.15 S1  FR_SAFE_10  seed 39  goal      clr  0.59  t  14.6  inf  84  N 25.9  mpc   5.0 ms  err 0.12
[290/300] latency=0.15 S1  FR_SAFE_10  seed 40  goal      clr  0.65  t  14.8  inf  90  N 25.3  mpc   4.7 ms  err 0.23
[291/300] latency=0.15 S1  FR_SAFE_10  seed 41  goal      clr  0.63  t  15.6  inf  93  N 25.7  mpc   5.1 ms  err 0.14
[292/300] latency=0.15 S1  FR_SAFE_10  seed 42  goal      clr  0.64  t  14.7  inf  86  N 25.4  mpc   4.8 ms  err 0.21
[293/300] latency=0.15 S1  FR_SAFE_10  seed 43  goal      clr  0.35  t  15.7  inf  93  N 25.6  mpc   4.9 ms  err 0.26
[294/300] latency=0.15 S1  FR_SAFE_10  seed 44  goal      clr  0.61  t  13.8  inf  80  N 25.1  mpc   4.5 ms  err 0.24
[295/300] latency=0.15 S1  FR_SAFE_10  seed 45  goal      clr  0.45  t  15.7  inf  95  N 25.0  mpc   4.9 ms  err 0.28
[296/300] latency=0.15 S1  FR_SAFE_10  seed 46  goal      clr  0.54  t  14.8  inf  88  N 25.5  mpc   4.8 ms  err 0.22
[297/300] latency=0.15 S1  FR_SAFE_10  seed 47  goal      clr  0.58  t  14.6  inf  86  N 25.0  mpc   4.6 ms  err 0.20
[298/300] latency=0.15 S1  FR_SAFE_10  seed 48  goal      clr  0.60  t  16.8  inf 102  N 24.9  mpc   4.9 ms  err 0.23
[299/300] latency=0.15 S1  FR_SAFE_10  seed 49  goal      clr  0.71  t  13.9  inf  87  N 25.1  mpc   4.5 ms  err 0.20
[300/300] latency=0.15 S1  FR_SAFE_10  seed 50  goal      clr  0.66  t  14.8  inf  90  N 25.1  mpc   4.7 ms  err 0.23
