[  1/300] latency=0.25 S1  A_FR_FN     seed  1  goal      clr  0.46  t  13.6  inf  50  N 20.0  mpc   5.1 ms  err 0.17
[  2/300] latency=0.25 S1  A_FR_FN     seed  2  goal      clr  0.45  t  13.6  inf  50  N 20.0  mpc   4.9 ms  err 0.19
[  3/300] latency=0.25 S1  A_FR_FN     seed  3  goal      clr  0.37  t  14.2  inf  53  N 20.0  mpc   4.4 ms  err 0.23
[  4/300] latency=0.25 S1  A_FR_FN     seed  4  goal      clr  0.48  t  13.4  inf  50  N 20.0  mpc   4.4 ms  err 0.13
[  5/300] latency=0.25 S1  A_FR_FN     seed  5  goal      clr  0.40  t  14.1  inf  49  N 20.0  mpc   5.1 ms  err 0.28
[  6/300] latency=0.25 S1  A_FR_FN     seed  6  goal      clr  0.45  t  13.4  inf  48  N 20.0  mpc   4.1 ms  err 0.14
[  7/300] latency=0.25 S1  A_FR_FN     seed  7  goal      clr  0.34  t  13.3  inf  50  N 20.0  mpc   4.1 ms  err 0.30
[  8/300] latency=0.25 S1  A_FR_FN     seed  8  goal      clr  0.28  t  13.7  inf  51  N 20.0  mpc   4.2 ms  err 0.26
[  9/300] latency=0.25 S1  A_FR_FN     seed  9  goal      clr  0.30  t  13.6  inf  49  N 20.0  mpc   4.2 ms  err 0.19
[ 10/300] latency=0.25 S1  A_FR_FN     seed 10  goal      clr  0.45  t  13.4  inf  52  N 20.0  mpc   4.2 ms  err 0.15
[ 11/300] latency=0.25 S1  A_FR_FN     seed 11  goal      clr  0.46  t  13.3  inf  49  N 20.0  mpc   4.0 ms  err 0.22
[ 12/300] latency=0.25 S1  A_FR_FN     seed 12  goal      clr  0.36  t  13.4  inf  48  N 20.0  mpc   4.1 ms  err 0.24
[ 13/300] latency=0.25 S1  A_FR_FN     seed 13  goal      clr  0.42  t  13.5  inf  53  N 20.0  mpc   4.2 ms  err 0.14
[ 14/300] latency=0.25 S1  A_FR_FN     seed 14  goal      clr  0.37  t  13.8  inf  52  N 20.0  mpc   4.2 ms  err 0.15
[ 15/300] latency=0.25 S1  A_FR_FN     seed 15  goal      clr  0.37  t  14.5  inf  55  N 20.0  mpc   4.2 ms  err 0.18
[ 16/300] latency=0.25 S1  A_FR_FN     seed 16  goal      clr  0.54  t  13.3  inf  50  N 20.0  mpc   3.9 ms  err 0.20
[ 17/300] latency=0.25 S1  A_FR_FN     seed 17  goal      clr  0.48  t  13.5  inf  53  N 20.0  mpc   4.0 ms  err 0.15
[ 18/300] latency=0.25 S1  A_FR_FN     seed 18  goal      clr  0.39  t  13.8  inf  54  N 20.0  mpc   4.1 ms  err 0.16
[ 19/300] latency=0.25 S1  A_FR_FN     seed 19  goal      clr  0.35  t  14.4  inf  58  N 20.0  mpc   4.2 ms  err 0.18
[ 20/300] latency=0.25 S1  A_FR_FN     seed 20  goal      clr  0.21  t  13.6  inf  51  N 20.0  mpc   4.1 ms  err 0.42
[ 21/300] latency=0.25 S1  A_FR_FN     seed 21  goal      clr  0.47  t  13.5  inf  48  N 20.0  mpc   4.0 ms  err 0.16
[ 22/300] latency=0.25 S1  A_FR_FN     seed 22  goal      clr  0.49  t  13.3  inf  53  N 20.0  mpc   3.9 ms  err 0.25
[ 23/300] latency=0.25 S1  A_FR_FN     seed 23  goal      clr  0.45  t  13.4  inf  50  N 20.0  mpc   4.0 ms  err 0.19
[ 24/300] latency=0.25 S1  A_FR_FN     seed 24  goal      clr  0.44  t  13.2  inf  49  N 20.0  mpc   3.9 ms  err 0.24
[ 25/300] latency=0.25 S1  A_FR_FN     seed 25  goal      clr  0.42  t  13.5  inf  50  N 20.0  mpc   4.1 ms  err 0.16
[ 26/300] latency=0.25 S1  A_FR_FN     seed 26  goal      clr  0.36  t  13.6  inf  52  N 20.0  mpc   4.1 ms  err 0.17
[ 27/300] latency=0.25 S1  A_FR_FN     seed 27  goal      clr  0.44  t  13.6  inf  51  N 20.0  mpc   4.1 ms  err 0.10
[ 28/300] latency=0.25 S1  A_FR_FN     seed 28  goal      clr  0.39  t  13.4  inf  50  N 20.0  mpc   4.1 ms  err 0.21
[ 29/300] latency=0.25 S1  A_FR_FN     seed 29  goal      clr  0.36  t  13.7  inf  52  N 20.0  mpc   4.3 ms  err 0.16
[ 30/300] latency=0.25 S1  A_FR_FN     seed 30  goal      clr  0.53  t  13.4  inf  49  N 20.0  mpc   4.0 ms  err 0.34
[ 31/300] latency=0.25 S1  A_FR_FN     seed 31  goal      clr  0.44  t  13.6  inf  52  N 20.0  mpc   4.1 ms  err 0.18
[ 32/300] latency=0.25 S1  A_FR_FN     seed 32  goal      clr  0.41  t  13.9  inf  50  N 20.0  mpc   4.2 ms  err 0.25
[ 33/300] latency=0.25 S1  A_FR_FN     seed 33  goal      clr  0.54  t  13.4  inf  52  N 20.0  mpc   4.1 ms  err 0.16
[ 34/300] latency=0.25 S1  A_FR_FN     seed 34  goal      clr  0.45  t  13.7  inf  51  N 20.0  mpc   4.2 ms  err 0.13
[ 35/300] latency=0.25 S1  A_FR_FN     seed 35  goal      clr  0.33  t  14.0  inf  55  N 20.0  mpc   4.2 ms  err 0.27
[ 36/300] latency=0.25 S1  A_FR_FN     seed 36  goal      clr  0.46  t  13.4  inf  51  N 20.0  mpc   4.0 ms  err 0.25
[ 37/300] latency=0.25 S1  A_FR_FN     seed 37  goal      clr  0.40  t  17.5  inf  69  N 20.0  mpc   4.3 ms  err 0.18
[ 38/300] latency=0.25 S1  A_FR_FN     seed 38  goal      clr  0.44  t  13.8  inf  50  N 20.0  mpc   4.1 ms  err 0.21
[ 39/300] latency=0.25 S1  A_FR_FN     seed 39  goal      clr  0.40  t  13.9  inf  50  N 20.0  mpc   4.1 ms  err 0.12
[ 40/300] latency=0.25 S1  A_FR_FN     seed 40  goal      clr  0.44  t  13.4  inf  52  N 20.0  mpc   4.0 ms  err 0.30
[ 41/300] latency=0.25 S1  A_FR_FN     seed 41  goal      clr  0.42  t  13.9  inf  51  N 20.0  mpc   4.1 ms  err 0.17
[ 42/300] latency=0.25 S1  A_FR_FN     seed 42  goal      clr  0.52  t  13.7  inf  49  N 20.0  mpc   4.0 ms  err 0.22
[ 43/300] latency=0.25 S1  A_FR_FN     seed 43  goal      clr  0.37  t  14.3  inf  55  N 20.0  mpc   4.2 ms  err 0.14
[ 44/300] latency=0.25 S1  A_FR_FN     seed 44  goal      clr  0.46  t  13.3  inf  49  N 20.0  mpc   4.0 ms  err 0.24
[ 45/300] latency=0.25 S1  A_FR_FN     seed 45  goal      clr  0.29  t  14.0  inf  53  N 20.0  mpc   4.2 ms  err 0.34
[ 46/300] latency=0.25 S1  A_FR_FN     seed 46  goal      clr  0.44  t  13.6  inf  51  N 20.0  mpc   4.0 ms  err 0.23
[ 47/300] latency=0.25 S1  A_FR_FN     seed 47  goal      clr  0.38  t  14.9  inf  54  N 20.0  mpc   4.2 ms  err 0.25
[ 48/300] latency=0.25 S1  A_FR_FN     seed 48  goal      clr  0.39  t  13.6  inf  53  N 20.0  mpc   4.0 ms  err 0.18
[ 49/300] latency=0.25 S1  A_FR_FN     seed 49  goal      clr  0.45  t  13.3  inf  53  N 20.0  mpc   3.9 ms  err 0.15
[ 50/300] latency=0.25 S1  A_FR_FN     seed 50  goal      clr  0.43  t  13.5  inf  52  N 20.0  mpc   4.0 ms  err 0.23
[ 51/300] latency=0.25 S1  E_DART      seed  1  goal      clr  0.58  t  14.3  inf  47  N 26.0  mpc   6.4 ms  err 0.15
[ 52/300] latency=0.25 S1  E_DART      seed  2  goal      clr  0.53  t  15.2  inf  49  N 25.6  mpc   6.6 ms  err 0.19
[ 53/300] latency=0.25 S1  E_DART      seed  3  goal      clr  0.43  t  24.4  inf  82  N 26.5  mpc   7.5 ms  err 0.29
[ 54/300] latency=0.25 S1  E_DART      seed  4  goal      clr  0.65  t  14.9  inf  49  N 25.9  mpc   6.4 ms  err 0.18
[ 55/300] latency=0.25 S1  E_DART      seed  5  goal      clr  0.75  t  15.6  inf  48  N 25.7  mpc   6.5 ms  err 0.28
[ 56/300] latency=0.25 S1  E_DART      seed  6  goal      clr  0.69  t  14.3  inf  46  N 25.4  mpc   6.0 ms  err 0.16
[ 57/300] latency=0.25 S1  E_DART      seed  7  goal      clr  0.66  t  14.5  inf  48  N 25.2  mpc   6.0 ms  err 0.21
[ 58/300] latency=0.25 S1  E_DART      seed  8  goal      clr  0.44  t  20.9  inf  72  N 23.3  mpc   5.8 ms  err 0.65
[ 59/300] latency=0.25 S1  E_DART      seed  9  goal      clr  0.32  t  16.0  inf  52  N 24.6  mpc   6.1 ms  err 0.29
[ 60/300] latency=0.25 S1  E_DART      seed 10  goal      clr  0.59  t  15.1  inf  50  N 25.3  mpc   6.3 ms  err 0.13
[ 61/300] latency=0.25 S1  E_DART      seed 11  goal      clr  0.62  t  14.5  inf  47  N 25.7  mpc   6.2 ms  err 0.22
[ 62/300] latency=0.25 S1  E_DART      seed 12  goal      clr  0.48  t  15.6  inf  50  N 26.0  mpc   6.5 ms  err 0.22
[ 63/300] latency=0.25 S1  E_DART      seed 13  goal      clr  0.49  t  14.3  inf  50  N 25.8  mpc   6.3 ms  err 0.25
[ 64/300] latency=0.25 S1  E_DART      seed 14  goal      clr  0.69  t  15.1  inf  49  N 25.6  mpc   6.5 ms  err 0.19
[ 65/300] latency=0.25 S1  E_DART      seed 15  goal      clr  0.56  t  15.2  inf  51  N 25.5  mpc   6.5 ms  err 0.30
[ 66/300] latency=0.25 S1  E_DART      seed 16  goal      clr  0.72  t  14.4  inf  47  N 25.3  mpc   6.2 ms  err 0.18
[ 67/300] latency=0.25 S1  E_DART      seed 17  goal      clr  0.58  t  16.0  inf  53  N 24.4  mpc   5.9 ms  err 0.19
[ 68/300] latency=0.25 S1  E_DART      seed 18  goal      clr  0.73  t  15.1  inf  52  N 25.9  mpc   6.6 ms  err 0.18
[ 69/300] latency=0.25 S1  E_DART      seed 19  goal      clr  0.57  t  16.1  inf  57  N 25.8  mpc   6.7 ms  err 0.17
[ 70/300] latency=0.25 S1  E_DART      seed 20  goal      clr  0.64  t  14.2  inf  46  N 25.1  mpc   5.9 ms  err 0.29
[ 71/300] latency=0.25 S1  E_DART      seed 21  goal      clr  0.73  t  14.2  inf  45  N 25.6  mpc   6.3 ms  err 0.18
[ 72/300] latency=0.25 S1  E_DART      seed 22  goal      clr  0.63  t  14.1  inf  49  N 25.6  mpc   6.2 ms  err 0.32
[ 73/300] latency=0.25 S1  E_DART      seed 23  goal      clr  0.64  t  14.8  inf  47  N 25.0  mpc   6.0 ms  err 0.22
[ 74/300] latency=0.25 S1  E_DART      seed 24  goal      clr  0.59  t  14.2  inf  45  N 25.3  mpc   6.0 ms  err 0.22
[ 75/300] latency=0.25 S1  E_DART      seed 25  goal      clr  0.62  t  15.1  inf  49  N 25.7  mpc   6.5 ms  err 0.18
[ 76/300] latency=0.25 S1  E_DART      seed 26  goal      clr  0.37  t  19.3  inf  67  N 25.1  mpc   6.6 ms  err 0.36
[ 77/300] latency=0.25 S1  E_DART      seed 27  goal      clr  0.62  t  14.3  inf  48  N 25.9  mpc   6.2 ms  err 0.10
[ 78/300] latency=0.25 S1  E_DART      seed 28  goal      clr  0.64  t  14.1  inf  47  N 25.7  mpc   6.1 ms  err 0.25
[ 79/300] latency=0.25 S1  E_DART      seed 29  goal      clr  0.64  t  15.4  inf  52  N 26.0  mpc   6.8 ms  err 0.14
[ 80/300] latency=0.25 S1  E_DART      seed 30  goal      clr  0.66  t  14.8  inf  48  N 25.4  mpc   6.3 ms  err 0.22
[ 81/300] latency=0.25 S1  E_DART      seed 31  goal      clr  0.58  t  15.0  inf  50  N 25.5  mpc   6.4 ms  err 0.14
[ 82/300] latency=0.25 S1  E_DART      seed 32  goal      clr  0.70  t  14.8  inf  48  N 25.2  mpc   6.4 ms  err 0.21
[ 83/300] latency=0.25 S1  E_DART      seed 33  goal      clr  0.76  t  14.2  inf  48  N 25.3  mpc   6.2 ms  err 0.16
[ 84/300] latency=0.25 S1  E_DART      seed 34  goal      clr  0.40  t  31.1  inf 104  N 22.8  mpc   6.4 ms  err 0.34
[ 85/300] latency=0.25 S1  E_DART      seed 35  goal      clr  0.61  t  17.1  inf  55  N 25.5  mpc   6.6 ms  err 0.30
[ 86/300] latency=0.25 S1  E_DART      seed 36  goal      clr  0.59  t  14.8  inf  51  N 25.9  mpc   6.4 ms  err 0.23
[ 87/300] latency=0.25 S1  E_DART      seed 37  goal      clr  0.54  t  14.5  inf  50  N 25.3  mpc   6.2 ms  err 0.28
[ 88/300] latency=0.25 S1  E_DART      seed 38  goal      clr  0.57  t  17.0  inf  55  N 26.1  mpc   6.8 ms  err 0.16
[ 89/300] latency=0.25 S1  E_DART      seed 39  goal      clr  0.57  t  15.3  inf  50  N 26.1  mpc   6.6 ms  err 0.13
[ 90/300] latency=0.25 S1  E_DART      seed 40  goal      clr  0.60  t  14.5  inf  49  N 25.7  mpc   6.2 ms  err 0.33
[ 91/300] latency=0.25 S1  E_DART      seed 41  goal      clr  0.66  t  18.4  inf  55  N 23.7  mpc   5.8 ms  err 0.22
[ 92/300] latency=0.25 S1  E_DART      seed 42  goal      clr  0.71  t  14.9  inf  47  N 25.8  mpc   6.3 ms  err 0.22
[ 93/300] latency=0.25 S1  E_DART      seed 43  goal      clr  0.63  t  15.6  inf  52  N 25.6  mpc   6.4 ms  err 0.14
[ 94/300] latency=0.25 S1  E_DART      seed 44  goal      clr  0.53  t  14.9  inf  48  N 25.5  mpc   6.2 ms  err 0.22
[ 95/300] latency=0.25 S1  E_DART      seed 45  goal      clr  0.50  t  17.3  inf  59  N 25.6  mpc   6.5 ms  err 0.20
[ 96/300] latency=0.25 S1  E_DART      seed 46  goal      clr  0.58  t  14.4  inf  50  N 25.8  mpc   6.2 ms  err 0.18
[ 97/300] latency=0.25 S1  E_DART      seed 47  goal      clr  0.60  t  16.3  inf  50  N 24.6  mpc   6.2 ms  err 0.25
[ 98/300] latency=0.25 S1  E_DART      seed 48  goal      clr  0.51  t  15.3  inf  53  N 26.0  mpc   6.4 ms  err 0.22
[ 99/300] latency=0.25 S1  E_DART      seed 49  goal      clr  0.52  t  14.2  inf  51  N 25.5  mpc   6.0 ms  err 0.18
[100/300] latency=0.25 S1  E_DART      seed 50  goal      clr  0.63  t  14.4  inf  48  N 25.8  mpc   6.2 ms  err 0.20
[101/300] latency=0.25 S1  F_NODELAY   seed  1  collision clr -0.00  t   4.9  inf  17  N 26.4  mpc   6.8 ms  err 2.02
[102/300] latency=0.25 S1  F_NODELAY   seed  2  collision clr -0.01  t  15.1  inf  56  N 25.6  mpc   6.7 ms  err 1.92
[103/300] latency=0.25 S1  F_NODELAY   seed  3  collision clr -0.01  t  29.3  inf 109  N 23.1  mpc   6.9 ms  err 1.36
[104/300] latency=0.25 S1  F_NODELAY   seed  4  goal      clr  0.04  t  28.6  inf 102  N 25.0  mpc   7.1 ms  err 1.83
[105/300] latency=0.25 S1  F_NODELAY   seed  5  collision clr -0.00  t  14.5  inf  50  N 25.1  mpc   7.4 ms  err 1.67
[106/300] latency=0.25 S1  F_NODELAY   seed  6  collision clr -0.01  t  13.1  inf  45  N 26.8  mpc   7.4 ms  err 1.86
[107/300] latency=0.25 S1  F_NODELAY   seed  7  goal      clr  0.32  t  21.9  inf  67  N 22.0  mpc   5.5 ms  err 2.04
[108/300] latency=0.25 S1  F_NODELAY   seed  8  collision clr -0.01  t  21.5  inf  81  N 26.1  mpc   7.6 ms  err 1.54
[109/300] latency=0.25 S1  F_NODELAY   seed  9  collision clr -0.02  t  10.0  inf  36  N 26.2  mpc   7.1 ms  err 1.66
[110/300] latency=0.25 S1  F_NODELAY   seed 10  collision clr -0.00  t  12.8  inf  49  N 27.8  mpc   8.6 ms  err 1.54
[111/300] latency=0.25 S1  F_NODELAY   seed 11  collision clr -0.00  t  15.7  inf  59  N 28.2  mpc   8.1 ms  err 2.18
[112/300] latency=0.25 S1  F_NODELAY   seed 12  collision clr -0.02  t   2.8  inf  10  N 24.7  mpc   6.2 ms  err 2.09
[113/300] latency=0.25 S1  F_NODELAY   seed 13  collision clr -0.02  t  23.9  inf  85  N 25.2  mpc   6.9 ms  err 1.36
[114/300] latency=0.25 S1  F_NODELAY   seed 14  collision clr -0.00  t   3.0  inf  11  N 25.3  mpc   7.2 ms  err 1.94
[115/300] latency=0.25 S1  F_NODELAY   seed 15  goal      clr  0.02  t  19.7  inf  68  N 25.3  mpc   6.5 ms  err 1.93
[116/300] latency=0.25 S1  F_NODELAY   seed 16  collision clr -0.01  t   8.9  inf  34  N 26.6  mpc   6.6 ms  err 1.71
[117/300] latency=0.25 S1  F_NODELAY   seed 17  collision clr -0.00  t   3.3  inf  13  N 24.8  mpc   6.3 ms  err 2.13
[118/300] latency=0.25 S1  F_NODELAY   seed 18  goal      clr  0.46  t  22.5  inf  72  N 23.9  mpc   6.5 ms  err 1.56
[119/300] latency=0.25 S1  F_NODELAY   seed 19  collision clr -0.01  t  20.8  inf  80  N 26.3  mpc   7.7 ms  err 1.61
[120/300] latency=0.25 S1  F_NODELAY   seed 20  collision clr -0.00  t   9.2  inf  34  N 27.0  mpc   7.5 ms  err 2.59
[121/300] latency=0.25 S1  F_NODELAY   seed 21  goal      clr  0.52  t  23.8  inf  81  N 26.1  mpc   7.5 ms  err 1.67
[122/300] latency=0.25 S1  F_NODELAY   seed 22  goal      clr  0.11  t  27.7  inf  97  N 23.4  mpc   6.1 ms  err 2.60
[123/300] latency=0.25 S1  F_NODELAY   seed 23  collision clr -0.00  t  21.6  inf  78  N 23.4  mpc   7.1 ms  err 1.79
[124/300] latency=0.25 S1  F_NODELAY   seed 24  collision clr -0.04  t  18.4  inf  67  N 20.2  mpc   5.7 ms  err 1.82
[125/300] latency=0.25 S1  F_NODELAY   seed 25  collision clr -0.00  t   3.7  inf  16  N 24.9  mpc   6.9 ms  err 1.82
[126/300] latency=0.25 S1  F_NODELAY   seed 26  collision clr -0.00  t   2.3  inf   9  N 24.1  mpc   5.5 ms  err 2.14
[127/300] latency=0.25 S1  F_NODELAY   seed 27  collision clr -0.00  t   7.4  inf  28  N 26.5  mpc   6.6 ms  err 1.76
[128/300] latency=0.25 S1  F_NODELAY   seed 28  collision clr -0.00  t  21.1  inf  76  N 24.4  mpc   7.4 ms  err 1.66
[129/300] latency=0.25 S1  F_NODELAY   seed 29  collision clr -0.03  t   4.5  inf  17  N 26.9  mpc   7.7 ms  err 1.55
[130/300] latency=0.25 S1  F_NODELAY   seed 30  collision clr -0.00  t  20.9  inf  72  N 26.8  mpc   7.7 ms  err 2.58
[131/300] latency=0.25 S1  F_NODELAY   seed 31  goal      clr  0.05  t  24.3  inf  87  N 25.8  mpc   7.1 ms  err 2.08
[132/300] latency=0.25 S1  F_NODELAY   seed 32  collision clr -0.02  t  11.0  inf  38  N 22.5  mpc   6.3 ms  err 1.73
[133/300] latency=0.25 S1  F_NODELAY   seed 33  timeout   clr  0.09  t  40.0  inf 149  N 25.1  mpc   7.6 ms  err 1.82
[134/300] latency=0.25 S1  F_NODELAY   seed 34  collision clr -0.02  t  19.4  inf  71  N 25.8  mpc   7.6 ms  err 1.72
[135/300] latency=0.25 S1  F_NODELAY   seed 35  collision clr -0.01  t  15.8  inf  62  N 23.6  mpc   6.4 ms  err 1.92
[136/300] latency=0.25 S1  F_NODELAY   seed 36  collision clr -0.00  t  14.4  inf  54  N 26.6  mpc   7.5 ms  err 1.79
[137/300] latency=0.25 S1  F_NODELAY   seed 37  goal      clr  0.04  t  25.0  inf  84  N 23.2  mpc   6.1 ms  err 1.99
[138/300] latency=0.25 S1  F_NODELAY   seed 38  collision clr -0.01  t   3.4  inf  13  N 24.7  mpc   6.4 ms  err 1.75
[139/300] latency=0.25 S1  F_NODELAY   seed 39  goal      clr  0.26  t  19.9  inf  64  N 25.6  mpc   7.0 ms  err 1.63
[140/300] latency=0.25 S1  F_NODELAY   seed 40  collision clr -0.01  t   3.8  inf  15  N 25.2  mpc   6.8 ms  err 1.86
[141/300] latency=0.25 S1  F_NODELAY   seed 41  collision clr -0.00  t  12.3  inf  45  N 26.4  mpc   7.7 ms  err 1.71
[142/300] latency=0.25 S1  F_NODELAY   seed 42  collision clr -0.02  t  13.8  inf  49  N 23.7  mpc   6.6 ms  err 1.38
[143/300] latency=0.25 S1  F_NODELAY   seed 43  goal      clr  0.15  t  30.4  inf 107  N 23.8  mpc   6.4 ms  err 1.56
[144/300] latency=0.25 S1  F_NODELAY   seed 44  collision clr -0.01  t   3.1  inf  12  N 24.8  mpc   7.2 ms  err 1.78
[145/300] latency=0.25 S1  F_NODELAY   seed 45  collision clr -0.00  t   3.9  inf  16  N 25.6  mpc   7.8 ms  err 1.78
[146/300] latency=0.25 S1  F_NODELAY   seed 46  collision clr -0.00  t  11.9  inf  47  N 27.6  mpc   8.3 ms  err 1.48
[147/300] latency=0.25 S1  F_NODELAY   seed 47  collision clr -0.00  t  12.9  inf  47  N 26.0  mpc   7.2 ms  err 1.84
[148/300] latency=0.25 S1  F_NODELAY   seed 48  collision clr -0.01  t   4.3  inf  18  N 26.1  mpc   7.3 ms  err 1.75
[149/300] latency=0.25 S1  F_NODELAY   seed 49  goal      clr  0.19  t  21.8  inf  79  N 24.9  mpc   6.7 ms  err 1.80
[150/300] latency=0.25 S1  F_NODELAY   seed 50  collision clr -0.00  t  17.0  inf  66  N 26.8  mpc   7.6 ms  err 1.45
[151/300] latency=0.25 S1  G_FR_LOW    seed  1  goal      clr  0.55  t  16.3  inf  48  N 25.5  mpc   6.2 ms  err 0.13
[152/300] latency=0.25 S1  G_FR_LOW    seed  2  goal      clr  0.48  t  16.7  inf  49  N 25.2  mpc   6.4 ms  err 0.32
[153/300] latency=0.25 S1  G_FR_LOW    seed  3  goal      clr  0.48  t  16.6  inf  48  N 25.2  mpc   6.7 ms  err 0.21
[154/300] latency=0.25 S1  G_FR_LOW    seed  4  goal      clr  0.62  t  14.6  inf  43  N 25.7  mpc   6.4 ms  err 0.14
[155/300] latency=0.25 S1  G_FR_LOW    seed  5  goal      clr  0.66  t  15.7  inf  45  N 25.7  mpc   6.3 ms  err 0.26
[156/300] latency=0.25 S1  G_FR_LOW    seed  6  goal      clr  0.70  t  14.4  inf  42  N 25.4  mpc   6.0 ms  err 0.19
[157/300] latency=0.25 S1  G_FR_LOW    seed  7  goal      clr  0.55  t  15.5  inf  45  N 25.3  mpc   6.3 ms  err 0.23
[158/300] latency=0.25 S1  G_FR_LOW    seed  8  goal      clr  0.65  t  16.3  inf  47  N 24.8  mpc   6.0 ms  err 0.27
[159/300] latency=0.25 S1  G_FR_LOW    seed  9  goal      clr  0.43  t  15.4  inf  45  N 25.2  mpc   6.4 ms  err 0.30
[160/300] latency=0.25 S1  G_FR_LOW    seed 10  goal      clr  0.58  t  15.0  inf  44  N 25.5  mpc   6.7 ms  err 0.22
[161/300] latency=0.25 S1  G_FR_LOW    seed 11  goal      clr  0.61  t  14.5  inf  42  N 25.7  mpc   6.2 ms  err 0.22
[162/300] latency=0.25 S1  G_FR_LOW    seed 12  goal      clr  0.53  t  15.8  inf  46  N 25.9  mpc   6.4 ms  err 0.16
[163/300] latency=0.25 S1  G_FR_LOW    seed 13  goal      clr  0.71  t  14.2  inf  42  N 26.1  mpc   6.4 ms  err 0.21
[164/300] latency=0.25 S1  G_FR_LOW    seed 14  goal      clr  0.57  t  15.2  inf  44  N 25.9  mpc   6.5 ms  err 0.17
[165/300] latency=0.25 S1  G_FR_LOW    seed 15  goal      clr  0.57  t  17.8  inf  52  N 25.3  mpc   6.8 ms  err 0.21
[166/300] latency=0.25 S1  G_FR_LOW    seed 16  goal      clr  0.66  t  15.2  inf  45  N 25.4  mpc   6.2 ms  err 0.18
[167/300] latency=0.25 S1  G_FR_LOW    seed 17  goal      clr  0.68  t  14.3  inf  42  N 25.1  mpc   6.1 ms  err 0.22
[168/300] latency=0.25 S1  G_FR_LOW    seed 18  goal      clr  0.69  t  14.4  inf  42  N 25.7  mpc   6.3 ms  err 0.15
[169/300] latency=0.25 S1  G_FR_LOW    seed 19  goal      clr  0.50  t  15.3  inf  45  N 25.9  mpc   6.6 ms  err 0.16
[170/300] latency=0.25 S1  G_FR_LOW    seed 20  goal      clr  0.77  t  14.2  inf  42  N 25.4  mpc   6.1 ms  err 0.34
[171/300] latency=0.25 S1  G_FR_LOW    seed 21  goal      clr  0.78  t  14.9  inf  43  N 25.5  mpc   6.3 ms  err 0.18
[172/300] latency=0.25 S1  G_FR_LOW    seed 22  goal      clr  0.30  t  17.2  inf  51  N 25.6  mpc   6.7 ms  err 0.37
[173/300] latency=0.25 S1  G_FR_LOW    seed 23  goal      clr  0.65  t  14.8  inf  43  N 24.7  mpc   6.5 ms  err 0.18
[174/300] latency=0.25 S1  G_FR_LOW    seed 24  goal      clr  0.61  t  15.2  inf  45  N 25.3  mpc   6.6 ms  err 0.27
[175/300] latency=0.25 S1  G_FR_LOW    seed 25  goal      clr  0.67  t  15.3  inf  45  N 25.8  mpc   6.8 ms  err 0.17
[176/300] latency=0.25 S1  G_FR_LOW    seed 26  goal      clr  0.37  t  16.9  inf  50  N 24.8  mpc   6.5 ms  err 0.27
[177/300] latency=0.25 S1  G_FR_LOW    seed 27  goal      clr  0.61  t  14.5  inf  43  N 25.9  mpc   6.6 ms  err 0.10
[178/300] latency=0.25 S1  G_FR_LOW    seed 28  goal      clr  0.67  t  14.1  inf  42  N 26.1  mpc   6.6 ms  err 0.34
[179/300] latency=0.25 S1  G_FR_LOW    seed 29  goal      clr  0.41  t  17.5  inf  51  N 26.5  mpc   7.3 ms  err 0.21
[180/300] latency=0.25 S1  G_FR_LOW    seed 30  goal      clr  0.70  t  15.3  inf  45  N 25.6  mpc   6.7 ms  err 0.28
[181/300] latency=0.25 S1  G_FR_LOW    seed 31  goal      clr  0.58  t  16.7  inf  49  N 25.9  mpc   6.9 ms  err 0.21
[182/300] latency=0.25 S1  G_FR_LOW    seed 32  goal      clr  0.66  t  14.8  inf  43  N 25.9  mpc   6.8 ms  err 0.24
[183/300] latency=0.25 S1  G_FR_LOW    seed 33  goal      clr  0.75  t  14.2  inf  42  N 25.3  mpc   6.4 ms  err 0.10
[184/300] latency=0.25 S1  G_FR_LOW    seed 34  goal      clr  0.54  t  14.7  inf  43  N 25.3  mpc   6.6 ms  err 0.14
[185/300] latency=0.25 S1  G_FR_LOW    seed 35  goal      clr  0.64  t  14.6  inf  43  N 25.8  mpc   6.5 ms  err 0.26
[186/300] latency=0.25 S1  G_FR_LOW    seed 36  goal      clr  0.56  t  15.9  inf  46  N 25.1  mpc   6.2 ms  err 0.23
[187/300] latency=0.25 S1  G_FR_LOW    seed 37  goal      clr  0.69  t  14.0  inf  41  N 25.1  mpc   6.0 ms  err 0.15
[188/300] latency=0.25 S1  G_FR_LOW    seed 38  goal      clr  0.66  t  16.5  inf  48  N 26.0  mpc   7.0 ms  err 0.15
[189/300] latency=0.25 S1  G_FR_LOW    seed 39  goal      clr  0.62  t  15.8  inf  45  N 26.4  mpc   7.0 ms  err 0.12
[190/300] latency=0.25 S1  G_FR_LOW    seed 40  goal      clr  0.37  t  16.5  inf  49  N 24.7  mpc   6.6 ms  err 0.32
[191/300] latency=0.25 S1  G_FR_LOW    seed 41  goal      clr  0.64  t  15.9  inf  47  N 26.0  mpc   7.1 ms  err 0.15
[192/300] latency=0.25 S1  G_FR_LOW    seed 42  goal      clr  0.69  t  15.2  inf  44  N 25.7  mpc   6.6 ms  err 0.17
[193/300] latency=0.25 S1  G_FR_LOW    seed 43  goal      clr  0.57  t  16.1  inf  48  N 24.5  mpc   6.2 ms  err 0.21
[194/300] latency=0.25 S1  G_FR_LOW    seed 44  goal      clr  0.64  t  14.1  inf  41  N 25.2  mpc   6.2 ms  err 0.26
[195/300] latency=0.25 S1  G_FR_LOW    seed 45  goal      clr  0.52  t  16.4  inf  48  N 26.1  mpc   7.0 ms  err 0.19
[196/300] latency=0.25 S1  G_FR_LOW    seed 46  goal      clr  0.62  t  14.4  inf  42  N 26.1  mpc   6.6 ms  err 0.21
[197/300] latency=0.25 S1  G_FR_LOW    seed 47  goal      clr  0.52  t  14.9  inf  43  N 25.4  mpc   6.8 ms  err 0.34
[198/300] latency=0.25 S1  G_FR_LOW    seed 48  goal      clr  0.49  t  16.3  inf  48  N 25.9  mpc   7.1 ms  err 0.38
[199/300] latency=0.25 S1  G_FR_LOW    seed 49  goal      clr  0.73  t  14.3  inf  42  N 25.6  mpc   6.5 ms  err 0.17
[200/300] latency=0.25 S1  G_FR_LOW    seed 50  goal      clr  0.40  t  16.1  inf  48  N 25.6  mpc   6.8 ms  err 0.36
[201/300] latency=0.25 S1  FR_SAFE_5   seed  1  goal      clr  0.58  t  14.5  inf  53  N 25.9  mpc   6.6 ms  err 0.18
[202/300] latency=0.25 S1  FR_SAFE_5   seed  2  goal      clr  0.54  t  19.3  inf  72  N 26.2  mpc   7.3 ms  err 0.25
[203/300] latency=0.25 S1  FR_SAFE_5   seed  3  goal      clr  0.39  t  18.5  inf  69  N 26.0  mpc   7.5 ms  err 0.32
[204/300] latency=0.25 S1  FR_SAFE_5   seed  4  goal      clr  0.69  t  15.1  inf  57  N 25.0  mpc   6.4 ms  err 0.17
[205/300] latency=0.25 S1  FR_SAFE_5   seed  5  goal      clr  0.67  t  16.2  inf  55  N 25.6  mpc   6.8 ms  err 0.41
[206/300] latency=0.25 S1  FR_SAFE_5   seed  6  goal      clr  0.68  t  14.2  inf  51  N 25.5  mpc   6.3 ms  err 0.15
[207/300] latency=0.25 S1  FR_SAFE_5   seed  7  goal      clr  0.67  t  14.4  inf  53  N 25.2  mpc   6.4 ms  err 0.18
[208/300] latency=0.25 S1  FR_SAFE_5   seed  8  goal      clr  0.67  t  15.8  inf  59  N 25.5  mpc   6.7 ms  err 0.22
[209/300] latency=0.25 S1  FR_SAFE_5   seed  9  goal      clr  0.45  t  14.8  inf  53  N 25.2  mpc   6.5 ms  err 0.26
[210/300] latency=0.25 S1  FR_SAFE_5   seed 10  goal      clr  0.62  t  14.8  inf  56  N 25.5  mpc   6.7 ms  err 0.22
[211/300] latency=0.25 S1  FR_SAFE_5   seed 11  goal      clr  0.64  t  14.4  inf  53  N 25.7  mpc   6.4 ms  err 0.23
[212/300] latency=0.25 S1  FR_SAFE_5   seed 12  goal      clr  0.48  t  15.4  inf  55  N 26.0  mpc   6.7 ms  err 0.20
[213/300] latency=0.25 S1  FR_SAFE_5   seed 13  goal      clr  0.43  t  15.8  inf  60  N 26.3  mpc   7.0 ms  err 0.31
[214/300] latency=0.25 S1  FR_SAFE_5   seed 14  goal      clr  0.52  t  19.7  inf  73  N 25.5  mpc   6.9 ms  err 0.15
[215/300] latency=0.25 S1  FR_SAFE_5   seed 15  goal      clr  0.50  t  16.2  inf  60  N 25.5  mpc   6.9 ms  err 0.24
[216/300] latency=0.25 S1  FR_SAFE_5   seed 16  goal      clr  0.71  t  15.3  inf  57  N 25.4  mpc   6.3 ms  err 0.15
[217/300] latency=0.25 S1  FR_SAFE_5   seed 17  goal      clr  0.65  t  14.2  inf  55  N 25.0  mpc   6.2 ms  err 0.14
[218/300] latency=0.25 S1  FR_SAFE_5   seed 18  goal      clr  0.60  t  15.0  inf  59  N 25.8  mpc   6.6 ms  err 0.22
[219/300] latency=0.25 S1  FR_SAFE_5   seed 19  goal      clr  0.52  t  15.8  inf  62  N 26.2  mpc   7.2 ms  err 0.16
[220/300] latency=0.25 S1  FR_SAFE_5   seed 20  goal      clr  0.69  t  14.6  inf  54  N 25.2  mpc   6.3 ms  err 0.36
[221/300] latency=0.25 S1  FR_SAFE_5   seed 21  goal      clr  0.70  t  14.1  inf  50  N 25.5  mpc   6.4 ms  err 0.21
[222/300] latency=0.25 S1  FR_SAFE_5   seed 22  goal      clr  0.65  t  14.4  inf  56  N 25.4  mpc   6.4 ms  err 0.27
[223/300] latency=0.25 S1  FR_SAFE_5   seed 23  goal      clr  0.64  t  15.7  inf  57  N 25.2  mpc   6.5 ms  err 0.21
[224/300] latency=0.25 S1  FR_SAFE_5   seed 24  goal      clr  0.51  t  14.2  inf  53  N 25.5  mpc   6.3 ms  err 0.22
[225/300] latency=0.25 S1  FR_SAFE_5   seed 25  goal      clr  0.61  t  15.8  inf  57  N 26.1  mpc   6.6 ms  err 0.15
[226/300] latency=0.25 S1  FR_SAFE_5   seed 26  goal      clr  0.35  t  16.8  inf  65  N 24.5  mpc   6.1 ms  err 0.44
[227/300] latency=0.25 S1  FR_SAFE_5   seed 27  goal      clr  0.63  t  14.3  inf  52  N 25.8  mpc   6.2 ms  err 0.10
[228/300] latency=0.25 S1  FR_SAFE_5   seed 28  goal      clr  0.62  t  14.2  inf  52  N 25.7  mpc   5.9 ms  err 0.20
[229/300] latency=0.25 S1  FR_SAFE_5   seed 29  goal      clr  0.52  t  17.6  inf  68  N 26.4  mpc   6.7 ms  err 0.14
[230/300] latency=0.25 S1  FR_SAFE_5   seed 30  goal      clr  0.61  t  14.8  inf  53  N 25.3  mpc   6.1 ms  err 0.23
[231/300] latency=0.25 S1  FR_SAFE_5   seed 31  goal      clr  0.51  t  15.1  inf  58  N 25.6  mpc   6.4 ms  err 0.16
[232/300] latency=0.25 S1  FR_SAFE_5   seed 32  goal      clr  0.68  t  15.0  inf  54  N 25.5  mpc   6.6 ms  err 0.22
[233/300] latency=0.25 S1  FR_SAFE_5   seed 33  goal      clr  0.76  t  14.1  inf  54  N 25.3  mpc   6.0 ms  err 0.15
[234/300] latency=0.25 S1  FR_SAFE_5   seed 34  goal      clr  0.64  t  14.8  inf  56  N 25.1  mpc   6.1 ms  err 0.16
[235/300] latency=0.25 S1  FR_SAFE_5   seed 35  goal      clr  0.57  t  14.4  inf  56  N 25.7  mpc   6.1 ms  err 0.30
[236/300] latency=0.25 S1  FR_SAFE_5   seed 36  goal      clr  0.56  t  14.8  inf  55  N 25.7  mpc   6.3 ms  err 0.19
[237/300] latency=0.25 S1  FR_SAFE_5   seed 37  goal      clr  0.61  t  17.9  inf  69  N 24.1  mpc   6.1 ms  err 0.20
[238/300] latency=0.25 S1  FR_SAFE_5   seed 38  goal      clr  0.63  t  15.3  inf  56  N 26.1  mpc   6.7 ms  err 0.20
[239/300] latency=0.25 S1  FR_SAFE_5   seed 39  goal      clr  0.50  t  14.7  inf  52  N 26.4  mpc   6.4 ms  err 0.24
[240/300] latency=0.25 S1  FR_SAFE_5   seed 40  goal      clr  0.59  t  15.4  inf  59  N 25.8  mpc   6.2 ms  err 0.32
[241/300] latency=0.25 S1  FR_SAFE_5   seed 41  goal      clr  0.54  t  17.0  inf  63  N 26.0  mpc   6.6 ms  err 0.16
[242/300] latency=0.25 S1  FR_SAFE_5   seed 42  goal      clr  0.63  t  14.8  inf  53  N 25.8  mpc   6.3 ms  err 0.24
[243/300] latency=0.25 S1  FR_SAFE_5   seed 43  goal      clr  0.55  t  17.2  inf  66  N 23.6  mpc   5.7 ms  err 0.21
[244/300] latency=0.25 S1  FR_SAFE_5   seed 44  goal      clr  0.56  t  15.0  inf  55  N 25.1  mpc   6.3 ms  err 0.16
[245/300] latency=0.25 S1  FR_SAFE_5   seed 45  goal      clr  0.57  t  16.4  inf  62  N 26.3  mpc   6.8 ms  err 0.18
[246/300] latency=0.25 S1  FR_SAFE_5   seed 46  goal      clr  0.61  t  14.4  inf  54  N 26.0  mpc   6.4 ms  err 0.22
[247/300] latency=0.25 S1  FR_SAFE_5   seed 47  goal      clr  0.51  t  15.3  inf  56  N 25.2  mpc   6.2 ms  err 0.29
[248/300] latency=0.25 S1  FR_SAFE_5   seed 48  goal      clr  0.67  t  17.4  inf  66  N 25.0  mpc   6.6 ms  err 0.31
[249/300] latency=0.25 S1  FR_SAFE_5   seed 49  goal      clr  0.60  t  14.0  inf  55  N 25.5  mpc   6.0 ms  err 0.17
[250/300] latency=0.25 S1  FR_SAFE_5   seed 50  goal      clr  0.68  t  14.5  inf  56  N 25.9  mpc   6.4 ms  err 0.17
[251/300] latency=0.25 S1  FR_SAFE_10  seed  1  goal      clr  0.62  t  14.7  inf  54  N 25.7  mpc   6.3 ms  err 0.18
[252/300] latency=0.25 S1  FR_SAFE_10  seed  2  goal      clr  0.55  t  16.3  inf  61  N 25.1  mpc   6.5 ms  err 0.30
[253/300] latency=0.25 S1  FR_SAFE_10  seed  3  goal      clr  0.48  t  22.7  inf  86  N 26.2  mpc   7.3 ms  err 0.34
[254/300] latency=0.25 S1  FR_SAFE_10  seed  4  goal      clr  0.59  t  15.1  inf  57  N 25.5  mpc   6.4 ms  err 0.16
[255/300] latency=0.25 S1  FR_SAFE_10  seed  5  goal      clr  0.72  t  15.5  inf  53  N 25.7  mpc   6.7 ms  err 0.27
[256/300] latency=0.25 S1  FR_SAFE_10  seed  6  goal      clr  0.69  t  14.3  inf  51  N 25.5  mpc   6.2 ms  err 0.14
[257/300] latency=0.25 S1  FR_SAFE_10  seed  7  goal      clr  0.66  t  14.2  inf  53  N 25.2  mpc   6.0 ms  err 0.14
[258/300] latency=0.25 S1  FR_SAFE_10  seed  8  goal      clr  0.57  t  15.7  inf  59  N 25.6  mpc   6.4 ms  err 0.24
[259/300] latency=0.25 S1  FR_SAFE_10  seed  9  goal      clr  0.67  t  14.3  inf  52  N 25.3  mpc   6.1 ms  err 0.23
[260/300] latency=0.25 S1  FR_SAFE_10  seed 10  goal      clr  0.64  t  15.2  inf  58  N 25.3  mpc   6.4 ms  err 0.21
[261/300] latency=0.25 S1  FR_SAFE_10  seed 11  goal      clr  0.66  t  14.6  inf  54  N 25.5  mpc   6.1 ms  err 0.24
[262/300] latency=0.25 S1  FR_SAFE_10  seed 12  goal      clr  0.48  t  15.6  inf  56  N 25.9  mpc   6.5 ms  err 0.21
[263/300] latency=0.25 S1  FR_SAFE_10  seed 13  goal      clr  0.62  t  14.1  inf  55  N 25.8  mpc   6.2 ms  err 0.16
[264/300] latency=0.25 S1  FR_SAFE_10  seed 14  goal      clr  0.52  t  19.0  inf  71  N 24.8  mpc   6.3 ms  err 0.15
[265/300] latency=0.25 S1  FR_SAFE_10  seed 15  goal      clr  0.59  t  15.9  inf  60  N 25.7  mpc   6.7 ms  err 0.27
[266/300] latency=0.25 S1  FR_SAFE_10  seed 16  goal      clr  0.67  t  14.8  inf  56  N 25.3  mpc   6.1 ms  err 0.26
[267/300] latency=0.25 S1  FR_SAFE_10  seed 17  goal      clr  0.60  t  14.3  inf  56  N 25.1  mpc   6.1 ms  err 0.14
[268/300] latency=0.25 S1  FR_SAFE_10  seed 18  goal      clr  0.58  t  14.5  inf  57  N 25.7  mpc   6.4 ms  err 0.21
[269/300] latency=0.25 S1  FR_SAFE_10  seed 19  goal      clr  0.56  t  16.0  inf  63  N 25.9  mpc   6.7 ms  err 0.18
[270/300] latency=0.25 S1  FR_SAFE_10  seed 20  goal      clr  0.70  t  15.1  inf  57  N 25.4  mpc   6.1 ms  err 0.23
[271/300] latency=0.25 S1  FR_SAFE_10  seed 21  goal      clr  0.71  t  14.2  inf  51  N 25.5  mpc   6.1 ms  err 0.23
[272/300] latency=0.25 S1  FR_SAFE_10  seed 22  goal      clr  0.60  t  14.2  inf  56  N 25.5  mpc   6.1 ms  err 0.32
[273/300] latency=0.25 S1  FR_SAFE_10  seed 23  goal      clr  0.64  t  14.9  inf  55  N 25.0  mpc   6.1 ms  err 0.18
[274/300] latency=0.25 S1  FR_SAFE_10  seed 24  goal      clr  0.51  t  14.2  inf  53  N 25.5  mpc   6.1 ms  err 0.19
[275/300] latency=0.25 S1  FR_SAFE_10  seed 25  goal      clr  0.64  t  15.8  inf  58  N 26.0  mpc   6.6 ms  err 0.13
[276/300] latency=0.25 S1  FR_SAFE_10  seed 26  goal      clr  0.37  t  18.8  inf  74  N 25.3  mpc   6.6 ms  err 0.31
[277/300] latency=0.25 S1  FR_SAFE_10  seed 27  goal      clr  0.61  t  14.3  inf  53  N 25.8  mpc   6.1 ms  err 0.11
[278/300] latency=0.25 S1  FR_SAFE_10  seed 28  goal      clr  0.67  t  14.3  inf  53  N 25.6  mpc   6.0 ms  err 0.29
[279/300] latency=0.25 S1  FR_SAFE_10  seed 29  goal      clr  0.54  t  16.0  inf  62  N 26.0  mpc   6.7 ms  err 0.16
[280/300] latency=0.25 S1  FR_SAFE_10  seed 30  goal      clr  0.61  t  15.2  inf  55  N 25.4  mpc   6.2 ms  err 0.25
[281/300] latency=0.25 S1  FR_SAFE_10  seed 31  goal      clr  0.59  t  15.0  inf  58  N 25.6  mpc   6.3 ms  err 0.17
[282/300] latency=0.25 S1  FR_SAFE_10  seed 32  goal      clr  0.71  t  15.0  inf  54  N 25.3  mpc   6.3 ms  err 0.24
[283/300] latency=0.25 S1  FR_SAFE_10  seed 33  goal      clr  0.73  t  14.1  inf  55  N 25.4  mpc   6.1 ms  err 0.18
[284/300] latency=0.25 S1  FR_SAFE_10  seed 34  goal      clr  0.59  t  14.6  inf  56  N 25.0  mpc   6.1 ms  err 0.13
[285/300] latency=0.25 S1  FR_SAFE_10  seed 35  goal      clr  0.63  t  14.6  inf  58  N 25.8  mpc   6.3 ms  err 0.40
[286/300] latency=0.25 S1  FR_SAFE_10  seed 36  goal      clr  0.63  t  15.1  inf  57  N 25.9  mpc   6.4 ms  err 0.22
[287/300] latency=0.25 S1  FR_SAFE_10  seed 37  goal      clr  0.63  t  14.8  inf  58  N 25.0  mpc   6.2 ms  err 0.31
[288/300] latency=0.25 S1  FR_SAFE_10  seed 38  goal      clr  0.64  t  15.2  inf  56  N 26.1  mpc   6.9 ms  err 0.20
[289/300] latency=0.25 S1  FR_SAFE_10  seed 39  goal      clr  0.55  t  15.3  inf  55  N 26.2  mpc   6.8 ms  err 0.11
[290/300] latency=0.25 S1  FR_SAFE_10  seed 40  goal      clr  0.61  t  14.4  inf  56  N 25.9  mpc   6.3 ms  err 0.34
[291/300] latency=0.25 S1  FR_SAFE_10  seed 41  goal      clr  0.58  t  16.4  inf  61  N 26.5  mpc   6.9 ms  err 0.22
[292/300] latency=0.25 S1  FR_SAFE_10  seed 42  goal      clr  0.69  t  14.8  inf  54  N 25.8  mpc   6.6 ms  err 0.23
[293/300] latency=0.25 S1  FR_SAFE_10  seed 43  goal      clr  0.51  t  19.3  inf  74  N 24.3  mpc   6.7 ms  err 0.14
[294/300] latency=0.25 S1  FR_SAFE_10  seed 44  goal      clr  0.61  t  14.6  inf  54  N 25.1  mpc   6.4 ms  err 0.19
[295/300] latency=0.25 S1  FR_SAFE_10  seed 45  goal      clr  0.49  t  19.1  inf  73  N 24.2  mpc   6.4 ms  err 0.18
[296/300] latency=0.25 S1  FR_SAFE_10  seed 46  goal      clr  0.67  t  14.6  inf  55  N 25.9  mpc   6.5 ms  err 0.21
[297/300] latency=0.25 S1  FR_SAFE_10  seed 47  goal      clr  0.51  t  15.3  inf  56  N 25.0  mpc   6.5 ms  err 0.27
[298/300] latency=0.25 S1  FR_SAFE_10  seed 48  goal      clr  0.55  t  15.7  inf  60  N 25.3  mpc   6.7 ms  err 0.21
[299/300] latency=0.25 S1  FR_SAFE_10  seed 49  goal      clr  0.62  t  14.1  inf  56  N 25.5  mpc   6.3 ms  err 0.16
[300/300] latency=0.25 S1  FR_SAFE_10  seed 50  goal      clr  0.68  t  14.5  inf  57  N 25.9  mpc   6.7 ms  err 0.18
