[  1/300] latency=0.05 S1  A_FR_FN     seed  1  goal      clr  0.42  t  13.5  inf 135  N 20.0  mpc   3.5 ms  err 0.15
[  2/300] latency=0.05 S1  A_FR_FN     seed  2  goal      clr  0.46  t  13.6  inf 136  N 20.0  mpc   3.0 ms  err 0.16
[  3/300] latency=0.05 S1  A_FR_FN     seed  3  goal      clr  0.46  t  20.3  inf 203  N 20.0  mpc   2.6 ms  err 0.18
[  4/300] latency=0.05 S1  A_FR_FN     seed  4  goal      clr  0.46  t  13.5  inf 135  N 20.0  mpc   2.4 ms  err 0.16
[  5/300] latency=0.05 S1  A_FR_FN     seed  5  goal      clr  0.47  t  14.1  inf 140  N 20.0  mpc   2.5 ms  err 0.27
[  6/300] latency=0.05 S1  A_FR_FN     seed  6  goal      clr  0.44  t  13.4  inf 134  N 20.0  mpc   2.3 ms  err 0.12
[  7/300] latency=0.05 S1  A_FR_FN     seed  7  goal      clr  0.39  t  13.3  inf 133  N 20.0  mpc   2.3 ms  err 0.30
[  8/300] latency=0.05 S1  A_FR_FN     seed  8  goal      clr  0.31  t  13.8  inf 138  N 20.0  mpc   2.4 ms  err 0.19
[  9/300] latency=0.05 S1  A_FR_FN     seed  9  goal      clr  0.33  t  13.6  inf 137  N 20.0  mpc   2.3 ms  err 0.21
[ 10/300] latency=0.05 S1  A_FR_FN     seed 10  goal      clr  0.33  t  13.5  inf 135  N 20.0  mpc   2.4 ms  err 0.29
[ 11/300] latency=0.05 S1  A_FR_FN     seed 11  goal      clr  0.43  t  13.3  inf 134  N 20.0  mpc   2.2 ms  err 0.23
[ 12/300] latency=0.05 S1  A_FR_FN     seed 12  goal      clr  0.49  t  13.6  inf 136  N 20.0  mpc   2.3 ms  err 0.14
[ 13/300] latency=0.05 S1  A_FR_FN     seed 13  goal      clr  0.46  t  13.6  inf 136  N 20.0  mpc   2.3 ms  err 0.12
[ 14/300] latency=0.05 S1  A_FR_FN     seed 14  goal      clr  0.41  t  14.3  inf 143  N 20.0  mpc   2.4 ms  err 0.32
[ 15/300] latency=0.05 S1  A_FR_FN     seed 15  goal      clr  0.34  t  14.2  inf 141  N 20.0  mpc   2.5 ms  err 0.16
[ 16/300] latency=0.05 S1  A_FR_FN     seed 16  goal      clr  0.49  t  13.3  inf 133  N 20.0  mpc   2.3 ms  err 0.25
[ 17/300] latency=0.05 S1  A_FR_FN     seed 17  goal      clr  0.44  t  13.7  inf 137  N 20.0  mpc   2.3 ms  err 0.13
[ 18/300] latency=0.05 S1  A_FR_FN     seed 18  goal      clr  0.41  t  13.7  inf 137  N 20.0  mpc   2.3 ms  err 0.19
[ 19/300] latency=0.05 S1  A_FR_FN     seed 19  goal      clr  0.39  t  14.1  inf 141  N 20.0  mpc   2.4 ms  err 0.15
[ 20/300] latency=0.05 S1  A_FR_FN     seed 20  goal      clr  0.25  t  13.6  inf 137  N 20.0  mpc   2.3 ms  err 0.29
[ 21/300] latency=0.05 S1  A_FR_FN     seed 21  goal      clr  0.47  t  13.5  inf 135  N 20.0  mpc   2.3 ms  err 0.16
[ 22/300] latency=0.05 S1  A_FR_FN     seed 22  goal      clr  0.51  t  13.3  inf 134  N 20.0  mpc   2.3 ms  err 0.16
[ 23/300] latency=0.05 S1  A_FR_FN     seed 23  goal      clr  0.52  t  13.4  inf 134  N 20.0  mpc   2.3 ms  err 0.23
[ 24/300] latency=0.05 S1  A_FR_FN     seed 24  goal      clr  0.51  t  13.2  inf 133  N 20.0  mpc   2.2 ms  err 0.22
[ 25/300] latency=0.05 S1  A_FR_FN     seed 25  goal      clr  0.44  t  13.5  inf 135  N 20.0  mpc   2.2 ms  err 0.20
[ 26/300] latency=0.05 S1  A_FR_FN     seed 26  goal      clr  0.45  t  13.6  inf 137  N 20.0  mpc   2.3 ms  err 0.29
[ 27/300] latency=0.05 S1  A_FR_FN     seed 27  goal      clr  0.40  t  13.6  inf 136  N 20.0  mpc   2.3 ms  err 0.11
[ 28/300] latency=0.05 S1  A_FR_FN     seed 28  goal      clr  0.42  t  13.4  inf 135  N 20.0  mpc   2.2 ms  err 0.20
[ 29/300] latency=0.05 S1  A_FR_FN     seed 29  goal      clr  0.38  t  13.8  inf 138  N 20.0  mpc   2.3 ms  err 0.19
[ 30/300] latency=0.05 S1  A_FR_FN     seed 30  goal      clr  0.59  t  13.4  inf 134  N 20.0  mpc   2.3 ms  err 0.23
[ 31/300] latency=0.05 S1  A_FR_FN     seed 31  goal      clr  0.47  t  13.7  inf 137  N 20.0  mpc   2.3 ms  err 0.21
[ 32/300] latency=0.05 S1  A_FR_FN     seed 32  goal      clr  0.38  t  13.9  inf 140  N 20.0  mpc   2.3 ms  err 0.13
[ 33/300] latency=0.05 S1  A_FR_FN     seed 33  goal      clr  0.52  t  13.3  inf 133  N 20.0  mpc   2.2 ms  err 0.12
[ 34/300] latency=0.05 S1  A_FR_FN     seed 34  goal      clr  0.40  t  13.8  inf 138  N 20.0  mpc   2.3 ms  err 0.12
[ 35/300] latency=0.05 S1  A_FR_FN     seed 35  goal      clr  0.40  t  13.9  inf 139  N 20.0  mpc   2.3 ms  err 0.17
[ 36/300] latency=0.05 S1  A_FR_FN     seed 36  goal      clr  0.42  t  13.4  inf 135  N 20.0  mpc   2.3 ms  err 0.19
[ 37/300] latency=0.05 S1  A_FR_FN     seed 37  goal      clr  0.38  t  16.1  inf 161  N 20.0  mpc   2.4 ms  err 0.16
[ 38/300] latency=0.05 S1  A_FR_FN     seed 38  goal      clr  0.46  t  13.8  inf 138  N 20.0  mpc   2.3 ms  err 0.21
[ 39/300] latency=0.05 S1  A_FR_FN     seed 39  goal      clr  0.42  t  14.1  inf 141  N 20.0  mpc   2.4 ms  err 0.08
[ 40/300] latency=0.05 S1  A_FR_FN     seed 40  goal      clr  0.46  t  13.5  inf 135  N 20.0  mpc   2.2 ms  err 0.17
[ 41/300] latency=0.05 S1  A_FR_FN     seed 41  goal      clr  0.47  t  13.8  inf 138  N 20.0  mpc   2.4 ms  err 0.23
[ 42/300] latency=0.05 S1  A_FR_FN     seed 42  goal      clr  0.40  t  13.8  inf 138  N 20.0  mpc   2.5 ms  err 0.17
[ 43/300] latency=0.05 S1  A_FR_FN     seed 43  goal      clr  0.38  t  13.9  inf 139  N 20.0  mpc   2.4 ms  err 0.20
[ 44/300] latency=0.05 S1  A_FR_FN     seed 44  goal      clr  0.50  t  13.3  inf 133  N 20.0  mpc   2.3 ms  err 0.17
[ 45/300] latency=0.05 S1  A_FR_FN     seed 45  goal      clr  0.36  t  13.8  inf 139  N 20.0  mpc   2.4 ms  err 0.26
[ 46/300] latency=0.05 S1  A_FR_FN     seed 46  goal      clr  0.40  t  13.6  inf 136  N 20.0  mpc   2.5 ms  err 0.22
[ 47/300] latency=0.05 S1  A_FR_FN     seed 47  goal      clr  0.38  t  14.2  inf 142  N 20.0  mpc   2.5 ms  err 0.24
[ 48/300] latency=0.05 S1  A_FR_FN     seed 48  goal      clr  0.38  t  13.6  inf 136  N 20.0  mpc   2.6 ms  err 0.24
[ 49/300] latency=0.05 S1  A_FR_FN     seed 49  goal      clr  0.50  t  13.4  inf 134  N 20.0  mpc   2.4 ms  err 0.14
[ 50/300] latency=0.05 S1  A_FR_FN     seed 50  goal      clr  0.34  t  13.5  inf 135  N 20.0  mpc   2.6 ms  err 0.13
[ 51/300] latency=0.05 S1  E_DART      seed  1  goal      clr  0.40  t  14.9  inf 130  N 25.7  mpc   4.3 ms  err 0.16
[ 52/300] latency=0.05 S1  E_DART      seed  2  goal      clr  0.46  t  15.3  inf 122  N 24.8  mpc   4.2 ms  err 0.21
[ 53/300] latency=0.05 S1  E_DART      seed  3  goal      clr  0.57  t  15.8  inf 151  N 25.2  mpc   4.2 ms  err 0.22
[ 54/300] latency=0.05 S1  E_DART      seed  4  goal      clr  0.45  t  16.2  inf 112  N 25.6  mpc   3.9 ms  err 0.24
[ 55/300] latency=0.05 S1  E_DART      seed  5  goal      clr  0.50  t  16.1  inf 137  N 24.6  mpc   4.0 ms  err 0.27
[ 56/300] latency=0.05 S1  E_DART      seed  6  goal      clr  0.62  t  13.9  inf 103  N 25.1  mpc   3.4 ms  err 0.17
[ 57/300] latency=0.05 S1  E_DART      seed  7  goal      clr  0.56  t  15.9  inf 137  N 24.4  mpc   3.4 ms  err 0.28
[ 58/300] latency=0.05 S1  E_DART      seed  8  goal      clr  0.53  t  14.7  inf 126  N 25.6  mpc   3.6 ms  err 0.33
[ 59/300] latency=0.05 S1  E_DART      seed  9  goal      clr  0.48  t  15.7  inf 123  N 25.4  mpc   3.8 ms  err 0.44
[ 60/300] latency=0.05 S1  E_DART      seed 10  goal      clr  0.65  t  14.6  inf 125  N 24.7  mpc   3.6 ms  err 0.17
[ 61/300] latency=0.05 S1  E_DART      seed 11  goal      clr  0.60  t  14.5  inf 108  N 25.2  mpc   3.4 ms  err 0.20
[ 62/300] latency=0.05 S1  E_DART      seed 12  goal      clr  0.55  t  25.0  inf 151  N 22.2  mpc   3.4 ms  err 0.45
[ 63/300] latency=0.05 S1  E_DART      seed 13  goal      clr  0.66  t  14.2  inf 113  N 25.3  mpc   3.6 ms  err 0.21
[ 64/300] latency=0.05 S1  E_DART      seed 14  goal      clr  0.59  t  14.5  inf 112  N 25.5  mpc   3.7 ms  err 0.17
[ 65/300] latency=0.05 S1  E_DART      seed 15  goal      clr  0.38  t  19.2  inf 145  N 24.6  mpc   3.9 ms  err 0.39
[ 66/300] latency=0.05 S1  E_DART      seed 16  goal      clr  0.71  t  13.9  inf  86  N 24.9  mpc   3.4 ms  err 0.16
[ 67/300] latency=0.05 S1  E_DART      seed 17  goal      clr  0.65  t  14.1  inf 101  N 24.9  mpc   3.5 ms  err 0.17
[ 68/300] latency=0.05 S1  E_DART      seed 18  goal      clr  0.59  t  14.9  inf 119  N 25.5  mpc   3.7 ms  err 0.15
[ 69/300] latency=0.05 S1  E_DART      seed 19  goal      clr  0.51  t  15.2  inf 127  N 25.8  mpc   3.9 ms  err 0.18
[ 70/300] latency=0.05 S1  E_DART      seed 20  goal      clr  0.57  t  14.1  inf 107  N 24.5  mpc   3.3 ms  err 0.28
[ 71/300] latency=0.05 S1  E_DART      seed 21  goal      clr  0.74  t  14.3  inf  98  N 25.6  mpc   3.6 ms  err 0.20
[ 72/300] latency=0.05 S1  E_DART      seed 22  goal      clr  0.55  t  14.0  inf 107  N 25.1  mpc   3.5 ms  err 0.19
[ 73/300] latency=0.05 S1  E_DART      seed 23  goal      clr  0.63  t  14.3  inf 115  N 24.6  mpc   3.4 ms  err 0.20
[ 74/300] latency=0.05 S1  E_DART      seed 24  goal      clr  0.57  t  14.6  inf  87  N 24.9  mpc   3.3 ms  err 0.18
[ 75/300] latency=0.05 S1  E_DART      seed 25  goal      clr  0.56  t  14.4  inf 112  N 25.3  mpc   3.5 ms  err 0.18
[ 76/300] latency=0.05 S1  E_DART      seed 26  goal      clr  0.56  t  14.2  inf 107  N 24.8  mpc   3.5 ms  err 0.18
[ 77/300] latency=0.05 S1  E_DART      seed 27  goal      clr  0.53  t  14.1  inf 111  N 25.5  mpc   3.5 ms  err 0.10
[ 78/300] latency=0.05 S1  E_DART      seed 28  goal      clr  0.59  t  14.1  inf 107  N 25.5  mpc   3.5 ms  err 0.24
[ 79/300] latency=0.05 S1  E_DART      seed 29  goal      clr  0.53  t  15.8  inf 128  N 25.9  mpc   3.8 ms  err 0.32
[ 80/300] latency=0.05 S1  E_DART      seed 30  goal      clr  0.71  t  14.8  inf  98  N 25.1  mpc   3.8 ms  err 0.25
[ 81/300] latency=0.05 S1  E_DART      seed 31  goal      clr  0.32  t  16.2  inf 140  N 25.8  mpc   3.9 ms  err 0.45
[ 82/300] latency=0.05 S1  E_DART      seed 32  goal      clr  0.66  t  14.6  inf 126  N 25.3  mpc   3.6 ms  err 0.17
[ 83/300] latency=0.05 S1  E_DART      seed 33  goal      clr  0.48  t  14.7  inf 106  N 24.8  mpc   3.5 ms  err 0.20
[ 84/300] latency=0.05 S1  E_DART      seed 34  goal      clr  0.53  t  14.7  inf 111  N 25.0  mpc   3.5 ms  err 0.16
[ 85/300] latency=0.05 S1  E_DART      seed 35  goal      clr  0.60  t  14.3  inf 118  N 25.8  mpc   3.7 ms  err 0.29
[ 86/300] latency=0.05 S1  E_DART      seed 36  goal      clr  0.58  t  15.6  inf 126  N 25.3  mpc   3.6 ms  err 0.20
[ 87/300] latency=0.05 S1  E_DART      seed 37  goal      clr  0.51  t  14.4  inf 115  N 25.0  mpc   3.6 ms  err 0.22
[ 88/300] latency=0.05 S1  E_DART      seed 38  goal      clr  0.59  t  15.6  inf 122  N 25.5  mpc   3.6 ms  err 0.14
[ 89/300] latency=0.05 S1  E_DART      seed 39  goal      clr  0.53  t  14.7  inf 128  N 25.8  mpc   3.7 ms  err 0.11
[ 90/300] latency=0.05 S1  E_DART      seed 40  goal      clr  0.64  t  15.1  inf 108  N 25.1  mpc   3.6 ms  err 0.28
[ 91/300] latency=0.05 S1  E_DART      seed 41  goal      clr  0.58  t  17.9  inf 114  N 23.9  mpc   3.5 ms  err 0.24
[ 92/300] latency=0.05 S1  E_DART      seed 42  goal      clr  0.63  t  14.3  inf 114  N 25.4  mpc   3.6 ms  err 0.22
[ 93/300] latency=0.05 S1  E_DART      seed 43  goal      clr  0.75  t  15.6  inf 104  N 25.3  mpc   3.5 ms  err 0.28
[ 94/300] latency=0.05 S1  E_DART      seed 44  goal      clr  0.66  t  14.0  inf  81  N 24.7  mpc   3.4 ms  err 0.15
[ 95/300] latency=0.05 S1  E_DART      seed 45  goal      clr  0.42  t  14.9  inf 137  N 25.2  mpc   3.7 ms  err 0.32
[ 96/300] latency=0.05 S1  E_DART      seed 46  goal      clr  0.58  t  14.0  inf 112  N 25.5  mpc   3.5 ms  err 0.19
[ 97/300] latency=0.05 S1  E_DART      seed 47  goal      clr  0.52  t  14.7  inf 105  N 24.7  mpc   3.5 ms  err 0.19
[ 98/300] latency=0.05 S1  E_DART      seed 48  goal      clr  0.64  t  15.9  inf 129  N 25.3  mpc   3.7 ms  err 0.22
[ 99/300] latency=0.05 S1  E_DART      seed 49  goal      clr  0.65  t  14.8  inf  96  N 25.6  mpc   3.6 ms  err 0.18
[100/300] latency=0.05 S1  E_DART      seed 50  goal      clr  0.59  t  14.5  inf 122  N 25.2  mpc   3.8 ms  err 0.20
[101/300] latency=0.05 S1  F_NODELAY   seed  1  goal      clr  0.60  t  16.3  inf 154  N 25.2  mpc   3.8 ms  err 0.95
[102/300] latency=0.05 S1  F_NODELAY   seed  2  goal      clr  0.56  t  21.9  inf 226  N 25.7  mpc   4.3 ms  err 0.73
[103/300] latency=0.05 S1  F_NODELAY   seed  3  goal      clr  0.56  t  24.6  inf 288  N 24.1  mpc   3.9 ms  err 1.48
[104/300] latency=0.05 S1  F_NODELAY   seed  4  goal      clr  0.12  t  22.3  inf 226  N 26.4  mpc   4.3 ms  err 0.95
[105/300] latency=0.05 S1  F_NODELAY   seed  5  goal      clr  0.45  t  31.9  inf 296  N 25.5  mpc   4.4 ms  err 1.02
[106/300] latency=0.05 S1  F_NODELAY   seed  6  goal      clr  0.22  t  20.1  inf 207  N 24.9  mpc   3.9 ms  err 0.77
[107/300] latency=0.05 S1  F_NODELAY   seed  7  goal      clr  0.40  t  20.8  inf 226  N 26.9  mpc   4.7 ms  err 1.25
[108/300] latency=0.05 S1  F_NODELAY   seed  8  goal      clr  0.60  t  19.6  inf 169  N 24.5  mpc   3.9 ms  err 1.04
[109/300] latency=0.05 S1  F_NODELAY   seed  9  goal      clr  0.33  t  21.4  inf 214  N 25.2  mpc   4.3 ms  err 0.77
[110/300] latency=0.05 S1  F_NODELAY   seed 10  timeout   clr  0.38  t  40.0  inf 372  N 23.8  mpc   4.1 ms  err 0.80
[111/300] latency=0.05 S1  F_NODELAY   seed 11  goal      clr  0.69  t  16.1  inf 158  N 25.7  mpc   3.7 ms  err 0.74
[112/300] latency=0.05 S1  F_NODELAY   seed 12  goal      clr  0.15  t  30.4  inf 265  N 25.6  mpc   4.1 ms  err 0.79
[113/300] latency=0.05 S1  F_NODELAY   seed 13  goal      clr  0.31  t  17.5  inf 161  N 25.3  mpc   3.9 ms  err 0.74
[114/300] latency=0.05 S1  F_NODELAY   seed 14  goal      clr  0.34  t  32.7  inf 301  N 24.7  mpc   4.0 ms  err 0.79
[115/300] latency=0.05 S1  F_NODELAY   seed 15  goal      clr  0.39  t  20.1  inf 209  N 25.2  mpc   3.9 ms  err 0.98
[116/300] latency=0.05 S1  F_NODELAY   seed 16  goal      clr  0.09  t  15.1  inf 135  N 25.3  mpc   3.6 ms  err 0.82
[117/300] latency=0.05 S1  F_NODELAY   seed 17  collision clr -0.01  t   8.4  inf  88  N 24.0  mpc   4.2 ms  err 0.86
[118/300] latency=0.05 S1  F_NODELAY   seed 18  goal      clr  0.71  t  18.6  inf 195  N 26.5  mpc   4.4 ms  err 0.84
[119/300] latency=0.05 S1  F_NODELAY   seed 19  goal      clr  0.18  t  28.3  inf 318  N 26.9  mpc   4.8 ms  err 0.97
[120/300] latency=0.05 S1  F_NODELAY   seed 20  goal      clr  0.68  t  19.7  inf 200  N 26.0  mpc   4.0 ms  err 0.72
[121/300] latency=0.05 S1  F_NODELAY   seed 21  goal      clr  0.51  t  15.6  inf 154  N 25.0  mpc   3.7 ms  err 0.78
[122/300] latency=0.05 S1  F_NODELAY   seed 22  goal      clr  0.28  t  22.8  inf 248  N 25.5  mpc   4.4 ms  err 0.81
[123/300] latency=0.05 S1  F_NODELAY   seed 23  goal      clr  0.53  t  16.4  inf 161  N 24.9  mpc   4.0 ms  err 0.74
[124/300] latency=0.05 S1  F_NODELAY   seed 24  goal      clr  0.47  t  27.6  inf 309  N 23.7  mpc   4.1 ms  err 0.89
[125/300] latency=0.05 S1  F_NODELAY   seed 25  goal      clr  0.58  t  29.4  inf 322  N 25.7  mpc   4.6 ms  err 0.87
[126/300] latency=0.05 S1  F_NODELAY   seed 26  goal      clr  0.44  t  19.3  inf 223  N 26.7  mpc   4.5 ms  err 1.00
[127/300] latency=0.05 S1  F_NODELAY   seed 27  goal      clr  0.53  t  21.4  inf 233  N 24.0  mpc   3.6 ms  err 0.80
[128/300] latency=0.05 S1  F_NODELAY   seed 28  goal      clr  0.63  t  19.8  inf 212  N 25.3  mpc   4.1 ms  err 1.31
[129/300] latency=0.05 S1  F_NODELAY   seed 29  goal      clr  0.46  t  25.7  inf 276  N 26.3  mpc   4.4 ms  err 0.78
[130/300] latency=0.05 S1  F_NODELAY   seed 30  timeout   clr  0.34  t  40.0  inf 294  N 21.0  mpc   3.4 ms  err 0.95
[131/300] latency=0.05 S1  F_NODELAY   seed 31  goal      clr  0.53  t  19.7  inf 219  N 26.8  mpc   4.2 ms  err 0.99
[132/300] latency=0.05 S1  F_NODELAY   seed 32  goal      clr  0.28  t  37.1  inf 405  N 25.5  mpc   4.5 ms  err 0.98
[133/300] latency=0.05 S1  F_NODELAY   seed 33  goal      clr  0.35  t  16.1  inf 169  N 26.1  mpc   4.1 ms  err 0.68
[134/300] latency=0.05 S1  F_NODELAY   seed 34  goal      clr  0.21  t  30.4  inf 320  N 24.8  mpc   4.5 ms  err 1.36
[135/300] latency=0.05 S1  F_NODELAY   seed 35  goal      clr  0.10  t  20.8  inf 240  N 26.6  mpc   4.9 ms  err 1.05
[136/300] latency=0.05 S1  F_NODELAY   seed 36  goal      clr  0.72  t  17.5  inf 178  N 24.8  mpc   4.0 ms  err 0.86
[137/300] latency=0.05 S1  F_NODELAY   seed 37  goal      clr  0.19  t  26.7  inf 266  N 24.9  mpc   4.4 ms  err 1.07
[138/300] latency=0.05 S1  F_NODELAY   seed 38  goal      clr  0.75  t  19.8  inf 223  N 26.5  mpc   4.5 ms  err 0.98
[139/300] latency=0.05 S1  F_NODELAY   seed 39  goal      clr  0.66  t  30.2  inf 276  N 24.4  mpc   4.0 ms  err 0.73
[140/300] latency=0.05 S1  F_NODELAY   seed 40  goal      clr  0.39  t  21.2  inf 247  N 25.9  mpc   4.2 ms  err 0.79
[141/300] latency=0.05 S1  F_NODELAY   seed 41  goal      clr  0.66  t  18.2  inf 210  N 26.8  mpc   4.3 ms  err 0.77
[142/300] latency=0.05 S1  F_NODELAY   seed 42  goal      clr  0.26  t  19.4  inf 204  N 25.4  mpc   4.1 ms  err 1.14
[143/300] latency=0.05 S1  F_NODELAY   seed 43  goal      clr  0.42  t  18.9  inf 170  N 25.2  mpc   4.0 ms  err 0.89
[144/300] latency=0.05 S1  F_NODELAY   seed 44  timeout   clr  0.14  t  40.0  inf 352  N 21.2  mpc   3.6 ms  err 0.76
[145/300] latency=0.05 S1  F_NODELAY   seed 45  collision clr -0.00  t   7.0  inf  95  N 26.6  mpc   5.9 ms  err 0.70
[146/300] latency=0.05 S1  F_NODELAY   seed 46  collision clr -0.01  t  20.5  inf 194  N 26.0  mpc   4.4 ms  err 1.08
[147/300] latency=0.05 S1  F_NODELAY   seed 47  goal      clr  0.36  t  22.1  inf 237  N 26.0  mpc   4.4 ms  err 0.86
[148/300] latency=0.05 S1  F_NODELAY   seed 48  goal      clr  0.54  t  21.1  inf 211  N 25.8  mpc   4.2 ms  err 0.94
[149/300] latency=0.05 S1  F_NODELAY   seed 49  goal      clr  0.57  t  15.3  inf 130  N 25.5  mpc   3.6 ms  err 0.49
[150/300] latency=0.05 S1  F_NODELAY   seed 50  goal      clr  0.45  t  20.9  inf 220  N 26.6  mpc   4.4 ms  err 0.74
[151/300] latency=0.05 S1  G_FR_LOW    seed  1  goal      clr  0.41  t  15.8  inf  47  N 26.2  mpc   3.8 ms  err 0.18
[152/300] latency=0.05 S1  G_FR_LOW    seed  2  goal      clr  0.50  t  18.8  inf  56  N 25.2  mpc   4.0 ms  err 0.55
[153/300] latency=0.05 S1  G_FR_LOW    seed  3  goal      clr  0.45  t  20.2  inf  60  N 26.3  mpc   4.3 ms  err 0.37
[154/300] latency=0.05 S1  G_FR_LOW    seed  4  goal      clr  0.59  t  14.9  inf  44  N 25.7  mpc   3.7 ms  err 0.14
[155/300] latency=0.05 S1  G_FR_LOW    seed  5  goal      clr  0.59  t  17.5  inf  52  N 24.9  mpc   3.5 ms  err 0.37
[156/300] latency=0.05 S1  G_FR_LOW    seed  6  goal      clr  0.69  t  14.3  inf  43  N 24.9  mpc   3.3 ms  err 0.12
[157/300] latency=0.05 S1  G_FR_LOW    seed  7  goal      clr  0.58  t  14.6  inf  43  N 25.0  mpc   3.5 ms  err 0.36
[158/300] latency=0.05 S1  G_FR_LOW    seed  8  goal      clr  0.62  t  15.0  inf  45  N 25.5  mpc   3.7 ms  err 0.23
[159/300] latency=0.05 S1  G_FR_LOW    seed  9  goal      clr  0.44  t  15.9  inf  47  N 24.7  mpc   3.4 ms  err 0.35
[160/300] latency=0.05 S1  G_FR_LOW    seed 10  goal      clr  0.61  t  15.7  inf  47  N 25.1  mpc   3.6 ms  err 0.16
[161/300] latency=0.05 S1  G_FR_LOW    seed 11  goal      clr  0.62  t  14.4  inf  43  N 25.5  mpc   3.5 ms  err 0.19
[162/300] latency=0.05 S1  G_FR_LOW    seed 12  goal      clr  0.45  t  15.4  inf  46  N 25.6  mpc   3.7 ms  err 0.20
[163/300] latency=0.05 S1  G_FR_LOW    seed 13  goal      clr  0.64  t  14.2  inf  42  N 25.9  mpc   3.6 ms  err 0.15
[164/300] latency=0.05 S1  G_FR_LOW    seed 14  goal      clr  0.48  t  17.6  inf  52  N 25.6  mpc   3.8 ms  err 0.14
[165/300] latency=0.05 S1  G_FR_LOW    seed 15  goal      clr  0.58  t  15.7  inf  47  N 25.2  mpc   3.8 ms  err 0.27
[166/300] latency=0.05 S1  G_FR_LOW    seed 16  goal      clr  0.67  t  14.3  inf  43  N 25.2  mpc   3.6 ms  err 0.18
[167/300] latency=0.05 S1  G_FR_LOW    seed 17  goal      clr  0.70  t  14.1  inf  42  N 25.0  mpc   3.5 ms  err 0.20
[168/300] latency=0.05 S1  G_FR_LOW    seed 18  goal      clr  0.72  t  14.3  inf  42  N 25.5  mpc   3.7 ms  err 0.16
[169/300] latency=0.05 S1  G_FR_LOW    seed 19  goal      clr  0.42  t  15.5  inf  46  N 25.6  mpc   3.8 ms  err 0.14
[170/300] latency=0.05 S1  G_FR_LOW    seed 20  goal      clr  0.63  t  14.9  inf  44  N 25.3  mpc   3.6 ms  err 0.34
[171/300] latency=0.05 S1  G_FR_LOW    seed 21  goal      clr  0.74  t  14.1  inf  42  N 25.4  mpc   3.5 ms  err 0.17
[172/300] latency=0.05 S1  G_FR_LOW    seed 22  goal      clr  0.61  t  13.9  inf  42  N 25.4  mpc   3.5 ms  err 0.23
[173/300] latency=0.05 S1  G_FR_LOW    seed 23  goal      clr  0.63  t  14.7  inf  44  N 25.2  mpc   3.7 ms  err 0.22
[174/300] latency=0.05 S1  G_FR_LOW    seed 24  goal      clr  0.60  t  14.9  inf  44  N 25.2  mpc   3.6 ms  err 0.24
[175/300] latency=0.05 S1  G_FR_LOW    seed 25  goal      clr  0.49  t  15.2  inf  45  N 25.7  mpc   3.7 ms  err 0.15
[176/300] latency=0.05 S1  G_FR_LOW    seed 26  goal      clr  0.34  t  17.9  inf  53  N 24.9  mpc   3.7 ms  err 0.34
[177/300] latency=0.05 S1  G_FR_LOW    seed 27  goal      clr  0.61  t  14.4  inf  43  N 25.7  mpc   3.6 ms  err 0.11
[178/300] latency=0.05 S1  G_FR_LOW    seed 28  goal      clr  0.59  t  14.2  inf  42  N 25.8  mpc   3.5 ms  err 0.28
[179/300] latency=0.05 S1  G_FR_LOW    seed 29  goal      clr  0.54  t  14.8  inf  44  N 25.8  mpc   3.8 ms  err 0.21
[180/300] latency=0.05 S1  G_FR_LOW    seed 30  goal      clr  0.66  t  14.8  inf  44  N 25.4  mpc   3.7 ms  err 0.21
[181/300] latency=0.05 S1  G_FR_LOW    seed 31  goal      clr  0.56  t  15.1  inf  45  N 25.3  mpc   3.7 ms  err 0.17
[182/300] latency=0.05 S1  G_FR_LOW    seed 32  goal      clr  0.56  t  14.9  inf  44  N 25.5  mpc   3.8 ms  err 0.25
[183/300] latency=0.05 S1  G_FR_LOW    seed 33  goal      clr  0.63  t  14.3  inf  42  N 25.2  mpc   3.6 ms  err 0.10
[184/300] latency=0.05 S1  G_FR_LOW    seed 34  goal      clr  0.58  t  19.4  inf  58  N 22.8  mpc   3.4 ms  err 0.20
[185/300] latency=0.05 S1  G_FR_LOW    seed 35  goal      clr  0.65  t  14.6  inf  44  N 25.7  mpc   3.6 ms  err 0.32
[186/300] latency=0.05 S1  G_FR_LOW    seed 36  goal      clr  0.56  t  17.6  inf  52  N 24.2  mpc   3.5 ms  err 0.22
[187/300] latency=0.05 S1  G_FR_LOW    seed 37  goal      clr  0.56  t  14.3  inf  43  N 25.3  mpc   3.5 ms  err 0.14
[188/300] latency=0.05 S1  G_FR_LOW    seed 38  goal      clr  0.61  t  15.2  inf  45  N 25.9  mpc   3.6 ms  err 0.18
[189/300] latency=0.05 S1  G_FR_LOW    seed 39  goal      clr  0.60  t  15.4  inf  46  N 25.5  mpc   3.7 ms  err 0.19
[190/300] latency=0.05 S1  G_FR_LOW    seed 40  goal      clr  0.65  t  15.5  inf  46  N 25.6  mpc   3.6 ms  err 0.36
[191/300] latency=0.05 S1  G_FR_LOW    seed 41  goal      clr  0.58  t  16.3  inf  49  N 25.8  mpc   4.0 ms  err 0.20
[192/300] latency=0.05 S1  G_FR_LOW    seed 42  goal      clr  0.62  t  15.7  inf  47  N 26.0  mpc   3.9 ms  err 0.23
[193/300] latency=0.05 S1  G_FR_LOW    seed 43  goal      clr  0.53  t  17.1  inf  51  N 24.9  mpc   3.8 ms  err 0.15
[194/300] latency=0.05 S1  G_FR_LOW    seed 44  goal      clr  0.69  t  14.6  inf  44  N 24.9  mpc   3.5 ms  err 0.23
[195/300] latency=0.05 S1  G_FR_LOW    seed 45  goal      clr  0.52  t  16.2  inf  48  N 26.0  mpc   3.9 ms  err 0.21
[196/300] latency=0.05 S1  G_FR_LOW    seed 46  goal      clr  0.62  t  14.1  inf  42  N 26.7  mpc   3.7 ms  err 0.30
[197/300] latency=0.05 S1  G_FR_LOW    seed 47  goal      clr  0.57  t  14.6  inf  43  N 25.0  mpc   3.5 ms  err 0.24
[198/300] latency=0.05 S1  G_FR_LOW    seed 48  goal      clr  0.59  t  15.4  inf  46  N 25.4  mpc   3.9 ms  err 0.23
[199/300] latency=0.05 S1  G_FR_LOW    seed 49  goal      clr  0.65  t  14.9  inf  44  N 25.6  mpc   3.6 ms  err 0.22
[200/300] latency=0.05 S1  G_FR_LOW    seed 50  goal      clr  0.40  t  16.3  inf  48  N 25.5  mpc   3.9 ms  err 0.20
[201/300] latency=0.05 S1  FR_SAFE_5   seed  1  goal      clr  0.60  t  14.5  inf  73  N 25.6  mpc   3.8 ms  err 0.16
[202/300] latency=0.05 S1  FR_SAFE_5   seed  2  goal      clr  0.45  t  15.0  inf  75  N 25.4  mpc   3.9 ms  err 0.21
[203/300] latency=0.05 S1  FR_SAFE_5   seed  3  goal      clr  0.52  t  18.0  inf  90  N 24.9  mpc   4.0 ms  err 0.15
[204/300] latency=0.05 S1  FR_SAFE_5   seed  4  goal      clr  0.59  t  14.6  inf  74  N 25.5  mpc   3.9 ms  err 0.23
[205/300] latency=0.05 S1  FR_SAFE_5   seed  5  goal      clr  0.59  t  15.4  inf  77  N 24.6  mpc   3.7 ms  err 0.35
[206/300] latency=0.05 S1  FR_SAFE_5   seed  6  goal      clr  0.66  t  14.0  inf  70  N 24.9  mpc   3.5 ms  err 0.18
[207/300] latency=0.05 S1  FR_SAFE_5   seed  7  goal      clr  0.64  t  14.0  inf  70  N 25.1  mpc   3.8 ms  err 0.24
[208/300] latency=0.05 S1  FR_SAFE_5   seed  8  goal      clr  0.66  t  14.7  inf  74  N 25.6  mpc   3.8 ms  err 0.17
[209/300] latency=0.05 S1  FR_SAFE_5   seed  9  goal      clr  0.50  t  15.2  inf  76  N 24.8  mpc   3.7 ms  err 0.33
[210/300] latency=0.05 S1  FR_SAFE_5   seed 10  goal      clr  0.56  t  14.9  inf  75  N 25.0  mpc   3.9 ms  err 0.25
[211/300] latency=0.05 S1  FR_SAFE_5   seed 11  goal      clr  0.67  t  14.1  inf  71  N 25.3  mpc   3.7 ms  err 0.23
[212/300] latency=0.05 S1  FR_SAFE_5   seed 12  goal      clr  0.56  t  14.9  inf  75  N 25.8  mpc   3.9 ms  err 0.17
[213/300] latency=0.05 S1  FR_SAFE_5   seed 13  goal      clr  0.64  t  14.4  inf  72  N 25.3  mpc   3.9 ms  err 0.10
[214/300] latency=0.05 S1  FR_SAFE_5   seed 14  goal      clr  0.43  t  16.6  inf  83  N 25.6  mpc   4.6 ms  err 0.25
[215/300] latency=0.05 S1  FR_SAFE_5   seed 15  goal      clr  0.54  t  15.7  inf  79  N 25.3  mpc   4.4 ms  err 0.28
[216/300] latency=0.05 S1  FR_SAFE_5   seed 16  goal      clr  0.71  t  14.2  inf  71  N 25.0  mpc   4.0 ms  err 0.17
[217/300] latency=0.05 S1  FR_SAFE_5   seed 17  goal      clr  0.64  t  13.9  inf  70  N 24.8  mpc   4.0 ms  err 0.14
[218/300] latency=0.05 S1  FR_SAFE_5   seed 18  goal      clr  0.65  t  14.1  inf  71  N 25.7  mpc   4.5 ms  err 0.18
[219/300] latency=0.05 S1  FR_SAFE_5   seed 19  goal      clr  0.55  t  16.6  inf  84  N 25.7  mpc   4.6 ms  err 0.17
[220/300] latency=0.05 S1  FR_SAFE_5   seed 20  goal      clr  0.72  t  14.5  inf  73  N 24.8  mpc   4.0 ms  err 0.27
[221/300] latency=0.05 S1  FR_SAFE_5   seed 21  goal      clr  0.74  t  14.3  inf  72  N 24.9  mpc   4.2 ms  err 0.15
[222/300] latency=0.05 S1  FR_SAFE_5   seed 22  goal      clr  0.54  t  13.9  inf  70  N 25.0  mpc   4.0 ms  err 0.16
[223/300] latency=0.05 S1  FR_SAFE_5   seed 23  goal      clr  0.58  t  14.3  inf  72  N 24.7  mpc   4.0 ms  err 0.19
[224/300] latency=0.05 S1  FR_SAFE_5   seed 24  goal      clr  0.53  t  14.3  inf  72  N 25.0  mpc   4.0 ms  err 0.21
[225/300] latency=0.05 S1  FR_SAFE_5   seed 25  goal      clr  0.52  t  14.3  inf  72  N 25.4  mpc   4.2 ms  err 0.19
[226/300] latency=0.05 S1  FR_SAFE_5   seed 26  goal      clr  0.57  t  14.3  inf  72  N 25.0  mpc   3.9 ms  err 0.21
[227/300] latency=0.05 S1  FR_SAFE_5   seed 27  goal      clr  0.56  t  14.4  inf  72  N 25.6  mpc   4.0 ms  err 0.08
[228/300] latency=0.05 S1  FR_SAFE_5   seed 28  goal      clr  0.61  t  14.2  inf  72  N 25.3  mpc   4.0 ms  err 0.26
[229/300] latency=0.05 S1  FR_SAFE_5   seed 29  goal      clr  0.56  t  15.2  inf  77  N 25.9  mpc   4.3 ms  err 0.19
[230/300] latency=0.05 S1  FR_SAFE_5   seed 30  goal      clr  0.68  t  14.4  inf  72  N 25.2  mpc   4.1 ms  err 0.23
[231/300] latency=0.05 S1  FR_SAFE_5   seed 31  goal      clr  0.53  t  14.7  inf  74  N 25.2  mpc   4.3 ms  err 0.18
[232/300] latency=0.05 S1  FR_SAFE_5   seed 32  goal      clr  0.60  t  14.8  inf  75  N 25.5  mpc   4.4 ms  err 0.16
[233/300] latency=0.05 S1  FR_SAFE_5   seed 33  goal      clr  0.62  t  14.1  inf  71  N 25.0  mpc   4.1 ms  err 0.13
[234/300] latency=0.05 S1  FR_SAFE_5   seed 34  goal      clr  0.55  t  15.3  inf  77  N 24.8  mpc   4.2 ms  err 0.13
[235/300] latency=0.05 S1  FR_SAFE_5   seed 35  goal      clr  0.62  t  14.4  inf  73  N 25.6  mpc   4.1 ms  err 0.24
[236/300] latency=0.05 S1  FR_SAFE_5   seed 36  goal      clr  0.52  t  17.0  inf  85  N 24.4  mpc   4.2 ms  err 0.20
[237/300] latency=0.05 S1  FR_SAFE_5   seed 37  goal      clr  0.57  t  15.1  inf  76  N 25.3  mpc   4.3 ms  err 0.28
[238/300] latency=0.05 S1  FR_SAFE_5   seed 38  goal      clr  0.54  t  15.4  inf  77  N 25.7  mpc   4.3 ms  err 0.21
[239/300] latency=0.05 S1  FR_SAFE_5   seed 39  goal      clr  0.56  t  14.8  inf  74  N 25.7  mpc   4.3 ms  err 0.09
[240/300] latency=0.05 S1  FR_SAFE_5   seed 40  goal      clr  0.62  t  14.3  inf  72  N 25.8  mpc   4.3 ms  err 0.28
[241/300] latency=0.05 S1  FR_SAFE_5   seed 41  goal      clr  0.41  t  18.9  inf  95  N 25.1  mpc   4.7 ms  err 0.48
[242/300] latency=0.05 S1  FR_SAFE_5   seed 42  goal      clr  0.65  t  14.3  inf  72  N 25.6  mpc   4.3 ms  err 0.26
[243/300] latency=0.05 S1  FR_SAFE_5   seed 43  goal      clr  0.63  t  14.1  inf  71  N 25.2  mpc   4.2 ms  err 0.24
[244/300] latency=0.05 S1  FR_SAFE_5   seed 44  goal      clr  0.51  t  14.3  inf  72  N 24.9  mpc   4.0 ms  err 0.23
[245/300] latency=0.05 S1  FR_SAFE_5   seed 45  goal      clr  0.47  t  15.4  inf  77  N 25.4  mpc   4.3 ms  err 0.32
[246/300] latency=0.05 S1  FR_SAFE_5   seed 46  goal      clr  0.56  t  14.3  inf  72  N 26.1  mpc   4.1 ms  err 0.27
[247/300] latency=0.05 S1  FR_SAFE_5   seed 47  goal      clr  0.53  t  14.6  inf  73  N 24.8  mpc   3.9 ms  err 0.20
[248/300] latency=0.05 S1  FR_SAFE_5   seed 48  goal      clr  0.59  t  15.4  inf  78  N 25.4  mpc   4.4 ms  err 0.27
[249/300] latency=0.05 S1  FR_SAFE_5   seed 49  goal      clr  0.59  t  14.1  inf  71  N 25.4  mpc   3.7 ms  err 0.19
[250/300] latency=0.05 S1  FR_SAFE_5   seed 50  goal      clr  0.64  t  14.6  inf  73  N 25.6  mpc   3.9 ms  err 0.14
[251/300] latency=0.05 S1  FR_SAFE_10  seed  1  goal      clr  0.57  t  14.0  inf 141  N 25.5  mpc   4.3 ms  err 0.15
[252/300] latency=0.05 S1  FR_SAFE_10  seed  2  goal      clr  0.56  t  15.6  inf 156  N 24.9  mpc   4.3 ms  err 0.25
[253/300] latency=0.05 S1  FR_SAFE_10  seed  3  goal      clr  0.52  t  17.2  inf 172  N 24.5  mpc   4.2 ms  err 0.18
[254/300] latency=0.05 S1  FR_SAFE_10  seed  4  goal      clr  0.64  t  14.2  inf 142  N 25.0  mpc   4.2 ms  err 0.15
[255/300] latency=0.05 S1  FR_SAFE_10  seed  5  goal      clr  0.60  t  14.2  inf 142  N 24.9  mpc   4.1 ms  err 0.22
[256/300] latency=0.05 S1  FR_SAFE_10  seed  6  goal      clr  0.61  t  14.0  inf 140  N 24.9  mpc   4.1 ms  err 0.15
[257/300] latency=0.05 S1  FR_SAFE_10  seed  7  goal      clr  0.44  t  15.1  inf 151  N 24.8  mpc   4.1 ms  err 0.21
[258/300] latency=0.05 S1  FR_SAFE_10  seed  8  goal      clr  0.58  t  15.7  inf 157  N 25.0  mpc   4.1 ms  err 0.35
[259/300] latency=0.05 S1  FR_SAFE_10  seed  9  goal      clr  0.51  t  14.1  inf 141  N 25.1  mpc   4.1 ms  err 0.28
[260/300] latency=0.05 S1  FR_SAFE_10  seed 10  goal      clr  0.63  t  15.8  inf 157  N 25.0  mpc   4.2 ms  err 0.26
[261/300] latency=0.05 S1  FR_SAFE_10  seed 11  goal      clr  0.66  t  14.1  inf 141  N 25.2  mpc   4.0 ms  err 0.23
[262/300] latency=0.05 S1  FR_SAFE_10  seed 12  goal      clr  0.42  t  14.5  inf 146  N 25.7  mpc   4.3 ms  err 0.15
[263/300] latency=0.05 S1  FR_SAFE_10  seed 13  goal      clr  0.65  t  14.2  inf 142  N 25.5  mpc   4.3 ms  err 0.10
[264/300] latency=0.05 S1  FR_SAFE_10  seed 14  goal      clr  0.55  t  16.9  inf 169  N 25.2  mpc   4.2 ms  err 0.18
[265/300] latency=0.05 S1  FR_SAFE_10  seed 15  goal      clr  0.55  t  17.0  inf 169  N 25.6  mpc   4.5 ms  err 0.42
[266/300] latency=0.05 S1  FR_SAFE_10  seed 16  goal      clr  0.68  t  14.0  inf 140  N 24.7  mpc   4.1 ms  err 0.28
[267/300] latency=0.05 S1  FR_SAFE_10  seed 17  goal      clr  0.63  t  13.8  inf 138  N 24.5  mpc   4.1 ms  err 0.12
[268/300] latency=0.05 S1  FR_SAFE_10  seed 18  goal      clr  0.60  t  14.7  inf 147  N 25.0  mpc   4.1 ms  err 0.21
[269/300] latency=0.05 S1  FR_SAFE_10  seed 19  goal      clr  0.54  t  15.1  inf 151  N 25.9  mpc   4.4 ms  err 0.17
[270/300] latency=0.05 S1  FR_SAFE_10  seed 20  goal      clr  0.57  t  14.6  inf 146  N 24.6  mpc   3.9 ms  err 0.28
[271/300] latency=0.05 S1  FR_SAFE_10  seed 21  goal      clr  0.71  t  14.5  inf 145  N 25.3  mpc   4.2 ms  err 0.18
[272/300] latency=0.05 S1  FR_SAFE_10  seed 22  goal      clr  0.58  t  13.9  inf 140  N 24.9  mpc   4.2 ms  err 0.21
[273/300] latency=0.05 S1  FR_SAFE_10  seed 23  goal      clr  0.62  t  13.9  inf 139  N 24.4  mpc   3.9 ms  err 0.15
[274/300] latency=0.05 S1  FR_SAFE_10  seed 24  goal      clr  0.54  t  14.1  inf 141  N 24.4  mpc   4.0 ms  err 0.22
[275/300] latency=0.05 S1  FR_SAFE_10  seed 25  goal      clr  0.53  t  14.3  inf 143  N 25.4  mpc   4.4 ms  err 0.16
[276/300] latency=0.05 S1  FR_SAFE_10  seed 26  goal      clr  0.54  t  14.3  inf 143  N 24.8  mpc   3.9 ms  err 0.24
[277/300] latency=0.05 S1  FR_SAFE_10  seed 27  goal      clr  0.58  t  14.2  inf 141  N 25.4  mpc   4.0 ms  err 0.12
[278/300] latency=0.05 S1  FR_SAFE_10  seed 28  goal      clr  0.57  t  13.9  inf 140  N 25.5  mpc   4.1 ms  err 0.20
[279/300] latency=0.05 S1  FR_SAFE_10  seed 29  goal      clr  0.52  t  15.5  inf 155  N 25.6  mpc   4.1 ms  err 0.16
[280/300] latency=0.05 S1  FR_SAFE_10  seed 30  goal      clr  0.70  t  14.2  inf 142  N 25.0  mpc   4.0 ms  err 0.32
[281/300] latency=0.05 S1  FR_SAFE_10  seed 31  goal      clr  0.58  t  14.7  inf 147  N 25.2  mpc   4.1 ms  err 0.22
[282/300] latency=0.05 S1  FR_SAFE_10  seed 32  goal      clr  0.59  t  14.7  inf 147  N 25.3  mpc   4.1 ms  err 0.14
[283/300] latency=0.05 S1  FR_SAFE_10  seed 33  goal      clr  0.61  t  13.9  inf 140  N 24.9  mpc   3.8 ms  err 0.17
[284/300] latency=0.05 S1  FR_SAFE_10  seed 34  goal      clr  0.51  t  14.9  inf 149  N 25.1  mpc   3.9 ms  err 0.13
[285/300] latency=0.05 S1  FR_SAFE_10  seed 35  goal      clr  0.55  t  14.6  inf 146  N 25.5  mpc   3.9 ms  err 0.21
[286/300] latency=0.05 S1  FR_SAFE_10  seed 36  goal      clr  0.48  t  14.8  inf 149  N 25.3  mpc   4.0 ms  err 0.16
[287/300] latency=0.05 S1  FR_SAFE_10  seed 37  goal      clr  0.55  t  14.3  inf 143  N 24.9  mpc   4.0 ms  err 0.27
[288/300] latency=0.05 S1  FR_SAFE_10  seed 38  goal      clr  0.59  t  15.2  inf 152  N 25.5  mpc   4.0 ms  err 0.15
[289/300] latency=0.05 S1  FR_SAFE_10  seed 39  goal      clr  0.55  t  14.8  inf 148  N 25.8  mpc   4.1 ms  err 0.13
[290/300] latency=0.05 S1  FR_SAFE_10  seed 40  goal      clr  0.60  t  14.0  inf 141  N 25.5  mpc   3.8 ms  err 0.25
[291/300] latency=0.05 S1  FR_SAFE_10  seed 41  goal      clr  0.61  t  14.4  inf 144  N 25.5  mpc   4.0 ms  err 0.17
[292/300] latency=0.05 S1  FR_SAFE_10  seed 42  goal      clr  0.70  t  14.7  inf 147  N 25.2  mpc   4.0 ms  err 0.21
[293/300] latency=0.05 S1  FR_SAFE_10  seed 43  goal      clr  0.35  t  15.5  inf 155  N 25.2  mpc   4.1 ms  err 0.19
[294/300] latency=0.05 S1  FR_SAFE_10  seed 44  goal      clr  0.64  t  14.0  inf 140  N 24.6  mpc   3.8 ms  err 0.16
[295/300] latency=0.05 S1  FR_SAFE_10  seed 45  goal      clr  0.46  t  14.9  inf 150  N 24.9  mpc   4.2 ms  err 0.27
[296/300] latency=0.05 S1  FR_SAFE_10  seed 46  goal      clr  0.55  t  14.3  inf 143  N 25.3  mpc   3.8 ms  err 0.18
[297/300] latency=0.05 S1  FR_SAFE_10  seed 47  goal      clr  0.51  t  14.8  inf 148  N 25.1  mpc   4.2 ms  err 0.24
[298/300] latency=0.05 S1  FR_SAFE_10  seed 48  goal      clr  0.54  t  16.7  inf 167  N 25.0  mpc   4.0 ms  err 0.30
[299/300] latency=0.05 S1  FR_SAFE_10  seed 49  goal      clr  0.57  t  14.0  inf 140  N 25.3  mpc   3.8 ms  err 0.16
[300/300] latency=0.05 S1  FR_SAFE_10  seed 50  goal      clr  0.51  t  14.7  inf 147  N 25.4  mpc   4.0 ms  err 0.16
