[  1/300] latency=0.2 S2  A_FR_FN     seed  1  collision clr -0.00  t   5.9  inf  26  N 20.0  mpc   6.5 ms  err 0.21
[  2/300] latency=0.2 S2  A_FR_FN     seed  2  goal      clr  0.35  t  13.8  inf  63  N 20.0  mpc   6.1 ms  err 0.71
[  3/300] latency=0.2 S2  A_FR_FN     seed  3  goal      clr  0.15  t  19.6  inf  92  N 20.0  mpc   4.5 ms  err 0.28
[  4/300] latency=0.2 S2  A_FR_FN     seed  4  goal      clr  0.42  t  14.5  inf  67  N 20.0  mpc   4.2 ms  err 0.40
[  5/300] latency=0.2 S2  A_FR_FN     seed  5  goal      clr  0.29  t  16.1  inf  67  N 20.0  mpc   4.4 ms  err 0.43
[  6/300] latency=0.2 S2  A_FR_FN     seed  6  goal      clr  0.46  t  15.4  inf  69  N 20.0  mpc   4.1 ms  err 0.36
[  7/300] latency=0.2 S2  A_FR_FN     seed  7  goal      clr  0.42  t  22.3  inf 102  N 20.0  mpc   4.4 ms  err 0.75
[  8/300] latency=0.2 S2  A_FR_FN     seed  8  goal      clr  0.37  t  15.4  inf  72  N 20.0  mpc   4.2 ms  err 0.37
[  9/300] latency=0.2 S2  A_FR_FN     seed  9  goal      clr  0.33  t  13.9  inf  63  N 20.0  mpc   3.9 ms  err 0.31
[ 10/300] latency=0.2 S2  A_FR_FN     seed 10  goal      clr  0.36  t  15.6  inf  71  N 20.0  mpc   4.0 ms  err 0.23
[ 11/300] latency=0.2 S2  A_FR_FN     seed 11  goal      clr  0.19  t  15.6  inf  70  N 20.0  mpc   4.2 ms  err 0.31
[ 12/300] latency=0.2 S2  A_FR_FN     seed 12  goal      clr  0.17  t  21.0  inf  93  N 20.0  mpc   4.2 ms  err 0.38
[ 13/300] latency=0.2 S2  A_FR_FN     seed 13  goal      clr  0.30  t  14.8  inf  69  N 20.0  mpc   4.1 ms  err 0.35
[ 14/300] latency=0.2 S2  A_FR_FN     seed 14  goal      clr  0.33  t  14.9  inf  67  N 20.0  mpc   4.1 ms  err 0.71
[ 15/300] latency=0.2 S2  A_FR_FN     seed 15  goal      clr  0.49  t  16.7  inf  76  N 20.0  mpc   4.4 ms  err 0.38
[ 16/300] latency=0.2 S2  A_FR_FN     seed 16  goal      clr  0.20  t  15.4  inf  72  N 20.0  mpc   4.1 ms  err 0.30
[ 17/300] latency=0.2 S2  A_FR_FN     seed 17  goal      clr  0.53  t  14.3  inf  69  N 20.0  mpc   4.1 ms  err 0.23
[ 18/300] latency=0.2 S2  A_FR_FN     seed 18  goal      clr  0.36  t  13.6  inf  66  N 20.0  mpc   4.1 ms  err 0.54
[ 19/300] latency=0.2 S2  A_FR_FN     seed 19  goal      clr  0.33  t  15.0  inf  72  N 20.0  mpc   4.1 ms  err 0.43
[ 20/300] latency=0.2 S2  A_FR_FN     seed 20  goal      clr  0.45  t  13.4  inf  62  N 20.0  mpc   4.0 ms  err 0.47
[ 21/300] latency=0.2 S2  A_FR_FN     seed 21  goal      clr  0.33  t  15.3  inf  68  N 20.0  mpc   4.2 ms  err 0.67
[ 22/300] latency=0.2 S2  A_FR_FN     seed 22  goal      clr  0.44  t  18.2  inf  86  N 20.0  mpc   4.2 ms  err 0.44
[ 23/300] latency=0.2 S2  A_FR_FN     seed 23  goal      clr  0.28  t  15.6  inf  71  N 20.0  mpc   4.2 ms  err 0.36
[ 24/300] latency=0.2 S2  A_FR_FN     seed 24  goal      clr  0.46  t  14.8  inf  66  N 20.0  mpc   4.0 ms  err 0.58
[ 25/300] latency=0.2 S2  A_FR_FN     seed 25  goal      clr  0.29  t  14.8  inf  67  N 20.0  mpc   4.2 ms  err 0.43
[ 26/300] latency=0.2 S2  A_FR_FN     seed 26  goal      clr  0.18  t  14.8  inf  71  N 20.0  mpc   3.9 ms  err 0.39
[ 27/300] latency=0.2 S2  A_FR_FN     seed 27  goal      clr  0.43  t  14.9  inf  68  N 20.0  mpc   4.2 ms  err 0.63
[ 28/300] latency=0.2 S2  A_FR_FN     seed 28  goal      clr  0.19  t  15.4  inf  70  N 20.0  mpc   4.3 ms  err 0.32
[ 29/300] latency=0.2 S2  A_FR_FN     seed 29  goal      clr  0.26  t  15.1  inf  71  N 20.0  mpc   4.0 ms  err 0.24
[ 30/300] latency=0.2 S2  A_FR_FN     seed 30  goal      clr  0.40  t  16.0  inf  70  N 20.0  mpc   4.2 ms  err 0.31
[ 31/300] latency=0.2 S2  A_FR_FN     seed 31  goal      clr  0.40  t  15.8  inf  75  N 20.0  mpc   4.1 ms  err 0.69
[ 32/300] latency=0.2 S2  A_FR_FN     seed 32  goal      clr  0.40  t  15.5  inf  69  N 20.0  mpc   4.1 ms  err 0.39
[ 33/300] latency=0.2 S2  A_FR_FN     seed 33  goal      clr  0.19  t  18.1  inf  85  N 20.0  mpc   4.3 ms  err 0.31
[ 34/300] latency=0.2 S2  A_FR_FN     seed 34  goal      clr  0.12  t  14.1  inf  66  N 20.0  mpc   4.2 ms  err 0.38
[ 35/300] latency=0.2 S2  A_FR_FN     seed 35  goal      clr  0.44  t  13.6  inf  65  N 20.0  mpc   4.0 ms  err 0.50
[ 36/300] latency=0.2 S2  A_FR_FN     seed 36  goal      clr  0.13  t  16.3  inf  76  N 20.0  mpc   4.1 ms  err 0.45
[ 37/300] latency=0.2 S2  A_FR_FN     seed 37  goal      clr  0.24  t  14.8  inf  71  N 20.0  mpc   4.1 ms  err 0.26
[ 38/300] latency=0.2 S2  A_FR_FN     seed 38  goal      clr  0.02  t  16.0  inf  72  N 20.0  mpc   4.2 ms  err 0.48
[ 39/300] latency=0.2 S2  A_FR_FN     seed 39  goal      clr  0.30  t  14.2  inf  63  N 20.0  mpc   4.0 ms  err 0.66
[ 40/300] latency=0.2 S2  A_FR_FN     seed 40  goal      clr  0.16  t  17.9  inf  83  N 20.0  mpc   4.3 ms  err 0.18
[ 41/300] latency=0.2 S2  A_FR_FN     seed 41  goal      clr  0.17  t  15.9  inf  73  N 20.0  mpc   4.2 ms  err 0.37
[ 42/300] latency=0.2 S2  A_FR_FN     seed 42  goal      clr  0.45  t  16.4  inf  74  N 20.0  mpc   4.2 ms  err 0.47
[ 43/300] latency=0.2 S2  A_FR_FN     seed 43  collision clr -0.02  t   3.3  inf  17  N 20.0  mpc   4.3 ms  err 0.31
[ 44/300] latency=0.2 S2  A_FR_FN     seed 44  goal      clr  0.26  t  16.2  inf  72  N 20.0  mpc   4.3 ms  err 0.28
[ 45/300] latency=0.2 S2  A_FR_FN     seed 45  goal      clr  0.28  t  14.9  inf  70  N 20.0  mpc   4.1 ms  err 0.29
[ 46/300] latency=0.2 S2  A_FR_FN     seed 46  goal      clr  0.21  t  15.6  inf  70  N 20.0  mpc   4.1 ms  err 0.71
[ 47/300] latency=0.2 S2  A_FR_FN     seed 47  goal      clr  0.38  t  15.9  inf  72  N 20.0  mpc   4.2 ms  err 0.40
[ 48/300] latency=0.2 S2  A_FR_FN     seed 48  goal      clr  0.39  t  17.3  inf  82  N 20.0  mpc   4.5 ms  err 0.28
[ 49/300] latency=0.2 S2  A_FR_FN     seed 49  goal      clr  0.43  t  13.3  inf  65  N 20.0  mpc   4.0 ms  err 0.32
[ 50/300] latency=0.2 S2  A_FR_FN     seed 50  goal      clr  0.32  t  17.7  inf  83  N 20.0  mpc   4.2 ms  err 0.58
[ 51/300] latency=0.2 S2  E_DART      seed  1  goal      clr  0.76  t  18.0  inf  66  N 23.5  mpc   6.0 ms  err 0.35
[ 52/300] latency=0.2 S2  E_DART      seed  2  goal      clr  0.51  t  15.6  inf  61  N 25.3  mpc   6.9 ms  err 0.42
[ 53/300] latency=0.2 S2  E_DART      seed  3  goal      clr  0.36  t  26.9  inf  83  N 21.6  mpc   5.8 ms  err 0.35
[ 54/300] latency=0.2 S2  E_DART      seed  4  goal      clr  0.54  t  25.2  inf  88  N 22.4  mpc   6.1 ms  err 0.47
[ 55/300] latency=0.2 S2  E_DART      seed  5  goal      clr  0.82  t  14.9  inf  54  N 25.2  mpc   6.7 ms  err 0.57
[ 56/300] latency=0.2 S2  E_DART      seed  6  goal      clr  0.66  t  16.1  inf  60  N 25.2  mpc   6.9 ms  err 0.32
[ 57/300] latency=0.2 S2  E_DART      seed  7  goal      clr  0.67  t  18.6  inf  57  N 23.2  mpc   5.9 ms  err 0.46
[ 58/300] latency=0.2 S2  E_DART      seed  8  goal      clr  0.56  t  14.6  inf  55  N 24.9  mpc   6.4 ms  err 0.43
[ 59/300] latency=0.2 S2  E_DART      seed  9  goal      clr  0.68  t  16.3  inf  61  N 24.9  mpc   6.3 ms  err 0.61
[ 60/300] latency=0.2 S2  E_DART      seed 10  goal      clr  0.68  t  14.5  inf  58  N 25.5  mpc   6.6 ms  err 0.62
[ 61/300] latency=0.2 S2  E_DART      seed 11  goal      clr  0.43  t  20.7  inf  76  N 25.3  mpc   6.8 ms  err 0.54
[ 62/300] latency=0.2 S2  E_DART      seed 12  goal      clr  0.68  t  16.9  inf  65  N 24.9  mpc   6.5 ms  err 0.51
[ 63/300] latency=0.2 S2  E_DART      seed 13  goal      clr  0.56  t  17.0  inf  66  N 24.5  mpc   6.5 ms  err 0.55
[ 64/300] latency=0.2 S2  E_DART      seed 14  goal      clr  0.68  t  17.6  inf  64  N 20.8  mpc   5.3 ms  err 0.55
[ 65/300] latency=0.2 S2  E_DART      seed 15  goal      clr  0.83  t  13.9  inf  56  N 24.8  mpc   6.5 ms  err 0.57
[ 66/300] latency=0.2 S2  E_DART      seed 16  goal      clr  0.65  t  15.6  inf  62  N 25.4  mpc   6.7 ms  err 0.39
[ 67/300] latency=0.2 S2  E_DART      seed 17  goal      clr  0.56  t  16.3  inf  66  N 25.3  mpc   6.7 ms  err 0.38
[ 68/300] latency=0.2 S2  E_DART      seed 18  goal      clr  1.04  t  15.9  inf  62  N 24.9  mpc   6.6 ms  err 0.77
[ 69/300] latency=0.2 S2  E_DART      seed 19  goal      clr  0.29  t  19.9  inf  76  N 22.1  mpc   5.9 ms  err 0.35
[ 70/300] latency=0.2 S2  E_DART      seed 20  goal      clr  0.76  t  14.6  inf  55  N 24.6  mpc   6.5 ms  err 0.60
[ 71/300] latency=0.2 S2  E_DART      seed 21  goal      clr  0.78  t  13.8  inf  49  N 24.7  mpc   6.2 ms  err 0.31
[ 72/300] latency=0.2 S2  E_DART      seed 22  goal      clr  0.67  t  15.7  inf  59  N 23.7  mpc   6.0 ms  err 0.43
[ 73/300] latency=0.2 S2  E_DART      seed 23  goal      clr  0.47  t  17.0  inf  63  N 25.0  mpc   6.9 ms  err 0.52
[ 74/300] latency=0.2 S2  E_DART      seed 24  goal      clr  0.66  t  15.4  inf  59  N 25.8  mpc   6.9 ms  err 0.34
[ 75/300] latency=0.2 S2  E_DART      seed 25  goal      clr  0.73  t  15.8  inf  59  N 24.5  mpc   6.7 ms  err 0.25
[ 76/300] latency=0.2 S2  E_DART      seed 26  goal      clr  1.07  t  15.9  inf  61  N 24.6  mpc   6.0 ms  err 0.25
[ 77/300] latency=0.2 S2  E_DART      seed 27  goal      clr  0.80  t  17.9  inf  70  N 24.9  mpc   6.7 ms  err 0.39
[ 78/300] latency=0.2 S2  E_DART      seed 28  goal      clr  0.83  t  14.3  inf  56  N 26.3  mpc   6.6 ms  err 0.22
[ 79/300] latency=0.2 S2  E_DART      seed 29  goal      clr  0.65  t  13.7  inf  52  N 25.2  mpc   6.8 ms  err 0.31
[ 80/300] latency=0.2 S2  E_DART      seed 30  goal      clr  0.65  t  17.2  inf  62  N 24.0  mpc   6.3 ms  err 0.53
[ 81/300] latency=0.2 S2  E_DART      seed 31  goal      clr  0.65  t  15.4  inf  61  N 24.9  mpc   6.7 ms  err 0.53
[ 82/300] latency=0.2 S2  E_DART      seed 32  goal      clr  0.72  t  18.3  inf  59  N 23.0  mpc   6.0 ms  err 0.75
[ 83/300] latency=0.2 S2  E_DART      seed 33  goal      clr  0.55  t  16.4  inf  58  N 22.2  mpc   5.9 ms  err 1.20
[ 84/300] latency=0.2 S2  E_DART      seed 34  goal      clr  0.76  t  14.1  inf  54  N 25.0  mpc   6.6 ms  err 0.37
[ 85/300] latency=0.2 S2  E_DART      seed 35  goal      clr  0.69  t  14.5  inf  58  N 25.1  mpc   6.7 ms  err 0.53
[ 86/300] latency=0.2 S2  E_DART      seed 36  goal      clr  0.95  t  15.2  inf  57  N 23.9  mpc   6.3 ms  err 0.62
[ 87/300] latency=0.2 S2  E_DART      seed 37  goal      clr  0.52  t  21.2  inf  80  N 24.6  mpc   6.9 ms  err 0.49
[ 88/300] latency=0.2 S2  E_DART      seed 38  goal      clr  0.55  t  21.3  inf  78  N 25.1  mpc   7.7 ms  err 0.68
[ 89/300] latency=0.2 S2  E_DART      seed 39  goal      clr  0.84  t  13.8  inf  50  N 25.1  mpc   6.7 ms  err 0.81
[ 90/300] latency=0.2 S2  E_DART      seed 40  goal      clr  0.74  t  18.6  inf  71  N 24.4  mpc   6.8 ms  err 0.24
[ 91/300] latency=0.2 S2  E_DART      seed 41  goal      clr  0.70  t  22.3  inf  88  N 23.9  mpc   7.1 ms  err 0.56
[ 92/300] latency=0.2 S2  E_DART      seed 42  goal      clr  0.44  t  24.4  inf  93  N 23.5  mpc   6.6 ms  err 0.23
[ 93/300] latency=0.2 S2  E_DART      seed 43  goal      clr  0.52  t  15.4  inf  59  N 24.9  mpc   7.0 ms  err 0.53
[ 94/300] latency=0.2 S2  E_DART      seed 44  goal      clr  0.68  t  14.5  inf  53  N 24.5  mpc   6.5 ms  err 0.45
[ 95/300] latency=0.2 S2  E_DART      seed 45  goal      clr  0.73  t  16.2  inf  64  N 24.8  mpc   6.5 ms  err 0.34
[ 96/300] latency=0.2 S2  E_DART      seed 46  goal      clr  0.70  t  17.6  inf  65  N 25.2  mpc   6.7 ms  err 0.38
[ 97/300] latency=0.2 S2  E_DART      seed 47  goal      clr  0.56  t  14.0  inf  53  N 25.1  mpc   6.9 ms  err 0.83
[ 98/300] latency=0.2 S2  E_DART      seed 48  goal      clr  0.55  t  21.4  inf  87  N 24.0  mpc   6.6 ms  err 0.31
[ 99/300] latency=0.2 S2  E_DART      seed 49  goal      clr  0.78  t  14.0  inf  56  N 25.3  mpc   6.6 ms  err 0.36
[100/300] latency=0.2 S2  E_DART      seed 50  goal      clr  0.71  t  15.6  inf  57  N 24.5  mpc   6.4 ms  err 0.42
[101/300] latency=0.2 S2  F_NODELAY   seed  1  collision clr -0.02  t   3.2  inf  14  N 25.9  mpc   7.2 ms  err 2.65
[102/300] latency=0.2 S2  F_NODELAY   seed  2  collision clr -0.02  t   4.3  inf  19  N 22.2  mpc   6.4 ms  err 2.18
[103/300] latency=0.2 S2  F_NODELAY   seed  3  goal      clr  0.11  t  20.4  inf  75  N 22.5  mpc   6.0 ms  err 3.32
[104/300] latency=0.2 S2  F_NODELAY   seed  4  goal      clr  2.27  t  19.8  inf  69  N 20.5  mpc   4.6 ms  err 3.24
[105/300] latency=0.2 S2  F_NODELAY   seed  5  goal      clr  0.07  t  19.0  inf  65  N 22.8  mpc   5.9 ms  err 3.20
[106/300] latency=0.2 S2  F_NODELAY   seed  6  goal      clr  3.31  t  19.8  inf  66  N 19.3  mpc   4.7 ms  err 3.26
[107/300] latency=0.2 S2  F_NODELAY   seed  7  goal      clr  0.22  t  17.6  inf  56  N 19.3  mpc   4.3 ms  err 3.26
[108/300] latency=0.2 S2  F_NODELAY   seed  8  collision clr -0.00  t   5.2  inf  22  N 26.8  mpc   7.7 ms  err 4.98
[109/300] latency=0.2 S2  F_NODELAY   seed  9  collision clr -0.00  t   3.7  inf  16  N 26.5  mpc   8.2 ms  err 3.82
[110/300] latency=0.2 S2  F_NODELAY   seed 10  collision clr -0.00  t   3.1  inf  15  N 25.3  mpc   7.3 ms  err 2.46
[111/300] latency=0.2 S2  F_NODELAY   seed 11  goal      clr  0.84  t  18.4  inf  69  N 20.6  mpc   5.3 ms  err 2.35
[112/300] latency=0.2 S2  F_NODELAY   seed 12  collision clr -0.03  t   4.8  inf  21  N 24.7  mpc   8.1 ms  err 2.49
[113/300] latency=0.2 S2  F_NODELAY   seed 13  collision clr -0.02  t  16.4  inf  76  N 24.6  mpc   7.2 ms  err 2.20
[114/300] latency=0.2 S2  F_NODELAY   seed 14  goal      clr  0.02  t  23.1  inf  91  N 23.9  mpc   7.2 ms  err 4.01
[115/300] latency=0.2 S2  F_NODELAY   seed 15  goal      clr  0.48  t  18.6  inf  74  N 22.8  mpc   5.8 ms  err 3.04
[116/300] latency=0.2 S2  F_NODELAY   seed 16  goal      clr  0.59  t  33.1  inf 129  N 20.2  mpc   5.1 ms  err 3.29
[117/300] latency=0.2 S2  F_NODELAY   seed 17  goal      clr  0.08  t  17.0  inf  66  N 23.8  mpc   6.4 ms  err 2.28
[118/300] latency=0.2 S2  F_NODELAY   seed 18  goal      clr  1.60  t  15.0  inf  50  N 21.5  mpc   5.5 ms  err 3.50
[119/300] latency=0.2 S2  F_NODELAY   seed 19  goal      clr  0.23  t  21.5  inf  86  N 22.9  mpc   6.0 ms  err 3.32
[120/300] latency=0.2 S2  F_NODELAY   seed 20  collision clr -0.01  t   3.0  inf  13  N 25.5  mpc   7.4 ms  err 1.84
[121/300] latency=0.2 S2  F_NODELAY   seed 21  goal      clr  0.75  t  19.1  inf  71  N 22.1  mpc   5.6 ms  err 4.18
[122/300] latency=0.2 S2  F_NODELAY   seed 22  goal      clr  0.24  t  28.8  inf 120  N 22.1  mpc   6.1 ms  err 2.50
[123/300] latency=0.2 S2  F_NODELAY   seed 23  goal      clr  3.19  t  18.5  inf  75  N 22.3  mpc   5.6 ms  err 2.73
[124/300] latency=0.2 S2  F_NODELAY   seed 24  goal      clr  0.34  t  19.5  inf  70  N 22.8  mpc   5.5 ms  err 3.52
[125/300] latency=0.2 S2  F_NODELAY   seed 25  goal      clr  0.34  t  23.7  inf  94  N 21.1  mpc   5.4 ms  err 2.94
[126/300] latency=0.2 S2  F_NODELAY   seed 26  collision clr -0.00  t   3.1  inf  15  N 25.6  mpc   6.9 ms  err 3.12
[127/300] latency=0.2 S2  F_NODELAY   seed 27  goal      clr  0.52  t  27.3  inf 100  N 20.5  mpc   4.7 ms  err 3.92
[128/300] latency=0.2 S2  F_NODELAY   seed 28  collision clr -0.03  t   2.2  inf  11  N 26.8  mpc   7.9 ms  err 3.26
[129/300] latency=0.2 S2  F_NODELAY   seed 29  goal      clr  1.20  t  17.2  inf  70  N 22.6  mpc   6.0 ms  err 3.70
[130/300] latency=0.2 S2  F_NODELAY   seed 30  goal      clr  0.36  t  17.3  inf  55  N 20.6  mpc   4.5 ms  err 2.70
[131/300] latency=0.2 S2  F_NODELAY   seed 31  goal      clr  0.17  t  25.3  inf  90  N 20.2  mpc   4.9 ms  err 7.29
[132/300] latency=0.2 S2  F_NODELAY   seed 32  goal      clr  2.47  t  14.7  inf  52  N 24.2  mpc   5.9 ms  err 3.44
[133/300] latency=0.2 S2  F_NODELAY   seed 33  goal      clr  1.31  t  20.9  inf  73  N 22.0  mpc   5.2 ms  err 4.24
[134/300] latency=0.2 S2  F_NODELAY   seed 34  collision clr -0.00  t   3.1  inf  15  N 25.3  mpc   8.0 ms  err 2.98
[135/300] latency=0.2 S2  F_NODELAY   seed 35  goal      clr  0.22  t  16.6  inf  56  N 22.6  mpc   5.4 ms  err 2.65
[136/300] latency=0.2 S2  F_NODELAY   seed 36  goal      clr  2.14  t  18.4  inf  70  N 22.0  mpc   5.9 ms  err 2.14
[137/300] latency=0.2 S2  F_NODELAY   seed 37  goal      clr  0.19  t  25.1  inf 103  N 23.5  mpc   6.4 ms  err 3.42
[138/300] latency=0.2 S2  F_NODELAY   seed 38  goal      clr  0.66  t  18.6  inf  68  N 23.9  mpc   5.7 ms  err 3.43
[139/300] latency=0.2 S2  F_NODELAY   seed 39  goal      clr  2.63  t  19.5  inf  80  N 20.5  mpc   5.0 ms  err 3.12
[140/300] latency=0.2 S2  F_NODELAY   seed 40  goal      clr  0.46  t  25.7  inf 105  N 23.4  mpc   6.8 ms  err 2.10
[141/300] latency=0.2 S2  F_NODELAY   seed 41  goal      clr  0.51  t  15.4  inf  53  N 22.5  mpc   5.7 ms  err 3.44
[142/300] latency=0.2 S2  F_NODELAY   seed 42  goal      clr  0.09  t  22.2  inf  88  N 23.2  mpc   6.0 ms  err 2.87
[143/300] latency=0.2 S2  F_NODELAY   seed 43  goal      clr  0.11  t  19.1  inf  74  N 23.2  mpc   6.0 ms  err 3.21
[144/300] latency=0.2 S2  F_NODELAY   seed 44  goal      clr  0.40  t  26.2  inf 107  N 23.2  mpc   7.0 ms  err 2.81
[145/300] latency=0.2 S2  F_NODELAY   seed 45  goal      clr  0.00  t  22.2  inf  81  N 22.4  mpc   5.7 ms  err 2.84
[146/300] latency=0.2 S2  F_NODELAY   seed 46  collision clr -0.00  t   9.3  inf  44  N 27.9  mpc   8.9 ms  err 2.29
[147/300] latency=0.2 S2  F_NODELAY   seed 47  goal      clr  1.69  t  22.8  inf  86  N 22.4  mpc   5.1 ms  err 3.84
[148/300] latency=0.2 S2  F_NODELAY   seed 48  goal      clr  0.34  t  28.7  inf 117  N 20.6  mpc   4.6 ms  err 2.93
[149/300] latency=0.2 S2  F_NODELAY   seed 49  goal      clr  0.51  t  18.3  inf  67  N 21.5  mpc   5.1 ms  err 2.61
[150/300] latency=0.2 S2  F_NODELAY   seed 50  goal      clr  0.56  t  17.1  inf  56  N 21.3  mpc   5.4 ms  err 2.78
[151/300] latency=0.2 S2  G_FR_LOW    seed  1  goal      clr  0.50  t  19.4  inf  58  N 24.0  mpc   6.5 ms  err 0.76
[152/300] latency=0.2 S2  G_FR_LOW    seed  2  goal      clr  0.58  t  18.9  inf  56  N 23.9  mpc   6.6 ms  err 0.49
[153/300] latency=0.2 S2  G_FR_LOW    seed  3  goal      clr  0.66  t  17.4  inf  51  N 24.6  mpc   6.5 ms  err 0.22
[154/300] latency=0.2 S2  G_FR_LOW    seed  4  goal      clr  3.36  t  16.7  inf  50  N 21.5  mpc   5.1 ms  err 0.74
[155/300] latency=0.2 S2  G_FR_LOW    seed  5  goal      clr  0.66  t  15.7  inf  46  N 23.5  mpc   6.0 ms  err 0.48
[156/300] latency=0.2 S2  G_FR_LOW    seed  6  goal      clr  0.80  t  14.6  inf  43  N 24.9  mpc   6.1 ms  err 0.56
[157/300] latency=0.2 S2  G_FR_LOW    seed  7  goal      clr  0.94  t  21.5  inf  64  N 21.4  mpc   5.5 ms  err 0.33
[158/300] latency=0.2 S2  G_FR_LOW    seed  8  goal      clr  0.81  t  16.5  inf  49  N 23.9  mpc   5.8 ms  err 0.64
[159/300] latency=0.2 S2  G_FR_LOW    seed  9  goal      clr  0.72  t  16.0  inf  47  N 25.3  mpc   6.4 ms  err 0.69
[160/300] latency=0.2 S2  G_FR_LOW    seed 10  goal      clr  0.77  t  15.6  inf  46  N 25.4  mpc   6.6 ms  err 0.49
[161/300] latency=0.2 S2  G_FR_LOW    seed 11  goal      clr  0.76  t  17.0  inf  50  N 23.7  mpc   6.2 ms  err 0.41
[162/300] latency=0.2 S2  G_FR_LOW    seed 12  goal      clr  0.76  t  17.0  inf  50  N 24.8  mpc   6.5 ms  err 0.57
[163/300] latency=0.2 S2  G_FR_LOW    seed 13  goal      clr  0.53  t  20.9  inf  62  N 23.8  mpc   6.6 ms  err 0.37
[164/300] latency=0.2 S2  G_FR_LOW    seed 14  goal      clr  0.64  t  17.9  inf  53  N 21.2  mpc   5.2 ms  err 0.56
[165/300] latency=0.2 S2  G_FR_LOW    seed 15  goal      clr  0.82  t  14.0  inf  41  N 25.3  mpc   6.9 ms  err 0.60
[166/300] latency=0.2 S2  G_FR_LOW    seed 16  goal      clr  0.68  t  15.6  inf  46  N 25.4  mpc   6.9 ms  err 0.70
[167/300] latency=0.2 S2  G_FR_LOW    seed 17  goal      clr  0.84  t  15.2  inf  45  N 24.8  mpc   6.4 ms  err 0.22
[168/300] latency=0.2 S2  G_FR_LOW    seed 18  goal      clr  0.93  t  15.4  inf  46  N 25.8  mpc   6.4 ms  err 0.45
[169/300] latency=0.2 S2  G_FR_LOW    seed 19  goal      clr  0.59  t  17.7  inf  52  N 23.9  mpc   6.3 ms  err 0.34
[170/300] latency=0.2 S2  G_FR_LOW    seed 20  goal      clr  0.90  t  15.4  inf  46  N 24.7  mpc   6.3 ms  err 0.95
[171/300] latency=0.2 S2  G_FR_LOW    seed 21  goal      clr  0.70  t  13.8  inf  41  N 24.8  mpc   6.2 ms  err 0.32
[172/300] latency=0.2 S2  G_FR_LOW    seed 22  goal      clr  0.66  t  17.0  inf  50  N 24.4  mpc   6.4 ms  err 0.37
[173/300] latency=0.2 S2  G_FR_LOW    seed 23  goal      clr  0.54  t  16.9  inf  50  N 23.2  mpc   6.4 ms  err 0.80
[174/300] latency=0.2 S2  G_FR_LOW    seed 24  goal      clr  0.74  t  17.1  inf  51  N 24.3  mpc   6.4 ms  err 0.28
[175/300] latency=0.2 S2  G_FR_LOW    seed 25  goal      clr  0.64  t  17.8  inf  53  N 25.3  mpc   7.0 ms  err 0.76
[176/300] latency=0.2 S2  G_FR_LOW    seed 26  goal      clr  0.75  t  17.3  inf  51  N 22.3  mpc   5.3 ms  err 0.56
[177/300] latency=0.2 S2  G_FR_LOW    seed 27  goal      clr  0.47  t  20.1  inf  59  N 23.2  mpc   6.1 ms  err 0.31
[178/300] latency=0.2 S2  G_FR_LOW    seed 28  goal      clr  0.64  t  14.2  inf  42  N 26.4  mpc   6.6 ms  err 0.32
[179/300] latency=0.2 S2  G_FR_LOW    seed 29  goal      clr  0.73  t  13.5  inf  40  N 25.1  mpc   6.5 ms  err 0.74
[180/300] latency=0.2 S2  G_FR_LOW    seed 30  goal      clr  0.80  t  19.2  inf  57  N 20.8  mpc   5.1 ms  err 0.32
[181/300] latency=0.2 S2  G_FR_LOW    seed 31  goal      clr  0.49  t  19.8  inf  59  N 23.3  mpc   6.2 ms  err 0.27
[182/300] latency=0.2 S2  G_FR_LOW    seed 32  goal      clr  0.69  t  18.7  inf  55  N 24.1  mpc   6.4 ms  err 0.53
[183/300] latency=0.2 S2  G_FR_LOW    seed 33  goal      clr  0.73  t  14.6  inf  43  N 24.8  mpc   6.8 ms  err 0.46
[184/300] latency=0.2 S2  G_FR_LOW    seed 34  goal      clr  0.81  t  13.6  inf  40  N 24.7  mpc   6.7 ms  err 0.54
[185/300] latency=0.2 S2  G_FR_LOW    seed 35  goal      clr  0.93  t  14.6  inf  43  N 24.5  mpc   6.0 ms  err 0.69
[186/300] latency=0.2 S2  G_FR_LOW    seed 36  goal      clr  1.04  t  16.8  inf  50  N 23.0  mpc   6.1 ms  err 0.48
[187/300] latency=0.2 S2  G_FR_LOW    seed 37  goal      clr  0.54  t  15.9  inf  47  N 25.5  mpc   6.8 ms  err 0.17
[188/300] latency=0.2 S2  G_FR_LOW    seed 38  goal      clr  0.62  t  17.0  inf  50  N 25.1  mpc   6.7 ms  err 0.71
[189/300] latency=0.2 S2  G_FR_LOW    seed 39  goal      clr  0.65  t  17.2  inf  51  N 23.8  mpc   6.3 ms  err 0.23
[190/300] latency=0.2 S2  G_FR_LOW    seed 40  goal      clr  0.74  t  20.1  inf  59  N 24.8  mpc   6.6 ms  err 0.29
[191/300] latency=0.2 S2  G_FR_LOW    seed 41  goal      clr  0.73  t  15.0  inf  44  N 24.9  mpc   6.5 ms  err 0.36
[192/300] latency=0.2 S2  G_FR_LOW    seed 42  goal      clr  0.53  t  14.8  inf  44  N 24.9  mpc   6.4 ms  err 0.44
[193/300] latency=0.2 S2  G_FR_LOW    seed 43  goal      clr  0.82  t  18.0  inf  53  N 24.4  mpc   6.3 ms  err 0.76
[194/300] latency=0.2 S2  G_FR_LOW    seed 44  goal      clr  0.75  t  14.1  inf  42  N 24.7  mpc   6.5 ms  err 0.60
[195/300] latency=0.2 S2  G_FR_LOW    seed 45  goal      clr  0.63  t  15.5  inf  46  N 25.6  mpc   6.5 ms  err 0.24
[196/300] latency=0.2 S2  G_FR_LOW    seed 46  goal      clr  0.76  t  17.7  inf  52  N 23.5  mpc   5.6 ms  err 0.59
[197/300] latency=0.2 S2  G_FR_LOW    seed 47  goal      clr  0.83  t  17.5  inf  52  N 23.4  mpc   6.4 ms  err 0.63
[198/300] latency=0.2 S2  G_FR_LOW    seed 48  goal      clr  0.51  t  18.3  inf  54  N 24.5  mpc   6.5 ms  err 0.46
[199/300] latency=0.2 S2  G_FR_LOW    seed 49  goal      clr  0.83  t  14.2  inf  42  N 25.4  mpc   6.3 ms  err 0.31
[200/300] latency=0.2 S2  G_FR_LOW    seed 50  goal      clr  0.72  t  27.0  inf  80  N 20.8  mpc   4.9 ms  err 0.62
[201/300] latency=0.2 S2  FR_SAFE_5   seed  1  goal      clr  0.78  t  18.2  inf  80  N 23.6  mpc   6.1 ms  err 0.35
[202/300] latency=0.2 S2  FR_SAFE_5   seed  2  goal      clr  0.43  t  16.5  inf  73  N 25.0  mpc   6.5 ms  err 0.59
[203/300] latency=0.2 S2  FR_SAFE_5   seed  3  goal      clr  0.51  t  21.1  inf  93  N 24.2  mpc   6.8 ms  err 0.17
[204/300] latency=0.2 S2  FR_SAFE_5   seed  4  goal      clr  0.72  t  15.3  inf  68  N 23.9  mpc   6.0 ms  err 0.73
[205/300] latency=0.2 S2  FR_SAFE_5   seed  5  goal      clr  0.74  t  14.8  inf  61  N 25.1  mpc   6.3 ms  err 0.58
[206/300] latency=0.2 S2  FR_SAFE_5   seed  6  goal      clr  0.46  t  19.5  inf  85  N 24.1  mpc   6.5 ms  err 0.34
[207/300] latency=0.2 S2  FR_SAFE_5   seed  7  goal      clr  0.61  t  16.2  inf  70  N 24.4  mpc   6.1 ms  err 0.38
[208/300] latency=0.2 S2  FR_SAFE_5   seed  8  goal      clr  0.58  t  16.4  inf  73  N 24.9  mpc   6.5 ms  err 0.47
[209/300] latency=0.2 S2  FR_SAFE_5   seed  9  goal      clr  0.55  t  21.7  inf  96  N 24.8  mpc   6.7 ms  err 0.65
[210/300] latency=0.2 S2  FR_SAFE_5   seed 10  goal      clr  0.72  t  14.2  inf  63  N 25.8  mpc   6.6 ms  err 0.55
[211/300] latency=0.2 S2  FR_SAFE_5   seed 11  goal      clr  0.69  t  17.7  inf  74  N 26.1  mpc   7.0 ms  err 0.43
[212/300] latency=0.2 S2  FR_SAFE_5   seed 12  goal      clr  0.66  t  17.5  inf  76  N 23.8  mpc   5.8 ms  err 0.47
[213/300] latency=0.2 S2  FR_SAFE_5   seed 13  goal      clr  0.62  t  15.2  inf  67  N 24.8  mpc   6.4 ms  err 0.58
[214/300] latency=0.2 S2  FR_SAFE_5   seed 14  goal      clr  0.60  t  16.7  inf  73  N 23.4  mpc   6.1 ms  err 0.39
[215/300] latency=0.2 S2  FR_SAFE_5   seed 15  goal      clr  0.88  t  13.8  inf  60  N 25.0  mpc   6.3 ms  err 0.54
[216/300] latency=0.2 S2  FR_SAFE_5   seed 16  goal      clr  0.50  t  15.6  inf  70  N 25.1  mpc   6.7 ms  err 0.30
[217/300] latency=0.2 S2  FR_SAFE_5   seed 17  goal      clr  0.67  t  18.9  inf  86  N 22.1  mpc   5.5 ms  err 0.27
[218/300] latency=0.2 S2  FR_SAFE_5   seed 18  goal      clr  0.76  t  18.4  inf  82  N 24.1  mpc   6.3 ms  err 0.70
[219/300] latency=0.2 S2  FR_SAFE_5   seed 19  goal      clr  0.44  t  25.0  inf 112  N 24.0  mpc   6.6 ms  err 0.38
[220/300] latency=0.2 S2  FR_SAFE_5   seed 20  goal      clr  0.72  t  14.9  inf  66  N 25.0  mpc   6.5 ms  err 0.48
[221/300] latency=0.2 S2  FR_SAFE_5   seed 21  goal      clr  0.76  t  13.7  inf  59  N 24.7  mpc   6.2 ms  err 0.35
[222/300] latency=0.2 S2  FR_SAFE_5   seed 22  goal      clr  0.71  t  16.8  inf  77  N 24.5  mpc   6.5 ms  err 0.48
[223/300] latency=0.2 S2  FR_SAFE_5   seed 23  goal      clr  0.39  t  15.8  inf  69  N 24.9  mpc   6.9 ms  err 0.34
[224/300] latency=0.2 S2  FR_SAFE_5   seed 24  goal      clr  0.80  t  17.0  inf  74  N 24.4  mpc   6.5 ms  err 0.44
[225/300] latency=0.2 S2  FR_SAFE_5   seed 25  goal      clr  0.63  t  21.6  inf  93  N 23.6  mpc   6.5 ms  err 0.77
[226/300] latency=0.2 S2  FR_SAFE_5   seed 26  goal      clr  1.11  t  16.0  inf  72  N 24.9  mpc   6.0 ms  err 0.53
[227/300] latency=0.2 S2  FR_SAFE_5   seed 27  goal      clr  0.66  t  13.8  inf  59  N 26.3  mpc   7.0 ms  err 0.79
[228/300] latency=0.2 S2  FR_SAFE_5   seed 28  goal      clr  0.76  t  14.3  inf  63  N 26.4  mpc   6.5 ms  err 0.23
[229/300] latency=0.2 S2  FR_SAFE_5   seed 29  goal      clr  0.77  t  13.8  inf  62  N 24.8  mpc   6.6 ms  err 0.40
[230/300] latency=0.2 S2  FR_SAFE_5   seed 30  goal      clr  0.62  t  17.8  inf  75  N 23.8  mpc   6.2 ms  err 0.54
[231/300] latency=0.2 S2  FR_SAFE_5   seed 31  goal      clr  0.57  t  19.9  inf  89  N 23.0  mpc   5.8 ms  err 0.18
[232/300] latency=0.2 S2  FR_SAFE_5   seed 32  goal      clr  0.57  t  14.8  inf  64  N 25.4  mpc   6.7 ms  err 0.69
[233/300] latency=0.2 S2  FR_SAFE_5   seed 33  goal      clr  0.77  t  15.1  inf  68  N 23.0  mpc   6.2 ms  err 1.09
[234/300] latency=0.2 S2  FR_SAFE_5   seed 34  goal      clr  0.64  t  17.8  inf  80  N 22.6  mpc   5.5 ms  err 0.30
[235/300] latency=0.2 S2  FR_SAFE_5   seed 35  goal      clr  0.67  t  14.2  inf  64  N 25.0  mpc   6.4 ms  err 0.77
[236/300] latency=0.2 S2  FR_SAFE_5   seed 36  goal      clr  0.63  t  17.1  inf  75  N 26.1  mpc   7.4 ms  err 0.64
[237/300] latency=0.2 S2  FR_SAFE_5   seed 37  goal      clr  0.55  t  16.5  inf  75  N 25.1  mpc   6.8 ms  err 0.35
[238/300] latency=0.2 S2  FR_SAFE_5   seed 38  goal      clr  0.54  t  22.9  inf  99  N 24.6  mpc   7.0 ms  err 0.67
[239/300] latency=0.2 S2  FR_SAFE_5   seed 39  goal      clr  1.09  t  13.7  inf  59  N 24.6  mpc   6.1 ms  err 0.69
[240/300] latency=0.2 S2  FR_SAFE_5   seed 40  goal      clr  0.59  t  18.2  inf  80  N 25.9  mpc   7.1 ms  err 0.24
[241/300] latency=0.2 S2  FR_SAFE_5   seed 41  goal      clr  0.72  t  15.1  inf  65  N 24.9  mpc   6.5 ms  err 0.38
[242/300] latency=0.2 S2  FR_SAFE_5   seed 42  goal      clr  0.97  t  21.0  inf  91  N 23.2  mpc   6.1 ms  err 0.47
[243/300] latency=0.2 S2  FR_SAFE_5   seed 43  goal      clr  0.70  t  16.0  inf  71  N 25.6  mpc   7.1 ms  err 0.39
[244/300] latency=0.2 S2  FR_SAFE_5   seed 44  goal      clr  0.61  t  18.0  inf  78  N 24.2  mpc   6.5 ms  err 0.44
[245/300] latency=0.2 S2  FR_SAFE_5   seed 45  goal      clr  0.70  t  19.2  inf  87  N 24.4  mpc   6.3 ms  err 0.28
[246/300] latency=0.2 S2  FR_SAFE_5   seed 46  goal      clr  0.57  t  15.9  inf  69  N 26.1  mpc   7.2 ms  err 0.85
[247/300] latency=0.2 S2  FR_SAFE_5   seed 47  goal      clr  0.82  t  17.0  inf  74  N 23.4  mpc   5.8 ms  err 0.66
[248/300] latency=0.2 S2  FR_SAFE_5   seed 48  goal      clr  0.36  t  19.3  inf  87  N 23.6  mpc   6.4 ms  err 0.58
[249/300] latency=0.2 S2  FR_SAFE_5   seed 49  goal      clr  0.79  t  13.8  inf  63  N 24.8  mpc   6.2 ms  err 0.63
[250/300] latency=0.2 S2  FR_SAFE_5   seed 50  goal      clr  0.56  t  15.9  inf  72  N 23.6  mpc   6.1 ms  err 0.62
[251/300] latency=0.2 S2  FR_SAFE_10  seed  1  goal      clr  0.61  t  18.9  inf  87  N 24.1  mpc   6.5 ms  err 0.43
[252/300] latency=0.2 S2  FR_SAFE_10  seed  2  goal      clr  0.52  t  15.6  inf  72  N 25.1  mpc   6.5 ms  err 0.38
[253/300] latency=0.2 S2  FR_SAFE_10  seed  3  goal      clr  0.62  t  16.6  inf  77  N 25.3  mpc   6.8 ms  err 0.30
[254/300] latency=0.2 S2  FR_SAFE_10  seed  4  goal      clr  0.72  t  15.1  inf  70  N 25.0  mpc   6.5 ms  err 0.59
[255/300] latency=0.2 S2  FR_SAFE_10  seed  5  goal      clr  0.29  t  15.7  inf  66  N 23.5  mpc   6.4 ms  err 0.70
[256/300] latency=0.2 S2  FR_SAFE_10  seed  6  goal      clr  0.67  t  16.7  inf  74  N 24.6  mpc   7.0 ms  err 0.30
[257/300] latency=0.2 S2  FR_SAFE_10  seed  7  goal      clr  0.84  t  15.1  inf  68  N 23.4  mpc   5.6 ms  err 0.91
[258/300] latency=0.2 S2  FR_SAFE_10  seed  8  goal      clr  0.68  t  14.5  inf  67  N 25.0  mpc   6.4 ms  err 0.37
[259/300] latency=0.2 S2  FR_SAFE_10  seed  9  goal      clr  0.67  t  15.8  inf  72  N 24.6  mpc   6.3 ms  err 0.45
[260/300] latency=0.2 S2  FR_SAFE_10  seed 10  goal      clr  0.65  t  14.4  inf  68  N 25.9  mpc   6.8 ms  err 0.66
[261/300] latency=0.2 S2  FR_SAFE_10  seed 11  goal      clr  0.80  t  17.1  inf  76  N 24.5  mpc   6.3 ms  err 0.57
[262/300] latency=0.2 S2  FR_SAFE_10  seed 12  goal      clr  0.60  t  17.9  inf  80  N 24.0  mpc   6.1 ms  err 0.56
[263/300] latency=0.2 S2  FR_SAFE_10  seed 13  goal      clr  0.61  t  18.1  inf  85  N 23.5  mpc   5.9 ms  err 0.74
[264/300] latency=0.2 S2  FR_SAFE_10  seed 14  goal      clr  0.65  t  16.7  inf  76  N 24.3  mpc   6.5 ms  err 0.47
[265/300] latency=0.2 S2  FR_SAFE_10  seed 15  goal      clr  0.44  t  14.5  inf  67  N 24.0  mpc   6.4 ms  err 0.51
[266/300] latency=0.2 S2  FR_SAFE_10  seed 16  goal      clr  0.68  t  15.7  inf  73  N 25.7  mpc   6.8 ms  err 0.43
[267/300] latency=0.2 S2  FR_SAFE_10  seed 17  goal      clr  0.75  t  19.7  inf  95  N 23.7  mpc   6.3 ms  err 0.18
[268/300] latency=0.2 S2  FR_SAFE_10  seed 18  goal      clr  0.63  t  16.9  inf  80  N 22.6  mpc   5.9 ms  err 0.79
[269/300] latency=0.2 S2  FR_SAFE_10  seed 19  goal      clr  0.77  t  19.9  inf  95  N 21.9  mpc   5.5 ms  err 0.24
[270/300] latency=0.2 S2  FR_SAFE_10  seed 20  goal      clr  0.73  t  14.6  inf  68  N 24.5  mpc   6.4 ms  err 0.48
[271/300] latency=0.2 S2  FR_SAFE_10  seed 21  goal      clr  0.80  t  13.8  inf  61  N 24.7  mpc   6.0 ms  err 0.38
[272/300] latency=0.2 S2  FR_SAFE_10  seed 22  goal      clr  0.66  t  15.7  inf  75  N 23.8  mpc   5.9 ms  err 0.43
[273/300] latency=0.2 S2  FR_SAFE_10  seed 23  goal      clr  0.47  t  16.9  inf  77  N 25.0  mpc   6.9 ms  err 0.55
[274/300] latency=0.2 S2  FR_SAFE_10  seed 24  goal      clr  0.61  t  15.5  inf  69  N 25.9  mpc   6.9 ms  err 0.33
[275/300] latency=0.2 S2  FR_SAFE_10  seed 25  goal      clr  0.63  t  17.5  inf  79  N 23.8  mpc   6.2 ms  err 0.33
[276/300] latency=0.2 S2  FR_SAFE_10  seed 26  goal      clr  1.14  t  15.9  inf  76  N 24.3  mpc   5.8 ms  err 0.24
[277/300] latency=0.2 S2  FR_SAFE_10  seed 27  goal      clr  0.70  t  17.7  inf  81  N 24.8  mpc   6.4 ms  err 0.38
[278/300] latency=0.2 S2  FR_SAFE_10  seed 28  goal      clr  0.78  t  14.5  inf  66  N 26.2  mpc   6.5 ms  err 0.24
[279/300] latency=0.2 S2  FR_SAFE_10  seed 29  goal      clr  1.00  t  13.0  inf  62  N 24.0  mpc   6.2 ms  err 0.64
[280/300] latency=0.2 S2  FR_SAFE_10  seed 30  goal      clr  0.65  t  17.3  inf  75  N 24.1  mpc   6.1 ms  err 0.48
[281/300] latency=0.2 S2  FR_SAFE_10  seed 31  goal      clr  0.66  t  19.0  inf  89  N 22.4  mpc   5.6 ms  err 0.46
[282/300] latency=0.2 S2  FR_SAFE_10  seed 32  goal      clr  0.51  t  19.5  inf  87  N 24.6  mpc   6.7 ms  err 0.61
[283/300] latency=0.2 S2  FR_SAFE_10  seed 33  goal      clr  0.78  t  13.5  inf  65  N 24.5  mpc   6.8 ms  err 1.16
[284/300] latency=0.2 S2  FR_SAFE_10  seed 34  goal      clr  0.41  t  15.5  inf  72  N 24.0  mpc   6.5 ms  err 0.38
[285/300] latency=0.2 S2  FR_SAFE_10  seed 35  goal      clr  0.70  t  14.4  inf  70  N 25.0  mpc   6.4 ms  err 0.64
[286/300] latency=0.2 S2  FR_SAFE_10  seed 36  goal      clr  1.09  t  17.2  inf  80  N 23.2  mpc   5.8 ms  err 0.47
[287/300] latency=0.2 S2  FR_SAFE_10  seed 37  goal      clr  0.70  t  15.9  inf  76  N 26.0  mpc   7.1 ms  err 0.27
[288/300] latency=0.2 S2  FR_SAFE_10  seed 38  goal      clr  0.98  t  16.3  inf  74  N 25.3  mpc   6.7 ms  err 0.30
[289/300] latency=0.2 S2  FR_SAFE_10  seed 39  goal      clr  1.02  t  14.2  inf  64  N 25.2  mpc   6.3 ms  err 0.99
[290/300] latency=0.2 S2  FR_SAFE_10  seed 40  goal      clr  0.61  t  18.6  inf  87  N 25.2  mpc   6.8 ms  err 0.29
[291/300] latency=0.2 S2  FR_SAFE_10  seed 41  goal      clr  0.55  t  19.3  inf  89  N 26.1  mpc   7.1 ms  err 0.53
[292/300] latency=0.2 S2  FR_SAFE_10  seed 42  goal      clr  0.70  t  17.1  inf  77  N 25.7  mpc   6.7 ms  err 0.30
[293/300] latency=0.2 S2  FR_SAFE_10  seed 43  goal      clr  0.78  t  14.9  inf  70  N 25.7  mpc   6.8 ms  err 0.39
[294/300] latency=0.2 S2  FR_SAFE_10  seed 44  goal      clr  0.61  t  14.6  inf  64  N 24.5  mpc   6.2 ms  err 0.52
[295/300] latency=0.2 S2  FR_SAFE_10  seed 45  goal      clr  0.63  t  16.2  inf  76  N 22.7  mpc   6.0 ms  err 0.73
[296/300] latency=0.2 S2  FR_SAFE_10  seed 46  goal      clr  0.70  t  15.6  inf  70  N 24.9  mpc   6.3 ms  err 0.52
[297/300] latency=0.2 S2  FR_SAFE_10  seed 47  goal      clr  0.38  t  17.0  inf  77  N 24.0  mpc   6.1 ms  err 1.36
[298/300] latency=0.2 S2  FR_SAFE_10  seed 48  goal      clr  0.19  t  20.0  inf  95  N 23.7  mpc   6.4 ms  err 0.51
[299/300] latency=0.2 S2  FR_SAFE_10  seed 49  goal      clr  0.76  t  14.1  inf  68  N 24.9  mpc   6.2 ms  err 0.25
[300/300] latency=0.2 S2  FR_SAFE_10  seed 50  goal      clr  0.43  t  19.3  inf  92  N 23.2  mpc   6.0 ms  err 0.42
