[  1/300] latency=0.2 S1  A_FR_FN     seed  1  goal      clr  0.40  t  13.4  inf  61  N 20.0  mpc   5.0 ms  err 0.16
[  2/300] latency=0.2 S1  A_FR_FN     seed  2  goal      clr  0.40  t  13.6  inf  62  N 20.0  mpc   4.8 ms  err 0.28
[  3/300] latency=0.2 S1  A_FR_FN     seed  3  goal      clr  0.45  t  14.3  inf  66  N 20.0  mpc   4.6 ms  err 0.16
[  4/300] latency=0.2 S1  A_FR_FN     seed  4  goal      clr  0.53  t  13.5  inf  62  N 20.0  mpc   5.5 ms  err 0.22
[  5/300] latency=0.2 S1  A_FR_FN     seed  5  goal      clr  0.41  t  14.0  inf  59  N 20.0  mpc   4.7 ms  err 0.23
[  6/300] latency=0.2 S1  A_FR_FN     seed  6  goal      clr  0.46  t  13.4  inf  60  N 20.0  mpc   4.0 ms  err 0.16
[  7/300] latency=0.2 S1  A_FR_FN     seed  7  goal      clr  0.38  t  13.3  inf  60  N 20.0  mpc   4.0 ms  err 0.27
[  8/300] latency=0.2 S1  A_FR_FN     seed  8  goal      clr  0.39  t  13.8  inf  64  N 20.0  mpc   4.0 ms  err 0.22
[  9/300] latency=0.2 S1  A_FR_FN     seed  9  goal      clr  0.44  t  13.6  inf  62  N 20.0  mpc   4.0 ms  err 0.19
[ 10/300] latency=0.2 S1  A_FR_FN     seed 10  goal      clr  0.30  t  13.8  inf  65  N 20.0  mpc   4.0 ms  err 0.34
[ 11/300] latency=0.2 S1  A_FR_FN     seed 11  goal      clr  0.42  t  13.3  inf  61  N 20.0  mpc   3.8 ms  err 0.23
[ 12/300] latency=0.2 S1  A_FR_FN     seed 12  goal      clr  0.45  t  13.5  inf  60  N 20.0  mpc   3.9 ms  err 0.16
[ 13/300] latency=0.2 S1  A_FR_FN     seed 13  goal      clr  0.44  t  13.5  inf  64  N 20.0  mpc   3.9 ms  err 0.12
[ 14/300] latency=0.2 S1  A_FR_FN     seed 14  goal      clr  0.37  t  14.2  inf  64  N 20.0  mpc   4.1 ms  err 0.23
[ 15/300] latency=0.2 S1  A_FR_FN     seed 15  goal      clr  0.39  t  14.1  inf  65  N 20.0  mpc   4.1 ms  err 0.24
[ 16/300] latency=0.2 S1  A_FR_FN     seed 16  goal      clr  0.50  t  13.3  inf  62  N 20.0  mpc   3.9 ms  err 0.14
[ 17/300] latency=0.2 S1  A_FR_FN     seed 17  goal      clr  0.39  t  13.5  inf  65  N 20.0  mpc   4.0 ms  err 0.18
[ 18/300] latency=0.2 S1  A_FR_FN     seed 18  goal      clr  0.41  t  13.7  inf  66  N 20.0  mpc   4.1 ms  err 0.16
[ 19/300] latency=0.2 S1  A_FR_FN     seed 19  goal      clr  0.44  t  14.3  inf  69  N 20.0  mpc   4.2 ms  err 0.16
[ 20/300] latency=0.2 S1  A_FR_FN     seed 20  goal      clr  0.34  t  13.7  inf  63  N 20.0  mpc   4.4 ms  err 0.33
[ 21/300] latency=0.2 S1  A_FR_FN     seed 21  goal      clr  0.48  t  13.5  inf  60  N 20.0  mpc   4.1 ms  err 0.12
[ 22/300] latency=0.2 S1  A_FR_FN     seed 22  goal      clr  0.47  t  13.3  inf  64  N 20.0  mpc   4.0 ms  err 0.21
[ 23/300] latency=0.2 S1  A_FR_FN     seed 23  goal      clr  0.44  t  13.3  inf  61  N 20.0  mpc   4.0 ms  err 0.24
[ 24/300] latency=0.2 S1  A_FR_FN     seed 24  goal      clr  0.45  t  13.2  inf  60  N 20.0  mpc   3.8 ms  err 0.27
[ 25/300] latency=0.2 S1  A_FR_FN     seed 25  goal      clr  0.43  t  13.4  inf  61  N 20.0  mpc   3.9 ms  err 0.12
[ 26/300] latency=0.2 S1  A_FR_FN     seed 26  goal      clr  0.43  t  15.0  inf  72  N 20.0  mpc   4.1 ms  err 0.14
[ 27/300] latency=0.2 S1  A_FR_FN     seed 27  goal      clr  0.42  t  13.4  inf  60  N 20.0  mpc   3.9 ms  err 0.11
[ 28/300] latency=0.2 S1  A_FR_FN     seed 28  goal      clr  0.35  t  13.4  inf  61  N 20.0  mpc   3.9 ms  err 0.26
[ 29/300] latency=0.2 S1  A_FR_FN     seed 29  goal      clr  0.37  t  13.7  inf  65  N 20.0  mpc   4.0 ms  err 0.17
[ 30/300] latency=0.2 S1  A_FR_FN     seed 30  goal      clr  0.55  t  13.4  inf  58  N 20.0  mpc   3.9 ms  err 0.22
[ 31/300] latency=0.2 S1  A_FR_FN     seed 31  goal      clr  0.41  t  13.7  inf  65  N 20.0  mpc   4.0 ms  err 0.19
[ 32/300] latency=0.2 S1  A_FR_FN     seed 32  goal      clr  0.39  t  13.8  inf  61  N 20.0  mpc   4.0 ms  err 0.14
[ 33/300] latency=0.2 S1  A_FR_FN     seed 33  goal      clr  0.50  t  13.4  inf  65  N 20.0  mpc   3.9 ms  err 0.16
[ 34/300] latency=0.2 S1  A_FR_FN     seed 34  goal      clr  0.41  t  13.8  inf  65  N 20.0  mpc   4.0 ms  err 0.15
[ 35/300] latency=0.2 S1  A_FR_FN     seed 35  goal      clr  0.42  t  13.8  inf  66  N 20.0  mpc   4.1 ms  err 0.17
[ 36/300] latency=0.2 S1  A_FR_FN     seed 36  goal      clr  0.40  t  13.4  inf  62  N 20.0  mpc   3.9 ms  err 0.27
[ 37/300] latency=0.2 S1  A_FR_FN     seed 37  goal      clr  0.38  t  13.9  inf  68  N 20.0  mpc   4.1 ms  err 0.16
[ 38/300] latency=0.2 S1  A_FR_FN     seed 38  goal      clr  0.42  t  14.0  inf  63  N 20.0  mpc   4.1 ms  err 0.28
[ 39/300] latency=0.2 S1  A_FR_FN     seed 39  goal      clr  0.43  t  14.0  inf  62  N 20.0  mpc   4.1 ms  err 0.17
[ 40/300] latency=0.2 S1  A_FR_FN     seed 40  goal      clr  0.44  t  13.4  inf  63  N 20.0  mpc   3.9 ms  err 0.30
[ 41/300] latency=0.2 S1  A_FR_FN     seed 41  goal      clr  0.32  t  14.0  inf  64  N 20.0  mpc   4.0 ms  err 0.26
[ 42/300] latency=0.2 S1  A_FR_FN     seed 42  goal      clr  0.36  t  13.7  inf  62  N 20.0  mpc   4.1 ms  err 0.20
[ 43/300] latency=0.2 S1  A_FR_FN     seed 43  goal      clr  0.36  t  14.2  inf  68  N 20.0  mpc   4.1 ms  err 0.22
[ 44/300] latency=0.2 S1  A_FR_FN     seed 44  goal      clr  0.46  t  13.3  inf  59  N 20.0  mpc   4.0 ms  err 0.20
[ 45/300] latency=0.2 S1  A_FR_FN     seed 45  goal      clr  0.33  t  14.5  inf  67  N 20.0  mpc   4.2 ms  err 0.25
[ 46/300] latency=0.2 S1  A_FR_FN     seed 46  goal      clr  0.43  t  13.6  inf  62  N 20.0  mpc   4.3 ms  err 0.33
[ 47/300] latency=0.2 S1  A_FR_FN     seed 47  goal      clr  0.36  t  13.7  inf  62  N 20.0  mpc   4.1 ms  err 0.29
[ 48/300] latency=0.2 S1  A_FR_FN     seed 48  goal      clr  0.42  t  13.6  inf  64  N 20.0  mpc   4.0 ms  err 0.19
[ 49/300] latency=0.2 S1  A_FR_FN     seed 49  goal      clr  0.46  t  13.3  inf  65  N 20.0  mpc   3.9 ms  err 0.17
[ 50/300] latency=0.2 S1  A_FR_FN     seed 50  goal      clr  0.37  t  13.6  inf  65  N 20.0  mpc   4.2 ms  err 0.13
[ 51/300] latency=0.2 S1  E_DART      seed  1  goal      clr  0.63  t  14.5  inf  57  N 25.7  mpc   6.3 ms  err 0.19
[ 52/300] latency=0.2 S1  E_DART      seed  2  goal      clr  0.41  t  15.9  inf  61  N 25.1  mpc   6.8 ms  err 0.29
[ 53/300] latency=0.2 S1  E_DART      seed  3  goal      clr  0.43  t  17.5  inf  71  N 25.2  mpc   6.9 ms  err 0.25
[ 54/300] latency=0.2 S1  E_DART      seed  4  goal      clr  0.57  t  15.5  inf  62  N 25.9  mpc   6.7 ms  err 0.25
[ 55/300] latency=0.2 S1  E_DART      seed  5  goal      clr  0.55  t  15.5  inf  57  N 25.1  mpc   6.5 ms  err 0.20
[ 56/300] latency=0.2 S1  E_DART      seed  6  goal      clr  0.67  t  14.0  inf  53  N 25.3  mpc   6.2 ms  err 0.17
[ 57/300] latency=0.2 S1  E_DART      seed  7  goal      clr  0.58  t  14.2  inf  55  N 25.2  mpc   6.2 ms  err 0.22
[ 58/300] latency=0.2 S1  E_DART      seed  8  goal      clr  0.53  t  14.1  inf  56  N 25.7  mpc   6.3 ms  err 0.26
[ 59/300] latency=0.2 S1  E_DART      seed  9  goal      clr  0.70  t  14.3  inf  53  N 25.4  mpc   6.4 ms  err 0.20
[ 60/300] latency=0.2 S1  E_DART      seed 10  goal      clr  0.58  t  15.0  inf  61  N 25.4  mpc   6.8 ms  err 0.23
[ 61/300] latency=0.2 S1  E_DART      seed 11  goal      clr  0.57  t  14.3  inf  57  N 25.7  mpc   6.6 ms  err 0.22
[ 62/300] latency=0.2 S1  E_DART      seed 12  goal      clr  0.57  t  16.1  inf  60  N 26.1  mpc   6.9 ms  err 0.15
[ 63/300] latency=0.2 S1  E_DART      seed 13  goal      clr  0.66  t  14.2  inf  59  N 25.7  mpc   6.3 ms  err 0.14
[ 64/300] latency=0.2 S1  E_DART      seed 14  goal      clr  0.59  t  23.2  inf  75  N 22.7  mpc   5.9 ms  err 0.19
[ 65/300] latency=0.2 S1  E_DART      seed 15  goal      clr  0.54  t  16.4  inf  63  N 25.7  mpc   6.9 ms  err 0.24
[ 66/300] latency=0.2 S1  E_DART      seed 16  goal      clr  0.69  t  14.4  inf  55  N 25.1  mpc   6.1 ms  err 0.15
[ 67/300] latency=0.2 S1  E_DART      seed 17  goal      clr  0.66  t  14.1  inf  56  N 25.0  mpc   5.8 ms  err 0.20
[ 68/300] latency=0.2 S1  E_DART      seed 18  goal      clr  0.68  t  14.2  inf  56  N 25.5  mpc   6.5 ms  err 0.16
[ 69/300] latency=0.2 S1  E_DART      seed 19  goal      clr  0.54  t  15.6  inf  67  N 26.2  mpc   7.3 ms  err 0.24
[ 70/300] latency=0.2 S1  E_DART      seed 20  goal      clr  0.69  t  15.1  inf  58  N 24.9  mpc   6.2 ms  err 0.29
[ 71/300] latency=0.2 S1  E_DART      seed 21  goal      clr  0.73  t  14.9  inf  53  N 25.6  mpc   6.2 ms  err 0.19
[ 72/300] latency=0.2 S1  E_DART      seed 22  goal      clr  0.55  t  14.0  inf  55  N 25.3  mpc   6.0 ms  err 0.24
[ 73/300] latency=0.2 S1  E_DART      seed 23  goal      clr  0.63  t  14.6  inf  55  N 24.9  mpc   6.1 ms  err 0.21
[ 74/300] latency=0.2 S1  E_DART      seed 24  goal      clr  0.57  t  14.3  inf  52  N 25.2  mpc   6.0 ms  err 0.21
[ 75/300] latency=0.2 S1  E_DART      seed 25  goal      clr  0.55  t  15.3  inf  58  N 25.8  mpc   6.6 ms  err 0.16
[ 76/300] latency=0.2 S1  E_DART      seed 26  goal      clr  0.33  t  15.6  inf  59  N 24.8  mpc   6.1 ms  err 0.28
[ 77/300] latency=0.2 S1  E_DART      seed 27  goal      clr  0.59  t  14.4  inf  54  N 25.6  mpc   6.3 ms  err 0.10
[ 78/300] latency=0.2 S1  E_DART      seed 28  goal      clr  0.60  t  14.1  inf  56  N 25.7  mpc   6.4 ms  err 0.26
[ 79/300] latency=0.2 S1  E_DART      seed 29  goal      clr  0.58  t  15.9  inf  66  N 26.0  mpc   6.7 ms  err 0.19
[ 80/300] latency=0.2 S1  E_DART      seed 30  goal      clr  0.66  t  14.4  inf  54  N 25.3  mpc   6.4 ms  err 0.31
[ 81/300] latency=0.2 S1  E_DART      seed 31  goal      clr  0.55  t  15.3  inf  62  N 25.4  mpc   6.4 ms  err 0.15
[ 82/300] latency=0.2 S1  E_DART      seed 32  goal      clr  0.58  t  15.1  inf  59  N 25.6  mpc   6.5 ms  err 0.19
[ 83/300] latency=0.2 S1  E_DART      seed 33  goal      clr  0.66  t  14.3  inf  58  N 25.3  mpc   6.2 ms  err 0.14
[ 84/300] latency=0.2 S1  E_DART      seed 34  goal      clr  0.55  t  27.5  inf 111  N 22.3  mpc   5.7 ms  err 0.36
[ 85/300] latency=0.2 S1  E_DART      seed 35  goal      clr  0.62  t  14.5  inf  60  N 25.6  mpc   6.5 ms  err 0.16
[ 86/300] latency=0.2 S1  E_DART      seed 36  goal      clr  0.56  t  14.9  inf  61  N 25.6  mpc   6.6 ms  err 0.21
[ 87/300] latency=0.2 S1  E_DART      seed 37  goal      clr  0.52  t  14.8  inf  58  N 25.1  mpc   6.4 ms  err 0.17
[ 88/300] latency=0.2 S1  E_DART      seed 38  goal      clr  0.65  t  15.6  inf  61  N 25.5  mpc   7.1 ms  err 0.24
[ 89/300] latency=0.2 S1  E_DART      seed 39  goal      clr  0.59  t  14.7  inf  57  N 26.0  mpc   6.6 ms  err 0.16
[ 90/300] latency=0.2 S1  E_DART      seed 40  goal      clr  0.66  t  14.6  inf  59  N 25.5  mpc   6.7 ms  err 0.20
[ 91/300] latency=0.2 S1  E_DART      seed 41  goal      clr  0.67  t  19.6  inf  65  N 23.5  mpc   6.4 ms  err 0.26
[ 92/300] latency=0.2 S1  E_DART      seed 42  goal      clr  0.51  t  14.9  inf  57  N 25.4  mpc   6.7 ms  err 0.18
[ 93/300] latency=0.2 S1  E_DART      seed 43  goal      clr  0.50  t  17.2  inf  65  N 23.4  mpc   5.5 ms  err 0.24
[ 94/300] latency=0.2 S1  E_DART      seed 44  goal      clr  0.56  t  17.3  inf  60  N 25.0  mpc   6.5 ms  err 0.18
[ 95/300] latency=0.2 S1  E_DART      seed 45  goal      clr  0.51  t  16.7  inf  66  N 25.0  mpc   7.0 ms  err 0.37
[ 96/300] latency=0.2 S1  E_DART      seed 46  goal      clr  0.58  t  14.3  inf  57  N 25.7  mpc   6.4 ms  err 0.19
[ 97/300] latency=0.2 S1  E_DART      seed 47  goal      clr  0.55  t  14.8  inf  55  N 25.2  mpc   6.2 ms  err 0.29
[ 98/300] latency=0.2 S1  E_DART      seed 48  goal      clr  0.59  t  15.2  inf  62  N 25.9  mpc   6.6 ms  err 0.18
[ 99/300] latency=0.2 S1  E_DART      seed 49  goal      clr  0.61  t  14.2  inf  59  N 25.7  mpc   6.4 ms  err 0.18
[100/300] latency=0.2 S1  E_DART      seed 50  goal      clr  0.62  t  14.8  inf  61  N 25.5  mpc   6.8 ms  err 0.21
[101/300] latency=0.2 S1  F_NODELAY   seed  1  collision clr -0.01  t  13.6  inf  57  N 22.9  mpc   6.7 ms  err 1.51
[102/300] latency=0.2 S1  F_NODELAY   seed  2  collision clr -0.01  t  16.2  inf  75  N 26.7  mpc   8.6 ms  err 1.47
[103/300] latency=0.2 S1  F_NODELAY   seed  3  collision clr -0.01  t   3.7  inf  15  N 25.1  mpc   7.8 ms  err 1.57
[104/300] latency=0.2 S1  F_NODELAY   seed  4  goal      clr  0.01  t  20.5  inf  87  N 24.0  mpc   7.4 ms  err 1.73
[105/300] latency=0.2 S1  F_NODELAY   seed  5  goal      clr  0.23  t  21.4  inf  82  N 26.5  mpc   7.8 ms  err 1.72
[106/300] latency=0.2 S1  F_NODELAY   seed  6  goal      clr  0.16  t  17.4  inf  71  N 25.7  mpc   6.7 ms  err 1.35
[107/300] latency=0.2 S1  F_NODELAY   seed  7  collision clr -0.01  t   3.2  inf  15  N 23.8  mpc   7.1 ms  err 2.19
[108/300] latency=0.2 S1  F_NODELAY   seed  8  collision clr -0.01  t   3.6  inf  17  N 25.5  mpc   7.7 ms  err 1.50
[109/300] latency=0.2 S1  F_NODELAY   seed  9  goal      clr  0.38  t  24.8  inf 107  N 26.0  mpc   7.8 ms  err 1.32
[110/300] latency=0.2 S1  F_NODELAY   seed 10  collision clr -0.00  t  22.9  inf 100  N 24.4  mpc   7.4 ms  err 1.40
[111/300] latency=0.2 S1  F_NODELAY   seed 11  goal      clr  0.32  t  27.1  inf 111  N 24.7  mpc   6.9 ms  err 1.51
[112/300] latency=0.2 S1  F_NODELAY   seed 12  goal      clr  0.08  t  24.3  inf 101  N 26.4  mpc   7.4 ms  err 1.43
[113/300] latency=0.2 S1  F_NODELAY   seed 13  collision clr -0.01  t  20.2  inf  90  N 25.0  mpc   7.1 ms  err 1.66
[114/300] latency=0.2 S1  F_NODELAY   seed 14  collision clr -0.01  t   8.7  inf  39  N 23.7  mpc   7.1 ms  err 2.21
[115/300] latency=0.2 S1  F_NODELAY   seed 15  goal      clr  0.19  t  22.8  inf  90  N 24.3  mpc   6.7 ms  err 1.29
[116/300] latency=0.2 S1  F_NODELAY   seed 16  goal      clr  0.12  t  29.2  inf 116  N 24.1  mpc   6.3 ms  err 1.53
[117/300] latency=0.2 S1  F_NODELAY   seed 17  collision clr -0.01  t  14.1  inf  68  N 25.8  mpc   7.7 ms  err 1.77
[118/300] latency=0.2 S1  F_NODELAY   seed 18  goal      clr  0.18  t  28.3  inf 118  N 24.9  mpc   7.2 ms  err 1.14
[119/300] latency=0.2 S1  F_NODELAY   seed 19  collision clr -0.00  t  16.4  inf  75  N 26.7  mpc   7.4 ms  err 1.36
[120/300] latency=0.2 S1  F_NODELAY   seed 20  collision clr -0.01  t  12.3  inf  55  N 25.2  mpc   8.3 ms  err 1.46
[121/300] latency=0.2 S1  F_NODELAY   seed 21  collision clr -0.03  t   3.9  inf  18  N 25.3  mpc   6.9 ms  err 1.70
[122/300] latency=0.2 S1  F_NODELAY   seed 22  goal      clr  0.03  t  30.4  inf 131  N 24.2  mpc   7.0 ms  err 1.23
[123/300] latency=0.2 S1  F_NODELAY   seed 23  timeout   clr  0.03  t  40.0  inf 173  N 22.4  mpc   6.6 ms  err 1.11
[124/300] latency=0.2 S1  F_NODELAY   seed 24  collision clr -0.01  t  14.4  inf  65  N 23.9  mpc   7.5 ms  err 1.29
[125/300] latency=0.2 S1  F_NODELAY   seed 25  goal      clr  0.04  t  24.8  inf 103  N 26.7  mpc   7.6 ms  err 1.98
[126/300] latency=0.2 S1  F_NODELAY   seed 26  collision clr -0.01  t   4.0  inf  19  N 26.5  mpc   7.9 ms  err 1.79
[127/300] latency=0.2 S1  F_NODELAY   seed 27  goal      clr  0.14  t  25.0  inf 104  N 23.1  mpc   6.3 ms  err 1.23
[128/300] latency=0.2 S1  F_NODELAY   seed 28  goal      clr  0.45  t  18.2  inf  75  N 26.8  mpc   7.1 ms  err 1.70
[129/300] latency=0.2 S1  F_NODELAY   seed 29  goal      clr  0.02  t  36.4  inf 147  N 23.4  mpc   6.6 ms  err 1.49
[130/300] latency=0.2 S1  F_NODELAY   seed 30  collision clr -0.00  t  11.4  inf  50  N 24.9  mpc   8.1 ms  err 1.36
[131/300] latency=0.2 S1  F_NODELAY   seed 31  goal      clr  0.34  t  18.1  inf  77  N 25.6  mpc   7.0 ms  err 1.74
[132/300] latency=0.2 S1  F_NODELAY   seed 32  goal      clr  0.21  t  21.4  inf  88  N 23.7  mpc   6.5 ms  err 1.15
[133/300] latency=0.2 S1  F_NODELAY   seed 33  collision clr -0.01  t   5.2  inf  25  N 26.6  mpc   7.5 ms  err 1.33
[134/300] latency=0.2 S1  F_NODELAY   seed 34  goal      clr  0.24  t  18.6  inf  72  N 22.5  mpc   5.6 ms  err 1.40
[135/300] latency=0.2 S1  F_NODELAY   seed 35  goal      clr  0.39  t  16.4  inf  72  N 26.5  mpc   6.8 ms  err 1.30
[136/300] latency=0.2 S1  F_NODELAY   seed 36  collision clr -0.00  t  15.0  inf  70  N 26.7  mpc   7.3 ms  err 1.46
[137/300] latency=0.2 S1  F_NODELAY   seed 37  goal      clr  0.21  t  25.7  inf 109  N 24.6  mpc   6.8 ms  err 1.60
[138/300] latency=0.2 S1  F_NODELAY   seed 38  goal      clr  0.30  t  39.6  inf 168  N 25.2  mpc   7.3 ms  err 1.54
[139/300] latency=0.2 S1  F_NODELAY   seed 39  collision clr -0.01  t  15.9  inf  72  N 25.6  mpc   6.9 ms  err 1.74
[140/300] latency=0.2 S1  F_NODELAY   seed 40  goal      clr  0.04  t  39.9  inf 174  N 24.2  mpc   7.0 ms  err 1.37
[141/300] latency=0.2 S1  F_NODELAY   seed 41  goal      clr  0.12  t  26.8  inf 113  N 25.7  mpc   7.5 ms  err 1.52
[142/300] latency=0.2 S1  F_NODELAY   seed 42  collision clr -0.00  t   5.0  inf  23  N 26.6  mpc   6.9 ms  err 2.04
[143/300] latency=0.2 S1  F_NODELAY   seed 43  goal      clr  0.55  t  22.4  inf  92  N 23.9  mpc   6.1 ms  err 1.83
[144/300] latency=0.2 S1  F_NODELAY   seed 44  collision clr -0.00  t  30.1  inf 130  N 24.1  mpc   7.2 ms  err 1.70
[145/300] latency=0.2 S1  F_NODELAY   seed 45  collision clr -0.00  t  11.7  inf  50  N 23.8  mpc   6.7 ms  err 1.03
[146/300] latency=0.2 S1  F_NODELAY   seed 46  goal      clr  0.19  t  25.8  inf 103  N 24.8  mpc   6.7 ms  err 1.88
[147/300] latency=0.2 S1  F_NODELAY   seed 47  collision clr -0.02  t   3.0  inf  12  N 23.6  mpc   6.5 ms  err 2.60
[148/300] latency=0.2 S1  F_NODELAY   seed 48  collision clr -0.01  t  14.3  inf  64  N 23.9  mpc   7.3 ms  err 1.56
[149/300] latency=0.2 S1  F_NODELAY   seed 49  collision clr -0.01  t   9.4  inf  46  N 27.3  mpc   6.9 ms  err 1.44
[150/300] latency=0.2 S1  F_NODELAY   seed 50  collision clr -0.02  t  10.4  inf  46  N 24.1  mpc   7.4 ms  err 1.68
[151/300] latency=0.2 S1  G_FR_LOW    seed  1  goal      clr  0.50  t  15.0  inf  45  N 26.0  mpc   6.5 ms  err 0.18
[152/300] latency=0.2 S1  G_FR_LOW    seed  2  goal      clr  0.47  t  15.2  inf  45  N 25.3  mpc   6.5 ms  err 0.28
[153/300] latency=0.2 S1  G_FR_LOW    seed  3  goal      clr  0.45  t  16.4  inf  48  N 26.2  mpc   6.9 ms  err 0.21
[154/300] latency=0.2 S1  G_FR_LOW    seed  4  goal      clr  0.68  t  14.6  inf  43  N 25.8  mpc   6.6 ms  err 0.12
[155/300] latency=0.2 S1  G_FR_LOW    seed  5  goal      clr  0.65  t  14.8  inf  44  N 24.9  mpc   6.1 ms  err 0.19
[156/300] latency=0.2 S1  G_FR_LOW    seed  6  goal      clr  0.71  t  14.7  inf  44  N 25.4  mpc   6.1 ms  err 0.16
[157/300] latency=0.2 S1  G_FR_LOW    seed  7  goal      clr  0.68  t  14.4  inf  43  N 25.6  mpc   6.1 ms  err 0.30
[158/300] latency=0.2 S1  G_FR_LOW    seed  8  goal      clr  0.64  t  15.1  inf  45  N 26.1  mpc   6.7 ms  err 0.20
[159/300] latency=0.2 S1  G_FR_LOW    seed  9  goal      clr  0.61  t  16.7  inf  49  N 25.6  mpc   6.4 ms  err 0.18
[160/300] latency=0.2 S1  G_FR_LOW    seed 10  goal      clr  0.47  t  17.4  inf  52  N 25.8  mpc   7.0 ms  err 0.41
[161/300] latency=0.2 S1  G_FR_LOW    seed 11  goal      clr  0.65  t  15.1  inf  45  N 25.8  mpc   6.2 ms  err 0.21
[162/300] latency=0.2 S1  G_FR_LOW    seed 12  goal      clr  0.58  t  15.8  inf  47  N 25.9  mpc   6.5 ms  err 0.22
[163/300] latency=0.2 S1  G_FR_LOW    seed 13  goal      clr  0.72  t  14.2  inf  42  N 26.1  mpc   6.4 ms  err 0.20
[164/300] latency=0.2 S1  G_FR_LOW    seed 14  goal      clr  0.63  t  14.8  inf  44  N 25.9  mpc   6.4 ms  err 0.21
[165/300] latency=0.2 S1  G_FR_LOW    seed 15  goal      clr  0.59  t  16.1  inf  48  N 25.6  mpc   6.8 ms  err 0.31
[166/300] latency=0.2 S1  G_FR_LOW    seed 16  goal      clr  0.66  t  16.6  inf  49  N 25.6  mpc   6.5 ms  err 0.19
[167/300] latency=0.2 S1  G_FR_LOW    seed 17  goal      clr  0.50  t  14.7  inf  44  N 25.7  mpc   6.6 ms  err 0.26
[168/300] latency=0.2 S1  G_FR_LOW    seed 18  goal      clr  0.67  t  14.5  inf  43  N 26.2  mpc   6.6 ms  err 0.23
[169/300] latency=0.2 S1  G_FR_LOW    seed 19  goal      clr  0.46  t  16.5  inf  49  N 25.7  mpc   6.5 ms  err 0.18
[170/300] latency=0.2 S1  G_FR_LOW    seed 20  goal      clr  0.72  t  14.7  inf  43  N 25.1  mpc   6.0 ms  err 0.43
[171/300] latency=0.2 S1  G_FR_LOW    seed 21  goal      clr  0.71  t  14.9  inf  44  N 25.4  mpc   6.2 ms  err 0.20
[172/300] latency=0.2 S1  G_FR_LOW    seed 22  goal      clr  0.66  t  14.1  inf  42  N 25.8  mpc   6.1 ms  err 0.33
[173/300] latency=0.2 S1  G_FR_LOW    seed 23  goal      clr  0.63  t  14.5  inf  43  N 25.1  mpc   6.3 ms  err 0.17
[174/300] latency=0.2 S1  G_FR_LOW    seed 24  goal      clr  0.59  t  14.6  inf  43  N 25.4  mpc   6.1 ms  err 0.23
[175/300] latency=0.2 S1  G_FR_LOW    seed 25  goal      clr  0.39  t  17.2  inf  51  N 26.0  mpc   7.0 ms  err 0.15
[176/300] latency=0.2 S1  G_FR_LOW    seed 26  goal      clr  0.56  t  14.7  inf  44  N 25.3  mpc   6.3 ms  err 0.53
[177/300] latency=0.2 S1  G_FR_LOW    seed 27  goal      clr  0.65  t  14.6  inf  43  N 25.9  mpc   6.3 ms  err 0.11
[178/300] latency=0.2 S1  G_FR_LOW    seed 28  goal      clr  0.66  t  14.1  inf  42  N 26.1  mpc   6.1 ms  err 0.33
[179/300] latency=0.2 S1  G_FR_LOW    seed 29  goal      clr  0.64  t  14.6  inf  43  N 25.9  mpc   6.4 ms  err 0.18
[180/300] latency=0.2 S1  G_FR_LOW    seed 30  goal      clr  0.64  t  14.8  inf  44  N 25.5  mpc   6.4 ms  err 0.30
[181/300] latency=0.2 S1  G_FR_LOW    seed 31  goal      clr  0.57  t  15.3  inf  45  N 25.1  mpc   6.2 ms  err 0.18
[182/300] latency=0.2 S1  G_FR_LOW    seed 32  goal      clr  0.65  t  14.7  inf  44  N 25.8  mpc   6.3 ms  err 0.23
[183/300] latency=0.2 S1  G_FR_LOW    seed 33  goal      clr  0.76  t  14.1  inf  42  N 25.2  mpc   6.0 ms  err 0.11
[184/300] latency=0.2 S1  G_FR_LOW    seed 34  goal      clr  0.61  t  16.9  inf  50  N 24.2  mpc   6.1 ms  err 0.21
[185/300] latency=0.2 S1  G_FR_LOW    seed 35  goal      clr  0.64  t  14.6  inf  43  N 25.9  mpc   6.3 ms  err 0.36
[186/300] latency=0.2 S1  G_FR_LOW    seed 36  goal      clr  0.62  t  17.6  inf  52  N 24.4  mpc   6.1 ms  err 0.20
[187/300] latency=0.2 S1  G_FR_LOW    seed 37  goal      clr  0.62  t  14.6  inf  43  N 25.1  mpc   6.3 ms  err 0.15
[188/300] latency=0.2 S1  G_FR_LOW    seed 38  goal      clr  0.59  t  18.1  inf  53  N 26.2  mpc   7.0 ms  err 0.17
[189/300] latency=0.2 S1  G_FR_LOW    seed 39  goal      clr  0.61  t  15.2  inf  45  N 26.0  mpc   6.4 ms  err 0.15
[190/300] latency=0.2 S1  G_FR_LOW    seed 40  goal      clr  0.60  t  14.8  inf  44  N 26.0  mpc   6.3 ms  err 0.28
[191/300] latency=0.2 S1  G_FR_LOW    seed 41  goal      clr  0.60  t  16.0  inf  48  N 25.4  mpc   6.3 ms  err 0.18
[192/300] latency=0.2 S1  G_FR_LOW    seed 42  goal      clr  0.62  t  15.6  inf  46  N 25.9  mpc   6.5 ms  err 0.20
[193/300] latency=0.2 S1  G_FR_LOW    seed 43  goal      clr  0.58  t  15.2  inf  45  N 25.7  mpc   6.4 ms  err 0.20
[194/300] latency=0.2 S1  G_FR_LOW    seed 44  goal      clr  0.68  t  14.3  inf  42  N 25.2  mpc   5.9 ms  err 0.18
[195/300] latency=0.2 S1  G_FR_LOW    seed 45  goal      clr  0.69  t  15.0  inf  45  N 25.5  mpc   6.5 ms  err 0.28
[196/300] latency=0.2 S1  G_FR_LOW    seed 46  goal      clr  0.66  t  14.3  inf  43  N 26.0  mpc   6.2 ms  err 0.19
[197/300] latency=0.2 S1  G_FR_LOW    seed 47  goal      clr  0.60  t  14.9  inf  44  N 25.1  mpc   6.3 ms  err 0.20
[198/300] latency=0.2 S1  G_FR_LOW    seed 48  goal      clr  0.51  t  15.6  inf  46  N 25.7  mpc   6.4 ms  err 0.26
[199/300] latency=0.2 S1  G_FR_LOW    seed 49  goal      clr  0.62  t  14.2  inf  42  N 25.4  mpc   6.0 ms  err 0.29
[200/300] latency=0.2 S1  G_FR_LOW    seed 50  goal      clr  0.46  t  16.2  inf  48  N 26.1  mpc   6.5 ms  err 0.19
[201/300] latency=0.2 S1  FR_SAFE_5   seed  1  goal      clr  0.44  t  14.8  inf  64  N 25.9  mpc   6.4 ms  err 0.19
[202/300] latency=0.2 S1  FR_SAFE_5   seed  2  goal      clr  0.47  t  15.7  inf  69  N 25.0  mpc   6.7 ms  err 0.31
[203/300] latency=0.2 S1  FR_SAFE_5   seed  3  goal      clr  0.36  t  17.1  inf  74  N 25.7  mpc   7.0 ms  err 0.23
[204/300] latency=0.2 S1  FR_SAFE_5   seed  4  goal      clr  0.50  t  18.0  inf  81  N 25.6  mpc   6.8 ms  err 0.57
[205/300] latency=0.2 S1  FR_SAFE_5   seed  5  goal      clr  0.59  t  16.2  inf  66  N 25.6  mpc   6.4 ms  err 0.15
[206/300] latency=0.2 S1  FR_SAFE_5   seed  6  goal      clr  0.68  t  14.0  inf  61  N 25.3  mpc   5.9 ms  err 0.16
[207/300] latency=0.2 S1  FR_SAFE_5   seed  7  goal      clr  0.47  t  14.6  inf  62  N 25.1  mpc   6.1 ms  err 0.25
[208/300] latency=0.2 S1  FR_SAFE_5   seed  8  goal      clr  0.65  t  14.6  inf  65  N 25.9  mpc   6.2 ms  err 0.25
[209/300] latency=0.2 S1  FR_SAFE_5   seed  9  goal      clr  0.65  t  14.3  inf  62  N 25.5  mpc   6.1 ms  err 0.21
[210/300] latency=0.2 S1  FR_SAFE_5   seed 10  goal      clr  0.52  t  15.8  inf  69  N 25.2  mpc   6.4 ms  err 0.21
[211/300] latency=0.2 S1  FR_SAFE_5   seed 11  goal      clr  0.61  t  14.6  inf  62  N 25.5  mpc   6.0 ms  err 0.25
[212/300] latency=0.2 S1  FR_SAFE_5   seed 12  goal      clr  0.58  t  15.2  inf  65  N 26.0  mpc   6.3 ms  err 0.17
[213/300] latency=0.2 S1  FR_SAFE_5   seed 13  goal      clr  0.68  t  14.3  inf  64  N 25.7  mpc   6.2 ms  err 0.15
[214/300] latency=0.2 S1  FR_SAFE_5   seed 14  goal      clr  0.49  t  16.5  inf  71  N 25.7  mpc   6.4 ms  err 0.22
[215/300] latency=0.2 S1  FR_SAFE_5   seed 15  goal      clr  0.56  t  16.6  inf  72  N 25.5  mpc   6.5 ms  err 0.23
[216/300] latency=0.2 S1  FR_SAFE_5   seed 16  goal      clr  0.64  t  15.4  inf  69  N 25.2  mpc   6.1 ms  err 0.14
[217/300] latency=0.2 S1  FR_SAFE_5   seed 17  goal      clr  0.63  t  14.2  inf  64  N 24.9  mpc   6.0 ms  err 0.20
[218/300] latency=0.2 S1  FR_SAFE_5   seed 18  goal      clr  0.66  t  14.3  inf  65  N 25.7  mpc   6.1 ms  err 0.17
[219/300] latency=0.2 S1  FR_SAFE_5   seed 19  goal      clr  0.56  t  15.2  inf  69  N 26.1  mpc   6.7 ms  err 0.15
[220/300] latency=0.2 S1  FR_SAFE_5   seed 20  goal      clr  0.62  t  14.5  inf  64  N 25.2  mpc   5.9 ms  err 0.34
[221/300] latency=0.2 S1  FR_SAFE_5   seed 21  goal      clr  0.74  t  14.2  inf  60  N 25.2  mpc   6.0 ms  err 0.18
[222/300] latency=0.2 S1  FR_SAFE_5   seed 22  goal      clr  0.58  t  14.1  inf  64  N 25.2  mpc   5.9 ms  err 0.29
[223/300] latency=0.2 S1  FR_SAFE_5   seed 23  goal      clr  0.44  t  15.6  inf  69  N 25.0  mpc   6.3 ms  err 0.27
[224/300] latency=0.2 S1  FR_SAFE_5   seed 24  goal      clr  0.53  t  13.7  inf  60  N 25.2  mpc   5.8 ms  err 0.27
[225/300] latency=0.2 S1  FR_SAFE_5   seed 25  goal      clr  0.60  t  14.7  inf  63  N 25.7  mpc   6.3 ms  err 0.14
[226/300] latency=0.2 S1  FR_SAFE_5   seed 26  goal      clr  0.59  t  14.4  inf  65  N 25.2  mpc   6.1 ms  err 0.19
[227/300] latency=0.2 S1  FR_SAFE_5   seed 27  goal      clr  0.57  t  14.4  inf  62  N 25.8  mpc   6.1 ms  err 0.11
[228/300] latency=0.2 S1  FR_SAFE_5   seed 28  goal      clr  0.59  t  14.1  inf  62  N 25.7  mpc   6.0 ms  err 0.25
[229/300] latency=0.2 S1  FR_SAFE_5   seed 29  goal      clr  0.46  t  15.5  inf  70  N 26.0  mpc   6.5 ms  err 0.17
[230/300] latency=0.2 S1  FR_SAFE_5   seed 30  goal      clr  0.61  t  15.1  inf  63  N 25.5  mpc   6.2 ms  err 0.24
[231/300] latency=0.2 S1  FR_SAFE_5   seed 31  goal      clr  0.58  t  14.8  inf  67  N 25.5  mpc   6.1 ms  err 0.17
[232/300] latency=0.2 S1  FR_SAFE_5   seed 32  goal      clr  0.68  t  14.9  inf  64  N 25.6  mpc   6.3 ms  err 0.16
[233/300] latency=0.2 S1  FR_SAFE_5   seed 33  goal      clr  0.62  t  14.2  inf  64  N 25.3  mpc   6.1 ms  err 0.15
[234/300] latency=0.2 S1  FR_SAFE_5   seed 34  goal      clr  0.58  t  17.5  inf  78  N 24.6  mpc   6.0 ms  err 0.20
[235/300] latency=0.2 S1  FR_SAFE_5   seed 35  goal      clr  0.65  t  14.8  inf  67  N 25.8  mpc   6.2 ms  err 0.25
[236/300] latency=0.2 S1  FR_SAFE_5   seed 36  goal      clr  0.44  t  17.5  inf  77  N 23.9  mpc   5.8 ms  err 0.24
[237/300] latency=0.2 S1  FR_SAFE_5   seed 37  goal      clr  0.54  t  17.6  inf  79  N 24.9  mpc   6.2 ms  err 0.14
[238/300] latency=0.2 S1  FR_SAFE_5   seed 38  goal      clr  0.63  t  15.0  inf  65  N 25.9  mpc   6.3 ms  err 0.15
[239/300] latency=0.2 S1  FR_SAFE_5   seed 39  goal      clr  0.56  t  14.8  inf  64  N 26.0  mpc   6.4 ms  err 0.15
[240/300] latency=0.2 S1  FR_SAFE_5   seed 40  goal      clr  0.63  t  14.7  inf  65  N 25.7  mpc   6.2 ms  err 0.24
[241/300] latency=0.2 S1  FR_SAFE_5   seed 41  goal      clr  0.59  t  15.6  inf  68  N 25.9  mpc   6.3 ms  err 0.14
[242/300] latency=0.2 S1  FR_SAFE_5   seed 42  goal      clr  0.63  t  14.5  inf  63  N 25.7  mpc   6.1 ms  err 0.20
[243/300] latency=0.2 S1  FR_SAFE_5   seed 43  goal      clr  0.50  t  16.8  inf  74  N 26.0  mpc   6.5 ms  err 0.17
[244/300] latency=0.2 S1  FR_SAFE_5   seed 44  goal      clr  0.49  t  15.4  inf  66  N 25.1  mpc   6.2 ms  err 0.18
[245/300] latency=0.2 S1  FR_SAFE_5   seed 45  goal      clr  0.44  t  15.5  inf  70  N 26.1  mpc   6.6 ms  err 0.34
[246/300] latency=0.2 S1  FR_SAFE_5   seed 46  goal      clr  0.63  t  14.2  inf  63  N 26.0  mpc   6.2 ms  err 0.21
[247/300] latency=0.2 S1  FR_SAFE_5   seed 47  goal      clr  0.52  t  15.0  inf  65  N 25.0  mpc   6.1 ms  err 0.16
[248/300] latency=0.2 S1  FR_SAFE_5   seed 48  goal      clr  0.60  t  15.7  inf  71  N 25.9  mpc   6.5 ms  err 0.24
[249/300] latency=0.2 S1  FR_SAFE_5   seed 49  goal      clr  0.60  t  14.7  inf  67  N 25.7  mpc   6.1 ms  err 0.17
[250/300] latency=0.2 S1  FR_SAFE_5   seed 50  goal      clr  0.66  t  14.5  inf  66  N 25.7  mpc   6.3 ms  err 0.18
[251/300] latency=0.2 S1  FR_SAFE_10  seed  1  goal      clr  0.53  t  14.8  inf  67  N 25.8  mpc   6.3 ms  err 0.22
[252/300] latency=0.2 S1  FR_SAFE_10  seed  2  goal      clr  0.40  t  15.9  inf  73  N 24.2  mpc   6.2 ms  err 0.28
[253/300] latency=0.2 S1  FR_SAFE_10  seed  3  goal      clr  0.34  t  22.0  inf 103  N 25.9  mpc   7.2 ms  err 0.37
[254/300] latency=0.2 S1  FR_SAFE_10  seed  4  goal      clr  0.59  t  14.7  inf  68  N 25.6  mpc   6.2 ms  err 0.21
[255/300] latency=0.2 S1  FR_SAFE_10  seed  5  goal      clr  0.66  t  16.3  inf  69  N 24.4  mpc   5.9 ms  err 0.36
[256/300] latency=0.2 S1  FR_SAFE_10  seed  6  goal      clr  0.68  t  14.0  inf  63  N 25.4  mpc   5.8 ms  err 0.23
[257/300] latency=0.2 S1  FR_SAFE_10  seed  7  goal      clr  0.66  t  13.9  inf  62  N 25.1  mpc   5.8 ms  err 0.22
[258/300] latency=0.2 S1  FR_SAFE_10  seed  8  goal      clr  0.61  t  14.4  inf  67  N 25.7  mpc   6.0 ms  err 0.27
[259/300] latency=0.2 S1  FR_SAFE_10  seed  9  goal      clr  0.37  t  16.6  inf  76  N 24.8  mpc   6.0 ms  err 0.26
[260/300] latency=0.2 S1  FR_SAFE_10  seed 10  goal      clr  0.60  t  14.7  inf  69  N 25.2  mpc   6.2 ms  err 0.19
[261/300] latency=0.2 S1  FR_SAFE_10  seed 11  goal      clr  0.62  t  14.6  inf  66  N 25.4  mpc   5.9 ms  err 0.19
[262/300] latency=0.2 S1  FR_SAFE_10  seed 12  goal      clr  0.58  t  15.2  inf  67  N 25.9  mpc   6.2 ms  err 0.20
[263/300] latency=0.2 S1  FR_SAFE_10  seed 13  goal      clr  0.66  t  14.2  inf  67  N 25.9  mpc   6.1 ms  err 0.12
[264/300] latency=0.2 S1  FR_SAFE_10  seed 14  goal      clr  0.62  t  15.2  inf  69  N 26.1  mpc   6.3 ms  err 0.20
[265/300] latency=0.2 S1  FR_SAFE_10  seed 15  goal      clr  0.46  t  19.7  inf  89  N 25.1  mpc   6.9 ms  err 0.21
[266/300] latency=0.2 S1  FR_SAFE_10  seed 16  goal      clr  0.71  t  14.4  inf  68  N 25.1  mpc   5.9 ms  err 0.16
[267/300] latency=0.2 S1  FR_SAFE_10  seed 17  goal      clr  0.69  t  14.1  inf  68  N 25.0  mpc   5.9 ms  err 0.23
[268/300] latency=0.2 S1  FR_SAFE_10  seed 18  goal      clr  0.69  t  14.4  inf  69  N 25.7  mpc   6.1 ms  err 0.13
[269/300] latency=0.2 S1  FR_SAFE_10  seed 19  goal      clr  0.49  t  15.6  inf  74  N 25.6  mpc   6.5 ms  err 0.21
[270/300] latency=0.2 S1  FR_SAFE_10  seed 20  goal      clr  0.65  t  14.2  inf  65  N 25.0  mpc   5.9 ms  err 0.34
[271/300] latency=0.2 S1  FR_SAFE_10  seed 21  goal      clr  0.71  t  14.4  inf  64  N 25.6  mpc   6.1 ms  err 0.16
[272/300] latency=0.2 S1  FR_SAFE_10  seed 22  goal      clr  0.63  t  13.9  inf  67  N 25.3  mpc   6.1 ms  err 0.27
[273/300] latency=0.2 S1  FR_SAFE_10  seed 23  goal      clr  0.63  t  14.8  inf  68  N 24.5  mpc   5.9 ms  err 0.19
[274/300] latency=0.2 S1  FR_SAFE_10  seed 24  goal      clr  0.56  t  13.8  inf  62  N 25.1  mpc   5.8 ms  err 0.23
[275/300] latency=0.2 S1  FR_SAFE_10  seed 25  goal      clr  0.61  t  14.9  inf  68  N 25.7  mpc   6.1 ms  err 0.16
[276/300] latency=0.2 S1  FR_SAFE_10  seed 26  goal      clr  0.63  t  14.5  inf  70  N 24.6  mpc   5.9 ms  err 0.17
[277/300] latency=0.2 S1  FR_SAFE_10  seed 27  goal      clr  0.58  t  14.3  inf  64  N 25.7  mpc   6.1 ms  err 0.12
[278/300] latency=0.2 S1  FR_SAFE_10  seed 28  goal      clr  0.61  t  14.1  inf  63  N 25.9  mpc   6.1 ms  err 0.28
[279/300] latency=0.2 S1  FR_SAFE_10  seed 29  goal      clr  0.30  t  19.2  inf  90  N 26.9  mpc   7.3 ms  err 0.32
[280/300] latency=0.2 S1  FR_SAFE_10  seed 30  goal      clr  0.63  t  14.6  inf  63  N 25.2  mpc   6.1 ms  err 0.20
[281/300] latency=0.2 S1  FR_SAFE_10  seed 31  goal      clr  0.57  t  14.8  inf  71  N 25.4  mpc   6.2 ms  err 0.18
[282/300] latency=0.2 S1  FR_SAFE_10  seed 32  goal      clr  0.65  t  14.9  inf  67  N 26.0  mpc   6.5 ms  err 0.17
[283/300] latency=0.2 S1  FR_SAFE_10  seed 33  goal      clr  0.68  t  14.2  inf  68  N 25.2  mpc   6.1 ms  err 0.14
[284/300] latency=0.2 S1  FR_SAFE_10  seed 34  goal      clr  0.51  t  14.9  inf  69  N 25.2  mpc   6.1 ms  err 0.14
[285/300] latency=0.2 S1  FR_SAFE_10  seed 35  goal      clr  0.66  t  14.7  inf  71  N 25.8  mpc   6.4 ms  err 0.25
[286/300] latency=0.2 S1  FR_SAFE_10  seed 36  goal      clr  0.59  t  15.1  inf  70  N 25.8  mpc   6.3 ms  err 0.19
[287/300] latency=0.2 S1  FR_SAFE_10  seed 37  goal      clr  0.55  t  14.7  inf  71  N 25.3  mpc   6.0 ms  err 0.19
[288/300] latency=0.2 S1  FR_SAFE_10  seed 38  goal      clr  0.56  t  15.7  inf  71  N 25.8  mpc   6.3 ms  err 0.17
[289/300] latency=0.2 S1  FR_SAFE_10  seed 39  goal      clr  0.55  t  14.7  inf  66  N 25.9  mpc   6.4 ms  err 0.13
[290/300] latency=0.2 S1  FR_SAFE_10  seed 40  goal      clr  0.58  t  15.1  inf  69  N 25.6  mpc   6.0 ms  err 0.21
[291/300] latency=0.2 S1  FR_SAFE_10  seed 41  goal      clr  0.57  t  15.6  inf  72  N 25.3  mpc   6.2 ms  err 0.16
[292/300] latency=0.2 S1  FR_SAFE_10  seed 42  goal      clr  0.68  t  14.9  inf  67  N 25.7  mpc   6.2 ms  err 0.22
[293/300] latency=0.2 S1  FR_SAFE_10  seed 43  goal      clr  0.48  t  17.0  inf  79  N 25.9  mpc   6.6 ms  err 0.13
[294/300] latency=0.2 S1  FR_SAFE_10  seed 44  goal      clr  0.47  t  14.5  inf  64  N 25.1  mpc   6.0 ms  err 0.15
[295/300] latency=0.2 S1  FR_SAFE_10  seed 45  goal      clr  0.49  t  17.7  inf  82  N 26.0  mpc   6.8 ms  err 0.27
[296/300] latency=0.2 S1  FR_SAFE_10  seed 46  goal      clr  0.63  t  15.1  inf  68  N 26.0  mpc   6.2 ms  err 0.37
[297/300] latency=0.2 S1  FR_SAFE_10  seed 47  goal      clr  0.61  t  14.9  inf  68  N 25.1  mpc   6.1 ms  err 0.20
[298/300] latency=0.2 S1  FR_SAFE_10  seed 48  goal      clr  0.59  t  16.1  inf  76  N 25.6  mpc   6.4 ms  err 0.26
[299/300] latency=0.2 S1  FR_SAFE_10  seed 49  goal      clr  0.61  t  14.2  inf  69  N 25.5  mpc   5.9 ms  err 0.18
[300/300] latency=0.2 S1  FR_SAFE_10  seed 50  goal      clr  0.59  t  14.5  inf  69  N 25.6  mpc   6.1 ms  err 0.15
