[  1/300] latency=0.15 S2  A_FR_FN     seed  1  goal      clr  0.19  t  16.3  inf  97  N 20.0  mpc   4.9 ms  err 0.27
[  2/300] latency=0.15 S2  A_FR_FN     seed  2  goal      clr  0.47  t  15.1  inf  90  N 20.0  mpc   5.1 ms  err 0.51
[  3/300] latency=0.15 S2  A_FR_FN     seed  3  goal      clr  0.26  t  16.7  inf 101  N 20.0  mpc   4.3 ms  err 0.22
[  4/300] latency=0.15 S2  A_FR_FN     seed  4  goal      clr  0.40  t  14.6  inf  89  N 20.0  mpc   4.2 ms  err 0.66
[  5/300] latency=0.15 S2  A_FR_FN     seed  5  goal      clr  0.26  t  18.5  inf 102  N 20.0  mpc   4.4 ms  err 0.65
[  6/300] latency=0.15 S2  A_FR_FN     seed  6  goal      clr  0.47  t  15.5  inf  90  N 20.0  mpc   4.1 ms  err 0.39
[  7/300] latency=0.15 S2  A_FR_FN     seed  7  goal      clr  0.38  t  15.7  inf  93  N 20.0  mpc   4.0 ms  err 0.42
[  8/300] latency=0.15 S2  A_FR_FN     seed  8  goal      clr  0.08  t  16.0  inf  96  N 20.0  mpc   4.2 ms  err 0.50
[  9/300] latency=0.15 S2  A_FR_FN     seed  9  goal      clr  0.16  t  17.4  inf 104  N 20.0  mpc   4.2 ms  err 0.60
[ 10/300] latency=0.15 S2  A_FR_FN     seed 10  goal      clr  0.43  t  15.4  inf  90  N 20.0  mpc   4.0 ms  err 0.27
[ 11/300] latency=0.15 S2  A_FR_FN     seed 11  collision clr -0.01  t   8.4  inf  49  N 20.0  mpc   4.2 ms  err 0.24
[ 12/300] latency=0.15 S2  A_FR_FN     seed 12  goal      clr  0.31  t  15.2  inf  87  N 20.0  mpc   4.0 ms  err 0.50
[ 13/300] latency=0.15 S2  A_FR_FN     seed 13  collision clr -0.00  t   4.7  inf  28  N 20.0  mpc   4.4 ms  err 0.23
[ 14/300] latency=0.15 S2  A_FR_FN     seed 14  goal      clr  0.38  t  15.2  inf  91  N 20.0  mpc   4.2 ms  err 0.38
[ 15/300] latency=0.15 S2  A_FR_FN     seed 15  goal      clr  0.58  t  13.6  inf  80  N 20.0  mpc   4.1 ms  err 0.46
[ 16/300] latency=0.15 S2  A_FR_FN     seed 16  goal      clr  0.36  t  15.2  inf  91  N 20.0  mpc   4.2 ms  err 0.31
[ 17/300] latency=0.15 S2  A_FR_FN     seed 17  goal      clr  0.32  t  17.0  inf 106  N 20.0  mpc   4.3 ms  err 0.23
[ 18/300] latency=0.15 S2  A_FR_FN     seed 18  goal      clr  0.11  t  20.9  inf 126  N 20.0  mpc   4.3 ms  err 0.73
[ 19/300] latency=0.15 S2  A_FR_FN     seed 19  goal      clr  0.12  t  14.8  inf  91  N 20.0  mpc   4.1 ms  err 0.30
[ 20/300] latency=0.15 S2  A_FR_FN     seed 20  goal      clr  0.51  t  13.5  inf  81  N 20.0  mpc   4.0 ms  err 0.50
[ 21/300] latency=0.15 S2  A_FR_FN     seed 21  goal      clr  0.22  t  17.3  inf 100  N 20.0  mpc   4.2 ms  err 0.65
[ 22/300] latency=0.15 S2  A_FR_FN     seed 22  goal      clr  0.41  t  14.7  inf  91  N 20.0  mpc   4.1 ms  err 0.85
[ 23/300] latency=0.15 S2  A_FR_FN     seed 23  goal      clr  0.49  t  15.6  inf  92  N 20.0  mpc   4.2 ms  err 0.32
[ 24/300] latency=0.15 S2  A_FR_FN     seed 24  goal      clr  0.52  t  19.4  inf 112  N 20.0  mpc   4.2 ms  err 0.66
[ 25/300] latency=0.15 S2  A_FR_FN     seed 25  goal      clr  0.22  t  17.6  inf 102  N 20.0  mpc   4.2 ms  err 0.45
[ 26/300] latency=0.15 S2  A_FR_FN     seed 26  goal      clr  0.35  t  18.3  inf 110  N 20.0  mpc   4.2 ms  err 0.32
[ 27/300] latency=0.15 S2  A_FR_FN     seed 27  goal      clr  0.38  t  14.6  inf  87  N 20.0  mpc   4.2 ms  err 0.70
[ 28/300] latency=0.15 S2  A_FR_FN     seed 28  goal      clr  0.35  t  16.2  inf  95  N 20.0  mpc   4.2 ms  err 0.33
[ 29/300] latency=0.15 S2  A_FR_FN     seed 29  goal      clr  0.27  t  14.7  inf  88  N 20.0  mpc   4.2 ms  err 0.23
[ 30/300] latency=0.15 S2  A_FR_FN     seed 30  goal      clr  0.39  t  15.6  inf  89  N 20.0  mpc   4.2 ms  err 0.49
[ 31/300] latency=0.15 S2  A_FR_FN     seed 31  goal      clr  0.22  t  15.2  inf  91  N 20.0  mpc   4.0 ms  err 0.36
[ 32/300] latency=0.15 S2  A_FR_FN     seed 32  goal      clr  0.20  t  15.3  inf  88  N 20.0  mpc   4.1 ms  err 0.54
[ 33/300] latency=0.15 S2  A_FR_FN     seed 33  goal      clr  0.34  t  16.9  inf 102  N 20.0  mpc   4.2 ms  err 0.45
[ 34/300] latency=0.15 S2  A_FR_FN     seed 34  goal      clr  0.16  t  14.9  inf  89  N 20.0  mpc   4.2 ms  err 0.31
[ 35/300] latency=0.15 S2  A_FR_FN     seed 35  goal      clr  0.46  t  13.7  inf  84  N 20.0  mpc   4.0 ms  err 0.49
[ 36/300] latency=0.15 S2  A_FR_FN     seed 36  goal      clr  0.16  t  18.8  inf 115  N 20.0  mpc   4.2 ms  err 0.55
[ 37/300] latency=0.15 S2  A_FR_FN     seed 37  goal      clr  0.21  t  14.7  inf  89  N 20.0  mpc   4.1 ms  err 0.28
[ 38/300] latency=0.15 S2  A_FR_FN     seed 38  goal      clr  0.41  t  21.5  inf 126  N 20.0  mpc   4.4 ms  err 0.24
[ 39/300] latency=0.15 S2  A_FR_FN     seed 39  goal      clr  0.51  t  13.4  inf  78  N 20.0  mpc   4.0 ms  err 0.72
[ 40/300] latency=0.15 S2  A_FR_FN     seed 40  goal      clr  0.04  t  17.4  inf 105  N 20.0  mpc   4.3 ms  err 0.23
[ 41/300] latency=0.15 S2  A_FR_FN     seed 41  goal      clr  0.36  t  15.7  inf  94  N 20.0  mpc   4.4 ms  err 0.32
[ 42/300] latency=0.15 S2  A_FR_FN     seed 42  goal      clr  0.33  t  13.8  inf  81  N 20.0  mpc   4.1 ms  err 0.22
[ 43/300] latency=0.15 S2  A_FR_FN     seed 43  collision clr -0.01  t   3.4  inf  23  N 20.0  mpc   4.3 ms  err 0.26
[ 44/300] latency=0.15 S2  A_FR_FN     seed 44  goal      clr  0.29  t  16.1  inf  93  N 20.0  mpc   4.2 ms  err 0.28
[ 45/300] latency=0.15 S2  A_FR_FN     seed 45  goal      clr  0.24  t  15.0  inf  92  N 20.0  mpc   4.2 ms  err 0.22
[ 46/300] latency=0.15 S2  A_FR_FN     seed 46  goal      clr  0.49  t  14.8  inf  88  N 20.0  mpc   4.0 ms  err 0.62
[ 47/300] latency=0.15 S2  A_FR_FN     seed 47  goal      clr  0.04  t  14.9  inf  87  N 20.0  mpc   4.2 ms  err 0.43
[ 48/300] latency=0.15 S2  A_FR_FN     seed 48  goal      clr  0.08  t  19.0  inf 114  N 20.0  mpc   4.4 ms  err 0.23
[ 49/300] latency=0.15 S2  A_FR_FN     seed 49  goal      clr  0.50  t  13.4  inf  84  N 20.0  mpc   4.1 ms  err 0.43
[ 50/300] latency=0.15 S2  A_FR_FN     seed 50  goal      clr  0.45  t  19.8  inf 121  N 20.0  mpc   4.3 ms  err 0.39
[ 51/300] latency=0.15 S2  E_DART      seed  1  goal      clr  0.61  t  17.4  inf  62  N 22.1  mpc   5.5 ms  err 0.70
[ 52/300] latency=0.15 S2  E_DART      seed  2  goal      clr  0.45  t  16.0  inf  76  N 24.4  mpc   6.1 ms  err 0.27
[ 53/300] latency=0.15 S2  E_DART      seed  3  goal      clr  0.66  t  16.1  inf  73  N 24.4  mpc   6.3 ms  err 0.57
[ 54/300] latency=0.15 S2  E_DART      seed  4  goal      clr  0.58  t  15.1  inf  66  N 25.1  mpc   6.3 ms  err 0.57
[ 55/300] latency=0.15 S2  E_DART      seed  5  goal      clr  0.67  t  19.7  inf  86  N 22.3  mpc   5.7 ms  err 0.59
[ 56/300] latency=0.15 S2  E_DART      seed  6  goal      clr  0.72  t  16.0  inf  76  N 25.5  mpc   6.4 ms  err 0.33
[ 57/300] latency=0.15 S2  E_DART      seed  7  goal      clr  0.64  t  17.8  inf  82  N 23.8  mpc   5.8 ms  err 0.88
[ 58/300] latency=0.15 S2  E_DART      seed  8  goal      clr  0.70  t  18.0  inf  79  N 24.0  mpc   6.0 ms  err 0.70
[ 59/300] latency=0.15 S2  E_DART      seed  9  goal      clr  0.61  t  16.5  inf  80  N 24.4  mpc   5.9 ms  err 0.37
[ 60/300] latency=0.15 S2  E_DART      seed 10  goal      clr  0.62  t  20.4  inf  90  N 22.4  mpc   5.4 ms  err 0.30
[ 61/300] latency=0.15 S2  E_DART      seed 11  goal      clr  0.53  t  16.8  inf  75  N 24.6  mpc   6.1 ms  err 0.60
[ 62/300] latency=0.15 S2  E_DART      seed 12  goal      clr  0.51  t  17.0  inf  77  N 23.1  mpc   5.8 ms  err 0.95
[ 63/300] latency=0.15 S2  E_DART      seed 13  goal      clr  0.58  t  19.8  inf  82  N 22.8  mpc   5.5 ms  err 0.28
[ 64/300] latency=0.15 S2  E_DART      seed 14  goal      clr  0.56  t  17.7  inf  82  N 20.0  mpc   4.6 ms  err 0.28
[ 65/300] latency=0.15 S2  E_DART      seed 15  goal      clr  0.75  t  14.1  inf  65  N 23.8  mpc   5.7 ms  err 0.51
[ 66/300] latency=0.15 S2  E_DART      seed 16  goal      clr  0.59  t  14.7  inf  71  N 25.1  mpc   6.2 ms  err 0.39
[ 67/300] latency=0.15 S2  E_DART      seed 17  goal      clr  0.57  t  17.8  inf  85  N 23.4  mpc   5.7 ms  err 0.22
[ 68/300] latency=0.15 S2  E_DART      seed 18  goal      clr  0.61  t  15.3  inf  76  N 25.2  mpc   6.6 ms  err 0.45
[ 69/300] latency=0.15 S2  E_DART      seed 19  goal      clr  0.60  t  17.5  inf  89  N 23.1  mpc   5.6 ms  err 0.33
[ 70/300] latency=0.15 S2  E_DART      seed 20  goal      clr  0.69  t  17.5  inf  76  N 22.6  mpc   5.4 ms  err 0.34
[ 71/300] latency=0.15 S2  E_DART      seed 21  goal      clr  0.68  t  17.3  inf  74  N 23.3  mpc   5.7 ms  err 0.92
[ 72/300] latency=0.15 S2  E_DART      seed 22  goal      clr  0.57  t  15.7  inf  74  N 24.1  mpc   5.8 ms  err 0.47
[ 73/300] latency=0.15 S2  E_DART      seed 23  goal      clr  0.65  t  17.4  inf  71  N 24.1  mpc   5.9 ms  err 0.19
[ 74/300] latency=0.15 S2  E_DART      seed 24  goal      clr  0.68  t  18.3  inf  79  N 24.0  mpc   6.2 ms  err 0.57
[ 75/300] latency=0.15 S2  E_DART      seed 25  goal      clr  0.53  t  23.1  inf 110  N 23.6  mpc   6.0 ms  err 0.75
[ 76/300] latency=0.15 S2  E_DART      seed 26  goal      clr  0.91  t  15.5  inf  73  N 24.6  mpc   5.7 ms  err 0.42
[ 77/300] latency=0.15 S2  E_DART      seed 27  goal      clr  0.58  t  17.6  inf  87  N 25.6  mpc   6.3 ms  err 0.51
[ 78/300] latency=0.15 S2  E_DART      seed 28  goal      clr  0.69  t  14.3  inf  68  N 26.2  mpc   6.1 ms  err 0.30
[ 79/300] latency=0.15 S2  E_DART      seed 29  goal      clr  0.81  t  13.7  inf  61  N 24.4  mpc   5.8 ms  err 0.35
[ 80/300] latency=0.15 S2  E_DART      seed 30  goal      clr  0.61  t  16.0  inf  66  N 23.3  mpc   5.7 ms  err 0.41
[ 81/300] latency=0.15 S2  E_DART      seed 31  goal      clr  0.78  t  15.9  inf  74  N 24.8  mpc   5.8 ms  err 0.36
[ 82/300] latency=0.15 S2  E_DART      seed 32  goal      clr  0.49  t  17.0  inf  75  N 24.4  mpc   6.1 ms  err 0.35
[ 83/300] latency=0.15 S2  E_DART      seed 33  goal      clr  0.61  t  13.9  inf  71  N 24.6  mpc   6.1 ms  err 0.86
[ 84/300] latency=0.15 S2  E_DART      seed 34  goal      clr  0.53  t  15.0  inf  72  N 24.8  mpc   6.0 ms  err 0.39
[ 85/300] latency=0.15 S2  E_DART      seed 35  goal      clr  0.41  t  15.8  inf  77  N 24.8  mpc   6.1 ms  err 0.45
[ 86/300] latency=0.15 S2  E_DART      seed 36  goal      clr  0.74  t  15.1  inf  73  N 25.9  mpc   6.4 ms  err 0.42
[ 87/300] latency=0.15 S2  E_DART      seed 37  goal      clr  0.70  t  15.3  inf  77  N 26.1  mpc   6.4 ms  err 0.27
[ 88/300] latency=0.15 S2  E_DART      seed 38  goal      clr  0.64  t  14.8  inf  73  N 26.2  mpc   6.4 ms  err 0.57
[ 89/300] latency=0.15 S2  E_DART      seed 39  goal      clr  0.94  t  13.9  inf  62  N 25.0  mpc   6.0 ms  err 0.77
[ 90/300] latency=0.15 S2  E_DART      seed 40  goal      clr  0.53  t  17.4  inf  91  N 25.2  mpc   6.4 ms  err 0.52
[ 91/300] latency=0.15 S2  E_DART      seed 41  goal      clr  0.38  t  17.2  inf  76  N 24.5  mpc   6.4 ms  err 0.98
[ 92/300] latency=0.15 S2  E_DART      seed 42  goal      clr  0.37  t  20.1  inf  85  N 22.2  mpc   5.3 ms  err 0.23
[ 93/300] latency=0.15 S2  E_DART      seed 43  goal      clr  0.77  t  16.6  inf  73  N 22.9  mpc   5.8 ms  err 0.67
[ 94/300] latency=0.15 S2  E_DART      seed 44  goal      clr  0.73  t  14.7  inf  65  N 24.4  mpc   6.0 ms  err 0.31
[ 95/300] latency=0.15 S2  E_DART      seed 45  goal      clr  0.76  t  16.5  inf  82  N 24.7  mpc   5.9 ms  err 0.26
[ 96/300] latency=0.15 S2  E_DART      seed 46  goal      clr  0.62  t  17.2  inf  79  N 24.6  mpc   6.1 ms  err 0.59
[ 97/300] latency=0.15 S2  E_DART      seed 47  goal      clr  0.67  t  15.2  inf  71  N 24.2  mpc   6.1 ms  err 0.50
[ 98/300] latency=0.15 S2  E_DART      seed 48  goal      clr  0.59  t  18.7  inf  85  N 24.1  mpc   6.2 ms  err 0.25
[ 99/300] latency=0.15 S2  E_DART      seed 49  goal      clr  0.82  t  14.2  inf  70  N 24.7  mpc   5.9 ms  err 0.27
[100/300] latency=0.15 S2  E_DART      seed 50  goal      clr  0.78  t  15.1  inf  72  N 24.1  mpc   5.5 ms  err 0.45
[101/300] latency=0.15 S2  F_NODELAY   seed  1  goal      clr  0.64  t  15.9  inf  77  N 23.6  mpc   6.0 ms  err 2.54
[102/300] latency=0.15 S2  F_NODELAY   seed  2  goal      clr  0.11  t  18.3  inf  88  N 24.3  mpc   6.5 ms  err 4.13
[103/300] latency=0.15 S2  F_NODELAY   seed  3  goal      clr  0.62  t  18.2  inf  90  N 23.3  mpc   6.0 ms  err 4.31
[104/300] latency=0.15 S2  F_NODELAY   seed  4  goal      clr  0.87  t  13.8  inf  61  N 23.5  mpc   5.4 ms  err 2.28
[105/300] latency=0.15 S2  F_NODELAY   seed  5  goal      clr  0.73  t  19.3  inf  75  N 21.8  mpc   5.0 ms  err 2.50
[106/300] latency=0.15 S2  F_NODELAY   seed  6  goal      clr  1.12  t  13.5  inf  60  N 25.9  mpc   5.9 ms  err 2.81
[107/300] latency=0.15 S2  F_NODELAY   seed  7  collision clr -0.01  t  17.8  inf 105  N 25.6  mpc   7.2 ms  err 2.74
[108/300] latency=0.15 S2  F_NODELAY   seed  8  collision clr -0.00  t   9.7  inf  56  N 27.7  mpc   7.8 ms  err 2.55
[109/300] latency=0.15 S2  F_NODELAY   seed  9  goal      clr  1.21  t  16.4  inf  64  N 21.2  mpc   4.8 ms  err 2.86
[110/300] latency=0.15 S2  F_NODELAY   seed 10  goal      clr  0.39  t  31.4  inf 137  N 19.5  mpc   4.8 ms  err 2.27
[111/300] latency=0.15 S2  F_NODELAY   seed 11  goal      clr  0.40  t  20.6  inf  77  N 20.8  mpc   4.5 ms  err 3.09
[112/300] latency=0.15 S2  F_NODELAY   seed 12  goal      clr  0.39  t  25.5  inf 127  N 21.4  mpc   5.3 ms  err 2.78
[113/300] latency=0.15 S2  F_NODELAY   seed 13  collision clr -0.04  t   2.8  inf  17  N 23.4  mpc   6.3 ms  err 1.84
[114/300] latency=0.15 S2  F_NODELAY   seed 14  goal      clr  0.67  t  18.9  inf  85  N 21.9  mpc   5.5 ms  err 2.86
[115/300] latency=0.15 S2  F_NODELAY   seed 15  goal      clr  0.93  t  18.5  inf  66  N 20.5  mpc   4.2 ms  err 2.95
[116/300] latency=0.15 S2  F_NODELAY   seed 16  goal      clr  0.58  t  18.3  inf  84  N 22.7  mpc   5.4 ms  err 2.55
[117/300] latency=0.15 S2  F_NODELAY   seed 17  goal      clr  0.66  t  17.3  inf  81  N 21.2  mpc   5.2 ms  err 1.99
[118/300] latency=0.15 S2  F_NODELAY   seed 18  goal      clr  0.70  t  17.7  inf  80  N 21.1  mpc   5.1 ms  err 2.71
[119/300] latency=0.15 S2  F_NODELAY   seed 19  collision clr -0.01  t   3.1  inf  19  N 25.6  mpc   6.6 ms  err 1.53
[120/300] latency=0.15 S2  F_NODELAY   seed 20  goal      clr  1.04  t  17.1  inf  61  N 20.4  mpc   4.6 ms  err 3.30
[121/300] latency=0.15 S2  F_NODELAY   seed 21  goal      clr  0.36  t  16.0  inf  71  N 23.4  mpc   5.9 ms  err 2.48
[122/300] latency=0.15 S2  F_NODELAY   seed 22  goal      clr  1.66  t  16.0  inf  73  N 23.0  mpc   5.4 ms  err 1.82
[123/300] latency=0.15 S2  F_NODELAY   seed 23  goal      clr  0.65  t  24.4  inf 104  N 20.8  mpc   4.7 ms  err 2.90
[124/300] latency=0.15 S2  F_NODELAY   seed 24  goal      clr  2.51  t  18.8  inf  83  N 22.0  mpc   4.8 ms  err 2.24
[125/300] latency=0.15 S2  F_NODELAY   seed 25  goal      clr  1.86  t  17.4  inf  68  N 22.3  mpc   4.9 ms  err 3.27
[126/300] latency=0.15 S2  F_NODELAY   seed 26  goal      clr  0.54  t  20.3  inf  94  N 21.4  mpc   5.6 ms  err 3.20
[127/300] latency=0.15 S2  F_NODELAY   seed 27  collision clr -0.00  t  12.4  inf  72  N 26.3  mpc   7.4 ms  err 2.19
[128/300] latency=0.15 S2  F_NODELAY   seed 28  collision clr -0.03  t   2.5  inf  15  N 25.5  mpc   6.8 ms  err 1.42
[129/300] latency=0.15 S2  F_NODELAY   seed 29  goal      clr  1.82  t  16.1  inf  59  N 22.0  mpc   4.5 ms  err 2.01
[130/300] latency=0.15 S2  F_NODELAY   seed 30  goal      clr  0.76  t  20.5  inf  92  N 21.1  mpc   5.3 ms  err 2.42
[131/300] latency=0.15 S2  F_NODELAY   seed 31  collision clr -0.00  t   2.8  inf  19  N 26.5  mpc   8.3 ms  err 1.67
[132/300] latency=0.15 S2  F_NODELAY   seed 32  collision clr -0.01  t  11.2  inf  59  N 23.6  mpc   5.6 ms  err 2.51
[133/300] latency=0.15 S2  F_NODELAY   seed 33  goal      clr  1.86  t  13.4  inf  62  N 23.6  mpc   5.4 ms  err 3.10
[134/300] latency=0.15 S2  F_NODELAY   seed 34  collision clr -0.00  t   3.7  inf  23  N 25.9  mpc   8.0 ms  err 2.92
[135/300] latency=0.15 S2  F_NODELAY   seed 35  goal      clr  1.28  t  15.2  inf  64  N 23.4  mpc   5.2 ms  err 2.71
[136/300] latency=0.15 S2  F_NODELAY   seed 36  collision clr -0.01  t   3.7  inf  22  N 26.6  mpc   8.0 ms  err 1.53
[137/300] latency=0.15 S2  F_NODELAY   seed 37  collision clr -0.00  t  10.0  inf  60  N 22.4  mpc   6.7 ms  err 3.20
[138/300] latency=0.15 S2  F_NODELAY   seed 38  goal      clr  0.55  t  21.3  inf  98  N 22.3  mpc   5.3 ms  err 2.32
[139/300] latency=0.15 S2  F_NODELAY   seed 39  goal      clr  1.54  t  18.2  inf  74  N 20.3  mpc   4.4 ms  err 3.87
[140/300] latency=0.15 S2  F_NODELAY   seed 40  goal      clr  0.51  t  20.7  inf  98  N 22.8  mpc   5.5 ms  err 3.54
[141/300] latency=0.15 S2  F_NODELAY   seed 41  collision clr -0.00  t   8.4  inf  47  N 25.7  mpc   7.6 ms  err 2.28
[142/300] latency=0.15 S2  F_NODELAY   seed 42  goal      clr  0.61  t  17.6  inf  79  N 21.9  mpc   5.2 ms  err 2.59
[143/300] latency=0.15 S2  F_NODELAY   seed 43  goal      clr  0.39  t  17.2  inf  80  N 22.8  mpc   5.7 ms  err 2.07
[144/300] latency=0.15 S2  F_NODELAY   seed 44  collision clr -0.02  t   3.1  inf  19  N 25.6  mpc   6.8 ms  err 1.88
[145/300] latency=0.15 S2  F_NODELAY   seed 45  collision clr -0.01  t   3.5  inf  22  N 23.9  mpc   6.1 ms  err 2.10
[146/300] latency=0.15 S2  F_NODELAY   seed 46  goal      clr  1.06  t  16.3  inf  70  N 22.7  mpc   5.5 ms  err 3.95
[147/300] latency=0.15 S2  F_NODELAY   seed 47  goal      clr  0.76  t  22.0  inf  98  N 20.6  mpc   4.5 ms  err 2.69
[148/300] latency=0.15 S2  F_NODELAY   seed 48  goal      clr  0.10  t  18.5  inf  70  N 21.1  mpc   4.7 ms  err 2.89
[149/300] latency=0.15 S2  F_NODELAY   seed 49  goal      clr  0.70  t  30.2  inf 147  N 21.6  mpc   5.5 ms  err 2.39
[150/300] latency=0.15 S2  F_NODELAY   seed 50  collision clr -0.00  t   3.7  inf  23  N 25.4  mpc   8.8 ms  err 2.67
[151/300] latency=0.15 S2  G_FR_LOW    seed  1  goal      clr  0.47  t  18.9  inf  56  N 22.4  mpc   5.7 ms  err 0.46
[152/300] latency=0.15 S2  G_FR_LOW    seed  2  goal      clr  0.87  t  16.0  inf  48  N 24.7  mpc   6.1 ms  err 0.53
[153/300] latency=0.15 S2  G_FR_LOW    seed  3  goal      clr  0.74  t  14.9  inf  44  N 24.8  mpc   6.1 ms  err 0.48
[154/300] latency=0.15 S2  G_FR_LOW    seed  4  goal      clr  0.71  t  16.1  inf  48  N 24.8  mpc   5.9 ms  err 0.37
[155/300] latency=0.15 S2  G_FR_LOW    seed  5  goal      clr  0.66  t  18.4  inf  55  N 22.3  mpc   5.5 ms  err 0.63
[156/300] latency=0.15 S2  G_FR_LOW    seed  6  goal      clr  0.64  t  15.9  inf  47  N 25.2  mpc   6.2 ms  err 0.35
[157/300] latency=0.15 S2  G_FR_LOW    seed  7  goal      clr  0.69  t  17.8  inf  53  N 23.3  mpc   5.5 ms  err 0.57
[158/300] latency=0.15 S2  G_FR_LOW    seed  8  goal      clr  0.73  t  14.0  inf  42  N 24.8  mpc   6.2 ms  err 0.74
[159/300] latency=0.15 S2  G_FR_LOW    seed  9  goal      clr  0.62  t  15.6  inf  46  N 24.8  mpc   6.1 ms  err 0.73
[160/300] latency=0.15 S2  G_FR_LOW    seed 10  goal      clr  0.82  t  14.7  inf  44  N 25.2  mpc   6.0 ms  err 0.49
[161/300] latency=0.15 S2  G_FR_LOW    seed 11  goal      clr  0.82  t  15.9  inf  47  N 24.1  mpc   5.9 ms  err 0.45
[162/300] latency=0.15 S2  G_FR_LOW    seed 12  goal      clr  0.63  t  17.5  inf  52  N 24.5  mpc   5.8 ms  err 0.64
[163/300] latency=0.15 S2  G_FR_LOW    seed 13  goal      clr  0.62  t  20.4  inf  61  N 22.5  mpc   5.8 ms  err 0.37
[164/300] latency=0.15 S2  G_FR_LOW    seed 14  goal      clr  1.78  t  16.4  inf  49  N 20.7  mpc   4.8 ms  err 0.63
[165/300] latency=0.15 S2  G_FR_LOW    seed 15  goal      clr  0.65  t  14.1  inf  42  N 24.9  mpc   6.0 ms  err 0.62
[166/300] latency=0.15 S2  G_FR_LOW    seed 16  goal      clr  0.51  t  17.7  inf  53  N 24.9  mpc   6.4 ms  err 0.38
[167/300] latency=0.15 S2  G_FR_LOW    seed 17  goal      clr  0.62  t  14.9  inf  44  N 25.4  mpc   6.2 ms  err 0.40
[168/300] latency=0.15 S2  G_FR_LOW    seed 18  goal      clr  1.08  t  16.2  inf  48  N 24.5  mpc   6.1 ms  err 0.66
[169/300] latency=0.15 S2  G_FR_LOW    seed 19  goal      clr  0.61  t  17.8  inf  53  N 23.3  mpc   5.8 ms  err 0.37
[170/300] latency=0.15 S2  G_FR_LOW    seed 20  goal      clr  0.80  t  15.1  inf  45  N 24.6  mpc   5.9 ms  err 0.52
[171/300] latency=0.15 S2  G_FR_LOW    seed 21  goal      clr  0.86  t  14.2  inf  42  N 24.7  mpc   5.8 ms  err 0.36
[172/300] latency=0.15 S2  G_FR_LOW    seed 22  goal      clr  0.61  t  16.1  inf  48  N 23.7  mpc   5.6 ms  err 0.42
[173/300] latency=0.15 S2  G_FR_LOW    seed 23  goal      clr  0.72  t  16.0  inf  48  N 24.5  mpc   6.4 ms  err 0.40
[174/300] latency=0.15 S2  G_FR_LOW    seed 24  goal      clr  0.65  t  15.7  inf  47  N 25.5  mpc   6.1 ms  err 0.30
[175/300] latency=0.15 S2  G_FR_LOW    seed 25  goal      clr  0.59  t  17.5  inf  52  N 24.8  mpc   6.1 ms  err 0.32
[176/300] latency=0.15 S2  G_FR_LOW    seed 26  goal      clr  1.02  t  15.8  inf  47  N 24.8  mpc   5.7 ms  err 0.62
[177/300] latency=0.15 S2  G_FR_LOW    seed 27  goal      clr  0.67  t  17.4  inf  52  N 24.7  mpc   6.2 ms  err 0.47
[178/300] latency=0.15 S2  G_FR_LOW    seed 28  goal      clr  0.66  t  14.2  inf  42  N 26.4  mpc   6.1 ms  err 0.36
[179/300] latency=0.15 S2  G_FR_LOW    seed 29  goal      clr  1.28  t  13.1  inf  39  N 23.7  mpc   5.5 ms  err 0.66
[180/300] latency=0.15 S2  G_FR_LOW    seed 30  goal      clr  0.87  t  19.3  inf  57  N 21.2  mpc   5.2 ms  err 0.34
[181/300] latency=0.15 S2  G_FR_LOW    seed 31  goal      clr  0.48  t  16.7  inf  50  N 24.7  mpc   6.2 ms  err 0.86
[182/300] latency=0.15 S2  G_FR_LOW    seed 32  goal      clr  1.28  t  20.8  inf  62  N 22.0  mpc   5.2 ms  err 0.65
[183/300] latency=0.15 S2  G_FR_LOW    seed 33  goal      clr  0.75  t  13.5  inf  40  N 24.9  mpc   6.2 ms  err 0.86
[184/300] latency=0.15 S2  G_FR_LOW    seed 34  goal      clr  0.51  t  15.2  inf  45  N 23.7  mpc   6.2 ms  err 0.36
[185/300] latency=0.15 S2  G_FR_LOW    seed 35  goal      clr  0.53  t  15.3  inf  45  N 26.2  mpc   6.4 ms  err 0.85
[186/300] latency=0.15 S2  G_FR_LOW    seed 36  goal      clr  0.90  t  15.0  inf  45  N 24.5  mpc   6.1 ms  err 0.38
[187/300] latency=0.15 S2  G_FR_LOW    seed 37  goal      clr  0.77  t  16.1  inf  48  N 24.6  mpc   6.2 ms  err 0.65
[188/300] latency=0.15 S2  G_FR_LOW    seed 38  goal      clr  0.70  t  15.0  inf  45  N 25.6  mpc   6.1 ms  err 0.43
[189/300] latency=0.15 S2  G_FR_LOW    seed 39  goal      clr  0.90  t  13.8  inf  41  N 25.1  mpc   6.4 ms  err 0.69
[190/300] latency=0.15 S2  G_FR_LOW    seed 40  goal      clr  0.76  t  15.9  inf  47  N 25.1  mpc   6.3 ms  err 0.92
[191/300] latency=0.15 S2  G_FR_LOW    seed 41  goal      clr  0.46  t  20.4  inf  60  N 24.9  mpc   6.3 ms  err 0.31
[192/300] latency=0.15 S2  G_FR_LOW    seed 42  goal      clr  0.48  t  20.4  inf  60  N 22.9  mpc   5.7 ms  err 0.25
[193/300] latency=0.15 S2  G_FR_LOW    seed 43  goal      clr  0.67  t  16.3  inf  48  N 24.7  mpc   5.7 ms  err 0.46
[194/300] latency=0.15 S2  G_FR_LOW    seed 44  goal      clr  0.74  t  14.3  inf  43  N 24.8  mpc   6.2 ms  err 0.61
[195/300] latency=0.15 S2  G_FR_LOW    seed 45  goal      clr  0.64  t  15.1  inf  45  N 25.6  mpc   6.1 ms  err 0.34
[196/300] latency=0.15 S2  G_FR_LOW    seed 46  goal      clr  0.67  t  17.1  inf  51  N 24.0  mpc   5.8 ms  err 0.49
[197/300] latency=0.15 S2  G_FR_LOW    seed 47  goal      clr  0.74  t  17.3  inf  51  N 22.7  mpc   5.9 ms  err 0.98
[198/300] latency=0.15 S2  G_FR_LOW    seed 48  goal      clr  0.46  t  18.4  inf  55  N 25.2  mpc   6.4 ms  err 0.39
[199/300] latency=0.15 S2  G_FR_LOW    seed 49  goal      clr  0.78  t  14.1  inf  42  N 25.3  mpc   5.9 ms  err 0.36
[200/300] latency=0.15 S2  G_FR_LOW    seed 50  goal      clr  1.21  t  16.4  inf  49  N 22.1  mpc   5.2 ms  err 0.77
[201/300] latency=0.15 S2  FR_SAFE_5   seed  1  goal      clr  0.71  t  18.2  inf  90  N 22.9  mpc   5.6 ms  err 0.24
[202/300] latency=0.15 S2  FR_SAFE_5   seed  2  goal      clr  0.45  t  15.8  inf  77  N 24.7  mpc   6.1 ms  err 0.35
[203/300] latency=0.15 S2  FR_SAFE_5   seed  3  goal      clr  0.81  t  15.9  inf  77  N 23.4  mpc   6.0 ms  err 0.52
[204/300] latency=0.15 S2  FR_SAFE_5   seed  4  goal      clr  0.65  t  14.7  inf  72  N 25.8  mpc   6.3 ms  err 0.66
[205/300] latency=0.15 S2  FR_SAFE_5   seed  5  goal      clr  0.69  t  16.9  inf  81  N 24.0  mpc   5.9 ms  err 0.59
[206/300] latency=0.15 S2  FR_SAFE_5   seed  6  goal      clr  0.44  t  19.0  inf  93  N 24.6  mpc   6.5 ms  err 0.48
[207/300] latency=0.15 S2  FR_SAFE_5   seed  7  goal      clr  0.56  t  20.4  inf  98  N 22.5  mpc   5.7 ms  err 0.36
[208/300] latency=0.15 S2  FR_SAFE_5   seed  8  goal      clr  0.65  t  16.0  inf  79  N 25.1  mpc   6.4 ms  err 0.46
[209/300] latency=0.15 S2  FR_SAFE_5   seed  9  goal      clr  0.57  t  17.5  inf  85  N 24.8  mpc   6.3 ms  err 0.43
[210/300] latency=0.15 S2  FR_SAFE_5   seed 10  goal      clr  0.71  t  15.0  inf  73  N 25.3  mpc   6.2 ms  err 0.36
[211/300] latency=0.15 S2  FR_SAFE_5   seed 11  goal      clr  0.55  t  17.7  inf  85  N 25.9  mpc   7.0 ms  err 0.46
[212/300] latency=0.15 S2  FR_SAFE_5   seed 12  goal      clr  0.62  t  16.9  inf  83  N 24.6  mpc   5.9 ms  err 0.57
[213/300] latency=0.15 S2  FR_SAFE_5   seed 13  goal      clr  0.38  t  17.8  inf  88  N 24.3  mpc   6.0 ms  err 0.32
[214/300] latency=0.15 S2  FR_SAFE_5   seed 14  goal      clr  0.67  t  17.6  inf  86  N 20.2  mpc   5.1 ms  err 0.25
[215/300] latency=0.15 S2  FR_SAFE_5   seed 15  goal      clr  0.77  t  14.1  inf  69  N 24.8  mpc   6.0 ms  err 0.37
[216/300] latency=0.15 S2  FR_SAFE_5   seed 16  goal      clr  0.43  t  24.6  inf 121  N 21.8  mpc   5.4 ms  err 0.26
[217/300] latency=0.15 S2  FR_SAFE_5   seed 17  goal      clr  0.48  t  16.7  inf  83  N 24.6  mpc   6.2 ms  err 0.26
[218/300] latency=0.15 S2  FR_SAFE_5   seed 18  goal      clr  0.60  t  15.1  inf  74  N 24.1  mpc   5.9 ms  err 0.87
[219/300] latency=0.15 S2  FR_SAFE_5   seed 19  goal      clr  0.56  t  16.8  inf  84  N 24.2  mpc   5.8 ms  err 0.34
[220/300] latency=0.15 S2  FR_SAFE_5   seed 20  goal      clr  0.65  t  16.8  inf  82  N 22.9  mpc   5.6 ms  err 0.45
[221/300] latency=0.15 S2  FR_SAFE_5   seed 21  goal      clr  0.59  t  14.9  inf  73  N 25.6  mpc   6.2 ms  err 0.59
[222/300] latency=0.15 S2  FR_SAFE_5   seed 22  goal      clr  0.57  t  16.2  inf  80  N 23.6  mpc   5.8 ms  err 0.45
[223/300] latency=0.15 S2  FR_SAFE_5   seed 23  goal      clr  0.72  t  21.2  inf 103  N 20.4  mpc   5.1 ms  err 0.80
[224/300] latency=0.15 S2  FR_SAFE_5   seed 24  goal      clr  0.41  t  17.9  inf  88  N 24.8  mpc   6.4 ms  err 0.57
[225/300] latency=0.15 S2  FR_SAFE_5   seed 25  goal      clr  0.65  t  18.8  inf  92  N 25.0  mpc   6.3 ms  err 0.34
[226/300] latency=0.15 S2  FR_SAFE_5   seed 26  goal      clr  0.79  t  16.8  inf  83  N 24.4  mpc   6.0 ms  err 0.39
[227/300] latency=0.15 S2  FR_SAFE_5   seed 27  goal      clr  0.54  t  19.2  inf  94  N 25.3  mpc   6.7 ms  err 0.35
[228/300] latency=0.15 S2  FR_SAFE_5   seed 28  goal      clr  0.50  t  14.4  inf  71  N 26.1  mpc   6.2 ms  err 0.34
[229/300] latency=0.15 S2  FR_SAFE_5   seed 29  goal      clr  0.94  t  13.2  inf  66  N 24.1  mpc   5.9 ms  err 0.43
[230/300] latency=0.15 S2  FR_SAFE_5   seed 30  goal      clr  0.67  t  18.6  inf  91  N 23.6  mpc   5.9 ms  err 0.42
[231/300] latency=0.15 S2  FR_SAFE_5   seed 31  goal      clr  0.72  t  18.8  inf  92  N 22.8  mpc   5.7 ms  err 0.32
[232/300] latency=0.15 S2  FR_SAFE_5   seed 32  goal      clr  0.84  t  18.6  inf  91  N 23.3  mpc   5.6 ms  err 0.82
[233/300] latency=0.15 S2  FR_SAFE_5   seed 33  goal      clr  0.75  t  14.8  inf  73  N 24.5  mpc   6.3 ms  err 0.44
[234/300] latency=0.15 S2  FR_SAFE_5   seed 34  goal      clr  0.49  t  21.6  inf 106  N 22.3  mpc   5.8 ms  err 0.61
[235/300] latency=0.15 S2  FR_SAFE_5   seed 35  goal      clr  0.58  t  14.8  inf  74  N 26.0  mpc   6.3 ms  err 0.45
[236/300] latency=0.15 S2  FR_SAFE_5   seed 36  goal      clr  0.56  t  16.5  inf  81  N 23.6  mpc   5.8 ms  err 0.50
[237/300] latency=0.15 S2  FR_SAFE_5   seed 37  goal      clr  0.35  t  14.5  inf  72  N 23.7  mpc   5.9 ms  err 0.56
[238/300] latency=0.15 S2  FR_SAFE_5   seed 38  goal      clr  0.69  t  14.5  inf  71  N 26.6  mpc   6.7 ms  err 0.85
[239/300] latency=0.15 S2  FR_SAFE_5   seed 39  goal      clr  0.77  t  14.0  inf  68  N 24.6  mpc   6.1 ms  err 0.97
[240/300] latency=0.15 S2  FR_SAFE_5   seed 40  goal      clr  0.63  t  15.6  inf  77  N 25.9  mpc   6.5 ms  err 0.64
[241/300] latency=0.15 S2  FR_SAFE_5   seed 41  goal      clr  0.56  t  18.3  inf  90  N 25.9  mpc   6.6 ms  err 0.30
[242/300] latency=0.15 S2  FR_SAFE_5   seed 42  goal      clr  0.70  t  16.3  inf  80  N 24.5  mpc   6.0 ms  err 0.29
[243/300] latency=0.15 S2  FR_SAFE_5   seed 43  goal      clr  0.76  t  18.3  inf  89  N 21.7  mpc   5.2 ms  err 0.41
[244/300] latency=0.15 S2  FR_SAFE_5   seed 44  goal      clr  0.73  t  14.2  inf  69  N 24.7  mpc   6.0 ms  err 0.32
[245/300] latency=0.15 S2  FR_SAFE_5   seed 45  goal      clr  0.74  t  15.8  inf  78  N 24.8  mpc   6.2 ms  err 0.92
[246/300] latency=0.15 S2  FR_SAFE_5   seed 46  goal      clr  0.23  t  14.3  inf  70  N 24.9  mpc   6.0 ms  err 0.36
[247/300] latency=0.15 S2  FR_SAFE_5   seed 47  goal      clr  0.58  t  15.1  inf  74  N 25.5  mpc   6.5 ms  err 0.34
[248/300] latency=0.15 S2  FR_SAFE_5   seed 48  goal      clr  0.53  t  19.1  inf  95  N 25.4  mpc   6.7 ms  err 0.35
[249/300] latency=0.15 S2  FR_SAFE_5   seed 49  goal      clr  0.57  t  18.4  inf  91  N 24.1  mpc   6.5 ms  err 0.53
[250/300] latency=0.15 S2  FR_SAFE_5   seed 50  goal      clr  0.56  t  15.6  inf  78  N 23.1  mpc   5.7 ms  err 0.64
[251/300] latency=0.15 S2  FR_SAFE_10  seed  1  goal      clr  0.69  t  17.0  inf 101  N 23.8  mpc   6.0 ms  err 0.32
[252/300] latency=0.15 S2  FR_SAFE_10  seed  2  goal      clr  0.55  t  18.1  inf 108  N 23.0  mpc   5.9 ms  err 0.46
[253/300] latency=0.15 S2  FR_SAFE_10  seed  3  goal      clr  0.59  t  15.1  inf  91  N 25.2  mpc   6.3 ms  err 0.32
[254/300] latency=0.15 S2  FR_SAFE_10  seed  4  goal      clr  0.77  t  14.7  inf  90  N 24.1  mpc   5.8 ms  err 0.49
[255/300] latency=0.15 S2  FR_SAFE_10  seed  5  goal      clr  0.38  t  26.5  inf 149  N 22.7  mpc   5.9 ms  err 0.43
[256/300] latency=0.15 S2  FR_SAFE_10  seed  6  goal      clr  0.53  t  16.6  inf  97  N 24.5  mpc   6.4 ms  err 0.33
[257/300] latency=0.15 S2  FR_SAFE_10  seed  7  goal      clr  0.46  t  19.1  inf 112  N 25.0  mpc   6.6 ms  err 0.38
[258/300] latency=0.15 S2  FR_SAFE_10  seed  8  goal      clr  0.69  t  16.0  inf  96  N 24.0  mpc   5.8 ms  err 0.80
[259/300] latency=0.15 S2  FR_SAFE_10  seed  9  goal      clr  0.42  t  19.6  inf 116  N 24.4  mpc   6.2 ms  err 0.50
[260/300] latency=0.15 S2  FR_SAFE_10  seed 10  goal      clr  0.71  t  14.4  inf  84  N 25.7  mpc   6.4 ms  err 0.46
[261/300] latency=0.15 S2  FR_SAFE_10  seed 11  goal      clr  0.44  t  15.8  inf  92  N 24.8  mpc   6.2 ms  err 0.35
[262/300] latency=0.15 S2  FR_SAFE_10  seed 12  goal      clr  0.46  t  20.0  inf 116  N 25.0  mpc   6.7 ms  err 0.59
[263/300] latency=0.15 S2  FR_SAFE_10  seed 13  goal      clr  0.55  t  20.7  inf 123  N 24.2  mpc   6.2 ms  err 0.22
[264/300] latency=0.15 S2  FR_SAFE_10  seed 14  goal      clr  0.63  t  16.4  inf  98  N 20.4  mpc   5.1 ms  err 0.72
[265/300] latency=0.15 S2  FR_SAFE_10  seed 15  goal      clr  0.71  t  14.4  inf  85  N 23.5  mpc   5.8 ms  err 0.82
[266/300] latency=0.15 S2  FR_SAFE_10  seed 16  goal      clr  0.54  t  15.0  inf  90  N 25.1  mpc   6.4 ms  err 0.60
[267/300] latency=0.15 S2  FR_SAFE_10  seed 17  goal      clr  0.76  t  19.1  inf 118  N 22.2  mpc   5.6 ms  err 0.23
[268/300] latency=0.15 S2  FR_SAFE_10  seed 18  goal      clr  0.74  t  17.4  inf 106  N 22.8  mpc   6.4 ms  err 0.68
[269/300] latency=0.15 S2  FR_SAFE_10  seed 19  goal      clr  0.82  t  22.0  inf 135  N 21.8  mpc   5.5 ms  err 0.34
[270/300] latency=0.15 S2  FR_SAFE_10  seed 20  goal      clr  0.60  t  17.0  inf 102  N 23.8  mpc   6.0 ms  err 0.66
[271/300] latency=0.15 S2  FR_SAFE_10  seed 21  goal      clr  0.77  t  18.4  inf 107  N 21.9  mpc   5.3 ms  err 0.41
[272/300] latency=0.15 S2  FR_SAFE_10  seed 22  goal      clr  0.58  t  16.1  inf  98  N 24.7  mpc   6.3 ms  err 0.23
[273/300] latency=0.15 S2  FR_SAFE_10  seed 23  goal      clr  0.59  t  19.3  inf 114  N 24.1  mpc   6.3 ms  err 0.23
[274/300] latency=0.15 S2  FR_SAFE_10  seed 24  goal      clr  0.55  t  18.4  inf 106  N 23.9  mpc   6.2 ms  err 0.48
[275/300] latency=0.15 S2  FR_SAFE_10  seed 25  goal      clr  0.68  t  15.9  inf  93  N 25.3  mpc   6.5 ms  err 0.44
[276/300] latency=0.15 S2  FR_SAFE_10  seed 26  goal      clr  0.80  t  15.9  inf  97  N 23.7  mpc   5.9 ms  err 0.30
[277/300] latency=0.15 S2  FR_SAFE_10  seed 27  goal      clr  0.72  t  15.2  inf  90  N 26.0  mpc   6.5 ms  err 0.26
[278/300] latency=0.15 S2  FR_SAFE_10  seed 28  goal      clr  0.61  t  14.1  inf  82  N 25.9  mpc   6.2 ms  err 0.31
[279/300] latency=0.15 S2  FR_SAFE_10  seed 29  goal      clr  0.82  t  13.8  inf  83  N 24.6  mpc   6.0 ms  err 0.47
[280/300] latency=0.15 S2  FR_SAFE_10  seed 30  goal      clr  0.61  t  15.8  inf  91  N 23.4  mpc   6.0 ms  err 0.32
[281/300] latency=0.15 S2  FR_SAFE_10  seed 31  goal      clr  0.69  t  16.9  inf 101  N 22.3  mpc   5.5 ms  err 0.52
[282/300] latency=0.15 S2  FR_SAFE_10  seed 32  goal      clr  0.46  t  16.7  inf  97  N 25.1  mpc   6.6 ms  err 0.60
[283/300] latency=0.15 S2  FR_SAFE_10  seed 33  goal      clr  0.19  t  16.7  inf 101  N 23.5  mpc   6.0 ms  err 0.92
[284/300] latency=0.15 S2  FR_SAFE_10  seed 34  goal      clr  0.63  t  18.0  inf 109  N 25.0  mpc   6.5 ms  err 0.47
[285/300] latency=0.15 S2  FR_SAFE_10  seed 35  goal      clr  0.96  t  15.2  inf  93  N 24.2  mpc   5.8 ms  err 0.50
[286/300] latency=0.15 S2  FR_SAFE_10  seed 36  goal      clr  0.47  t  17.5  inf 107  N 25.1  mpc   6.4 ms  err 0.41
[287/300] latency=0.15 S2  FR_SAFE_10  seed 37  goal      clr  0.67  t  20.0  inf 120  N 21.5  mpc   5.3 ms  err 0.84
[288/300] latency=0.15 S2  FR_SAFE_10  seed 38  goal      clr  0.59  t  14.7  inf  87  N 26.4  mpc   6.9 ms  err 0.39
[289/300] latency=0.15 S2  FR_SAFE_10  seed 39  goal      clr  0.76  t  14.1  inf  82  N 25.3  mpc   6.3 ms  err 0.80
[290/300] latency=0.15 S2  FR_SAFE_10  seed 40  goal      clr  0.50  t  17.7  inf 107  N 25.2  mpc   6.7 ms  err 0.41
[291/300] latency=0.15 S2  FR_SAFE_10  seed 41  goal      clr  0.55  t  17.2  inf 103  N 25.7  mpc   6.8 ms  err 0.54
[292/300] latency=0.15 S2  FR_SAFE_10  seed 42  goal      clr  0.49  t  21.2  inf 123  N 22.4  mpc   5.7 ms  err 0.22
[293/300] latency=0.15 S2  FR_SAFE_10  seed 43  goal      clr  0.62  t  16.2  inf  96  N 23.7  mpc   6.2 ms  err 0.60
[294/300] latency=0.15 S2  FR_SAFE_10  seed 44  goal      clr  0.71  t  14.5  inf  84  N 24.2  mpc   6.1 ms  err 0.30
[295/300] latency=0.15 S2  FR_SAFE_10  seed 45  goal      clr  0.75  t  15.8  inf  96  N 24.4  mpc   6.1 ms  err 0.45
[296/300] latency=0.15 S2  FR_SAFE_10  seed 46  goal      clr  0.56  t  15.1  inf  89  N 26.1  mpc   6.5 ms  err 0.48
[297/300] latency=0.15 S2  FR_SAFE_10  seed 47  goal      clr  0.53  t  15.2  inf  88  N 24.7  mpc   6.4 ms  err 0.40
[298/300] latency=0.15 S2  FR_SAFE_10  seed 48  goal      clr  0.60  t  17.5  inf 106  N 24.2  mpc   6.0 ms  err 0.27
[299/300] latency=0.15 S2  FR_SAFE_10  seed 49  goal      clr  0.70  t  15.6  inf  97  N 24.4  mpc   6.2 ms  err 0.25
[300/300] latency=0.15 S2  FR_SAFE_10  seed 50  goal      clr  0.51  t  18.6  inf 114  N 25.3  mpc   6.5 ms  err 0.55
