[  1/ 40] S3  E_DART      seed  1  goal      clr  0.63  t  17.9  inf  66  N 25.5  mpc   5.7 ms  err 0.35  xte 1.84  xmax 4.26  off 0.63  nrj 2
[  2/ 40] S3  E_DART      seed  2  goal      clr  0.71  t  16.0  inf  56  N 25.5  mpc   5.9 ms  err 0.33  xte 1.17  xmax 2.14  off 0.74  nrj 3
[  3/ 40] S3  E_DART      seed  3  timeout   clr  0.59  t  40.0  inf 131  N 21.6  mpc   4.8 ms  err 0.61  xte 0.93  xmax 2.72  off 0.38  nrj 2
[  4/ 40] S3  E_DART      seed  4  goal      clr  0.64  t  15.0  inf  56  N 26.4  mpc   5.0 ms  err 0.36  xte 0.47  xmax 1.34  off 0.21  nrj 3
[  5/ 40] S3  E_DART      seed  5  goal      clr  0.51  t  22.2  inf  78  N 23.9  mpc   4.8 ms  err 0.45  xte 1.06  xmax 2.54  off 0.45  nrj 2
[  6/ 40] S3  E_DART      seed  6  goal      clr  0.60  t  15.3  inf  60  N 25.2  mpc   4.7 ms  err 0.28  xte 0.73  xmax 1.37  off 0.52  nrj 3
[  7/ 40] S3  E_DART      seed  7  goal      clr  0.55  t  16.7  inf  67  N 26.2  mpc   5.2 ms  err 0.33  xte 1.94  xmax 4.54  off 0.69  nrj 3
[  8/ 40] S3  E_DART      seed  8  goal      clr  0.69  t  20.9  inf  79  N 24.9  mpc   4.9 ms  err 0.26  xte 0.63  xmax 1.68  off 0.38  nrj 3
[  9/ 40] S3  E_DART      seed  9  goal      clr  0.59  t  18.0  inf  66  N 26.7  mpc   5.4 ms  err 0.21  xte 1.50  xmax 2.91  off 0.78  nrj 2
[ 10/ 40] S3  E_DART      seed 10  goal      clr  0.46  t  20.3  inf  79  N 26.3  mpc   5.6 ms  err 0.27  xte 0.98  xmax 2.55  off 0.57  nrj 2
[ 11/ 40] S3  O_ORACLE    seed  1  goal      clr  0.64  t  15.4  inf  60  N 26.0  mpc   5.0 ms  err 0.31  xte 0.45  xmax 1.02  off 0.29  nrj 3
[ 12/ 40] S3  O_ORACLE    seed  2  goal      clr  0.68  t  16.6  inf  60  N 25.7  mpc   5.4 ms  err 0.26  xte 1.20  xmax 2.41  off 0.74  nrj 3
[ 13/ 40] S3  O_ORACLE    seed  3  goal      clr  0.60  t  21.7  inf  76  N 25.2  mpc   5.2 ms  err 0.23  xte 1.06  xmax 2.21  off 0.56  nrj 2
[ 14/ 40] S3  O_ORACLE    seed  4  goal      clr  0.66  t  15.4  inf  54  N 26.1  mpc   5.2 ms  err 0.28  xte 1.07  xmax 2.86  off 0.28  nrj 3
[ 15/ 40] S3  O_ORACLE    seed  5  goal      clr  0.59  t  16.9  inf  60  N 26.3  mpc   5.3 ms  err 0.26  xte 1.14  xmax 2.79  off 0.57  nrj 2
[ 16/ 40] S3  O_ORACLE    seed  6  goal      clr  0.60  t  14.9  inf  56  N 25.6  mpc   4.8 ms  err 0.21  xte 0.73  xmax 1.40  off 0.53  nrj 3
[ 17/ 40] S3  O_ORACLE    seed  7  goal      clr  0.62  t  18.2  inf  63  N 25.0  mpc   5.1 ms  err 0.26  xte 1.89  xmax 4.17  off 0.76  nrj 3
[ 18/ 40] S3  O_ORACLE    seed  8  goal      clr  0.55  t  20.9  inf  79  N 24.5  mpc   4.8 ms  err 0.32  xte 0.85  xmax 2.52  off 0.38  nrj 3
[ 19/ 40] S3  O_ORACLE    seed  9  goal      clr  0.38  t  16.9  inf  58  N 25.3  mpc   5.0 ms  err 0.35  xte 1.58  xmax 3.40  off 0.67  nrj 3
[ 20/ 40] S3  O_ORACLE    seed 10  goal      clr  0.70  t  17.1  inf  57  N 25.6  mpc   5.1 ms  err 0.29  xte 0.91  xmax 2.46  off 0.43  nrj 3
[ 21/ 40] S3  R_GOAL      seed  1  goal      clr  0.66  t  18.2  inf  66  N 26.1  mpc   5.3 ms  err 0.35  xte 1.90  xmax 3.96  off 0.70  nrj 0
[ 22/ 40] S3  R_GOAL      seed  2  goal      clr  0.63  t  20.3  inf  77  N 26.0  mpc   5.3 ms  err 0.43  xte 1.79  xmax 3.72  off 0.83  nrj 0
[ 23/ 40] S3  R_GOAL      seed  3  goal      clr  0.40  t  22.9  inf  84  N 24.3  mpc   4.9 ms  err 0.29  xte 1.81  xmax 3.33  off 0.69  nrj 0
[ 24/ 40] S3  R_GOAL      seed  4  goal      clr  0.44  t  18.0  inf  72  N 25.8  mpc   5.3 ms  err 0.30  xte 1.53  xmax 2.97  off 0.76  nrj 0
[ 25/ 40] S3  R_GOAL      seed  5  goal      clr  0.57  t  19.4  inf  74  N 24.0  mpc   4.7 ms  err 0.33  xte 1.66  xmax 3.13  off 0.57  nrj 0
[ 26/ 40] S3  R_GOAL      seed  6  goal      clr  0.68  t  14.6  inf  58  N 25.7  mpc   4.7 ms  err 0.30  xte 0.96  xmax 1.59  off 0.76  nrj 0
[ 27/ 40] S3  R_GOAL      seed  7  goal      clr  0.54  t  15.3  inf  56  N 25.3  mpc   5.0 ms  err 0.37  xte 1.58  xmax 2.88  off 0.80  nrj 0
[ 28/ 40] S3  R_GOAL      seed  8  goal      clr  0.64  t  24.6  inf  85  N 23.2  mpc   4.5 ms  err 0.44  xte 1.03  xmax 2.19  off 0.64  nrj 0
[ 29/ 40] S3  R_GOAL      seed  9  goal      clr  0.40  t  16.5  inf  63  N 26.6  mpc   5.3 ms  err 0.26  xte 1.34  xmax 2.69  off 0.81  nrj 0
[ 30/ 40] S3  R_GOAL      seed 10  goal      clr  0.59  t  16.1  inf  61  N 26.0  mpc   5.1 ms  err 0.27  xte 0.98  xmax 2.32  off 0.46  nrj 0
[ 31/ 40] S3  R_TRACK     seed  1  goal      clr  0.55  t  22.0  inf  79  N 24.8  mpc   5.3 ms  err 0.25  xte 1.14  xmax 2.40  off 0.68  nrj 0
[ 32/ 40] S3  R_TRACK     seed  2  goal      clr  0.49  t  19.9  inf  69  N 24.0  mpc   4.9 ms  err 0.50  xte 1.13  xmax 1.75  off 0.88  nrj 0
[ 33/ 40] S3  R_TRACK     seed  3  goal      clr  0.49  t  23.8  inf 103  N 25.2  mpc   5.3 ms  err 0.39  xte 1.48  xmax 2.93  off 0.67  nrj 0
[ 34/ 40] S3  R_TRACK     seed  4  goal      clr  0.49  t  19.8  inf  88  N 26.5  mpc   5.8 ms  err 0.36  xte 2.35  xmax 4.86  off 0.67  nrj 0
[ 35/ 40] S3  R_TRACK     seed  5  goal      clr  0.40  t  18.5  inf  70  N 26.0  mpc   5.3 ms  err 0.34  xte 0.94  xmax 2.00  off 0.64  nrj 0
[ 36/ 40] S3  R_TRACK     seed  6  goal      clr  0.62  t  15.0  inf  56  N 25.1  mpc   4.7 ms  err 0.27  xte 0.89  xmax 1.50  off 0.74  nrj 0
[ 37/ 40] S3  R_TRACK     seed  7  goal      clr  0.40  t  20.9  inf  73  N 25.2  mpc   5.4 ms  err 0.60  xte 3.39  xmax 8.41  off 0.84  nrj 0
[ 38/ 40] S3  R_TRACK     seed  8  goal      clr  0.56  t  28.5  inf  95  N 22.8  mpc   4.5 ms  err 0.52  xte 2.02  xmax 6.07  off 0.74  nrj 0
[ 39/ 40] S3  R_TRACK     seed  9  goal      clr  0.39  t  22.2  inf  80  N 25.3  mpc   5.3 ms  err 0.24  xte 1.48  xmax 3.22  off 0.75  nrj 0
[ 40/ 40] S3  R_TRACK     seed 10  goal      clr  0.52  t  16.2  inf  67  N 26.0  mpc   5.2 ms  err 0.37  xte 0.53  xmax 1.46  off 0.29  nrj 0
