[  1/ 40] S1  E_DART      seed  1  goal      clr  0.43  t  15.4  inf  85  N 25.9  mpc   7.2 ms  err 0.20  xte 0.50  xmax 1.30  off 0.27  nrj 3
[  2/ 40] S1  E_DART      seed  2  goal      clr  0.61  t  15.7  inf  83  N 25.3  mpc   6.1 ms  err 0.30  xte 0.96  xmax 2.01  off 0.70  nrj 3
[  3/ 40] S1  E_DART      seed  3  goal      clr  0.45  t  17.1  inf 101  N 25.4  mpc   5.6 ms  err 0.41  xte 0.73  xmax 1.61  off 0.49  nrj 3
[  4/ 40] S1  E_DART      seed  4  goal      clr  0.70  t  15.3  inf  68  N 25.2  mpc   5.8 ms  err 0.20  xte 0.49  xmax 1.35  off 0.24  nrj 3
[  5/ 40] S1  E_DART      seed  5  goal      clr  0.42  t  26.3  inf 144  N 25.2  mpc   5.3 ms  err 0.41  xte 1.82  xmax 4.47  off 0.77  nrj 2
[  6/ 40] S1  E_DART      seed  6  goal      clr  0.50  t  14.5  inf  73  N 25.2  mpc   4.6 ms  err 0.32  xte 0.64  xmax 1.31  off 0.46  nrj 3
[  7/ 40] S1  E_DART      seed  7  goal      clr  0.41  t  16.7  inf  94  N 25.4  mpc   5.1 ms  err 0.37  xte 1.27  xmax 2.42  off 0.67  nrj 3
[  8/ 40] S1  E_DART      seed  8  goal      clr  0.52  t  15.3  inf  88  N 26.0  mpc   5.0 ms  err 0.39  xte 0.84  xmax 1.73  off 0.55  nrj 3
[  9/ 40] S1  E_DART      seed  9  goal      clr  0.47  t  16.5  inf  84  N 24.7  mpc   4.9 ms  err 0.27  xte 1.39  xmax 3.27  off 0.55  nrj 3
[ 10/ 40] S1  E_DART      seed 10  goal      clr  0.48  t  15.4  inf  80  N 25.4  mpc   4.9 ms  err 0.21  xte 0.38  xmax 1.30  off 0.14  nrj 3
[ 11/ 40] S1  O_ORACLE    seed  1  goal      clr  0.47  t  14.8  inf  80  N 25.8  mpc   4.9 ms  err 0.17  xte 0.46  xmax 1.17  off 0.27  nrj 3
[ 12/ 40] S1  O_ORACLE    seed  2  goal      clr  0.63  t  15.5  inf  85  N 25.1  mpc   5.0 ms  err 0.25  xte 1.01  xmax 2.11  off 0.69  nrj 3
[ 13/ 40] S1  O_ORACLE    seed  3  goal      clr  0.53  t  21.2  inf  96  N 24.8  mpc   5.2 ms  err 0.28  xte 0.73  xmax 1.69  off 0.48  nrj 3
[ 14/ 40] S1  O_ORACLE    seed  4  goal      clr  0.56  t  15.1  inf  61  N 25.2  mpc   4.7 ms  err 0.13  xte 0.55  xmax 1.58  off 0.23  nrj 3
[ 15/ 40] S1  O_ORACLE    seed  5  goal      clr  0.58  t  17.4  inf  87  N 25.9  mpc   5.2 ms  err 0.38  xte 1.66  xmax 3.91  off 0.60  nrj 2
[ 16/ 40] S1  O_ORACLE    seed  6  goal      clr  0.52  t  14.3  inf  72  N 25.3  mpc   4.6 ms  err 0.29  xte 0.63  xmax 1.31  off 0.45  nrj 3
[ 17/ 40] S1  O_ORACLE    seed  7  goal      clr  0.41  t  15.9  inf  84  N 25.2  mpc   4.9 ms  err 0.27  xte 1.20  xmax 2.69  off 0.57  nrj 3
[ 18/ 40] S1  O_ORACLE    seed  8  goal      clr  0.59  t  20.2  inf  90  N 24.0  mpc   4.6 ms  err 0.18  xte 1.05  xmax 2.83  off 0.46  nrj 3
[ 19/ 40] S1  O_ORACLE    seed  9  goal      clr  0.40  t  16.4  inf  81  N 25.0  mpc   4.9 ms  err 0.28  xte 1.57  xmax 3.68  off 0.56  nrj 3
[ 20/ 40] S1  O_ORACLE    seed 10  goal      clr  0.35  t  15.8  inf  83  N 25.5  mpc   4.9 ms  err 0.24  xte 0.98  xmax 3.03  off 0.33  nrj 3
[ 21/ 40] S1  R_GOAL      seed  1  goal      clr  0.48  t  14.7  inf  85  N 25.7  mpc   5.0 ms  err 0.20  xte 0.59  xmax 1.32  off 0.52  nrj 0
[ 22/ 40] S1  R_GOAL      seed  2  goal      clr  0.64  t  17.6  inf  98  N 25.2  mpc   4.9 ms  err 0.34  xte 1.60  xmax 2.97  off 0.88  nrj 0
[ 23/ 40] S1  R_GOAL      seed  3  goal      clr  0.41  t  23.9  inf 153  N 25.4  mpc   5.5 ms  err 0.41  xte 2.95  xmax 6.38  off 0.82  nrj 0
[ 24/ 40] S1  R_GOAL      seed  4  goal      clr  0.48  t  14.8  inf  71  N 25.3  mpc   4.8 ms  err 0.39  xte 0.51  xmax 1.10  off 0.35  nrj 0
[ 25/ 40] S1  R_GOAL      seed  5  goal      clr  0.58  t  15.7  inf  79  N 25.6  mpc   4.9 ms  err 0.32  xte 1.99  xmax 3.76  off 0.71  nrj 0
[ 26/ 40] S1  R_GOAL      seed  6  goal      clr  0.51  t  14.2  inf  72  N 25.4  mpc   4.6 ms  err 0.25  xte 0.88  xmax 1.44  off 0.79  nrj 0
[ 27/ 40] S1  R_GOAL      seed  7  goal      clr  0.42  t  15.0  inf  78  N 24.9  mpc   4.6 ms  err 0.20  xte 1.37  xmax 2.38  off 0.79  nrj 0
[ 28/ 40] S1  R_GOAL      seed  8  goal      clr  0.59  t  14.6  inf  77  N 25.8  mpc   4.8 ms  err 0.17  xte 1.00  xmax 1.93  off 0.60  nrj 0
[ 29/ 40] S1  R_GOAL      seed  9  goal      clr  0.45  t  14.7  inf  67  N 25.7  mpc   4.8 ms  err 0.36  xte 2.00  xmax 2.85  off 0.88  nrj 0
[ 30/ 40] S1  R_GOAL      seed 10  goal      clr  0.55  t  14.4  inf  75  N 25.3  mpc   4.8 ms  err 0.21  xte 0.95  xmax 2.27  off 0.42  nrj 0
[ 31/ 40] S1  R_TRACK     seed  1  goal      clr  0.60  t  15.2  inf  91  N 25.7  mpc   4.9 ms  err 0.23  xte 0.57  xmax 1.22  off 0.45  nrj 0
[ 32/ 40] S1  R_TRACK     seed  2  goal      clr  0.63  t  17.5  inf  88  N 23.5  mpc   4.6 ms  err 0.38  xte 1.33  xmax 2.68  off 0.91  nrj 0
[ 33/ 40] S1  R_TRACK     seed  3  goal      clr  0.20  t  21.3  inf 120  N 25.8  mpc   5.6 ms  err 0.37  xte 1.30  xmax 3.64  off 0.74  nrj 0
[ 34/ 40] S1  R_TRACK     seed  4  goal      clr  0.52  t  15.0  inf  74  N 25.3  mpc   4.8 ms  err 0.30  xte 0.43  xmax 1.34  off 0.12  nrj 0
[ 35/ 40] S1  R_TRACK     seed  5  goal      clr  0.43  t  22.4  inf 127  N 26.7  mpc   5.8 ms  err 0.39  xte 1.31  xmax 2.47  off 0.66  nrj 0
[ 36/ 40] S1  R_TRACK     seed  6  goal      clr  0.57  t  14.7  inf  68  N 24.6  mpc   4.5 ms  err 0.25  xte 0.79  xmax 1.40  off 0.74  nrj 0
[ 37/ 40] S1  R_TRACK     seed  7  goal      clr  0.42  t  15.8  inf  98  N 25.5  mpc   5.0 ms  err 0.40  xte 1.27  xmax 2.40  off 0.78  nrj 0
[ 38/ 40] S1  R_TRACK     seed  8  goal      clr  0.51  t  20.9  inf  90  N 21.5  mpc   4.0 ms  err 0.46  xte 1.18  xmax 2.61  off 0.75  nrj 0
[ 39/ 40] S1  R_TRACK     seed  9  goal      clr  0.56  t  15.3  inf  81  N 25.5  mpc   4.8 ms  err 0.23  xte 1.13  xmax 2.31  off 0.66  nrj 0
[ 40/ 40] S1  R_TRACK     seed 10  goal      clr  0.33  t  16.9  inf 101  N 25.6  mpc   5.3 ms  err 0.21  xte 0.97  xmax 2.61  off 0.40  nrj 0
