[  1/ 40] S2  E_DART      seed  1  goal      clr  0.76  t  23.1  inf 109  N 23.3  mpc   7.0 ms  err 0.56  xte 5.16  xmax 11.54  off 0.79  nrj 1
[  2/ 40] S2  E_DART      seed  2  goal      clr  0.68  t  14.0  inf  76  N 24.0  mpc   7.7 ms  err 0.80  xte 3.04  xmax 6.40  off 0.75  nrj 1
[  3/ 40] S2  E_DART      seed  3  goal      clr  0.51  t  23.8  inf 126  N 25.2  mpc   8.0 ms  err 0.35  xte 3.45  xmax 7.73  off 0.75  nrj 1
[  4/ 40] S2  E_DART      seed  4  goal      clr  0.62  t  15.5  inf  87  N 25.8  mpc   6.7 ms  err 0.82  xte 4.06  xmax 8.50  off 0.91  nrj 1
[  5/ 40] S2  E_DART      seed  5  goal      clr  0.83  t  18.2  inf  94  N 25.2  mpc   6.7 ms  err 0.89  xte 2.65  xmax 6.12  off 0.78  nrj 1
[  6/ 40] S2  E_DART      seed  6  goal      clr  0.95  t  16.3  inf  81  N 24.7  mpc   6.6 ms  err 0.41  xte 4.75  xmax 8.60  off 0.80  nrj 1
[  7/ 40] S2  E_DART      seed  7  goal      clr  0.69  t  20.7  inf 113  N 24.0  mpc   6.4 ms  err 1.09  xte 4.56  xmax 9.18  off 0.66  nrj 1
[  8/ 40] S2  E_DART      seed  8  goal      clr  0.81  t  19.6  inf 102  N 24.8  mpc   6.8 ms  err 0.82  xte 4.18  xmax 9.92  off 0.67  nrj 2
[  9/ 40] S2  E_DART      seed  9  goal      clr  0.82  t  17.4  inf  80  N 23.3  mpc   5.6 ms  err 1.28  xte 3.11  xmax 5.59  off 0.91  nrj 1
[ 10/ 40] S2  E_DART      seed 10  goal      clr  0.75  t  20.8  inf  72  N 21.7  mpc   5.5 ms  err 0.59  xte 3.71  xmax 8.21  off 0.62  nrj 2
[ 11/ 40] S2  O_ORACLE    seed  1  goal      clr  0.64  t  17.0  inf  67  N 22.8  mpc   5.7 ms  err 0.38  xte 4.71  xmax 9.97  off 0.60  nrj 1
[ 12/ 40] S2  O_ORACLE    seed  2  goal      clr  0.73  t  16.7  inf  58  N 23.7  mpc   6.2 ms  err 0.24  xte 1.20  xmax 3.69  off 0.32  nrj 1
[ 13/ 40] S2  O_ORACLE    seed  3  goal      clr  0.61  t  15.5  inf  96  N 25.6  mpc   7.0 ms  err 0.30  xte 0.99  xmax 2.19  off 0.54  nrj 1
[ 14/ 40] S2  O_ORACLE    seed  4  goal      clr  0.70  t  18.3  inf  99  N 24.8  mpc   6.7 ms  err 0.47  xte 2.36  xmax 5.83  off 0.64  nrj 1
[ 15/ 40] S2  O_ORACLE    seed  5  goal      clr  0.43  t  16.7  inf  94  N 25.2  mpc   6.9 ms  err 0.34  xte 2.87  xmax 5.45  off 0.78  nrj 2
[ 16/ 40] S2  O_ORACLE    seed  6  goal      clr  0.63  t  16.9  inf  78  N 24.3  mpc   6.4 ms  err 0.43  xte 3.50  xmax 7.47  off 0.64  nrj 1
[ 17/ 40] S2  O_ORACLE    seed  7  goal      clr  0.77  t  15.9  inf  74  N 23.6  mpc   6.1 ms  err 0.38  xte 3.36  xmax 6.72  off 0.61  nrj 1
[ 18/ 40] S2  O_ORACLE    seed  8  goal      clr  0.60  t  18.0  inf  70  N 23.6  mpc   6.0 ms  err 0.24  xte 1.11  xmax 2.75  off 0.39  nrj 1
[ 19/ 40] S2  O_ORACLE    seed  9  goal      clr  0.40  t  16.9  inf  97  N 25.7  mpc   6.6 ms  err 0.65  xte 0.93  xmax 1.95  off 0.56  nrj 2
[ 20/ 40] S2  O_ORACLE    seed 10  goal      clr  0.62  t  16.2  inf  85  N 24.5  mpc   6.3 ms  err 0.28  xte 1.61  xmax 2.98  off 0.54  nrj 2
[ 21/ 40] S2  R_GOAL      seed  1  goal      clr  0.49  t  14.7  inf  85  N 25.8  mpc   7.0 ms  err 0.52  xte 3.17  xmax 5.68  off 0.83  nrj 0
[ 22/ 40] S2  R_GOAL      seed  2  goal      clr  0.86  t  14.2  inf  77  N 24.9  mpc   6.1 ms  err 0.58  xte 2.78  xmax 4.56  off 0.78  nrj 0
[ 23/ 40] S2  R_GOAL      seed  3  goal      clr  0.55  t  14.7  inf  75  N 25.7  mpc   6.9 ms  err 0.87  xte 4.61  xmax 8.56  off 0.88  nrj 0
[ 24/ 40] S2  R_GOAL      seed  4  goal      clr  0.74  t  20.6  inf  87  N 21.7  mpc   4.9 ms  err 1.47  xte 4.81  xmax 10.52  off 0.94  nrj 0
[ 25/ 40] S2  R_GOAL      seed  5  goal      clr  0.45  t  25.6  inf 133  N 24.9  mpc   6.7 ms  err 0.58  xte 2.73  xmax 5.96  off 0.72  nrj 0
[ 26/ 40] S2  R_GOAL      seed  6  goal      clr  0.56  t  16.3  inf  68  N 23.9  mpc   5.8 ms  err 0.57  xte 4.17  xmax 6.13  off 0.93  nrj 0
[ 27/ 40] S2  R_GOAL      seed  7  goal      clr  0.71  t  15.2  inf  69  N 23.4  mpc   5.4 ms  err 0.59  xte 3.48  xmax 6.87  off 0.70  nrj 0
[ 28/ 40] S2  R_GOAL      seed  8  goal      clr  0.78  t  14.3  inf  86  N 25.5  mpc   6.3 ms  err 0.48  xte 3.63  xmax 5.93  off 0.78  nrj 0
[ 29/ 40] S2  R_GOAL      seed  9  goal      clr  0.78  t  14.3  inf  60  N 23.5  mpc   5.6 ms  err 0.72  xte 5.67  xmax 10.12  off 0.87  nrj 0
[ 30/ 40] S2  R_GOAL      seed 10  goal      clr  0.70  t  15.6  inf 101  N 25.2  mpc   6.4 ms  err 0.35  xte 1.42  xmax 3.25  off 0.80  nrj 0
[ 31/ 40] S2  R_TRACK     seed  1  goal      clr  0.75  t  16.2  inf  67  N 23.1  mpc   5.5 ms  err 0.36  xte 4.63  xmax 10.73  off 0.58  nrj 0
[ 32/ 40] S2  R_TRACK     seed  2  goal      clr  0.68  t  14.3  inf  84  N 25.0  mpc   6.4 ms  err 0.44  xte 2.03  xmax 3.40  off 0.76  nrj 0
[ 33/ 40] S2  R_TRACK     seed  3  goal      clr  0.35  t  22.6  inf 143  N 25.6  mpc   6.7 ms  err 0.92  xte 1.53  xmax 3.43  off 0.76  nrj 0
[ 34/ 40] S2  R_TRACK     seed  4  goal      clr  0.82  t  18.0  inf  85  N 22.6  mpc   5.4 ms  err 0.61  xte 2.91  xmax 6.71  off 0.91  nrj 0
[ 35/ 40] S2  R_TRACK     seed  5  goal      clr  0.54  t  21.2  inf  98  N 22.5  mpc   5.6 ms  err 0.78  xte 3.93  xmax 8.22  off 0.88  nrj 0
[ 36/ 40] S2  R_TRACK     seed  6  goal      clr  1.09  t  17.3  inf  82  N 23.1  mpc   6.0 ms  err 1.39  xte 5.27  xmax 11.04  off 0.95  nrj 0
[ 37/ 40] S2  R_TRACK     seed  7  goal      clr  0.70  t  24.6  inf 104  N 19.0  mpc   4.5 ms  err 0.69  xte 5.31  xmax 11.00  off 0.84  nrj 0
[ 38/ 40] S2  R_TRACK     seed  8  goal      clr  0.65  t  20.6  inf  85  N 20.2  mpc   4.8 ms  err 0.61  xte 4.79  xmax 10.07  off 0.88  nrj 0
[ 39/ 40] S2  R_TRACK     seed  9  goal      clr  0.71  t  18.3  inf  92  N 22.0  mpc   5.3 ms  err 0.97  xte 3.93  xmax 9.06  off 0.91  nrj 0
[ 40/ 40] S2  R_TRACK     seed 10  goal      clr  0.50  t  20.1  inf  89  N 22.7  mpc   5.6 ms  err 0.26  xte 1.73  xmax 4.70  off 0.47  nrj 0
