[  1/ 70] S1  A_FR_FN   seed  1  goal      clr  0.33  t  13.4  inf 126  N 20.0  mpc   5.2 ms
[  2/ 70] S1  A_FR_FN   seed  2  goal      clr  0.35  t  13.6  inf 126  N 20.0  mpc   4.6 ms
[  3/ 70] S1  A_FR_FN   seed  3  goal      clr  0.41  t  19.6  inf 182  N 20.0  mpc   4.5 ms
[  4/ 70] S1  A_FR_FN   seed  4  goal      clr  0.51  t  13.4  inf 128  N 20.0  mpc   4.2 ms
[  5/ 70] S1  A_FR_FN   seed  5  goal      clr  0.06  t  14.2  inf 129  N 20.0  mpc   4.3 ms
[  6/ 70] S1  A_FR_FN   seed  6  goal      clr  0.41  t  13.5  inf 126  N 20.0  mpc   4.0 ms
[  7/ 70] S1  A_FR_FN   seed  7  goal      clr  0.36  t  13.3  inf 122  N 20.0  mpc   3.9 ms
[  8/ 70] S1  A_FR_FN   seed  8  goal      clr  0.32  t  13.8  inf 130  N 20.0  mpc   4.2 ms
[  9/ 70] S1  A_FR_FN   seed  9  goal      clr  0.43  t  13.6  inf 127  N 20.0  mpc   4.1 ms
[ 10/ 70] S1  A_FR_FN   seed 10  goal      clr  0.40  t  13.6  inf 124  N 20.0  mpc   4.1 ms
[ 11/ 70] S1  B_AP_FN   seed  1  goal      clr  0.38  t  13.4  inf  99  N 20.0  mpc   4.1 ms
[ 12/ 70] S1  B_AP_FN   seed  2  goal      clr  0.44  t  13.6  inf  97  N 20.0  mpc   4.2 ms
[ 13/ 70] S1  B_AP_FN   seed  3  goal      clr  0.31  t  14.2  inf 120  N 20.0  mpc   4.3 ms
[ 14/ 70] S1  B_AP_FN   seed  4  goal      clr  0.47  t  13.5  inf  91  N 20.0  mpc   4.1 ms
[ 15/ 70] S1  B_AP_FN   seed  5  goal      clr  0.29  t  13.8  inf  94  N 20.0  mpc   4.2 ms
[ 16/ 70] S1  B_AP_FN   seed  6  goal      clr  0.45  t  13.4  inf  93  N 20.0  mpc   4.0 ms
[ 17/ 70] S1  B_AP_FN   seed  7  goal      clr  0.35  t  13.3  inf  98  N 20.0  mpc   4.0 ms
[ 18/ 70] S1  B_AP_FN   seed  8  goal      clr  0.35  t  13.7  inf 102  N 20.0  mpc   4.2 ms
[ 19/ 70] S1  B_AP_FN   seed  9  goal      clr  0.36  t  13.5  inf  98  N 20.0  mpc   4.2 ms
[ 20/ 70] S1  B_AP_FN   seed 10  goal      clr  0.31  t  13.6  inf  96  N 20.0  mpc   4.2 ms
[ 21/ 70] S1  C_FR_AN   seed  1  goal      clr  0.36  t  13.7  inf 127  N 25.5  mpc   5.8 ms
[ 22/ 70] S1  C_FR_AN   seed  2  goal      clr  0.34  t  13.7  inf 128  N 24.9  mpc   5.7 ms
[ 23/ 70] S1  C_FR_AN   seed  3  goal      clr  0.41  t  14.4  inf 135  N 25.7  mpc   6.2 ms
[ 24/ 70] S1  C_FR_AN   seed  4  goal      clr  0.51  t  13.6  inf 130  N 25.4  mpc   5.8 ms
[ 25/ 70] S1  C_FR_AN   seed  5  goal      clr  0.04  t  14.0  inf 127  N 25.5  mpc   6.0 ms
[ 26/ 70] S1  C_FR_AN   seed  6  goal      clr  0.47  t  13.7  inf 128  N 24.8  mpc   5.5 ms
[ 27/ 70] S1  C_FR_AN   seed  7  goal      clr  0.34  t  13.5  inf 123  N 25.0  mpc   5.4 ms
[ 28/ 70] S1  C_FR_AN   seed  8  goal      clr  0.43  t  14.1  inf 132  N 25.4  mpc   5.9 ms
[ 29/ 70] S1  C_FR_AN   seed  9  goal      clr  0.40  t  13.8  inf 129  N 25.3  mpc   5.7 ms
[ 30/ 70] S1  C_FR_AN   seed 10  goal      clr  0.43  t  14.0  inf 127  N 25.0  mpc   5.8 ms
[ 31/ 70] S1  D_AP_AN   seed  1  goal      clr  0.36  t  13.6  inf 100  N 25.6  mpc   5.7 ms
[ 32/ 70] S1  D_AP_AN   seed  2  goal      clr  0.36  t  13.7  inf  98  N 25.0  mpc   5.7 ms
[ 33/ 70] S1  D_AP_AN   seed  3  collision clr -0.01  t   4.2  inf  33  N 26.0  mpc   6.7 ms
[ 34/ 70] S1  D_AP_AN   seed  4  goal      clr  0.47  t  13.7  inf  92  N 25.5  mpc   5.8 ms
[ 35/ 70] S1  D_AP_AN   seed  5  goal      clr  0.35  t  13.9  inf  97  N 25.4  mpc   5.9 ms
[ 36/ 70] S1  D_AP_AN   seed  6  goal      clr  0.50  t  13.7  inf  94  N 25.1  mpc   5.6 ms
[ 37/ 70] S1  D_AP_AN   seed  7  goal      clr  0.33  t  13.5  inf  97  N 25.2  mpc   5.6 ms
[ 38/ 70] S1  D_AP_AN   seed  8  goal      clr  0.29  t  13.9  inf 106  N 25.8  mpc   6.0 ms
[ 39/ 70] S1  D_AP_AN   seed  9  goal      clr  0.46  t  14.0  inf 103  N 25.6  mpc   6.0 ms
[ 40/ 70] S1  D_AP_AN   seed 10  goal      clr  0.35  t  13.8  inf 101  N 25.2  mpc   5.8 ms
[ 41/ 70] S1  E_DART    seed  1  goal      clr  0.55  t  15.4  inf 112  N 25.6  mpc   6.7 ms
[ 42/ 70] S1  E_DART    seed  2  goal      clr  0.66  t  18.0  inf 120  N 26.0  mpc   7.1 ms
[ 43/ 70] S1  E_DART    seed  3  goal      clr  0.47  t  18.1  inf 120  N 25.6  mpc   7.1 ms
[ 44/ 70] S1  E_DART    seed  4  goal      clr  0.49  t  17.2  inf 118  N 25.7  mpc   7.0 ms
[ 45/ 70] S1  E_DART    seed  5  goal      clr  0.69  t  18.7  inf 117  N 25.4  mpc   6.9 ms
[ 46/ 70] S1  E_DART    seed  6  goal      clr  0.61  t  15.6  inf 104  N 25.6  mpc   6.8 ms
[ 47/ 70] S1  E_DART    seed  7  goal      clr  0.59  t  26.4  inf 153  N 23.5  mpc   6.5 ms
[ 48/ 70] S1  E_DART    seed  8  goal      clr  0.68  t  17.0  inf 113  N 25.7  mpc   7.1 ms
[ 49/ 70] S1  E_DART    seed  9  goal      clr  0.64  t  14.6  inf  93  N 25.2  mpc   6.8 ms
[ 50/ 70] S1  E_DART    seed 10  goal      clr  0.64  t  15.5  inf 110  N 24.9  mpc   7.0 ms
[ 51/ 70] S1  F_NODELAY seed  1  goal      clr  0.27  t  24.0  inf 176  N 26.4  mpc   8.1 ms
[ 52/ 70] S1  F_NODELAY seed  2  collision clr -0.01  t  19.3  inf 173  N 24.8  mpc   8.3 ms
[ 53/ 70] S1  F_NODELAY seed  3  collision clr -0.02  t  20.9  inf 187  N 27.4  mpc   9.2 ms
[ 54/ 70] S1  F_NODELAY seed  4  goal      clr  0.12  t  32.8  inf 301  N 26.1  mpc   8.8 ms
[ 55/ 70] S1  F_NODELAY seed  5  goal      clr  0.20  t  29.8  inf 239  N 26.2  mpc   8.5 ms
[ 56/ 70] S1  F_NODELAY seed  6  goal      clr  0.45  t  24.6  inf 205  N 26.2  mpc   8.1 ms
[ 57/ 70] S1  F_NODELAY seed  7  goal      clr  0.30  t  16.7  inf 132  N 25.3  mpc   7.2 ms
[ 58/ 70] S1  F_NODELAY seed  8  goal      clr  0.30  t  36.6  inf 250  N 24.9  mpc   7.5 ms
[ 59/ 70] S1  F_NODELAY seed  9  goal      clr  0.15  t  16.9  inf 131  N 25.1  mpc   7.0 ms
[ 60/ 70] S1  F_NODELAY seed 10  goal      clr  0.23  t  26.2  inf 216  N 25.5  mpc   7.9 ms
[ 61/ 70] S1  G_FR_LOW  seed  1  goal      clr  0.58  t  20.2  inf  60  N 25.7  mpc   7.6 ms
[ 62/ 70] S1  G_FR_LOW  seed  2  goal      clr  0.64  t  16.8  inf  50  N 26.0  mpc   7.2 ms
[ 63/ 70] S1  G_FR_LOW  seed  3  goal      clr  0.44  t  23.7  inf  70  N 25.0  mpc   7.5 ms
[ 64/ 70] S1  G_FR_LOW  seed  4  goal      clr  0.55  t  19.8  inf  59  N 26.5  mpc   7.8 ms
[ 65/ 70] S1  G_FR_LOW  seed  5  goal      clr  0.86  t  15.4  inf  46  N 25.5  mpc   6.9 ms
[ 66/ 70] S1  G_FR_LOW  seed  6  goal      clr  0.67  t  16.8  inf  50  N 24.7  mpc   6.6 ms
[ 67/ 70] S1  G_FR_LOW  seed  7  goal      clr  0.61  t  16.2  inf  48  N 25.3  mpc   6.8 ms
[ 68/ 70] S1  G_FR_LOW  seed  8  goal      clr  0.77  t  16.7  inf  50  N 25.6  mpc   7.0 ms
[ 69/ 70] S1  G_FR_LOW  seed  9  goal      clr  0.64  t  16.1  inf  48  N 25.3  mpc   6.7 ms
[ 70/ 70] S1  G_FR_LOW  seed 10  goal      clr  0.73  t  15.9  inf  47  N 25.2  mpc   7.0 ms
[  1/ 70] S2  A_FR_FN   seed  1  goal      clr  0.06  t  17.6  inf 162  N 20.0  mpc   5.0 ms
[  2/ 70] S2  A_FR_FN   seed  2  goal      clr  0.41  t  19.2  inf 178  N 20.0  mpc   4.7 ms
[  3/ 70] S2  A_FR_FN   seed  3  goal      clr  0.18  t  16.8  inf 158  N 20.0  mpc   4.4 ms
[  4/ 70] S2  A_FR_FN   seed  4  goal      clr  0.46  t  15.1  inf 143  N 20.0  mpc   4.2 ms
[  5/ 70] S2  A_FR_FN   seed  5  collision clr -0.00  t  15.4  inf 140  N 20.0  mpc   4.4 ms
[  6/ 70] S2  A_FR_FN   seed  6  goal      clr  0.39  t  18.0  inf 167  N 20.0  mpc   4.2 ms
[  7/ 70] S2  A_FR_FN   seed  7  goal      clr  0.16  t  15.7  inf 144  N 20.0  mpc   4.3 ms
[  8/ 70] S2  A_FR_FN   seed  8  goal      clr  0.43  t  15.8  inf 149  N 20.0  mpc   4.2 ms
[  9/ 70] S2  A_FR_FN   seed  9  goal      clr  0.37  t  15.0  inf 141  N 20.0  mpc   4.2 ms
[ 10/ 70] S2  A_FR_FN   seed 10  goal      clr  0.29  t  15.9  inf 145  N 20.0  mpc   4.1 ms
[ 11/ 70] S2  B_AP_FN   seed  1  goal      clr  0.31  t  18.5  inf 111  N 20.0  mpc   4.3 ms
[ 12/ 70] S2  B_AP_FN   seed  2  goal      clr  0.45  t  13.7  inf  94  N 20.0  mpc   4.1 ms
[ 13/ 70] S2  B_AP_FN   seed  3  goal      clr  0.47  t  14.2  inf 111  N 20.0  mpc   4.1 ms
[ 14/ 70] S2  B_AP_FN   seed  4  goal      clr  0.48  t  15.0  inf 120  N 20.0  mpc   4.2 ms
[ 15/ 70] S2  B_AP_FN   seed  5  goal      clr  0.48  t  19.8  inf 142  N 20.0  mpc   4.5 ms
[ 16/ 70] S2  B_AP_FN   seed  6  goal      clr  0.51  t  15.4  inf 115  N 20.0  mpc   4.1 ms
[ 17/ 70] S2  B_AP_FN   seed  7  goal      clr  0.39  t  16.2  inf 125  N 20.0  mpc   4.1 ms
[ 18/ 70] S2  B_AP_FN   seed  8  goal      clr  0.44  t  15.8  inf 112  N 20.0  mpc   4.2 ms
[ 19/ 70] S2  B_AP_FN   seed  9  goal      clr  0.25  t  18.4  inf 129  N 20.0  mpc   4.3 ms
[ 20/ 70] S2  B_AP_FN   seed 10  goal      clr  0.25  t  15.8  inf 113  N 20.0  mpc   4.2 ms
[ 21/ 70] S2  C_FR_AN   seed  1  goal      clr  0.10  t  15.6  inf 145  N 25.1  mpc   6.0 ms
[ 22/ 70] S2  C_FR_AN   seed  2  goal      clr  0.28  t  16.8  inf 156  N 25.3  mpc   6.1 ms
[ 23/ 70] S2  C_FR_AN   seed  3  collision clr -0.00  t  15.6  inf 147  N 28.0  mpc   7.2 ms
[ 24/ 70] S2  C_FR_AN   seed  4  goal      clr  0.46  t  15.0  inf 142  N 25.5  mpc   5.8 ms
[ 25/ 70] S2  C_FR_AN   seed  5  goal      clr  0.10  t  15.5  inf 141  N 25.4  mpc   6.0 ms
[ 26/ 70] S2  C_FR_AN   seed  6  goal      clr  0.41  t  15.6  inf 145  N 24.8  mpc   5.8 ms
[ 27/ 70] S2  C_FR_AN   seed  7  collision clr -0.02  t   5.2  inf  49  N 25.8  mpc   6.4 ms
[ 28/ 70] S2  C_FR_AN   seed  8  goal      clr  0.39  t  16.8  inf 159  N 25.4  mpc   6.0 ms
[ 29/ 70] S2  C_FR_AN   seed  9  goal      clr  0.30  t  14.3  inf 134  N 25.2  mpc   5.8 ms
[ 30/ 70] S2  C_FR_AN   seed 10  goal      clr  0.18  t  15.1  inf 138  N 24.8  mpc   5.8 ms
[ 31/ 70] S2  D_AP_AN   seed  1  goal      clr  0.42  t  19.8  inf 116  N 23.1  mpc   5.3 ms
[ 32/ 70] S2  D_AP_AN   seed  2  collision clr -0.00  t   5.8  inf  50  N 26.6  mpc   7.2 ms
[ 33/ 70] S2  D_AP_AN   seed  3  goal      clr  0.41  t  15.3  inf 114  N 25.2  mpc   5.9 ms
[ 34/ 70] S2  D_AP_AN   seed  4  goal      clr  0.49  t  15.2  inf 111  N 26.0  mpc   5.9 ms
[ 35/ 70] S2  D_AP_AN   seed  5  collision clr -0.01  t  11.9  inf  93  N 27.5  mpc   6.8 ms
[ 36/ 70] S2  D_AP_AN   seed  6  goal      clr  0.34  t  19.4  inf 136  N 22.8  mpc   5.5 ms
[ 37/ 70] S2  D_AP_AN   seed  7  goal      clr  0.29  t  14.5  inf  94  N 24.8  mpc   5.8 ms
[ 38/ 70] S2  D_AP_AN   seed  8  goal      clr  0.42  t  14.3  inf 106  N 25.1  mpc   5.6 ms
[ 39/ 70] S2  D_AP_AN   seed  9  goal      clr  0.45  t  15.6  inf 115  N 25.4  mpc   5.8 ms
[ 40/ 70] S2  D_AP_AN   seed 10  goal      clr  0.15  t  13.5  inf 104  N 25.2  mpc   6.1 ms
[ 41/ 70] S2  E_DART    seed  1  goal      clr  0.55  t  19.8  inf 124  N 22.4  mpc   6.0 ms
[ 42/ 70] S2  E_DART    seed  2  goal      clr  0.62  t  20.1  inf 146  N 24.6  mpc   6.9 ms
[ 43/ 70] S2  E_DART    seed  3  goal      clr  0.55  t  16.6  inf 127  N 25.5  mpc   7.1 ms
[ 44/ 70] S2  E_DART    seed  4  goal      clr  0.84  t  15.6  inf 110  N 25.5  mpc   6.5 ms
[ 45/ 70] S2  E_DART    seed  5  goal      clr  0.99  t  17.8  inf  91  N 21.6  mpc   5.1 ms
[ 46/ 70] S2  E_DART    seed  6  goal      clr  0.71  t  15.9  inf 116  N 25.2  mpc   6.5 ms
[ 47/ 70] S2  E_DART    seed  7  goal      clr  0.77  t  22.0  inf 150  N 23.4  mpc   6.2 ms
[ 48/ 70] S2  E_DART    seed  8  goal      clr  0.86  t  15.2  inf 112  N 24.6  mpc   6.5 ms
[ 49/ 70] S2  E_DART    seed  9  goal      clr  0.56  t  17.7  inf 128  N 25.6  mpc   6.8 ms
[ 50/ 70] S2  E_DART    seed 10  goal      clr  0.35  t  26.2  inf 176  N 22.1  mpc   6.1 ms
[ 51/ 70] S2  F_NODELAY seed  1  goal      clr  0.69  t  23.1  inf 181  N 23.6  mpc   6.7 ms
[ 52/ 70] S2  F_NODELAY seed  2  goal      clr  1.16  t  27.6  inf 205  N 22.6  mpc   6.4 ms
[ 53/ 70] S2  F_NODELAY seed  3  goal      clr  0.90  t  19.4  inf 147  N 23.1  mpc   6.3 ms
[ 54/ 70] S2  F_NODELAY seed  4  collision clr -0.00  t   3.2  inf  28  N 25.7  mpc   7.8 ms
[ 55/ 70] S2  F_NODELAY seed  5  goal      clr  0.15  t  17.2  inf 111  N 23.2  mpc   6.0 ms
[ 56/ 70] S2  F_NODELAY seed  6  goal      clr  0.70  t  26.0  inf 161  N 19.5  mpc   4.3 ms
[ 57/ 70] S2  F_NODELAY seed  7  goal      clr  0.79  t  16.4  inf  96  N 21.9  mpc   5.4 ms
[ 58/ 70] S2  F_NODELAY seed  8  goal      clr  1.25  t  14.6  inf 105  N 24.5  mpc   6.1 ms
[ 59/ 70] S2  F_NODELAY seed  9  goal      clr  0.85  t  17.6  inf 129  N 23.1  mpc   5.8 ms
[ 60/ 70] S2  F_NODELAY seed 10  goal      clr  0.29  t  26.9  inf 199  N 22.3  mpc   6.4 ms
[ 61/ 70] S2  G_FR_LOW  seed  1  goal      clr  1.03  t  17.5  inf  52  N 21.7  mpc   5.4 ms
[ 62/ 70] S2  G_FR_LOW  seed  2  goal      clr  1.26  t  14.7  inf  44  N 24.7  mpc   6.5 ms
[ 63/ 70] S2  G_FR_LOW  seed  3  goal      clr  0.85  t  18.3  inf  54  N 24.2  mpc   6.6 ms
[ 64/ 70] S2  G_FR_LOW  seed  4  goal      clr  1.18  t  18.4  inf  55  N 22.7  mpc   5.5 ms
[ 65/ 70] S2  G_FR_LOW  seed  5  goal      clr  0.65  t  18.6  inf  55  N 25.7  mpc   7.1 ms
[ 66/ 70] S2  G_FR_LOW  seed  6  goal      clr  0.53  t  16.2  inf  48  N 22.3  mpc   5.7 ms
[ 67/ 70] S2  G_FR_LOW  seed  7  goal      clr  1.42  t  20.4  inf  60  N 20.9  mpc   5.2 ms
[ 68/ 70] S2  G_FR_LOW  seed  8  goal      clr  0.66  t  14.9  inf  44  N 25.2  mpc   6.5 ms
[ 69/ 70] S2  G_FR_LOW  seed  9  goal      clr  0.55  t  16.9  inf  50  N 25.1  mpc   6.9 ms
[ 70/ 70] S2  G_FR_LOW  seed 10  goal      clr  0.95  t  21.7  inf  64  N 22.1  mpc   5.7 ms
[  1/ 70] S3  A_FR_FN   seed  1  goal      clr  0.36  t  13.5  inf  75  N 20.0  mpc   5.0 ms
[  2/ 70] S3  A_FR_FN   seed  2  goal      clr  0.39  t  13.5  inf  76  N 20.0  mpc   4.6 ms
[  3/ 70] S3  A_FR_FN   seed  3  goal      clr  0.34  t  14.8  inf  84  N 20.0  mpc   4.4 ms
[  4/ 70] S3  A_FR_FN   seed  4  goal      clr  0.42  t  13.6  inf  78  N 20.0  mpc   4.4 ms
[  5/ 70] S3  A_FR_FN   seed  5  goal      clr  0.50  t  17.4  inf  90  N 20.0  mpc   4.5 ms
[  6/ 70] S3  A_FR_FN   seed  6  goal      clr  0.49  t  13.5  inf  73  N 20.0  mpc   4.1 ms
[  7/ 70] S3  A_FR_FN   seed  7  goal      clr  0.47  t  13.3  inf  74  N 20.0  mpc   4.0 ms
[  8/ 70] S3  A_FR_FN   seed  8  goal      clr  0.38  t  14.0  inf  80  N 20.0  mpc   4.2 ms
[  9/ 70] S3  A_FR_FN   seed  9  goal      clr  0.20  t  13.4  inf  75  N 20.0  mpc   4.2 ms
[ 10/ 70] S3  A_FR_FN   seed 10  goal      clr  0.27  t  13.7  inf  76  N 20.0  mpc   4.1 ms
[ 11/ 70] S3  B_AP_FN   seed  1  goal      clr  0.41  t  13.5  inf  64  N 20.0  mpc   4.1 ms
[ 12/ 70] S3  B_AP_FN   seed  2  goal      clr  0.42  t  13.6  inf  65  N 20.0  mpc   4.2 ms
[ 13/ 70] S3  B_AP_FN   seed  3  goal      clr  0.34  t  14.8  inf  74  N 20.0  mpc   4.5 ms
[ 14/ 70] S3  B_AP_FN   seed  4  goal      clr  0.42  t  13.6  inf  65  N 20.0  mpc   4.2 ms
[ 15/ 70] S3  B_AP_FN   seed  5  goal      clr  0.50  t  17.4  inf  80  N 20.0  mpc   4.4 ms
[ 16/ 70] S3  B_AP_FN   seed  6  goal      clr  0.49  t  13.5  inf  64  N 20.0  mpc   4.0 ms
[ 17/ 70] S3  B_AP_FN   seed  7  goal      clr  0.47  t  13.3  inf  64  N 20.0  mpc   4.0 ms
[ 18/ 70] S3  B_AP_FN   seed  8  goal      clr  0.37  t  13.8  inf  66  N 20.0  mpc   4.2 ms
[ 19/ 70] S3  B_AP_FN   seed  9  goal      clr  0.21  t  13.6  inf  66  N 20.0  mpc   4.1 ms
[ 20/ 70] S3  B_AP_FN   seed 10  goal      clr  0.27  t  13.7  inf  69  N 20.0  mpc   4.1 ms
[ 21/ 70] S3  C_FR_AN   seed  1  goal      clr  0.40  t  13.7  inf  76  N 25.7  mpc   5.9 ms
[ 22/ 70] S3  C_FR_AN   seed  2  goal      clr  0.47  t  13.8  inf  78  N 25.4  mpc   6.0 ms
[ 23/ 70] S3  C_FR_AN   seed  3  goal      clr  0.32  t  15.2  inf  87  N 26.3  mpc   6.4 ms
[ 24/ 70] S3  C_FR_AN   seed  4  goal      clr  0.52  t  13.8  inf  79  N 25.7  mpc   5.9 ms
[ 25/ 70] S3  C_FR_AN   seed  5  goal      clr  0.49  t  14.3  inf  74  N 25.4  mpc   6.1 ms
[ 26/ 70] S3  C_FR_AN   seed  6  goal      clr  0.49  t  13.7  inf  74  N 25.4  mpc   5.7 ms
[ 27/ 70] S3  C_FR_AN   seed  7  goal      clr  0.46  t  13.5  inf  75  N 25.5  mpc   5.7 ms
[ 28/ 70] S3  C_FR_AN   seed  8  goal      clr  0.33  t  13.8  inf  79  N 25.8  mpc   5.9 ms
[ 29/ 70] S3  C_FR_AN   seed  9  goal      clr  0.35  t  13.8  inf  78  N 26.0  mpc   6.1 ms
[ 30/ 70] S3  C_FR_AN   seed 10  goal      clr  0.28  t  13.6  inf  76  N 25.3  mpc   5.7 ms
[ 31/ 70] S3  D_AP_AN   seed  1  goal      clr  0.44  t  13.8  inf  67  N 25.9  mpc   5.8 ms
[ 32/ 70] S3  D_AP_AN   seed  2  goal      clr  0.31  t  13.6  inf  66  N 25.5  mpc   5.9 ms
[ 33/ 70] S3  D_AP_AN   seed  3  goal      clr  0.31  t  14.5  inf  72  N 26.0  mpc   6.3 ms
[ 34/ 70] S3  D_AP_AN   seed  4  goal      clr  0.47  t  13.7  inf  65  N 25.9  mpc   6.2 ms
[ 35/ 70] S3  D_AP_AN   seed  5  goal      clr  0.49  t  14.3  inf  65  N 25.4  mpc   6.1 ms
[ 36/ 70] S3  D_AP_AN   seed  6  goal      clr  0.56  t  13.7  inf  65  N 25.5  mpc   5.8 ms
[ 37/ 70] S3  D_AP_AN   seed  7  goal      clr  0.46  t  13.5  inf  64  N 25.4  mpc   5.7 ms
[ 38/ 70] S3  D_AP_AN   seed  8  goal      clr  0.29  t  14.0  inf  68  N 25.7  mpc   6.1 ms
[ 39/ 70] S3  D_AP_AN   seed  9  goal      clr  0.37  t  13.7  inf  68  N 26.2  mpc   6.2 ms
[ 40/ 70] S3  D_AP_AN   seed 10  goal      clr  0.28  t  13.7  inf  68  N 25.3  mpc   5.8 ms
[ 41/ 70] S3  E_DART    seed  1  goal      clr  0.69  t  17.9  inf  83  N 26.0  mpc   7.8 ms
[ 42/ 70] S3  E_DART    seed  2  goal      clr  0.44  t  20.1  inf  95  N 25.7  mpc   7.8 ms
[ 43/ 70] S3  E_DART    seed  3  goal      clr  0.61  t  25.0  inf 112  N 23.6  mpc   6.6 ms
[ 44/ 70] S3  E_DART    seed  4  goal      clr  0.65  t  18.7  inf  94  N 26.4  mpc   7.6 ms
[ 45/ 70] S3  E_DART    seed  5  goal      clr  0.87  t  17.4  inf  76  N 25.1  mpc   6.6 ms
[ 46/ 70] S3  E_DART    seed  6  goal      clr  0.66  t  16.4  inf  79  N 26.0  mpc   7.0 ms
[ 47/ 70] S3  E_DART    seed  7  goal      clr  0.37  t  24.4  inf 120  N 25.6  mpc   7.5 ms
[ 48/ 70] S3  E_DART    seed  8  timeout   clr  0.65  t  40.0  inf 168  N 22.7  mpc   6.3 ms
[ 49/ 70] S3  E_DART    seed  9  goal      clr  0.55  t  15.7  inf  78  N 25.3  mpc   6.7 ms
[ 50/ 70] S3  E_DART    seed 10  goal      clr  0.73  t  17.3  inf  83  N 26.2  mpc   7.4 ms
[ 51/ 70] S3  F_NODELAY seed  1  goal      clr  0.58  t  37.3  inf 189  N 23.2  mpc   6.7 ms
[ 52/ 70] S3  F_NODELAY seed  2  goal      clr  0.09  t  20.9  inf 101  N 25.9  mpc   7.7 ms
[ 53/ 70] S3  F_NODELAY seed  3  collision clr -0.01  t   3.3  inf  17  N 25.1  mpc   8.7 ms
[ 54/ 70] S3  F_NODELAY seed  4  collision clr -0.00  t   6.1  inf  33  N 27.3  mpc   9.5 ms
[ 55/ 70] S3  F_NODELAY seed  5  collision clr -0.01  t  21.6  inf 112  N 23.2  mpc   7.2 ms
[ 56/ 70] S3  F_NODELAY seed  6  goal      clr  0.48  t  18.8  inf  85  N 25.6  mpc   6.8 ms
[ 57/ 70] S3  F_NODELAY seed  7  goal      clr  0.14  t  39.4  inf 206  N 24.2  mpc   7.2 ms
[ 58/ 70] S3  F_NODELAY seed  8  collision clr -0.01  t  16.4  inf  93  N 26.5  mpc   8.2 ms
[ 59/ 70] S3  F_NODELAY seed  9  goal      clr  0.06  t  19.4  inf  99  N 26.9  mpc   7.8 ms
[ 60/ 70] S3  F_NODELAY seed 10  timeout   clr  0.19  t  40.0  inf 212  N 22.8  mpc   6.6 ms
[ 61/ 70] S3  G_FR_LOW  seed  1  timeout   clr  0.42  t  40.0  inf 118  N 22.8  mpc   6.5 ms
[ 62/ 70] S3  G_FR_LOW  seed  2  goal      clr  0.72  t  17.3  inf  51  N 25.6  mpc   7.0 ms
[ 63/ 70] S3  G_FR_LOW  seed  3  timeout   clr  0.50  t  40.0  inf 118  N 22.7  mpc   6.8 ms
[ 64/ 70] S3  G_FR_LOW  seed  4  goal      clr  0.71  t  18.3  inf  54  N 27.9  mpc   8.1 ms
[ 65/ 70] S3  G_FR_LOW  seed  5  goal      clr  0.50  t  24.9  inf  74  N 27.3  mpc   8.7 ms
[ 66/ 70] S3  G_FR_LOW  seed  6  goal      clr  0.55  t  16.9  inf  50  N 26.5  mpc   7.3 ms
[ 67/ 70] S3  G_FR_LOW  seed  7  goal      clr  0.75  t  15.9  inf  47  N 25.9  mpc   7.3 ms
[ 68/ 70] S3  G_FR_LOW  seed  8  goal      clr  0.73  t  32.5  inf  96  N 21.3  mpc   5.9 ms
[ 69/ 70] S3  G_FR_LOW  seed  9  goal      clr  0.65  t  16.7  inf  49  N 26.1  mpc   6.9 ms
[ 70/ 70] S3  G_FR_LOW  seed 10  goal      clr  0.13  t  33.5  inf  99  N 24.1  mpc   7.2 ms
